> Task :buildSrc:checkKotlinGradlePluginConfigurationErrors SKIPPED
> Task :buildSrc:generateExternalPluginSpecBuilders UP-TO-DATE
> Task :buildSrc:extractPrecompiledScriptPluginPlugins UP-TO-DATE
> Task :buildSrc:compilePluginsBlocks UP-TO-DATE
> Task :buildSrc:generatePrecompiledScriptPluginAccessors UP-TO-DATE
> Task :buildSrc:generateScriptPluginAdapters UP-TO-DATE
> Task :buildSrc:compileKotlin UP-TO-DATE
> Task :buildSrc:compileJava NO-SOURCE
> Task :buildSrc:compileGroovy NO-SOURCE
> Task :buildSrc:pluginDescriptors UP-TO-DATE
> Task :buildSrc:processResources UP-TO-DATE
> Task :buildSrc:classes UP-TO-DATE
> Task :buildSrc:jar UP-TO-DATE

> Configure project :app
-------------------
isMaster: false
gitAvailable: true
allCommitted: true
-------------------

> Task :core:interfaces:preBuild UP-TO-DATE
> Task :core:ui:preBuild UP-TO-DATE
> Task :ui:preBuild UP-TO-DATE
> Task :implementation:preBuild UP-TO-DATE
> Task :core:graph:preBuild UP-TO-DATE
> Task :workflow:preBuild UP-TO-DATE
> Task :core:objects:preBuild UP-TO-DATE
> Task :app:preBuild UP-TO-DATE
> Task :core:nssdk:preBuild UP-TO-DATE
> Task :core:keys:preBuild UP-TO-DATE
> Task :core:utils:preBuild UP-TO-DATE
> Task :core:data:checkKotlinGradlePluginConfigurationErrors SKIPPED
> Task :implementation:preFullDebugBuild UP-TO-DATE
> Task :ui:preFullDebugBuild UP-TO-DATE
> Task :core:graph:preFullDebugBuild UP-TO-DATE
> Task :app:preFullDebugBuild UP-TO-DATE
> Task :workflow:preFullDebugBuild UP-TO-DATE
> Task :core:nssdk:preFullDebugBuild UP-TO-DATE
> Task :core:interfaces:preFullDebugBuild UP-TO-DATE
> Task :core:objects:preFullDebugBuild UP-TO-DATE
> Task :core:keys:preFullDebugBuild UP-TO-DATE
> Task :core:ui:preFullDebugBuild UP-TO-DATE
> Task :core:utils:preFullDebugBuild UP-TO-DATE
> Task :core:data:compileKotlin UP-TO-DATE
> Task :core:data:compileJava NO-SOURCE
> Task :core:data:processResources NO-SOURCE
> Task :core:data:classes UP-TO-DATE
> Task :implementation:generateFullDebugResources
> Task :ui:generateFullDebugResources
> Task :workflow:generateFullDebugResources
> Task :core:data:jar UP-TO-DATE
> Task :core:interfaces:generateFullDebugResources
> Task :core:graph:generateFullDebugResources
> Task :database:impl:preBuild UP-TO-DATE
> Task :core:ui:generateFullDebugResources
> Task :database:impl:preFullDebugBuild UP-TO-DATE
> Task :core:utils:generateFullDebugResources
> Task :core:objects:generateFullDebugResources
> Task :core:keys:generateFullDebugResources
> Task :database:persistence:preBuild UP-TO-DATE
> Task :database:persistence:preFullDebugBuild UP-TO-DATE
> Task :core:nssdk:generateFullDebugResources
> Task :plugins:aps:preBuild UP-TO-DATE
> Task :plugins:aps:preFullDebugBuild UP-TO-DATE
> Task :workflow:packageFullDebugResources
> Task :core:graph:packageFullDebugResources
> Task :core:utils:packageFullDebugResources
> Task :plugins:automation:preBuild UP-TO-DATE
> Task :plugins:automation:preFullDebugBuild UP-TO-DATE
> Task :core:objects:packageFullDebugResources
> Task :plugins:configuration:preBuild UP-TO-DATE
> Task :plugins:configuration:preFullDebugBuild UP-TO-DATE
> Task :core:nssdk:packageFullDebugResources
> Task :plugins:constraints:preBuild UP-TO-DATE
> Task :plugins:constraints:preFullDebugBuild UP-TO-DATE
> Task :database:persistence:generateFullDebugResources
> Task :database:impl:generateFullDebugResources
> Task :database:persistence:packageFullDebugResources
> Task :plugins:eversense:preBuild UP-TO-DATE
> Task :plugins:eversense:preFullDebugBuild UP-TO-DATE
> Task :plugins:aps:generateFullDebugResources
> Task :plugins:constraints:generateFullDebugResources
> Task :database:impl:packageFullDebugResources
> Task :plugins:main:preBuild UP-TO-DATE
> Task :plugins:main:preFullDebugBuild UP-TO-DATE
> Task :plugins:automation:generateFullDebugResources
> Task :plugins:configuration:generateFullDebugResources
> Task :plugins:sensitivity:preBuild UP-TO-DATE
> Task :plugins:sensitivity:preFullDebugBuild UP-TO-DATE
> Task :plugins:eversense:generateFullDebugResources
> Task :plugins:smoothing:preBuild UP-TO-DATE
> Task :plugins:smoothing:preFullDebugBuild UP-TO-DATE
> Task :plugins:main:generateFullDebugResources
> Task :plugins:source:preBuild UP-TO-DATE
> Task :plugins:source:preFullDebugBuild UP-TO-DATE
> Task :plugins:sensitivity:generateFullDebugResources
> Task :plugins:sync:preBuild UP-TO-DATE
> Task :plugins:sync:preFullDebugBuild UP-TO-DATE
> Task :plugins:smoothing:generateFullDebugResources
> Task :pump:combov2:preBuild UP-TO-DATE
> Task :pump:combov2:preFullDebugBuild UP-TO-DATE
> Task :plugins:source:generateFullDebugResources
> Task :pump:common:preBuild UP-TO-DATE
> Task :pump:common:preFullDebugBuild UP-TO-DATE
> Task :pump:combov2:generateFullDebugResources
> Task :pump:dana:preBuild UP-TO-DATE
> Task :pump:dana:preFullDebugBuild UP-TO-DATE
> Task :plugins:sync:generateFullDebugResources
> Task :pump:danar:preBuild UP-TO-DATE
> Task :pump:danar:preFullDebugBuild UP-TO-DATE
> Task :pump:dana:generateFullDebugResources
> Task :pump:danar-emulator:preBuild UP-TO-DATE
> Task :pump:danar-emulator:preFullDebugBuild UP-TO-DATE
> Task :implementation:packageFullDebugResources
> Task :pump:common:generateFullDebugResources
> Task :pump:danars:preBuild UP-TO-DATE
> Task :pump:danars:preFullDebugBuild UP-TO-DATE
> Task :pump:danar:generateFullDebugResources
> Task :pump:danars-emulator:preBuild UP-TO-DATE
> Task :pump:danars-emulator:preFullDebugBuild UP-TO-DATE
> Task :core:interfaces:packageFullDebugResources
> Task :core:keys:packageFullDebugResources
> Task :plugins:eversense:packageFullDebugResources
> Task :pump:danar-emulator:generateFullDebugResources
> Task :pump:diaconn:preBuild UP-TO-DATE
> Task :pump:diaconn:preFullDebugBuild UP-TO-DATE
> Task :pump:danars:generateFullDebugResources
> Task :pump:eopatch:preBuild UP-TO-DATE
> Task :pump:eopatch:preFullDebugBuild UP-TO-DATE
> Task :pump:danars-emulator:generateFullDebugResources
> Task :pump:equil:preBuild UP-TO-DATE
> Task :pump:equil:preFullDebugBuild UP-TO-DATE
> Task :pump:diaconn:generateFullDebugResources
> Task :pump:equil-emulator:preBuild UP-TO-DATE
> Task :pump:equil-emulator:preFullDebugBuild UP-TO-DATE
> Task :pump:eopatch:generateFullDebugResources
> Task :pump:insight:preBuild UP-TO-DATE
> Task :pump:insight:preFullDebugBuild UP-TO-DATE
> Task :pump:equil:generateFullDebugResources
> Task :pump:medtronic:preBuild UP-TO-DATE
> Task :pump:medtronic:preFullDebugBuild UP-TO-DATE
> Task :pump:equil-emulator:generateFullDebugResources
> Task :pump:medtrum:preBuild UP-TO-DATE
> Task :pump:medtrum:preFullDebugBuild UP-TO-DATE
> Task :pump:insight:generateFullDebugResources
> Task :pump:rileylink:preBuild UP-TO-DATE
> Task :pump:rileylink:preFullDebugBuild UP-TO-DATE
> Task :pump:medtronic:generateFullDebugResources
> Task :pump:virtual:preBuild UP-TO-DATE
> Task :pump:virtual:preFullDebugBuild UP-TO-DATE
> Task :pump:medtrum:generateFullDebugResources
> Task :shared:impl:preBuild UP-TO-DATE
> Task :shared:impl:preFullDebugBuild UP-TO-DATE
> Task :plugins:main:packageFullDebugResources
> Task :plugins:sensitivity:packageFullDebugResources
> Task :shared:impl:generateFullDebugResources
> Task :pump:combov2:comboctl:preBuild UP-TO-DATE
> Task :pump:combov2:comboctl:preFullDebugBuild UP-TO-DATE
> Task :pump:rileylink:generateFullDebugResources
> Task :pump:omnipod:common:preBuild UP-TO-DATE
> Task :pump:omnipod:common:preFullDebugBuild UP-TO-DATE
> Task :pump:virtual:generateFullDebugResources
> Task :pump:omnipod:dash:preBuild UP-TO-DATE
> Task :pump:omnipod:dash:preFullDebugBuild UP-TO-DATE
> Task :plugins:aps:packageFullDebugResources
> Task :plugins:configuration:packageFullDebugResources
> Task :pump:combov2:comboctl:generateFullDebugResources
> Task :pump:omnipod:eros:preBuild UP-TO-DATE
> Task :pump:omnipod:eros:preFullDebugBuild UP-TO-DATE
> Task :pump:omnipod:common:generateFullDebugResources
> Task :implementation:processFullDebugNavigationResources
> Task :pump:omnipod:dash:generateFullDebugResources
> Task :core:graph:processFullDebugNavigationResources
> Task :workflow:processFullDebugNavigationResources
> Task :core:interfaces:processFullDebugNavigationResources
> Task :core:keys:processFullDebugNavigationResources
> Task :core:objects:processFullDebugNavigationResources
> Task :core:nssdk:processFullDebugNavigationResources
> Task :database:impl:processFullDebugNavigationResources
> Task :core:utils:processFullDebugNavigationResources
> Task :plugins:automation:packageFullDebugResources
> Task :database:persistence:processFullDebugNavigationResources
> Task :plugins:aps:processFullDebugNavigationResources
> Task :plugins:automation:processFullDebugNavigationResources
> Task :plugins:configuration:processFullDebugNavigationResources
> Task :plugins:eversense:processFullDebugNavigationResources
> Task :plugins:main:processFullDebugNavigationResources
> Task :plugins:sensitivity:processFullDebugNavigationResources
> Task :pump:dana:processFullDebugNavigationResources
> Task :plugins:constraints:packageFullDebugResources
> Task :pump:danar:processFullDebugNavigationResources
> Task :pump:danar-emulator:processFullDebugNavigationResources
> Task :ui:packageFullDebugResources
> Task :pump:danars:processFullDebugNavigationResources
> Task :plugins:constraints:processFullDebugNavigationResources
> Task :pump:danars-emulator:processFullDebugNavigationResources
> Task :ui:processFullDebugNavigationResources
> Task :pump:diaconn:processFullDebugNavigationResources
> Task :pump:eopatch:processFullDebugNavigationResources
> Task :pump:equil:processFullDebugNavigationResources
> Task :pump:equil-emulator:processFullDebugNavigationResources
> Task :pump:insight:processFullDebugNavigationResources
> Task :pump:medtronic:processFullDebugNavigationResources
> Task :pump:omnipod:eros:generateFullDebugResources
> Task :pump:rileylink:processFullDebugNavigationResources
> Task :pump:virtual:processFullDebugNavigationResources
> Task :pump:medtrum:processFullDebugNavigationResources
> Task :plugins:smoothing:packageFullDebugResources
> Task :pump:omnipod:common:processFullDebugNavigationResources
> Task :pump:combov2:comboctl:processFullDebugNavigationResources
> Task :shared:impl:processFullDebugNavigationResources
> Task :plugins:smoothing:processFullDebugNavigationResources
> Task :pump:omnipod:dash:processFullDebugNavigationResources
> Task :pump:omnipod:eros:processFullDebugNavigationResources
> Task :pump:danar-emulator:packageFullDebugResources
> Task :pump:danars:packageFullDebugResources
> Task :pump:danars-emulator:packageFullDebugResources
> Task :core:keys:dataBindingMergeDependencyArtifactsFullDebug
> Task :plugins:source:packageFullDebugResources
> Task :core:keys:parseFullDebugLocalResources
> Task :plugins:source:processFullDebugNavigationResources
> Task :core:keys:dataBindingGenBaseClassesFullDebug
> Task :pump:danar:packageFullDebugResources
> Task :core:keys:generateFullDebugRFile
> Task :pump:dana:packageFullDebugResources
> Task :pump:common:packageFullDebugResources
> Task :pump:combov2:packageFullDebugResources
> Task :pump:equil-emulator:packageFullDebugResources
> Task :core:ui:packageFullDebugResources
> Task :pump:diaconn:packageFullDebugResources
> Task :implementation:dataBindingMergeDependencyArtifactsFullDebug
> Task :app:dataBindingMergeDependencyArtifactsFullDebug
> Task :app:generateFullDebugResValues
> Task :core:interfaces:dataBindingMergeDependencyArtifactsFullDebug
> Task :core:ui:processFullDebugNavigationResources
> Task :core:objects:dataBindingMergeDependencyArtifactsFullDebug
> Task :pump:combov2:processFullDebugNavigationResources
> Task :pump:common:processFullDebugNavigationResources
> Task :core:interfaces:parseFullDebugLocalResources
> Task :core:objects:parseFullDebugLocalResources
> Task :pump:eopatch:packageFullDebugResources
> Task :app:generateFullDebugResources
> Task :app:injectCrashlyticsMappingFileIdFullDebug
> Task :app:injectCrashlyticsVersionControlInfoFullDebug
> Task :implementation:parseFullDebugLocalResources
> Task :pump:equil:packageFullDebugResources
> Task :core:ui:dataBindingMergeDependencyArtifactsFullDebug
> Task :plugins:sync:packageFullDebugResources
> Task :app:processFullDebugGoogleServices
> Task :plugins:sync:processFullDebugNavigationResources
> Task :pump:combov2:comboctl:packageFullDebugResources
> Task :pump:medtrum:packageFullDebugResources
> Task :pump:rileylink:packageFullDebugResources
> Task :core:utils:dataBindingMergeDependencyArtifactsFullDebug
> Task :core:utils:parseFullDebugLocalResources
> Task :shared:impl:packageFullDebugResources
> Task :pump:medtronic:packageFullDebugResources
> Task :shared:impl:dataBindingMergeDependencyArtifactsFullDebug
> Task :implementation:generateFullDebugRFile
> Task :core:objects:generateFullDebugRFile
> Task :shared:impl:parseFullDebugLocalResources
> Task :pump:virtual:packageFullDebugResources
> Task :core:ui:parseFullDebugLocalResources
> Task :shared:impl:generateFullDebugRFile
> Task :app:processFullDebugNavigationResources
> Task :core:nssdk:dataBindingMergeDependencyArtifactsFullDebug
> Task :pump:omnipod:eros:packageFullDebugResources
> Task :core:ui:generateFullDebugRFile
> Task :workflow:dataBindingMergeDependencyArtifactsFullDebug
> Task :core:nssdk:parseFullDebugLocalResources
> Task :core:interfaces:dataBindingGenBaseClassesFullDebug
> Task :workflow:parseFullDebugLocalResources
> Task :core:nssdk:dataBindingGenBaseClassesFullDebug
> Task :ui:dataBindingMergeDependencyArtifactsFullDebug
> Task :core:graph:dataBindingMergeDependencyArtifactsFullDebug
> Task :database:persistence:dataBindingMergeDependencyArtifactsFullDebug
> Task :workflow:generateFullDebugRFile
> Task :core:interfaces:generateFullDebugRFile
> Task :core:nssdk:generateFullDebugRFile
> Task :database:impl:dataBindingMergeDependencyArtifactsFullDebug
> Task :core:utils:dataBindingGenBaseClassesFullDebug
> Task :database:persistence:parseFullDebugLocalResources
> Task :pump:omnipod:dash:packageFullDebugResources
> Task :database:impl:parseFullDebugLocalResources
> Task :core:utils:generateFullDebugRFile
> Task :core:graph:parseFullDebugLocalResources
> Task :database:persistence:generateFullDebugRFile
> Task :plugins:aps:dataBindingMergeDependencyArtifactsFullDebug
> Task :plugins:configuration:dataBindingMergeDependencyArtifactsFullDebug
> Task :plugins:aps:parseFullDebugLocalResources
> Task :core:graph:generateFullDebugRFile
> Task :plugins:eversense:parseFullDebugLocalResources
> Task :plugins:aps:generateFullDebugRFile
> Task :plugins:configuration:parseFullDebugLocalResources
> Task :shared:impl:dataBindingGenBaseClassesFullDebug
> Task :plugins:automation:dataBindingMergeDependencyArtifactsFullDebug
> Task :plugins:constraints:dataBindingMergeDependencyArtifactsFullDebug
> Task :database:impl:dataBindingGenBaseClassesFullDebug
> Task :plugins:constraints:parseFullDebugLocalResources
> Task :plugins:automation:parseFullDebugLocalResources
> Task :plugins:eversense:generateFullDebugRFile
> Task :ui:parseFullDebugLocalResources
> Task :database:impl:generateFullDebugRFile
> Task :plugins:configuration:generateFullDebugRFile
> Task :plugins:automation:generateFullDebugRFile
> Task :plugins:main:dataBindingMergeDependencyArtifactsFullDebug
> Task :plugins:sensitivity:dataBindingMergeDependencyArtifactsFullDebug
> Task :pump:insight:packageFullDebugResources
> Task :ui:generateFullDebugRFile
> Task :pump:omnipod:common:packageFullDebugResources
> Task :plugins:eversense:dataBindingMergeDependencyArtifactsFullDebug
> Task :plugins:constraints:generateFullDebugRFile
> Task :plugins:sensitivity:parseFullDebugLocalResources
> Task :plugins:smoothing:dataBindingMergeDependencyArtifactsFullDebug
> Task :plugins:main:parseFullDebugLocalResources
> Task :pump:combov2:comboctl:dataBindingMergeDependencyArtifactsFullDebug
> Task :database:persistence:dataBindingGenBaseClassesFullDebug
> Task :plugins:smoothing:parseFullDebugLocalResources
> Task :plugins:sensitivity:generateFullDebugRFile
> Task :app:packageFullDebugResources
> Task :plugins:eversense:dataBindingGenBaseClassesFullDebug
> Task :pump:combov2:comboctl:parseFullDebugLocalResources
> Task :core:ui:dataBindingGenBaseClassesFullDebug
> Task :plugins:main:generateFullDebugRFile
> Task :pump:common:dataBindingMergeDependencyArtifactsFullDebug
> Task :plugins:smoothing:generateFullDebugRFile
> Task :plugins:source:dataBindingMergeDependencyArtifactsFullDebug
> Task :pump:combov2:dataBindingMergeDependencyArtifactsFullDebug
> Task :pump:combov2:comboctl:dataBindingGenBaseClassesFullDebug
> Task :pump:danar-emulator:dataBindingMergeDependencyArtifactsFullDebug
> Task :pump:common:parseFullDebugLocalResources
> Task :pump:danar:dataBindingMergeDependencyArtifactsFullDebug
> Task :pump:combov2:parseFullDebugLocalResources
> Task :pump:combov2:comboctl:generateFullDebugRFile
> Task :plugins:sync:dataBindingMergeDependencyArtifactsFullDebug
> Task :pump:danar:parseFullDebugLocalResources
> Task :pump:dana:parseFullDebugLocalResources
> Task :plugins:smoothing:dataBindingGenBaseClassesFullDebug
> Task :pump:dana:dataBindingMergeDependencyArtifactsFullDebug
> Task :pump:danars:dataBindingMergeDependencyArtifactsFullDebug
> Task :core:objects:dataBindingGenBaseClassesFullDebug
> Task :pump:danar-emulator:parseFullDebugLocalResources
> Task :pump:combov2:generateFullDebugRFile
> Task :pump:dana:generateFullDebugRFile
> Task :pump:danar:generateFullDebugRFile
> Task :pump:danars:parseFullDebugLocalResources
> Task :plugins:sync:parseFullDebugLocalResources
> Task :pump:common:dataBindingGenBaseClassesFullDebug
> Task :pump:danars-emulator:dataBindingMergeDependencyArtifactsFullDebug
> Task :plugins:source:parseFullDebugLocalResources
> Task :pump:dana:dataBindingGenBaseClassesFullDebug
> Task :workflow:dataBindingGenBaseClassesFullDebug
> Task :plugins:sensitivity:dataBindingGenBaseClassesFullDebug
> Task :plugins:configuration:dataBindingGenBaseClassesFullDebug
> Task :core:graph:dataBindingGenBaseClassesFullDebug
> Task :plugins:source:generateFullDebugRFile
> Task :pump:danar-emulator:generateFullDebugRFile
> Task :plugins:constraints:dataBindingGenBaseClassesFullDebug
> Task :plugins:main:dataBindingGenBaseClassesFullDebug
> Task :pump:common:generateFullDebugRFile
> Task :implementation:dataBindingGenBaseClassesFullDebug
> Task :plugins:sync:dataBindingGenBaseClassesFullDebug
> Task :pump:danars-emulator:parseFullDebugLocalResources
> Task :plugins:automation:dataBindingGenBaseClassesFullDebug
> Task :pump:danars-emulator:generateFullDebugRFile
> Task :plugins:sync:generateFullDebugRFile
> Task :pump:combov2:dataBindingGenBaseClassesFullDebug
> Task :pump:eopatch:dataBindingMergeDependencyArtifactsFullDebug
> Task :pump:danar:dataBindingGenBaseClassesFullDebug
> Task :plugins:aps:dataBindingGenBaseClassesFullDebug
> Task :pump:eopatch:parseFullDebugLocalResources
> Task :pump:danars:dataBindingGenBaseClassesFullDebug
> Task :pump:diaconn:dataBindingMergeDependencyArtifactsFullDebug
> Task :pump:equil-emulator:dataBindingMergeDependencyArtifactsFullDebug
> Task :pump:medtronic:dataBindingMergeDependencyArtifactsFullDebug
> Task :pump:equil:dataBindingMergeDependencyArtifactsFullDebug
> Task :pump:insight:dataBindingMergeDependencyArtifactsFullDebug
> Task :pump:rileylink:dataBindingMergeDependencyArtifactsFullDebug
> Task :ui:dataBindingGenBaseClassesFullDebug
> Task :pump:equil-emulator:parseFullDebugLocalResources
> Task :pump:equil:parseFullDebugLocalResources
> Task :pump:diaconn:parseFullDebugLocalResources
> Task :pump:insight:parseFullDebugLocalResources
> Task :pump:rileylink:parseFullDebugLocalResources
> Task :pump:medtronic:parseFullDebugLocalResources
> Task :pump:danars:generateFullDebugRFile
> Task :pump:eopatch:dataBindingGenBaseClassesFullDebug
> Task :pump:danar-emulator:dataBindingGenBaseClassesFullDebug
> Task :pump:medtrum:dataBindingMergeDependencyArtifactsFullDebug
> Task :pump:equil-emulator:generateFullDebugRFile
> Task :pump:medtronic:generateFullDebugRFile
> Task :pump:eopatch:generateFullDebugRFile
> Task :pump:medtrum:parseFullDebugLocalResources
> Task :pump:danars-emulator:dataBindingGenBaseClassesFullDebug
> Task :pump:rileylink:dataBindingGenBaseClassesFullDebug
> Task :pump:virtual:dataBindingMergeDependencyArtifactsFullDebug
> Task :pump:equil:dataBindingGenBaseClassesFullDebug
> Task :pump:diaconn:dataBindingGenBaseClassesFullDebug
> Task :pump:insight:dataBindingGenBaseClassesFullDebug
> Task :pump:rileylink:generateFullDebugRFile
> Task :pump:virtual:parseFullDebugLocalResources
> Task :pump:omnipod:common:dataBindingMergeDependencyArtifactsFullDebug
> Task :pump:omnipod:eros:dataBindingMergeDependencyArtifactsFullDebug
> Task :pump:equil:generateFullDebugRFile
> Task :pump:diaconn:generateFullDebugRFile
> Task :pump:omnipod:dash:dataBindingMergeDependencyArtifactsFullDebug
> Task :pump:insight:generateFullDebugRFile
> Task :pump:omnipod:eros:parseFullDebugLocalResources
> Task :pump:medtrum:dataBindingGenBaseClassesFullDebug
> Task :pump:omnipod:common:parseFullDebugLocalResources
> Task :core:interfaces:javaPreCompileFullDebug
> Task :core:ui:javaPreCompileFullDebug
> Task :pump:omnipod:dash:parseFullDebugLocalResources
> Task :pump:medtrum:generateFullDebugRFile
> Task :pump:omnipod:eros:generateFullDebugRFile
> Task :pump:virtual:dataBindingGenBaseClassesFullDebug
> Task :pump:equil-emulator:dataBindingGenBaseClassesFullDebug
> Task :pump:medtronic:dataBindingGenBaseClassesFullDebug
> Task :core:graph:javaPreCompileFullDebug
> Task :plugins:source:dataBindingGenBaseClassesFullDebug
> Task :pump:omnipod:dash:generateFullDebugRFile
> Task :pump:virtual:generateFullDebugRFile
> Task :pump:omnipod:common:dataBindingGenBaseClassesFullDebug
> Task :core:objects:javaPreCompileFullDebug
> Task :core:keys:javaPreCompileFullDebug
> Task :implementation:javaPreCompileFullDebug
> Task :shared:impl:javaPreCompileFullDebug
> Task :ui:javaPreCompileFullDebug
> Task :pump:omnipod:common:generateFullDebugRFile
> Task :workflow:javaPreCompileFullDebug
> Task :plugins:aps:javaPreCompileFullDebug
> Task :database:persistence:javaPreCompileFullDebug
> Task :plugins:automation:javaPreCompileFullDebug
> Task :plugins:constraints:javaPreCompileFullDebug
> Task :plugins:eversense:kspFullDebugKotlin SKIPPED
> Task :plugins:configuration:javaPreCompileFullDebug
> Task :plugins:smoothing:javaPreCompileFullDebug
> Task :plugins:source:javaPreCompileFullDebug
> Task :plugins:sync:javaPreCompileFullDebug
> Task :pump:omnipod:dash:dataBindingGenBaseClassesFullDebug
> Task :pump:omnipod:eros:dataBindingGenBaseClassesFullDebug
> Task :pump:combov2:javaPreCompileFullDebug
> Task :plugins:sensitivity:javaPreCompileFullDebug
> Task :pump:danar:javaPreCompileFullDebug
> Task :pump:common:javaPreCompileFullDebug
> Task :plugins:main:javaPreCompileFullDebug
> Task :pump:danar-emulator:javaPreCompileFullDebug
> Task :pump:danars:javaPreCompileFullDebug
> Task :pump:dana:javaPreCompileFullDebug
> Task :database:impl:javaPreCompileFullDebug
> Task :pump:danars-emulator:javaPreCompileFullDebug
> Task :pump:eopatch:javaPreCompileFullDebug
> Task :pump:equil-emulator:javaPreCompileFullDebug
> Task :pump:equil:javaPreCompileFullDebug
> Task :pump:diaconn:javaPreCompileFullDebug
> Task :pump:rileylink:javaPreCompileFullDebug
> Task :pump:medtrum:javaPreCompileFullDebug
> Task :pump:medtronic:javaPreCompileFullDebug
> Task :pump:virtual:javaPreCompileFullDebug
> Task :pump:insight:javaPreCompileFullDebug
> Task :pump:omnipod:common:javaPreCompileFullDebug
> Task :implementation:writeFullDebugAarMetadata
> Task :workflow:writeFullDebugAarMetadata
> Task :ui:writeFullDebugAarMetadata
> Task :pump:omnipod:eros:javaPreCompileFullDebug
> Task :core:graph:writeFullDebugAarMetadata
> Task :core:utils:javaPreCompileFullDebug
> Task :core:keys:writeFullDebugAarMetadata
> Task :core:interfaces:writeFullDebugAarMetadata
> Task :core:objects:writeFullDebugAarMetadata
> Task :pump:combov2:comboctl:javaPreCompileFullDebug
> Task :core:ui:writeFullDebugAarMetadata
> Task :database:impl:writeFullDebugAarMetadata
> Task :pump:omnipod:dash:javaPreCompileFullDebug
> Task :core:utils:writeFullDebugAarMetadata
> Task :plugins:aps:writeFullDebugAarMetadata
> Task :database:persistence:writeFullDebugAarMetadata
> Task :plugins:automation:writeFullDebugAarMetadata
> Task :plugins:configuration:writeFullDebugAarMetadata
> Task :plugins:constraints:writeFullDebugAarMetadata
> Task :plugins:main:writeFullDebugAarMetadata
> Task :plugins:eversense:javaPreCompileFullDebug
> Task :plugins:sensitivity:writeFullDebugAarMetadata
> Task :plugins:smoothing:writeFullDebugAarMetadata
> Task :plugins:source:writeFullDebugAarMetadata
> Task :plugins:eversense:writeFullDebugAarMetadata
> Task :plugins:sync:writeFullDebugAarMetadata
> Task :pump:combov2:writeFullDebugAarMetadata
> Task :pump:dana:writeFullDebugAarMetadata
> Task :core:nssdk:javaPreCompileFullDebug
> Task :pump:common:writeFullDebugAarMetadata
> Task :pump:danar-emulator:writeFullDebugAarMetadata
> Task :pump:danar:writeFullDebugAarMetadata
> Task :core:nssdk:writeFullDebugAarMetadata
> Task :pump:danars:writeFullDebugAarMetadata
> Task :pump:danars-emulator:writeFullDebugAarMetadata
> Task :pump:diaconn:writeFullDebugAarMetadata
> Task :pump:eopatch:writeFullDebugAarMetadata
> Task :pump:equil:writeFullDebugAarMetadata
> Task :pump:equil-emulator:writeFullDebugAarMetadata
> Task :pump:medtronic:writeFullDebugAarMetadata
> Task :pump:insight:writeFullDebugAarMetadata
> Task :pump:medtrum:writeFullDebugAarMetadata
> Task :shared:impl:writeFullDebugAarMetadata
> Task :pump:virtual:writeFullDebugAarMetadata
> Task :pump:rileylink:writeFullDebugAarMetadata
> Task :pump:omnipod:common:writeFullDebugAarMetadata
> Task :pump:combov2:comboctl:writeFullDebugAarMetadata
> Task :pump:omnipod:dash:writeFullDebugAarMetadata
> Task :implementation:extractDeepLinksFullDebug
> Task :pump:omnipod:eros:writeFullDebugAarMetadata
> Task :ui:extractDeepLinksFullDebug
> Task :core:graph:extractDeepLinksFullDebug
> Task :implementation:processFullDebugManifest
> Task :core:interfaces:extractDeepLinksFullDebug
> Task :core:keys:extractDeepLinksFullDebug
> Task :workflow:extractDeepLinksFullDebug
> Task :core:graph:processFullDebugManifest
> Task :core:nssdk:extractDeepLinksFullDebug
> Task :ui:processFullDebugManifest
> Task :core:objects:extractDeepLinksFullDebug
> Task :core:interfaces:processFullDebugManifest
> Task :core:keys:processFullDebugManifest
> Task :workflow:processFullDebugManifest
> Task :core:nssdk:processFullDebugManifest
> Task :core:utils:extractDeepLinksFullDebug
> Task :core:ui:extractDeepLinksFullDebug
> Task :database:persistence:extractDeepLinksFullDebug
> Task :database:impl:extractDeepLinksFullDebug
> Task :core:objects:processFullDebugManifest
> Task :plugins:aps:extractDeepLinksFullDebug
> Task :core:utils:processFullDebugManifest
> Task :database:persistence:processFullDebugManifest
> Task :plugins:automation:extractDeepLinksFullDebug
> Task :plugins:configuration:extractDeepLinksFullDebug
> Task :core:ui:processFullDebugManifest
> Task :database:impl:processFullDebugManifest
> Task :plugins:aps:processFullDebugManifest
> Task :plugins:constraints:extractDeepLinksFullDebug
> Task :plugins:main:extractDeepLinksFullDebug
> Task :plugins:eversense:extractDeepLinksFullDebug
> Task :plugins:configuration:processFullDebugManifest
> Task :plugins:automation:processFullDebugManifest
> Task :plugins:sensitivity:extractDeepLinksFullDebug
> Task :plugins:smoothing:extractDeepLinksFullDebug
> Task :plugins:constraints:processFullDebugManifest
> Task :plugins:main:processFullDebugManifest
> Task :plugins:eversense:processFullDebugManifest
> Task :plugins:source:extractDeepLinksFullDebug
> Task :plugins:sensitivity:processFullDebugManifest
> Task :plugins:sync:extractDeepLinksFullDebug
> Task :plugins:smoothing:processFullDebugManifest
> Task :pump:common:extractDeepLinksFullDebug
> Task :pump:combov2:extractDeepLinksFullDebug
> Task :pump:dana:extractDeepLinksFullDebug
> Task :pump:common:processFullDebugManifest

> Task :plugins:sync:processFullDebugManifest
C:\Users\craig\StudioProjects\AndroidAPS\AndroidAPSApril26\plugins\sync\src\main\AndroidManifest.xml:59:9-75:20 Warning:
	activity#net.openid.appauth.RedirectUriReceiverActivity was tagged at AndroidManifest.xml:59 to replace another declaration but no other declaration present

> Task :pump:danar:extractDeepLinksFullDebug
> Task :pump:danar-emulator:extractDeepLinksFullDebug
> Task :pump:combov2:processFullDebugManifest
> Task :pump:danars:extractDeepLinksFullDebug
> Task :plugins:source:processFullDebugManifest
> Task :pump:dana:processFullDebugManifest
> Task :pump:danar:processFullDebugManifest
> Task :pump:danar-emulator:processFullDebugManifest
> Task :pump:diaconn:extractDeepLinksFullDebug
> Task :pump:eopatch:extractDeepLinksFullDebug
> Task :pump:equil:extractDeepLinksFullDebug
> Task :pump:danars-emulator:extractDeepLinksFullDebug
> Task :pump:equil:processFullDebugManifest
> Task :pump:diaconn:processFullDebugManifest
> Task :pump:eopatch:processFullDebugManifest
> Task :pump:equil-emulator:extractDeepLinksFullDebug
> Task :pump:insight:extractDeepLinksFullDebug
> Task :pump:medtronic:extractDeepLinksFullDebug
> Task :pump:medtronic:processFullDebugManifest
> Task :pump:medtrum:extractDeepLinksFullDebug
> Task :pump:equil-emulator:processFullDebugManifest
> Task :pump:rileylink:extractDeepLinksFullDebug
> Task :pump:rileylink:processFullDebugManifest
> Task :pump:virtual:extractDeepLinksFullDebug
> Task :pump:virtual:processFullDebugManifest
> Task :shared:impl:extractDeepLinksFullDebug
> Task :shared:impl:processFullDebugManifest
> Task :pump:combov2:comboctl:extractDeepLinksFullDebug
> Task :pump:combov2:comboctl:processFullDebugManifest
> Task :pump:omnipod:common:extractDeepLinksFullDebug
> Task :pump:omnipod:common:processFullDebugManifest
> Task :pump:omnipod:dash:extractDeepLinksFullDebug
> Task :pump:danars:processFullDebugManifest
> Task :pump:insight:processFullDebugManifest
> Task :pump:medtrum:processFullDebugManifest
> Task :pump:omnipod:eros:extractDeepLinksFullDebug
> Task :ui:mapFullDebugSourceSetPaths
> Task :implementation:mapFullDebugSourceSetPaths
> Task :pump:omnipod:dash:processFullDebugManifest
> Task :pump:danars-emulator:processFullDebugManifest
> Task :workflow:mapFullDebugSourceSetPaths
> Task :implementation:compileFullDebugLibraryResources
> Task :core:interfaces:mapFullDebugSourceSetPaths
> Task :workflow:compileFullDebugLibraryResources
> Task :core:graph:mapFullDebugSourceSetPaths
> Task :core:interfaces:compileFullDebugLibraryResources
> Task :core:keys:mapFullDebugSourceSetPaths
> Task :core:graph:compileFullDebugLibraryResources
> Task :core:nssdk:mapFullDebugSourceSetPaths
> Task :core:objects:mapFullDebugSourceSetPaths
> Task :core:keys:compileFullDebugLibraryResources
> Task :pump:omnipod:eros:processFullDebugManifest
> Task :core:nssdk:compileFullDebugLibraryResources
> Task :core:objects:compileFullDebugLibraryResources
> Task :core:ui:mapFullDebugSourceSetPaths
> Task :database:impl:mapFullDebugSourceSetPaths
> Task :core:utils:mapFullDebugSourceSetPaths
> Task :core:utils:compileFullDebugLibraryResources
> Task :database:persistence:mapFullDebugSourceSetPaths
> Task :database:impl:compileFullDebugLibraryResources
> Task :plugins:aps:mapFullDebugSourceSetPaths
> Task :plugins:aps:compileFullDebugLibraryResources
> Task :plugins:automation:mapFullDebugSourceSetPaths
> Task :plugins:configuration:mapFullDebugSourceSetPaths
> Task :plugins:automation:compileFullDebugLibraryResources
> Task :plugins:configuration:compileFullDebugLibraryResources
> Task :plugins:constraints:mapFullDebugSourceSetPaths
> Task :plugins:eversense:mapFullDebugSourceSetPaths
> Task :plugins:constraints:compileFullDebugLibraryResources
> Task :plugins:eversense:compileFullDebugLibraryResources
> Task :database:persistence:compileFullDebugLibraryResources
> Task :ui:compileFullDebugLibraryResources
> Task :plugins:main:mapFullDebugSourceSetPaths
> Task :plugins:smoothing:mapFullDebugSourceSetPaths
> Task :plugins:sensitivity:mapFullDebugSourceSetPaths
> Task :plugins:source:mapFullDebugSourceSetPaths
> Task :plugins:main:compileFullDebugLibraryResources
> Task :plugins:sensitivity:compileFullDebugLibraryResources
> Task :plugins:sync:mapFullDebugSourceSetPaths
> Task :plugins:smoothing:compileFullDebugLibraryResources
> Task :pump:combov2:mapFullDebugSourceSetPaths
> Task :pump:common:mapFullDebugSourceSetPaths
> Task :pump:common:compileFullDebugLibraryResources
> Task :pump:dana:mapFullDebugSourceSetPaths
> Task :pump:combov2:compileFullDebugLibraryResources
> Task :plugins:sync:compileFullDebugLibraryResources
> Task :pump:danar-emulator:mapFullDebugSourceSetPaths
> Task :core:ui:compileFullDebugLibraryResources
> Task :pump:danar-emulator:compileFullDebugLibraryResources
> Task :pump:danar:mapFullDebugSourceSetPaths
> Task :plugins:source:compileFullDebugLibraryResources
> Task :pump:danars:mapFullDebugSourceSetPaths
> Task :pump:danars-emulator:mapFullDebugSourceSetPaths
> Task :pump:dana:compileFullDebugLibraryResources
> Task :pump:danars-emulator:compileFullDebugLibraryResources
> Task :pump:danars:compileFullDebugLibraryResources
> Task :pump:danar:compileFullDebugLibraryResources
> Task :pump:diaconn:mapFullDebugSourceSetPaths
> Task :pump:eopatch:mapFullDebugSourceSetPaths
> Task :pump:equil:mapFullDebugSourceSetPaths
> Task :pump:equil-emulator:mapFullDebugSourceSetPaths
> Task :pump:diaconn:compileFullDebugLibraryResources
> Task :pump:eopatch:compileFullDebugLibraryResources
> Task :pump:medtrum:mapFullDebugSourceSetPaths
> Task :pump:equil-emulator:compileFullDebugLibraryResources
> Task :pump:medtronic:mapFullDebugSourceSetPaths
> Task :pump:equil:compileFullDebugLibraryResources
> Task :pump:insight:mapFullDebugSourceSetPaths
> Task :pump:medtrum:compileFullDebugLibraryResources
> Task :pump:rileylink:mapFullDebugSourceSetPaths
> Task :pump:virtual:mapFullDebugSourceSetPaths
> Task :shared:impl:mapFullDebugSourceSetPaths
> Task :pump:rileylink:compileFullDebugLibraryResources
> Task :pump:insight:compileFullDebugLibraryResources
> Task :pump:virtual:compileFullDebugLibraryResources
> Task :pump:medtronic:compileFullDebugLibraryResources
> Task :pump:combov2:comboctl:mapFullDebugSourceSetPaths
> Task :pump:omnipod:common:mapFullDebugSourceSetPaths
> Task :shared:impl:compileFullDebugLibraryResources
> Task :implementation:generateFullDebugAssets UP-TO-DATE
> Task :pump:omnipod:dash:mapFullDebugSourceSetPaths
> Task :pump:combov2:comboctl:compileFullDebugLibraryResources
> Task :ui:generateFullDebugAssets UP-TO-DATE
> Task :pump:omnipod:eros:mapFullDebugSourceSetPaths
> Task :pump:omnipod:dash:compileFullDebugLibraryResources
> Task :workflow:generateFullDebugAssets UP-TO-DATE
> Task :implementation:mergeFullDebugAssets
> Task :core:graph:generateFullDebugAssets UP-TO-DATE
> Task :pump:omnipod:common:compileFullDebugLibraryResources
> Task :core:interfaces:generateFullDebugAssets UP-TO-DATE
> Task :ui:mergeFullDebugAssets
> Task :core:keys:generateFullDebugAssets UP-TO-DATE
> Task :pump:omnipod:eros:compileFullDebugLibraryResources
> Task :core:nssdk:generateFullDebugAssets UP-TO-DATE
> Task :workflow:mergeFullDebugAssets
> Task :core:objects:generateFullDebugAssets UP-TO-DATE
> Task :core:keys:mergeFullDebugAssets
> Task :core:interfaces:mergeFullDebugAssets
> Task :core:ui:generateFullDebugAssets UP-TO-DATE
> Task :core:graph:mergeFullDebugAssets
> Task :core:utils:generateFullDebugAssets UP-TO-DATE
> Task :database:impl:generateFullDebugAssets UP-TO-DATE
> Task :core:objects:mergeFullDebugAssets
> Task :database:persistence:generateFullDebugAssets UP-TO-DATE
> Task :core:nssdk:mergeFullDebugAssets
> Task :plugins:aps:generateFullDebugAssets UP-TO-DATE
> Task :database:impl:mergeFullDebugAssets
> Task :plugins:automation:generateFullDebugAssets UP-TO-DATE
> Task :core:utils:mergeFullDebugAssets
> Task :plugins:configuration:generateFullDebugAssets UP-TO-DATE
> Task :database:persistence:mergeFullDebugAssets
> Task :plugins:constraints:generateFullDebugAssets UP-TO-DATE
> Task :plugins:automation:mergeFullDebugAssets
> Task :plugins:eversense:generateFullDebugAssets UP-TO-DATE
> Task :core:ui:mergeFullDebugAssets
> Task :plugins:main:generateFullDebugAssets UP-TO-DATE
> Task :plugins:aps:mergeFullDebugAssets
> Task :plugins:sensitivity:generateFullDebugAssets UP-TO-DATE
> Task :plugins:constraints:mergeFullDebugAssets
> Task :plugins:smoothing:generateFullDebugAssets UP-TO-DATE
> Task :plugins:eversense:mergeFullDebugAssets
> Task :plugins:source:generateFullDebugAssets UP-TO-DATE
> Task :plugins:smoothing:mergeFullDebugAssets
> Task :plugins:sync:generateFullDebugAssets UP-TO-DATE
> Task :plugins:sync:mergeFullDebugAssets
> Task :pump:combov2:generateFullDebugAssets UP-TO-DATE
> Task :plugins:source:mergeFullDebugAssets
> Task :pump:common:generateFullDebugAssets UP-TO-DATE
> Task :pump:common:mergeFullDebugAssets
> Task :pump:dana:generateFullDebugAssets UP-TO-DATE
> Task :pump:combov2:mergeFullDebugAssets
> Task :pump:danar:generateFullDebugAssets UP-TO-DATE
> Task :plugins:main:mergeFullDebugAssets
> Task :pump:danar-emulator:generateFullDebugAssets UP-TO-DATE
> Task :pump:dana:mergeFullDebugAssets
> Task :pump:danars:generateFullDebugAssets UP-TO-DATE
> Task :pump:danar:mergeFullDebugAssets
> Task :pump:danars-emulator:generateFullDebugAssets UP-TO-DATE
> Task :plugins:sensitivity:mergeFullDebugAssets
> Task :pump:diaconn:generateFullDebugAssets UP-TO-DATE
> Task :plugins:configuration:mergeFullDebugAssets
> Task :pump:eopatch:generateFullDebugAssets UP-TO-DATE
> Task :pump:danars:mergeFullDebugAssets
> Task :pump:equil:generateFullDebugAssets UP-TO-DATE
> Task :pump:eopatch:mergeFullDebugAssets
> Task :pump:equil-emulator:generateFullDebugAssets UP-TO-DATE
> Task :pump:equil:mergeFullDebugAssets
> Task :pump:insight:generateFullDebugAssets UP-TO-DATE
> Task :core:utils:compileFullDebugKotlin
> Task :pump:danars-emulator:mergeFullDebugAssets
> Task :pump:medtronic:generateFullDebugAssets UP-TO-DATE
> Task :core:utils:compileFullDebugJavaWithJavac NO-SOURCE
> Task :pump:medtronic:mergeFullDebugAssets
> Task :pump:insight:mergeFullDebugAssets
> Task :pump:medtrum:generateFullDebugAssets UP-TO-DATE
> Task :pump:equil-emulator:mergeFullDebugAssets
> Task :pump:rileylink:generateFullDebugAssets UP-TO-DATE
> Task :pump:rileylink:mergeFullDebugAssets
> Task :pump:medtrum:mergeFullDebugAssets
> Task :pump:virtual:generateFullDebugAssets UP-TO-DATE
> Task :shared:impl:generateFullDebugAssets UP-TO-DATE
> Task :pump:virtual:mergeFullDebugAssets
> Task :pump:combov2:comboctl:generateFullDebugAssets UP-TO-DATE
> Task :shared:impl:mergeFullDebugAssets
> Task :pump:omnipod:common:generateFullDebugAssets UP-TO-DATE
> Task :pump:combov2:comboctl:mergeFullDebugAssets
> Task :pump:omnipod:dash:generateFullDebugAssets UP-TO-DATE
> Task :pump:omnipod:dash:mergeFullDebugAssets
> Task :pump:omnipod:eros:generateFullDebugAssets UP-TO-DATE
> Task :pump:omnipod:common:mergeFullDebugAssets
> Task :shared:tests:preBuild UP-TO-DATE
> Task :shared:tests:preFullDebugBuild UP-TO-DATE
> Task :shared:tests:extractDeepLinksFullDebug
> Task :pump:omnipod:eros:mergeFullDebugAssets
> Task :pump:danar-emulator:mergeFullDebugAssets
> Task :shared:tests:processFullDebugManifest
> Task :implementation:preFullDebugUnitTestBuild UP-TO-DATE
> Task :pump:diaconn:mergeFullDebugAssets
> Task :ui:preFullDebugUnitTestBuild UP-TO-DATE
> Task :implementation:mapFullDebugUnitTestSourceSetPaths
> Task :implementation:generateFullDebugUnitTestResources
> Task :core:utils:processFullDebugJavaRes
> Task :wear:preBuild UP-TO-DATE
> Task :wear:preFullDebugBuild UP-TO-DATE
> Task :implementation:javaPreCompileFullDebugUnitTest
> Task :implementation:generateFullDebugUnitTestAssets UP-TO-DATE
> Task :workflow:preFullDebugUnitTestBuild UP-TO-DATE
> Task :workflow:mapFullDebugUnitTestSourceSetPaths
> Task :workflow:generateFullDebugUnitTestResources
> Task :workflow:javaPreCompileFullDebugUnitTest
> Task :workflow:generateFullDebugUnitTestAssets UP-TO-DATE
> Task :core:graph:preFullDebugUnitTestBuild UP-TO-DATE
> Task :ui:mapFullDebugUnitTestSourceSetPaths
> Task :ui:generateFullDebugUnitTestResources
> Task :shared:tests:dataBindingMergeDependencyArtifactsFullDebug
> Task :ui:javaPreCompileFullDebugUnitTest
> Task :shared:tests:generateFullDebugResources
> Task :core:utils:bundleLibRuntimeToJarFullDebug
> Task :core:utils:bundleLibCompileToJarFullDebug
> Task :core:graph:checkFullDebugUnitTestAarMetadata
> Task :shared:tests:packageFullDebugResources
> Task :core:graph:mapFullDebugUnitTestSourceSetPaths
> Task :shared:tests:processFullDebugNavigationResources
> Task :core:graph:generateFullDebugUnitTestResources
> Task :wear:dataBindingMergeDependencyArtifactsFullDebug
> Task :wear:generateFullDebugResValues
> Task :shared:tests:writeFullDebugAarMetadata
> Task :shared:tests:javaPreCompileFullDebug
> Task :shared:tests:parseFullDebugLocalResources
> Task :shared:tests:mapFullDebugSourceSetPaths
> Task :wear:generateFullDebugResources
> Task :shared:tests:dataBindingGenBaseClassesFullDebug
> Task :shared:tests:generateFullDebugRFile
> Task :shared:tests:compileFullDebugLibraryResources
> Task :shared:tests:generateFullDebugAssets UP-TO-DATE
> Task :shared:tests:mergeFullDebugAssets
> Task :core:interfaces:preFullDebugUnitTestBuild UP-TO-DATE
> Task :implementation:processFullDebugUnitTestManifest
> Task :workflow:processFullDebugUnitTestManifest
> Task :ui:processFullDebugUnitTestManifest
> Task :core:interfaces:checkFullDebugUnitTestAarMetadata
> Task :workflow:checkFullDebugUnitTestAarMetadata
> Task :ui:checkFullDebugUnitTestAarMetadata
> Task :implementation:checkFullDebugUnitTestAarMetadata
> Task :core:interfaces:mapFullDebugUnitTestSourceSetPaths
> Task :core:interfaces:generateFullDebugUnitTestResources

> Task :plugins:eversense:compileFullDebugKotlin
w: file:///C:/Users/craig/StudioProjects/AndroidAPS/AndroidAPSApril26/plugins/eversense/src/main/kotlin/com/nightscout/eversense/EversenseGattCallback.kt:438:31 'fun setValue(p0: ByteArray!): Boolean' is deprecated. Deprecated in Java.
w: file:///C:/Users/craig/StudioProjects/AndroidAPS/AndroidAPSApril26/plugins/eversense/src/main/kotlin/com/nightscout/eversense/EversenseGattCallback.kt:439:14 'fun writeCharacteristic(p0: BluetoothGattCharacteristic!): Boolean' is deprecated. Deprecated in Java.
w: file:///C:/Users/craig/StudioProjects/AndroidAPS/AndroidAPSApril26/plugins/eversense/src/main/kotlin/com/nightscout/eversense/packets/EversenseBasePacket.kt:11:38 This class is not recommended for use in Kotlin. Use 'kotlin.Any' instead.
w: file:///C:/Users/craig/StudioProjects/AndroidAPS/AndroidAPSApril26/plugins/eversense/src/main/kotlin/com/nightscout/eversense/packets/EversenseE3Communicator.kt:215:25 Condition is always 'true'.
w: file:///C:/Users/craig/StudioProjects/AndroidAPS/AndroidAPSApril26/plugins/eversense/src/main/kotlin/com/nightscout/eversense/packets/EversenseE3Communicator.kt:221:25 Condition is always 'true'.
w: file:///C:/Users/craig/StudioProjects/AndroidAPS/AndroidAPSApril26/plugins/eversense/src/main/kotlin/com/nightscout/eversense/packets/EversenseE3Communicator.kt:227:25 Condition is always 'true'.

> Task :core:keys:compileFullDebugKotlin
> Task :core:keys:compileFullDebugJavaWithJavac NO-SOURCE
> Task :core:keys:bundleLibCompileToJarFullDebug
> Task :plugins:eversense:compileFullDebugJavaWithJavac NO-SOURCE
> Task :core:keys:bundleLibRuntimeToJarFullDebug
> Task :plugins:eversense:bundleLibCompileToJarFullDebug

> Task :app:mergeFullDebugResources
C:\Users\craig\StudioProjects\AndroidAPS\AndroidAPSApril26\core\ui\build\intermediates\packaged_res\fullDebug\packageFullDebugResources\values-ro-rRO\values-ro-rRO.xml:730:4: Multiple substitutions specified in non-positional format of string resource string/scene_wizard_info_luteal_phase. Did you mean to add the formatted="false" attribute?
C:\Users\craig\StudioProjects\AndroidAPS\AndroidAPSApril26\core\ui\build\intermediates\packaged_res\fullDebug\packageFullDebugResources\values-ro-rRO\values-ro-rRO.xml:734:4: Multiple substitutions specified in non-positional format of string resource string/scene_wizard_info_sick_day. Did you mean to add the formatted="false" attribute?
C:\Users\craig\StudioProjects\AndroidAPS\AndroidAPSApril26\core\ui\build\intermediates\packaged_res\fullDebug\packageFullDebugResources\values-ro-rRO\values-ro-rRO.xml:743:4: Multiple substitutions specified in non-positional format of string resource string/scene_wizard_profile_info. Did you mean to add the formatted="false" attribute?
C:\Users\craig\StudioProjects\AndroidAPS\AndroidAPSApril26\core\ui\build\intermediates\packaged_res\fullDebug\packageFullDebugResources\values-it-rIT\values-it-rIT.xml:727:4: Multiple substitutions specified in non-positional format of string resource string/scene_wizard_info_luteal_phase. Did you mean to add the formatted="false" attribute?
C:\Users\craig\StudioProjects\AndroidAPS\AndroidAPSApril26\core\ui\build\intermediates\packaged_res\fullDebug\packageFullDebugResources\values-it-rIT\values-it-rIT.xml:731:4: Multiple substitutions specified in non-positional format of string resource string/scene_wizard_info_sick_day. Did you mean to add the formatted="false" attribute?
C:\Users\craig\StudioProjects\AndroidAPS\AndroidAPSApril26\core\ui\build\intermediates\packaged_res\fullDebug\packageFullDebugResources\values-it-rIT\values-it-rIT.xml:740:4: Multiple substitutions specified in non-positional format of string resource string/scene_wizard_profile_info. Did you mean to add the formatted="false" attribute?
C:\Users\craig\StudioProjects\AndroidAPS\AndroidAPSApril26\core\ui\build\intermediates\packaged_res\fullDebug\packageFullDebugResources\values\values.xml:755:4: Multiple substitutions specified in non-positional format of string resource string/scene_wizard_info_luteal_phase. Did you mean to add the formatted="false" attribute?
C:\Users\craig\StudioProjects\AndroidAPS\AndroidAPSApril26\core\ui\build\intermediates\packaged_res\fullDebug\packageFullDebugResources\values\values.xml:759:4: Multiple substitutions specified in non-positional format of string resource string/scene_wizard_info_sick_day. Did you mean to add the formatted="false" attribute?
C:\Users\craig\StudioProjects\AndroidAPS\AndroidAPSApril26\core\ui\build\intermediates\packaged_res\fullDebug\packageFullDebugResources\values\values.xml:768:4: Multiple substitutions specified in non-positional format of string resource string/scene_wizard_profile_info. Did you mean to add the formatted="false" attribute?
C:\Users\craig\StudioProjects\AndroidAPS\AndroidAPSApril26\pump\medtrum\build\intermediates\packaged_res\fullDebug\packageFullDebugResources\values-es-rES\values-es-rES.xml:59:4: Multiple substitutions specified in non-positional format of string resource string/half_basal_exercise_target_summary. Did you mean to add the formatted="false" attribute?
C:\Users\craig\StudioProjects\AndroidAPS\AndroidAPSApril26\core\ui\build\intermediates\packaged_res\fullDebug\packageFullDebugResources\values-es-rES\values-es-rES.xml:727:4: Multiple substitutions specified in non-positional format of string resource string/scene_wizard_info_luteal_phase. Did you mean to add the formatted="false" attribute?
C:\Users\craig\StudioProjects\AndroidAPS\AndroidAPSApril26\core\ui\build\intermediates\packaged_res\fullDebug\packageFullDebugResources\values-es-rES\values-es-rES.xml:731:4: Multiple substitutions specified in non-positional format of string resource string/scene_wizard_info_sick_day. Did you mean to add the formatted="false" attribute?
C:\Users\craig\StudioProjects\AndroidAPS\AndroidAPSApril26\core\ui\build\intermediates\packaged_res\fullDebug\packageFullDebugResources\values-es-rES\values-es-rES.xml:740:4: Multiple substitutions specified in non-positional format of string resource string/scene_wizard_profile_info. Did you mean to add the formatted="false" attribute?
C:\Users\craig\StudioProjects\AndroidAPS\AndroidAPSApril26\core\ui\build\intermediates\packaged_res\fullDebug\packageFullDebugResources\values-zh-rTW\values-zh-rTW.xml:724:4: Multiple substitutions specified in non-positional format of string resource string/scene_wizard_info_luteal_phase. Did you mean to add the formatted="false" attribute?
C:\Users\craig\StudioProjects\AndroidAPS\AndroidAPSApril26\core\ui\build\intermediates\packaged_res\fullDebug\packageFullDebugResources\values-zh-rTW\values-zh-rTW.xml:728:4: Multiple substitutions specified in non-positional format of string resource string/scene_wizard_info_sick_day. Did you mean to add the formatted="false" attribute?
C:\Users\craig\StudioProjects\AndroidAPS\AndroidAPSApril26\core\ui\build\intermediates\packaged_res\fullDebug\packageFullDebugResources\values-zh-rTW\values-zh-rTW.xml:737:4: Multiple substitutions specified in non-positional format of string resource string/scene_wizard_profile_info. Did you mean to add the formatted="false" attribute?
C:\Users\craig\StudioProjects\AndroidAPS\AndroidAPSApril26\core\ui\build\intermediates\packaged_res\fullDebug\packageFullDebugResources\values-fr-rFR\values-fr-rFR.xml:727:4: Multiple substitutions specified in non-positional format of string resource string/scene_wizard_info_luteal_phase. Did you mean to add the formatted="false" attribute?
C:\Users\craig\StudioProjects\AndroidAPS\AndroidAPSApril26\core\ui\build\intermediates\packaged_res\fullDebug\packageFullDebugResources\values-fr-rFR\values-fr-rFR.xml:731:4: Multiple substitutions specified in non-positional format of string resource string/scene_wizard_info_sick_day. Did you mean to add the formatted="false" attribute?
C:\Users\craig\StudioProjects\AndroidAPS\AndroidAPSApril26\core\ui\build\intermediates\packaged_res\fullDebug\packageFullDebugResources\values-fr-rFR\values-fr-rFR.xml:740:4: Multiple substitutions specified in non-positional format of string resource string/scene_wizard_profile_info. Did you mean to add the formatted="false" attribute?

> Task :app:parseFullDebugLocalResources
> Task :app:generateFullDebugBuildConfig
> Task :plugins:eversense:bundleLibRuntimeToJarFullDebug

> Task :wear:mergeFullDebugResources
C:\Users\craig\StudioProjects\AndroidAPS\AndroidAPSApril26\wear\src\main\res\values-ru-rRU\strings.xml:154:4: Multiple substitutions specified in non-positional format of string resource string/temp_basal_percent_rate. Did you mean to add the formatted="false" attribute?
C:\Users\craig\StudioProjects\AndroidAPS\AndroidAPSApril26\core\interfaces\build\intermediates\packaged_res\fullDebug\packageFullDebugResources\values-es-rES\values-es-rES.xml:30:4: Multiple substitutions specified in non-positional format of string resource string/half_basal_exercise_target_summary. Did you mean to add the formatted="false" attribute?

> Task :core:nssdk:compileFullDebugKotlin
> Task :core:nssdk:compileFullDebugJavaWithJavac NO-SOURCE
> Task :app:generateFullDebugRFile

> Task :core:interfaces:mergeFullDebugUnitTestResources
C:\Users\craig\StudioProjects\AndroidAPS\AndroidAPSApril26\core\interfaces\build\intermediates\packaged_res\fullDebug\packageFullDebugResources\values-ru-rRU\values-ru-rRU.xml:76:4: Multiple substitutions specified in non-positional format of string resource string/temp_basal_percent_rate. Did you mean to add the formatted="false" attribute?
C:\Users\craig\StudioProjects\AndroidAPS\AndroidAPSApril26\core\interfaces\build\intermediates\packaged_res\fullDebug\packageFullDebugResources\values-es-rES\values-es-rES.xml:30:4: Multiple substitutions specified in non-positional format of string resource string/half_basal_exercise_target_summary. Did you mean to add the formatted="false" attribute?

> Task :core:nssdk:bundleLibRuntimeToJarFullDebug

> Task :app:mergeFullDebugResources
C:\Users\craig\StudioProjects\AndroidAPS\AndroidAPSApril26\core\ui\build\intermediates\packaged_res\fullDebug\packageFullDebugResources\values-vi-rVN\values-vi-rVN.xml:724:4: Multiple substitutions specified in non-positional format of string resource string/scene_wizard_info_luteal_phase. Did you mean to add the formatted="false" attribute?
C:\Users\craig\StudioProjects\AndroidAPS\AndroidAPSApril26\core\ui\build\intermediates\packaged_res\fullDebug\packageFullDebugResources\values-vi-rVN\values-vi-rVN.xml:728:4: Multiple substitutions specified in non-positional format of string resource string/scene_wizard_info_sick_day. Did you mean to add the formatted="false" attribute?
C:\Users\craig\StudioProjects\AndroidAPS\AndroidAPSApril26\core\ui\build\intermediates\packaged_res\fullDebug\packageFullDebugResources\values-vi-rVN\values-vi-rVN.xml:737:4: Multiple substitutions specified in non-positional format of string resource string/scene_wizard_profile_info. Did you mean to add the formatted="false" attribute?
C:\Users\craig\StudioProjects\AndroidAPS\AndroidAPSApril26\core\ui\build\intermediates\packaged_res\fullDebug\packageFullDebugResources\values-ru-rRU\values-ru-rRU.xml:406:4: Multiple substitutions specified in non-positional format of string resource string/temp_basal_percent_rate. Did you mean to add the formatted="false" attribute?
C:\Users\craig\StudioProjects\AndroidAPS\AndroidAPSApril26\core\ui\build\intermediates\packaged_res\fullDebug\packageFullDebugResources\values-zh-rCN\values-zh-rCN.xml:726:4: Multiple substitutions specified in non-positional format of string resource string/scene_wizard_info_luteal_phase. Did you mean to add the formatted="false" attribute?
C:\Users\craig\StudioProjects\AndroidAPS\AndroidAPSApril26\core\ui\build\intermediates\packaged_res\fullDebug\packageFullDebugResources\values-zh-rCN\values-zh-rCN.xml:730:4: Multiple substitutions specified in non-positional format of string resource string/scene_wizard_info_sick_day. Did you mean to add the formatted="false" attribute?
C:\Users\craig\StudioProjects\AndroidAPS\AndroidAPSApril26\core\ui\build\intermediates\packaged_res\fullDebug\packageFullDebugResources\values-zh-rCN\values-zh-rCN.xml:739:4: Multiple substitutions specified in non-positional format of string resource string/scene_wizard_profile_info. Did you mean to add the formatted="false" attribute?

> Task :core:nssdk:bundleLibCompileToJarFullDebug

> Task :core:graph:mergeFullDebugUnitTestResources
C:\Users\craig\StudioProjects\AndroidAPS\AndroidAPSApril26\core\ui\build\intermediates\packaged_res\fullDebug\packageFullDebugResources\values-it-rIT\values-it-rIT.xml:727:4: Multiple substitutions specified in non-positional format of string resource string/scene_wizard_info_luteal_phase. Did you mean to add the formatted="false" attribute?
C:\Users\craig\StudioProjects\AndroidAPS\AndroidAPSApril26\core\ui\build\intermediates\packaged_res\fullDebug\packageFullDebugResources\values-it-rIT\values-it-rIT.xml:731:4: Multiple substitutions specified in non-positional format of string resource string/scene_wizard_info_sick_day. Did you mean to add the formatted="false" attribute?
C:\Users\craig\StudioProjects\AndroidAPS\AndroidAPSApril26\core\ui\build\intermediates\packaged_res\fullDebug\packageFullDebugResources\values-it-rIT\values-it-rIT.xml:740:4: Multiple substitutions specified in non-positional format of string resource string/scene_wizard_profile_info. Did you mean to add the formatted="false" attribute?
C:\Users\craig\StudioProjects\AndroidAPS\AndroidAPSApril26\core\interfaces\build\intermediates\packaged_res\fullDebug\packageFullDebugResources\values-es-rES\values-es-rES.xml:30:4: Multiple substitutions specified in non-positional format of string resource string/half_basal_exercise_target_summary. Did you mean to add the formatted="false" attribute?
C:\Users\craig\StudioProjects\AndroidAPS\AndroidAPSApril26\core\ui\build\intermediates\packaged_res\fullDebug\packageFullDebugResources\values-es-rES\values-es-rES.xml:727:4: Multiple substitutions specified in non-positional format of string resource string/scene_wizard_info_luteal_phase. Did you mean to add the formatted="false" attribute?
C:\Users\craig\StudioProjects\AndroidAPS\AndroidAPSApril26\core\ui\build\intermediates\packaged_res\fullDebug\packageFullDebugResources\values-es-rES\values-es-rES.xml:731:4: Multiple substitutions specified in non-positional format of string resource string/scene_wizard_info_sick_day. Did you mean to add the formatted="false" attribute?
C:\Users\craig\StudioProjects\AndroidAPS\AndroidAPSApril26\core\ui\build\intermediates\packaged_res\fullDebug\packageFullDebugResources\values-es-rES\values-es-rES.xml:740:4: Multiple substitutions specified in non-positional format of string resource string/scene_wizard_profile_info. Did you mean to add the formatted="false" attribute?
C:\Users\craig\StudioProjects\AndroidAPS\AndroidAPSApril26\core\ui\build\intermediates\packaged_res\fullDebug\packageFullDebugResources\values-ro-rRO\values-ro-rRO.xml:730:4: Multiple substitutions specified in non-positional format of string resource string/scene_wizard_info_luteal_phase. Did you mean to add the formatted="false" attribute?
C:\Users\craig\StudioProjects\AndroidAPS\AndroidAPSApril26\core\ui\build\intermediates\packaged_res\fullDebug\packageFullDebugResources\values-ro-rRO\values-ro-rRO.xml:734:4: Multiple substitutions specified in non-positional format of string resource string/scene_wizard_info_sick_day. Did you mean to add the formatted="false" attribute?
C:\Users\craig\StudioProjects\AndroidAPS\AndroidAPSApril26\core\ui\build\intermediates\packaged_res\fullDebug\packageFullDebugResources\values-ro-rRO\values-ro-rRO.xml:743:4: Multiple substitutions specified in non-positional format of string resource string/scene_wizard_profile_info. Did you mean to add the formatted="false" attribute?
C:\Users\craig\StudioProjects\AndroidAPS\AndroidAPSApril26\core\ui\build\intermediates\packaged_res\fullDebug\packageFullDebugResources\values-zh-rTW\values-zh-rTW.xml:724:4: Multiple substitutions specified in non-positional format of string resource string/scene_wizard_info_luteal_phase. Did you mean to add the formatted="false" attribute?
C:\Users\craig\StudioProjects\AndroidAPS\AndroidAPSApril26\core\ui\build\intermediates\packaged_res\fullDebug\packageFullDebugResources\values-zh-rTW\values-zh-rTW.xml:728:4: Multiple substitutions specified in non-positional format of string resource string/scene_wizard_info_sick_day. Did you mean to add the formatted="false" attribute?
C:\Users\craig\StudioProjects\AndroidAPS\AndroidAPSApril26\core\ui\build\intermediates\packaged_res\fullDebug\packageFullDebugResources\values-zh-rTW\values-zh-rTW.xml:737:4: Multiple substitutions specified in non-positional format of string resource string/scene_wizard_profile_info. Did you mean to add the formatted="false" attribute?
C:\Users\craig\StudioProjects\AndroidAPS\AndroidAPSApril26\core\ui\build\intermediates\packaged_res\fullDebug\packageFullDebugResources\values-fr-rFR\values-fr-rFR.xml:727:4: Multiple substitutions specified in non-positional format of string resource string/scene_wizard_info_luteal_phase. Did you mean to add the formatted="false" attribute?
C:\Users\craig\StudioProjects\AndroidAPS\AndroidAPSApril26\core\ui\build\intermediates\packaged_res\fullDebug\packageFullDebugResources\values-fr-rFR\values-fr-rFR.xml:731:4: Multiple substitutions specified in non-positional format of string resource string/scene_wizard_info_sick_day. Did you mean to add the formatted="false" attribute?
C:\Users\craig\StudioProjects\AndroidAPS\AndroidAPSApril26\core\ui\build\intermediates\packaged_res\fullDebug\packageFullDebugResources\values-fr-rFR\values-fr-rFR.xml:740:4: Multiple substitutions specified in non-positional format of string resource string/scene_wizard_profile_info. Did you mean to add the formatted="false" attribute?

> Task :app:javaPreCompileFullDebug
> Task :core:nssdk:processFullDebugJavaRes
> Task :core:keys:processFullDebugJavaRes
> Task :plugins:eversense:processFullDebugJavaRes

> Task :implementation:mergeFullDebugUnitTestResources
C:\Users\craig\StudioProjects\AndroidAPS\AndroidAPSApril26\core\ui\build\intermediates\packaged_res\fullDebug\packageFullDebugResources\values-it-rIT\values-it-rIT.xml:727:4: Multiple substitutions specified in non-positional format of string resource string/scene_wizard_info_luteal_phase. Did you mean to add the formatted="false" attribute?
C:\Users\craig\StudioProjects\AndroidAPS\AndroidAPSApril26\core\ui\build\intermediates\packaged_res\fullDebug\packageFullDebugResources\values-it-rIT\values-it-rIT.xml:731:4: Multiple substitutions specified in non-positional format of string resource string/scene_wizard_info_sick_day. Did you mean to add the formatted="false" attribute?
C:\Users\craig\StudioProjects\AndroidAPS\AndroidAPSApril26\core\ui\build\intermediates\packaged_res\fullDebug\packageFullDebugResources\values-it-rIT\values-it-rIT.xml:740:4: Multiple substitutions specified in non-positional format of string resource string/scene_wizard_profile_info. Did you mean to add the formatted="false" attribute?

> Task :core:graph:processFullDebugUnitTestManifest

> Task :core:graph:mergeFullDebugUnitTestResources
C:\Users\craig\StudioProjects\AndroidAPS\AndroidAPSApril26\core\ui\build\intermediates\packaged_res\fullDebug\packageFullDebugResources\values-vi-rVN\values-vi-rVN.xml:724:4: Multiple substitutions specified in non-positional format of string resource string/scene_wizard_info_luteal_phase. Did you mean to add the formatted="false" attribute?
C:\Users\craig\StudioProjects\AndroidAPS\AndroidAPSApril26\core\ui\build\intermediates\packaged_res\fullDebug\packageFullDebugResources\values-vi-rVN\values-vi-rVN.xml:728:4: Multiple substitutions specified in non-positional format of string resource string/scene_wizard_info_sick_day. Did you mean to add the formatted="false" attribute?
C:\Users\craig\StudioProjects\AndroidAPS\AndroidAPSApril26\core\ui\build\intermediates\packaged_res\fullDebug\packageFullDebugResources\values-vi-rVN\values-vi-rVN.xml:737:4: Multiple substitutions specified in non-positional format of string resource string/scene_wizard_profile_info. Did you mean to add the formatted="false" attribute?
C:\Users\craig\StudioProjects\AndroidAPS\AndroidAPSApril26\core\ui\build\intermediates\packaged_res\fullDebug\packageFullDebugResources\values\values.xml:755:4: Multiple substitutions specified in non-positional format of string resource string/scene_wizard_info_luteal_phase. Did you mean to add the formatted="false" attribute?
C:\Users\craig\StudioProjects\AndroidAPS\AndroidAPSApril26\core\ui\build\intermediates\packaged_res\fullDebug\packageFullDebugResources\values\values.xml:759:4: Multiple substitutions specified in non-positional format of string resource string/scene_wizard_info_sick_day. Did you mean to add the formatted="false" attribute?
C:\Users\craig\StudioProjects\AndroidAPS\AndroidAPSApril26\core\ui\build\intermediates\packaged_res\fullDebug\packageFullDebugResources\values\values.xml:768:4: Multiple substitutions specified in non-positional format of string resource string/scene_wizard_profile_info. Did you mean to add the formatted="false" attribute?
C:\Users\craig\StudioProjects\AndroidAPS\AndroidAPSApril26\core\ui\build\intermediates\packaged_res\fullDebug\packageFullDebugResources\values-ru-rRU\values-ru-rRU.xml:406:4: Multiple substitutions specified in non-positional format of string resource string/temp_basal_percent_rate. Did you mean to add the formatted="false" attribute?
C:\Users\craig\StudioProjects\AndroidAPS\AndroidAPSApril26\core\ui\build\intermediates\packaged_res\fullDebug\packageFullDebugResources\values-zh-rCN\values-zh-rCN.xml:726:4: Multiple substitutions specified in non-positional format of string resource string/scene_wizard_info_luteal_phase. Did you mean to add the formatted="false" attribute?
C:\Users\craig\StudioProjects\AndroidAPS\AndroidAPSApril26\core\ui\build\intermediates\packaged_res\fullDebug\packageFullDebugResources\values-zh-rCN\values-zh-rCN.xml:730:4: Multiple substitutions specified in non-positional format of string resource string/scene_wizard_info_sick_day. Did you mean to add the formatted="false" attribute?
C:\Users\craig\StudioProjects\AndroidAPS\AndroidAPSApril26\core\ui\build\intermediates\packaged_res\fullDebug\packageFullDebugResources\values-zh-rCN\values-zh-rCN.xml:739:4: Multiple substitutions specified in non-positional format of string resource string/scene_wizard_profile_info. Did you mean to add the formatted="false" attribute?

> Task :app:mapFullDebugSourceSetPaths

> Task :workflow:mergeFullDebugUnitTestResources
C:\Users\craig\StudioProjects\AndroidAPS\AndroidAPSApril26\core\ui\build\intermediates\packaged_res\fullDebug\packageFullDebugResources\values\values.xml:755:4: Multiple substitutions specified in non-positional format of string resource string/scene_wizard_info_luteal_phase. Did you mean to add the formatted="false" attribute?
C:\Users\craig\StudioProjects\AndroidAPS\AndroidAPSApril26\core\ui\build\intermediates\packaged_res\fullDebug\packageFullDebugResources\values\values.xml:759:4: Multiple substitutions specified in non-positional format of string resource string/scene_wizard_info_sick_day. Did you mean to add the formatted="false" attribute?
C:\Users\craig\StudioProjects\AndroidAPS\AndroidAPSApril26\core\ui\build\intermediates\packaged_res\fullDebug\packageFullDebugResources\values\values.xml:768:4: Multiple substitutions specified in non-positional format of string resource string/scene_wizard_profile_info. Did you mean to add the formatted="false" attribute?
C:\Users\craig\StudioProjects\AndroidAPS\AndroidAPSApril26\core\ui\build\intermediates\packaged_res\fullDebug\packageFullDebugResources\values-ro-rRO\values-ro-rRO.xml:730:4: Multiple substitutions specified in non-positional format of string resource string/scene_wizard_info_luteal_phase. Did you mean to add the formatted="false" attribute?
C:\Users\craig\StudioProjects\AndroidAPS\AndroidAPSApril26\core\ui\build\intermediates\packaged_res\fullDebug\packageFullDebugResources\values-ro-rRO\values-ro-rRO.xml:734:4: Multiple substitutions specified in non-positional format of string resource string/scene_wizard_info_sick_day. Did you mean to add the formatted="false" attribute?
C:\Users\craig\StudioProjects\AndroidAPS\AndroidAPSApril26\core\ui\build\intermediates\packaged_res\fullDebug\packageFullDebugResources\values-ro-rRO\values-ro-rRO.xml:743:4: Multiple substitutions specified in non-positional format of string resource string/scene_wizard_profile_info. Did you mean to add the formatted="false" attribute?
C:\Users\craig\StudioProjects\AndroidAPS\AndroidAPSApril26\core\ui\build\intermediates\packaged_res\fullDebug\packageFullDebugResources\values-ru-rRU\values-ru-rRU.xml:406:4: Multiple substitutions specified in non-positional format of string resource string/temp_basal_percent_rate. Did you mean to add the formatted="false" attribute?
C:\Users\craig\StudioProjects\AndroidAPS\AndroidAPSApril26\core\interfaces\build\intermediates\packaged_res\fullDebug\packageFullDebugResources\values-es-rES\values-es-rES.xml:30:4: Multiple substitutions specified in non-positional format of string resource string/half_basal_exercise_target_summary. Did you mean to add the formatted="false" attribute?
C:\Users\craig\StudioProjects\AndroidAPS\AndroidAPSApril26\core\ui\build\intermediates\packaged_res\fullDebug\packageFullDebugResources\values-it-rIT\values-it-rIT.xml:727:4: Multiple substitutions specified in non-positional format of string resource string/scene_wizard_info_luteal_phase. Did you mean to add the formatted="false" attribute?
C:\Users\craig\StudioProjects\AndroidAPS\AndroidAPSApril26\core\ui\build\intermediates\packaged_res\fullDebug\packageFullDebugResources\values-it-rIT\values-it-rIT.xml:731:4: Multiple substitutions specified in non-positional format of string resource string/scene_wizard_info_sick_day. Did you mean to add the formatted="false" attribute?
C:\Users\craig\StudioProjects\AndroidAPS\AndroidAPSApril26\core\ui\build\intermediates\packaged_res\fullDebug\packageFullDebugResources\values-it-rIT\values-it-rIT.xml:740:4: Multiple substitutions specified in non-positional format of string resource string/scene_wizard_profile_info. Did you mean to add the formatted="false" attribute?
C:\Users\craig\StudioProjects\AndroidAPS\AndroidAPSApril26\core\ui\build\intermediates\packaged_res\fullDebug\packageFullDebugResources\values-es-rES\values-es-rES.xml:727:4: Multiple substitutions specified in non-positional format of string resource string/scene_wizard_info_luteal_phase. Did you mean to add the formatted="false" attribute?
C:\Users\craig\StudioProjects\AndroidAPS\AndroidAPSApril26\core\ui\build\intermediates\packaged_res\fullDebug\packageFullDebugResources\values-es-rES\values-es-rES.xml:731:4: Multiple substitutions specified in non-positional format of string resource string/scene_wizard_info_sick_day. Did you mean to add the formatted="false" attribute?
C:\Users\craig\StudioProjects\AndroidAPS\AndroidAPSApril26\core\ui\build\intermediates\packaged_res\fullDebug\packageFullDebugResources\values-es-rES\values-es-rES.xml:740:4: Multiple substitutions specified in non-positional format of string resource string/scene_wizard_profile_info. Did you mean to add the formatted="false" attribute?
C:\Users\craig\StudioProjects\AndroidAPS\AndroidAPSApril26\core\ui\build\intermediates\packaged_res\fullDebug\packageFullDebugResources\values-fr-rFR\values-fr-rFR.xml:727:4: Multiple substitutions specified in non-positional format of string resource string/scene_wizard_info_luteal_phase. Did you mean to add the formatted="false" attribute?
C:\Users\craig\StudioProjects\AndroidAPS\AndroidAPSApril26\core\ui\build\intermediates\packaged_res\fullDebug\packageFullDebugResources\values-fr-rFR\values-fr-rFR.xml:731:4: Multiple substitutions specified in non-positional format of string resource string/scene_wizard_info_sick_day. Did you mean to add the formatted="false" attribute?
C:\Users\craig\StudioProjects\AndroidAPS\AndroidAPSApril26\core\ui\build\intermediates\packaged_res\fullDebug\packageFullDebugResources\values-fr-rFR\values-fr-rFR.xml:740:4: Multiple substitutions specified in non-positional format of string resource string/scene_wizard_profile_info. Did you mean to add the formatted="false" attribute?
C:\Users\craig\StudioProjects\AndroidAPS\AndroidAPSApril26\core\ui\build\intermediates\packaged_res\fullDebug\packageFullDebugResources\values-zh-rCN\values-zh-rCN.xml:726:4: Multiple substitutions specified in non-positional format of string resource string/scene_wizard_info_luteal_phase. Did you mean to add the formatted="false" attribute?
C:\Users\craig\StudioProjects\AndroidAPS\AndroidAPSApril26\core\ui\build\intermediates\packaged_res\fullDebug\packageFullDebugResources\values-zh-rCN\values-zh-rCN.xml:730:4: Multiple substitutions specified in non-positional format of string resource string/scene_wizard_info_sick_day. Did you mean to add the formatted="false" attribute?
C:\Users\craig\StudioProjects\AndroidAPS\AndroidAPSApril26\core\ui\build\intermediates\packaged_res\fullDebug\packageFullDebugResources\values-zh-rCN\values-zh-rCN.xml:739:4: Multiple substitutions specified in non-positional format of string resource string/scene_wizard_profile_info. Did you mean to add the formatted="false" attribute?
C:\Users\craig\StudioProjects\AndroidAPS\AndroidAPSApril26\core\ui\build\intermediates\packaged_res\fullDebug\packageFullDebugResources\values-vi-rVN\values-vi-rVN.xml:724:4: Multiple substitutions specified in non-positional format of string resource string/scene_wizard_info_luteal_phase. Did you mean to add the formatted="false" attribute?
C:\Users\craig\StudioProjects\AndroidAPS\AndroidAPSApril26\core\ui\build\intermediates\packaged_res\fullDebug\packageFullDebugResources\values-vi-rVN\values-vi-rVN.xml:728:4: Multiple substitutions specified in non-positional format of string resource string/scene_wizard_info_sick_day. Did you mean to add the formatted="false" attribute?
C:\Users\craig\StudioProjects\AndroidAPS\AndroidAPSApril26\core\ui\build\intermediates\packaged_res\fullDebug\packageFullDebugResources\values-vi-rVN\values-vi-rVN.xml:737:4: Multiple substitutions specified in non-positional format of string resource string/scene_wizard_profile_info. Did you mean to add the formatted="false" attribute?
C:\Users\craig\StudioProjects\AndroidAPS\AndroidAPSApril26\core\ui\build\intermediates\packaged_res\fullDebug\packageFullDebugResources\values-zh-rTW\values-zh-rTW.xml:724:4: Multiple substitutions specified in non-positional format of string resource string/scene_wizard_info_luteal_phase. Did you mean to add the formatted="false" attribute?
C:\Users\craig\StudioProjects\AndroidAPS\AndroidAPSApril26\core\ui\build\intermediates\packaged_res\fullDebug\packageFullDebugResources\values-zh-rTW\values-zh-rTW.xml:728:4: Multiple substitutions specified in non-positional format of string resource string/scene_wizard_info_sick_day. Did you mean to add the formatted="false" attribute?
C:\Users\craig\StudioProjects\AndroidAPS\AndroidAPSApril26\core\ui\build\intermediates\packaged_res\fullDebug\packageFullDebugResources\values-zh-rTW\values-zh-rTW.xml:737:4: Multiple substitutions specified in non-positional format of string resource string/scene_wizard_profile_info. Did you mean to add the formatted="false" attribute?

> Task :app:compileFullDebugNavigationResources
> Task :app:createFullDebugCompatibleScreenManifests
> Task :app:extractDeepLinksFullDebug
> Task :implementation:mergeFullDebugUnitTestAssets
> Task :ui:generateFullDebugUnitTestAssets UP-TO-DATE

> Task :implementation:mergeFullDebugUnitTestResources
C:\Users\craig\StudioProjects\AndroidAPS\AndroidAPSApril26\core\ui\build\intermediates\packaged_res\fullDebug\packageFullDebugResources\values-ro-rRO\values-ro-rRO.xml:730:4: Multiple substitutions specified in non-positional format of string resource string/scene_wizard_info_luteal_phase. Did you mean to add the formatted="false" attribute?
C:\Users\craig\StudioProjects\AndroidAPS\AndroidAPSApril26\core\ui\build\intermediates\packaged_res\fullDebug\packageFullDebugResources\values-ro-rRO\values-ro-rRO.xml:734:4: Multiple substitutions specified in non-positional format of string resource string/scene_wizard_info_sick_day. Did you mean to add the formatted="false" attribute?
C:\Users\craig\StudioProjects\AndroidAPS\AndroidAPSApril26\core\ui\build\intermediates\packaged_res\fullDebug\packageFullDebugResources\values-ro-rRO\values-ro-rRO.xml:743:4: Multiple substitutions specified in non-positional format of string resource string/scene_wizard_profile_info. Did you mean to add the formatted="false" attribute?
C:\Users\craig\StudioProjects\AndroidAPS\AndroidAPSApril26\core\interfaces\build\intermediates\packaged_res\fullDebug\packageFullDebugResources\values-es-rES\values-es-rES.xml:30:4: Multiple substitutions specified in non-positional format of string resource string/half_basal_exercise_target_summary. Did you mean to add the formatted="false" attribute?
C:\Users\craig\StudioProjects\AndroidAPS\AndroidAPSApril26\core\ui\build\intermediates\packaged_res\fullDebug\packageFullDebugResources\values-es-rES\values-es-rES.xml:727:4: Multiple substitutions specified in non-positional format of string resource string/scene_wizard_info_luteal_phase. Did you mean to add the formatted="false" attribute?
C:\Users\craig\StudioProjects\AndroidAPS\AndroidAPSApril26\core\ui\build\intermediates\packaged_res\fullDebug\packageFullDebugResources\values-es-rES\values-es-rES.xml:731:4: Multiple substitutions specified in non-positional format of string resource string/scene_wizard_info_sick_day. Did you mean to add the formatted="false" attribute?
C:\Users\craig\StudioProjects\AndroidAPS\AndroidAPSApril26\core\ui\build\intermediates\packaged_res\fullDebug\packageFullDebugResources\values-es-rES\values-es-rES.xml:740:4: Multiple substitutions specified in non-positional format of string resource string/scene_wizard_profile_info. Did you mean to add the formatted="false" attribute?
C:\Users\craig\StudioProjects\AndroidAPS\AndroidAPSApril26\core\ui\build\intermediates\packaged_res\fullDebug\packageFullDebugResources\values-fr-rFR\values-fr-rFR.xml:727:4: Multiple substitutions specified in non-positional format of string resource string/scene_wizard_info_luteal_phase. Did you mean to add the formatted="false" attribute?
C:\Users\craig\StudioProjects\AndroidAPS\AndroidAPSApril26\core\ui\build\intermediates\packaged_res\fullDebug\packageFullDebugResources\values-fr-rFR\values-fr-rFR.xml:731:4: Multiple substitutions specified in non-positional format of string resource string/scene_wizard_info_sick_day. Did you mean to add the formatted="false" attribute?
C:\Users\craig\StudioProjects\AndroidAPS\AndroidAPSApril26\core\ui\build\intermediates\packaged_res\fullDebug\packageFullDebugResources\values-fr-rFR\values-fr-rFR.xml:740:4: Multiple substitutions specified in non-positional format of string resource string/scene_wizard_profile_info. Did you mean to add the formatted="false" attribute?
C:\Users\craig\StudioProjects\AndroidAPS\AndroidAPSApril26\core\ui\build\intermediates\packaged_res\fullDebug\packageFullDebugResources\values-zh-rTW\values-zh-rTW.xml:724:4: Multiple substitutions specified in non-positional format of string resource string/scene_wizard_info_luteal_phase. Did you mean to add the formatted="false" attribute?
C:\Users\craig\StudioProjects\AndroidAPS\AndroidAPSApril26\core\ui\build\intermediates\packaged_res\fullDebug\packageFullDebugResources\values-zh-rTW\values-zh-rTW.xml:728:4: Multiple substitutions specified in non-positional format of string resource string/scene_wizard_info_sick_day. Did you mean to add the formatted="false" attribute?
C:\Users\craig\StudioProjects\AndroidAPS\AndroidAPSApril26\core\ui\build\intermediates\packaged_res\fullDebug\packageFullDebugResources\values-zh-rTW\values-zh-rTW.xml:737:4: Multiple substitutions specified in non-positional format of string resource string/scene_wizard_profile_info. Did you mean to add the formatted="false" attribute?
C:\Users\craig\StudioProjects\AndroidAPS\AndroidAPSApril26\core\ui\build\intermediates\packaged_res\fullDebug\packageFullDebugResources\values-vi-rVN\values-vi-rVN.xml:724:4: Multiple substitutions specified in non-positional format of string resource string/scene_wizard_info_luteal_phase. Did you mean to add the formatted="false" attribute?
C:\Users\craig\StudioProjects\AndroidAPS\AndroidAPSApril26\core\ui\build\intermediates\packaged_res\fullDebug\packageFullDebugResources\values-vi-rVN\values-vi-rVN.xml:728:4: Multiple substitutions specified in non-positional format of string resource string/scene_wizard_info_sick_day. Did you mean to add the formatted="false" attribute?
C:\Users\craig\StudioProjects\AndroidAPS\AndroidAPSApril26\core\ui\build\intermediates\packaged_res\fullDebug\packageFullDebugResources\values-vi-rVN\values-vi-rVN.xml:737:4: Multiple substitutions specified in non-positional format of string resource string/scene_wizard_profile_info. Did you mean to add the formatted="false" attribute?
C:\Users\craig\StudioProjects\AndroidAPS\AndroidAPSApril26\core\ui\build\intermediates\packaged_res\fullDebug\packageFullDebugResources\values\values.xml:755:4: Multiple substitutions specified in non-positional format of string resource string/scene_wizard_info_luteal_phase. Did you mean to add the formatted="false" attribute?
C:\Users\craig\StudioProjects\AndroidAPS\AndroidAPSApril26\core\ui\build\intermediates\packaged_res\fullDebug\packageFullDebugResources\values\values.xml:759:4: Multiple substitutions specified in non-positional format of string resource string/scene_wizard_info_sick_day. Did you mean to add the formatted="false" attribute?
C:\Users\craig\StudioProjects\AndroidAPS\AndroidAPSApril26\core\ui\build\intermediates\packaged_res\fullDebug\packageFullDebugResources\values\values.xml:768:4: Multiple substitutions specified in non-positional format of string resource string/scene_wizard_profile_info. Did you mean to add the formatted="false" attribute?
C:\Users\craig\StudioProjects\AndroidAPS\AndroidAPSApril26\core\ui\build\intermediates\packaged_res\fullDebug\packageFullDebugResources\values-ru-rRU\values-ru-rRU.xml:406:4: Multiple substitutions specified in non-positional format of string resource string/temp_basal_percent_rate. Did you mean to add the formatted="false" attribute?
C:\Users\craig\StudioProjects\AndroidAPS\AndroidAPSApril26\core\ui\build\intermediates\packaged_res\fullDebug\packageFullDebugResources\values-zh-rCN\values-zh-rCN.xml:726:4: Multiple substitutions specified in non-positional format of string resource string/scene_wizard_info_luteal_phase. Did you mean to add the formatted="false" attribute?
C:\Users\craig\StudioProjects\AndroidAPS\AndroidAPSApril26\core\ui\build\intermediates\packaged_res\fullDebug\packageFullDebugResources\values-zh-rCN\values-zh-rCN.xml:730:4: Multiple substitutions specified in non-positional format of string resource string/scene_wizard_info_sick_day. Did you mean to add the formatted="false" attribute?
C:\Users\craig\StudioProjects\AndroidAPS\AndroidAPSApril26\core\ui\build\intermediates\packaged_res\fullDebug\packageFullDebugResources\values-zh-rCN\values-zh-rCN.xml:739:4: Multiple substitutions specified in non-positional format of string resource string/scene_wizard_profile_info. Did you mean to add the formatted="false" attribute?

> Task :app:checkFullDebugAarMetadata

> Task :ui:mergeFullDebugUnitTestResources
C:\Users\craig\StudioProjects\AndroidAPS\AndroidAPSApril26\core\ui\build\intermediates\packaged_res\fullDebug\packageFullDebugResources\values\values.xml:755:4: Multiple substitutions specified in non-positional format of string resource string/scene_wizard_info_luteal_phase. Did you mean to add the formatted="false" attribute?
C:\Users\craig\StudioProjects\AndroidAPS\AndroidAPSApril26\core\ui\build\intermediates\packaged_res\fullDebug\packageFullDebugResources\values\values.xml:759:4: Multiple substitutions specified in non-positional format of string resource string/scene_wizard_info_sick_day. Did you mean to add the formatted="false" attribute?
C:\Users\craig\StudioProjects\AndroidAPS\AndroidAPSApril26\core\ui\build\intermediates\packaged_res\fullDebug\packageFullDebugResources\values\values.xml:768:4: Multiple substitutions specified in non-positional format of string resource string/scene_wizard_profile_info. Did you mean to add the formatted="false" attribute?
C:\Users\craig\StudioProjects\AndroidAPS\AndroidAPSApril26\core\ui\build\intermediates\packaged_res\fullDebug\packageFullDebugResources\values-ru-rRU\values-ru-rRU.xml:406:4: Multiple substitutions specified in non-positional format of string resource string/temp_basal_percent_rate. Did you mean to add the formatted="false" attribute?
C:\Users\craig\StudioProjects\AndroidAPS\AndroidAPSApril26\core\ui\build\intermediates\packaged_res\fullDebug\packageFullDebugResources\values-ro-rRO\values-ro-rRO.xml:730:4: Multiple substitutions specified in non-positional format of string resource string/scene_wizard_info_luteal_phase. Did you mean to add the formatted="false" attribute?
C:\Users\craig\StudioProjects\AndroidAPS\AndroidAPSApril26\core\ui\build\intermediates\packaged_res\fullDebug\packageFullDebugResources\values-ro-rRO\values-ro-rRO.xml:734:4: Multiple substitutions specified in non-positional format of string resource string/scene_wizard_info_sick_day. Did you mean to add the formatted="false" attribute?
C:\Users\craig\StudioProjects\AndroidAPS\AndroidAPSApril26\core\ui\build\intermediates\packaged_res\fullDebug\packageFullDebugResources\values-ro-rRO\values-ro-rRO.xml:743:4: Multiple substitutions specified in non-positional format of string resource string/scene_wizard_profile_info. Did you mean to add the formatted="false" attribute?
C:\Users\craig\StudioProjects\AndroidAPS\AndroidAPSApril26\core\ui\build\intermediates\packaged_res\fullDebug\packageFullDebugResources\values-zh-rCN\values-zh-rCN.xml:726:4: Multiple substitutions specified in non-positional format of string resource string/scene_wizard_info_luteal_phase. Did you mean to add the formatted="false" attribute?
C:\Users\craig\StudioProjects\AndroidAPS\AndroidAPSApril26\core\ui\build\intermediates\packaged_res\fullDebug\packageFullDebugResources\values-zh-rCN\values-zh-rCN.xml:730:4: Multiple substitutions specified in non-positional format of string resource string/scene_wizard_info_sick_day. Did you mean to add the formatted="false" attribute?
C:\Users\craig\StudioProjects\AndroidAPS\AndroidAPSApril26\core\ui\build\intermediates\packaged_res\fullDebug\packageFullDebugResources\values-zh-rCN\values-zh-rCN.xml:739:4: Multiple substitutions specified in non-positional format of string resource string/scene_wizard_profile_info. Did you mean to add the formatted="false" attribute?
C:\Users\craig\StudioProjects\AndroidAPS\AndroidAPSApril26\core\ui\build\intermediates\packaged_res\fullDebug\packageFullDebugResources\values-it-rIT\values-it-rIT.xml:727:4: Multiple substitutions specified in non-positional format of string resource string/scene_wizard_info_luteal_phase. Did you mean to add the formatted="false" attribute?
C:\Users\craig\StudioProjects\AndroidAPS\AndroidAPSApril26\core\ui\build\intermediates\packaged_res\fullDebug\packageFullDebugResources\values-it-rIT\values-it-rIT.xml:731:4: Multiple substitutions specified in non-positional format of string resource string/scene_wizard_info_sick_day. Did you mean to add the formatted="false" attribute?
C:\Users\craig\StudioProjects\AndroidAPS\AndroidAPSApril26\core\ui\build\intermediates\packaged_res\fullDebug\packageFullDebugResources\values-it-rIT\values-it-rIT.xml:740:4: Multiple substitutions specified in non-positional format of string resource string/scene_wizard_profile_info. Did you mean to add the formatted="false" attribute?
C:\Users\craig\StudioProjects\AndroidAPS\AndroidAPSApril26\core\ui\build\intermediates\packaged_res\fullDebug\packageFullDebugResources\values-fr-rFR\values-fr-rFR.xml:727:4: Multiple substitutions specified in non-positional format of string resource string/scene_wizard_info_luteal_phase. Did you mean to add the formatted="false" attribute?
C:\Users\craig\StudioProjects\AndroidAPS\AndroidAPSApril26\core\ui\build\intermediates\packaged_res\fullDebug\packageFullDebugResources\values-fr-rFR\values-fr-rFR.xml:731:4: Multiple substitutions specified in non-positional format of string resource string/scene_wizard_info_sick_day. Did you mean to add the formatted="false" attribute?
C:\Users\craig\StudioProjects\AndroidAPS\AndroidAPSApril26\core\ui\build\intermediates\packaged_res\fullDebug\packageFullDebugResources\values-fr-rFR\values-fr-rFR.xml:740:4: Multiple substitutions specified in non-positional format of string resource string/scene_wizard_profile_info. Did you mean to add the formatted="false" attribute?
C:\Users\craig\StudioProjects\AndroidAPS\AndroidAPSApril26\core\ui\build\intermediates\packaged_res\fullDebug\packageFullDebugResources\values-vi-rVN\values-vi-rVN.xml:724:4: Multiple substitutions specified in non-positional format of string resource string/scene_wizard_info_luteal_phase. Did you mean to add the formatted="false" attribute?
C:\Users\craig\StudioProjects\AndroidAPS\AndroidAPSApril26\core\ui\build\intermediates\packaged_res\fullDebug\packageFullDebugResources\values-vi-rVN\values-vi-rVN.xml:728:4: Multiple substitutions specified in non-positional format of string resource string/scene_wizard_info_sick_day. Did you mean to add the formatted="false" attribute?
C:\Users\craig\StudioProjects\AndroidAPS\AndroidAPSApril26\core\ui\build\intermediates\packaged_res\fullDebug\packageFullDebugResources\values-vi-rVN\values-vi-rVN.xml:737:4: Multiple substitutions specified in non-positional format of string resource string/scene_wizard_profile_info. Did you mean to add the formatted="false" attribute?
C:\Users\craig\StudioProjects\AndroidAPS\AndroidAPSApril26\core\interfaces\build\intermediates\packaged_res\fullDebug\packageFullDebugResources\values-es-rES\values-es-rES.xml:30:4: Multiple substitutions specified in non-positional format of string resource string/half_basal_exercise_target_summary. Did you mean to add the formatted="false" attribute?
C:\Users\craig\StudioProjects\AndroidAPS\AndroidAPSApril26\core\ui\build\intermediates\packaged_res\fullDebug\packageFullDebugResources\values-es-rES\values-es-rES.xml:727:4: Multiple substitutions specified in non-positional format of string resource string/scene_wizard_info_luteal_phase. Did you mean to add the formatted="false" attribute?
C:\Users\craig\StudioProjects\AndroidAPS\AndroidAPSApril26\core\ui\build\intermediates\packaged_res\fullDebug\packageFullDebugResources\values-es-rES\values-es-rES.xml:731:4: Multiple substitutions specified in non-positional format of string resource string/scene_wizard_info_sick_day. Did you mean to add the formatted="false" attribute?
C:\Users\craig\StudioProjects\AndroidAPS\AndroidAPSApril26\core\ui\build\intermediates\packaged_res\fullDebug\packageFullDebugResources\values-es-rES\values-es-rES.xml:740:4: Multiple substitutions specified in non-positional format of string resource string/scene_wizard_profile_info. Did you mean to add the formatted="false" attribute?
C:\Users\craig\StudioProjects\AndroidAPS\AndroidAPSApril26\core\ui\build\intermediates\packaged_res\fullDebug\packageFullDebugResources\values-zh-rTW\values-zh-rTW.xml:724:4: Multiple substitutions specified in non-positional format of string resource string/scene_wizard_info_luteal_phase. Did you mean to add the formatted="false" attribute?
C:\Users\craig\StudioProjects\AndroidAPS\AndroidAPSApril26\core\ui\build\intermediates\packaged_res\fullDebug\packageFullDebugResources\values-zh-rTW\values-zh-rTW.xml:728:4: Multiple substitutions specified in non-positional format of string resource string/scene_wizard_info_sick_day. Did you mean to add the formatted="false" attribute?
C:\Users\craig\StudioProjects\AndroidAPS\AndroidAPSApril26\core\ui\build\intermediates\packaged_res\fullDebug\packageFullDebugResources\values-zh-rTW\values-zh-rTW.xml:737:4: Multiple substitutions specified in non-positional format of string resource string/scene_wizard_profile_info. Did you mean to add the formatted="false" attribute?

> Task :workflow:mergeFullDebugUnitTestAssets
> Task :ui:mergeFullDebugUnitTestAssets
> Task :core:graph:generateFullDebugUnitTestAssets UP-TO-DATE
> Task :core:graph:mergeFullDebugUnitTestAssets
> Task :core:keys:preFullDebugUnitTestBuild UP-TO-DATE
> Task :core:graph:javaPreCompileFullDebugUnitTest
> Task :core:keys:javaPreCompileFullDebugUnitTest
> Task :core:nssdk:preFullDebugUnitTestBuild UP-TO-DATE
> Task :core:keys:generateFullDebugUnitTestStubRFile
> Task :core:nssdk:checkFullDebugUnitTestAarMetadata
> Task :core:keys:compileFullDebugUnitTestKotlin NO-SOURCE
> Task :core:keys:compileFullDebugUnitTestJavaWithJavac NO-SOURCE
> Task :core:nssdk:mapFullDebugUnitTestSourceSetPaths
> Task :core:keys:processFullDebugUnitTestJavaRes NO-SOURCE
> Task :core:keys:testFullDebugUnitTest NO-SOURCE
> Task :core:objects:preFullDebugUnitTestBuild UP-TO-DATE
> Task :core:objects:checkFullDebugUnitTestAarMetadata
> Task :core:objects:mapFullDebugUnitTestSourceSetPaths
> Task :core:nssdk:generateFullDebugUnitTestResources
> Task :core:interfaces:processFullDebugUnitTestManifest
> Task :core:objects:generateFullDebugUnitTestResources
> Task :app:processFullDebugMainManifest
> Task :wear:packageFullDebugResources
> Task :wear:processFullDebugNavigationResources
> Task :core:nssdk:mergeFullDebugUnitTestResources
> Task :wear:generateFullDebugBuildConfig
> Task :wear:javaPreCompileFullDebug
> Task :wear:parseFullDebugLocalResources
> Task :pump:combov2:comboctl:compileFullDebugKotlin
> Task :pump:combov2:comboctl:compileFullDebugJavaWithJavac NO-SOURCE
> Task :database:impl:kspFullDebugKotlin
> Task :core:interfaces:processFullDebugUnitTestResources
> Task :core:interfaces:javaPreCompileFullDebugUnitTest
> Task :wear:checkFullDebugAarMetadata
> Task :pump:combov2:comboctl:processFullDebugJavaRes
> Task :core:interfaces:generateFullDebugUnitTestAssets UP-TO-DATE
> Task :app:dataBindingGenBaseClassesFullDebug
> Task :app:processFullDebugManifest
> Task :core:interfaces:mergeFullDebugUnitTestAssets
> Task :app:generateFullDebugAssets UP-TO-DATE
> Task :pump:combov2:comboctl:bundleLibCompileToJarFullDebug
> Task :core:interfaces:packageFullDebugUnitTestForUnitTest
> Task :app:mergeFullDebugAssets
> Task :app:processFullDebugManifestForPackage
> Task :core:interfaces:generateFullDebugUnitTestConfig
> Task :core:ui:preFullDebugUnitTestBuild UP-TO-DATE
> Task :implementation:processFullDebugUnitTestResources
> Task :workflow:processFullDebugUnitTestResources
> Task :core:graph:processFullDebugUnitTestResources
> Task :implementation:packageFullDebugUnitTestForUnitTest
> Task :workflow:packageFullDebugUnitTestForUnitTest
> Task :core:graph:packageFullDebugUnitTestForUnitTest
> Task :core:nssdk:processFullDebugUnitTestManifest
> Task :wear:dataBindingGenBaseClassesFullDebug
> Task :implementation:generateFullDebugUnitTestConfig
> Task :core:graph:generateFullDebugUnitTestConfig
> Task :workflow:generateFullDebugUnitTestConfig
> Task :core:utils:preFullDebugUnitTestBuild UP-TO-DATE
> Task :database:impl:preFullDebugUnitTestBuild UP-TO-DATE
> Task :core:ui:javaPreCompileFullDebugUnitTest
> Task :wear:mapFullDebugSourceSetPaths
> Task :wear:generateFullDebugRFile
> Task :wear:compileFullDebugNavigationResources
> Task :wear:createFullDebugCompatibleScreenManifests
> Task :wear:extractDeepLinksFullDebug
> Task :core:ui:generateFullDebugUnitTestStubRFile
> Task :core:nssdk:generateFullDebugUnitTestAssets UP-TO-DATE
> Task :core:utils:checkFullDebugUnitTestAarMetadata
> Task :core:utils:mapFullDebugUnitTestSourceSetPaths
> Task :core:nssdk:javaPreCompileFullDebugUnitTest
> Task :core:nssdk:mergeFullDebugUnitTestAssets
> Task :database:impl:mapFullDebugUnitTestSourceSetPaths
> Task :database:persistence:preFullDebugUnitTestBuild UP-TO-DATE
> Task :database:impl:checkFullDebugUnitTestAarMetadata
> Task :plugins:aps:preFullDebugUnitTestBuild UP-TO-DATE
> Task :core:utils:generateFullDebugUnitTestResources
> Task :database:impl:generateFullDebugUnitTestResources
> Task :pump:combov2:comboctl:bundleLibRuntimeToJarFullDebug
> Task :database:persistence:mapFullDebugUnitTestSourceSetPaths
> Task :ui:processFullDebugUnitTestResources
> Task :plugins:aps:checkFullDebugUnitTestAarMetadata
> Task :database:persistence:checkFullDebugUnitTestAarMetadata
> Task :plugins:automation:preFullDebugUnitTestBuild UP-TO-DATE
> Task :plugins:aps:mapFullDebugUnitTestSourceSetPaths
> Task :database:persistence:generateFullDebugUnitTestResources
> Task :ui:packageFullDebugUnitTestForUnitTest
> Task :ui:generateFullDebugUnitTestConfig
> Task :plugins:configuration:generateFullDebugUnitTestAssets UP-TO-DATE
> Task :plugins:configuration:preFullDebugUnitTestBuild UP-TO-DATE
> Task :plugins:automation:checkFullDebugUnitTestAarMetadata
> Task :plugins:automation:mapFullDebugUnitTestSourceSetPaths
> Task :wear:processFullDebugMainManifest
> Task :plugins:aps:generateFullDebugUnitTestResources
> Task :wear:processFullDebugManifest
> Task :wear:processFullDebugManifestForPackage
> Task :plugins:automation:generateFullDebugUnitTestResources
> Task :plugins:configuration:mergeFullDebugUnitTestAssets
> Task :plugins:automation:processFullDebugUnitTestManifest
> Task :core:nssdk:processFullDebugUnitTestResources
> Task :plugins:automation:javaPreCompileFullDebugUnitTest
> Task :app:preFullDebugUnitTestBuild UP-TO-DATE
> Task :core:nssdk:compileFullDebugUnitTestKotlin NO-SOURCE
> Task :core:nssdk:compileFullDebugUnitTestJavaWithJavac NO-SOURCE
> Task :core:nssdk:packageFullDebugUnitTestForUnitTest
> Task :plugins:configuration:checkFullDebugUnitTestAarMetadata
> Task :core:nssdk:processFullDebugUnitTestJavaRes NO-SOURCE
> Task :core:nssdk:generateFullDebugUnitTestConfig
> Task :core:nssdk:testFullDebugUnitTest NO-SOURCE
> Task :plugins:configuration:mapFullDebugUnitTestSourceSetPaths
> Task :plugins:configuration:generateFullDebugUnitTestResources
> Task :wear:preFullDebugUnitTestBuild UP-TO-DATE
> Task :wear:javaPreCompileFullDebugUnitTest
> Task :wear:generateFullDebugAssets UP-TO-DATE

> Task :app:processFullDebugUnitTestManifest
C:\Users\craig\StudioProjects\AndroidAPS\AndroidAPSApril26\app\src\main\AndroidManifest.xml:25:5-27:31 Warning:
	uses-permission#android.permission.READ_EXTERNAL_STORAGE was tagged at AndroidManifest.xml:25 to remove other declarations but no other declaration present
C:\Users\craig\StudioProjects\AndroidAPS\AndroidAPSApril26\app\src\main\AndroidManifest.xml:28:5-30:31 Warning:
	uses-permission#android.permission.WRITE_EXTERNAL_STORAGE was tagged at AndroidManifest.xml:28 to remove other declarations but no other declaration present

> Task :app:generateFullDebugJacocoPropertiesFile

> Task :core:objects:mergeFullDebugUnitTestResources
C:\Users\craig\StudioProjects\AndroidAPS\AndroidAPSApril26\core\ui\build\intermediates\packaged_res\fullDebug\packageFullDebugResources\values-ro-rRO\values-ro-rRO.xml:730:4: Multiple substitutions specified in non-positional format of string resource string/scene_wizard_info_luteal_phase. Did you mean to add the formatted="false" attribute?
C:\Users\craig\StudioProjects\AndroidAPS\AndroidAPSApril26\core\ui\build\intermediates\packaged_res\fullDebug\packageFullDebugResources\values-ro-rRO\values-ro-rRO.xml:734:4: Multiple substitutions specified in non-positional format of string resource string/scene_wizard_info_sick_day. Did you mean to add the formatted="false" attribute?
C:\Users\craig\StudioProjects\AndroidAPS\AndroidAPSApril26\core\ui\build\intermediates\packaged_res\fullDebug\packageFullDebugResources\values-ro-rRO\values-ro-rRO.xml:743:4: Multiple substitutions specified in non-positional format of string resource string/scene_wizard_profile_info. Did you mean to add the formatted="false" attribute?

> Task :plugins:configuration:processFullDebugUnitTestManifest
> Task :wear:mergeFullDebugAssets
> Task :database:impl:mergeFullDebugUnitTestResources

> Task :database:persistence:mergeFullDebugUnitTestResources
C:\Users\craig\StudioProjects\AndroidAPS\AndroidAPSApril26\core\interfaces\build\intermediates\packaged_res\fullDebug\packageFullDebugResources\values-es-rES\values-es-rES.xml:30:4: Multiple substitutions specified in non-positional format of string resource string/half_basal_exercise_target_summary. Did you mean to add the formatted="false" attribute?

> Task :core:utils:mergeFullDebugUnitTestResources
> Task :core:objects:processFullDebugUnitTestManifest

> Task :core:objects:mergeFullDebugUnitTestResources
C:\Users\craig\StudioProjects\AndroidAPS\AndroidAPSApril26\core\ui\build\intermediates\packaged_res\fullDebug\packageFullDebugResources\values-zh-rTW\values-zh-rTW.xml:724:4: Multiple substitutions specified in non-positional format of string resource string/scene_wizard_info_luteal_phase. Did you mean to add the formatted="false" attribute?
C:\Users\craig\StudioProjects\AndroidAPS\AndroidAPSApril26\core\ui\build\intermediates\packaged_res\fullDebug\packageFullDebugResources\values-zh-rTW\values-zh-rTW.xml:728:4: Multiple substitutions specified in non-positional format of string resource string/scene_wizard_info_sick_day. Did you mean to add the formatted="false" attribute?
C:\Users\craig\StudioProjects\AndroidAPS\AndroidAPSApril26\core\ui\build\intermediates\packaged_res\fullDebug\packageFullDebugResources\values-zh-rTW\values-zh-rTW.xml:737:4: Multiple substitutions specified in non-positional format of string resource string/scene_wizard_profile_info. Did you mean to add the formatted="false" attribute?
C:\Users\craig\StudioProjects\AndroidAPS\AndroidAPSApril26\core\ui\build\intermediates\packaged_res\fullDebug\packageFullDebugResources\values-fr-rFR\values-fr-rFR.xml:727:4: Multiple substitutions specified in non-positional format of string resource string/scene_wizard_info_luteal_phase. Did you mean to add the formatted="false" attribute?
C:\Users\craig\StudioProjects\AndroidAPS\AndroidAPSApril26\core\ui\build\intermediates\packaged_res\fullDebug\packageFullDebugResources\values-fr-rFR\values-fr-rFR.xml:731:4: Multiple substitutions specified in non-positional format of string resource string/scene_wizard_info_sick_day. Did you mean to add the formatted="false" attribute?
C:\Users\craig\StudioProjects\AndroidAPS\AndroidAPSApril26\core\ui\build\intermediates\packaged_res\fullDebug\packageFullDebugResources\values-fr-rFR\values-fr-rFR.xml:740:4: Multiple substitutions specified in non-positional format of string resource string/scene_wizard_profile_info. Did you mean to add the formatted="false" attribute?
C:\Users\craig\StudioProjects\AndroidAPS\AndroidAPSApril26\core\ui\build\intermediates\packaged_res\fullDebug\packageFullDebugResources\values-vi-rVN\values-vi-rVN.xml:724:4: Multiple substitutions specified in non-positional format of string resource string/scene_wizard_info_luteal_phase. Did you mean to add the formatted="false" attribute?
C:\Users\craig\StudioProjects\AndroidAPS\AndroidAPSApril26\core\ui\build\intermediates\packaged_res\fullDebug\packageFullDebugResources\values-vi-rVN\values-vi-rVN.xml:728:4: Multiple substitutions specified in non-positional format of string resource string/scene_wizard_info_sick_day. Did you mean to add the formatted="false" attribute?
C:\Users\craig\StudioProjects\AndroidAPS\AndroidAPSApril26\core\ui\build\intermediates\packaged_res\fullDebug\packageFullDebugResources\values-vi-rVN\values-vi-rVN.xml:737:4: Multiple substitutions specified in non-positional format of string resource string/scene_wizard_profile_info. Did you mean to add the formatted="false" attribute?
C:\Users\craig\StudioProjects\AndroidAPS\AndroidAPSApril26\core\ui\build\intermediates\packaged_res\fullDebug\packageFullDebugResources\values\values.xml:755:4: Multiple substitutions specified in non-positional format of string resource string/scene_wizard_info_luteal_phase. Did you mean to add the formatted="false" attribute?
C:\Users\craig\StudioProjects\AndroidAPS\AndroidAPSApril26\core\ui\build\intermediates\packaged_res\fullDebug\packageFullDebugResources\values\values.xml:759:4: Multiple substitutions specified in non-positional format of string resource string/scene_wizard_info_sick_day. Did you mean to add the formatted="false" attribute?
C:\Users\craig\StudioProjects\AndroidAPS\AndroidAPSApril26\core\ui\build\intermediates\packaged_res\fullDebug\packageFullDebugResources\values\values.xml:768:4: Multiple substitutions specified in non-positional format of string resource string/scene_wizard_profile_info. Did you mean to add the formatted="false" attribute?
C:\Users\craig\StudioProjects\AndroidAPS\AndroidAPSApril26\core\ui\build\intermediates\packaged_res\fullDebug\packageFullDebugResources\values-it-rIT\values-it-rIT.xml:727:4: Multiple substitutions specified in non-positional format of string resource string/scene_wizard_info_luteal_phase. Did you mean to add the formatted="false" attribute?
C:\Users\craig\StudioProjects\AndroidAPS\AndroidAPSApril26\core\ui\build\intermediates\packaged_res\fullDebug\packageFullDebugResources\values-it-rIT\values-it-rIT.xml:731:4: Multiple substitutions specified in non-positional format of string resource string/scene_wizard_info_sick_day. Did you mean to add the formatted="false" attribute?
C:\Users\craig\StudioProjects\AndroidAPS\AndroidAPSApril26\core\ui\build\intermediates\packaged_res\fullDebug\packageFullDebugResources\values-it-rIT\values-it-rIT.xml:740:4: Multiple substitutions specified in non-positional format of string resource string/scene_wizard_profile_info. Did you mean to add the formatted="false" attribute?
C:\Users\craig\StudioProjects\AndroidAPS\AndroidAPSApril26\core\interfaces\build\intermediates\packaged_res\fullDebug\packageFullDebugResources\values-es-rES\values-es-rES.xml:30:4: Multiple substitutions specified in non-positional format of string resource string/half_basal_exercise_target_summary. Did you mean to add the formatted="false" attribute?
C:\Users\craig\StudioProjects\AndroidAPS\AndroidAPSApril26\core\ui\build\intermediates\packaged_res\fullDebug\packageFullDebugResources\values-es-rES\values-es-rES.xml:727:4: Multiple substitutions specified in non-positional format of string resource string/scene_wizard_info_luteal_phase. Did you mean to add the formatted="false" attribute?
C:\Users\craig\StudioProjects\AndroidAPS\AndroidAPSApril26\core\ui\build\intermediates\packaged_res\fullDebug\packageFullDebugResources\values-es-rES\values-es-rES.xml:731:4: Multiple substitutions specified in non-positional format of string resource string/scene_wizard_info_sick_day. Did you mean to add the formatted="false" attribute?
C:\Users\craig\StudioProjects\AndroidAPS\AndroidAPSApril26\core\ui\build\intermediates\packaged_res\fullDebug\packageFullDebugResources\values-es-rES\values-es-rES.xml:740:4: Multiple substitutions specified in non-positional format of string resource string/scene_wizard_profile_info. Did you mean to add the formatted="false" attribute?

> Task :wear:processFullDebugUnitTestManifest
> Task :core:objects:generateFullDebugUnitTestAssets UP-TO-DATE
> Task :core:utils:processFullDebugUnitTestManifest
> Task :core:objects:javaPreCompileFullDebugUnitTest
> Task :app:javaPreCompileFullDebugUnitTest
> Task :core:objects:mergeFullDebugUnitTestAssets
> Task :database:persistence:processFullDebugUnitTestManifest
> Task :database:persistence:javaPreCompileFullDebugUnitTest
> Task :database:persistence:generateFullDebugUnitTestAssets UP-TO-DATE
> Task :database:impl:processFullDebugUnitTestManifest
> Task :database:persistence:mergeFullDebugUnitTestAssets
> Task :database:impl:generateFullDebugUnitTestAssets UP-TO-DATE
> Task :database:impl:javaPreCompileFullDebugUnitTest
> Task :plugins:constraints:preFullDebugUnitTestBuild UP-TO-DATE
> Task :database:impl:mergeFullDebugUnitTestAssets
> Task :plugins:constraints:mapFullDebugUnitTestSourceSetPaths

> Task :database:persistence:mergeFullDebugUnitTestResources
C:\Users\craig\StudioProjects\AndroidAPS\AndroidAPSApril26\core\interfaces\build\intermediates\packaged_res\fullDebug\packageFullDebugResources\values-ru-rRU\values-ru-rRU.xml:76:4: Multiple substitutions specified in non-positional format of string resource string/temp_basal_percent_rate. Did you mean to add the formatted="false" attribute?

> Task :plugins:constraints:generateFullDebugUnitTestResources
> Task :wear:processFullDebugResources
> Task :plugins:constraints:checkFullDebugUnitTestAarMetadata
> Task :wear:packageFullDebugUnitTestForUnitTest
> Task :plugins:constraints:processFullDebugUnitTestManifest
> Task :plugins:constraints:javaPreCompileFullDebugUnitTest
> Task :plugins:constraints:generateFullDebugUnitTestAssets UP-TO-DATE

> Task :core:objects:mergeFullDebugUnitTestResources
C:\Users\craig\StudioProjects\AndroidAPS\AndroidAPSApril26\core\ui\build\intermediates\packaged_res\fullDebug\packageFullDebugResources\values-ru-rRU\values-ru-rRU.xml:406:4: Multiple substitutions specified in non-positional format of string resource string/temp_basal_percent_rate. Did you mean to add the formatted="false" attribute?
C:\Users\craig\StudioProjects\AndroidAPS\AndroidAPSApril26\core\ui\build\intermediates\packaged_res\fullDebug\packageFullDebugResources\values-zh-rCN\values-zh-rCN.xml:726:4: Multiple substitutions specified in non-positional format of string resource string/scene_wizard_info_luteal_phase. Did you mean to add the formatted="false" attribute?
C:\Users\craig\StudioProjects\AndroidAPS\AndroidAPSApril26\core\ui\build\intermediates\packaged_res\fullDebug\packageFullDebugResources\values-zh-rCN\values-zh-rCN.xml:730:4: Multiple substitutions specified in non-positional format of string resource string/scene_wizard_info_sick_day. Did you mean to add the formatted="false" attribute?
C:\Users\craig\StudioProjects\AndroidAPS\AndroidAPSApril26\core\ui\build\intermediates\packaged_res\fullDebug\packageFullDebugResources\values-zh-rCN\values-zh-rCN.xml:739:4: Multiple substitutions specified in non-positional format of string resource string/scene_wizard_profile_info. Did you mean to add the formatted="false" attribute?

> Task :wear:generateFullDebugUnitTestConfig

> Task :plugins:aps:mergeFullDebugUnitTestResources
C:\Users\craig\StudioProjects\AndroidAPS\AndroidAPSApril26\core\interfaces\build\intermediates\packaged_res\fullDebug\packageFullDebugResources\values-es-rES\values-es-rES.xml:30:4: Multiple substitutions specified in non-positional format of string resource string/half_basal_exercise_target_summary. Did you mean to add the formatted="false" attribute?
C:\Users\craig\StudioProjects\AndroidAPS\AndroidAPSApril26\core\ui\build\intermediates\packaged_res\fullDebug\packageFullDebugResources\values-es-rES\values-es-rES.xml:727:4: Multiple substitutions specified in non-positional format of string resource string/scene_wizard_info_luteal_phase. Did you mean to add the formatted="false" attribute?
C:\Users\craig\StudioProjects\AndroidAPS\AndroidAPSApril26\core\ui\build\intermediates\packaged_res\fullDebug\packageFullDebugResources\values-es-rES\values-es-rES.xml:731:4: Multiple substitutions specified in non-positional format of string resource string/scene_wizard_info_sick_day. Did you mean to add the formatted="false" attribute?
C:\Users\craig\StudioProjects\AndroidAPS\AndroidAPSApril26\core\ui\build\intermediates\packaged_res\fullDebug\packageFullDebugResources\values-es-rES\values-es-rES.xml:740:4: Multiple substitutions specified in non-positional format of string resource string/scene_wizard_profile_info. Did you mean to add the formatted="false" attribute?
C:\Users\craig\StudioProjects\AndroidAPS\AndroidAPSApril26\core\ui\build\intermediates\packaged_res\fullDebug\packageFullDebugResources\values-fr-rFR\values-fr-rFR.xml:727:4: Multiple substitutions specified in non-positional format of string resource string/scene_wizard_info_luteal_phase. Did you mean to add the formatted="false" attribute?
C:\Users\craig\StudioProjects\AndroidAPS\AndroidAPSApril26\core\ui\build\intermediates\packaged_res\fullDebug\packageFullDebugResources\values-fr-rFR\values-fr-rFR.xml:731:4: Multiple substitutions specified in non-positional format of string resource string/scene_wizard_info_sick_day. Did you mean to add the formatted="false" attribute?
C:\Users\craig\StudioProjects\AndroidAPS\AndroidAPSApril26\core\ui\build\intermediates\packaged_res\fullDebug\packageFullDebugResources\values-fr-rFR\values-fr-rFR.xml:740:4: Multiple substitutions specified in non-positional format of string resource string/scene_wizard_profile_info. Did you mean to add the formatted="false" attribute?
C:\Users\craig\StudioProjects\AndroidAPS\AndroidAPSApril26\core\ui\build\intermediates\packaged_res\fullDebug\packageFullDebugResources\values\values.xml:755:4: Multiple substitutions specified in non-positional format of string resource string/scene_wizard_info_luteal_phase. Did you mean to add the formatted="false" attribute?
C:\Users\craig\StudioProjects\AndroidAPS\AndroidAPSApril26\core\ui\build\intermediates\packaged_res\fullDebug\packageFullDebugResources\values\values.xml:759:4: Multiple substitutions specified in non-positional format of string resource string/scene_wizard_info_sick_day. Did you mean to add the formatted="false" attribute?
C:\Users\craig\StudioProjects\AndroidAPS\AndroidAPSApril26\core\ui\build\intermediates\packaged_res\fullDebug\packageFullDebugResources\values\values.xml:768:4: Multiple substitutions specified in non-positional format of string resource string/scene_wizard_profile_info. Did you mean to add the formatted="false" attribute?
C:\Users\craig\StudioProjects\AndroidAPS\AndroidAPSApril26\core\ui\build\intermediates\packaged_res\fullDebug\packageFullDebugResources\values-vi-rVN\values-vi-rVN.xml:724:4: Multiple substitutions specified in non-positional format of string resource string/scene_wizard_info_luteal_phase. Did you mean to add the formatted="false" attribute?
C:\Users\craig\StudioProjects\AndroidAPS\AndroidAPSApril26\core\ui\build\intermediates\packaged_res\fullDebug\packageFullDebugResources\values-vi-rVN\values-vi-rVN.xml:728:4: Multiple substitutions specified in non-positional format of string resource string/scene_wizard_info_sick_day. Did you mean to add the formatted="false" attribute?
C:\Users\craig\StudioProjects\AndroidAPS\AndroidAPSApril26\core\ui\build\intermediates\packaged_res\fullDebug\packageFullDebugResources\values-vi-rVN\values-vi-rVN.xml:737:4: Multiple substitutions specified in non-positional format of string resource string/scene_wizard_profile_info. Did you mean to add the formatted="false" attribute?
C:\Users\craig\StudioProjects\AndroidAPS\AndroidAPSApril26\core\ui\build\intermediates\packaged_res\fullDebug\packageFullDebugResources\values-ro-rRO\values-ro-rRO.xml:730:4: Multiple substitutions specified in non-positional format of string resource string/scene_wizard_info_luteal_phase. Did you mean to add the formatted="false" attribute?
C:\Users\craig\StudioProjects\AndroidAPS\AndroidAPSApril26\core\ui\build\intermediates\packaged_res\fullDebug\packageFullDebugResources\values-ro-rRO\values-ro-rRO.xml:734:4: Multiple substitutions specified in non-positional format of string resource string/scene_wizard_info_sick_day. Did you mean to add the formatted="false" attribute?
C:\Users\craig\StudioProjects\AndroidAPS\AndroidAPSApril26\core\ui\build\intermediates\packaged_res\fullDebug\packageFullDebugResources\values-ro-rRO\values-ro-rRO.xml:743:4: Multiple substitutions specified in non-positional format of string resource string/scene_wizard_profile_info. Did you mean to add the formatted="false" attribute?

> Task :core:utils:javaPreCompileFullDebugUnitTest
> Task :core:utils:generateFullDebugUnitTestAssets UP-TO-DATE
> Task :core:utils:mergeFullDebugUnitTestAssets
> Task :plugins:aps:processFullDebugUnitTestManifest

> Task :plugins:automation:mergeFullDebugUnitTestResources
C:\Users\craig\StudioProjects\AndroidAPS\AndroidAPSApril26\core\ui\build\intermediates\packaged_res\fullDebug\packageFullDebugResources\values-ru-rRU\values-ru-rRU.xml:406:4: Multiple substitutions specified in non-positional format of string resource string/temp_basal_percent_rate. Did you mean to add the formatted="false" attribute?
C:\Users\craig\StudioProjects\AndroidAPS\AndroidAPSApril26\core\ui\build\intermediates\packaged_res\fullDebug\packageFullDebugResources\values-zh-rCN\values-zh-rCN.xml:726:4: Multiple substitutions specified in non-positional format of string resource string/scene_wizard_info_luteal_phase. Did you mean to add the formatted="false" attribute?
C:\Users\craig\StudioProjects\AndroidAPS\AndroidAPSApril26\core\ui\build\intermediates\packaged_res\fullDebug\packageFullDebugResources\values-zh-rCN\values-zh-rCN.xml:730:4: Multiple substitutions specified in non-positional format of string resource string/scene_wizard_info_sick_day. Did you mean to add the formatted="false" attribute?
C:\Users\craig\StudioProjects\AndroidAPS\AndroidAPSApril26\core\ui\build\intermediates\packaged_res\fullDebug\packageFullDebugResources\values-zh-rCN\values-zh-rCN.xml:739:4: Multiple substitutions specified in non-positional format of string resource string/scene_wizard_profile_info. Did you mean to add the formatted="false" attribute?

> Task :plugins:constraints:mergeFullDebugUnitTestAssets
> Task :plugins:aps:generateFullDebugUnitTestAssets UP-TO-DATE

> Task :plugins:aps:mergeFullDebugUnitTestResources
C:\Users\craig\StudioProjects\AndroidAPS\AndroidAPSApril26\core\ui\build\intermediates\packaged_res\fullDebug\packageFullDebugResources\values-ru-rRU\values-ru-rRU.xml:406:4: Multiple substitutions specified in non-positional format of string resource string/temp_basal_percent_rate. Did you mean to add the formatted="false" attribute?
C:\Users\craig\StudioProjects\AndroidAPS\AndroidAPSApril26\core\ui\build\intermediates\packaged_res\fullDebug\packageFullDebugResources\values-zh-rCN\values-zh-rCN.xml:726:4: Multiple substitutions specified in non-positional format of string resource string/scene_wizard_info_luteal_phase. Did you mean to add the formatted="false" attribute?
C:\Users\craig\StudioProjects\AndroidAPS\AndroidAPSApril26\core\ui\build\intermediates\packaged_res\fullDebug\packageFullDebugResources\values-zh-rCN\values-zh-rCN.xml:730:4: Multiple substitutions specified in non-positional format of string resource string/scene_wizard_info_sick_day. Did you mean to add the formatted="false" attribute?
C:\Users\craig\StudioProjects\AndroidAPS\AndroidAPSApril26\core\ui\build\intermediates\packaged_res\fullDebug\packageFullDebugResources\values-zh-rCN\values-zh-rCN.xml:739:4: Multiple substitutions specified in non-positional format of string resource string/scene_wizard_profile_info. Did you mean to add the formatted="false" attribute?
C:\Users\craig\StudioProjects\AndroidAPS\AndroidAPSApril26\core\ui\build\intermediates\packaged_res\fullDebug\packageFullDebugResources\values-zh-rTW\values-zh-rTW.xml:724:4: Multiple substitutions specified in non-positional format of string resource string/scene_wizard_info_luteal_phase. Did you mean to add the formatted="false" attribute?
C:\Users\craig\StudioProjects\AndroidAPS\AndroidAPSApril26\core\ui\build\intermediates\packaged_res\fullDebug\packageFullDebugResources\values-zh-rTW\values-zh-rTW.xml:728:4: Multiple substitutions specified in non-positional format of string resource string/scene_wizard_info_sick_day. Did you mean to add the formatted="false" attribute?
C:\Users\craig\StudioProjects\AndroidAPS\AndroidAPSApril26\core\ui\build\intermediates\packaged_res\fullDebug\packageFullDebugResources\values-zh-rTW\values-zh-rTW.xml:737:4: Multiple substitutions specified in non-positional format of string resource string/scene_wizard_profile_info. Did you mean to add the formatted="false" attribute?
C:\Users\craig\StudioProjects\AndroidAPS\AndroidAPSApril26\core\ui\build\intermediates\packaged_res\fullDebug\packageFullDebugResources\values-it-rIT\values-it-rIT.xml:727:4: Multiple substitutions specified in non-positional format of string resource string/scene_wizard_info_luteal_phase. Did you mean to add the formatted="false" attribute?
C:\Users\craig\StudioProjects\AndroidAPS\AndroidAPSApril26\core\ui\build\intermediates\packaged_res\fullDebug\packageFullDebugResources\values-it-rIT\values-it-rIT.xml:731:4: Multiple substitutions specified in non-positional format of string resource string/scene_wizard_info_sick_day. Did you mean to add the formatted="false" attribute?
C:\Users\craig\StudioProjects\AndroidAPS\AndroidAPSApril26\core\ui\build\intermediates\packaged_res\fullDebug\packageFullDebugResources\values-it-rIT\values-it-rIT.xml:740:4: Multiple substitutions specified in non-positional format of string resource string/scene_wizard_profile_info. Did you mean to add the formatted="false" attribute?

> Task :plugins:aps:javaPreCompileFullDebugUnitTest
> Task :plugins:automation:generateFullDebugUnitTestAssets UP-TO-DATE
> Task :database:impl:processFullDebugUnitTestResources
> Task :database:impl:packageFullDebugUnitTestForUnitTest
> Task :plugins:aps:mergeFullDebugUnitTestAssets
> Task :database:impl:generateFullDebugUnitTestConfig
> Task :plugins:eversense:kspFullDebugUnitTestKotlin SKIPPED
> Task :plugins:eversense:preFullDebugUnitTestBuild UP-TO-DATE
> Task :plugins:automation:mergeFullDebugUnitTestAssets
> Task :plugins:main:preFullDebugUnitTestBuild UP-TO-DATE

> Task :plugins:automation:mergeFullDebugUnitTestResources
C:\Users\craig\StudioProjects\AndroidAPS\AndroidAPSApril26\core\ui\build\intermediates\packaged_res\fullDebug\packageFullDebugResources\values\values.xml:755:4: Multiple substitutions specified in non-positional format of string resource string/scene_wizard_info_luteal_phase. Did you mean to add the formatted="false" attribute?
C:\Users\craig\StudioProjects\AndroidAPS\AndroidAPSApril26\core\ui\build\intermediates\packaged_res\fullDebug\packageFullDebugResources\values\values.xml:759:4: Multiple substitutions specified in non-positional format of string resource string/scene_wizard_info_sick_day. Did you mean to add the formatted="false" attribute?
C:\Users\craig\StudioProjects\AndroidAPS\AndroidAPSApril26\core\ui\build\intermediates\packaged_res\fullDebug\packageFullDebugResources\values\values.xml:768:4: Multiple substitutions specified in non-positional format of string resource string/scene_wizard_profile_info. Did you mean to add the formatted="false" attribute?
C:\Users\craig\StudioProjects\AndroidAPS\AndroidAPSApril26\core\ui\build\intermediates\packaged_res\fullDebug\packageFullDebugResources\values-ro-rRO\values-ro-rRO.xml:730:4: Multiple substitutions specified in non-positional format of string resource string/scene_wizard_info_luteal_phase. Did you mean to add the formatted="false" attribute?
C:\Users\craig\StudioProjects\AndroidAPS\AndroidAPSApril26\core\ui\build\intermediates\packaged_res\fullDebug\packageFullDebugResources\values-ro-rRO\values-ro-rRO.xml:734:4: Multiple substitutions specified in non-positional format of string resource string/scene_wizard_info_sick_day. Did you mean to add the formatted="false" attribute?
C:\Users\craig\StudioProjects\AndroidAPS\AndroidAPSApril26\core\ui\build\intermediates\packaged_res\fullDebug\packageFullDebugResources\values-ro-rRO\values-ro-rRO.xml:743:4: Multiple substitutions specified in non-positional format of string resource string/scene_wizard_profile_info. Did you mean to add the formatted="false" attribute?
C:\Users\craig\StudioProjects\AndroidAPS\AndroidAPSApril26\core\interfaces\build\intermediates\packaged_res\fullDebug\packageFullDebugResources\values-es-rES\values-es-rES.xml:30:4: Multiple substitutions specified in non-positional format of string resource string/half_basal_exercise_target_summary. Did you mean to add the formatted="false" attribute?
C:\Users\craig\StudioProjects\AndroidAPS\AndroidAPSApril26\core\ui\build\intermediates\packaged_res\fullDebug\packageFullDebugResources\values-es-rES\values-es-rES.xml:727:4: Multiple substitutions specified in non-positional format of string resource string/scene_wizard_info_luteal_phase. Did you mean to add the formatted="false" attribute?
C:\Users\craig\StudioProjects\AndroidAPS\AndroidAPSApril26\core\ui\build\intermediates\packaged_res\fullDebug\packageFullDebugResources\values-es-rES\values-es-rES.xml:731:4: Multiple substitutions specified in non-positional format of string resource string/scene_wizard_info_sick_day. Did you mean to add the formatted="false" attribute?
C:\Users\craig\StudioProjects\AndroidAPS\AndroidAPSApril26\core\ui\build\intermediates\packaged_res\fullDebug\packageFullDebugResources\values-es-rES\values-es-rES.xml:740:4: Multiple substitutions specified in non-positional format of string resource string/scene_wizard_profile_info. Did you mean to add the formatted="false" attribute?
C:\Users\craig\StudioProjects\AndroidAPS\AndroidAPSApril26\core\ui\build\intermediates\packaged_res\fullDebug\packageFullDebugResources\values-zh-rTW\values-zh-rTW.xml:724:4: Multiple substitutions specified in non-positional format of string resource string/scene_wizard_info_luteal_phase. Did you mean to add the formatted="false" attribute?
C:\Users\craig\StudioProjects\AndroidAPS\AndroidAPSApril26\core\ui\build\intermediates\packaged_res\fullDebug\packageFullDebugResources\values-zh-rTW\values-zh-rTW.xml:728:4: Multiple substitutions specified in non-positional format of string resource string/scene_wizard_info_sick_day. Did you mean to add the formatted="false" attribute?
C:\Users\craig\StudioProjects\AndroidAPS\AndroidAPSApril26\core\ui\build\intermediates\packaged_res\fullDebug\packageFullDebugResources\values-zh-rTW\values-zh-rTW.xml:737:4: Multiple substitutions specified in non-positional format of string resource string/scene_wizard_profile_info. Did you mean to add the formatted="false" attribute?
C:\Users\craig\StudioProjects\AndroidAPS\AndroidAPSApril26\core\ui\build\intermediates\packaged_res\fullDebug\packageFullDebugResources\values-fr-rFR\values-fr-rFR.xml:727:4: Multiple substitutions specified in non-positional format of string resource string/scene_wizard_info_luteal_phase. Did you mean to add the formatted="false" attribute?
C:\Users\craig\StudioProjects\AndroidAPS\AndroidAPSApril26\core\ui\build\intermediates\packaged_res\fullDebug\packageFullDebugResources\values-fr-rFR\values-fr-rFR.xml:731:4: Multiple substitutions specified in non-positional format of string resource string/scene_wizard_info_sick_day. Did you mean to add the formatted="false" attribute?
C:\Users\craig\StudioProjects\AndroidAPS\AndroidAPSApril26\core\ui\build\intermediates\packaged_res\fullDebug\packageFullDebugResources\values-fr-rFR\values-fr-rFR.xml:740:4: Multiple substitutions specified in non-positional format of string resource string/scene_wizard_profile_info. Did you mean to add the formatted="false" attribute?
C:\Users\craig\StudioProjects\AndroidAPS\AndroidAPSApril26\core\ui\build\intermediates\packaged_res\fullDebug\packageFullDebugResources\values-it-rIT\values-it-rIT.xml:727:4: Multiple substitutions specified in non-positional format of string resource string/scene_wizard_info_luteal_phase. Did you mean to add the formatted="false" attribute?
C:\Users\craig\StudioProjects\AndroidAPS\AndroidAPSApril26\core\ui\build\intermediates\packaged_res\fullDebug\packageFullDebugResources\values-it-rIT\values-it-rIT.xml:731:4: Multiple substitutions specified in non-positional format of string resource string/scene_wizard_info_sick_day. Did you mean to add the formatted="false" attribute?
C:\Users\craig\StudioProjects\AndroidAPS\AndroidAPSApril26\core\ui\build\intermediates\packaged_res\fullDebug\packageFullDebugResources\values-it-rIT\values-it-rIT.xml:740:4: Multiple substitutions specified in non-positional format of string resource string/scene_wizard_profile_info. Did you mean to add the formatted="false" attribute?

> Task :plugins:main:checkFullDebugUnitTestAarMetadata
> Task :plugins:eversense:mapFullDebugUnitTestSourceSetPaths
> Task :plugins:eversense:generateFullDebugUnitTestResources
> Task :plugins:eversense:checkFullDebugUnitTestAarMetadata
> Task :plugins:main:mapFullDebugUnitTestSourceSetPaths
> Task :plugins:main:generateFullDebugUnitTestResources
> Task :plugins:eversense:processFullDebugUnitTestManifest
> Task :plugins:eversense:javaPreCompileFullDebugUnitTest
> Task :plugins:eversense:generateFullDebugUnitTestAssets UP-TO-DATE
> Task :plugins:eversense:mergeFullDebugUnitTestAssets
> Task :plugins:sensitivity:preFullDebugUnitTestBuild UP-TO-DATE
> Task :plugins:main:processFullDebugUnitTestManifest
> Task :plugins:main:javaPreCompileFullDebugUnitTest
> Task :plugins:main:generateFullDebugUnitTestAssets UP-TO-DATE
> Task :core:utils:processFullDebugUnitTestResources
> Task :plugins:main:mergeFullDebugUnitTestAssets
> Task :plugins:sensitivity:checkFullDebugUnitTestAarMetadata
> Task :plugins:sensitivity:mapFullDebugUnitTestSourceSetPaths
> Task :plugins:sensitivity:generateFullDebugUnitTestResources
> Task :app:processFullDebugResources

> Task :plugins:automation:mergeFullDebugUnitTestResources
C:\Users\craig\StudioProjects\AndroidAPS\AndroidAPSApril26\core\ui\build\intermediates\packaged_res\fullDebug\packageFullDebugResources\values-vi-rVN\values-vi-rVN.xml:724:4: Multiple substitutions specified in non-positional format of string resource string/scene_wizard_info_luteal_phase. Did you mean to add the formatted="false" attribute?
C:\Users\craig\StudioProjects\AndroidAPS\AndroidAPSApril26\core\ui\build\intermediates\packaged_res\fullDebug\packageFullDebugResources\values-vi-rVN\values-vi-rVN.xml:728:4: Multiple substitutions specified in non-positional format of string resource string/scene_wizard_info_sick_day. Did you mean to add the formatted="false" attribute?
C:\Users\craig\StudioProjects\AndroidAPS\AndroidAPSApril26\core\ui\build\intermediates\packaged_res\fullDebug\packageFullDebugResources\values-vi-rVN\values-vi-rVN.xml:737:4: Multiple substitutions specified in non-positional format of string resource string/scene_wizard_profile_info. Did you mean to add the formatted="false" attribute?

> Task :app:packageFullDebugUnitTestForUnitTest
> Task :plugins:sensitivity:processFullDebugUnitTestManifest
> Task :app:generateFullDebugUnitTestConfig
> Task :plugins:sensitivity:javaPreCompileFullDebugUnitTest
> Task :plugins:sensitivity:generateFullDebugUnitTestAssets UP-TO-DATE
> Task :core:objects:processFullDebugUnitTestResources
> Task :core:objects:packageFullDebugUnitTestForUnitTest
> Task :core:objects:generateFullDebugUnitTestConfig
> Task :plugins:smoothing:preFullDebugUnitTestBuild UP-TO-DATE
> Task :plugins:sensitivity:mergeFullDebugUnitTestAssets
> Task :plugins:smoothing:checkFullDebugUnitTestAarMetadata
> Task :plugins:smoothing:mapFullDebugUnitTestSourceSetPaths
> Task :database:persistence:processFullDebugUnitTestResources
> Task :plugins:smoothing:generateFullDebugUnitTestResources
> Task :database:persistence:packageFullDebugUnitTestForUnitTest
> Task :database:persistence:generateFullDebugUnitTestConfig
> Task :plugins:source:generateFullDebugUnitTestAssets UP-TO-DATE
> Task :plugins:source:preFullDebugUnitTestBuild UP-TO-DATE
> Task :plugins:source:mergeFullDebugUnitTestAssets
> Task :plugins:eversense:mergeFullDebugUnitTestResources
> Task :plugins:source:checkFullDebugUnitTestAarMetadata
> Task :plugins:source:mapFullDebugUnitTestSourceSetPaths
> Task :plugins:source:generateFullDebugUnitTestResources
> Task :core:utils:packageFullDebugUnitTestForUnitTest
> Task :core:utils:generateFullDebugUnitTestConfig
> Task :plugins:eversense:processFullDebugUnitTestResources
> Task :core:interfaces:compileFullDebugKotlin
> Task :plugins:source:processFullDebugUnitTestManifest

> Task :plugins:configuration:mergeFullDebugUnitTestResources
C:\Users\craig\StudioProjects\AndroidAPS\AndroidAPSApril26\core\ui\build\intermediates\packaged_res\fullDebug\packageFullDebugResources\values-ro-rRO\values-ro-rRO.xml:730:4: Multiple substitutions specified in non-positional format of string resource string/scene_wizard_info_luteal_phase. Did you mean to add the formatted="false" attribute?
C:\Users\craig\StudioProjects\AndroidAPS\AndroidAPSApril26\core\ui\build\intermediates\packaged_res\fullDebug\packageFullDebugResources\values-ro-rRO\values-ro-rRO.xml:734:4: Multiple substitutions specified in non-positional format of string resource string/scene_wizard_info_sick_day. Did you mean to add the formatted="false" attribute?
C:\Users\craig\StudioProjects\AndroidAPS\AndroidAPSApril26\core\ui\build\intermediates\packaged_res\fullDebug\packageFullDebugResources\values-ro-rRO\values-ro-rRO.xml:743:4: Multiple substitutions specified in non-positional format of string resource string/scene_wizard_profile_info. Did you mean to add the formatted="false" attribute?
C:\Users\craig\StudioProjects\AndroidAPS\AndroidAPSApril26\core\ui\build\intermediates\packaged_res\fullDebug\packageFullDebugResources\values-zh-rTW\values-zh-rTW.xml:724:4: Multiple substitutions specified in non-positional format of string resource string/scene_wizard_info_luteal_phase. Did you mean to add the formatted="false" attribute?
C:\Users\craig\StudioProjects\AndroidAPS\AndroidAPSApril26\core\ui\build\intermediates\packaged_res\fullDebug\packageFullDebugResources\values-zh-rTW\values-zh-rTW.xml:728:4: Multiple substitutions specified in non-positional format of string resource string/scene_wizard_info_sick_day. Did you mean to add the formatted="false" attribute?
C:\Users\craig\StudioProjects\AndroidAPS\AndroidAPSApril26\core\ui\build\intermediates\packaged_res\fullDebug\packageFullDebugResources\values-zh-rTW\values-zh-rTW.xml:737:4: Multiple substitutions specified in non-positional format of string resource string/scene_wizard_profile_info. Did you mean to add the formatted="false" attribute?

> Task :core:utils:compileFullDebugUnitTestKotlin
> Task :core:utils:compileFullDebugUnitTestJavaWithJavac NO-SOURCE
> Task :core:utils:processFullDebugUnitTestJavaRes
> Task :plugins:automation:processFullDebugUnitTestResources
> Task :plugins:automation:packageFullDebugUnitTestForUnitTest
> Task :plugins:automation:generateFullDebugUnitTestConfig

> Task :plugins:configuration:mergeFullDebugUnitTestResources
C:\Users\craig\StudioProjects\AndroidAPS\AndroidAPSApril26\core\ui\build\intermediates\packaged_res\fullDebug\packageFullDebugResources\values\values.xml:755:4: Multiple substitutions specified in non-positional format of string resource string/scene_wizard_info_luteal_phase. Did you mean to add the formatted="false" attribute?
C:\Users\craig\StudioProjects\AndroidAPS\AndroidAPSApril26\core\ui\build\intermediates\packaged_res\fullDebug\packageFullDebugResources\values\values.xml:759:4: Multiple substitutions specified in non-positional format of string resource string/scene_wizard_info_sick_day. Did you mean to add the formatted="false" attribute?
C:\Users\craig\StudioProjects\AndroidAPS\AndroidAPSApril26\core\ui\build\intermediates\packaged_res\fullDebug\packageFullDebugResources\values\values.xml:768:4: Multiple substitutions specified in non-positional format of string resource string/scene_wizard_profile_info. Did you mean to add the formatted="false" attribute?
C:\Users\craig\StudioProjects\AndroidAPS\AndroidAPSApril26\core\ui\build\intermediates\packaged_res\fullDebug\packageFullDebugResources\values-fr-rFR\values-fr-rFR.xml:727:4: Multiple substitutions specified in non-positional format of string resource string/scene_wizard_info_luteal_phase. Did you mean to add the formatted="false" attribute?
C:\Users\craig\StudioProjects\AndroidAPS\AndroidAPSApril26\core\ui\build\intermediates\packaged_res\fullDebug\packageFullDebugResources\values-fr-rFR\values-fr-rFR.xml:731:4: Multiple substitutions specified in non-positional format of string resource string/scene_wizard_info_sick_day. Did you mean to add the formatted="false" attribute?
C:\Users\craig\StudioProjects\AndroidAPS\AndroidAPSApril26\core\ui\build\intermediates\packaged_res\fullDebug\packageFullDebugResources\values-fr-rFR\values-fr-rFR.xml:740:4: Multiple substitutions specified in non-positional format of string resource string/scene_wizard_profile_info. Did you mean to add the formatted="false" attribute?
C:\Users\craig\StudioProjects\AndroidAPS\AndroidAPSApril26\core\ui\build\intermediates\packaged_res\fullDebug\packageFullDebugResources\values-vi-rVN\values-vi-rVN.xml:724:4: Multiple substitutions specified in non-positional format of string resource string/scene_wizard_info_luteal_phase. Did you mean to add the formatted="false" attribute?
C:\Users\craig\StudioProjects\AndroidAPS\AndroidAPSApril26\core\ui\build\intermediates\packaged_res\fullDebug\packageFullDebugResources\values-vi-rVN\values-vi-rVN.xml:728:4: Multiple substitutions specified in non-positional format of string resource string/scene_wizard_info_sick_day. Did you mean to add the formatted="false" attribute?
C:\Users\craig\StudioProjects\AndroidAPS\AndroidAPSApril26\core\ui\build\intermediates\packaged_res\fullDebug\packageFullDebugResources\values-vi-rVN\values-vi-rVN.xml:737:4: Multiple substitutions specified in non-positional format of string resource string/scene_wizard_profile_info. Did you mean to add the formatted="false" attribute?

> Task :plugins:aps:processFullDebugUnitTestResources
> Task :plugins:aps:packageFullDebugUnitTestForUnitTest
> Task :plugins:aps:generateFullDebugUnitTestConfig
> Task :plugins:eversense:packageFullDebugUnitTestForUnitTest
> Task :plugins:eversense:generateFullDebugUnitTestConfig
> Task :plugins:configuration:javaPreCompileFullDebugUnitTest
> Task :plugins:sync:generateFullDebugUnitTestAssets UP-TO-DATE
> Task :plugins:sync:preFullDebugUnitTestBuild UP-TO-DATE
> Task :pump:combov2:preFullDebugUnitTestBuild UP-TO-DATE
> Task :plugins:sync:mergeFullDebugUnitTestAssets
> Task :pump:combov2:checkFullDebugUnitTestAarMetadata
> Task :pump:combov2:mapFullDebugUnitTestSourceSetPaths
> Task :pump:combov2:generateFullDebugUnitTestResources
> Task :plugins:sync:mapFullDebugUnitTestSourceSetPaths
> Task :plugins:sync:generateFullDebugUnitTestResources
> Task :plugins:eversense:compileFullDebugUnitTestKotlin
> Task :plugins:eversense:compileFullDebugUnitTestJavaWithJavac NO-SOURCE
> Task :core:interfaces:compileFullDebugJavaWithJavac NO-SOURCE
> Task :plugins:sync:checkFullDebugUnitTestAarMetadata
> Task :plugins:eversense:processFullDebugUnitTestJavaRes

> Task :plugins:configuration:mergeFullDebugUnitTestResources
C:\Users\craig\StudioProjects\AndroidAPS\AndroidAPSApril26\core\ui\build\intermediates\packaged_res\fullDebug\packageFullDebugResources\values-ru-rRU\values-ru-rRU.xml:406:4: Multiple substitutions specified in non-positional format of string resource string/temp_basal_percent_rate. Did you mean to add the formatted="false" attribute?
C:\Users\craig\StudioProjects\AndroidAPS\AndroidAPSApril26\core\ui\build\intermediates\packaged_res\fullDebug\packageFullDebugResources\values-zh-rCN\values-zh-rCN.xml:726:4: Multiple substitutions specified in non-positional format of string resource string/scene_wizard_info_luteal_phase. Did you mean to add the formatted="false" attribute?
C:\Users\craig\StudioProjects\AndroidAPS\AndroidAPSApril26\core\ui\build\intermediates\packaged_res\fullDebug\packageFullDebugResources\values-zh-rCN\values-zh-rCN.xml:730:4: Multiple substitutions specified in non-positional format of string resource string/scene_wizard_info_sick_day. Did you mean to add the formatted="false" attribute?
C:\Users\craig\StudioProjects\AndroidAPS\AndroidAPSApril26\core\ui\build\intermediates\packaged_res\fullDebug\packageFullDebugResources\values-zh-rCN\values-zh-rCN.xml:739:4: Multiple substitutions specified in non-positional format of string resource string/scene_wizard_profile_info. Did you mean to add the formatted="false" attribute?
C:\Users\craig\StudioProjects\AndroidAPS\AndroidAPSApril26\core\interfaces\build\intermediates\packaged_res\fullDebug\packageFullDebugResources\values-es-rES\values-es-rES.xml:30:4: Multiple substitutions specified in non-positional format of string resource string/half_basal_exercise_target_summary. Did you mean to add the formatted="false" attribute?
C:\Users\craig\StudioProjects\AndroidAPS\AndroidAPSApril26\core\ui\build\intermediates\packaged_res\fullDebug\packageFullDebugResources\values-es-rES\values-es-rES.xml:727:4: Multiple substitutions specified in non-positional format of string resource string/scene_wizard_info_luteal_phase. Did you mean to add the formatted="false" attribute?
C:\Users\craig\StudioProjects\AndroidAPS\AndroidAPSApril26\core\ui\build\intermediates\packaged_res\fullDebug\packageFullDebugResources\values-es-rES\values-es-rES.xml:731:4: Multiple substitutions specified in non-positional format of string resource string/scene_wizard_info_sick_day. Did you mean to add the formatted="false" attribute?
C:\Users\craig\StudioProjects\AndroidAPS\AndroidAPSApril26\core\ui\build\intermediates\packaged_res\fullDebug\packageFullDebugResources\values-es-rES\values-es-rES.xml:740:4: Multiple substitutions specified in non-positional format of string resource string/scene_wizard_profile_info. Did you mean to add the formatted="false" attribute?

> Task :core:interfaces:bundleLibCompileToJarFullDebug

> Task :plugins:constraints:mergeFullDebugUnitTestResources
C:\Users\craig\StudioProjects\AndroidAPS\AndroidAPSApril26\core\ui\build\intermediates\packaged_res\fullDebug\packageFullDebugResources\values\values.xml:755:4: Multiple substitutions specified in non-positional format of string resource string/scene_wizard_info_luteal_phase. Did you mean to add the formatted="false" attribute?
C:\Users\craig\StudioProjects\AndroidAPS\AndroidAPSApril26\core\ui\build\intermediates\packaged_res\fullDebug\packageFullDebugResources\values\values.xml:759:4: Multiple substitutions specified in non-positional format of string resource string/scene_wizard_info_sick_day. Did you mean to add the formatted="false" attribute?
C:\Users\craig\StudioProjects\AndroidAPS\AndroidAPSApril26\core\ui\build\intermediates\packaged_res\fullDebug\packageFullDebugResources\values\values.xml:768:4: Multiple substitutions specified in non-positional format of string resource string/scene_wizard_profile_info. Did you mean to add the formatted="false" attribute?
C:\Users\craig\StudioProjects\AndroidAPS\AndroidAPSApril26\core\ui\build\intermediates\packaged_res\fullDebug\packageFullDebugResources\values-ru-rRU\values-ru-rRU.xml:406:4: Multiple substitutions specified in non-positional format of string resource string/temp_basal_percent_rate. Did you mean to add the formatted="false" attribute?
C:\Users\craig\StudioProjects\AndroidAPS\AndroidAPSApril26\core\ui\build\intermediates\packaged_res\fullDebug\packageFullDebugResources\values-zh-rCN\values-zh-rCN.xml:726:4: Multiple substitutions specified in non-positional format of string resource string/scene_wizard_info_luteal_phase. Did you mean to add the formatted="false" attribute?
C:\Users\craig\StudioProjects\AndroidAPS\AndroidAPSApril26\core\ui\build\intermediates\packaged_res\fullDebug\packageFullDebugResources\values-zh-rCN\values-zh-rCN.xml:730:4: Multiple substitutions specified in non-positional format of string resource string/scene_wizard_info_sick_day. Did you mean to add the formatted="false" attribute?
C:\Users\craig\StudioProjects\AndroidAPS\AndroidAPSApril26\core\ui\build\intermediates\packaged_res\fullDebug\packageFullDebugResources\values-zh-rCN\values-zh-rCN.xml:739:4: Multiple substitutions specified in non-positional format of string resource string/scene_wizard_profile_info. Did you mean to add the formatted="false" attribute?
C:\Users\craig\StudioProjects\AndroidAPS\AndroidAPSApril26\core\ui\build\intermediates\packaged_res\fullDebug\packageFullDebugResources\values-it-rIT\values-it-rIT.xml:727:4: Multiple substitutions specified in non-positional format of string resource string/scene_wizard_info_luteal_phase. Did you mean to add the formatted="false" attribute?
C:\Users\craig\StudioProjects\AndroidAPS\AndroidAPSApril26\core\ui\build\intermediates\packaged_res\fullDebug\packageFullDebugResources\values-it-rIT\values-it-rIT.xml:731:4: Multiple substitutions specified in non-positional format of string resource string/scene_wizard_info_sick_day. Did you mean to add the formatted="false" attribute?
C:\Users\craig\StudioProjects\AndroidAPS\AndroidAPSApril26\core\ui\build\intermediates\packaged_res\fullDebug\packageFullDebugResources\values-it-rIT\values-it-rIT.xml:740:4: Multiple substitutions specified in non-positional format of string resource string/scene_wizard_profile_info. Did you mean to add the formatted="false" attribute?
C:\Users\craig\StudioProjects\AndroidAPS\AndroidAPSApril26\core\ui\build\intermediates\packaged_res\fullDebug\packageFullDebugResources\values-ro-rRO\values-ro-rRO.xml:730:4: Multiple substitutions specified in non-positional format of string resource string/scene_wizard_info_luteal_phase. Did you mean to add the formatted="false" attribute?
C:\Users\craig\StudioProjects\AndroidAPS\AndroidAPSApril26\core\ui\build\intermediates\packaged_res\fullDebug\packageFullDebugResources\values-ro-rRO\values-ro-rRO.xml:734:4: Multiple substitutions specified in non-positional format of string resource string/scene_wizard_info_sick_day. Did you mean to add the formatted="false" attribute?
C:\Users\craig\StudioProjects\AndroidAPS\AndroidAPSApril26\core\ui\build\intermediates\packaged_res\fullDebug\packageFullDebugResources\values-ro-rRO\values-ro-rRO.xml:743:4: Multiple substitutions specified in non-positional format of string resource string/scene_wizard_profile_info. Did you mean to add the formatted="false" attribute?
C:\Users\craig\StudioProjects\AndroidAPS\AndroidAPSApril26\core\ui\build\intermediates\packaged_res\fullDebug\packageFullDebugResources\values-zh-rTW\values-zh-rTW.xml:724:4: Multiple substitutions specified in non-positional format of string resource string/scene_wizard_info_luteal_phase. Did you mean to add the formatted="false" attribute?
C:\Users\craig\StudioProjects\AndroidAPS\AndroidAPSApril26\core\ui\build\intermediates\packaged_res\fullDebug\packageFullDebugResources\values-zh-rTW\values-zh-rTW.xml:728:4: Multiple substitutions specified in non-positional format of string resource string/scene_wizard_info_sick_day. Did you mean to add the formatted="false" attribute?
C:\Users\craig\StudioProjects\AndroidAPS\AndroidAPSApril26\core\ui\build\intermediates\packaged_res\fullDebug\packageFullDebugResources\values-zh-rTW\values-zh-rTW.xml:737:4: Multiple substitutions specified in non-positional format of string resource string/scene_wizard_profile_info. Did you mean to add the formatted="false" attribute?
C:\Users\craig\StudioProjects\AndroidAPS\AndroidAPSApril26\core\interfaces\build\intermediates\packaged_res\fullDebug\packageFullDebugResources\values-es-rES\values-es-rES.xml:30:4: Multiple substitutions specified in non-positional format of string resource string/half_basal_exercise_target_summary. Did you mean to add the formatted="false" attribute?
C:\Users\craig\StudioProjects\AndroidAPS\AndroidAPSApril26\core\ui\build\intermediates\packaged_res\fullDebug\packageFullDebugResources\values-es-rES\values-es-rES.xml:727:4: Multiple substitutions specified in non-positional format of string resource string/scene_wizard_info_luteal_phase. Did you mean to add the formatted="false" attribute?
C:\Users\craig\StudioProjects\AndroidAPS\AndroidAPSApril26\core\ui\build\intermediates\packaged_res\fullDebug\packageFullDebugResources\values-es-rES\values-es-rES.xml:731:4: Multiple substitutions specified in non-positional format of string resource string/scene_wizard_info_sick_day. Did you mean to add the formatted="false" attribute?
C:\Users\craig\StudioProjects\AndroidAPS\AndroidAPSApril26\core\ui\build\intermediates\packaged_res\fullDebug\packageFullDebugResources\values-es-rES\values-es-rES.xml:740:4: Multiple substitutions specified in non-positional format of string resource string/scene_wizard_profile_info. Did you mean to add the formatted="false" attribute?
C:\Users\craig\StudioProjects\AndroidAPS\AndroidAPSApril26\core\ui\build\intermediates\packaged_res\fullDebug\packageFullDebugResources\values-fr-rFR\values-fr-rFR.xml:727:4: Multiple substitutions specified in non-positional format of string resource string/scene_wizard_info_luteal_phase. Did you mean to add the formatted="false" attribute?
C:\Users\craig\StudioProjects\AndroidAPS\AndroidAPSApril26\core\ui\build\intermediates\packaged_res\fullDebug\packageFullDebugResources\values-fr-rFR\values-fr-rFR.xml:731:4: Multiple substitutions specified in non-positional format of string resource string/scene_wizard_info_sick_day. Did you mean to add the formatted="false" attribute?
C:\Users\craig\StudioProjects\AndroidAPS\AndroidAPSApril26\core\ui\build\intermediates\packaged_res\fullDebug\packageFullDebugResources\values-fr-rFR\values-fr-rFR.xml:740:4: Multiple substitutions specified in non-positional format of string resource string/scene_wizard_profile_info. Did you mean to add the formatted="false" attribute?
C:\Users\craig\StudioProjects\AndroidAPS\AndroidAPSApril26\core\ui\build\intermediates\packaged_res\fullDebug\packageFullDebugResources\values-vi-rVN\values-vi-rVN.xml:724:4: Multiple substitutions specified in non-positional format of string resource string/scene_wizard_info_luteal_phase. Did you mean to add the formatted="false" attribute?
C:\Users\craig\StudioProjects\AndroidAPS\AndroidAPSApril26\core\ui\build\intermediates\packaged_res\fullDebug\packageFullDebugResources\values-vi-rVN\values-vi-rVN.xml:728:4: Multiple substitutions specified in non-positional format of string resource string/scene_wizard_info_sick_day. Did you mean to add the formatted="false" attribute?
C:\Users\craig\StudioProjects\AndroidAPS\AndroidAPSApril26\core\ui\build\intermediates\packaged_res\fullDebug\packageFullDebugResources\values-vi-rVN\values-vi-rVN.xml:737:4: Multiple substitutions specified in non-positional format of string resource string/scene_wizard_profile_info. Did you mean to add the formatted="false" attribute?

> Task :core:interfaces:bundleLibRuntimeToJarFullDebug

> Task :plugins:main:mergeFullDebugUnitTestResources
C:\Users\craig\StudioProjects\AndroidAPS\AndroidAPSApril26\core\ui\build\intermediates\packaged_res\fullDebug\packageFullDebugResources\values\values.xml:755:4: Multiple substitutions specified in non-positional format of string resource string/scene_wizard_info_luteal_phase. Did you mean to add the formatted="false" attribute?
C:\Users\craig\StudioProjects\AndroidAPS\AndroidAPSApril26\core\ui\build\intermediates\packaged_res\fullDebug\packageFullDebugResources\values\values.xml:759:4: Multiple substitutions specified in non-positional format of string resource string/scene_wizard_info_sick_day. Did you mean to add the formatted="false" attribute?
C:\Users\craig\StudioProjects\AndroidAPS\AndroidAPSApril26\core\ui\build\intermediates\packaged_res\fullDebug\packageFullDebugResources\values\values.xml:768:4: Multiple substitutions specified in non-positional format of string resource string/scene_wizard_profile_info. Did you mean to add the formatted="false" attribute?
C:\Users\craig\StudioProjects\AndroidAPS\AndroidAPSApril26\core\ui\build\intermediates\packaged_res\fullDebug\packageFullDebugResources\values-ru-rRU\values-ru-rRU.xml:406:4: Multiple substitutions specified in non-positional format of string resource string/temp_basal_percent_rate. Did you mean to add the formatted="false" attribute?
C:\Users\craig\StudioProjects\AndroidAPS\AndroidAPSApril26\core\ui\build\intermediates\packaged_res\fullDebug\packageFullDebugResources\values-it-rIT\values-it-rIT.xml:727:4: Multiple substitutions specified in non-positional format of string resource string/scene_wizard_info_luteal_phase. Did you mean to add the formatted="false" attribute?
C:\Users\craig\StudioProjects\AndroidAPS\AndroidAPSApril26\core\ui\build\intermediates\packaged_res\fullDebug\packageFullDebugResources\values-it-rIT\values-it-rIT.xml:731:4: Multiple substitutions specified in non-positional format of string resource string/scene_wizard_info_sick_day. Did you mean to add the formatted="false" attribute?
C:\Users\craig\StudioProjects\AndroidAPS\AndroidAPSApril26\core\ui\build\intermediates\packaged_res\fullDebug\packageFullDebugResources\values-it-rIT\values-it-rIT.xml:740:4: Multiple substitutions specified in non-positional format of string resource string/scene_wizard_profile_info. Did you mean to add the formatted="false" attribute?
C:\Users\craig\StudioProjects\AndroidAPS\AndroidAPSApril26\core\ui\build\intermediates\packaged_res\fullDebug\packageFullDebugResources\values-zh-rCN\values-zh-rCN.xml:726:4: Multiple substitutions specified in non-positional format of string resource string/scene_wizard_info_luteal_phase. Did you mean to add the formatted="false" attribute?
C:\Users\craig\StudioProjects\AndroidAPS\AndroidAPSApril26\core\ui\build\intermediates\packaged_res\fullDebug\packageFullDebugResources\values-zh-rCN\values-zh-rCN.xml:730:4: Multiple substitutions specified in non-positional format of string resource string/scene_wizard_info_sick_day. Did you mean to add the formatted="false" attribute?
C:\Users\craig\StudioProjects\AndroidAPS\AndroidAPSApril26\core\ui\build\intermediates\packaged_res\fullDebug\packageFullDebugResources\values-zh-rCN\values-zh-rCN.xml:739:4: Multiple substitutions specified in non-positional format of string resource string/scene_wizard_profile_info. Did you mean to add the formatted="false" attribute?
C:\Users\craig\StudioProjects\AndroidAPS\AndroidAPSApril26\core\ui\build\intermediates\packaged_res\fullDebug\packageFullDebugResources\values-ro-rRO\values-ro-rRO.xml:730:4: Multiple substitutions specified in non-positional format of string resource string/scene_wizard_info_luteal_phase. Did you mean to add the formatted="false" attribute?
C:\Users\craig\StudioProjects\AndroidAPS\AndroidAPSApril26\core\ui\build\intermediates\packaged_res\fullDebug\packageFullDebugResources\values-ro-rRO\values-ro-rRO.xml:734:4: Multiple substitutions specified in non-positional format of string resource string/scene_wizard_info_sick_day. Did you mean to add the formatted="false" attribute?
C:\Users\craig\StudioProjects\AndroidAPS\AndroidAPSApril26\core\ui\build\intermediates\packaged_res\fullDebug\packageFullDebugResources\values-ro-rRO\values-ro-rRO.xml:743:4: Multiple substitutions specified in non-positional format of string resource string/scene_wizard_profile_info. Did you mean to add the formatted="false" attribute?
C:\Users\craig\StudioProjects\AndroidAPS\AndroidAPSApril26\core\interfaces\build\intermediates\packaged_res\fullDebug\packageFullDebugResources\values-es-rES\values-es-rES.xml:30:4: Multiple substitutions specified in non-positional format of string resource string/half_basal_exercise_target_summary. Did you mean to add the formatted="false" attribute?
C:\Users\craig\StudioProjects\AndroidAPS\AndroidAPSApril26\core\ui\build\intermediates\packaged_res\fullDebug\packageFullDebugResources\values-es-rES\values-es-rES.xml:727:4: Multiple substitutions specified in non-positional format of string resource string/scene_wizard_info_luteal_phase. Did you mean to add the formatted="false" attribute?
C:\Users\craig\StudioProjects\AndroidAPS\AndroidAPSApril26\core\ui\build\intermediates\packaged_res\fullDebug\packageFullDebugResources\values-es-rES\values-es-rES.xml:731:4: Multiple substitutions specified in non-positional format of string resource string/scene_wizard_info_sick_day. Did you mean to add the formatted="false" attribute?
C:\Users\craig\StudioProjects\AndroidAPS\AndroidAPSApril26\core\ui\build\intermediates\packaged_res\fullDebug\packageFullDebugResources\values-es-rES\values-es-rES.xml:740:4: Multiple substitutions specified in non-positional format of string resource string/scene_wizard_profile_info. Did you mean to add the formatted="false" attribute?
C:\Users\craig\StudioProjects\AndroidAPS\AndroidAPSApril26\core\ui\build\intermediates\packaged_res\fullDebug\packageFullDebugResources\values-fr-rFR\values-fr-rFR.xml:727:4: Multiple substitutions specified in non-positional format of string resource string/scene_wizard_info_luteal_phase. Did you mean to add the formatted="false" attribute?
C:\Users\craig\StudioProjects\AndroidAPS\AndroidAPSApril26\core\ui\build\intermediates\packaged_res\fullDebug\packageFullDebugResources\values-fr-rFR\values-fr-rFR.xml:731:4: Multiple substitutions specified in non-positional format of string resource string/scene_wizard_info_sick_day. Did you mean to add the formatted="false" attribute?
C:\Users\craig\StudioProjects\AndroidAPS\AndroidAPSApril26\core\ui\build\intermediates\packaged_res\fullDebug\packageFullDebugResources\values-fr-rFR\values-fr-rFR.xml:740:4: Multiple substitutions specified in non-positional format of string resource string/scene_wizard_profile_info. Did you mean to add the formatted="false" attribute?
C:\Users\craig\StudioProjects\AndroidAPS\AndroidAPSApril26\core\ui\build\intermediates\packaged_res\fullDebug\packageFullDebugResources\values-zh-rTW\values-zh-rTW.xml:724:4: Multiple substitutions specified in non-positional format of string resource string/scene_wizard_info_luteal_phase. Did you mean to add the formatted="false" attribute?
C:\Users\craig\StudioProjects\AndroidAPS\AndroidAPSApril26\core\ui\build\intermediates\packaged_res\fullDebug\packageFullDebugResources\values-zh-rTW\values-zh-rTW.xml:728:4: Multiple substitutions specified in non-positional format of string resource string/scene_wizard_info_sick_day. Did you mean to add the formatted="false" attribute?
C:\Users\craig\StudioProjects\AndroidAPS\AndroidAPSApril26\core\ui\build\intermediates\packaged_res\fullDebug\packageFullDebugResources\values-zh-rTW\values-zh-rTW.xml:737:4: Multiple substitutions specified in non-positional format of string resource string/scene_wizard_profile_info. Did you mean to add the formatted="false" attribute?
C:\Users\craig\StudioProjects\AndroidAPS\AndroidAPSApril26\core\ui\build\intermediates\packaged_res\fullDebug\packageFullDebugResources\values-vi-rVN\values-vi-rVN.xml:724:4: Multiple substitutions specified in non-positional format of string resource string/scene_wizard_info_luteal_phase. Did you mean to add the formatted="false" attribute?
C:\Users\craig\StudioProjects\AndroidAPS\AndroidAPSApril26\core\ui\build\intermediates\packaged_res\fullDebug\packageFullDebugResources\values-vi-rVN\values-vi-rVN.xml:728:4: Multiple substitutions specified in non-positional format of string resource string/scene_wizard_info_sick_day. Did you mean to add the formatted="false" attribute?
C:\Users\craig\StudioProjects\AndroidAPS\AndroidAPSApril26\core\ui\build\intermediates\packaged_res\fullDebug\packageFullDebugResources\values-vi-rVN\values-vi-rVN.xml:737:4: Multiple substitutions specified in non-positional format of string resource string/scene_wizard_profile_info. Did you mean to add the formatted="false" attribute?

> Task :core:interfaces:processFullDebugJavaRes

> Task :plugins:configuration:mergeFullDebugUnitTestResources
C:\Users\craig\StudioProjects\AndroidAPS\AndroidAPSApril26\core\ui\build\intermediates\packaged_res\fullDebug\packageFullDebugResources\values-it-rIT\values-it-rIT.xml:727:4: Multiple substitutions specified in non-positional format of string resource string/scene_wizard_info_luteal_phase. Did you mean to add the formatted="false" attribute?
C:\Users\craig\StudioProjects\AndroidAPS\AndroidAPSApril26\core\ui\build\intermediates\packaged_res\fullDebug\packageFullDebugResources\values-it-rIT\values-it-rIT.xml:731:4: Multiple substitutions specified in non-positional format of string resource string/scene_wizard_info_sick_day. Did you mean to add the formatted="false" attribute?
C:\Users\craig\StudioProjects\AndroidAPS\AndroidAPSApril26\core\ui\build\intermediates\packaged_res\fullDebug\packageFullDebugResources\values-it-rIT\values-it-rIT.xml:740:4: Multiple substitutions specified in non-positional format of string resource string/scene_wizard_profile_info. Did you mean to add the formatted="false" attribute?

> Task :plugins:sensitivity:mergeFullDebugUnitTestResources
C:\Users\craig\StudioProjects\AndroidAPS\AndroidAPSApril26\core\ui\build\intermediates\packaged_res\fullDebug\packageFullDebugResources\values\values.xml:755:4: Multiple substitutions specified in non-positional format of string resource string/scene_wizard_info_luteal_phase. Did you mean to add the formatted="false" attribute?
C:\Users\craig\StudioProjects\AndroidAPS\AndroidAPSApril26\core\ui\build\intermediates\packaged_res\fullDebug\packageFullDebugResources\values\values.xml:759:4: Multiple substitutions specified in non-positional format of string resource string/scene_wizard_info_sick_day. Did you mean to add the formatted="false" attribute?
C:\Users\craig\StudioProjects\AndroidAPS\AndroidAPSApril26\core\ui\build\intermediates\packaged_res\fullDebug\packageFullDebugResources\values\values.xml:768:4: Multiple substitutions specified in non-positional format of string resource string/scene_wizard_profile_info. Did you mean to add the formatted="false" attribute?
C:\Users\craig\StudioProjects\AndroidAPS\AndroidAPSApril26\core\ui\build\intermediates\packaged_res\fullDebug\packageFullDebugResources\values-ru-rRU\values-ru-rRU.xml:406:4: Multiple substitutions specified in non-positional format of string resource string/temp_basal_percent_rate. Did you mean to add the formatted="false" attribute?
C:\Users\craig\StudioProjects\AndroidAPS\AndroidAPSApril26\core\ui\build\intermediates\packaged_res\fullDebug\packageFullDebugResources\values-zh-rCN\values-zh-rCN.xml:726:4: Multiple substitutions specified in non-positional format of string resource string/scene_wizard_info_luteal_phase. Did you mean to add the formatted="false" attribute?
C:\Users\craig\StudioProjects\AndroidAPS\AndroidAPSApril26\core\ui\build\intermediates\packaged_res\fullDebug\packageFullDebugResources\values-zh-rCN\values-zh-rCN.xml:730:4: Multiple substitutions specified in non-positional format of string resource string/scene_wizard_info_sick_day. Did you mean to add the formatted="false" attribute?
C:\Users\craig\StudioProjects\AndroidAPS\AndroidAPSApril26\core\ui\build\intermediates\packaged_res\fullDebug\packageFullDebugResources\values-zh-rCN\values-zh-rCN.xml:739:4: Multiple substitutions specified in non-positional format of string resource string/scene_wizard_profile_info. Did you mean to add the formatted="false" attribute?
C:\Users\craig\StudioProjects\AndroidAPS\AndroidAPSApril26\core\interfaces\build\intermediates\packaged_res\fullDebug\packageFullDebugResources\values-es-rES\values-es-rES.xml:30:4: Multiple substitutions specified in non-positional format of string resource string/half_basal_exercise_target_summary. Did you mean to add the formatted="false" attribute?
C:\Users\craig\StudioProjects\AndroidAPS\AndroidAPSApril26\core\ui\build\intermediates\packaged_res\fullDebug\packageFullDebugResources\values-it-rIT\values-it-rIT.xml:727:4: Multiple substitutions specified in non-positional format of string resource string/scene_wizard_info_luteal_phase. Did you mean to add the formatted="false" attribute?
C:\Users\craig\StudioProjects\AndroidAPS\AndroidAPSApril26\core\ui\build\intermediates\packaged_res\fullDebug\packageFullDebugResources\values-it-rIT\values-it-rIT.xml:731:4: Multiple substitutions specified in non-positional format of string resource string/scene_wizard_info_sick_day. Did you mean to add the formatted="false" attribute?
C:\Users\craig\StudioProjects\AndroidAPS\AndroidAPSApril26\core\ui\build\intermediates\packaged_res\fullDebug\packageFullDebugResources\values-it-rIT\values-it-rIT.xml:740:4: Multiple substitutions specified in non-positional format of string resource string/scene_wizard_profile_info. Did you mean to add the formatted="false" attribute?
C:\Users\craig\StudioProjects\AndroidAPS\AndroidAPSApril26\core\ui\build\intermediates\packaged_res\fullDebug\packageFullDebugResources\values-es-rES\values-es-rES.xml:727:4: Multiple substitutions specified in non-positional format of string resource string/scene_wizard_info_luteal_phase. Did you mean to add the formatted="false" attribute?
C:\Users\craig\StudioProjects\AndroidAPS\AndroidAPSApril26\core\ui\build\intermediates\packaged_res\fullDebug\packageFullDebugResources\values-es-rES\values-es-rES.xml:731:4: Multiple substitutions specified in non-positional format of string resource string/scene_wizard_info_sick_day. Did you mean to add the formatted="false" attribute?
C:\Users\craig\StudioProjects\AndroidAPS\AndroidAPSApril26\core\ui\build\intermediates\packaged_res\fullDebug\packageFullDebugResources\values-es-rES\values-es-rES.xml:740:4: Multiple substitutions specified in non-positional format of string resource string/scene_wizard_profile_info. Did you mean to add the formatted="false" attribute?
C:\Users\craig\StudioProjects\AndroidAPS\AndroidAPSApril26\core\ui\build\intermediates\packaged_res\fullDebug\packageFullDebugResources\values-ro-rRO\values-ro-rRO.xml:730:4: Multiple substitutions specified in non-positional format of string resource string/scene_wizard_info_luteal_phase. Did you mean to add the formatted="false" attribute?
C:\Users\craig\StudioProjects\AndroidAPS\AndroidAPSApril26\core\ui\build\intermediates\packaged_res\fullDebug\packageFullDebugResources\values-ro-rRO\values-ro-rRO.xml:734:4: Multiple substitutions specified in non-positional format of string resource string/scene_wizard_info_sick_day. Did you mean to add the formatted="false" attribute?
C:\Users\craig\StudioProjects\AndroidAPS\AndroidAPSApril26\core\ui\build\intermediates\packaged_res\fullDebug\packageFullDebugResources\values-ro-rRO\values-ro-rRO.xml:743:4: Multiple substitutions specified in non-positional format of string resource string/scene_wizard_profile_info. Did you mean to add the formatted="false" attribute?
C:\Users\craig\StudioProjects\AndroidAPS\AndroidAPSApril26\core\ui\build\intermediates\packaged_res\fullDebug\packageFullDebugResources\values-fr-rFR\values-fr-rFR.xml:727:4: Multiple substitutions specified in non-positional format of string resource string/scene_wizard_info_luteal_phase. Did you mean to add the formatted="false" attribute?
C:\Users\craig\StudioProjects\AndroidAPS\AndroidAPSApril26\core\ui\build\intermediates\packaged_res\fullDebug\packageFullDebugResources\values-fr-rFR\values-fr-rFR.xml:731:4: Multiple substitutions specified in non-positional format of string resource string/scene_wizard_info_sick_day. Did you mean to add the formatted="false" attribute?
C:\Users\craig\StudioProjects\AndroidAPS\AndroidAPSApril26\core\ui\build\intermediates\packaged_res\fullDebug\packageFullDebugResources\values-fr-rFR\values-fr-rFR.xml:740:4: Multiple substitutions specified in non-positional format of string resource string/scene_wizard_profile_info. Did you mean to add the formatted="false" attribute?
C:\Users\craig\StudioProjects\AndroidAPS\AndroidAPSApril26\core\ui\build\intermediates\packaged_res\fullDebug\packageFullDebugResources\values-zh-rTW\values-zh-rTW.xml:724:4: Multiple substitutions specified in non-positional format of string resource string/scene_wizard_info_luteal_phase. Did you mean to add the formatted="false" attribute?
C:\Users\craig\StudioProjects\AndroidAPS\AndroidAPSApril26\core\ui\build\intermediates\packaged_res\fullDebug\packageFullDebugResources\values-zh-rTW\values-zh-rTW.xml:728:4: Multiple substitutions specified in non-positional format of string resource string/scene_wizard_info_sick_day. Did you mean to add the formatted="false" attribute?
C:\Users\craig\StudioProjects\AndroidAPS\AndroidAPSApril26\core\ui\build\intermediates\packaged_res\fullDebug\packageFullDebugResources\values-zh-rTW\values-zh-rTW.xml:737:4: Multiple substitutions specified in non-positional format of string resource string/scene_wizard_profile_info. Did you mean to add the formatted="false" attribute?
C:\Users\craig\StudioProjects\AndroidAPS\AndroidAPSApril26\core\ui\build\intermediates\packaged_res\fullDebug\packageFullDebugResources\values-vi-rVN\values-vi-rVN.xml:724:4: Multiple substitutions specified in non-positional format of string resource string/scene_wizard_info_luteal_phase. Did you mean to add the formatted="false" attribute?
C:\Users\craig\StudioProjects\AndroidAPS\AndroidAPSApril26\core\ui\build\intermediates\packaged_res\fullDebug\packageFullDebugResources\values-vi-rVN\values-vi-rVN.xml:728:4: Multiple substitutions specified in non-positional format of string resource string/scene_wizard_info_sick_day. Did you mean to add the formatted="false" attribute?
C:\Users\craig\StudioProjects\AndroidAPS\AndroidAPSApril26\core\ui\build\intermediates\packaged_res\fullDebug\packageFullDebugResources\values-vi-rVN\values-vi-rVN.xml:737:4: Multiple substitutions specified in non-positional format of string resource string/scene_wizard_profile_info. Did you mean to add the formatted="false" attribute?

> Task :plugins:smoothing:mergeFullDebugUnitTestResources
C:\Users\craig\StudioProjects\AndroidAPS\AndroidAPSApril26\core\ui\build\intermediates\packaged_res\fullDebug\packageFullDebugResources\values-it-rIT\values-it-rIT.xml:727:4: Multiple substitutions specified in non-positional format of string resource string/scene_wizard_info_luteal_phase. Did you mean to add the formatted="false" attribute?
C:\Users\craig\StudioProjects\AndroidAPS\AndroidAPSApril26\core\ui\build\intermediates\packaged_res\fullDebug\packageFullDebugResources\values-it-rIT\values-it-rIT.xml:731:4: Multiple substitutions specified in non-positional format of string resource string/scene_wizard_info_sick_day. Did you mean to add the formatted="false" attribute?
C:\Users\craig\StudioProjects\AndroidAPS\AndroidAPSApril26\core\ui\build\intermediates\packaged_res\fullDebug\packageFullDebugResources\values-it-rIT\values-it-rIT.xml:740:4: Multiple substitutions specified in non-positional format of string resource string/scene_wizard_profile_info. Did you mean to add the formatted="false" attribute?
C:\Users\craig\StudioProjects\AndroidAPS\AndroidAPSApril26\core\ui\build\intermediates\packaged_res\fullDebug\packageFullDebugResources\values\values.xml:755:4: Multiple substitutions specified in non-positional format of string resource string/scene_wizard_info_luteal_phase. Did you mean to add the formatted="false" attribute?
C:\Users\craig\StudioProjects\AndroidAPS\AndroidAPSApril26\core\ui\build\intermediates\packaged_res\fullDebug\packageFullDebugResources\values\values.xml:759:4: Multiple substitutions specified in non-positional format of string resource string/scene_wizard_info_sick_day. Did you mean to add the formatted="false" attribute?
C:\Users\craig\StudioProjects\AndroidAPS\AndroidAPSApril26\core\ui\build\intermediates\packaged_res\fullDebug\packageFullDebugResources\values\values.xml:768:4: Multiple substitutions specified in non-positional format of string resource string/scene_wizard_profile_info. Did you mean to add the formatted="false" attribute?
C:\Users\craig\StudioProjects\AndroidAPS\AndroidAPSApril26\core\interfaces\build\intermediates\packaged_res\fullDebug\packageFullDebugResources\values-es-rES\values-es-rES.xml:30:4: Multiple substitutions specified in non-positional format of string resource string/half_basal_exercise_target_summary. Did you mean to add the formatted="false" attribute?
C:\Users\craig\StudioProjects\AndroidAPS\AndroidAPSApril26\core\ui\build\intermediates\packaged_res\fullDebug\packageFullDebugResources\values-es-rES\values-es-rES.xml:727:4: Multiple substitutions specified in non-positional format of string resource string/scene_wizard_info_luteal_phase. Did you mean to add the formatted="false" attribute?
C:\Users\craig\StudioProjects\AndroidAPS\AndroidAPSApril26\core\ui\build\intermediates\packaged_res\fullDebug\packageFullDebugResources\values-es-rES\values-es-rES.xml:731:4: Multiple substitutions specified in non-positional format of string resource string/scene_wizard_info_sick_day. Did you mean to add the formatted="false" attribute?
C:\Users\craig\StudioProjects\AndroidAPS\AndroidAPSApril26\core\ui\build\intermediates\packaged_res\fullDebug\packageFullDebugResources\values-es-rES\values-es-rES.xml:740:4: Multiple substitutions specified in non-positional format of string resource string/scene_wizard_profile_info. Did you mean to add the formatted="false" attribute?
C:\Users\craig\StudioProjects\AndroidAPS\AndroidAPSApril26\core\ui\build\intermediates\packaged_res\fullDebug\packageFullDebugResources\values-ro-rRO\values-ro-rRO.xml:730:4: Multiple substitutions specified in non-positional format of string resource string/scene_wizard_info_luteal_phase. Did you mean to add the formatted="false" attribute?
C:\Users\craig\StudioProjects\AndroidAPS\AndroidAPSApril26\core\ui\build\intermediates\packaged_res\fullDebug\packageFullDebugResources\values-ro-rRO\values-ro-rRO.xml:734:4: Multiple substitutions specified in non-positional format of string resource string/scene_wizard_info_sick_day. Did you mean to add the formatted="false" attribute?
C:\Users\craig\StudioProjects\AndroidAPS\AndroidAPSApril26\core\ui\build\intermediates\packaged_res\fullDebug\packageFullDebugResources\values-ro-rRO\values-ro-rRO.xml:743:4: Multiple substitutions specified in non-positional format of string resource string/scene_wizard_profile_info. Did you mean to add the formatted="false" attribute?
C:\Users\craig\StudioProjects\AndroidAPS\AndroidAPSApril26\core\ui\build\intermediates\packaged_res\fullDebug\packageFullDebugResources\values-fr-rFR\values-fr-rFR.xml:727:4: Multiple substitutions specified in non-positional format of string resource string/scene_wizard_info_luteal_phase. Did you mean to add the formatted="false" attribute?
C:\Users\craig\StudioProjects\AndroidAPS\AndroidAPSApril26\core\ui\build\intermediates\packaged_res\fullDebug\packageFullDebugResources\values-fr-rFR\values-fr-rFR.xml:731:4: Multiple substitutions specified in non-positional format of string resource string/scene_wizard_info_sick_day. Did you mean to add the formatted="false" attribute?
C:\Users\craig\StudioProjects\AndroidAPS\AndroidAPSApril26\core\ui\build\intermediates\packaged_res\fullDebug\packageFullDebugResources\values-fr-rFR\values-fr-rFR.xml:740:4: Multiple substitutions specified in non-positional format of string resource string/scene_wizard_profile_info. Did you mean to add the formatted="false" attribute?
C:\Users\craig\StudioProjects\AndroidAPS\AndroidAPSApril26\core\ui\build\intermediates\packaged_res\fullDebug\packageFullDebugResources\values-ru-rRU\values-ru-rRU.xml:406:4: Multiple substitutions specified in non-positional format of string resource string/temp_basal_percent_rate. Did you mean to add the formatted="false" attribute?
C:\Users\craig\StudioProjects\AndroidAPS\AndroidAPSApril26\core\ui\build\intermediates\packaged_res\fullDebug\packageFullDebugResources\values-zh-rTW\values-zh-rTW.xml:724:4: Multiple substitutions specified in non-positional format of string resource string/scene_wizard_info_luteal_phase. Did you mean to add the formatted="false" attribute?
C:\Users\craig\StudioProjects\AndroidAPS\AndroidAPSApril26\core\ui\build\intermediates\packaged_res\fullDebug\packageFullDebugResources\values-zh-rTW\values-zh-rTW.xml:728:4: Multiple substitutions specified in non-positional format of string resource string/scene_wizard_info_sick_day. Did you mean to add the formatted="false" attribute?
C:\Users\craig\StudioProjects\AndroidAPS\AndroidAPSApril26\core\ui\build\intermediates\packaged_res\fullDebug\packageFullDebugResources\values-zh-rTW\values-zh-rTW.xml:737:4: Multiple substitutions specified in non-positional format of string resource string/scene_wizard_profile_info. Did you mean to add the formatted="false" attribute?
C:\Users\craig\StudioProjects\AndroidAPS\AndroidAPSApril26\core\ui\build\intermediates\packaged_res\fullDebug\packageFullDebugResources\values-zh-rCN\values-zh-rCN.xml:726:4: Multiple substitutions specified in non-positional format of string resource string/scene_wizard_info_luteal_phase. Did you mean to add the formatted="false" attribute?
C:\Users\craig\StudioProjects\AndroidAPS\AndroidAPSApril26\core\ui\build\intermediates\packaged_res\fullDebug\packageFullDebugResources\values-zh-rCN\values-zh-rCN.xml:730:4: Multiple substitutions specified in non-positional format of string resource string/scene_wizard_info_sick_day. Did you mean to add the formatted="false" attribute?
C:\Users\craig\StudioProjects\AndroidAPS\AndroidAPSApril26\core\ui\build\intermediates\packaged_res\fullDebug\packageFullDebugResources\values-zh-rCN\values-zh-rCN.xml:739:4: Multiple substitutions specified in non-positional format of string resource string/scene_wizard_profile_info. Did you mean to add the formatted="false" attribute?
C:\Users\craig\StudioProjects\AndroidAPS\AndroidAPSApril26\core\ui\build\intermediates\packaged_res\fullDebug\packageFullDebugResources\values-vi-rVN\values-vi-rVN.xml:724:4: Multiple substitutions specified in non-positional format of string resource string/scene_wizard_info_luteal_phase. Did you mean to add the formatted="false" attribute?
C:\Users\craig\StudioProjects\AndroidAPS\AndroidAPSApril26\core\ui\build\intermediates\packaged_res\fullDebug\packageFullDebugResources\values-vi-rVN\values-vi-rVN.xml:728:4: Multiple substitutions specified in non-positional format of string resource string/scene_wizard_info_sick_day. Did you mean to add the formatted="false" attribute?
C:\Users\craig\StudioProjects\AndroidAPS\AndroidAPSApril26\core\ui\build\intermediates\packaged_res\fullDebug\packageFullDebugResources\values-vi-rVN\values-vi-rVN.xml:737:4: Multiple substitutions specified in non-positional format of string resource string/scene_wizard_profile_info. Did you mean to add the formatted="false" attribute?

> Task :plugins:source:mergeFullDebugUnitTestResources
C:\Users\craig\StudioProjects\AndroidAPS\AndroidAPSApril26\core\ui\build\intermediates\packaged_res\fullDebug\packageFullDebugResources\values\values.xml:755:4: Multiple substitutions specified in non-positional format of string resource string/scene_wizard_info_luteal_phase. Did you mean to add the formatted="false" attribute?
C:\Users\craig\StudioProjects\AndroidAPS\AndroidAPSApril26\core\ui\build\intermediates\packaged_res\fullDebug\packageFullDebugResources\values\values.xml:759:4: Multiple substitutions specified in non-positional format of string resource string/scene_wizard_info_sick_day. Did you mean to add the formatted="false" attribute?
C:\Users\craig\StudioProjects\AndroidAPS\AndroidAPSApril26\core\ui\build\intermediates\packaged_res\fullDebug\packageFullDebugResources\values\values.xml:768:4: Multiple substitutions specified in non-positional format of string resource string/scene_wizard_profile_info. Did you mean to add the formatted="false" attribute?
C:\Users\craig\StudioProjects\AndroidAPS\AndroidAPSApril26\core\ui\build\intermediates\packaged_res\fullDebug\packageFullDebugResources\values-ru-rRU\values-ru-rRU.xml:406:4: Multiple substitutions specified in non-positional format of string resource string/temp_basal_percent_rate. Did you mean to add the formatted="false" attribute?
C:\Users\craig\StudioProjects\AndroidAPS\AndroidAPSApril26\core\ui\build\intermediates\packaged_res\fullDebug\packageFullDebugResources\values-zh-rCN\values-zh-rCN.xml:726:4: Multiple substitutions specified in non-positional format of string resource string/scene_wizard_info_luteal_phase. Did you mean to add the formatted="false" attribute?
C:\Users\craig\StudioProjects\AndroidAPS\AndroidAPSApril26\core\ui\build\intermediates\packaged_res\fullDebug\packageFullDebugResources\values-zh-rCN\values-zh-rCN.xml:730:4: Multiple substitutions specified in non-positional format of string resource string/scene_wizard_info_sick_day. Did you mean to add the formatted="false" attribute?
C:\Users\craig\StudioProjects\AndroidAPS\AndroidAPSApril26\core\ui\build\intermediates\packaged_res\fullDebug\packageFullDebugResources\values-zh-rCN\values-zh-rCN.xml:739:4: Multiple substitutions specified in non-positional format of string resource string/scene_wizard_profile_info. Did you mean to add the formatted="false" attribute?
C:\Users\craig\StudioProjects\AndroidAPS\AndroidAPSApril26\core\ui\build\intermediates\packaged_res\fullDebug\packageFullDebugResources\values-ro-rRO\values-ro-rRO.xml:730:4: Multiple substitutions specified in non-positional format of string resource string/scene_wizard_info_luteal_phase. Did you mean to add the formatted="false" attribute?
C:\Users\craig\StudioProjects\AndroidAPS\AndroidAPSApril26\core\ui\build\intermediates\packaged_res\fullDebug\packageFullDebugResources\values-ro-rRO\values-ro-rRO.xml:734:4: Multiple substitutions specified in non-positional format of string resource string/scene_wizard_info_sick_day. Did you mean to add the formatted="false" attribute?
C:\Users\craig\StudioProjects\AndroidAPS\AndroidAPSApril26\core\ui\build\intermediates\packaged_res\fullDebug\packageFullDebugResources\values-ro-rRO\values-ro-rRO.xml:743:4: Multiple substitutions specified in non-positional format of string resource string/scene_wizard_profile_info. Did you mean to add the formatted="false" attribute?
C:\Users\craig\StudioProjects\AndroidAPS\AndroidAPSApril26\core\ui\build\intermediates\packaged_res\fullDebug\packageFullDebugResources\values-it-rIT\values-it-rIT.xml:727:4: Multiple substitutions specified in non-positional format of string resource string/scene_wizard_info_luteal_phase. Did you mean to add the formatted="false" attribute?
C:\Users\craig\StudioProjects\AndroidAPS\AndroidAPSApril26\core\ui\build\intermediates\packaged_res\fullDebug\packageFullDebugResources\values-it-rIT\values-it-rIT.xml:731:4: Multiple substitutions specified in non-positional format of string resource string/scene_wizard_info_sick_day. Did you mean to add the formatted="false" attribute?
C:\Users\craig\StudioProjects\AndroidAPS\AndroidAPSApril26\core\ui\build\intermediates\packaged_res\fullDebug\packageFullDebugResources\values-it-rIT\values-it-rIT.xml:740:4: Multiple substitutions specified in non-positional format of string resource string/scene_wizard_profile_info. Did you mean to add the formatted="false" attribute?
C:\Users\craig\StudioProjects\AndroidAPS\AndroidAPSApril26\core\ui\build\intermediates\packaged_res\fullDebug\packageFullDebugResources\values-fr-rFR\values-fr-rFR.xml:727:4: Multiple substitutions specified in non-positional format of string resource string/scene_wizard_info_luteal_phase. Did you mean to add the formatted="false" attribute?
C:\Users\craig\StudioProjects\AndroidAPS\AndroidAPSApril26\core\ui\build\intermediates\packaged_res\fullDebug\packageFullDebugResources\values-fr-rFR\values-fr-rFR.xml:731:4: Multiple substitutions specified in non-positional format of string resource string/scene_wizard_info_sick_day. Did you mean to add the formatted="false" attribute?
C:\Users\craig\StudioProjects\AndroidAPS\AndroidAPSApril26\core\ui\build\intermediates\packaged_res\fullDebug\packageFullDebugResources\values-fr-rFR\values-fr-rFR.xml:740:4: Multiple substitutions specified in non-positional format of string resource string/scene_wizard_profile_info. Did you mean to add the formatted="false" attribute?
C:\Users\craig\StudioProjects\AndroidAPS\AndroidAPSApril26\core\ui\build\intermediates\packaged_res\fullDebug\packageFullDebugResources\values-zh-rTW\values-zh-rTW.xml:724:4: Multiple substitutions specified in non-positional format of string resource string/scene_wizard_info_luteal_phase. Did you mean to add the formatted="false" attribute?
C:\Users\craig\StudioProjects\AndroidAPS\AndroidAPSApril26\core\ui\build\intermediates\packaged_res\fullDebug\packageFullDebugResources\values-zh-rTW\values-zh-rTW.xml:728:4: Multiple substitutions specified in non-positional format of string resource string/scene_wizard_info_sick_day. Did you mean to add the formatted="false" attribute?
C:\Users\craig\StudioProjects\AndroidAPS\AndroidAPSApril26\core\ui\build\intermediates\packaged_res\fullDebug\packageFullDebugResources\values-zh-rTW\values-zh-rTW.xml:737:4: Multiple substitutions specified in non-positional format of string resource string/scene_wizard_profile_info. Did you mean to add the formatted="false" attribute?
C:\Users\craig\StudioProjects\AndroidAPS\AndroidAPSApril26\core\interfaces\build\intermediates\packaged_res\fullDebug\packageFullDebugResources\values-es-rES\values-es-rES.xml:30:4: Multiple substitutions specified in non-positional format of string resource string/half_basal_exercise_target_summary. Did you mean to add the formatted="false" attribute?
C:\Users\craig\StudioProjects\AndroidAPS\AndroidAPSApril26\core\ui\build\intermediates\packaged_res\fullDebug\packageFullDebugResources\values-es-rES\values-es-rES.xml:727:4: Multiple substitutions specified in non-positional format of string resource string/scene_wizard_info_luteal_phase. Did you mean to add the formatted="false" attribute?
C:\Users\craig\StudioProjects\AndroidAPS\AndroidAPSApril26\core\ui\build\intermediates\packaged_res\fullDebug\packageFullDebugResources\values-es-rES\values-es-rES.xml:731:4: Multiple substitutions specified in non-positional format of string resource string/scene_wizard_info_sick_day. Did you mean to add the formatted="false" attribute?
C:\Users\craig\StudioProjects\AndroidAPS\AndroidAPSApril26\core\ui\build\intermediates\packaged_res\fullDebug\packageFullDebugResources\values-es-rES\values-es-rES.xml:740:4: Multiple substitutions specified in non-positional format of string resource string/scene_wizard_profile_info. Did you mean to add the formatted="false" attribute?
C:\Users\craig\StudioProjects\AndroidAPS\AndroidAPSApril26\core\ui\build\intermediates\packaged_res\fullDebug\packageFullDebugResources\values-vi-rVN\values-vi-rVN.xml:724:4: Multiple substitutions specified in non-positional format of string resource string/scene_wizard_info_luteal_phase. Did you mean to add the formatted="false" attribute?
C:\Users\craig\StudioProjects\AndroidAPS\AndroidAPSApril26\core\ui\build\intermediates\packaged_res\fullDebug\packageFullDebugResources\values-vi-rVN\values-vi-rVN.xml:728:4: Multiple substitutions specified in non-positional format of string resource string/scene_wizard_info_sick_day. Did you mean to add the formatted="false" attribute?
C:\Users\craig\StudioProjects\AndroidAPS\AndroidAPSApril26\core\ui\build\intermediates\packaged_res\fullDebug\packageFullDebugResources\values-vi-rVN\values-vi-rVN.xml:737:4: Multiple substitutions specified in non-positional format of string resource string/scene_wizard_profile_info. Did you mean to add the formatted="false" attribute?

> Task :plugins:sync:mergeFullDebugUnitTestResources
C:\Users\craig\StudioProjects\AndroidAPS\AndroidAPSApril26\core\interfaces\build\intermediates\packaged_res\fullDebug\packageFullDebugResources\values-es-rES\values-es-rES.xml:30:4: Multiple substitutions specified in non-positional format of string resource string/half_basal_exercise_target_summary. Did you mean to add the formatted="false" attribute?
C:\Users\craig\StudioProjects\AndroidAPS\AndroidAPSApril26\core\ui\build\intermediates\packaged_res\fullDebug\packageFullDebugResources\values-es-rES\values-es-rES.xml:727:4: Multiple substitutions specified in non-positional format of string resource string/scene_wizard_info_luteal_phase. Did you mean to add the formatted="false" attribute?
C:\Users\craig\StudioProjects\AndroidAPS\AndroidAPSApril26\core\ui\build\intermediates\packaged_res\fullDebug\packageFullDebugResources\values-es-rES\values-es-rES.xml:731:4: Multiple substitutions specified in non-positional format of string resource string/scene_wizard_info_sick_day. Did you mean to add the formatted="false" attribute?
C:\Users\craig\StudioProjects\AndroidAPS\AndroidAPSApril26\core\ui\build\intermediates\packaged_res\fullDebug\packageFullDebugResources\values-es-rES\values-es-rES.xml:740:4: Multiple substitutions specified in non-positional format of string resource string/scene_wizard_profile_info. Did you mean to add the formatted="false" attribute?
C:\Users\craig\StudioProjects\AndroidAPS\AndroidAPSApril26\core\ui\build\intermediates\packaged_res\fullDebug\packageFullDebugResources\values-ro-rRO\values-ro-rRO.xml:730:4: Multiple substitutions specified in non-positional format of string resource string/scene_wizard_info_luteal_phase. Did you mean to add the formatted="false" attribute?
C:\Users\craig\StudioProjects\AndroidAPS\AndroidAPSApril26\core\ui\build\intermediates\packaged_res\fullDebug\packageFullDebugResources\values-ro-rRO\values-ro-rRO.xml:734:4: Multiple substitutions specified in non-positional format of string resource string/scene_wizard_info_sick_day. Did you mean to add the formatted="false" attribute?
C:\Users\craig\StudioProjects\AndroidAPS\AndroidAPSApril26\core\ui\build\intermediates\packaged_res\fullDebug\packageFullDebugResources\values-ro-rRO\values-ro-rRO.xml:743:4: Multiple substitutions specified in non-positional format of string resource string/scene_wizard_profile_info. Did you mean to add the formatted="false" attribute?
C:\Users\craig\StudioProjects\AndroidAPS\AndroidAPSApril26\core\ui\build\intermediates\packaged_res\fullDebug\packageFullDebugResources\values-zh-rTW\values-zh-rTW.xml:724:4: Multiple substitutions specified in non-positional format of string resource string/scene_wizard_info_luteal_phase. Did you mean to add the formatted="false" attribute?
C:\Users\craig\StudioProjects\AndroidAPS\AndroidAPSApril26\core\ui\build\intermediates\packaged_res\fullDebug\packageFullDebugResources\values-zh-rTW\values-zh-rTW.xml:728:4: Multiple substitutions specified in non-positional format of string resource string/scene_wizard_info_sick_day. Did you mean to add the formatted="false" attribute?
C:\Users\craig\StudioProjects\AndroidAPS\AndroidAPSApril26\core\ui\build\intermediates\packaged_res\fullDebug\packageFullDebugResources\values-zh-rTW\values-zh-rTW.xml:737:4: Multiple substitutions specified in non-positional format of string resource string/scene_wizard_profile_info. Did you mean to add the formatted="false" attribute?

> Task :database:impl:compileFullDebugKotlin
> Task :shared:impl:kspFullDebugKotlin

> Task :core:utils:testFullDebugUnitTest

StringUtilsTest > removeSurroundingQuotesTest() STARTED

DateTimeUtilUTest > getaTechDateDifferenceAsMinutes() STARTED

MidnightUtilsTest > testDateTimeToDuration() STARTED

MidnightUtilsTest > testSecondsFromMidnight() STARTED

MidnightUtilsTest > secondsFromMidnight() STARTED

MidnightUtilsTest > milliSecFromMidnight() STARTED

MidnightUtilsTest > testDateTimeToDurationAtDstReverseChange() STARTED

MidnightUtilsTest > testDateTimeInOtherZone() STARTED

MidnightUtilsTest > testDateTimeToDurationAtDstChange() STARTED

> Task :plugins:main:processFullDebugUnitTestResources

> Task :plugins:sync:mergeFullDebugUnitTestResources
C:\Users\craig\StudioProjects\AndroidAPS\AndroidAPSApril26\core\ui\build\intermediates\packaged_res\fullDebug\packageFullDebugResources\values-fr-rFR\values-fr-rFR.xml:727:4: Multiple substitutions specified in non-positional format of string resource string/scene_wizard_info_luteal_phase. Did you mean to add the formatted="false" attribute?
C:\Users\craig\StudioProjects\AndroidAPS\AndroidAPSApril26\core\ui\build\intermediates\packaged_res\fullDebug\packageFullDebugResources\values-fr-rFR\values-fr-rFR.xml:731:4: Multiple substitutions specified in non-positional format of string resource string/scene_wizard_info_sick_day. Did you mean to add the formatted="false" attribute?
C:\Users\craig\StudioProjects\AndroidAPS\AndroidAPSApril26\core\ui\build\intermediates\packaged_res\fullDebug\packageFullDebugResources\values-fr-rFR\values-fr-rFR.xml:740:4: Multiple substitutions specified in non-positional format of string resource string/scene_wizard_profile_info. Did you mean to add the formatted="false" attribute?
C:\Users\craig\StudioProjects\AndroidAPS\AndroidAPSApril26\core\ui\build\intermediates\packaged_res\fullDebug\packageFullDebugResources\values-vi-rVN\values-vi-rVN.xml:724:4: Multiple substitutions specified in non-positional format of string resource string/scene_wizard_info_luteal_phase. Did you mean to add the formatted="false" attribute?
C:\Users\craig\StudioProjects\AndroidAPS\AndroidAPSApril26\core\ui\build\intermediates\packaged_res\fullDebug\packageFullDebugResources\values-vi-rVN\values-vi-rVN.xml:728:4: Multiple substitutions specified in non-positional format of string resource string/scene_wizard_info_sick_day. Did you mean to add the formatted="false" attribute?
C:\Users\craig\StudioProjects\AndroidAPS\AndroidAPSApril26\core\ui\build\intermediates\packaged_res\fullDebug\packageFullDebugResources\values-vi-rVN\values-vi-rVN.xml:737:4: Multiple substitutions specified in non-positional format of string resource string/scene_wizard_profile_info. Did you mean to add the formatted="false" attribute?
C:\Users\craig\StudioProjects\AndroidAPS\AndroidAPSApril26\core\ui\build\intermediates\packaged_res\fullDebug\packageFullDebugResources\values-it-rIT\values-it-rIT.xml:727:4: Multiple substitutions specified in non-positional format of string resource string/scene_wizard_info_luteal_phase. Did you mean to add the formatted="false" attribute?
C:\Users\craig\StudioProjects\AndroidAPS\AndroidAPSApril26\core\ui\build\intermediates\packaged_res\fullDebug\packageFullDebugResources\values-it-rIT\values-it-rIT.xml:731:4: Multiple substitutions specified in non-positional format of string resource string/scene_wizard_info_sick_day. Did you mean to add the formatted="false" attribute?
C:\Users\craig\StudioProjects\AndroidAPS\AndroidAPSApril26\core\ui\build\intermediates\packaged_res\fullDebug\packageFullDebugResources\values-it-rIT\values-it-rIT.xml:740:4: Multiple substitutions specified in non-positional format of string resource string/scene_wizard_profile_info. Did you mean to add the formatted="false" attribute?
C:\Users\craig\StudioProjects\AndroidAPS\AndroidAPSApril26\core\ui\build\intermediates\packaged_res\fullDebug\packageFullDebugResources\values\values.xml:755:4: Multiple substitutions specified in non-positional format of string resource string/scene_wizard_info_luteal_phase. Did you mean to add the formatted="false" attribute?
C:\Users\craig\StudioProjects\AndroidAPS\AndroidAPSApril26\core\ui\build\intermediates\packaged_res\fullDebug\packageFullDebugResources\values\values.xml:759:4: Multiple substitutions specified in non-positional format of string resource string/scene_wizard_info_sick_day. Did you mean to add the formatted="false" attribute?
C:\Users\craig\StudioProjects\AndroidAPS\AndroidAPSApril26\core\ui\build\intermediates\packaged_res\fullDebug\packageFullDebugResources\values\values.xml:768:4: Multiple substitutions specified in non-positional format of string resource string/scene_wizard_profile_info. Did you mean to add the formatted="false" attribute?
C:\Users\craig\StudioProjects\AndroidAPS\AndroidAPSApril26\core\ui\build\intermediates\packaged_res\fullDebug\packageFullDebugResources\values-ru-rRU\values-ru-rRU.xml:406:4: Multiple substitutions specified in non-positional format of string resource string/temp_basal_percent_rate. Did you mean to add the formatted="false" attribute?
C:\Users\craig\StudioProjects\AndroidAPS\AndroidAPSApril26\core\ui\build\intermediates\packaged_res\fullDebug\packageFullDebugResources\values-zh-rCN\values-zh-rCN.xml:726:4: Multiple substitutions specified in non-positional format of string resource string/scene_wizard_info_luteal_phase. Did you mean to add the formatted="false" attribute?
C:\Users\craig\StudioProjects\AndroidAPS\AndroidAPSApril26\core\ui\build\intermediates\packaged_res\fullDebug\packageFullDebugResources\values-zh-rCN\values-zh-rCN.xml:730:4: Multiple substitutions specified in non-positional format of string resource string/scene_wizard_info_sick_day. Did you mean to add the formatted="false" attribute?
C:\Users\craig\StudioProjects\AndroidAPS\AndroidAPSApril26\core\ui\build\intermediates\packaged_res\fullDebug\packageFullDebugResources\values-zh-rCN\values-zh-rCN.xml:739:4: Multiple substitutions specified in non-positional format of string resource string/scene_wizard_profile_info. Did you mean to add the formatted="false" attribute?

> Task :plugins:main:packageFullDebugUnitTestForUnitTest

> Task :plugins:eversense:testFullDebugUnitTest

EversenseHttp365UtilTest > login returns null on 401 response() STARTED

GetCalibrationPhasePacketTest > annotation uses SingleByte response id() STARTED

GetCalibrationPhasePacketTest > value 5 parses to UNKNOWN() STARTED

GetCalibrationPhasePacketTest > value 3 parses to INITIALIZATION() STARTED

GetCalibrationPhasePacketTest > unknown value falls back to UNKNOWN() STARTED

GetCalibrationPhasePacketTest > value 7 parses to DROPOUT() STARTED

GetCalibrationPhasePacketTest > value 1 parses to WARMING_UP() STARTED

GetCalibrationPhasePacketTest > value 6 parses to DEBUG() STARTED

GetCalibrationPhasePacketTest > value 2 parses to DAILY_CALIBRATION() STARTED

GetCalibrationPhasePacketTest > annotation uses SingleByte command id() STARTED

GetCalibrationPhasePacketTest > value 4 parses to SUSPICIOUS() STARTED

GetCalibrationPhasePacketTest > empty receivedData returns null() STARTED

> Task :plugins:main:generateFullDebugUnitTestConfig

> Task :core:utils:testFullDebugUnitTest

JsonHelperTest > safeGetDoubleTest() STARTED

JsonHelperTest > safeGetObjectTest() STARTED

JsonHelperTest > safeGetJSONObjectTest() STARTED

JsonHelperTest > safeGetStringTest() STARTED

JsonHelperTest > mergeTest() STARTED

JsonHelperTest > safeGetBooleanTest() STARTED

JsonHelperTest > safeGetLongTest() STARTED

JsonHelperTest > safeGetLntTest() STARTED

> Task :plugins:smoothing:processFullDebugUnitTestManifest
> Task :plugins:smoothing:javaPreCompileFullDebugUnitTest
> Task :plugins:smoothing:generateFullDebugUnitTestAssets UP-TO-DATE
> Task :plugins:smoothing:mergeFullDebugUnitTestAssets

> Task :plugins:eversense:testFullDebugUnitTest

EversenseHttp365UtilTest > getOrRefreshToken refreshes token within 5 minutes of expiry() STARTED

EversenseHttp365UtilTest > uploadGlucoseReadings sends correct JSON body fields() STARTED

> Task :core:interfaces:compileFullDebugUnitTestKotlin
> Task :core:interfaces:compileFullDebugUnitTestJavaWithJavac NO-SOURCE
> Task :plugins:sync:processFullDebugUnitTestManifest
> Task :core:interfaces:processFullDebugUnitTestJavaRes
> Task :plugins:source:javaPreCompileFullDebugUnitTest
> Task :plugins:sync:javaPreCompileFullDebugUnitTest

> Task :plugins:eversense:testFullDebugUnitTest FAILED

EversenseHttp365UtilTest > uploadGlucoseReadings sends correct JSON body fields() FAILED
    org.opentest4j.AssertionFailedError: Missing SensorId ==> expected: <true> but was: <false>
        at app//org.junit.jupiter.api.AssertionFailureBuilder.build(AssertionFailureBuilder.java:158)
        at app//org.junit.jupiter.api.AssertionFailureBuilder.buildAndThrow(AssertionFailureBuilder.java:139)
        at app//org.junit.jupiter.api.AssertTrue.failNotTrue(AssertTrue.java:69)
        at app//org.junit.jupiter.api.AssertTrue.assertTrue(AssertTrue.java:41)
        at app//org.junit.jupiter.api.Assertions.assertTrue(Assertions.java:228)
        at app//com.nightscout.eversense.util.EversenseHttp365UtilTest.uploadGlucoseReadings sends correct JSON body fields(EversenseHttp365UtilTest.kt:185)

EversenseHttp365UtilTest > getOrRefreshToken fetches new token when cache is expired() STARTED

EversenseHttp365UtilTest > uploadGlucoseReadings does nothing when readings list is empty() STARTED

EversenseHttp365UtilTest > uploadGlucoseReadings does not throw on 5xx server error() STARTED

EversenseHttp365UtilTest > uploadGlucoseReadings does not throw on 4xx server error() STARTED

EversenseHttp365UtilTest > login sends correct form-encoded body() STARTED

GetCalibrationReadinessPacketTest > annotation uses SingleByte response id() STARTED

EversenseHttp365UtilTest > uploadGlucoseReadings posts to correct endpoint with bearer token() STARTED

GetCalibrationReadinessPacketTest > unknown value falls back to UNKNOWN() STARTED

EversenseHttp365UtilTest > getOrRefreshToken returns null when login fails() STARTED

EversenseHttp365UtilTest > uploadGlucoseReadings skips upload when no valid token available() STARTED

EversenseHttp365UtilTest > uploadGlucoseReadings sends multiple readings in one request() STARTED

GetCalibrationReadinessPacketTest > value 10 parses to TRANSMITTER_EOL() STARTED

GetCalibrationReadinessPacketTest > value 9 parses to LED_DISCONNECT_DETECTED() STARTED

GetCalibrationReadinessPacketTest > value 4 parses to DROPOUT_PHASE() STARTED

GetCalibrationReadinessPacketTest > value 8 parses to CALIBRATING() STARTED

GetCalibrationReadinessPacketTest > value 3 parses to TOO_SOON() STARTED

GetCalibrationReadinessPacketTest > value 7 parses to UNSUPPORTED_MODE() STARTED

GetCalibrationReadinessPacketTest > value 0 parses to READY() STARTED

EversenseHttp365UtilTest > getOrRefreshToken returns cached token when not expired() STARTED

GetCalibrationReadinessPacketTest > value 5 parses to SENSOR_EOL() STARTED

GetCalibrationReadinessPacketTest > annotation uses SingleByte command id() STARTED

GetCalibrationReadinessPacketTest > value 2 parses to GLUCOSE_TOO_HIGH() STARTED

GetCalibrationReadinessPacketTest > value 1 parses to NOT_ENOUGH_DATA() STARTED

GetCalibrationReadinessPacketTest > value 6 parses to NO_SENSOR_LINKED() STARTED

GetCalibrationReadinessPacketTest > empty receivedData returns null() STARTED

39 tests completed, 1 failed

> Task :pump:common:preFullDebugUnitTestBuild UP-TO-DATE
> Task :pump:common:checkFullDebugUnitTestAarMetadata
> Task :pump:common:mapFullDebugUnitTestSourceSetPaths
> Task :pump:common:generateFullDebugUnitTestResources
> Task :shared:impl:compileFullDebugKotlin
> Task :plugins:sensitivity:processFullDebugUnitTestResources
> Task :plugins:sensitivity:packageFullDebugUnitTestForUnitTest
> Task :plugins:configuration:processFullDebugUnitTestResources
> Task :plugins:configuration:packageFullDebugUnitTestForUnitTest
> Task :plugins:smoothing:processFullDebugUnitTestResources
> Task :plugins:smoothing:packageFullDebugUnitTestForUnitTest
> Task :plugins:constraints:processFullDebugUnitTestResources
> Task :plugins:sync:processFullDebugUnitTestResources

> Task :core:interfaces:testFullDebugUnitTest

ClockSkewCompensationTest > each emission gets its own compensation() STARTED

> Task :plugins:constraints:packageFullDebugUnitTestForUnitTest
> Task :plugins:sync:packageFullDebugUnitTestForUnitTest
> Task :core:ui:compileFullDebugKotlin
> Task :plugins:sync:generateFullDebugUnitTestConfig
> Task :pump:dana:preFullDebugUnitTestBuild UP-TO-DATE
> Task :plugins:source:processFullDebugUnitTestResources
> Task :plugins:source:packageFullDebugUnitTestForUnitTest
> Task :plugins:source:generateFullDebugUnitTestConfig
> Task :plugins:smoothing:generateFullDebugUnitTestConfig
> Task :pump:dana:mapFullDebugUnitTestSourceSetPaths
> Task :pump:danar:preFullDebugUnitTestBuild UP-TO-DATE

> Task :core:interfaces:testFullDebugUnitTest

EventDataTest > serializationTest() STARTED

> Task :pump:dana:generateFullDebugUnitTestResources
> Task :shared:impl:compileFullDebugJavaWithJavac
> Task :pump:danar:checkFullDebugUnitTestAarMetadata
> Task :pump:dana:checkFullDebugUnitTestAarMetadata
> Task :pump:danar:mapFullDebugUnitTestSourceSetPaths
> Task :shared:impl:processFullDebugJavaRes

> Task :core:interfaces:testFullDebugUnitTest

PumpInsulinTest > toString formats correctly() STARTED

PumpInsulinTest > iU with U500 multiplies by 5() STARTED

PumpInsulinTest > hashCode is consistent() STARTED

PumpInsulinTest > equals compares cU values() STARTED

PumpInsulinTest > iU with U10 multiplies by 0_1() STARTED

PumpInsulinTest > iU with U200 doubles value() STARTED

PumpInsulinTest > iU with U100 returns same value() STARTED

PumpInsulinTest > iU with U50 halves value() STARTED

PumpInsulinTest > cU returns raw value() STARTED

> Task :shared:impl:bundleLibCompileToJarFullDebug

> Task :pump:combov2:mergeFullDebugUnitTestResources
C:\Users\craig\StudioProjects\AndroidAPS\AndroidAPSApril26\core\interfaces\build\intermediates\packaged_res\fullDebug\packageFullDebugResources\values-es-rES\values-es-rES.xml:30:4: Multiple substitutions specified in non-positional format of string resource string/half_basal_exercise_target_summary. Did you mean to add the formatted="false" attribute?
C:\Users\craig\StudioProjects\AndroidAPS\AndroidAPSApril26\core\ui\build\intermediates\packaged_res\fullDebug\packageFullDebugResources\values-es-rES\values-es-rES.xml:727:4: Multiple substitutions specified in non-positional format of string resource string/scene_wizard_info_luteal_phase. Did you mean to add the formatted="false" attribute?
C:\Users\craig\StudioProjects\AndroidAPS\AndroidAPSApril26\core\ui\build\intermediates\packaged_res\fullDebug\packageFullDebugResources\values-es-rES\values-es-rES.xml:731:4: Multiple substitutions specified in non-positional format of string resource string/scene_wizard_info_sick_day. Did you mean to add the formatted="false" attribute?
C:\Users\craig\StudioProjects\AndroidAPS\AndroidAPSApril26\core\ui\build\intermediates\packaged_res\fullDebug\packageFullDebugResources\values-es-rES\values-es-rES.xml:740:4: Multiple substitutions specified in non-positional format of string resource string/scene_wizard_profile_info. Did you mean to add the formatted="false" attribute?
C:\Users\craig\StudioProjects\AndroidAPS\AndroidAPSApril26\core\ui\build\intermediates\packaged_res\fullDebug\packageFullDebugResources\values-ro-rRO\values-ro-rRO.xml:730:4: Multiple substitutions specified in non-positional format of string resource string/scene_wizard_info_luteal_phase. Did you mean to add the formatted="false" attribute?
C:\Users\craig\StudioProjects\AndroidAPS\AndroidAPSApril26\core\ui\build\intermediates\packaged_res\fullDebug\packageFullDebugResources\values-ro-rRO\values-ro-rRO.xml:734:4: Multiple substitutions specified in non-positional format of string resource string/scene_wizard_info_sick_day. Did you mean to add the formatted="false" attribute?
C:\Users\craig\StudioProjects\AndroidAPS\AndroidAPSApril26\core\ui\build\intermediates\packaged_res\fullDebug\packageFullDebugResources\values-ro-rRO\values-ro-rRO.xml:743:4: Multiple substitutions specified in non-positional format of string resource string/scene_wizard_profile_info. Did you mean to add the formatted="false" attribute?

> Task :pump:combov2:processFullDebugUnitTestManifest
> Task :shared:impl:bundleLibRuntimeToJarFullDebug
> Task :pump:combov2:javaPreCompileFullDebugUnitTest
> Task :pump:combov2:generateFullDebugUnitTestAssets UP-TO-DATE

> Task :pump:common:mergeFullDebugUnitTestResources
C:\Users\craig\StudioProjects\AndroidAPS\AndroidAPSApril26\core\ui\build\intermediates\packaged_res\fullDebug\packageFullDebugResources\values\values.xml:755:4: Multiple substitutions specified in non-positional format of string resource string/scene_wizard_info_luteal_phase. Did you mean to add the formatted="false" attribute?
C:\Users\craig\StudioProjects\AndroidAPS\AndroidAPSApril26\core\ui\build\intermediates\packaged_res\fullDebug\packageFullDebugResources\values\values.xml:759:4: Multiple substitutions specified in non-positional format of string resource string/scene_wizard_info_sick_day. Did you mean to add the formatted="false" attribute?
C:\Users\craig\StudioProjects\AndroidAPS\AndroidAPSApril26\core\ui\build\intermediates\packaged_res\fullDebug\packageFullDebugResources\values\values.xml:768:4: Multiple substitutions specified in non-positional format of string resource string/scene_wizard_profile_info. Did you mean to add the formatted="false" attribute?

> Task :pump:common:processFullDebugUnitTestManifest

> Task :pump:combov2:mergeFullDebugUnitTestResources
C:\Users\craig\StudioProjects\AndroidAPS\AndroidAPSApril26\core\ui\build\intermediates\packaged_res\fullDebug\packageFullDebugResources\values-zh-rTW\values-zh-rTW.xml:724:4: Multiple substitutions specified in non-positional format of string resource string/scene_wizard_info_luteal_phase. Did you mean to add the formatted="false" attribute?
C:\Users\craig\StudioProjects\AndroidAPS\AndroidAPSApril26\core\ui\build\intermediates\packaged_res\fullDebug\packageFullDebugResources\values-zh-rTW\values-zh-rTW.xml:728:4: Multiple substitutions specified in non-positional format of string resource string/scene_wizard_info_sick_day. Did you mean to add the formatted="false" attribute?
C:\Users\craig\StudioProjects\AndroidAPS\AndroidAPSApril26\core\ui\build\intermediates\packaged_res\fullDebug\packageFullDebugResources\values-zh-rTW\values-zh-rTW.xml:737:4: Multiple substitutions specified in non-positional format of string resource string/scene_wizard_profile_info. Did you mean to add the formatted="false" attribute?
C:\Users\craig\StudioProjects\AndroidAPS\AndroidAPSApril26\core\ui\build\intermediates\packaged_res\fullDebug\packageFullDebugResources\values-fr-rFR\values-fr-rFR.xml:727:4: Multiple substitutions specified in non-positional format of string resource string/scene_wizard_info_luteal_phase. Did you mean to add the formatted="false" attribute?
C:\Users\craig\StudioProjects\AndroidAPS\AndroidAPSApril26\core\ui\build\intermediates\packaged_res\fullDebug\packageFullDebugResources\values-fr-rFR\values-fr-rFR.xml:731:4: Multiple substitutions specified in non-positional format of string resource string/scene_wizard_info_sick_day. Did you mean to add the formatted="false" attribute?
C:\Users\craig\StudioProjects\AndroidAPS\AndroidAPSApril26\core\ui\build\intermediates\packaged_res\fullDebug\packageFullDebugResources\values-fr-rFR\values-fr-rFR.xml:740:4: Multiple substitutions specified in non-positional format of string resource string/scene_wizard_profile_info. Did you mean to add the formatted="false" attribute?
C:\Users\craig\StudioProjects\AndroidAPS\AndroidAPSApril26\core\ui\build\intermediates\packaged_res\fullDebug\packageFullDebugResources\values-vi-rVN\values-vi-rVN.xml:724:4: Multiple substitutions specified in non-positional format of string resource string/scene_wizard_info_luteal_phase. Did you mean to add the formatted="false" attribute?
C:\Users\craig\StudioProjects\AndroidAPS\AndroidAPSApril26\core\ui\build\intermediates\packaged_res\fullDebug\packageFullDebugResources\values-vi-rVN\values-vi-rVN.xml:728:4: Multiple substitutions specified in non-positional format of string resource string/scene_wizard_info_sick_day. Did you mean to add the formatted="false" attribute?
C:\Users\craig\StudioProjects\AndroidAPS\AndroidAPSApril26\core\ui\build\intermediates\packaged_res\fullDebug\packageFullDebugResources\values-vi-rVN\values-vi-rVN.xml:737:4: Multiple substitutions specified in non-positional format of string resource string/scene_wizard_profile_info. Did you mean to add the formatted="false" attribute?

> Task :pump:combov2:mergeFullDebugUnitTestAssets

> Task :core:interfaces:testFullDebugUnitTest

ConcentrationTypeTest > value property matches expected concentration multiplier() STARTED

ConcentrationTypeTest > fromDouble returns UNKNOWN for unrecognized value() STARTED

ConcentrationTypeTest > fromInt returns correct type for known values() STARTED

ConcentrationTypeTest > fromInt returns UNKNOWN for unrecognized value() STARTED

ConcentrationTypeTest > fromDouble returns correct type for known values() STARTED

> Task :pump:common:javaPreCompileFullDebugUnitTest
> Task :pump:common:generateFullDebugUnitTestAssets UP-TO-DATE

> Task :pump:common:mergeFullDebugUnitTestResources
C:\Users\craig\StudioProjects\AndroidAPS\AndroidAPSApril26\core\ui\build\intermediates\packaged_res\fullDebug\packageFullDebugResources\values-ru-rRU\values-ru-rRU.xml:406:4: Multiple substitutions specified in non-positional format of string resource string/temp_basal_percent_rate. Did you mean to add the formatted="false" attribute?
C:\Users\craig\StudioProjects\AndroidAPS\AndroidAPSApril26\core\ui\build\intermediates\packaged_res\fullDebug\packageFullDebugResources\values-zh-rCN\values-zh-rCN.xml:726:4: Multiple substitutions specified in non-positional format of string resource string/scene_wizard_info_luteal_phase. Did you mean to add the formatted="false" attribute?
C:\Users\craig\StudioProjects\AndroidAPS\AndroidAPSApril26\core\ui\build\intermediates\packaged_res\fullDebug\packageFullDebugResources\values-zh-rCN\values-zh-rCN.xml:730:4: Multiple substitutions specified in non-positional format of string resource string/scene_wizard_info_sick_day. Did you mean to add the formatted="false" attribute?
C:\Users\craig\StudioProjects\AndroidAPS\AndroidAPSApril26\core\ui\build\intermediates\packaged_res\fullDebug\packageFullDebugResources\values-zh-rCN\values-zh-rCN.xml:739:4: Multiple substitutions specified in non-positional format of string resource string/scene_wizard_profile_info. Did you mean to add the formatted="false" attribute?
C:\Users\craig\StudioProjects\AndroidAPS\AndroidAPSApril26\core\ui\build\intermediates\packaged_res\fullDebug\packageFullDebugResources\values-it-rIT\values-it-rIT.xml:727:4: Multiple substitutions specified in non-positional format of string resource string/scene_wizard_info_luteal_phase. Did you mean to add the formatted="false" attribute?
C:\Users\craig\StudioProjects\AndroidAPS\AndroidAPSApril26\core\ui\build\intermediates\packaged_res\fullDebug\packageFullDebugResources\values-it-rIT\values-it-rIT.xml:731:4: Multiple substitutions specified in non-positional format of string resource string/scene_wizard_info_sick_day. Did you mean to add the formatted="false" attribute?
C:\Users\craig\StudioProjects\AndroidAPS\AndroidAPSApril26\core\ui\build\intermediates\packaged_res\fullDebug\packageFullDebugResources\values-it-rIT\values-it-rIT.xml:740:4: Multiple substitutions specified in non-positional format of string resource string/scene_wizard_profile_info. Did you mean to add the formatted="false" attribute?
C:\Users\craig\StudioProjects\AndroidAPS\AndroidAPSApril26\core\ui\build\intermediates\packaged_res\fullDebug\packageFullDebugResources\values-ro-rRO\values-ro-rRO.xml:730:4: Multiple substitutions specified in non-positional format of string resource string/scene_wizard_info_luteal_phase. Did you mean to add the formatted="false" attribute?
C:\Users\craig\StudioProjects\AndroidAPS\AndroidAPSApril26\core\ui\build\intermediates\packaged_res\fullDebug\packageFullDebugResources\values-ro-rRO\values-ro-rRO.xml:734:4: Multiple substitutions specified in non-positional format of string resource string/scene_wizard_info_sick_day. Did you mean to add the formatted="false" attribute?
C:\Users\craig\StudioProjects\AndroidAPS\AndroidAPSApril26\core\ui\build\intermediates\packaged_res\fullDebug\packageFullDebugResources\values-ro-rRO\values-ro-rRO.xml:743:4: Multiple substitutions specified in non-positional format of string resource string/scene_wizard_profile_info. Did you mean to add the formatted="false" attribute?
C:\Users\craig\StudioProjects\AndroidAPS\AndroidAPSApril26\core\interfaces\build\intermediates\packaged_res\fullDebug\packageFullDebugResources\values-es-rES\values-es-rES.xml:30:4: Multiple substitutions specified in non-positional format of string resource string/half_basal_exercise_target_summary. Did you mean to add the formatted="false" attribute?
C:\Users\craig\StudioProjects\AndroidAPS\AndroidAPSApril26\core\ui\build\intermediates\packaged_res\fullDebug\packageFullDebugResources\values-es-rES\values-es-rES.xml:727:4: Multiple substitutions specified in non-positional format of string resource string/scene_wizard_info_luteal_phase. Did you mean to add the formatted="false" attribute?
C:\Users\craig\StudioProjects\AndroidAPS\AndroidAPSApril26\core\ui\build\intermediates\packaged_res\fullDebug\packageFullDebugResources\values-es-rES\values-es-rES.xml:731:4: Multiple substitutions specified in non-positional format of string resource string/scene_wizard_info_sick_day. Did you mean to add the formatted="false" attribute?
C:\Users\craig\StudioProjects\AndroidAPS\AndroidAPSApril26\core\ui\build\intermediates\packaged_res\fullDebug\packageFullDebugResources\values-es-rES\values-es-rES.xml:740:4: Multiple substitutions specified in non-positional format of string resource string/scene_wizard_profile_info. Did you mean to add the formatted="false" attribute?
C:\Users\craig\StudioProjects\AndroidAPS\AndroidAPSApril26\core\ui\build\intermediates\packaged_res\fullDebug\packageFullDebugResources\values-zh-rTW\values-zh-rTW.xml:724:4: Multiple substitutions specified in non-positional format of string resource string/scene_wizard_info_luteal_phase. Did you mean to add the formatted="false" attribute?
C:\Users\craig\StudioProjects\AndroidAPS\AndroidAPSApril26\core\ui\build\intermediates\packaged_res\fullDebug\packageFullDebugResources\values-zh-rTW\values-zh-rTW.xml:728:4: Multiple substitutions specified in non-positional format of string resource string/scene_wizard_info_sick_day. Did you mean to add the formatted="false" attribute?
C:\Users\craig\StudioProjects\AndroidAPS\AndroidAPSApril26\core\ui\build\intermediates\packaged_res\fullDebug\packageFullDebugResources\values-zh-rTW\values-zh-rTW.xml:737:4: Multiple substitutions specified in non-positional format of string resource string/scene_wizard_profile_info. Did you mean to add the formatted="false" attribute?
C:\Users\craig\StudioProjects\AndroidAPS\AndroidAPSApril26\core\ui\build\intermediates\packaged_res\fullDebug\packageFullDebugResources\values-fr-rFR\values-fr-rFR.xml:727:4: Multiple substitutions specified in non-positional format of string resource string/scene_wizard_info_luteal_phase. Did you mean to add the formatted="false" attribute?
C:\Users\craig\StudioProjects\AndroidAPS\AndroidAPSApril26\core\ui\build\intermediates\packaged_res\fullDebug\packageFullDebugResources\values-fr-rFR\values-fr-rFR.xml:731:4: Multiple substitutions specified in non-positional format of string resource string/scene_wizard_info_sick_day. Did you mean to add the formatted="false" attribute?
C:\Users\craig\StudioProjects\AndroidAPS\AndroidAPSApril26\core\ui\build\intermediates\packaged_res\fullDebug\packageFullDebugResources\values-fr-rFR\values-fr-rFR.xml:740:4: Multiple substitutions specified in non-positional format of string resource string/scene_wizard_profile_info. Did you mean to add the formatted="false" attribute?
C:\Users\craig\StudioProjects\AndroidAPS\AndroidAPSApril26\core\ui\build\intermediates\packaged_res\fullDebug\packageFullDebugResources\values-vi-rVN\values-vi-rVN.xml:724:4: Multiple substitutions specified in non-positional format of string resource string/scene_wizard_info_luteal_phase. Did you mean to add the formatted="false" attribute?
C:\Users\craig\StudioProjects\AndroidAPS\AndroidAPSApril26\core\ui\build\intermediates\packaged_res\fullDebug\packageFullDebugResources\values-vi-rVN\values-vi-rVN.xml:728:4: Multiple substitutions specified in non-positional format of string resource string/scene_wizard_info_sick_day. Did you mean to add the formatted="false" attribute?
C:\Users\craig\StudioProjects\AndroidAPS\AndroidAPSApril26\core\ui\build\intermediates\packaged_res\fullDebug\packageFullDebugResources\values-vi-rVN\values-vi-rVN.xml:737:4: Multiple substitutions specified in non-positional format of string resource string/scene_wizard_profile_info. Did you mean to add the formatted="false" attribute?

> Task :pump:danar:generateFullDebugUnitTestResources
> Task :pump:common:mergeFullDebugUnitTestAssets
> Task :pump:danar-emulator:preFullDebugUnitTestBuild UP-TO-DATE
> Task :plugins:constraints:generateFullDebugUnitTestConfig
> Task :pump:danars:preFullDebugUnitTestBuild UP-TO-DATE
> Task :plugins:configuration:generateFullDebugUnitTestConfig
> Task :pump:danars-emulator:preFullDebugUnitTestBuild UP-TO-DATE
> Task :pump:danars:checkFullDebugUnitTestAarMetadata
> Task :pump:danar-emulator:mapFullDebugUnitTestSourceSetPaths
> Task :pump:danar-emulator:generateFullDebugUnitTestResources

> Task :pump:combov2:mergeFullDebugUnitTestResources
C:\Users\craig\StudioProjects\AndroidAPS\AndroidAPSApril26\core\ui\build\intermediates\packaged_res\fullDebug\packageFullDebugResources\values-it-rIT\values-it-rIT.xml:727:4: Multiple substitutions specified in non-positional format of string resource string/scene_wizard_info_luteal_phase. Did you mean to add the formatted="false" attribute?
C:\Users\craig\StudioProjects\AndroidAPS\AndroidAPSApril26\core\ui\build\intermediates\packaged_res\fullDebug\packageFullDebugResources\values-it-rIT\values-it-rIT.xml:731:4: Multiple substitutions specified in non-positional format of string resource string/scene_wizard_info_sick_day. Did you mean to add the formatted="false" attribute?
C:\Users\craig\StudioProjects\AndroidAPS\AndroidAPSApril26\core\ui\build\intermediates\packaged_res\fullDebug\packageFullDebugResources\values-it-rIT\values-it-rIT.xml:740:4: Multiple substitutions specified in non-positional format of string resource string/scene_wizard_profile_info. Did you mean to add the formatted="false" attribute?

> Task :pump:danars-emulator:checkFullDebugUnitTestAarMetadata
> Task :pump:danars:mapFullDebugUnitTestSourceSetPaths
> Task :pump:danars:generateFullDebugUnitTestResources

> Task :core:interfaces:testFullDebugUnitTest

PumpRateTest > toString formats correctly() STARTED

PumpRateTest > iU absolute with U50 halves value() STARTED

PumpRateTest > iU percent with U200 returns unchanged value() STARTED

PumpRateTest > iU absolute with U100 returns same value() STARTED

PumpRateTest > hashCode is consistent() STARTED

PumpRateTest > equals compares cU values() STARTED

PumpRateTest > iU percent with U50 returns unchanged value() STARTED

PumpRateTest > iU percent with U100 returns unchanged value() STARTED

PumpRateTest > cU returns raw value() STARTED

PumpRateTest > iU absolute with U200 doubles value() STARTED

> Task :plugins:sensitivity:generateFullDebugUnitTestConfig
> Task :pump:danar-emulator:checkFullDebugUnitTestAarMetadata
> Task :pump:diaconn:preFullDebugUnitTestBuild UP-TO-DATE
> Task :pump:danars-emulator:mapFullDebugUnitTestSourceSetPaths
> Task :pump:diaconn:checkFullDebugUnitTestAarMetadata
> Task :pump:diaconn:mapFullDebugUnitTestSourceSetPaths
> Task :pump:danars-emulator:generateFullDebugUnitTestResources
> Task :pump:diaconn:generateFullDebugUnitTestResources

> Task :pump:combov2:mergeFullDebugUnitTestResources
C:\Users\craig\StudioProjects\AndroidAPS\AndroidAPSApril26\core\ui\build\intermediates\packaged_res\fullDebug\packageFullDebugResources\values\values.xml:755:4: Multiple substitutions specified in non-positional format of string resource string/scene_wizard_info_luteal_phase. Did you mean to add the formatted="false" attribute?
C:\Users\craig\StudioProjects\AndroidAPS\AndroidAPSApril26\core\ui\build\intermediates\packaged_res\fullDebug\packageFullDebugResources\values\values.xml:759:4: Multiple substitutions specified in non-positional format of string resource string/scene_wizard_info_sick_day. Did you mean to add the formatted="false" attribute?
C:\Users\craig\StudioProjects\AndroidAPS\AndroidAPSApril26\core\ui\build\intermediates\packaged_res\fullDebug\packageFullDebugResources\values\values.xml:768:4: Multiple substitutions specified in non-positional format of string resource string/scene_wizard_profile_info. Did you mean to add the formatted="false" attribute?
C:\Users\craig\StudioProjects\AndroidAPS\AndroidAPSApril26\core\ui\build\intermediates\packaged_res\fullDebug\packageFullDebugResources\values-ru-rRU\values-ru-rRU.xml:406:4: Multiple substitutions specified in non-positional format of string resource string/temp_basal_percent_rate. Did you mean to add the formatted="false" attribute?
C:\Users\craig\StudioProjects\AndroidAPS\AndroidAPSApril26\core\ui\build\intermediates\packaged_res\fullDebug\packageFullDebugResources\values-zh-rCN\values-zh-rCN.xml:726:4: Multiple substitutions specified in non-positional format of string resource string/scene_wizard_info_luteal_phase. Did you mean to add the formatted="false" attribute?
C:\Users\craig\StudioProjects\AndroidAPS\AndroidAPSApril26\core\ui\build\intermediates\packaged_res\fullDebug\packageFullDebugResources\values-zh-rCN\values-zh-rCN.xml:730:4: Multiple substitutions specified in non-positional format of string resource string/scene_wizard_info_sick_day. Did you mean to add the formatted="false" attribute?
C:\Users\craig\StudioProjects\AndroidAPS\AndroidAPSApril26\core\ui\build\intermediates\packaged_res\fullDebug\packageFullDebugResources\values-zh-rCN\values-zh-rCN.xml:739:4: Multiple substitutions specified in non-positional format of string resource string/scene_wizard_profile_info. Did you mean to add the formatted="false" attribute?

> Task :core:interfaces:testFullDebugUnitTest

ClockSkewCompensationTest > pass-through on APS phone (no AAPSCLIENT)() STARTED

ClockSkewCompensationTest > no future row - single emission only() STARTED

ClockSkewCompensationTest > boundary - exactly at tolerance triggers re-emit() STARTED

ClockSkewCompensationTest > multiple items - uses largest future gap() STARTED

ClockSkewCompensationTest > future row within tolerance - emits twice with delay() STARTED

ClockSkewCompensationTest > future row beyond tolerance - single emission, no re-emit() STARTED

SafeParseTest > stringToLongNullTest() STARTED

SafeParseTest > stringToDoubleNullTest() STARTED

SafeParseTest > stringToLongTest() STARTED

SafeParseTest > stringToIntTest() STARTED

SafeParseTest > stringToDoubleTest() STARTED

SafeParseTest > stringToIntNullTest() STARTED

> Task :pump:eopatch:generateFullDebugUnitTestAssets UP-TO-DATE
> Task :pump:eopatch:preFullDebugUnitTestBuild UP-TO-DATE
> Task :pump:eopatch:mergeFullDebugUnitTestAssets
> Task :pump:eopatch:checkFullDebugUnitTestAarMetadata
> Task :pump:eopatch:mapFullDebugUnitTestSourceSetPaths
> Task :pump:eopatch:generateFullDebugUnitTestResources
> Task :pump:eopatch:processFullDebugUnitTestManifest
> Task :pump:eopatch:javaPreCompileFullDebugUnitTest
> Task :pump:equil:generateFullDebugUnitTestAssets UP-TO-DATE
> Task :pump:equil:preFullDebugUnitTestBuild UP-TO-DATE
> Task :pump:equil:mergeFullDebugUnitTestAssets
> Task :pump:equil:checkFullDebugUnitTestAarMetadata
> Task :pump:equil:mapFullDebugUnitTestSourceSetPaths
> Task :pump:equil:generateFullDebugUnitTestResources
> Task :pump:equil:processFullDebugUnitTestManifest

> Task :pump:danar:mergeFullDebugUnitTestResources
C:\Users\craig\StudioProjects\AndroidAPS\AndroidAPSApril26\core\ui\build\intermediates\packaged_res\fullDebug\packageFullDebugResources\values-ro-rRO\values-ro-rRO.xml:730:4: Multiple substitutions specified in non-positional format of string resource string/scene_wizard_info_luteal_phase. Did you mean to add the formatted="false" attribute?
C:\Users\craig\StudioProjects\AndroidAPS\AndroidAPSApril26\core\ui\build\intermediates\packaged_res\fullDebug\packageFullDebugResources\values-ro-rRO\values-ro-rRO.xml:734:4: Multiple substitutions specified in non-positional format of string resource string/scene_wizard_info_sick_day. Did you mean to add the formatted="false" attribute?
C:\Users\craig\StudioProjects\AndroidAPS\AndroidAPSApril26\core\ui\build\intermediates\packaged_res\fullDebug\packageFullDebugResources\values-ro-rRO\values-ro-rRO.xml:743:4: Multiple substitutions specified in non-positional format of string resource string/scene_wizard_profile_info. Did you mean to add the formatted="false" attribute?
C:\Users\craig\StudioProjects\AndroidAPS\AndroidAPSApril26\core\ui\build\intermediates\packaged_res\fullDebug\packageFullDebugResources\values-zh-rTW\values-zh-rTW.xml:724:4: Multiple substitutions specified in non-positional format of string resource string/scene_wizard_info_luteal_phase. Did you mean to add the formatted="false" attribute?
C:\Users\craig\StudioProjects\AndroidAPS\AndroidAPSApril26\core\ui\build\intermediates\packaged_res\fullDebug\packageFullDebugResources\values-zh-rTW\values-zh-rTW.xml:728:4: Multiple substitutions specified in non-positional format of string resource string/scene_wizard_info_sick_day. Did you mean to add the formatted="false" attribute?

> Task :database:impl:compileFullDebugJavaWithJavac
> Task :pump:danar:processFullDebugUnitTestManifest

> Task :pump:dana:mergeFullDebugUnitTestResources
C:\Users\craig\StudioProjects\AndroidAPS\AndroidAPSApril26\core\ui\build\intermediates\packaged_res\fullDebug\packageFullDebugResources\values\values.xml:755:4: Multiple substitutions specified in non-positional format of string resource string/scene_wizard_info_luteal_phase. Did you mean to add the formatted="false" attribute?
C:\Users\craig\StudioProjects\AndroidAPS\AndroidAPSApril26\core\ui\build\intermediates\packaged_res\fullDebug\packageFullDebugResources\values\values.xml:759:4: Multiple substitutions specified in non-positional format of string resource string/scene_wizard_info_sick_day. Did you mean to add the formatted="false" attribute?
C:\Users\craig\StudioProjects\AndroidAPS\AndroidAPSApril26\core\ui\build\intermediates\packaged_res\fullDebug\packageFullDebugResources\values\values.xml:768:4: Multiple substitutions specified in non-positional format of string resource string/scene_wizard_profile_info. Did you mean to add the formatted="false" attribute?
C:\Users\craig\StudioProjects\AndroidAPS\AndroidAPSApril26\core\ui\build\intermediates\packaged_res\fullDebug\packageFullDebugResources\values-ru-rRU\values-ru-rRU.xml:406:4: Multiple substitutions specified in non-positional format of string resource string/temp_basal_percent_rate. Did you mean to add the formatted="false" attribute?
C:\Users\craig\StudioProjects\AndroidAPS\AndroidAPSApril26\core\ui\build\intermediates\packaged_res\fullDebug\packageFullDebugResources\values-zh-rCN\values-zh-rCN.xml:726:4: Multiple substitutions specified in non-positional format of string resource string/scene_wizard_info_luteal_phase. Did you mean to add the formatted="false" attribute?
C:\Users\craig\StudioProjects\AndroidAPS\AndroidAPSApril26\core\ui\build\intermediates\packaged_res\fullDebug\packageFullDebugResources\values-zh-rCN\values-zh-rCN.xml:730:4: Multiple substitutions specified in non-positional format of string resource string/scene_wizard_info_sick_day. Did you mean to add the formatted="false" attribute?
C:\Users\craig\StudioProjects\AndroidAPS\AndroidAPSApril26\core\ui\build\intermediates\packaged_res\fullDebug\packageFullDebugResources\values-zh-rCN\values-zh-rCN.xml:739:4: Multiple substitutions specified in non-positional format of string resource string/scene_wizard_profile_info. Did you mean to add the formatted="false" attribute?
C:\Users\craig\StudioProjects\AndroidAPS\AndroidAPSApril26\core\ui\build\intermediates\packaged_res\fullDebug\packageFullDebugResources\values-it-rIT\values-it-rIT.xml:727:4: Multiple substitutions specified in non-positional format of string resource string/scene_wizard_info_luteal_phase. Did you mean to add the formatted="false" attribute?
C:\Users\craig\StudioProjects\AndroidAPS\AndroidAPSApril26\core\ui\build\intermediates\packaged_res\fullDebug\packageFullDebugResources\values-it-rIT\values-it-rIT.xml:731:4: Multiple substitutions specified in non-positional format of string resource string/scene_wizard_info_sick_day. Did you mean to add the formatted="false" attribute?
C:\Users\craig\StudioProjects\AndroidAPS\AndroidAPSApril26\core\ui\build\intermediates\packaged_res\fullDebug\packageFullDebugResources\values-it-rIT\values-it-rIT.xml:740:4: Multiple substitutions specified in non-positional format of string resource string/scene_wizard_profile_info. Did you mean to add the formatted="false" attribute?
C:\Users\craig\StudioProjects\AndroidAPS\AndroidAPSApril26\core\ui\build\intermediates\packaged_res\fullDebug\packageFullDebugResources\values-ro-rRO\values-ro-rRO.xml:730:4: Multiple substitutions specified in non-positional format of string resource string/scene_wizard_info_luteal_phase. Did you mean to add the formatted="false" attribute?
C:\Users\craig\StudioProjects\AndroidAPS\AndroidAPSApril26\core\ui\build\intermediates\packaged_res\fullDebug\packageFullDebugResources\values-ro-rRO\values-ro-rRO.xml:734:4: Multiple substitutions specified in non-positional format of string resource string/scene_wizard_info_sick_day. Did you mean to add the formatted="false" attribute?
C:\Users\craig\StudioProjects\AndroidAPS\AndroidAPSApril26\core\ui\build\intermediates\packaged_res\fullDebug\packageFullDebugResources\values-ro-rRO\values-ro-rRO.xml:743:4: Multiple substitutions specified in non-positional format of string resource string/scene_wizard_profile_info. Did you mean to add the formatted="false" attribute?

> Task :database:impl:bundleLibCompileToJarFullDebug

> Task :pump:danar-emulator:mergeFullDebugUnitTestResources
C:\Users\craig\StudioProjects\AndroidAPS\AndroidAPSApril26\core\ui\build\intermediates\packaged_res\fullDebug\packageFullDebugResources\values\values.xml:755:4: Multiple substitutions specified in non-positional format of string resource string/scene_wizard_info_luteal_phase. Did you mean to add the formatted="false" attribute?
C:\Users\craig\StudioProjects\AndroidAPS\AndroidAPSApril26\core\ui\build\intermediates\packaged_res\fullDebug\packageFullDebugResources\values\values.xml:759:4: Multiple substitutions specified in non-positional format of string resource string/scene_wizard_info_sick_day. Did you mean to add the formatted="false" attribute?
C:\Users\craig\StudioProjects\AndroidAPS\AndroidAPSApril26\core\ui\build\intermediates\packaged_res\fullDebug\packageFullDebugResources\values\values.xml:768:4: Multiple substitutions specified in non-positional format of string resource string/scene_wizard_profile_info. Did you mean to add the formatted="false" attribute?
C:\Users\craig\StudioProjects\AndroidAPS\AndroidAPSApril26\core\ui\build\intermediates\packaged_res\fullDebug\packageFullDebugResources\values-it-rIT\values-it-rIT.xml:727:4: Multiple substitutions specified in non-positional format of string resource string/scene_wizard_info_luteal_phase. Did you mean to add the formatted="false" attribute?
C:\Users\craig\StudioProjects\AndroidAPS\AndroidAPSApril26\core\ui\build\intermediates\packaged_res\fullDebug\packageFullDebugResources\values-it-rIT\values-it-rIT.xml:731:4: Multiple substitutions specified in non-positional format of string resource string/scene_wizard_info_sick_day. Did you mean to add the formatted="false" attribute?
C:\Users\craig\StudioProjects\AndroidAPS\AndroidAPSApril26\core\ui\build\intermediates\packaged_res\fullDebug\packageFullDebugResources\values-it-rIT\values-it-rIT.xml:740:4: Multiple substitutions specified in non-positional format of string resource string/scene_wizard_profile_info. Did you mean to add the formatted="false" attribute?
C:\Users\craig\StudioProjects\AndroidAPS\AndroidAPSApril26\core\ui\build\intermediates\packaged_res\fullDebug\packageFullDebugResources\values-ro-rRO\values-ro-rRO.xml:730:4: Multiple substitutions specified in non-positional format of string resource string/scene_wizard_info_luteal_phase. Did you mean to add the formatted="false" attribute?
C:\Users\craig\StudioProjects\AndroidAPS\AndroidAPSApril26\core\ui\build\intermediates\packaged_res\fullDebug\packageFullDebugResources\values-ro-rRO\values-ro-rRO.xml:734:4: Multiple substitutions specified in non-positional format of string resource string/scene_wizard_info_sick_day. Did you mean to add the formatted="false" attribute?
C:\Users\craig\StudioProjects\AndroidAPS\AndroidAPSApril26\core\ui\build\intermediates\packaged_res\fullDebug\packageFullDebugResources\values-ro-rRO\values-ro-rRO.xml:743:4: Multiple substitutions specified in non-positional format of string resource string/scene_wizard_profile_info. Did you mean to add the formatted="false" attribute?
C:\Users\craig\StudioProjects\AndroidAPS\AndroidAPSApril26\core\ui\build\intermediates\packaged_res\fullDebug\packageFullDebugResources\values-zh-rTW\values-zh-rTW.xml:724:4: Multiple substitutions specified in non-positional format of string resource string/scene_wizard_info_luteal_phase. Did you mean to add the formatted="false" attribute?
C:\Users\craig\StudioProjects\AndroidAPS\AndroidAPSApril26\core\ui\build\intermediates\packaged_res\fullDebug\packageFullDebugResources\values-zh-rTW\values-zh-rTW.xml:728:4: Multiple substitutions specified in non-positional format of string resource string/scene_wizard_info_sick_day. Did you mean to add the formatted="false" attribute?
C:\Users\craig\StudioProjects\AndroidAPS\AndroidAPSApril26\core\ui\build\intermediates\packaged_res\fullDebug\packageFullDebugResources\values-zh-rTW\values-zh-rTW.xml:737:4: Multiple substitutions specified in non-positional format of string resource string/scene_wizard_profile_info. Did you mean to add the formatted="false" attribute?
C:\Users\craig\StudioProjects\AndroidAPS\AndroidAPSApril26\core\ui\build\intermediates\packaged_res\fullDebug\packageFullDebugResources\values-fr-rFR\values-fr-rFR.xml:727:4: Multiple substitutions specified in non-positional format of string resource string/scene_wizard_info_luteal_phase. Did you mean to add the formatted="false" attribute?
C:\Users\craig\StudioProjects\AndroidAPS\AndroidAPSApril26\core\ui\build\intermediates\packaged_res\fullDebug\packageFullDebugResources\values-fr-rFR\values-fr-rFR.xml:731:4: Multiple substitutions specified in non-positional format of string resource string/scene_wizard_info_sick_day. Did you mean to add the formatted="false" attribute?
C:\Users\craig\StudioProjects\AndroidAPS\AndroidAPSApril26\core\ui\build\intermediates\packaged_res\fullDebug\packageFullDebugResources\values-fr-rFR\values-fr-rFR.xml:740:4: Multiple substitutions specified in non-positional format of string resource string/scene_wizard_profile_info. Did you mean to add the formatted="false" attribute?
C:\Users\craig\StudioProjects\AndroidAPS\AndroidAPSApril26\core\ui\build\intermediates\packaged_res\fullDebug\packageFullDebugResources\values-ru-rRU\values-ru-rRU.xml:406:4: Multiple substitutions specified in non-positional format of string resource string/temp_basal_percent_rate. Did you mean to add the formatted="false" attribute?
C:\Users\craig\StudioProjects\AndroidAPS\AndroidAPSApril26\core\ui\build\intermediates\packaged_res\fullDebug\packageFullDebugResources\values-vi-rVN\values-vi-rVN.xml:724:4: Multiple substitutions specified in non-positional format of string resource string/scene_wizard_info_luteal_phase. Did you mean to add the formatted="false" attribute?
C:\Users\craig\StudioProjects\AndroidAPS\AndroidAPSApril26\core\ui\build\intermediates\packaged_res\fullDebug\packageFullDebugResources\values-vi-rVN\values-vi-rVN.xml:728:4: Multiple substitutions specified in non-positional format of string resource string/scene_wizard_info_sick_day. Did you mean to add the formatted="false" attribute?
C:\Users\craig\StudioProjects\AndroidAPS\AndroidAPSApril26\core\ui\build\intermediates\packaged_res\fullDebug\packageFullDebugResources\values-vi-rVN\values-vi-rVN.xml:737:4: Multiple substitutions specified in non-positional format of string resource string/scene_wizard_profile_info. Did you mean to add the formatted="false" attribute?
C:\Users\craig\StudioProjects\AndroidAPS\AndroidAPSApril26\core\ui\build\intermediates\packaged_res\fullDebug\packageFullDebugResources\values-zh-rCN\values-zh-rCN.xml:726:4: Multiple substitutions specified in non-positional format of string resource string/scene_wizard_info_luteal_phase. Did you mean to add the formatted="false" attribute?
C:\Users\craig\StudioProjects\AndroidAPS\AndroidAPSApril26\core\ui\build\intermediates\packaged_res\fullDebug\packageFullDebugResources\values-zh-rCN\values-zh-rCN.xml:730:4: Multiple substitutions specified in non-positional format of string resource string/scene_wizard_info_sick_day. Did you mean to add the formatted="false" attribute?
C:\Users\craig\StudioProjects\AndroidAPS\AndroidAPSApril26\core\ui\build\intermediates\packaged_res\fullDebug\packageFullDebugResources\values-zh-rCN\values-zh-rCN.xml:739:4: Multiple substitutions specified in non-positional format of string resource string/scene_wizard_profile_info. Did you mean to add the formatted="false" attribute?
C:\Users\craig\StudioProjects\AndroidAPS\AndroidAPSApril26\core\interfaces\build\intermediates\packaged_res\fullDebug\packageFullDebugResources\values-es-rES\values-es-rES.xml:30:4: Multiple substitutions specified in non-positional format of string resource string/half_basal_exercise_target_summary. Did you mean to add the formatted="false" attribute?
C:\Users\craig\StudioProjects\AndroidAPS\AndroidAPSApril26\core\ui\build\intermediates\packaged_res\fullDebug\packageFullDebugResources\values-es-rES\values-es-rES.xml:727:4: Multiple substitutions specified in non-positional format of string resource string/scene_wizard_info_luteal_phase. Did you mean to add the formatted="false" attribute?
C:\Users\craig\StudioProjects\AndroidAPS\AndroidAPSApril26\core\ui\build\intermediates\packaged_res\fullDebug\packageFullDebugResources\values-es-rES\values-es-rES.xml:731:4: Multiple substitutions specified in non-positional format of string resource string/scene_wizard_info_sick_day. Did you mean to add the formatted="false" attribute?
C:\Users\craig\StudioProjects\AndroidAPS\AndroidAPSApril26\core\ui\build\intermediates\packaged_res\fullDebug\packageFullDebugResources\values-es-rES\values-es-rES.xml:740:4: Multiple substitutions specified in non-positional format of string resource string/scene_wizard_profile_info. Did you mean to add the formatted="false" attribute?

> Task :pump:dana:mergeFullDebugUnitTestResources
C:\Users\craig\StudioProjects\AndroidAPS\AndroidAPSApril26\core\ui\build\intermediates\packaged_res\fullDebug\packageFullDebugResources\values-zh-rTW\values-zh-rTW.xml:724:4: Multiple substitutions specified in non-positional format of string resource string/scene_wizard_info_luteal_phase. Did you mean to add the formatted="false" attribute?
C:\Users\craig\StudioProjects\AndroidAPS\AndroidAPSApril26\core\ui\build\intermediates\packaged_res\fullDebug\packageFullDebugResources\values-zh-rTW\values-zh-rTW.xml:728:4: Multiple substitutions specified in non-positional format of string resource string/scene_wizard_info_sick_day. Did you mean to add the formatted="false" attribute?
C:\Users\craig\StudioProjects\AndroidAPS\AndroidAPSApril26\core\ui\build\intermediates\packaged_res\fullDebug\packageFullDebugResources\values-zh-rTW\values-zh-rTW.xml:737:4: Multiple substitutions specified in non-positional format of string resource string/scene_wizard_profile_info. Did you mean to add the formatted="false" attribute?
C:\Users\craig\StudioProjects\AndroidAPS\AndroidAPSApril26\core\ui\build\intermediates\packaged_res\fullDebug\packageFullDebugResources\values-fr-rFR\values-fr-rFR.xml:727:4: Multiple substitutions specified in non-positional format of string resource string/scene_wizard_info_luteal_phase. Did you mean to add the formatted="false" attribute?
C:\Users\craig\StudioProjects\AndroidAPS\AndroidAPSApril26\core\ui\build\intermediates\packaged_res\fullDebug\packageFullDebugResources\values-fr-rFR\values-fr-rFR.xml:731:4: Multiple substitutions specified in non-positional format of string resource string/scene_wizard_info_sick_day. Did you mean to add the formatted="false" attribute?
C:\Users\craig\StudioProjects\AndroidAPS\AndroidAPSApril26\core\ui\build\intermediates\packaged_res\fullDebug\packageFullDebugResources\values-fr-rFR\values-fr-rFR.xml:740:4: Multiple substitutions specified in non-positional format of string resource string/scene_wizard_profile_info. Did you mean to add the formatted="false" attribute?
C:\Users\craig\StudioProjects\AndroidAPS\AndroidAPSApril26\core\interfaces\build\intermediates\packaged_res\fullDebug\packageFullDebugResources\values-es-rES\values-es-rES.xml:30:4: Multiple substitutions specified in non-positional format of string resource string/half_basal_exercise_target_summary. Did you mean to add the formatted="false" attribute?
C:\Users\craig\StudioProjects\AndroidAPS\AndroidAPSApril26\core\ui\build\intermediates\packaged_res\fullDebug\packageFullDebugResources\values-es-rES\values-es-rES.xml:727:4: Multiple substitutions specified in non-positional format of string resource string/scene_wizard_info_luteal_phase. Did you mean to add the formatted="false" attribute?
C:\Users\craig\StudioProjects\AndroidAPS\AndroidAPSApril26\core\ui\build\intermediates\packaged_res\fullDebug\packageFullDebugResources\values-es-rES\values-es-rES.xml:731:4: Multiple substitutions specified in non-positional format of string resource string/scene_wizard_info_sick_day. Did you mean to add the formatted="false" attribute?
C:\Users\craig\StudioProjects\AndroidAPS\AndroidAPSApril26\core\ui\build\intermediates\packaged_res\fullDebug\packageFullDebugResources\values-es-rES\values-es-rES.xml:740:4: Multiple substitutions specified in non-positional format of string resource string/scene_wizard_profile_info. Did you mean to add the formatted="false" attribute?
C:\Users\craig\StudioProjects\AndroidAPS\AndroidAPSApril26\core\ui\build\intermediates\packaged_res\fullDebug\packageFullDebugResources\values-vi-rVN\values-vi-rVN.xml:724:4: Multiple substitutions specified in non-positional format of string resource string/scene_wizard_info_luteal_phase. Did you mean to add the formatted="false" attribute?
C:\Users\craig\StudioProjects\AndroidAPS\AndroidAPSApril26\core\ui\build\intermediates\packaged_res\fullDebug\packageFullDebugResources\values-vi-rVN\values-vi-rVN.xml:728:4: Multiple substitutions specified in non-positional format of string resource string/scene_wizard_info_sick_day. Did you mean to add the formatted="false" attribute?
C:\Users\craig\StudioProjects\AndroidAPS\AndroidAPSApril26\core\ui\build\intermediates\packaged_res\fullDebug\packageFullDebugResources\values-vi-rVN\values-vi-rVN.xml:737:4: Multiple substitutions specified in non-positional format of string resource string/scene_wizard_profile_info. Did you mean to add the formatted="false" attribute?

> Task :database:impl:processFullDebugJavaRes

> Task :pump:danar:mergeFullDebugUnitTestResources
C:\Users\craig\StudioProjects\AndroidAPS\AndroidAPSApril26\core\ui\build\intermediates\packaged_res\fullDebug\packageFullDebugResources\values-zh-rTW\values-zh-rTW.xml:737:4: Multiple substitutions specified in non-positional format of string resource string/scene_wizard_profile_info. Did you mean to add the formatted="false" attribute?
C:\Users\craig\StudioProjects\AndroidAPS\AndroidAPSApril26\core\interfaces\build\intermediates\packaged_res\fullDebug\packageFullDebugResources\values-es-rES\values-es-rES.xml:30:4: Multiple substitutions specified in non-positional format of string resource string/half_basal_exercise_target_summary. Did you mean to add the formatted="false" attribute?
C:\Users\craig\StudioProjects\AndroidAPS\AndroidAPSApril26\core\ui\build\intermediates\packaged_res\fullDebug\packageFullDebugResources\values-fr-rFR\values-fr-rFR.xml:727:4: Multiple substitutions specified in non-positional format of string resource string/scene_wizard_info_luteal_phase. Did you mean to add the formatted="false" attribute?
C:\Users\craig\StudioProjects\AndroidAPS\AndroidAPSApril26\core\ui\build\intermediates\packaged_res\fullDebug\packageFullDebugResources\values-fr-rFR\values-fr-rFR.xml:731:4: Multiple substitutions specified in non-positional format of string resource string/scene_wizard_info_sick_day. Did you mean to add the formatted="false" attribute?
C:\Users\craig\StudioProjects\AndroidAPS\AndroidAPSApril26\core\ui\build\intermediates\packaged_res\fullDebug\packageFullDebugResources\values-fr-rFR\values-fr-rFR.xml:740:4: Multiple substitutions specified in non-positional format of string resource string/scene_wizard_profile_info. Did you mean to add the formatted="false" attribute?
C:\Users\craig\StudioProjects\AndroidAPS\AndroidAPSApril26\core\ui\build\intermediates\packaged_res\fullDebug\packageFullDebugResources\values-es-rES\values-es-rES.xml:727:4: Multiple substitutions specified in non-positional format of string resource string/scene_wizard_info_luteal_phase. Did you mean to add the formatted="false" attribute?
C:\Users\craig\StudioProjects\AndroidAPS\AndroidAPSApril26\core\ui\build\intermediates\packaged_res\fullDebug\packageFullDebugResources\values-es-rES\values-es-rES.xml:731:4: Multiple substitutions specified in non-positional format of string resource string/scene_wizard_info_sick_day. Did you mean to add the formatted="false" attribute?
C:\Users\craig\StudioProjects\AndroidAPS\AndroidAPSApril26\core\ui\build\intermediates\packaged_res\fullDebug\packageFullDebugResources\values-es-rES\values-es-rES.xml:740:4: Multiple substitutions specified in non-positional format of string resource string/scene_wizard_profile_info. Did you mean to add the formatted="false" attribute?
C:\Users\craig\StudioProjects\AndroidAPS\AndroidAPSApril26\core\ui\build\intermediates\packaged_res\fullDebug\packageFullDebugResources\values-it-rIT\values-it-rIT.xml:727:4: Multiple substitutions specified in non-positional format of string resource string/scene_wizard_info_luteal_phase. Did you mean to add the formatted="false" attribute?
C:\Users\craig\StudioProjects\AndroidAPS\AndroidAPSApril26\core\ui\build\intermediates\packaged_res\fullDebug\packageFullDebugResources\values-it-rIT\values-it-rIT.xml:731:4: Multiple substitutions specified in non-positional format of string resource string/scene_wizard_info_sick_day. Did you mean to add the formatted="false" attribute?
C:\Users\craig\StudioProjects\AndroidAPS\AndroidAPSApril26\core\ui\build\intermediates\packaged_res\fullDebug\packageFullDebugResources\values-it-rIT\values-it-rIT.xml:740:4: Multiple substitutions specified in non-positional format of string resource string/scene_wizard_profile_info. Did you mean to add the formatted="false" attribute?
C:\Users\craig\StudioProjects\AndroidAPS\AndroidAPSApril26\core\ui\build\intermediates\packaged_res\fullDebug\packageFullDebugResources\values-vi-rVN\values-vi-rVN.xml:724:4: Multiple substitutions specified in non-positional format of string resource string/scene_wizard_info_luteal_phase. Did you mean to add the formatted="false" attribute?
C:\Users\craig\StudioProjects\AndroidAPS\AndroidAPSApril26\core\ui\build\intermediates\packaged_res\fullDebug\packageFullDebugResources\values-vi-rVN\values-vi-rVN.xml:728:4: Multiple substitutions specified in non-positional format of string resource string/scene_wizard_info_sick_day. Did you mean to add the formatted="false" attribute?
C:\Users\craig\StudioProjects\AndroidAPS\AndroidAPSApril26\core\ui\build\intermediates\packaged_res\fullDebug\packageFullDebugResources\values-vi-rVN\values-vi-rVN.xml:737:4: Multiple substitutions specified in non-positional format of string resource string/scene_wizard_profile_info. Did you mean to add the formatted="false" attribute?
C:\Users\craig\StudioProjects\AndroidAPS\AndroidAPSApril26\core\ui\build\intermediates\packaged_res\fullDebug\packageFullDebugResources\values\values.xml:755:4: Multiple substitutions specified in non-positional format of string resource string/scene_wizard_info_luteal_phase. Did you mean to add the formatted="false" attribute?
C:\Users\craig\StudioProjects\AndroidAPS\AndroidAPSApril26\core\ui\build\intermediates\packaged_res\fullDebug\packageFullDebugResources\values\values.xml:759:4: Multiple substitutions specified in non-positional format of string resource string/scene_wizard_info_sick_day. Did you mean to add the formatted="false" attribute?
C:\Users\craig\StudioProjects\AndroidAPS\AndroidAPSApril26\core\ui\build\intermediates\packaged_res\fullDebug\packageFullDebugResources\values\values.xml:768:4: Multiple substitutions specified in non-positional format of string resource string/scene_wizard_profile_info. Did you mean to add the formatted="false" attribute?
C:\Users\craig\StudioProjects\AndroidAPS\AndroidAPSApril26\core\ui\build\intermediates\packaged_res\fullDebug\packageFullDebugResources\values-ru-rRU\values-ru-rRU.xml:406:4: Multiple substitutions specified in non-positional format of string resource string/temp_basal_percent_rate. Did you mean to add the formatted="false" attribute?
C:\Users\craig\StudioProjects\AndroidAPS\AndroidAPSApril26\core\ui\build\intermediates\packaged_res\fullDebug\packageFullDebugResources\values-zh-rCN\values-zh-rCN.xml:726:4: Multiple substitutions specified in non-positional format of string resource string/scene_wizard_info_luteal_phase. Did you mean to add the formatted="false" attribute?
C:\Users\craig\StudioProjects\AndroidAPS\AndroidAPSApril26\core\ui\build\intermediates\packaged_res\fullDebug\packageFullDebugResources\values-zh-rCN\values-zh-rCN.xml:730:4: Multiple substitutions specified in non-positional format of string resource string/scene_wizard_info_sick_day. Did you mean to add the formatted="false" attribute?
C:\Users\craig\StudioProjects\AndroidAPS\AndroidAPSApril26\core\ui\build\intermediates\packaged_res\fullDebug\packageFullDebugResources\values-zh-rCN\values-zh-rCN.xml:739:4: Multiple substitutions specified in non-positional format of string resource string/scene_wizard_profile_info. Did you mean to add the formatted="false" attribute?

> Task :pump:diaconn:mergeFullDebugUnitTestResources
C:\Users\craig\StudioProjects\AndroidAPS\AndroidAPSApril26\core\ui\build\intermediates\packaged_res\fullDebug\packageFullDebugResources\values\values.xml:755:4: Multiple substitutions specified in non-positional format of string resource string/scene_wizard_info_luteal_phase. Did you mean to add the formatted="false" attribute?
C:\Users\craig\StudioProjects\AndroidAPS\AndroidAPSApril26\core\ui\build\intermediates\packaged_res\fullDebug\packageFullDebugResources\values\values.xml:759:4: Multiple substitutions specified in non-positional format of string resource string/scene_wizard_info_sick_day. Did you mean to add the formatted="false" attribute?
C:\Users\craig\StudioProjects\AndroidAPS\AndroidAPSApril26\core\ui\build\intermediates\packaged_res\fullDebug\packageFullDebugResources\values\values.xml:768:4: Multiple substitutions specified in non-positional format of string resource string/scene_wizard_profile_info. Did you mean to add the formatted="false" attribute?
C:\Users\craig\StudioProjects\AndroidAPS\AndroidAPSApril26\core\ui\build\intermediates\packaged_res\fullDebug\packageFullDebugResources\values-it-rIT\values-it-rIT.xml:727:4: Multiple substitutions specified in non-positional format of string resource string/scene_wizard_info_luteal_phase. Did you mean to add the formatted="false" attribute?
C:\Users\craig\StudioProjects\AndroidAPS\AndroidAPSApril26\core\ui\build\intermediates\packaged_res\fullDebug\packageFullDebugResources\values-it-rIT\values-it-rIT.xml:731:4: Multiple substitutions specified in non-positional format of string resource string/scene_wizard_info_sick_day. Did you mean to add the formatted="false" attribute?
C:\Users\craig\StudioProjects\AndroidAPS\AndroidAPSApril26\core\ui\build\intermediates\packaged_res\fullDebug\packageFullDebugResources\values-it-rIT\values-it-rIT.xml:740:4: Multiple substitutions specified in non-positional format of string resource string/scene_wizard_profile_info. Did you mean to add the formatted="false" attribute?
C:\Users\craig\StudioProjects\AndroidAPS\AndroidAPSApril26\core\ui\build\intermediates\packaged_res\fullDebug\packageFullDebugResources\values-ro-rRO\values-ro-rRO.xml:730:4: Multiple substitutions specified in non-positional format of string resource string/scene_wizard_info_luteal_phase. Did you mean to add the formatted="false" attribute?
C:\Users\craig\StudioProjects\AndroidAPS\AndroidAPSApril26\core\ui\build\intermediates\packaged_res\fullDebug\packageFullDebugResources\values-ro-rRO\values-ro-rRO.xml:734:4: Multiple substitutions specified in non-positional format of string resource string/scene_wizard_info_sick_day. Did you mean to add the formatted="false" attribute?
C:\Users\craig\StudioProjects\AndroidAPS\AndroidAPSApril26\core\ui\build\intermediates\packaged_res\fullDebug\packageFullDebugResources\values-ro-rRO\values-ro-rRO.xml:743:4: Multiple substitutions specified in non-positional format of string resource string/scene_wizard_profile_info. Did you mean to add the formatted="false" attribute?
C:\Users\craig\StudioProjects\AndroidAPS\AndroidAPSApril26\core\interfaces\build\intermediates\packaged_res\fullDebug\packageFullDebugResources\values-es-rES\values-es-rES.xml:30:4: Multiple substitutions specified in non-positional format of string resource string/half_basal_exercise_target_summary. Did you mean to add the formatted="false" attribute?
C:\Users\craig\StudioProjects\AndroidAPS\AndroidAPSApril26\core\ui\build\intermediates\packaged_res\fullDebug\packageFullDebugResources\values-es-rES\values-es-rES.xml:727:4: Multiple substitutions specified in non-positional format of string resource string/scene_wizard_info_luteal_phase. Did you mean to add the formatted="false" attribute?
C:\Users\craig\StudioProjects\AndroidAPS\AndroidAPSApril26\core\ui\build\intermediates\packaged_res\fullDebug\packageFullDebugResources\values-es-rES\values-es-rES.xml:731:4: Multiple substitutions specified in non-positional format of string resource string/scene_wizard_info_sick_day. Did you mean to add the formatted="false" attribute?
C:\Users\craig\StudioProjects\AndroidAPS\AndroidAPSApril26\core\ui\build\intermediates\packaged_res\fullDebug\packageFullDebugResources\values-es-rES\values-es-rES.xml:740:4: Multiple substitutions specified in non-positional format of string resource string/scene_wizard_profile_info. Did you mean to add the formatted="false" attribute?
C:\Users\craig\StudioProjects\AndroidAPS\AndroidAPSApril26\core\ui\build\intermediates\packaged_res\fullDebug\packageFullDebugResources\values-fr-rFR\values-fr-rFR.xml:727:4: Multiple substitutions specified in non-positional format of string resource string/scene_wizard_info_luteal_phase. Did you mean to add the formatted="false" attribute?
C:\Users\craig\StudioProjects\AndroidAPS\AndroidAPSApril26\core\ui\build\intermediates\packaged_res\fullDebug\packageFullDebugResources\values-fr-rFR\values-fr-rFR.xml:731:4: Multiple substitutions specified in non-positional format of string resource string/scene_wizard_info_sick_day. Did you mean to add the formatted="false" attribute?
C:\Users\craig\StudioProjects\AndroidAPS\AndroidAPSApril26\core\ui\build\intermediates\packaged_res\fullDebug\packageFullDebugResources\values-fr-rFR\values-fr-rFR.xml:740:4: Multiple substitutions specified in non-positional format of string resource string/scene_wizard_profile_info. Did you mean to add the formatted="false" attribute?
C:\Users\craig\StudioProjects\AndroidAPS\AndroidAPSApril26\core\ui\build\intermediates\packaged_res\fullDebug\packageFullDebugResources\values-ru-rRU\values-ru-rRU.xml:406:4: Multiple substitutions specified in non-positional format of string resource string/temp_basal_percent_rate. Did you mean to add the formatted="false" attribute?
C:\Users\craig\StudioProjects\AndroidAPS\AndroidAPSApril26\core\ui\build\intermediates\packaged_res\fullDebug\packageFullDebugResources\values-zh-rTW\values-zh-rTW.xml:724:4: Multiple substitutions specified in non-positional format of string resource string/scene_wizard_info_luteal_phase. Did you mean to add the formatted="false" attribute?
C:\Users\craig\StudioProjects\AndroidAPS\AndroidAPSApril26\core\ui\build\intermediates\packaged_res\fullDebug\packageFullDebugResources\values-zh-rTW\values-zh-rTW.xml:728:4: Multiple substitutions specified in non-positional format of string resource string/scene_wizard_info_sick_day. Did you mean to add the formatted="false" attribute?
C:\Users\craig\StudioProjects\AndroidAPS\AndroidAPSApril26\core\ui\build\intermediates\packaged_res\fullDebug\packageFullDebugResources\values-zh-rTW\values-zh-rTW.xml:737:4: Multiple substitutions specified in non-positional format of string resource string/scene_wizard_profile_info. Did you mean to add the formatted="false" attribute?
C:\Users\craig\StudioProjects\AndroidAPS\AndroidAPSApril26\core\ui\build\intermediates\packaged_res\fullDebug\packageFullDebugResources\values-zh-rCN\values-zh-rCN.xml:726:4: Multiple substitutions specified in non-positional format of string resource string/scene_wizard_info_luteal_phase. Did you mean to add the formatted="false" attribute?
C:\Users\craig\StudioProjects\AndroidAPS\AndroidAPSApril26\core\ui\build\intermediates\packaged_res\fullDebug\packageFullDebugResources\values-zh-rCN\values-zh-rCN.xml:730:4: Multiple substitutions specified in non-positional format of string resource string/scene_wizard_info_sick_day. Did you mean to add the formatted="false" attribute?
C:\Users\craig\StudioProjects\AndroidAPS\AndroidAPSApril26\core\ui\build\intermediates\packaged_res\fullDebug\packageFullDebugResources\values-zh-rCN\values-zh-rCN.xml:739:4: Multiple substitutions specified in non-positional format of string resource string/scene_wizard_profile_info. Did you mean to add the formatted="false" attribute?
C:\Users\craig\StudioProjects\AndroidAPS\AndroidAPSApril26\core\ui\build\intermediates\packaged_res\fullDebug\packageFullDebugResources\values-vi-rVN\values-vi-rVN.xml:724:4: Multiple substitutions specified in non-positional format of string resource string/scene_wizard_info_luteal_phase. Did you mean to add the formatted="false" attribute?
C:\Users\craig\StudioProjects\AndroidAPS\AndroidAPSApril26\core\ui\build\intermediates\packaged_res\fullDebug\packageFullDebugResources\values-vi-rVN\values-vi-rVN.xml:728:4: Multiple substitutions specified in non-positional format of string resource string/scene_wizard_info_sick_day. Did you mean to add the formatted="false" attribute?
C:\Users\craig\StudioProjects\AndroidAPS\AndroidAPSApril26\core\ui\build\intermediates\packaged_res\fullDebug\packageFullDebugResources\values-vi-rVN\values-vi-rVN.xml:737:4: Multiple substitutions specified in non-positional format of string resource string/scene_wizard_profile_info. Did you mean to add the formatted="false" attribute?

> Task :pump:danars:mergeFullDebugUnitTestResources
C:\Users\craig\StudioProjects\AndroidAPS\AndroidAPSApril26\core\ui\build\intermediates\packaged_res\fullDebug\packageFullDebugResources\values\values.xml:755:4: Multiple substitutions specified in non-positional format of string resource string/scene_wizard_info_luteal_phase. Did you mean to add the formatted="false" attribute?
C:\Users\craig\StudioProjects\AndroidAPS\AndroidAPSApril26\core\ui\build\intermediates\packaged_res\fullDebug\packageFullDebugResources\values\values.xml:759:4: Multiple substitutions specified in non-positional format of string resource string/scene_wizard_info_sick_day. Did you mean to add the formatted="false" attribute?
C:\Users\craig\StudioProjects\AndroidAPS\AndroidAPSApril26\core\ui\build\intermediates\packaged_res\fullDebug\packageFullDebugResources\values\values.xml:768:4: Multiple substitutions specified in non-positional format of string resource string/scene_wizard_profile_info. Did you mean to add the formatted="false" attribute?
C:\Users\craig\StudioProjects\AndroidAPS\AndroidAPSApril26\core\ui\build\intermediates\packaged_res\fullDebug\packageFullDebugResources\values-it-rIT\values-it-rIT.xml:727:4: Multiple substitutions specified in non-positional format of string resource string/scene_wizard_info_luteal_phase. Did you mean to add the formatted="false" attribute?
C:\Users\craig\StudioProjects\AndroidAPS\AndroidAPSApril26\core\ui\build\intermediates\packaged_res\fullDebug\packageFullDebugResources\values-ro-rRO\values-ro-rRO.xml:730:4: Multiple substitutions specified in non-positional format of string resource string/scene_wizard_info_luteal_phase. Did you mean to add the formatted="false" attribute?
C:\Users\craig\StudioProjects\AndroidAPS\AndroidAPSApril26\core\ui\build\intermediates\packaged_res\fullDebug\packageFullDebugResources\values-ro-rRO\values-ro-rRO.xml:734:4: Multiple substitutions specified in non-positional format of string resource string/scene_wizard_info_sick_day. Did you mean to add the formatted="false" attribute?
C:\Users\craig\StudioProjects\AndroidAPS\AndroidAPSApril26\core\ui\build\intermediates\packaged_res\fullDebug\packageFullDebugResources\values-it-rIT\values-it-rIT.xml:731:4: Multiple substitutions specified in non-positional format of string resource string/scene_wizard_info_sick_day. Did you mean to add the formatted="false" attribute?
C:\Users\craig\StudioProjects\AndroidAPS\AndroidAPSApril26\core\ui\build\intermediates\packaged_res\fullDebug\packageFullDebugResources\values-ro-rRO\values-ro-rRO.xml:743:4: Multiple substitutions specified in non-positional format of string resource string/scene_wizard_profile_info. Did you mean to add the formatted="false" attribute?
C:\Users\craig\StudioProjects\AndroidAPS\AndroidAPSApril26\core\ui\build\intermediates\packaged_res\fullDebug\packageFullDebugResources\values-it-rIT\values-it-rIT.xml:740:4: Multiple substitutions specified in non-positional format of string resource string/scene_wizard_profile_info. Did you mean to add the formatted="false" attribute?
C:\Users\craig\StudioProjects\AndroidAPS\AndroidAPSApril26\core\interfaces\build\intermediates\packaged_res\fullDebug\packageFullDebugResources\values-es-rES\values-es-rES.xml:30:4: Multiple substitutions specified in non-positional format of string resource string/half_basal_exercise_target_summary. Did you mean to add the formatted="false" attribute?
C:\Users\craig\StudioProjects\AndroidAPS\AndroidAPSApril26\core\ui\build\intermediates\packaged_res\fullDebug\packageFullDebugResources\values-es-rES\values-es-rES.xml:727:4: Multiple substitutions specified in non-positional format of string resource string/scene_wizard_info_luteal_phase. Did you mean to add the formatted="false" attribute?
C:\Users\craig\StudioProjects\AndroidAPS\AndroidAPSApril26\core\ui\build\intermediates\packaged_res\fullDebug\packageFullDebugResources\values-es-rES\values-es-rES.xml:731:4: Multiple substitutions specified in non-positional format of string resource string/scene_wizard_info_sick_day. Did you mean to add the formatted="false" attribute?
C:\Users\craig\StudioProjects\AndroidAPS\AndroidAPSApril26\core\ui\build\intermediates\packaged_res\fullDebug\packageFullDebugResources\values-es-rES\values-es-rES.xml:740:4: Multiple substitutions specified in non-positional format of string resource string/scene_wizard_profile_info. Did you mean to add the formatted="false" attribute?
C:\Users\craig\StudioProjects\AndroidAPS\AndroidAPSApril26\core\ui\build\intermediates\packaged_res\fullDebug\packageFullDebugResources\values-fr-rFR\values-fr-rFR.xml:727:4: Multiple substitutions specified in non-positional format of string resource string/scene_wizard_info_luteal_phase. Did you mean to add the formatted="false" attribute?
C:\Users\craig\StudioProjects\AndroidAPS\AndroidAPSApril26\core\ui\build\intermediates\packaged_res\fullDebug\packageFullDebugResources\values-fr-rFR\values-fr-rFR.xml:731:4: Multiple substitutions specified in non-positional format of string resource string/scene_wizard_info_sick_day. Did you mean to add the formatted="false" attribute?
C:\Users\craig\StudioProjects\AndroidAPS\AndroidAPSApril26\core\ui\build\intermediates\packaged_res\fullDebug\packageFullDebugResources\values-fr-rFR\values-fr-rFR.xml:740:4: Multiple substitutions specified in non-positional format of string resource string/scene_wizard_profile_info. Did you mean to add the formatted="false" attribute?
C:\Users\craig\StudioProjects\AndroidAPS\AndroidAPSApril26\core\ui\build\intermediates\packaged_res\fullDebug\packageFullDebugResources\values-zh-rTW\values-zh-rTW.xml:724:4: Multiple substitutions specified in non-positional format of string resource string/scene_wizard_info_luteal_phase. Did you mean to add the formatted="false" attribute?
C:\Users\craig\StudioProjects\AndroidAPS\AndroidAPSApril26\core\ui\build\intermediates\packaged_res\fullDebug\packageFullDebugResources\values-zh-rTW\values-zh-rTW.xml:728:4: Multiple substitutions specified in non-positional format of string resource string/scene_wizard_info_sick_day. Did you mean to add the formatted="false" attribute?
C:\Users\craig\StudioProjects\AndroidAPS\AndroidAPSApril26\core\ui\build\intermediates\packaged_res\fullDebug\packageFullDebugResources\values-zh-rTW\values-zh-rTW.xml:737:4: Multiple substitutions specified in non-positional format of string resource string/scene_wizard_profile_info. Did you mean to add the formatted="false" attribute?
C:\Users\craig\StudioProjects\AndroidAPS\AndroidAPSApril26\core\ui\build\intermediates\packaged_res\fullDebug\packageFullDebugResources\values-vi-rVN\values-vi-rVN.xml:724:4: Multiple substitutions specified in non-positional format of string resource string/scene_wizard_info_luteal_phase. Did you mean to add the formatted="false" attribute?
C:\Users\craig\StudioProjects\AndroidAPS\AndroidAPSApril26\core\ui\build\intermediates\packaged_res\fullDebug\packageFullDebugResources\values-vi-rVN\values-vi-rVN.xml:728:4: Multiple substitutions specified in non-positional format of string resource string/scene_wizard_info_sick_day. Did you mean to add the formatted="false" attribute?
C:\Users\craig\StudioProjects\AndroidAPS\AndroidAPSApril26\core\ui\build\intermediates\packaged_res\fullDebug\packageFullDebugResources\values-vi-rVN\values-vi-rVN.xml:737:4: Multiple substitutions specified in non-positional format of string resource string/scene_wizard_profile_info. Did you mean to add the formatted="false" attribute?
C:\Users\craig\StudioProjects\AndroidAPS\AndroidAPSApril26\core\ui\build\intermediates\packaged_res\fullDebug\packageFullDebugResources\values-ru-rRU\values-ru-rRU.xml:406:4: Multiple substitutions specified in non-positional format of string resource string/temp_basal_percent_rate. Did you mean to add the formatted="false" attribute?
C:\Users\craig\StudioProjects\AndroidAPS\AndroidAPSApril26\core\ui\build\intermediates\packaged_res\fullDebug\packageFullDebugResources\values-zh-rCN\values-zh-rCN.xml:726:4: Multiple substitutions specified in non-positional format of string resource string/scene_wizard_info_luteal_phase. Did you mean to add the formatted="false" attribute?
C:\Users\craig\StudioProjects\AndroidAPS\AndroidAPSApril26\core\ui\build\intermediates\packaged_res\fullDebug\packageFullDebugResources\values-zh-rCN\values-zh-rCN.xml:730:4: Multiple substitutions specified in non-positional format of string resource string/scene_wizard_info_sick_day. Did you mean to add the formatted="false" attribute?
C:\Users\craig\StudioProjects\AndroidAPS\AndroidAPSApril26\core\ui\build\intermediates\packaged_res\fullDebug\packageFullDebugResources\values-zh-rCN\values-zh-rCN.xml:739:4: Multiple substitutions specified in non-positional format of string resource string/scene_wizard_profile_info. Did you mean to add the formatted="false" attribute?

> Task :pump:dana:processFullDebugUnitTestManifest
> Task :database:impl:bundleLibRuntimeToJarFullDebug
> Task :pump:dana:generateFullDebugUnitTestAssets UP-TO-DATE

> Task :pump:danars-emulator:mergeFullDebugUnitTestResources
C:\Users\craig\StudioProjects\AndroidAPS\AndroidAPSApril26\core\ui\build\intermediates\packaged_res\fullDebug\packageFullDebugResources\values\values.xml:755:4: Multiple substitutions specified in non-positional format of string resource string/scene_wizard_info_luteal_phase. Did you mean to add the formatted="false" attribute?
C:\Users\craig\StudioProjects\AndroidAPS\AndroidAPSApril26\core\ui\build\intermediates\packaged_res\fullDebug\packageFullDebugResources\values\values.xml:759:4: Multiple substitutions specified in non-positional format of string resource string/scene_wizard_info_sick_day. Did you mean to add the formatted="false" attribute?
C:\Users\craig\StudioProjects\AndroidAPS\AndroidAPSApril26\core\ui\build\intermediates\packaged_res\fullDebug\packageFullDebugResources\values\values.xml:768:4: Multiple substitutions specified in non-positional format of string resource string/scene_wizard_profile_info. Did you mean to add the formatted="false" attribute?
C:\Users\craig\StudioProjects\AndroidAPS\AndroidAPSApril26\core\ui\build\intermediates\packaged_res\fullDebug\packageFullDebugResources\values-ru-rRU\values-ru-rRU.xml:406:4: Multiple substitutions specified in non-positional format of string resource string/temp_basal_percent_rate. Did you mean to add the formatted="false" attribute?
C:\Users\craig\StudioProjects\AndroidAPS\AndroidAPSApril26\core\ui\build\intermediates\packaged_res\fullDebug\packageFullDebugResources\values-zh-rCN\values-zh-rCN.xml:726:4: Multiple substitutions specified in non-positional format of string resource string/scene_wizard_info_luteal_phase. Did you mean to add the formatted="false" attribute?
C:\Users\craig\StudioProjects\AndroidAPS\AndroidAPSApril26\core\ui\build\intermediates\packaged_res\fullDebug\packageFullDebugResources\values-zh-rCN\values-zh-rCN.xml:730:4: Multiple substitutions specified in non-positional format of string resource string/scene_wizard_info_sick_day. Did you mean to add the formatted="false" attribute?
C:\Users\craig\StudioProjects\AndroidAPS\AndroidAPSApril26\core\ui\build\intermediates\packaged_res\fullDebug\packageFullDebugResources\values-zh-rCN\values-zh-rCN.xml:739:4: Multiple substitutions specified in non-positional format of string resource string/scene_wizard_profile_info. Did you mean to add the formatted="false" attribute?
C:\Users\craig\StudioProjects\AndroidAPS\AndroidAPSApril26\core\ui\build\intermediates\packaged_res\fullDebug\packageFullDebugResources\values-it-rIT\values-it-rIT.xml:727:4: Multiple substitutions specified in non-positional format of string resource string/scene_wizard_info_luteal_phase. Did you mean to add the formatted="false" attribute?
C:\Users\craig\StudioProjects\AndroidAPS\AndroidAPSApril26\core\ui\build\intermediates\packaged_res\fullDebug\packageFullDebugResources\values-it-rIT\values-it-rIT.xml:731:4: Multiple substitutions specified in non-positional format of string resource string/scene_wizard_info_sick_day. Did you mean to add the formatted="false" attribute?
C:\Users\craig\StudioProjects\AndroidAPS\AndroidAPSApril26\core\ui\build\intermediates\packaged_res\fullDebug\packageFullDebugResources\values-it-rIT\values-it-rIT.xml:740:4: Multiple substitutions specified in non-positional format of string resource string/scene_wizard_profile_info. Did you mean to add the formatted="false" attribute?
C:\Users\craig\StudioProjects\AndroidAPS\AndroidAPSApril26\core\interfaces\build\intermediates\packaged_res\fullDebug\packageFullDebugResources\values-es-rES\values-es-rES.xml:30:4: Multiple substitutions specified in non-positional format of string resource string/half_basal_exercise_target_summary. Did you mean to add the formatted="false" attribute?
C:\Users\craig\StudioProjects\AndroidAPS\AndroidAPSApril26\core\ui\build\intermediates\packaged_res\fullDebug\packageFullDebugResources\values-es-rES\values-es-rES.xml:727:4: Multiple substitutions specified in non-positional format of string resource string/scene_wizard_info_luteal_phase. Did you mean to add the formatted="false" attribute?
C:\Users\craig\StudioProjects\AndroidAPS\AndroidAPSApril26\core\ui\build\intermediates\packaged_res\fullDebug\packageFullDebugResources\values-es-rES\values-es-rES.xml:731:4: Multiple substitutions specified in non-positional format of string resource string/scene_wizard_info_sick_day. Did you mean to add the formatted="false" attribute?
C:\Users\craig\StudioProjects\AndroidAPS\AndroidAPSApril26\core\ui\build\intermediates\packaged_res\fullDebug\packageFullDebugResources\values-es-rES\values-es-rES.xml:740:4: Multiple substitutions specified in non-positional format of string resource string/scene_wizard_profile_info. Did you mean to add the formatted="false" attribute?
C:\Users\craig\StudioProjects\AndroidAPS\AndroidAPSApril26\core\ui\build\intermediates\packaged_res\fullDebug\packageFullDebugResources\values-ro-rRO\values-ro-rRO.xml:730:4: Multiple substitutions specified in non-positional format of string resource string/scene_wizard_info_luteal_phase. Did you mean to add the formatted="false" attribute?
C:\Users\craig\StudioProjects\AndroidAPS\AndroidAPSApril26\core\ui\build\intermediates\packaged_res\fullDebug\packageFullDebugResources\values-ro-rRO\values-ro-rRO.xml:734:4: Multiple substitutions specified in non-positional format of string resource string/scene_wizard_info_sick_day. Did you mean to add the formatted="false" attribute?
C:\Users\craig\StudioProjects\AndroidAPS\AndroidAPSApril26\core\ui\build\intermediates\packaged_res\fullDebug\packageFullDebugResources\values-ro-rRO\values-ro-rRO.xml:743:4: Multiple substitutions specified in non-positional format of string resource string/scene_wizard_profile_info. Did you mean to add the formatted="false" attribute?
C:\Users\craig\StudioProjects\AndroidAPS\AndroidAPSApril26\core\ui\build\intermediates\packaged_res\fullDebug\packageFullDebugResources\values-fr-rFR\values-fr-rFR.xml:727:4: Multiple substitutions specified in non-positional format of string resource string/scene_wizard_info_luteal_phase. Did you mean to add the formatted="false" attribute?
C:\Users\craig\StudioProjects\AndroidAPS\AndroidAPSApril26\core\ui\build\intermediates\packaged_res\fullDebug\packageFullDebugResources\values-fr-rFR\values-fr-rFR.xml:731:4: Multiple substitutions specified in non-positional format of string resource string/scene_wizard_info_sick_day. Did you mean to add the formatted="false" attribute?
C:\Users\craig\StudioProjects\AndroidAPS\AndroidAPSApril26\core\ui\build\intermediates\packaged_res\fullDebug\packageFullDebugResources\values-fr-rFR\values-fr-rFR.xml:740:4: Multiple substitutions specified in non-positional format of string resource string/scene_wizard_profile_info. Did you mean to add the formatted="false" attribute?
C:\Users\craig\StudioProjects\AndroidAPS\AndroidAPSApril26\core\ui\build\intermediates\packaged_res\fullDebug\packageFullDebugResources\values-vi-rVN\values-vi-rVN.xml:724:4: Multiple substitutions specified in non-positional format of string resource string/scene_wizard_info_luteal_phase. Did you mean to add the formatted="false" attribute?
C:\Users\craig\StudioProjects\AndroidAPS\AndroidAPSApril26\core\ui\build\intermediates\packaged_res\fullDebug\packageFullDebugResources\values-vi-rVN\values-vi-rVN.xml:728:4: Multiple substitutions specified in non-positional format of string resource string/scene_wizard_info_sick_day. Did you mean to add the formatted="false" attribute?
C:\Users\craig\StudioProjects\AndroidAPS\AndroidAPSApril26\core\ui\build\intermediates\packaged_res\fullDebug\packageFullDebugResources\values-vi-rVN\values-vi-rVN.xml:737:4: Multiple substitutions specified in non-positional format of string resource string/scene_wizard_profile_info. Did you mean to add the formatted="false" attribute?
C:\Users\craig\StudioProjects\AndroidAPS\AndroidAPSApril26\core\ui\build\intermediates\packaged_res\fullDebug\packageFullDebugResources\values-zh-rTW\values-zh-rTW.xml:724:4: Multiple substitutions specified in non-positional format of string resource string/scene_wizard_info_luteal_phase. Did you mean to add the formatted="false" attribute?
C:\Users\craig\StudioProjects\AndroidAPS\AndroidAPSApril26\core\ui\build\intermediates\packaged_res\fullDebug\packageFullDebugResources\values-zh-rTW\values-zh-rTW.xml:728:4: Multiple substitutions specified in non-positional format of string resource string/scene_wizard_info_sick_day. Did you mean to add the formatted="false" attribute?
C:\Users\craig\StudioProjects\AndroidAPS\AndroidAPSApril26\core\ui\build\intermediates\packaged_res\fullDebug\packageFullDebugResources\values-zh-rTW\values-zh-rTW.xml:737:4: Multiple substitutions specified in non-positional format of string resource string/scene_wizard_profile_info. Did you mean to add the formatted="false" attribute?

> Task :pump:dana:javaPreCompileFullDebugUnitTest
> Task :pump:dana:mergeFullDebugUnitTestAssets
> Task :pump:danar:generateFullDebugUnitTestAssets UP-TO-DATE
> Task :pump:danar:javaPreCompileFullDebugUnitTest
> Task :pump:danar:mergeFullDebugUnitTestAssets
> Task :pump:common:processFullDebugUnitTestResources
> Task :pump:common:packageFullDebugUnitTestForUnitTest
> Task :pump:danar-emulator:processFullDebugUnitTestManifest
> Task :pump:common:generateFullDebugUnitTestConfig
> Task :pump:danars:processFullDebugUnitTestManifest
> Task :pump:danars:javaPreCompileFullDebugUnitTest
> Task :pump:danar-emulator:javaPreCompileFullDebugUnitTest
> Task :pump:danar-emulator:generateFullDebugUnitTestAssets UP-TO-DATE
> Task :pump:diaconn:processFullDebugUnitTestManifest
> Task :pump:danars-emulator:processFullDebugUnitTestManifest
> Task :pump:danars:generateFullDebugUnitTestAssets UP-TO-DATE
> Task :pump:danar-emulator:mergeFullDebugUnitTestAssets
> Task :pump:danars:mergeFullDebugUnitTestAssets
> Task :pump:diaconn:javaPreCompileFullDebugUnitTest
> Task :pump:diaconn:generateFullDebugUnitTestAssets UP-TO-DATE
> Task :pump:diaconn:mergeFullDebugUnitTestAssets
> Task :pump:danars-emulator:javaPreCompileFullDebugUnitTest
> Task :pump:danars-emulator:generateFullDebugUnitTestAssets UP-TO-DATE
> Task :pump:danars-emulator:mergeFullDebugUnitTestAssets
> Task :database:persistence:kspFullDebugKotlin
> Task :database:impl:kspFullDebugUnitTestKotlin
> Task :pump:combov2:processFullDebugUnitTestResources
> Task :pump:combov2:packageFullDebugUnitTestForUnitTest
> Task :pump:combov2:generateFullDebugUnitTestConfig
> Task :pump:danar:processFullDebugUnitTestResources
> Task :pump:danar:packageFullDebugUnitTestForUnitTest

> Task :pump:eopatch:mergeFullDebugUnitTestResources
C:\Users\craig\StudioProjects\AndroidAPS\AndroidAPSApril26\core\ui\build\intermediates\packaged_res\fullDebug\packageFullDebugResources\values-it-rIT\values-it-rIT.xml:727:4: Multiple substitutions specified in non-positional format of string resource string/scene_wizard_info_luteal_phase. Did you mean to add the formatted="false" attribute?
C:\Users\craig\StudioProjects\AndroidAPS\AndroidAPSApril26\core\ui\build\intermediates\packaged_res\fullDebug\packageFullDebugResources\values-it-rIT\values-it-rIT.xml:731:4: Multiple substitutions specified in non-positional format of string resource string/scene_wizard_info_sick_day. Did you mean to add the formatted="false" attribute?
C:\Users\craig\StudioProjects\AndroidAPS\AndroidAPSApril26\core\ui\build\intermediates\packaged_res\fullDebug\packageFullDebugResources\values-it-rIT\values-it-rIT.xml:740:4: Multiple substitutions specified in non-positional format of string resource string/scene_wizard_profile_info. Did you mean to add the formatted="false" attribute?
C:\Users\craig\StudioProjects\AndroidAPS\AndroidAPSApril26\core\ui\build\intermediates\packaged_res\fullDebug\packageFullDebugResources\values-ro-rRO\values-ro-rRO.xml:730:4: Multiple substitutions specified in non-positional format of string resource string/scene_wizard_info_luteal_phase. Did you mean to add the formatted="false" attribute?
C:\Users\craig\StudioProjects\AndroidAPS\AndroidAPSApril26\core\ui\build\intermediates\packaged_res\fullDebug\packageFullDebugResources\values-ro-rRO\values-ro-rRO.xml:734:4: Multiple substitutions specified in non-positional format of string resource string/scene_wizard_info_sick_day. Did you mean to add the formatted="false" attribute?
C:\Users\craig\StudioProjects\AndroidAPS\AndroidAPSApril26\core\ui\build\intermediates\packaged_res\fullDebug\packageFullDebugResources\values-ro-rRO\values-ro-rRO.xml:743:4: Multiple substitutions specified in non-positional format of string resource string/scene_wizard_profile_info. Did you mean to add the formatted="false" attribute?

> Task :pump:danars-emulator:processFullDebugUnitTestResources
> Task :pump:danars-emulator:packageFullDebugUnitTestForUnitTest
> Task :pump:dana:processFullDebugUnitTestResources
> Task :pump:danars-emulator:generateFullDebugUnitTestConfig
> Task :pump:equil-emulator:preFullDebugUnitTestBuild UP-TO-DATE
> Task :pump:dana:packageFullDebugUnitTestForUnitTest
> Task :pump:danar:generateFullDebugUnitTestConfig
> Task :pump:insight:preFullDebugUnitTestBuild UP-TO-DATE
> Task :pump:danars:processFullDebugUnitTestResources
> Task :pump:dana:generateFullDebugUnitTestConfig
> Task :pump:equil-emulator:mapFullDebugUnitTestSourceSetPaths
> Task :pump:diaconn:processFullDebugUnitTestResources
> Task :pump:danars:packageFullDebugUnitTestForUnitTest
> Task :pump:danar-emulator:processFullDebugUnitTestResources
> Task :pump:danars:generateFullDebugUnitTestConfig
> Task :pump:insight:mapFullDebugUnitTestSourceSetPaths
> Task :pump:equil-emulator:checkFullDebugUnitTestAarMetadata
> Task :pump:medtronic:preFullDebugUnitTestBuild UP-TO-DATE
> Task :pump:insight:checkFullDebugUnitTestAarMetadata
> Task :pump:medtrum:generateFullDebugUnitTestAssets UP-TO-DATE
> Task :pump:medtrum:preFullDebugUnitTestBuild UP-TO-DATE
> Task :pump:danar-emulator:packageFullDebugUnitTestForUnitTest
> Task :pump:diaconn:packageFullDebugUnitTestForUnitTest
> Task :pump:danar-emulator:generateFullDebugUnitTestConfig
> Task :pump:rileylink:preFullDebugUnitTestBuild UP-TO-DATE
> Task :pump:diaconn:generateFullDebugUnitTestConfig
> Task :pump:virtual:preFullDebugUnitTestBuild UP-TO-DATE
> Task :pump:equil-emulator:generateFullDebugUnitTestResources
> Task :pump:medtrum:mergeFullDebugUnitTestAssets
> Task :pump:insight:generateFullDebugUnitTestResources
> Task :pump:medtronic:mapFullDebugUnitTestSourceSetPaths
> Task :pump:medtronic:checkFullDebugUnitTestAarMetadata
> Task :pump:virtual:checkFullDebugUnitTestAarMetadata
> Task :pump:medtrum:mapFullDebugUnitTestSourceSetPaths
> Task :pump:rileylink:checkFullDebugUnitTestAarMetadata
> Task :pump:medtronic:generateFullDebugUnitTestResources
> Task :pump:medtrum:checkFullDebugUnitTestAarMetadata
> Task :pump:rileylink:mapFullDebugUnitTestSourceSetPaths
> Task :pump:virtual:mapFullDebugUnitTestSourceSetPaths
> Task :pump:medtrum:generateFullDebugUnitTestResources
> Task :pump:rileylink:generateFullDebugUnitTestResources
> Task :pump:virtual:generateFullDebugUnitTestResources

> Task :pump:eopatch:mergeFullDebugUnitTestResources
C:\Users\craig\StudioProjects\AndroidAPS\AndroidAPSApril26\core\interfaces\build\intermediates\packaged_res\fullDebug\packageFullDebugResources\values-es-rES\values-es-rES.xml:30:4: Multiple substitutions specified in non-positional format of string resource string/half_basal_exercise_target_summary. Did you mean to add the formatted="false" attribute?
C:\Users\craig\StudioProjects\AndroidAPS\AndroidAPSApril26\core\ui\build\intermediates\packaged_res\fullDebug\packageFullDebugResources\values-es-rES\values-es-rES.xml:727:4: Multiple substitutions specified in non-positional format of string resource string/scene_wizard_info_luteal_phase. Did you mean to add the formatted="false" attribute?
C:\Users\craig\StudioProjects\AndroidAPS\AndroidAPSApril26\core\ui\build\intermediates\packaged_res\fullDebug\packageFullDebugResources\values-es-rES\values-es-rES.xml:731:4: Multiple substitutions specified in non-positional format of string resource string/scene_wizard_info_sick_day. Did you mean to add the formatted="false" attribute?
C:\Users\craig\StudioProjects\AndroidAPS\AndroidAPSApril26\core\ui\build\intermediates\packaged_res\fullDebug\packageFullDebugResources\values-es-rES\values-es-rES.xml:740:4: Multiple substitutions specified in non-positional format of string resource string/scene_wizard_profile_info. Did you mean to add the formatted="false" attribute?
C:\Users\craig\StudioProjects\AndroidAPS\AndroidAPSApril26\core\ui\build\intermediates\packaged_res\fullDebug\packageFullDebugResources\values-fr-rFR\values-fr-rFR.xml:727:4: Multiple substitutions specified in non-positional format of string resource string/scene_wizard_info_luteal_phase. Did you mean to add the formatted="false" attribute?
C:\Users\craig\StudioProjects\AndroidAPS\AndroidAPSApril26\core\ui\build\intermediates\packaged_res\fullDebug\packageFullDebugResources\values-fr-rFR\values-fr-rFR.xml:731:4: Multiple substitutions specified in non-positional format of string resource string/scene_wizard_info_sick_day. Did you mean to add the formatted="false" attribute?
C:\Users\craig\StudioProjects\AndroidAPS\AndroidAPSApril26\core\ui\build\intermediates\packaged_res\fullDebug\packageFullDebugResources\values-fr-rFR\values-fr-rFR.xml:740:4: Multiple substitutions specified in non-positional format of string resource string/scene_wizard_profile_info. Did you mean to add the formatted="false" attribute?
C:\Users\craig\StudioProjects\AndroidAPS\AndroidAPSApril26\core\ui\build\intermediates\packaged_res\fullDebug\packageFullDebugResources\values-zh-rTW\values-zh-rTW.xml:724:4: Multiple substitutions specified in non-positional format of string resource string/scene_wizard_info_luteal_phase. Did you mean to add the formatted="false" attribute?
C:\Users\craig\StudioProjects\AndroidAPS\AndroidAPSApril26\core\ui\build\intermediates\packaged_res\fullDebug\packageFullDebugResources\values-zh-rTW\values-zh-rTW.xml:728:4: Multiple substitutions specified in non-positional format of string resource string/scene_wizard_info_sick_day. Did you mean to add the formatted="false" attribute?
C:\Users\craig\StudioProjects\AndroidAPS\AndroidAPSApril26\core\ui\build\intermediates\packaged_res\fullDebug\packageFullDebugResources\values-zh-rTW\values-zh-rTW.xml:737:4: Multiple substitutions specified in non-positional format of string resource string/scene_wizard_profile_info. Did you mean to add the formatted="false" attribute?
C:\Users\craig\StudioProjects\AndroidAPS\AndroidAPSApril26\core\ui\build\intermediates\packaged_res\fullDebug\packageFullDebugResources\values-vi-rVN\values-vi-rVN.xml:724:4: Multiple substitutions specified in non-positional format of string resource string/scene_wizard_info_luteal_phase. Did you mean to add the formatted="false" attribute?
C:\Users\craig\StudioProjects\AndroidAPS\AndroidAPSApril26\core\ui\build\intermediates\packaged_res\fullDebug\packageFullDebugResources\values-vi-rVN\values-vi-rVN.xml:728:4: Multiple substitutions specified in non-positional format of string resource string/scene_wizard_info_sick_day. Did you mean to add the formatted="false" attribute?
C:\Users\craig\StudioProjects\AndroidAPS\AndroidAPSApril26\core\ui\build\intermediates\packaged_res\fullDebug\packageFullDebugResources\values-vi-rVN\values-vi-rVN.xml:737:4: Multiple substitutions specified in non-positional format of string resource string/scene_wizard_profile_info. Did you mean to add the formatted="false" attribute?
C:\Users\craig\StudioProjects\AndroidAPS\AndroidAPSApril26\core\ui\build\intermediates\packaged_res\fullDebug\packageFullDebugResources\values\values.xml:755:4: Multiple substitutions specified in non-positional format of string resource string/scene_wizard_info_luteal_phase. Did you mean to add the formatted="false" attribute?
C:\Users\craig\StudioProjects\AndroidAPS\AndroidAPSApril26\core\ui\build\intermediates\packaged_res\fullDebug\packageFullDebugResources\values\values.xml:759:4: Multiple substitutions specified in non-positional format of string resource string/scene_wizard_info_sick_day. Did you mean to add the formatted="false" attribute?
C:\Users\craig\StudioProjects\AndroidAPS\AndroidAPSApril26\core\ui\build\intermediates\packaged_res\fullDebug\packageFullDebugResources\values\values.xml:768:4: Multiple substitutions specified in non-positional format of string resource string/scene_wizard_profile_info. Did you mean to add the formatted="false" attribute?
C:\Users\craig\StudioProjects\AndroidAPS\AndroidAPSApril26\core\ui\build\intermediates\packaged_res\fullDebug\packageFullDebugResources\values-ru-rRU\values-ru-rRU.xml:406:4: Multiple substitutions specified in non-positional format of string resource string/temp_basal_percent_rate. Did you mean to add the formatted="false" attribute?
C:\Users\craig\StudioProjects\AndroidAPS\AndroidAPSApril26\core\ui\build\intermediates\packaged_res\fullDebug\packageFullDebugResources\values-zh-rCN\values-zh-rCN.xml:726:4: Multiple substitutions specified in non-positional format of string resource string/scene_wizard_info_luteal_phase. Did you mean to add the formatted="false" attribute?
C:\Users\craig\StudioProjects\AndroidAPS\AndroidAPSApril26\core\ui\build\intermediates\packaged_res\fullDebug\packageFullDebugResources\values-zh-rCN\values-zh-rCN.xml:730:4: Multiple substitutions specified in non-positional format of string resource string/scene_wizard_info_sick_day. Did you mean to add the formatted="false" attribute?
C:\Users\craig\StudioProjects\AndroidAPS\AndroidAPSApril26\core\ui\build\intermediates\packaged_res\fullDebug\packageFullDebugResources\values-zh-rCN\values-zh-rCN.xml:739:4: Multiple substitutions specified in non-positional format of string resource string/scene_wizard_profile_info. Did you mean to add the formatted="false" attribute?

> Task :pump:equil:mergeFullDebugUnitTestResources
C:\Users\craig\StudioProjects\AndroidAPS\AndroidAPSApril26\core\ui\build\intermediates\packaged_res\fullDebug\packageFullDebugResources\values-fr-rFR\values-fr-rFR.xml:727:4: Multiple substitutions specified in non-positional format of string resource string/scene_wizard_info_luteal_phase. Did you mean to add the formatted="false" attribute?
C:\Users\craig\StudioProjects\AndroidAPS\AndroidAPSApril26\core\ui\build\intermediates\packaged_res\fullDebug\packageFullDebugResources\values-fr-rFR\values-fr-rFR.xml:731:4: Multiple substitutions specified in non-positional format of string resource string/scene_wizard_info_sick_day. Did you mean to add the formatted="false" attribute?
C:\Users\craig\StudioProjects\AndroidAPS\AndroidAPSApril26\core\ui\build\intermediates\packaged_res\fullDebug\packageFullDebugResources\values-fr-rFR\values-fr-rFR.xml:740:4: Multiple substitutions specified in non-positional format of string resource string/scene_wizard_profile_info. Did you mean to add the formatted="false" attribute?
C:\Users\craig\StudioProjects\AndroidAPS\AndroidAPSApril26\core\ui\build\intermediates\packaged_res\fullDebug\packageFullDebugResources\values-vi-rVN\values-vi-rVN.xml:724:4: Multiple substitutions specified in non-positional format of string resource string/scene_wizard_info_luteal_phase. Did you mean to add the formatted="false" attribute?
C:\Users\craig\StudioProjects\AndroidAPS\AndroidAPSApril26\core\ui\build\intermediates\packaged_res\fullDebug\packageFullDebugResources\values-vi-rVN\values-vi-rVN.xml:728:4: Multiple substitutions specified in non-positional format of string resource string/scene_wizard_info_sick_day. Did you mean to add the formatted="false" attribute?
C:\Users\craig\StudioProjects\AndroidAPS\AndroidAPSApril26\core\ui\build\intermediates\packaged_res\fullDebug\packageFullDebugResources\values-vi-rVN\values-vi-rVN.xml:737:4: Multiple substitutions specified in non-positional format of string resource string/scene_wizard_profile_info. Did you mean to add the formatted="false" attribute?

> Task :core:ui:compileFullDebugJavaWithJavac NO-SOURCE
> Task :database:persistence:compileFullDebugKotlin
> Task :wear:kspFullDebugKotlin
> Task :pump:eopatch:processFullDebugUnitTestResources

> Task :pump:equil:mergeFullDebugUnitTestResources
C:\Users\craig\StudioProjects\AndroidAPS\AndroidAPSApril26\core\ui\build\intermediates\packaged_res\fullDebug\packageFullDebugResources\values-it-rIT\values-it-rIT.xml:727:4: Multiple substitutions specified in non-positional format of string resource string/scene_wizard_info_luteal_phase. Did you mean to add the formatted="false" attribute?
C:\Users\craig\StudioProjects\AndroidAPS\AndroidAPSApril26\core\ui\build\intermediates\packaged_res\fullDebug\packageFullDebugResources\values-it-rIT\values-it-rIT.xml:731:4: Multiple substitutions specified in non-positional format of string resource string/scene_wizard_info_sick_day. Did you mean to add the formatted="false" attribute?
C:\Users\craig\StudioProjects\AndroidAPS\AndroidAPSApril26\core\ui\build\intermediates\packaged_res\fullDebug\packageFullDebugResources\values-it-rIT\values-it-rIT.xml:740:4: Multiple substitutions specified in non-positional format of string resource string/scene_wizard_profile_info. Did you mean to add the formatted="false" attribute?
C:\Users\craig\StudioProjects\AndroidAPS\AndroidAPSApril26\core\ui\build\intermediates\packaged_res\fullDebug\packageFullDebugResources\values\values.xml:755:4: Multiple substitutions specified in non-positional format of string resource string/scene_wizard_info_luteal_phase. Did you mean to add the formatted="false" attribute?
C:\Users\craig\StudioProjects\AndroidAPS\AndroidAPSApril26\core\ui\build\intermediates\packaged_res\fullDebug\packageFullDebugResources\values\values.xml:759:4: Multiple substitutions specified in non-positional format of string resource string/scene_wizard_info_sick_day. Did you mean to add the formatted="false" attribute?
C:\Users\craig\StudioProjects\AndroidAPS\AndroidAPSApril26\core\ui\build\intermediates\packaged_res\fullDebug\packageFullDebugResources\values\values.xml:768:4: Multiple substitutions specified in non-positional format of string resource string/scene_wizard_profile_info. Did you mean to add the formatted="false" attribute?
C:\Users\craig\StudioProjects\AndroidAPS\AndroidAPSApril26\core\ui\build\intermediates\packaged_res\fullDebug\packageFullDebugResources\values-ru-rRU\values-ru-rRU.xml:406:4: Multiple substitutions specified in non-positional format of string resource string/temp_basal_percent_rate. Did you mean to add the formatted="false" attribute?
C:\Users\craig\StudioProjects\AndroidAPS\AndroidAPSApril26\core\ui\build\intermediates\packaged_res\fullDebug\packageFullDebugResources\values-zh-rCN\values-zh-rCN.xml:726:4: Multiple substitutions specified in non-positional format of string resource string/scene_wizard_info_luteal_phase. Did you mean to add the formatted="false" attribute?
C:\Users\craig\StudioProjects\AndroidAPS\AndroidAPSApril26\core\ui\build\intermediates\packaged_res\fullDebug\packageFullDebugResources\values-zh-rCN\values-zh-rCN.xml:730:4: Multiple substitutions specified in non-positional format of string resource string/scene_wizard_info_sick_day. Did you mean to add the formatted="false" attribute?
C:\Users\craig\StudioProjects\AndroidAPS\AndroidAPSApril26\core\ui\build\intermediates\packaged_res\fullDebug\packageFullDebugResources\values-zh-rCN\values-zh-rCN.xml:739:4: Multiple substitutions specified in non-positional format of string resource string/scene_wizard_profile_info. Did you mean to add the formatted="false" attribute?
C:\Users\craig\StudioProjects\AndroidAPS\AndroidAPSApril26\core\ui\build\intermediates\packaged_res\fullDebug\packageFullDebugResources\values-ro-rRO\values-ro-rRO.xml:730:4: Multiple substitutions specified in non-positional format of string resource string/scene_wizard_info_luteal_phase. Did you mean to add the formatted="false" attribute?
C:\Users\craig\StudioProjects\AndroidAPS\AndroidAPSApril26\core\ui\build\intermediates\packaged_res\fullDebug\packageFullDebugResources\values-ro-rRO\values-ro-rRO.xml:734:4: Multiple substitutions specified in non-positional format of string resource string/scene_wizard_info_sick_day. Did you mean to add the formatted="false" attribute?
C:\Users\craig\StudioProjects\AndroidAPS\AndroidAPSApril26\core\ui\build\intermediates\packaged_res\fullDebug\packageFullDebugResources\values-ro-rRO\values-ro-rRO.xml:743:4: Multiple substitutions specified in non-positional format of string resource string/scene_wizard_profile_info. Did you mean to add the formatted="false" attribute?

> Task :database:persistence:compileFullDebugJavaWithJavac
> Task :core:ui:bundleLibCompileToJarFullDebug

> Task :pump:medtrum:mergeFullDebugUnitTestResources
C:\Users\craig\StudioProjects\AndroidAPS\AndroidAPSApril26\core\ui\build\intermediates\packaged_res\fullDebug\packageFullDebugResources\values\values.xml:755:4: Multiple substitutions specified in non-positional format of string resource string/scene_wizard_info_luteal_phase. Did you mean to add the formatted="false" attribute?
C:\Users\craig\StudioProjects\AndroidAPS\AndroidAPSApril26\core\ui\build\intermediates\packaged_res\fullDebug\packageFullDebugResources\values\values.xml:759:4: Multiple substitutions specified in non-positional format of string resource string/scene_wizard_info_sick_day. Did you mean to add the formatted="false" attribute?
C:\Users\craig\StudioProjects\AndroidAPS\AndroidAPSApril26\core\ui\build\intermediates\packaged_res\fullDebug\packageFullDebugResources\values\values.xml:768:4: Multiple substitutions specified in non-positional format of string resource string/scene_wizard_profile_info. Did you mean to add the formatted="false" attribute?

> Task :core:ui:bundleLibRuntimeToJarFullDebug

> Task :pump:rileylink:mergeFullDebugUnitTestResources
C:\Users\craig\StudioProjects\AndroidAPS\AndroidAPSApril26\core\ui\build\intermediates\packaged_res\fullDebug\packageFullDebugResources\values\values.xml:755:4: Multiple substitutions specified in non-positional format of string resource string/scene_wizard_info_luteal_phase. Did you mean to add the formatted="false" attribute?
C:\Users\craig\StudioProjects\AndroidAPS\AndroidAPSApril26\core\ui\build\intermediates\packaged_res\fullDebug\packageFullDebugResources\values\values.xml:759:4: Multiple substitutions specified in non-positional format of string resource string/scene_wizard_info_sick_day. Did you mean to add the formatted="false" attribute?
C:\Users\craig\StudioProjects\AndroidAPS\AndroidAPSApril26\core\ui\build\intermediates\packaged_res\fullDebug\packageFullDebugResources\values\values.xml:768:4: Multiple substitutions specified in non-positional format of string resource string/scene_wizard_profile_info. Did you mean to add the formatted="false" attribute?
C:\Users\craig\StudioProjects\AndroidAPS\AndroidAPSApril26\core\interfaces\build\intermediates\packaged_res\fullDebug\packageFullDebugResources\values-es-rES\values-es-rES.xml:30:4: Multiple substitutions specified in non-positional format of string resource string/half_basal_exercise_target_summary. Did you mean to add the formatted="false" attribute?
C:\Users\craig\StudioProjects\AndroidAPS\AndroidAPSApril26\core\ui\build\intermediates\packaged_res\fullDebug\packageFullDebugResources\values-es-rES\values-es-rES.xml:727:4: Multiple substitutions specified in non-positional format of string resource string/scene_wizard_info_luteal_phase. Did you mean to add the formatted="false" attribute?
C:\Users\craig\StudioProjects\AndroidAPS\AndroidAPSApril26\core\ui\build\intermediates\packaged_res\fullDebug\packageFullDebugResources\values-es-rES\values-es-rES.xml:731:4: Multiple substitutions specified in non-positional format of string resource string/scene_wizard_info_sick_day. Did you mean to add the formatted="false" attribute?
C:\Users\craig\StudioProjects\AndroidAPS\AndroidAPSApril26\core\ui\build\intermediates\packaged_res\fullDebug\packageFullDebugResources\values-es-rES\values-es-rES.xml:740:4: Multiple substitutions specified in non-positional format of string resource string/scene_wizard_profile_info. Did you mean to add the formatted="false" attribute?
C:\Users\craig\StudioProjects\AndroidAPS\AndroidAPSApril26\core\ui\build\intermediates\packaged_res\fullDebug\packageFullDebugResources\values-ro-rRO\values-ro-rRO.xml:730:4: Multiple substitutions specified in non-positional format of string resource string/scene_wizard_info_luteal_phase. Did you mean to add the formatted="false" attribute?
C:\Users\craig\StudioProjects\AndroidAPS\AndroidAPSApril26\core\ui\build\intermediates\packaged_res\fullDebug\packageFullDebugResources\values-ro-rRO\values-ro-rRO.xml:734:4: Multiple substitutions specified in non-positional format of string resource string/scene_wizard_info_sick_day. Did you mean to add the formatted="false" attribute?
C:\Users\craig\StudioProjects\AndroidAPS\AndroidAPSApril26\core\ui\build\intermediates\packaged_res\fullDebug\packageFullDebugResources\values-ro-rRO\values-ro-rRO.xml:743:4: Multiple substitutions specified in non-positional format of string resource string/scene_wizard_profile_info. Did you mean to add the formatted="false" attribute?

> Task :database:persistence:bundleLibCompileToJarFullDebug

> Task :pump:equil:mergeFullDebugUnitTestResources
C:\Users\craig\StudioProjects\AndroidAPS\AndroidAPSApril26\core\interfaces\build\intermediates\packaged_res\fullDebug\packageFullDebugResources\values-es-rES\values-es-rES.xml:30:4: Multiple substitutions specified in non-positional format of string resource string/half_basal_exercise_target_summary. Did you mean to add the formatted="false" attribute?
C:\Users\craig\StudioProjects\AndroidAPS\AndroidAPSApril26\core\ui\build\intermediates\packaged_res\fullDebug\packageFullDebugResources\values-zh-rTW\values-zh-rTW.xml:724:4: Multiple substitutions specified in non-positional format of string resource string/scene_wizard_info_luteal_phase. Did you mean to add the formatted="false" attribute?
C:\Users\craig\StudioProjects\AndroidAPS\AndroidAPSApril26\core\ui\build\intermediates\packaged_res\fullDebug\packageFullDebugResources\values-zh-rTW\values-zh-rTW.xml:728:4: Multiple substitutions specified in non-positional format of string resource string/scene_wizard_info_sick_day. Did you mean to add the formatted="false" attribute?
C:\Users\craig\StudioProjects\AndroidAPS\AndroidAPSApril26\core\ui\build\intermediates\packaged_res\fullDebug\packageFullDebugResources\values-zh-rTW\values-zh-rTW.xml:737:4: Multiple substitutions specified in non-positional format of string resource string/scene_wizard_profile_info. Did you mean to add the formatted="false" attribute?
C:\Users\craig\StudioProjects\AndroidAPS\AndroidAPSApril26\core\ui\build\intermediates\packaged_res\fullDebug\packageFullDebugResources\values-es-rES\values-es-rES.xml:727:4: Multiple substitutions specified in non-positional format of string resource string/scene_wizard_info_luteal_phase. Did you mean to add the formatted="false" attribute?
C:\Users\craig\StudioProjects\AndroidAPS\AndroidAPSApril26\core\ui\build\intermediates\packaged_res\fullDebug\packageFullDebugResources\values-es-rES\values-es-rES.xml:731:4: Multiple substitutions specified in non-positional format of string resource string/scene_wizard_info_sick_day. Did you mean to add the formatted="false" attribute?
C:\Users\craig\StudioProjects\AndroidAPS\AndroidAPSApril26\core\ui\build\intermediates\packaged_res\fullDebug\packageFullDebugResources\values-es-rES\values-es-rES.xml:740:4: Multiple substitutions specified in non-positional format of string resource string/scene_wizard_profile_info. Did you mean to add the formatted="false" attribute?

> Task :pump:insight:mergeFullDebugUnitTestResources
C:\Users\craig\StudioProjects\AndroidAPS\AndroidAPSApril26\core\ui\build\intermediates\packaged_res\fullDebug\packageFullDebugResources\values\values.xml:755:4: Multiple substitutions specified in non-positional format of string resource string/scene_wizard_info_luteal_phase. Did you mean to add the formatted="false" attribute?
C:\Users\craig\StudioProjects\AndroidAPS\AndroidAPSApril26\core\ui\build\intermediates\packaged_res\fullDebug\packageFullDebugResources\values\values.xml:759:4: Multiple substitutions specified in non-positional format of string resource string/scene_wizard_info_sick_day. Did you mean to add the formatted="false" attribute?
C:\Users\craig\StudioProjects\AndroidAPS\AndroidAPSApril26\core\ui\build\intermediates\packaged_res\fullDebug\packageFullDebugResources\values\values.xml:768:4: Multiple substitutions specified in non-positional format of string resource string/scene_wizard_profile_info. Did you mean to add the formatted="false" attribute?
C:\Users\craig\StudioProjects\AndroidAPS\AndroidAPSApril26\core\ui\build\intermediates\packaged_res\fullDebug\packageFullDebugResources\values-ro-rRO\values-ro-rRO.xml:730:4: Multiple substitutions specified in non-positional format of string resource string/scene_wizard_info_luteal_phase. Did you mean to add the formatted="false" attribute?
C:\Users\craig\StudioProjects\AndroidAPS\AndroidAPSApril26\core\ui\build\intermediates\packaged_res\fullDebug\packageFullDebugResources\values-ro-rRO\values-ro-rRO.xml:734:4: Multiple substitutions specified in non-positional format of string resource string/scene_wizard_info_sick_day. Did you mean to add the formatted="false" attribute?
C:\Users\craig\StudioProjects\AndroidAPS\AndroidAPSApril26\core\ui\build\intermediates\packaged_res\fullDebug\packageFullDebugResources\values-ro-rRO\values-ro-rRO.xml:743:4: Multiple substitutions specified in non-positional format of string resource string/scene_wizard_profile_info. Did you mean to add the formatted="false" attribute?
C:\Users\craig\StudioProjects\AndroidAPS\AndroidAPSApril26\core\ui\build\intermediates\packaged_res\fullDebug\packageFullDebugResources\values-it-rIT\values-it-rIT.xml:727:4: Multiple substitutions specified in non-positional format of string resource string/scene_wizard_info_luteal_phase. Did you mean to add the formatted="false" attribute?
C:\Users\craig\StudioProjects\AndroidAPS\AndroidAPSApril26\core\ui\build\intermediates\packaged_res\fullDebug\packageFullDebugResources\values-it-rIT\values-it-rIT.xml:731:4: Multiple substitutions specified in non-positional format of string resource string/scene_wizard_info_sick_day. Did you mean to add the formatted="false" attribute?
C:\Users\craig\StudioProjects\AndroidAPS\AndroidAPSApril26\core\ui\build\intermediates\packaged_res\fullDebug\packageFullDebugResources\values-it-rIT\values-it-rIT.xml:740:4: Multiple substitutions specified in non-positional format of string resource string/scene_wizard_profile_info. Did you mean to add the formatted="false" attribute?
C:\Users\craig\StudioProjects\AndroidAPS\AndroidAPSApril26\core\interfaces\build\intermediates\packaged_res\fullDebug\packageFullDebugResources\values-es-rES\values-es-rES.xml:30:4: Multiple substitutions specified in non-positional format of string resource string/half_basal_exercise_target_summary. Did you mean to add the formatted="false" attribute?
C:\Users\craig\StudioProjects\AndroidAPS\AndroidAPSApril26\core\ui\build\intermediates\packaged_res\fullDebug\packageFullDebugResources\values-zh-rTW\values-zh-rTW.xml:724:4: Multiple substitutions specified in non-positional format of string resource string/scene_wizard_info_luteal_phase. Did you mean to add the formatted="false" attribute?
C:\Users\craig\StudioProjects\AndroidAPS\AndroidAPSApril26\core\ui\build\intermediates\packaged_res\fullDebug\packageFullDebugResources\values-zh-rTW\values-zh-rTW.xml:728:4: Multiple substitutions specified in non-positional format of string resource string/scene_wizard_info_sick_day. Did you mean to add the formatted="false" attribute?
C:\Users\craig\StudioProjects\AndroidAPS\AndroidAPSApril26\core\ui\build\intermediates\packaged_res\fullDebug\packageFullDebugResources\values-zh-rTW\values-zh-rTW.xml:737:4: Multiple substitutions specified in non-positional format of string resource string/scene_wizard_profile_info. Did you mean to add the formatted="false" attribute?
C:\Users\craig\StudioProjects\AndroidAPS\AndroidAPSApril26\core\ui\build\intermediates\packaged_res\fullDebug\packageFullDebugResources\values-es-rES\values-es-rES.xml:727:4: Multiple substitutions specified in non-positional format of string resource string/scene_wizard_info_luteal_phase. Did you mean to add the formatted="false" attribute?
C:\Users\craig\StudioProjects\AndroidAPS\AndroidAPSApril26\core\ui\build\intermediates\packaged_res\fullDebug\packageFullDebugResources\values-es-rES\values-es-rES.xml:731:4: Multiple substitutions specified in non-positional format of string resource string/scene_wizard_info_sick_day. Did you mean to add the formatted="false" attribute?
C:\Users\craig\StudioProjects\AndroidAPS\AndroidAPSApril26\core\ui\build\intermediates\packaged_res\fullDebug\packageFullDebugResources\values-es-rES\values-es-rES.xml:740:4: Multiple substitutions specified in non-positional format of string resource string/scene_wizard_profile_info. Did you mean to add the formatted="false" attribute?
C:\Users\craig\StudioProjects\AndroidAPS\AndroidAPSApril26\core\ui\build\intermediates\packaged_res\fullDebug\packageFullDebugResources\values-fr-rFR\values-fr-rFR.xml:727:4: Multiple substitutions specified in non-positional format of string resource string/scene_wizard_info_luteal_phase. Did you mean to add the formatted="false" attribute?
C:\Users\craig\StudioProjects\AndroidAPS\AndroidAPSApril26\core\ui\build\intermediates\packaged_res\fullDebug\packageFullDebugResources\values-fr-rFR\values-fr-rFR.xml:731:4: Multiple substitutions specified in non-positional format of string resource string/scene_wizard_info_sick_day. Did you mean to add the formatted="false" attribute?
C:\Users\craig\StudioProjects\AndroidAPS\AndroidAPSApril26\core\ui\build\intermediates\packaged_res\fullDebug\packageFullDebugResources\values-fr-rFR\values-fr-rFR.xml:740:4: Multiple substitutions specified in non-positional format of string resource string/scene_wizard_profile_info. Did you mean to add the formatted="false" attribute?
C:\Users\craig\StudioProjects\AndroidAPS\AndroidAPSApril26\core\ui\build\intermediates\packaged_res\fullDebug\packageFullDebugResources\values-ru-rRU\values-ru-rRU.xml:406:4: Multiple substitutions specified in non-positional format of string resource string/temp_basal_percent_rate. Did you mean to add the formatted="false" attribute?

> Task :database:impl:compileFullDebugUnitTestKotlin

> Task :pump:virtual:mergeFullDebugUnitTestResources
C:\Users\craig\StudioProjects\AndroidAPS\AndroidAPSApril26\core\ui\build\intermediates\packaged_res\fullDebug\packageFullDebugResources\values\values.xml:755:4: Multiple substitutions specified in non-positional format of string resource string/scene_wizard_info_luteal_phase. Did you mean to add the formatted="false" attribute?
C:\Users\craig\StudioProjects\AndroidAPS\AndroidAPSApril26\core\ui\build\intermediates\packaged_res\fullDebug\packageFullDebugResources\values\values.xml:759:4: Multiple substitutions specified in non-positional format of string resource string/scene_wizard_info_sick_day. Did you mean to add the formatted="false" attribute?
C:\Users\craig\StudioProjects\AndroidAPS\AndroidAPSApril26\core\ui\build\intermediates\packaged_res\fullDebug\packageFullDebugResources\values\values.xml:768:4: Multiple substitutions specified in non-positional format of string resource string/scene_wizard_profile_info. Did you mean to add the formatted="false" attribute?
C:\Users\craig\StudioProjects\AndroidAPS\AndroidAPSApril26\core\ui\build\intermediates\packaged_res\fullDebug\packageFullDebugResources\values-it-rIT\values-it-rIT.xml:727:4: Multiple substitutions specified in non-positional format of string resource string/scene_wizard_info_luteal_phase. Did you mean to add the formatted="false" attribute?
C:\Users\craig\StudioProjects\AndroidAPS\AndroidAPSApril26\core\ui\build\intermediates\packaged_res\fullDebug\packageFullDebugResources\values-it-rIT\values-it-rIT.xml:731:4: Multiple substitutions specified in non-positional format of string resource string/scene_wizard_info_sick_day. Did you mean to add the formatted="false" attribute?
C:\Users\craig\StudioProjects\AndroidAPS\AndroidAPSApril26\core\ui\build\intermediates\packaged_res\fullDebug\packageFullDebugResources\values-it-rIT\values-it-rIT.xml:740:4: Multiple substitutions specified in non-positional format of string resource string/scene_wizard_profile_info. Did you mean to add the formatted="false" attribute?
C:\Users\craig\StudioProjects\AndroidAPS\AndroidAPSApril26\core\ui\build\intermediates\packaged_res\fullDebug\packageFullDebugResources\values-ro-rRO\values-ro-rRO.xml:730:4: Multiple substitutions specified in non-positional format of string resource string/scene_wizard_info_luteal_phase. Did you mean to add the formatted="false" attribute?
C:\Users\craig\StudioProjects\AndroidAPS\AndroidAPSApril26\core\ui\build\intermediates\packaged_res\fullDebug\packageFullDebugResources\values-ro-rRO\values-ro-rRO.xml:734:4: Multiple substitutions specified in non-positional format of string resource string/scene_wizard_info_sick_day. Did you mean to add the formatted="false" attribute?
C:\Users\craig\StudioProjects\AndroidAPS\AndroidAPSApril26\core\ui\build\intermediates\packaged_res\fullDebug\packageFullDebugResources\values-ro-rRO\values-ro-rRO.xml:743:4: Multiple substitutions specified in non-positional format of string resource string/scene_wizard_profile_info. Did you mean to add the formatted="false" attribute?
C:\Users\craig\StudioProjects\AndroidAPS\AndroidAPSApril26\core\ui\build\intermediates\packaged_res\fullDebug\packageFullDebugResources\values-ru-rRU\values-ru-rRU.xml:406:4: Multiple substitutions specified in non-positional format of string resource string/temp_basal_percent_rate. Did you mean to add the formatted="false" attribute?
C:\Users\craig\StudioProjects\AndroidAPS\AndroidAPSApril26\core\interfaces\build\intermediates\packaged_res\fullDebug\packageFullDebugResources\values-es-rES\values-es-rES.xml:30:4: Multiple substitutions specified in non-positional format of string resource string/half_basal_exercise_target_summary. Did you mean to add the formatted="false" attribute?
C:\Users\craig\StudioProjects\AndroidAPS\AndroidAPSApril26\core\ui\build\intermediates\packaged_res\fullDebug\packageFullDebugResources\values-es-rES\values-es-rES.xml:727:4: Multiple substitutions specified in non-positional format of string resource string/scene_wizard_info_luteal_phase. Did you mean to add the formatted="false" attribute?
C:\Users\craig\StudioProjects\AndroidAPS\AndroidAPSApril26\core\ui\build\intermediates\packaged_res\fullDebug\packageFullDebugResources\values-es-rES\values-es-rES.xml:731:4: Multiple substitutions specified in non-positional format of string resource string/scene_wizard_info_sick_day. Did you mean to add the formatted="false" attribute?
C:\Users\craig\StudioProjects\AndroidAPS\AndroidAPSApril26\core\ui\build\intermediates\packaged_res\fullDebug\packageFullDebugResources\values-es-rES\values-es-rES.xml:740:4: Multiple substitutions specified in non-positional format of string resource string/scene_wizard_profile_info. Did you mean to add the formatted="false" attribute?
C:\Users\craig\StudioProjects\AndroidAPS\AndroidAPSApril26\core\ui\build\intermediates\packaged_res\fullDebug\packageFullDebugResources\values-zh-rCN\values-zh-rCN.xml:726:4: Multiple substitutions specified in non-positional format of string resource string/scene_wizard_info_luteal_phase. Did you mean to add the formatted="false" attribute?
C:\Users\craig\StudioProjects\AndroidAPS\AndroidAPSApril26\core\ui\build\intermediates\packaged_res\fullDebug\packageFullDebugResources\values-zh-rCN\values-zh-rCN.xml:730:4: Multiple substitutions specified in non-positional format of string resource string/scene_wizard_info_sick_day. Did you mean to add the formatted="false" attribute?
C:\Users\craig\StudioProjects\AndroidAPS\AndroidAPSApril26\core\ui\build\intermediates\packaged_res\fullDebug\packageFullDebugResources\values-zh-rCN\values-zh-rCN.xml:739:4: Multiple substitutions specified in non-positional format of string resource string/scene_wizard_profile_info. Did you mean to add the formatted="false" attribute?
C:\Users\craig\StudioProjects\AndroidAPS\AndroidAPSApril26\core\ui\build\intermediates\packaged_res\fullDebug\packageFullDebugResources\values-zh-rTW\values-zh-rTW.xml:724:4: Multiple substitutions specified in non-positional format of string resource string/scene_wizard_info_luteal_phase. Did you mean to add the formatted="false" attribute?
C:\Users\craig\StudioProjects\AndroidAPS\AndroidAPSApril26\core\ui\build\intermediates\packaged_res\fullDebug\packageFullDebugResources\values-zh-rTW\values-zh-rTW.xml:728:4: Multiple substitutions specified in non-positional format of string resource string/scene_wizard_info_sick_day. Did you mean to add the formatted="false" attribute?
C:\Users\craig\StudioProjects\AndroidAPS\AndroidAPSApril26\core\ui\build\intermediates\packaged_res\fullDebug\packageFullDebugResources\values-zh-rTW\values-zh-rTW.xml:737:4: Multiple substitutions specified in non-positional format of string resource string/scene_wizard_profile_info. Did you mean to add the formatted="false" attribute?
C:\Users\craig\StudioProjects\AndroidAPS\AndroidAPSApril26\core\ui\build\intermediates\packaged_res\fullDebug\packageFullDebugResources\values-fr-rFR\values-fr-rFR.xml:727:4: Multiple substitutions specified in non-positional format of string resource string/scene_wizard_info_luteal_phase. Did you mean to add the formatted="false" attribute?
C:\Users\craig\StudioProjects\AndroidAPS\AndroidAPSApril26\core\ui\build\intermediates\packaged_res\fullDebug\packageFullDebugResources\values-fr-rFR\values-fr-rFR.xml:731:4: Multiple substitutions specified in non-positional format of string resource string/scene_wizard_info_sick_day. Did you mean to add the formatted="false" attribute?
C:\Users\craig\StudioProjects\AndroidAPS\AndroidAPSApril26\core\ui\build\intermediates\packaged_res\fullDebug\packageFullDebugResources\values-fr-rFR\values-fr-rFR.xml:740:4: Multiple substitutions specified in non-positional format of string resource string/scene_wizard_profile_info. Did you mean to add the formatted="false" attribute?
C:\Users\craig\StudioProjects\AndroidAPS\AndroidAPSApril26\core\ui\build\intermediates\packaged_res\fullDebug\packageFullDebugResources\values-vi-rVN\values-vi-rVN.xml:724:4: Multiple substitutions specified in non-positional format of string resource string/scene_wizard_info_luteal_phase. Did you mean to add the formatted="false" attribute?
C:\Users\craig\StudioProjects\AndroidAPS\AndroidAPSApril26\core\ui\build\intermediates\packaged_res\fullDebug\packageFullDebugResources\values-vi-rVN\values-vi-rVN.xml:728:4: Multiple substitutions specified in non-positional format of string resource string/scene_wizard_info_sick_day. Did you mean to add the formatted="false" attribute?
C:\Users\craig\StudioProjects\AndroidAPS\AndroidAPSApril26\core\ui\build\intermediates\packaged_res\fullDebug\packageFullDebugResources\values-vi-rVN\values-vi-rVN.xml:737:4: Multiple substitutions specified in non-positional format of string resource string/scene_wizard_profile_info. Did you mean to add the formatted="false" attribute?

> Task :pump:insight:mergeFullDebugUnitTestResources
C:\Users\craig\StudioProjects\AndroidAPS\AndroidAPSApril26\core\ui\build\intermediates\packaged_res\fullDebug\packageFullDebugResources\values-zh-rCN\values-zh-rCN.xml:726:4: Multiple substitutions specified in non-positional format of string resource string/scene_wizard_info_luteal_phase. Did you mean to add the formatted="false" attribute?
C:\Users\craig\StudioProjects\AndroidAPS\AndroidAPSApril26\core\ui\build\intermediates\packaged_res\fullDebug\packageFullDebugResources\values-zh-rCN\values-zh-rCN.xml:730:4: Multiple substitutions specified in non-positional format of string resource string/scene_wizard_info_sick_day. Did you mean to add the formatted="false" attribute?
C:\Users\craig\StudioProjects\AndroidAPS\AndroidAPSApril26\core\ui\build\intermediates\packaged_res\fullDebug\packageFullDebugResources\values-zh-rCN\values-zh-rCN.xml:739:4: Multiple substitutions specified in non-positional format of string resource string/scene_wizard_profile_info. Did you mean to add the formatted="false" attribute?
C:\Users\craig\StudioProjects\AndroidAPS\AndroidAPSApril26\core\ui\build\intermediates\packaged_res\fullDebug\packageFullDebugResources\values-vi-rVN\values-vi-rVN.xml:724:4: Multiple substitutions specified in non-positional format of string resource string/scene_wizard_info_luteal_phase. Did you mean to add the formatted="false" attribute?
C:\Users\craig\StudioProjects\AndroidAPS\AndroidAPSApril26\core\ui\build\intermediates\packaged_res\fullDebug\packageFullDebugResources\values-vi-rVN\values-vi-rVN.xml:728:4: Multiple substitutions specified in non-positional format of string resource string/scene_wizard_info_sick_day. Did you mean to add the formatted="false" attribute?
C:\Users\craig\StudioProjects\AndroidAPS\AndroidAPSApril26\core\ui\build\intermediates\packaged_res\fullDebug\packageFullDebugResources\values-vi-rVN\values-vi-rVN.xml:737:4: Multiple substitutions specified in non-positional format of string resource string/scene_wizard_profile_info. Did you mean to add the formatted="false" attribute?

> Task :pump:equil-emulator:mergeFullDebugUnitTestResources
C:\Users\craig\StudioProjects\AndroidAPS\AndroidAPSApril26\core\ui\build\intermediates\packaged_res\fullDebug\packageFullDebugResources\values-it-rIT\values-it-rIT.xml:727:4: Multiple substitutions specified in non-positional format of string resource string/scene_wizard_info_luteal_phase. Did you mean to add the formatted="false" attribute?
C:\Users\craig\StudioProjects\AndroidAPS\AndroidAPSApril26\core\ui\build\intermediates\packaged_res\fullDebug\packageFullDebugResources\values-it-rIT\values-it-rIT.xml:731:4: Multiple substitutions specified in non-positional format of string resource string/scene_wizard_info_sick_day. Did you mean to add the formatted="false" attribute?
C:\Users\craig\StudioProjects\AndroidAPS\AndroidAPSApril26\core\ui\build\intermediates\packaged_res\fullDebug\packageFullDebugResources\values-it-rIT\values-it-rIT.xml:740:4: Multiple substitutions specified in non-positional format of string resource string/scene_wizard_profile_info. Did you mean to add the formatted="false" attribute?
C:\Users\craig\StudioProjects\AndroidAPS\AndroidAPSApril26\core\ui\build\intermediates\packaged_res\fullDebug\packageFullDebugResources\values\values.xml:755:4: Multiple substitutions specified in non-positional format of string resource string/scene_wizard_info_luteal_phase. Did you mean to add the formatted="false" attribute?
C:\Users\craig\StudioProjects\AndroidAPS\AndroidAPSApril26\core\ui\build\intermediates\packaged_res\fullDebug\packageFullDebugResources\values\values.xml:759:4: Multiple substitutions specified in non-positional format of string resource string/scene_wizard_info_sick_day. Did you mean to add the formatted="false" attribute?
C:\Users\craig\StudioProjects\AndroidAPS\AndroidAPSApril26\core\ui\build\intermediates\packaged_res\fullDebug\packageFullDebugResources\values\values.xml:768:4: Multiple substitutions specified in non-positional format of string resource string/scene_wizard_profile_info. Did you mean to add the formatted="false" attribute?
C:\Users\craig\StudioProjects\AndroidAPS\AndroidAPSApril26\core\ui\build\intermediates\packaged_res\fullDebug\packageFullDebugResources\values-ro-rRO\values-ro-rRO.xml:730:4: Multiple substitutions specified in non-positional format of string resource string/scene_wizard_info_luteal_phase. Did you mean to add the formatted="false" attribute?
C:\Users\craig\StudioProjects\AndroidAPS\AndroidAPSApril26\core\ui\build\intermediates\packaged_res\fullDebug\packageFullDebugResources\values-ro-rRO\values-ro-rRO.xml:734:4: Multiple substitutions specified in non-positional format of string resource string/scene_wizard_info_sick_day. Did you mean to add the formatted="false" attribute?
C:\Users\craig\StudioProjects\AndroidAPS\AndroidAPSApril26\core\ui\build\intermediates\packaged_res\fullDebug\packageFullDebugResources\values-ro-rRO\values-ro-rRO.xml:743:4: Multiple substitutions specified in non-positional format of string resource string/scene_wizard_profile_info. Did you mean to add the formatted="false" attribute?
C:\Users\craig\StudioProjects\AndroidAPS\AndroidAPSApril26\core\interfaces\build\intermediates\packaged_res\fullDebug\packageFullDebugResources\values-es-rES\values-es-rES.xml:30:4: Multiple substitutions specified in non-positional format of string resource string/half_basal_exercise_target_summary. Did you mean to add the formatted="false" attribute?
C:\Users\craig\StudioProjects\AndroidAPS\AndroidAPSApril26\core\ui\build\intermediates\packaged_res\fullDebug\packageFullDebugResources\values-es-rES\values-es-rES.xml:727:4: Multiple substitutions specified in non-positional format of string resource string/scene_wizard_info_luteal_phase. Did you mean to add the formatted="false" attribute?
C:\Users\craig\StudioProjects\AndroidAPS\AndroidAPSApril26\core\ui\build\intermediates\packaged_res\fullDebug\packageFullDebugResources\values-es-rES\values-es-rES.xml:731:4: Multiple substitutions specified in non-positional format of string resource string/scene_wizard_info_sick_day. Did you mean to add the formatted="false" attribute?
C:\Users\craig\StudioProjects\AndroidAPS\AndroidAPSApril26\core\ui\build\intermediates\packaged_res\fullDebug\packageFullDebugResources\values-es-rES\values-es-rES.xml:740:4: Multiple substitutions specified in non-positional format of string resource string/scene_wizard_profile_info. Did you mean to add the formatted="false" attribute?
C:\Users\craig\StudioProjects\AndroidAPS\AndroidAPSApril26\core\ui\build\intermediates\packaged_res\fullDebug\packageFullDebugResources\values-zh-rTW\values-zh-rTW.xml:724:4: Multiple substitutions specified in non-positional format of string resource string/scene_wizard_info_luteal_phase. Did you mean to add the formatted="false" attribute?
C:\Users\craig\StudioProjects\AndroidAPS\AndroidAPSApril26\core\ui\build\intermediates\packaged_res\fullDebug\packageFullDebugResources\values-zh-rTW\values-zh-rTW.xml:728:4: Multiple substitutions specified in non-positional format of string resource string/scene_wizard_info_sick_day. Did you mean to add the formatted="false" attribute?
C:\Users\craig\StudioProjects\AndroidAPS\AndroidAPSApril26\core\ui\build\intermediates\packaged_res\fullDebug\packageFullDebugResources\values-zh-rTW\values-zh-rTW.xml:737:4: Multiple substitutions specified in non-positional format of string resource string/scene_wizard_profile_info. Did you mean to add the formatted="false" attribute?
C:\Users\craig\StudioProjects\AndroidAPS\AndroidAPSApril26\core\ui\build\intermediates\packaged_res\fullDebug\packageFullDebugResources\values-fr-rFR\values-fr-rFR.xml:727:4: Multiple substitutions specified in non-positional format of string resource string/scene_wizard_info_luteal_phase. Did you mean to add the formatted="false" attribute?
C:\Users\craig\StudioProjects\AndroidAPS\AndroidAPSApril26\core\ui\build\intermediates\packaged_res\fullDebug\packageFullDebugResources\values-fr-rFR\values-fr-rFR.xml:731:4: Multiple substitutions specified in non-positional format of string resource string/scene_wizard_info_sick_day. Did you mean to add the formatted="false" attribute?
C:\Users\craig\StudioProjects\AndroidAPS\AndroidAPSApril26\core\ui\build\intermediates\packaged_res\fullDebug\packageFullDebugResources\values-fr-rFR\values-fr-rFR.xml:740:4: Multiple substitutions specified in non-positional format of string resource string/scene_wizard_profile_info. Did you mean to add the formatted="false" attribute?

> Task :core:objects:kspFullDebugKotlin

> Task :pump:medtronic:mergeFullDebugUnitTestResources
C:\Users\craig\StudioProjects\AndroidAPS\AndroidAPSApril26\core\ui\build\intermediates\packaged_res\fullDebug\packageFullDebugResources\values\values.xml:755:4: Multiple substitutions specified in non-positional format of string resource string/scene_wizard_info_luteal_phase. Did you mean to add the formatted="false" attribute?
C:\Users\craig\StudioProjects\AndroidAPS\AndroidAPSApril26\core\ui\build\intermediates\packaged_res\fullDebug\packageFullDebugResources\values\values.xml:759:4: Multiple substitutions specified in non-positional format of string resource string/scene_wizard_info_sick_day. Did you mean to add the formatted="false" attribute?
C:\Users\craig\StudioProjects\AndroidAPS\AndroidAPSApril26\core\ui\build\intermediates\packaged_res\fullDebug\packageFullDebugResources\values\values.xml:768:4: Multiple substitutions specified in non-positional format of string resource string/scene_wizard_profile_info. Did you mean to add the formatted="false" attribute?
C:\Users\craig\StudioProjects\AndroidAPS\AndroidAPSApril26\core\ui\build\intermediates\packaged_res\fullDebug\packageFullDebugResources\values-it-rIT\values-it-rIT.xml:727:4: Multiple substitutions specified in non-positional format of string resource string/scene_wizard_info_luteal_phase. Did you mean to add the formatted="false" attribute?
C:\Users\craig\StudioProjects\AndroidAPS\AndroidAPSApril26\core\ui\build\intermediates\packaged_res\fullDebug\packageFullDebugResources\values-it-rIT\values-it-rIT.xml:731:4: Multiple substitutions specified in non-positional format of string resource string/scene_wizard_info_sick_day. Did you mean to add the formatted="false" attribute?
C:\Users\craig\StudioProjects\AndroidAPS\AndroidAPSApril26\core\ui\build\intermediates\packaged_res\fullDebug\packageFullDebugResources\values-it-rIT\values-it-rIT.xml:740:4: Multiple substitutions specified in non-positional format of string resource string/scene_wizard_profile_info. Did you mean to add the formatted="false" attribute?
C:\Users\craig\StudioProjects\AndroidAPS\AndroidAPSApril26\core\interfaces\build\intermediates\packaged_res\fullDebug\packageFullDebugResources\values-es-rES\values-es-rES.xml:30:4: Multiple substitutions specified in non-positional format of string resource string/half_basal_exercise_target_summary. Did you mean to add the formatted="false" attribute?
C:\Users\craig\StudioProjects\AndroidAPS\AndroidAPSApril26\core\ui\build\intermediates\packaged_res\fullDebug\packageFullDebugResources\values-es-rES\values-es-rES.xml:727:4: Multiple substitutions specified in non-positional format of string resource string/scene_wizard_info_luteal_phase. Did you mean to add the formatted="false" attribute?
C:\Users\craig\StudioProjects\AndroidAPS\AndroidAPSApril26\core\ui\build\intermediates\packaged_res\fullDebug\packageFullDebugResources\values-es-rES\values-es-rES.xml:731:4: Multiple substitutions specified in non-positional format of string resource string/scene_wizard_info_sick_day. Did you mean to add the formatted="false" attribute?
C:\Users\craig\StudioProjects\AndroidAPS\AndroidAPSApril26\core\ui\build\intermediates\packaged_res\fullDebug\packageFullDebugResources\values-es-rES\values-es-rES.xml:740:4: Multiple substitutions specified in non-positional format of string resource string/scene_wizard_profile_info. Did you mean to add the formatted="false" attribute?
C:\Users\craig\StudioProjects\AndroidAPS\AndroidAPSApril26\core\ui\build\intermediates\packaged_res\fullDebug\packageFullDebugResources\values-ro-rRO\values-ro-rRO.xml:730:4: Multiple substitutions specified in non-positional format of string resource string/scene_wizard_info_luteal_phase. Did you mean to add the formatted="false" attribute?
C:\Users\craig\StudioProjects\AndroidAPS\AndroidAPSApril26\core\ui\build\intermediates\packaged_res\fullDebug\packageFullDebugResources\values-ro-rRO\values-ro-rRO.xml:734:4: Multiple substitutions specified in non-positional format of string resource string/scene_wizard_info_sick_day. Did you mean to add the formatted="false" attribute?
C:\Users\craig\StudioProjects\AndroidAPS\AndroidAPSApril26\core\ui\build\intermediates\packaged_res\fullDebug\packageFullDebugResources\values-ro-rRO\values-ro-rRO.xml:743:4: Multiple substitutions specified in non-positional format of string resource string/scene_wizard_profile_info. Did you mean to add the formatted="false" attribute?
C:\Users\craig\StudioProjects\AndroidAPS\AndroidAPSApril26\core\ui\build\intermediates\packaged_res\fullDebug\packageFullDebugResources\values-ru-rRU\values-ru-rRU.xml:406:4: Multiple substitutions specified in non-positional format of string resource string/temp_basal_percent_rate. Did you mean to add the formatted="false" attribute?
C:\Users\craig\StudioProjects\AndroidAPS\AndroidAPSApril26\core\ui\build\intermediates\packaged_res\fullDebug\packageFullDebugResources\values-zh-rTW\values-zh-rTW.xml:724:4: Multiple substitutions specified in non-positional format of string resource string/scene_wizard_info_luteal_phase. Did you mean to add the formatted="false" attribute?
C:\Users\craig\StudioProjects\AndroidAPS\AndroidAPSApril26\core\ui\build\intermediates\packaged_res\fullDebug\packageFullDebugResources\values-zh-rTW\values-zh-rTW.xml:728:4: Multiple substitutions specified in non-positional format of string resource string/scene_wizard_info_sick_day. Did you mean to add the formatted="false" attribute?
C:\Users\craig\StudioProjects\AndroidAPS\AndroidAPSApril26\core\ui\build\intermediates\packaged_res\fullDebug\packageFullDebugResources\values-zh-rTW\values-zh-rTW.xml:737:4: Multiple substitutions specified in non-positional format of string resource string/scene_wizard_profile_info. Did you mean to add the formatted="false" attribute?
C:\Users\craig\StudioProjects\AndroidAPS\AndroidAPSApril26\core\ui\build\intermediates\packaged_res\fullDebug\packageFullDebugResources\values-zh-rCN\values-zh-rCN.xml:726:4: Multiple substitutions specified in non-positional format of string resource string/scene_wizard_info_luteal_phase. Did you mean to add the formatted="false" attribute?
C:\Users\craig\StudioProjects\AndroidAPS\AndroidAPSApril26\core\ui\build\intermediates\packaged_res\fullDebug\packageFullDebugResources\values-zh-rCN\values-zh-rCN.xml:730:4: Multiple substitutions specified in non-positional format of string resource string/scene_wizard_info_sick_day. Did you mean to add the formatted="false" attribute?
C:\Users\craig\StudioProjects\AndroidAPS\AndroidAPSApril26\core\ui\build\intermediates\packaged_res\fullDebug\packageFullDebugResources\values-zh-rCN\values-zh-rCN.xml:739:4: Multiple substitutions specified in non-positional format of string resource string/scene_wizard_profile_info. Did you mean to add the formatted="false" attribute?
C:\Users\craig\StudioProjects\AndroidAPS\AndroidAPSApril26\core\ui\build\intermediates\packaged_res\fullDebug\packageFullDebugResources\values-fr-rFR\values-fr-rFR.xml:727:4: Multiple substitutions specified in non-positional format of string resource string/scene_wizard_info_luteal_phase. Did you mean to add the formatted="false" attribute?
C:\Users\craig\StudioProjects\AndroidAPS\AndroidAPSApril26\core\ui\build\intermediates\packaged_res\fullDebug\packageFullDebugResources\values-fr-rFR\values-fr-rFR.xml:731:4: Multiple substitutions specified in non-positional format of string resource string/scene_wizard_info_sick_day. Did you mean to add the formatted="false" attribute?
C:\Users\craig\StudioProjects\AndroidAPS\AndroidAPSApril26\core\ui\build\intermediates\packaged_res\fullDebug\packageFullDebugResources\values-fr-rFR\values-fr-rFR.xml:740:4: Multiple substitutions specified in non-positional format of string resource string/scene_wizard_profile_info. Did you mean to add the formatted="false" attribute?
C:\Users\craig\StudioProjects\AndroidAPS\AndroidAPSApril26\core\ui\build\intermediates\packaged_res\fullDebug\packageFullDebugResources\values-vi-rVN\values-vi-rVN.xml:724:4: Multiple substitutions specified in non-positional format of string resource string/scene_wizard_info_luteal_phase. Did you mean to add the formatted="false" attribute?
C:\Users\craig\StudioProjects\AndroidAPS\AndroidAPSApril26\core\ui\build\intermediates\packaged_res\fullDebug\packageFullDebugResources\values-vi-rVN\values-vi-rVN.xml:728:4: Multiple substitutions specified in non-positional format of string resource string/scene_wizard_info_sick_day. Did you mean to add the formatted="false" attribute?
C:\Users\craig\StudioProjects\AndroidAPS\AndroidAPSApril26\core\ui\build\intermediates\packaged_res\fullDebug\packageFullDebugResources\values-vi-rVN\values-vi-rVN.xml:737:4: Multiple substitutions specified in non-positional format of string resource string/scene_wizard_profile_info. Did you mean to add the formatted="false" attribute?

> Task :pump:medtrum:mergeFullDebugUnitTestResources
C:\Users\craig\StudioProjects\AndroidAPS\AndroidAPSApril26\core\ui\build\intermediates\packaged_res\fullDebug\packageFullDebugResources\values-ru-rRU\values-ru-rRU.xml:406:4: Multiple substitutions specified in non-positional format of string resource string/temp_basal_percent_rate. Did you mean to add the formatted="false" attribute?
C:\Users\craig\StudioProjects\AndroidAPS\AndroidAPSApril26\core\ui\build\intermediates\packaged_res\fullDebug\packageFullDebugResources\values-it-rIT\values-it-rIT.xml:727:4: Multiple substitutions specified in non-positional format of string resource string/scene_wizard_info_luteal_phase. Did you mean to add the formatted="false" attribute?
C:\Users\craig\StudioProjects\AndroidAPS\AndroidAPSApril26\core\ui\build\intermediates\packaged_res\fullDebug\packageFullDebugResources\values-it-rIT\values-it-rIT.xml:731:4: Multiple substitutions specified in non-positional format of string resource string/scene_wizard_info_sick_day. Did you mean to add the formatted="false" attribute?
C:\Users\craig\StudioProjects\AndroidAPS\AndroidAPSApril26\core\ui\build\intermediates\packaged_res\fullDebug\packageFullDebugResources\values-it-rIT\values-it-rIT.xml:740:4: Multiple substitutions specified in non-positional format of string resource string/scene_wizard_profile_info. Did you mean to add the formatted="false" attribute?
C:\Users\craig\StudioProjects\AndroidAPS\AndroidAPSApril26\core\ui\build\intermediates\packaged_res\fullDebug\packageFullDebugResources\values-zh-rCN\values-zh-rCN.xml:726:4: Multiple substitutions specified in non-positional format of string resource string/scene_wizard_info_luteal_phase. Did you mean to add the formatted="false" attribute?
C:\Users\craig\StudioProjects\AndroidAPS\AndroidAPSApril26\core\ui\build\intermediates\packaged_res\fullDebug\packageFullDebugResources\values-zh-rCN\values-zh-rCN.xml:730:4: Multiple substitutions specified in non-positional format of string resource string/scene_wizard_info_sick_day. Did you mean to add the formatted="false" attribute?
C:\Users\craig\StudioProjects\AndroidAPS\AndroidAPSApril26\core\ui\build\intermediates\packaged_res\fullDebug\packageFullDebugResources\values-zh-rCN\values-zh-rCN.xml:739:4: Multiple substitutions specified in non-positional format of string resource string/scene_wizard_profile_info. Did you mean to add the formatted="false" attribute?
C:\Users\craig\StudioProjects\AndroidAPS\AndroidAPSApril26\pump\medtrum\build\intermediates\packaged_res\fullDebug\packageFullDebugResources\values-es-rES\values-es-rES.xml:59:4: Multiple substitutions specified in non-positional format of string resource string/half_basal_exercise_target_summary. Did you mean to add the formatted="false" attribute?
C:\Users\craig\StudioProjects\AndroidAPS\AndroidAPSApril26\core\ui\build\intermediates\packaged_res\fullDebug\packageFullDebugResources\values-es-rES\values-es-rES.xml:727:4: Multiple substitutions specified in non-positional format of string resource string/scene_wizard_info_luteal_phase. Did you mean to add the formatted="false" attribute?
C:\Users\craig\StudioProjects\AndroidAPS\AndroidAPSApril26\core\ui\build\intermediates\packaged_res\fullDebug\packageFullDebugResources\values-es-rES\values-es-rES.xml:731:4: Multiple substitutions specified in non-positional format of string resource string/scene_wizard_info_sick_day. Did you mean to add the formatted="false" attribute?
C:\Users\craig\StudioProjects\AndroidAPS\AndroidAPSApril26\core\ui\build\intermediates\packaged_res\fullDebug\packageFullDebugResources\values-es-rES\values-es-rES.xml:740:4: Multiple substitutions specified in non-positional format of string resource string/scene_wizard_profile_info. Did you mean to add the formatted="false" attribute?
C:\Users\craig\StudioProjects\AndroidAPS\AndroidAPSApril26\core\ui\build\intermediates\packaged_res\fullDebug\packageFullDebugResources\values-ro-rRO\values-ro-rRO.xml:730:4: Multiple substitutions specified in non-positional format of string resource string/scene_wizard_info_luteal_phase. Did you mean to add the formatted="false" attribute?
C:\Users\craig\StudioProjects\AndroidAPS\AndroidAPSApril26\core\ui\build\intermediates\packaged_res\fullDebug\packageFullDebugResources\values-ro-rRO\values-ro-rRO.xml:734:4: Multiple substitutions specified in non-positional format of string resource string/scene_wizard_info_sick_day. Did you mean to add the formatted="false" attribute?
C:\Users\craig\StudioProjects\AndroidAPS\AndroidAPSApril26\core\ui\build\intermediates\packaged_res\fullDebug\packageFullDebugResources\values-ro-rRO\values-ro-rRO.xml:743:4: Multiple substitutions specified in non-positional format of string resource string/scene_wizard_profile_info. Did you mean to add the formatted="false" attribute?
C:\Users\craig\StudioProjects\AndroidAPS\AndroidAPSApril26\core\ui\build\intermediates\packaged_res\fullDebug\packageFullDebugResources\values-zh-rTW\values-zh-rTW.xml:724:4: Multiple substitutions specified in non-positional format of string resource string/scene_wizard_info_luteal_phase. Did you mean to add the formatted="false" attribute?
C:\Users\craig\StudioProjects\AndroidAPS\AndroidAPSApril26\core\ui\build\intermediates\packaged_res\fullDebug\packageFullDebugResources\values-zh-rTW\values-zh-rTW.xml:728:4: Multiple substitutions specified in non-positional format of string resource string/scene_wizard_info_sick_day. Did you mean to add the formatted="false" attribute?
C:\Users\craig\StudioProjects\AndroidAPS\AndroidAPSApril26\core\ui\build\intermediates\packaged_res\fullDebug\packageFullDebugResources\values-zh-rTW\values-zh-rTW.xml:737:4: Multiple substitutions specified in non-positional format of string resource string/scene_wizard_profile_info. Did you mean to add the formatted="false" attribute?
C:\Users\craig\StudioProjects\AndroidAPS\AndroidAPSApril26\core\ui\build\intermediates\packaged_res\fullDebug\packageFullDebugResources\values-fr-rFR\values-fr-rFR.xml:727:4: Multiple substitutions specified in non-positional format of string resource string/scene_wizard_info_luteal_phase. Did you mean to add the formatted="false" attribute?
C:\Users\craig\StudioProjects\AndroidAPS\AndroidAPSApril26\core\ui\build\intermediates\packaged_res\fullDebug\packageFullDebugResources\values-fr-rFR\values-fr-rFR.xml:731:4: Multiple substitutions specified in non-positional format of string resource string/scene_wizard_info_sick_day. Did you mean to add the formatted="false" attribute?
C:\Users\craig\StudioProjects\AndroidAPS\AndroidAPSApril26\core\ui\build\intermediates\packaged_res\fullDebug\packageFullDebugResources\values-fr-rFR\values-fr-rFR.xml:740:4: Multiple substitutions specified in non-positional format of string resource string/scene_wizard_profile_info. Did you mean to add the formatted="false" attribute?
C:\Users\craig\StudioProjects\AndroidAPS\AndroidAPSApril26\core\ui\build\intermediates\packaged_res\fullDebug\packageFullDebugResources\values-vi-rVN\values-vi-rVN.xml:724:4: Multiple substitutions specified in non-positional format of string resource string/scene_wizard_info_luteal_phase. Did you mean to add the formatted="false" attribute?
C:\Users\craig\StudioProjects\AndroidAPS\AndroidAPSApril26\core\ui\build\intermediates\packaged_res\fullDebug\packageFullDebugResources\values-vi-rVN\values-vi-rVN.xml:728:4: Multiple substitutions specified in non-positional format of string resource string/scene_wizard_info_sick_day. Did you mean to add the formatted="false" attribute?
C:\Users\craig\StudioProjects\AndroidAPS\AndroidAPSApril26\core\ui\build\intermediates\packaged_res\fullDebug\packageFullDebugResources\values-vi-rVN\values-vi-rVN.xml:737:4: Multiple substitutions specified in non-positional format of string resource string/scene_wizard_profile_info. Did you mean to add the formatted="false" attribute?

> Task :pump:rileylink:mergeFullDebugUnitTestResources
C:\Users\craig\StudioProjects\AndroidAPS\AndroidAPSApril26\core\ui\build\intermediates\packaged_res\fullDebug\packageFullDebugResources\values-ru-rRU\values-ru-rRU.xml:406:4: Multiple substitutions specified in non-positional format of string resource string/temp_basal_percent_rate. Did you mean to add the formatted="false" attribute?
C:\Users\craig\StudioProjects\AndroidAPS\AndroidAPSApril26\core\ui\build\intermediates\packaged_res\fullDebug\packageFullDebugResources\values-zh-rTW\values-zh-rTW.xml:724:4: Multiple substitutions specified in non-positional format of string resource string/scene_wizard_info_luteal_phase. Did you mean to add the formatted="false" attribute?
C:\Users\craig\StudioProjects\AndroidAPS\AndroidAPSApril26\core\ui\build\intermediates\packaged_res\fullDebug\packageFullDebugResources\values-zh-rTW\values-zh-rTW.xml:728:4: Multiple substitutions specified in non-positional format of string resource string/scene_wizard_info_sick_day. Did you mean to add the formatted="false" attribute?
C:\Users\craig\StudioProjects\AndroidAPS\AndroidAPSApril26\core\ui\build\intermediates\packaged_res\fullDebug\packageFullDebugResources\values-zh-rTW\values-zh-rTW.xml:737:4: Multiple substitutions specified in non-positional format of string resource string/scene_wizard_profile_info. Did you mean to add the formatted="false" attribute?
C:\Users\craig\StudioProjects\AndroidAPS\AndroidAPSApril26\core\ui\build\intermediates\packaged_res\fullDebug\packageFullDebugResources\values-it-rIT\values-it-rIT.xml:727:4: Multiple substitutions specified in non-positional format of string resource string/scene_wizard_info_luteal_phase. Did you mean to add the formatted="false" attribute?
C:\Users\craig\StudioProjects\AndroidAPS\AndroidAPSApril26\core\ui\build\intermediates\packaged_res\fullDebug\packageFullDebugResources\values-it-rIT\values-it-rIT.xml:731:4: Multiple substitutions specified in non-positional format of string resource string/scene_wizard_info_sick_day. Did you mean to add the formatted="false" attribute?
C:\Users\craig\StudioProjects\AndroidAPS\AndroidAPSApril26\core\ui\build\intermediates\packaged_res\fullDebug\packageFullDebugResources\values-it-rIT\values-it-rIT.xml:740:4: Multiple substitutions specified in non-positional format of string resource string/scene_wizard_profile_info. Did you mean to add the formatted="false" attribute?
C:\Users\craig\StudioProjects\AndroidAPS\AndroidAPSApril26\core\ui\build\intermediates\packaged_res\fullDebug\packageFullDebugResources\values-zh-rCN\values-zh-rCN.xml:726:4: Multiple substitutions specified in non-positional format of string resource string/scene_wizard_info_luteal_phase. Did you mean to add the formatted="false" attribute?
C:\Users\craig\StudioProjects\AndroidAPS\AndroidAPSApril26\core\ui\build\intermediates\packaged_res\fullDebug\packageFullDebugResources\values-zh-rCN\values-zh-rCN.xml:730:4: Multiple substitutions specified in non-positional format of string resource string/scene_wizard_info_sick_day. Did you mean to add the formatted="false" attribute?
C:\Users\craig\StudioProjects\AndroidAPS\AndroidAPSApril26\core\ui\build\intermediates\packaged_res\fullDebug\packageFullDebugResources\values-zh-rCN\values-zh-rCN.xml:739:4: Multiple substitutions specified in non-positional format of string resource string/scene_wizard_profile_info. Did you mean to add the formatted="false" attribute?
C:\Users\craig\StudioProjects\AndroidAPS\AndroidAPSApril26\core\ui\build\intermediates\packaged_res\fullDebug\packageFullDebugResources\values-fr-rFR\values-fr-rFR.xml:727:4: Multiple substitutions specified in non-positional format of string resource string/scene_wizard_info_luteal_phase. Did you mean to add the formatted="false" attribute?
C:\Users\craig\StudioProjects\AndroidAPS\AndroidAPSApril26\core\ui\build\intermediates\packaged_res\fullDebug\packageFullDebugResources\values-fr-rFR\values-fr-rFR.xml:731:4: Multiple substitutions specified in non-positional format of string resource string/scene_wizard_info_sick_day. Did you mean to add the formatted="false" attribute?
C:\Users\craig\StudioProjects\AndroidAPS\AndroidAPSApril26\core\ui\build\intermediates\packaged_res\fullDebug\packageFullDebugResources\values-fr-rFR\values-fr-rFR.xml:740:4: Multiple substitutions specified in non-positional format of string resource string/scene_wizard_profile_info. Did you mean to add the formatted="false" attribute?
C:\Users\craig\StudioProjects\AndroidAPS\AndroidAPSApril26\core\ui\build\intermediates\packaged_res\fullDebug\packageFullDebugResources\values-vi-rVN\values-vi-rVN.xml:724:4: Multiple substitutions specified in non-positional format of string resource string/scene_wizard_info_luteal_phase. Did you mean to add the formatted="false" attribute?
C:\Users\craig\StudioProjects\AndroidAPS\AndroidAPSApril26\core\ui\build\intermediates\packaged_res\fullDebug\packageFullDebugResources\values-vi-rVN\values-vi-rVN.xml:728:4: Multiple substitutions specified in non-positional format of string resource string/scene_wizard_info_sick_day. Did you mean to add the formatted="false" attribute?
C:\Users\craig\StudioProjects\AndroidAPS\AndroidAPSApril26\core\ui\build\intermediates\packaged_res\fullDebug\packageFullDebugResources\values-vi-rVN\values-vi-rVN.xml:737:4: Multiple substitutions specified in non-positional format of string resource string/scene_wizard_profile_info. Did you mean to add the formatted="false" attribute?

> Task :pump:common:kspFullDebugKotlin

> Task :pump:equil-emulator:mergeFullDebugUnitTestResources
C:\Users\craig\StudioProjects\AndroidAPS\AndroidAPSApril26\core\ui\build\intermediates\packaged_res\fullDebug\packageFullDebugResources\values-vi-rVN\values-vi-rVN.xml:724:4: Multiple substitutions specified in non-positional format of string resource string/scene_wizard_info_luteal_phase. Did you mean to add the formatted="false" attribute?
C:\Users\craig\StudioProjects\AndroidAPS\AndroidAPSApril26\core\ui\build\intermediates\packaged_res\fullDebug\packageFullDebugResources\values-vi-rVN\values-vi-rVN.xml:728:4: Multiple substitutions specified in non-positional format of string resource string/scene_wizard_info_sick_day. Did you mean to add the formatted="false" attribute?
C:\Users\craig\StudioProjects\AndroidAPS\AndroidAPSApril26\core\ui\build\intermediates\packaged_res\fullDebug\packageFullDebugResources\values-vi-rVN\values-vi-rVN.xml:737:4: Multiple substitutions specified in non-positional format of string resource string/scene_wizard_profile_info. Did you mean to add the formatted="false" attribute?
C:\Users\craig\StudioProjects\AndroidAPS\AndroidAPSApril26\core\ui\build\intermediates\packaged_res\fullDebug\packageFullDebugResources\values-ru-rRU\values-ru-rRU.xml:406:4: Multiple substitutions specified in non-positional format of string resource string/temp_basal_percent_rate. Did you mean to add the formatted="false" attribute?
C:\Users\craig\StudioProjects\AndroidAPS\AndroidAPSApril26\core\ui\build\intermediates\packaged_res\fullDebug\packageFullDebugResources\values-zh-rCN\values-zh-rCN.xml:726:4: Multiple substitutions specified in non-positional format of string resource string/scene_wizard_info_luteal_phase. Did you mean to add the formatted="false" attribute?
C:\Users\craig\StudioProjects\AndroidAPS\AndroidAPSApril26\core\ui\build\intermediates\packaged_res\fullDebug\packageFullDebugResources\values-zh-rCN\values-zh-rCN.xml:730:4: Multiple substitutions specified in non-positional format of string resource string/scene_wizard_info_sick_day. Did you mean to add the formatted="false" attribute?
C:\Users\craig\StudioProjects\AndroidAPS\AndroidAPSApril26\core\ui\build\intermediates\packaged_res\fullDebug\packageFullDebugResources\values-zh-rCN\values-zh-rCN.xml:739:4: Multiple substitutions specified in non-positional format of string resource string/scene_wizard_profile_info. Did you mean to add the formatted="false" attribute?

> Task :plugins:smoothing:kspFullDebugKotlin
> Task :database:persistence:processFullDebugJavaRes
> Task :core:ui:processFullDebugJavaRes
> Task :database:impl:compileFullDebugUnitTestJavaWithJavac NO-SOURCE
> Task :core:ui:compileFullDebugUnitTestKotlin NO-SOURCE
> Task :core:ui:compileFullDebugUnitTestJavaWithJavac NO-SOURCE
> Task :core:ui:processFullDebugUnitTestJavaRes NO-SOURCE
> Task :core:ui:testFullDebugUnitTest NO-SOURCE
> Task :database:persistence:kspFullDebugUnitTestKotlin NO-SOURCE
> Task :database:persistence:compileFullDebugUnitTestKotlin NO-SOURCE
> Task :database:persistence:compileFullDebugUnitTestJavaWithJavac NO-SOURCE
> Task :database:persistence:processFullDebugUnitTestJavaRes NO-SOURCE
> Task :pump:eopatch:packageFullDebugUnitTestForUnitTest
> Task :pump:eopatch:generateFullDebugUnitTestConfig
> Task :database:impl:processFullDebugUnitTestJavaRes

> Task :plugins:smoothing:compileFullDebugKotlin
w: file:///C:/Users/craig/StudioProjects/AndroidAPS/AndroidAPSApril26/plugins/smoothing/src/main/kotlin/app/aaps/plugins/smoothing/AdaptiveSmoothingPlugin.kt:130:22 This declaration is in a preview state and can be changed in a backwards-incompatible manner with a best-effort migration. Its usage should be marked with '@kotlinx.coroutines.FlowPreview' or '@OptIn(kotlinx.coroutines.FlowPreview::class)' if you accept the drawback of relying on preview API

> Task :core:objects:compileFullDebugKotlin
> Task :database:persistence:bundleLibRuntimeToJarFullDebug
> Task :database:persistence:testFullDebugUnitTest NO-SOURCE
> Task :pump:equil:javaPreCompileFullDebugUnitTest
> Task :pump:dana:kspFullDebugKotlin
> Task :pump:equil-emulator:processFullDebugUnitTestManifest
> Task :core:objects:compileFullDebugJavaWithJavac
> Task :pump:common:compileFullDebugKotlin
> Task :core:objects:bundleLibCompileToJarFullDebug
> Task :core:objects:bundleLibRuntimeToJarFullDebug
> Task :pump:omnipod:common:kspFullDebugKotlin
> Task :plugins:smoothing:compileFullDebugJavaWithJavac
> Task :pump:rileylink:kspFullDebugKotlin

> Task :database:impl:testFullDebugUnitTest

HeartRateTest > contentEqualsTo_notEquals() STARTED

HeartRateTest > contentEqualsTo_equals() STARTED

CancelTherapyEventTransactionTest > does nothing when row is invalid() STARTED

CgmSourceTransactionTest > does not insert calibration if already exists() STARTED

CancelCurrentTemporaryTargetIfAnyTransactionTest > does not cancel when no running temporary target() STARTED

CancelRunningModeTransactionTest > does nothing when row is invalid() STARTED

> Task :pump:equil:processFullDebugUnitTestResources
> Task :pump:dana:compileFullDebugKotlin
> Task :pump:insight:kspFullDebugKotlin
> Task :plugins:configuration:kspFullDebugKotlin

> Task :database:impl:testFullDebugUnitTest

CgmSourceTransactionTest > does not insert sensor insertion if already exists() STARTED

CgmSourceTransactionTest > inserts new glucose value when not found() STARTED

CgmSourceTransactionTest > updates nsId when provided but not present in existing() STARTED

> Task :plugins:sensitivity:kspFullDebugKotlin

> Task :database:impl:testFullDebugUnitTest

CgmSourceTransactionTest > handles multiple glucose values() STARTED

CgmSourceTransactionTest > inserts sensor insertion as therapy event() STARTED

CgmSourceTransactionTest > inserts calibration as therapy event() STARTED

CgmSourceTransactionTest > preserves nsId from existing when not provided in new() STARTED

CgmSourceTransactionTest > updates glucose value when content changes() STARTED

CgmSourceTransactionTest > preserves invalid status from existing() STARTED

InsertIfNewByTimestampTherapyEventTransactionTest > inserts new therapy event when not found by timestamp and type() STARTED

InsertIfNewByTimestampTherapyEventTransactionTest > does not insert when therapy event exists by timestamp and type() STARTED

CancelTherapyEventTransactionTest > does nothing when row already finished() STARTED

CancelTherapyEventTransactionTest > cuts active temporary therapy event() STARTED

CancelTherapyEventTransactionTest > does nothing when row started at or after timestamp() STARTED

CancelTherapyEventTransactionTest > cuts indefinite therapy event (duration=Long MAX_VALUE) to finite() STARTED

CancelTherapyEventTransactionTest > does nothing when id is missing() STARTED

InsertIfNewByTimestampCarbsTransactionTest > inserts carbs when timestamp not found() STARTED

InsertIfNewByTimestampCarbsTransactionTest > preserves all carbs fields when inserting() STARTED

InsertIfNewByTimestampCarbsTransactionTest > inserts carbs with zero amount() STARTED

InsertIfNewByTimestampCarbsTransactionTest > handles different amounts at same timestamp() STARTED

InsertIfNewByTimestampCarbsTransactionTest > transaction result has correct structure() STARTED

InsertIfNewByTimestampCarbsTransactionTest > does not insert invalid carbs when timestamp exists() STARTED

InsertIfNewByTimestampCarbsTransactionTest > handles carbs with notes when timestamp not found() STARTED

InsertIfNewByTimestampCarbsTransactionTest > inserts carbs with extended duration() STARTED

InsertIfNewByTimestampCarbsTransactionTest > inserts invalid carbs when timestamp not found() STARTED

InsertIfNewByTimestampCarbsTransactionTest > does not insert when timestamp exists() STARTED

InsertIfNewByTimestampCarbsTransactionTest > checks timestamp equality exactly() STARTED

InsertOrUpdateCarbsTransactionTest > updates carbs with different amounts() STARTED

InsertOrUpdateCarbsTransactionTest > inserts carbs with notes() STARTED

InsertOrUpdateCarbsTransactionTest > handles carbs with zero amount() STARTED

InsertOrUpdateCarbsTransactionTest > preserves carbs timestamp on update() STARTED

InsertOrUpdateCarbsTransactionTest > transaction result has correct structure() STARTED

> Task :pump:eopatch:kspFullDebugKotlin
> Task :pump:equil-emulator:processFullDebugUnitTestResources

> Task :database:impl:testFullDebugUnitTest

InsertOrUpdateCarbsTransactionTest > updates existing carbs when id found() STARTED

InsertOrUpdateCarbsTransactionTest > handles carbs without duration() STARTED

InsertOrUpdateCarbsTransactionTest > handles carbs with extended duration() STARTED

InsertOrUpdateCarbsTransactionTest > updates invalid carbs() STARTED

InsertOrUpdateCarbsTransactionTest > inserts new carbs when id not found() STARTED

InsertOrUpdateTherapyEventTransactionTest > updates existing therapy event when id found() STARTED

InsertOrUpdateTherapyEventTransactionTest > inserts different therapy event types() STARTED

InsertOrUpdateTherapyEventTransactionTest > transaction result has correct structure() STARTED

InsertOrUpdateTherapyEventTransactionTest > inserts new therapy event when id not found() STARTED

InvalidateExtendedBolusTransactionTest > does not update already invalid extended bolus() STARTED

InsertOrUpdateFoodTransactionTest > inserts new food when id not found() STARTED

InsertOrUpdateFoodTransactionTest > inserts invalid food() STARTED

InsertOrUpdateFoodTransactionTest > updates existing food when id found() STARTED

InsertOrUpdateFoodTransactionTest > updates food carbs value() STARTED

InsertTemporaryBasalWithTempIdTransactionTest > inserts new temporary basal when not found by temp id() STARTED

InvalidateExtendedBolusTransactionTest > invalidates valid extended bolus() STARTED

InvalidateExtendedBolusTransactionTest > throws exception when extended bolus not found() STARTED

InvalidateTemporaryBasalTransactionWithPumpIdTest > does not update already invalid temporary basal() STARTED

InsertTemporaryBasalWithTempIdTransactionTest > does not insert when temporary basal already exists by temp id() STARTED

InvalidateFoodTransactionTest > invalidates valid food() STARTED

InvalidateFoodTransactionTest > throws exception when food not found() STARTED

InvalidateFoodTransactionTest > does not update already invalid food() STARTED

InvalidateTemporaryBasalWithTempIdTransactionTest > invalidates valid temporary basal by temp id() STARTED

InvalidateTemporaryBasalWithTempIdTransactionTest > does not update already invalid temporary basal() STARTED

InvalidateTemporaryBasalTransactionWithPumpIdTest > invalidates valid temporary basal by pump ids() STARTED

CancelCurrentTemporaryTargetIfAnyTransactionTest > cancels running temporary target() STARTED

InvalidateTemporaryBasalTransactionWithPumpIdTest > throws exception when temporary basal not found() STARTED

SyncNsBolusCalculatorResultTransactionTest > invalidates when valid becomes invalid() STARTED

InvalidateTemporaryBasalWithTempIdTransactionTest > throws exception when temporary basal not found() STARTED

SyncNsBolusTransactionTest > does not invalidate already invalid bolus() STARTED

InsertAndCancelCurrentTemporaryTargetTransactionTest > inserts new target when no active target() STARTED

SyncNsBolusCalculatorResultTransactionTest > updates nsId when timestamp matches but nsId is null() STARTED

SyncNsBolusCalculatorResultTransactionTest > inserts new when nsId not found and no timestamp match() STARTED

InsertAndCancelCurrentTemporaryTargetTransactionTest > preserves new target properties() STARTED

SyncNsProfileSwitchTransactionTest > cuts permanent (duration=0) to finite when incoming is positive() STARTED

InsertAndCancelCurrentTemporaryTargetTransactionTest > transaction result has correct structure() STARTED

InsertAndCancelCurrentTemporaryTargetTransactionTest > handles overlapping targets correctly() STARTED

InsertAndCancelCurrentTemporaryTargetTransactionTest > inserts new target and cancels active target() STARTED

InsertAndCancelCurrentTemporaryTargetTransactionTest > sets end time exactly to new target timestamp() STARTED

InsertOrUpdateBolusCalculatorResultTransactionTest > inserts bolus calculator result with carbs() STARTED

SyncNsProfileSwitchTransactionTest > updates duration to shorter when duration changes() STARTED

SyncNsBolusTransactionTest > does not update when nsId exists and amount is same() STARTED

SyncNsProfileSwitchTransactionTest > does not lengthen finite to permanent (incoming duration=0)() STARTED

SyncNsBolusTransactionTest > falls back to timestamp when partial pump data is null() STARTED

SyncNsProfileSwitchTransactionTest > does not update duration to longer() STARTED

SyncNsProfileSwitchTransactionTest > inserts new when timestamp matches but existing has different nsId() STARTED

SyncNsProfileSwitchTransactionTest > inserts new profile switch when nsId not found and no timestamp match() STARTED

SyncNsProfileSwitchTransactionTest > updates nsId when timestamp matches but nsId is null() STARTED

InsertOrUpdateBolusCalculatorResultTransactionTest > updates total insulin value() STARTED

SyncNsProfileSwitchTransactionTest > invalidates profile switch when valid becomes invalid() STARTED

InsertOrUpdateBolusCalculatorResultTransactionTest > updates existing bolus calculator result when id found() STARTED

SyncPumpCancelExtendedBolusIfAnyTransactionTest > does not cancel if running already has end id() STARTED

SyncPumpCancelExtendedBolusIfAnyTransactionTest > cancels running extended bolus with proportional amount() STARTED

InsertOrUpdateBolusCalculatorResultTransactionTest > inserts new bolus calculator result when id not found() STARTED

InsertOrUpdateProfileSwitchTransactionTest > updates profile switch percentage() STARTED

SyncPumpCancelExtendedBolusIfAnyTransactionTest > does not cancel if no running extended bolus() STARTED

SyncPumpCancelExtendedBolusIfAnyTransactionTest > does not cancel if already cancelled by end id() STARTED

UpdateGlucoseValueTransactionTest > updates glucose value() STARTED

SyncNsBolusTransactionTest > inserts both records when same pumpId but different pumpType() STARTED

SyncNsBolusTransactionTest > updates amount when nsId exists and amount differs() STARTED

SyncNsBolusTransactionTest > transaction result has correct structure() STARTED

SyncNsBolusTransactionTest > skips bolus with null nsId when no timestamp match() STARTED

UpdateNsIdExtendedBolusTransactionTest > does not update when NS ID is same() STARTED

InsertOrUpdateProfileSwitchTransactionTest > inserts profile switch with timeshift() STARTED

UpdateNsIdExtendedBolusTransactionTest > updates NS ID when different() STARTED

SyncNsBolusTransactionTest > inserts new bolus when nsId not found and no timestamp match() STARTED

InsertOrUpdateProfileSwitchTransactionTest > updates existing profile switch when id found() STARTED

UpdateNsIdExtendedBolusTransactionTest > skips when extended bolus not found() STARTED

CancelRunningModeTransactionTest > does nothing when row already finished() STARTED

SyncNsBolusTransactionTest > updates both amount and validity when timestamp matches() STARTED

UpdateNsIdTemporaryTargetTransactionTest > handles empty list() STARTED

CancelRunningModeTransactionTest > cuts indefinite running mode (duration=Long MAX_VALUE) to finite() STARTED

SyncNsBolusTransactionTest > syncs multiple boluses() STARTED

InsertOrUpdateProfileSwitchTransactionTest > inserts new profile switch when id not found() STARTED

SyncNsBolusTransactionTest > invalidates bolus when nsId exists and incoming is invalid() STARTED

CancelRunningModeTransactionTest > cuts permanent running mode (duration=0)() STARTED

InvalidateBolusTransactionTest > does not update already invalid bolus() STARTED

SyncNsBolusTransactionTest > updates nsId when composite key matches but nsId not in DB() STARTED

CancelRunningModeTransactionTest > cuts active temporary running mode() STARTED

CancelRunningModeTransactionTest > does nothing when row started at or after timestamp() STARTED

SyncNsBolusTransactionTest > updates nsId when timestamp matches but nsId is null() STARTED

CancelRunningModeTransactionTest > does nothing when id is missing() STARTED

UpdateNsIdTemporaryTargetTransactionTest > skips when temporary target not found() STARTED

SyncNsBolusTransactionTest > ignores duplicate NS record when composite key has different nsId() STARTED

InsertEffectiveProfileSwitchTransactionTest > inserts effective profile switch() STARTED

UpdateNsIdTemporaryTargetTransactionTest > updates multiple temporary targets() STARTED

SyncNsBolusTransactionTest > handles empty bolus list() STARTED

UpdateNsIdTemporaryTargetTransactionTest > does not update when NS ID is same() STARTED

SyncNsBolusTransactionTest > handles both invalidation and amount update() STARTED

SyncNsRunningModeTransactionTest > cuts permanent (duration=0) to finite when incoming is positive() STARTED

UpdateNsIdTemporaryTargetTransactionTest > updates NS ID when different() STARTED

UpdateNsIdTemporaryTargetTransactionTest > updates from null to actual NS ID() STARTED

> Task :plugins:constraints:kspFullDebugKotlin
> Task :wear:compileFullDebugKotlin
> Task :plugins:main:kspFullDebugKotlin
> Task :plugins:smoothing:bundleLibCompileToJarFullDebug

> Task :database:impl:testFullDebugUnitTest

InvalidateBolusTransactionTest > invalidates SMB bolus() STARTED

InvalidateBolusTransactionTest > transaction result has correct structure() STARTED

InvalidateBolusTransactionTest > invalidates normal bolus() STARTED

InvalidateBolusTransactionTest > throws exception when bolus not found() STARTED

InsertOrUpdateCachedTotalDailyDoseTransactionTest > inserts new TDD when not found by timestamp() STARTED

SyncNsRunningModeTransactionTest > invalidates when valid becomes invalid() STARTED

InvalidateBolusTransactionTest > invalidates valid bolus() STARTED

InvalidateBolusTransactionTest > preserves bolus amount when invalidating() STARTED

SyncNsRunningModeTransactionTest > updates duration to shorter when duration changes() STARTED

SyncNsRunningModeTransactionTest > does not lengthen finite to permanent (incoming duration=0)() STARTED

InvalidateProfileSwitchTransactionTest > does not update already invalid profile switch() STARTED

SyncNsRunningModeTransactionTest > skips duration update when current row is autoForced and not nsClientMode() STARTED

InvalidateProfileSwitchTransactionTest > invalidates valid profile switch() STARTED

InvalidateProfileSwitchTransactionTest > throws exception when profile switch not found() STARTED

SyncNsRunningModeTransactionTest > accepts duration cut on autoForced row in nsClientMode() STARTED

SyncNsRunningModeTransactionTest > does not update duration to longer() STARTED

InvalidateTherapyEventTransactionTest > does not update already invalid therapy event() STARTED

SyncNsRunningModeTransactionTest > updates nsId when timestamp matches but nsId is null() STARTED

SyncNsRunningModeTransactionTest > inserts new when nsId not found and no timestamp match() STARTED

InsertOrUpdateCachedTotalDailyDoseTransactionTest > updates existing TDD when carbs changed() STARTED

SyncPumpCancelTemporaryBasalIfAnyTransactionTest > cancels running temporary basal() STARTED

InsertOrUpdateCachedTotalDailyDoseTransactionTest > does not update when all fields are same() STARTED

InsertOrUpdateCachedTotalDailyDoseTransactionTest > updates existing TDD when total amount changed() STARTED

SyncPumpCancelTemporaryBasalIfAnyTransactionTest > does not cancel if no running temporary basal() STARTED

InsertOrUpdateCachedTotalDailyDoseTransactionTest > updates existing TDD when bolus amount changed() STARTED

SyncPumpCancelTemporaryBasalIfAnyTransactionTest > does not cancel if already cancelled by end id() STARTED

InsertOrUpdateCachedTotalDailyDoseTransactionTest > updates multiple fields when changed() STARTED

SyncPumpCancelTemporaryBasalIfAnyTransactionTest > sets duration to 1 when timestamp equals start() STARTED

InsertOrUpdateCachedTotalDailyDoseTransactionTest > updates existing TDD when basal amount changed() STARTED

UpdateNsIdBolusCalculatorResultTransactionTest > does not update when NS ID is same() STARTED

InsertOrUpdateStepsCountTransactionTest > inserts new steps count when id is 0() STARTED

InvalidateTherapyEventTransactionTest > preserves event type when invalidating() STARTED

InvalidateTherapyEventTransactionTest > invalidates valid therapy event() STARTED

InvalidateTherapyEventTransactionTest > throws exception when therapy event not found() STARTED

SyncNsEffectiveProfileSwitchTransactionTest > invalidates when valid becomes invalid() STARTED

UpdateNsIdBolusCalculatorResultTransactionTest > skips when bolus calculator result not found() STARTED

UpdateNsIdBolusCalculatorResultTransactionTest > updates NS ID when different() STARTED

InsertOrUpdateStepsCountTransactionTest > updates steps count values() STARTED

InsertOrUpdateStepsCountTransactionTest > updates existing steps count when id found() STARTED

UpdateNsIdFoodTransactionTest > does not update when NS ID is same() STARTED

InsertOrUpdateStepsCountTransactionTest > inserts new steps count when id not found() STARTED

UpdateNsIdFoodTransactionTest > updates NS ID when different() STARTED

SyncNsEffectiveProfileSwitchTransactionTest > updates nsId when timestamp matches but nsId is null() STARTED

UpdateNsIdFoodTransactionTest > skips when food not found() STARTED

SyncNsEffectiveProfileSwitchTransactionTest > inserts new when nsId not found and no timestamp match() STARTED

InvalidateEffectiveProfileSwitchTransactionTest > throws exception when effective profile switch not found() STARTED

InvalidateEffectiveProfileSwitchTransactionTest > invalidates valid effective profile switch() STARTED

InvalidateEffectiveProfileSwitchTransactionTest > does not update already invalid effective profile switch() STARTED

InvalidateTemporaryBasalTransactionTest > does not update already invalid temporary basal() STARTED

SyncNsTemporaryTargetTransactionTest > inserts new temporary target when nsId not found and no active target() STARTED

SyncNsTemporaryTargetTransactionTest > does not update when duration is same() STARTED

SyncNsTemporaryTargetTransactionTest > updates duration to shorter when duration changes() STARTED

SyncNsTemporaryTargetTransactionTest > updates nsId when active target at same timestamp() STARTED

SyncNsTemporaryTargetTransactionTest > handles multiple temporary targets() STARTED

UpdateNsIdTherapyEventTransactionTest > handles empty list() STARTED

SyncNsTemporaryTargetTransactionTest > invalidates temporary target when valid becomes invalid() STARTED

UpdateNsIdTherapyEventTransactionTest > does not update when NS ID is same() STARTED

SyncNsTemporaryTargetTransactionTest > ends running target and inserts new when timestamps differ significantly() STARTED

UpdateNsIdTherapyEventTransactionTest > updates NS ID when different() STARTED

SyncNsTemporaryTargetTransactionTest > does not update duration to longer() STARTED

UpdateNsIdTherapyEventTransactionTest > skips when therapy event not found() STARTED

SyncNsTemporaryTargetTransactionTest > ends running target when receiving ending event() STARTED

SyncNsTemporaryTargetTransactionTest > does nothing when ending event but no running target() STARTED

SyncPumpTemporaryBasalTransactionTest > does not update when values are same() STARTED

InvalidateTemporaryBasalTransactionTest > throws exception when temporary basal not found() STARTED

InvalidateTemporaryBasalTransactionTest > invalidates valid temporary basal() STARTED

SyncBolusWithTempIdTransactionTest > does not update when not found by temp id() STARTED

SyncPumpTemporaryBasalTransactionTest > inserts new temporary basal when not found by pump ids() STARTED

SyncPumpTemporaryBasalTransactionTest > ends running temporary basal and inserts new when not found by pump id() STARTED

SyncPumpTemporaryBasalTransactionTest > updates existing temporary basal when found by pump ids() STARTED

SyncPumpTemporaryBasalTransactionTest > updates type when provided() STARTED

SyncBolusWithTempIdTransactionTest > updates existing bolus when found by temp id() STARTED

UpdateNsIdCarbsTransactionTest > does not update when NS ID is same() STARTED

SyncBolusWithTempIdTransactionTest > updates type when provided() STARTED

SyncNsFoodTransactionTest > invalidates food when valid becomes invalid() STARTED

UpdateNsIdCarbsTransactionTest > updates multiple carbs() STARTED

UpdateNsIdCarbsTransactionTest > handles empty carbs list() STARTED

UpdateNsIdCarbsTransactionTest > preserves carbs amount when updating NS ID() STARTED

UpdateNsIdCarbsTransactionTest > updates from null NS ID to actual value() STARTED

UpdateNsIdCarbsTransactionTest > updates NS ID when different() STARTED

> Task :plugins:sensitivity:compileFullDebugKotlin

> Task :database:impl:testFullDebugUnitTest

UpdateNsIdCarbsTransactionTest > skips when carbs not found() STARTED

SyncNsFoodTransactionTest > updates food when content changes() STARTED

UpdateNsIdProfileSwitchTransactionTest > does not update when NS ID is same() STARTED

UpdateNsIdProfileSwitchTransactionTest > updates NS ID when different() STARTED

SyncNsFoodTransactionTest > does not update when content is same() STARTED

UpdateNsIdProfileSwitchTransactionTest > skips when profile switch not found() STARTED

SyncNsFoodTransactionTest > inserts new food when nsId not found() STARTED

VersionChangeTransactionTest > inserts version change when version name changes() STARTED

SyncNsFoodTransactionTest > handles multiple foods() STARTED

SyncPumpBolusTransactionTest > inserts new bolus when not found by pump ids() STARTED

VersionChangeTransactionTest > inserts version change when commit hash changes() STARTED

VersionChangeTransactionTest > inserts version change when version code changes() STARTED

SyncPumpBolusTransactionTest > does not update when values are same() STARTED

VersionChangeTransactionTest > inserts version change when no previous version exists() STARTED

SyncPumpBolusTransactionTest > updates bolus type when provided() STARTED

VersionChangeTransactionTest > inserts version change when git remote changes() STARTED

SyncPumpBolusTransactionTest > updates existing bolus when found by pump ids() STARTED

VersionChangeTransactionTest > does not insert version change when all values are same() STARTED

SyncTemporaryBasalWithTempIdTransactionTest > does not update when not found by temp id() STARTED

SyncTemporaryBasalWithTempIdTransactionTest > updates existing temporary basal when found by temp id() STARTED

SyncTemporaryBasalWithTempIdTransactionTest > updates type when provided() STARTED

UpdateNsIdEffectiveProfileSwitchTransactionTest > does not update when NS ID is same() STARTED

UpdateNsIdEffectiveProfileSwitchTransactionTest > skips when effective profile switch not found() STARTED

UpdateNsIdEffectiveProfileSwitchTransactionTest > updates NS ID when different() STARTED

UpdateNsIdTemporaryBasalTransactionTest > skips when temporary basal not found() STARTED

UpdateNsIdTemporaryBasalTransactionTest > does not update when NS ID is same() STARTED

UpdateNsIdTemporaryBasalTransactionTest > updates NS ID when different() STARTED

> Task :implementation:kspFullDebugKotlin
> Task :core:graph:compileFullDebugKotlin
> Task :plugins:sensitivity:compileFullDebugJavaWithJavac
> Task :plugins:automation:kspFullDebugKotlin
> Task :plugins:sensitivity:bundleLibCompileToJarFullDebug
> Task :workflow:kspFullDebugKotlin
> Task :plugins:configuration:compileFullDebugKotlin

> Task :database:impl:testFullDebugUnitTest

CancelProfileSwitchTransactionTest > cuts active temporary profile switch() STARTED

> Task :pump:combov2:kspFullDebugKotlin
> Task :core:graph:compileFullDebugJavaWithJavac NO-SOURCE

> Task :database:impl:testFullDebugUnitTest

CancelCurrentTemporaryRunningModeIfAnyTransactionTest > does not cancel when no running temporary running mode() STARTED

> Task :core:graph:bundleLibCompileToJarFullDebug
> Task :plugins:main:compileFullDebugKotlin
> Task :pump:common:compileFullDebugJavaWithJavac
> Task :plugins:configuration:compileFullDebugJavaWithJavac
> Task :plugins:main:compileFullDebugJavaWithJavac

> Task :database:impl:testFullDebugUnitTest

CancelProfileSwitchTransactionTest > does nothing when row is invalid() STARTED

> Task :plugins:constraints:compileFullDebugKotlin
> Task :plugins:configuration:transformFullDebugClassesWithAsm

> Task :database:impl:testFullDebugUnitTest

CancelProfileSwitchTransactionTest > does nothing when row already finished() STARTED

CancelProfileSwitchTransactionTest > cuts permanent profile switch (duration=0)() STARTED

CancelProfileSwitchTransactionTest > does nothing when row started at or after timestamp() STARTED

CancelProfileSwitchTransactionTest > does nothing when id is missing() STARTED

InsertBolusWithTempIdTransactionTest > inserts new bolus when not found by temp id() STARTED

InsertBolusWithTempIdTransactionTest > does not insert when bolus already exists by temp id() STARTED

InsertOrUpdateBolusTransactionTest > inserts invalid bolus() STARTED

InsertOrUpdateBolusTransactionTest > inserts SMB bolus() STARTED

InsertOrUpdateBolusTransactionTest > transaction result has correct structure() STARTED

InsertOrUpdateBolusTransactionTest > updates existing bolus when id found() STARTED

InsertOrUpdateBolusTransactionTest > updates bolus amount() STARTED

InsertOrUpdateBolusTransactionTest > inserts new bolus when id not found() STARTED

InsertOrUpdateRunningModeTransactionTest > inserts new running mode when id not found() STARTED

InsertOrUpdateRunningModeTransactionTest > inserts running mode with duration() STARTED

InsertOrUpdateRunningModeTransactionTest > updates running mode type() STARTED

InsertOrUpdateRunningModeTransactionTest > updates existing running mode when id found() STARTED

InvalidateCarbsTransactionTest > does not update already invalid carbs() STARTED

InvalidateCarbsTransactionTest > preserves carbs amount and timestamp when invalidating() STARTED

InvalidateCarbsTransactionTest > transaction result has correct structure() STARTED

InvalidateCarbsTransactionTest > throws exception when carbs not found() STARTED

InvalidateCarbsTransactionTest > invalidates valid carbs() STARTED

InvalidateCarbsTransactionTest > invalidates extended carbs with duration() STARTED

InvalidateRunningModeTransactionTest > does not update already invalid running mode() STARTED

InvalidateRunningModeTransactionTest > throws exception when running mode not found() STARTED

InvalidateRunningModeTransactionTest > invalidates valid running mode() STARTED

InvalidateTherapyEventsWithNoteTransactionTest > invalidates events with matching note() STARTED

> Task :plugins:main:bundleLibCompileToJarFullDebug
> Task :core:graph:bundleLibRuntimeToJarFullDebug
> Task :pump:common:bundleLibCompileToJarFullDebug
> Task :plugins:constraints:compileFullDebugJavaWithJavac

> Task :database:impl:testFullDebugUnitTest

InvalidateTherapyEventsWithNoteTransactionTest > handles events with null notes() STARTED

InvalidateTherapyEventsWithNoteTransactionTest > does not invalidate already invalid events() STARTED

InvalidateTherapyEventsWithNoteTransactionTest > handles empty event list() STARTED

InvalidateTherapyEventsWithNoteTransactionTest > does not invalidate events without matching note() STARTED

SyncNsExtendedBolusTransactionTest > ends running bolus with proportional amount and inserts new() STARTED

SyncNsExtendedBolusTransactionTest > invalidates when valid becomes invalid() STARTED

SyncNsExtendedBolusTransactionTest > inserts new when nsId not found and no active bolus() STARTED

SyncNsExtendedBolusTransactionTest > inserts both records when same pumpId but different pumpType() STARTED

SyncNsExtendedBolusTransactionTest > falls back to active check when partial pump data is null() STARTED

SyncNsExtendedBolusTransactionTest > does not update duration to longer in NS client mode() STARTED

SyncNsExtendedBolusTransactionTest > updates duration to shorter and amount in NS client mode() STARTED

SyncNsExtendedBolusTransactionTest > updates nsId when composite key matches but nsId not in DB() STARTED

SyncNsExtendedBolusTransactionTest > updates nsId when active bolus at same timestamp() STARTED

SyncNsExtendedBolusTransactionTest > ignores duplicate NS record when composite key has different nsId() STARTED

SyncNsTherapyEventTransactionTest > does not invalidate already invalid therapy event() STARTED

SyncNsTherapyEventTransactionTest > handles multiple therapy events() STARTED

SyncNsTherapyEventTransactionTest > inserts new therapy event when nsId not found and no timestamp match() STARTED

SyncNsTherapyEventTransactionTest > does not update duration to longer in NS client mode() STARTED

SyncNsTherapyEventTransactionTest > does not update duration in non-NS client mode() STARTED

SyncNsTherapyEventTransactionTest > updates valid flag when updating nsId() STARTED

SyncNsTherapyEventTransactionTest > updates duration to shorter in NS client mode when duration changes() STARTED

SyncNsTherapyEventTransactionTest > invalidates therapy event when valid becomes invalid() STARTED

SyncNsTherapyEventTransactionTest > inserts new when timestamp matches but existing has different nsId() STARTED

SyncNsTherapyEventTransactionTest > updates nsId when timestamp matches but nsId is null() STARTED

SyncPumpTotalDailyDoseTransactionTest > updates existing TDD when found by pump id() STARTED

SyncPumpTotalDailyDoseTransactionTest > updates carbs in TDD() STARTED

SyncPumpTotalDailyDoseTransactionTest > updates existing TDD when found by timestamp but not pump id() STARTED

SyncPumpTotalDailyDoseTransactionTest > inserts new TDD when not found by pump id or timestamp() STARTED

UpdateNsIdDeviceStatusTransactionTest > does not update when NS ID is same() STARTED

CancelCurrentTemporaryRunningModeIfAnyTransactionTest > cancels running temporary running mode() STARTED

UpdateNsIdDeviceStatusTransactionTest > updates NS ID when different() STARTED

UpdateNsIdDeviceStatusTransactionTest > skips when device status not found() STARTED

UpdateNsIdRunningModeTransactionTest > does not update when NS ID is same() STARTED

CutCarbsTransactionTest > rounds carbs amount to nearest integer() STARTED

UpdateNsIdRunningModeTransactionTest > skips when running mode not found() STARTED

UpdateNsIdRunningModeTransactionTest > updates NS ID when different() STARTED

CutCarbsTransactionTest > invalidates carbs when end time equals start time() STARTED

CutCarbsTransactionTest > cuts carbs proportionally when end is in the middle() STARTED

CutCarbsTransactionTest > does nothing when end time is after carbs end time() STARTED

CutCarbsTransactionTest > transaction result has correct structure() STARTED

CutCarbsTransactionTest > does nothing when end time is before start time() STARTED

CutCarbsTransactionTest > throws exception when carbs not found() STARTED

CutCarbsTransactionTest > cuts carbs proportionally at 75 percent() STARTED

CutCarbsTransactionTest > cuts carbs proportionally at 25 percent() STARTED

InsertOrUpdateApsResultTransactionTest > updates existing APS result when id found() STARTED

InsertOrUpdateApsResultTransactionTest > updates target BG value() STARTED

InsertOrUpdateApsResultTransactionTest > inserts APS result with rate() STARTED

> Task :plugins:constraints:bundleLibCompileToJarFullDebug
> Task :pump:dana:compileFullDebugJavaWithJavac
> Task :plugins:configuration:bundleLibCompileToJarFullDebug
> Task :pump:dana:bundleLibCompileToJarFullDebug

> Task :database:impl:testFullDebugUnitTest

InsertOrUpdateApsResultTransactionTest > inserts new APS result when id not found() STARTED

InsertOrUpdateHeartRateTransactionTest > updates heart rate value() STARTED

InsertOrUpdateHeartRateTransactionTest > inserts new heart rate when id is 0() STARTED

InsertOrUpdateHeartRateTransactionTest > updates existing heart rate when id found() STARTED

InsertOrUpdateHeartRateTransactionTest > inserts new heart rate when id not found() STARTED

InvalidateBolusCalculatorResultTransactionTest > invalidates valid bolus calculator result() STARTED

InvalidateBolusCalculatorResultTransactionTest > throws exception when bolus calculator result not found() STARTED

InvalidateBolusCalculatorResultTransactionTest > does not update already invalid bolus calculator result() STARTED

InvalidateGlucoseValueTransactionTest > throws exception when glucose value not found() STARTED

InvalidateGlucoseValueTransactionTest > does not update already invalid glucose value() STARTED

InvalidateGlucoseValueTransactionTest > invalidates valid glucose value() STARTED

InvalidateTemporaryTargetTransactionTest > preserves target values when invalidating() STARTED

InvalidateTemporaryTargetTransactionTest > invalidates valid temporary target() STARTED

InvalidateTemporaryTargetTransactionTest > throws exception when temporary target not found() STARTED

InvalidateTemporaryTargetTransactionTest > does not update already invalid temporary target() STARTED

SyncNsCarbsTransactionTest > does not invalidate already invalid carbs() STARTED

SyncNsCarbsTransactionTest > falls back to timestamp when partial pump data is null() STARTED

SyncNsCarbsTransactionTest > inserts new carbs when nsId not found and no timestamp match() STARTED

SyncNsCarbsTransactionTest > handles both invalidation and duration update to shorter() STARTED

SyncNsCarbsTransactionTest > handles empty carbs list() STARTED

SyncNsCarbsTransactionTest > inserts both records when same pumpId but different pumpType() STARTED

SyncNsCarbsTransactionTest > updates duration to shorter in nsClientMode when duration differs() STARTED

SyncNsCarbsTransactionTest > does not update duration to longer in nsClientMode() STARTED

SyncNsCarbsTransactionTest > transaction result has correct structure() STARTED

SyncNsCarbsTransactionTest > does not update when duration is same in nsClientMode() STARTED

SyncNsCarbsTransactionTest > invalidates carbs when nsId exists and incoming is invalid() STARTED

SyncNsCarbsTransactionTest > updates nsId when composite key matches but nsId not in DB() STARTED

SyncNsCarbsTransactionTest > updates nsId when timestamp matches but nsId is null() STARTED

SyncNsCarbsTransactionTest > updates both validity and nsId when timestamp matches() STARTED

SyncNsCarbsTransactionTest > syncs multiple carbs() STARTED

SyncNsCarbsTransactionTest > ignores duplicate NS record when composite key has different nsId() STARTED

SyncNsCarbsTransactionTest > does not update duration when not in nsClientMode() STARTED

SyncNsTemporaryBasalTransactionTest > updates nsId when active basal at same timestamp() STARTED

SyncNsTemporaryBasalTransactionTest > updates duration to shorter in NS client mode() STARTED

SyncNsTemporaryBasalTransactionTest > invalidates when valid becomes invalid() STARTED

SyncNsTemporaryBasalTransactionTest > inserts new when nsId not found and no active basal() STARTED

SyncNsTemporaryBasalTransactionTest > inserts both records when same pumpId but different pumpType() STARTED

SyncNsTemporaryBasalTransactionTest > falls back to active check when partial pump data is null() STARTED

SyncNsTemporaryBasalTransactionTest > does not update duration to longer in NS client mode() STARTED

SyncNsTemporaryBasalTransactionTest > ends running basal and inserts new when timestamps differ() STARTED

SyncNsTemporaryBasalTransactionTest > updates nsId when composite key matches but nsId not in DB() STARTED

SyncNsTemporaryBasalTransactionTest > finds by pump ids when nsId not found() STARTED

SyncNsTemporaryBasalTransactionTest > ignores duplicate NS record when composite key has different nsId() STARTED

SyncPumpExtendedBolusTransactionTest > does not update when existing has end id() STARTED

SyncPumpExtendedBolusTransactionTest > does not update when values are same() STARTED

SyncPumpExtendedBolusTransactionTest > ends running extended bolus and inserts new when not found by pump id() STARTED

SyncPumpExtendedBolusTransactionTest > updates existing extended bolus when found by pump ids() STARTED

SyncPumpExtendedBolusTransactionTest > inserts new extended bolus when not found by pump ids() STARTED

UpdateNsIdBolusTransactionTest > updates from actual NS ID to null() STARTED

> Task :workflow:compileFullDebugKotlin

> Task :wear:compileFullDebugKotlin
w: file:///C:/Users/craig/StudioProjects/AndroidAPS/AndroidAPSApril26/wear/src/main/kotlin/app/aaps/wear/tile/BgGraphTileService.kt:17:8 'class ResourceBuilders : Any' is deprecated. Deprecated in Java.
w: file:///C:/Users/craig/StudioProjects/AndroidAPS/AndroidAPSApril26/wear/src/main/kotlin/app/aaps/wear/tile/BgGraphTileService.kt:117:13 'class ResourceBuilders : Any' is deprecated. Deprecated in Java.
w: file:///C:/Users/craig/StudioProjects/AndroidAPS/AndroidAPSApril26/wear/src/main/kotlin/app/aaps/wear/tile/BgGraphTileService.kt:121:21 'class ResourceBuilders : Any' is deprecated. Deprecated in Java.
w: file:///C:/Users/craig/StudioProjects/AndroidAPS/AndroidAPSApril26/wear/src/main/kotlin/app/aaps/wear/tile/BgGraphTileService.kt:123:29 'class ResourceBuilders : Any' is deprecated. Deprecated in Java.
w: file:///C:/Users/craig/StudioProjects/AndroidAPS/AndroidAPSApril26/wear/src/main/kotlin/app/aaps/wear/tile/BgGraphTileService.kt:186:45 'constructor(): LayoutElementBuilders.Image.Builder' is deprecated. Deprecated in Java.
w: file:///C:/Users/craig/StudioProjects/AndroidAPS/AndroidAPSApril26/wear/src/main/kotlin/app/aaps/wear/tile/BgGraphTileService.kt:187:22 'fun setResourceId(p0: String): LayoutElementBuilders.Image.Builder' is deprecated. Deprecated in Java.

> Task :plugins:sync:kspFullDebugKotlin

> Task :database:impl:testFullDebugUnitTest

UpdateNsIdBolusTransactionTest > updates multiple boluses() STARTED

UpdateNsIdBolusTransactionTest > preserves other bolus fields when updating NS ID() STARTED

UpdateNsIdBolusTransactionTest > transaction result has correct structure() STARTED

UpdateNsIdBolusTransactionTest > updates from null NS ID to actual value() STARTED

UpdateNsIdBolusTransactionTest > does not update when NS ID is the same() STARTED

UpdateNsIdBolusTransactionTest > updates NS ID when different() STARTED

UpdateNsIdBolusTransactionTest > handles mix of found and not found boluses() STARTED

UpdateNsIdBolusTransactionTest > skips when bolus not found() STARTED

UpdateNsIdBolusTransactionTest > handles empty bolus list() STARTED

UpdateNsIdGlucoseValueTransactionTest > skips when glucose value not found() STARTED

UpdateNsIdGlucoseValueTransactionTest > does not update when NS ID is same() STARTED

UpdateNsIdGlucoseValueTransactionTest > updates NS ID when different() STARTED

UserEntryTransactionTest > inserts single user entry() STARTED

UserEntryTransactionTest > inserts multiple user entries() STARTED

> Task :plugins:aps:kspFullDebugKotlin
> Task :workflow:compileFullDebugJavaWithJavac
> Task :workflow:bundleLibCompileToJarFullDebug
> Task :pump:combov2:compileFullDebugKotlin
> Task :plugins:automation:compileFullDebugKotlin
> Task :pump:danars:kspFullDebugKotlin
> Task :pump:combov2:compileFullDebugJavaWithJavac
> Task :pump:danar:kspFullDebugKotlin
> Task :pump:combov2:bundleLibCompileToJarFullDebug
> Task :pump:equil:kspFullDebugKotlin
> Task :implementation:compileFullDebugKotlin
> Task :ui:kspFullDebugKotlin
> Task :plugins:automation:compileFullDebugJavaWithJavac
> Task :plugins:automation:bundleLibCompileToJarFullDebug
> Task :plugins:aps:compileFullDebugKotlin
> Task :pump:insight:compileFullDebugKotlin
> Task :pump:rileylink:compileFullDebugKotlin
> Task :plugins:aps:compileFullDebugJavaWithJavac
> Task :pump:insight:compileFullDebugJavaWithJavac
> Task :pump:danar:compileFullDebugKotlin
> Task :plugins:aps:bundleLibCompileToJarFullDebug
> Task :pump:eopatch:compileFullDebugKotlin
> Task :implementation:compileFullDebugJavaWithJavac
> Task :pump:insight:bundleLibCompileToJarFullDebug
> Task :pump:diaconn:kspFullDebugKotlin
> Task :implementation:bundleLibCompileToJarFullDebug
> Task :pump:common:bundleLibRuntimeToJarFullDebug
> Task :pump:equil:compileFullDebugKotlin
> Task :pump:virtual:kspFullDebugKotlin
> Task :pump:rileylink:compileFullDebugJavaWithJavac
> Task :pump:combov2:bundleLibRuntimeToJarFullDebug
> Task :pump:dana:bundleLibRuntimeToJarFullDebug
> Task :pump:danars:compileFullDebugKotlin
> Task :pump:danar:compileFullDebugJavaWithJavac
> Task :pump:rileylink:bundleLibRuntimeToJarFullDebug
> Task :pump:rileylink:bundleLibCompileToJarFullDebug
> Task :pump:medtrum:kspFullDebugKotlin
> Task :pump:danar:bundleLibCompileToJarFullDebug
> Task :pump:danar:bundleLibRuntimeToJarFullDebug
> Task :pump:eopatch:compileFullDebugJavaWithJavac
> Task :pump:equil:compileFullDebugJavaWithJavac
> Task :pump:danar-emulator:kspFullDebugKotlin
> Task :pump:insight:bundleLibRuntimeToJarFullDebug
> Task :pump:virtual:compileFullDebugKotlin
> Task :implementation:bundleLibRuntimeToJarFullDebug
> Task :pump:danars:compileFullDebugJavaWithJavac
> Task :pump:danar-emulator:compileFullDebugKotlin
> Task :pump:danar-emulator:compileFullDebugJavaWithJavac NO-SOURCE
> Task :pump:danars:bundleLibCompileToJarFullDebug
> Task :pump:danar-emulator:bundleLibCompileToJarFullDebug
> Task :plugins:aps:bundleLibRuntimeToJarFullDebug
> Task :pump:danar-emulator:bundleLibRuntimeToJarFullDebug
> Task :pump:danars:bundleLibRuntimeToJarFullDebug
> Task :plugins:automation:bundleLibRuntimeToJarFullDebug
> Task :plugins:configuration:bundleLibRuntimeToJarFullDebug
> Task :plugins:constraints:bundleLibRuntimeToJarFullDebug
> Task :plugins:sensitivity:bundleLibRuntimeToJarFullDebug
> Task :plugins:main:bundleLibRuntimeToJarFullDebug
> Task :workflow:bundleLibRuntimeToJarFullDebug
> Task :pump:danars-emulator:kspFullDebugKotlin
> Task :plugins:smoothing:bundleLibRuntimeToJarFullDebug
> Task :implementation:processFullDebugJavaRes
> Task :pump:virtual:compileFullDebugJavaWithJavac
> Task :workflow:processFullDebugJavaRes
> Task :core:graph:processFullDebugJavaRes
> Task :pump:virtual:bundleLibCompileToJarFullDebug
> Task :pump:virtual:bundleLibRuntimeToJarFullDebug
> Task :core:objects:processFullDebugJavaRes
> Task :plugins:automation:processFullDebugJavaRes
> Task :plugins:aps:processFullDebugJavaRes
> Task :plugins:configuration:processFullDebugJavaRes
> Task :plugins:constraints:processFullDebugJavaRes
> Task :plugins:main:processFullDebugJavaRes
> Task :plugins:smoothing:processFullDebugJavaRes
> Task :pump:combov2:processFullDebugJavaRes
> Task :pump:common:processFullDebugJavaRes
> Task :pump:equil:transformFullDebugClassesWithAsm
> Task :plugins:sensitivity:processFullDebugJavaRes
> Task :pump:dana:processFullDebugJavaRes
> Task :pump:medtronic:kspFullDebugKotlin
> Task :pump:danar:processFullDebugJavaRes
> Task :pump:danar-emulator:processFullDebugJavaRes
> Task :pump:danars:processFullDebugJavaRes
> Task :pump:eopatch:processFullDebugJavaRes
> Task :pump:equil:processFullDebugJavaRes
> Task :pump:insight:processFullDebugJavaRes
> Task :pump:equil:bundleLibRuntimeToJarFullDebug
> Task :pump:virtual:processFullDebugJavaRes
> Task :pump:equil:bundleLibCompileToJarFullDebug
> Task :pump:rileylink:processFullDebugJavaRes
> Task :core:graph:compileFullDebugUnitTestKotlin NO-SOURCE
> Task :core:graph:compileFullDebugUnitTestJavaWithJavac NO-SOURCE
> Task :core:graph:processFullDebugUnitTestJavaRes NO-SOURCE
> Task :core:graph:testFullDebugUnitTest NO-SOURCE
> Task :pump:combov2:kspFullDebugUnitTestKotlin NO-SOURCE
> Task :pump:combov2:compileFullDebugUnitTestKotlin NO-SOURCE
> Task :pump:combov2:compileFullDebugUnitTestJavaWithJavac NO-SOURCE
> Task :pump:combov2:processFullDebugUnitTestJavaRes NO-SOURCE
> Task :pump:combov2:testFullDebugUnitTest NO-SOURCE
> Task :pump:danars-emulator:compileFullDebugKotlin
> Task :pump:danars-emulator:compileFullDebugJavaWithJavac NO-SOURCE
> Task :pump:equil-emulator:kspFullDebugKotlin
> Task :pump:danars-emulator:bundleLibCompileToJarFullDebug
> Task :pump:common:kspFullDebugUnitTestKotlin
> Task :shared:tests:kspFullDebugKotlin
> Task :pump:danars-emulator:bundleLibRuntimeToJarFullDebug
> Task :pump:danars-emulator:processFullDebugJavaRes
> Task :pump:equil:packageFullDebugUnitTestForUnitTest
> Task :pump:equil:generateFullDebugUnitTestConfig
> Task :pump:equil-emulator:javaPreCompileFullDebugUnitTest
> Task :pump:equil-emulator:generateFullDebugUnitTestAssets UP-TO-DATE
> Task :pump:equil-emulator:mergeFullDebugUnitTestAssets
> Task :pump:equil-emulator:packageFullDebugUnitTestForUnitTest
> Task :pump:equil-emulator:generateFullDebugUnitTestConfig
> Task :pump:insight:processFullDebugUnitTestManifest
> Task :pump:equil-emulator:compileFullDebugKotlin
> Task :pump:equil-emulator:compileFullDebugJavaWithJavac NO-SOURCE
> Task :pump:equil-emulator:bundleLibCompileToJarFullDebug
> Task :pump:equil-emulator:bundleLibRuntimeToJarFullDebug
> Task :plugins:sync:compileFullDebugKotlin
> Task :pump:common:compileFullDebugUnitTestKotlin
> Task :pump:common:compileFullDebugUnitTestJavaWithJavac NO-SOURCE
> Task :pump:common:processFullDebugUnitTestJavaRes
> Task :pump:eopatch:transformFullDebugClassesWithAsm
> Task :pump:equil-emulator:processFullDebugJavaRes
> Task :pump:insight:javaPreCompileFullDebugUnitTest
> Task :pump:insight:generateFullDebugUnitTestAssets UP-TO-DATE
> Task :pump:insight:mergeFullDebugUnitTestAssets
> Task :wear:compileFullDebugJavaWithJavac
> Task :shared:tests:compileFullDebugKotlin
> Task :pump:eopatch:bundleLibRuntimeToJarFullDebug
> Task :wear:bundleFullDebugClassesToRuntimeJar
> Task :pump:eopatch:bundleLibCompileToJarFullDebug
> Task :pump:insight:processFullDebugUnitTestResources
> Task :pump:insight:packageFullDebugUnitTestForUnitTest
> Task :pump:medtronic:processFullDebugUnitTestManifest
> Task :shared:tests:compileFullDebugJavaWithJavac
> Task :shared:tests:bundleLibCompileToJarFullDebug
> Task :pump:insight:generateFullDebugUnitTestConfig
> Task :shared:tests:processFullDebugJavaRes
> Task :wear:processFullDebugJavaRes
> Task :pump:omnipod:common:compileFullDebugKotlin
> Task :wear:bundleFullDebugClassesToCompileJar
> Task :pump:medtrum:compileFullDebugKotlin
> Task :shared:tests:bundleLibRuntimeToJarFullDebug
> Task :pump:diaconn:compileFullDebugKotlin
> Task :pump:medtronic:compileFullDebugKotlin
> Task :workflow:kspFullDebugUnitTestKotlin
> Task :core:objects:kspFullDebugUnitTestKotlin
> Task :implementation:kspFullDebugUnitTestKotlin
> Task :pump:omnipod:common:compileFullDebugJavaWithJavac
> Task :wear:kspFullDebugUnitTestKotlin
> Task :ui:compileFullDebugKotlin
> Task :pump:medtronic:processFullDebugUnitTestResources
> Task :pump:omnipod:common:bundleLibRuntimeToJarFullDebug
> Task :pump:omnipod:common:processFullDebugJavaRes

> Task :pump:common:testFullDebugUnitTest

StringUtilTest > fromBytes() STARTED

ByteUtilTest > getCorrectHexValue() STARTED

ByteUtilTest > getBytesFromInt16() STARTED

ByteUtilTest > concat() STARTED

ByteUtilTest > getHex() STARTED

StringUtilTest > appendToStringBuilder() STARTED

StringUtilTest > getFormattedValueUS() STARTED

StringUtilTest > getLeadingZero() STARTED

StringUtilTest > splitString() STARTED

StringUtilTest > getStringInLength() STARTED

ByteUtilTest > shortHexString() STARTED

ByteUtilTest > getListFromByteArray() STARTED

ByteUtilTest > getBytesFromInt() STARTED

ByteUtilTest > asUINT8() STARTED

ByteUtilTest > makeUnsignedShort() STARTED

ByteUtilTest > shortHexStringWithoutSpaces() STARTED

ByteUtilTest > createByteArrayFromString() STARTED

ByteUtilTest > toInt() STARTED

ByteUtilTest > createByteArrayFromHexString() STARTED

ByteUtilTest > testCreateByteArrayFromCompactString() STARTED

ByteUtilTest > fromHexString() STARTED

ByteUtilTest > substring() STARTED

ByteUtilTest > compare() STARTED

ByteUtilTest > createByteArrayFromCompactString() STARTED

> Task :pump:diaconn:compileFullDebugJavaWithJavac
> Task :pump:medtrum:compileFullDebugJavaWithJavac
> Task :pump:medtronic:compileFullDebugJavaWithJavac
> Task :workflow:compileFullDebugUnitTestKotlin
> Task :pump:medtronic:bundleLibCompileToJarFullDebug
> Task :core:objects:compileFullDebugUnitTestKotlin
> Task :pump:medtronic:bundleLibRuntimeToJarFullDebug
> Task :pump:omnipod:common:bundleLibCompileToJarFullDebug
> Task :pump:diaconn:processFullDebugJavaRes
> Task :pump:medtrum:processFullDebugJavaRes
> Task :pump:medtronic:processFullDebugJavaRes
> Task :workflow:compileFullDebugUnitTestJavaWithJavac NO-SOURCE
> Task :core:objects:compileFullDebugUnitTestJavaWithJavac NO-SOURCE
> Task :workflow:processFullDebugUnitTestJavaRes
> Task :core:objects:processFullDebugUnitTestJavaRes
> Task :pump:diaconn:bundleLibCompileToJarFullDebug
> Task :plugins:aps:kspFullDebugUnitTestKotlin
> Task :pump:diaconn:bundleLibRuntimeToJarFullDebug
> Task :plugins:configuration:kspFullDebugUnitTestKotlin NO-SOURCE
> Task :plugins:configuration:compileFullDebugUnitTestKotlin NO-SOURCE
> Task :plugins:configuration:processFullDebugUnitTestJavaRes NO-SOURCE
> Task :plugins:configuration:compileFullDebugUnitTestJavaWithJavac NO-SOURCE
> Task :plugins:configuration:hiltSyncFullDebugUnitTest
> Task :wear:compileFullDebugUnitTestKotlin
> Task :wear:compileFullDebugUnitTestJavaWithJavac NO-SOURCE
> Task :wear:processFullDebugUnitTestJavaRes
> Task :plugins:automation:kspFullDebugUnitTestKotlin
> Task :pump:medtrum:transformFullDebugClassesWithAsm
> Task :plugins:configuration:hiltAggregateDepsFullDebugUnitTest

> Task :workflow:testFullDebugUnitTest

CarbsInPastExtensionTest > fromCarbs with isOref1 true gets SMB 5-minute carb impact from preferences() STARTED

> Task :pump:omnipod:eros:kspFullDebugKotlin

> Task :core:objects:testFullDebugUnitTest

MealDataTest > canCreateObject() STARTED

ProfileSealedTest > doTests() STARTED

IobTotalTest > jsonTest() STARTED

> Task :pump:omnipod:dash:kspFullDebugKotlin

> Task :core:objects:testFullDebugUnitTest

IobTotalTest > plusTest() STARTED

IobTotalTest > determineBasalJsonTest() STARTED

IobTotalTest > combineTest() STARTED

IobTotalTest > copyTest() STARTED

IobTotalTest > roundTest() STARTED

TTest > toUnits() STARTED

TTest > now() STARTED

TTest > additions() STARTED

TTest > subtractions() STARTED

QuickWizardTest > active() STARTED

> Task :implementation:compileFullDebugUnitTestKotlin
> Task :plugins:aps:compileFullDebugUnitTestKotlin
> Task :plugins:aps:compileFullDebugUnitTestJavaWithJavac NO-SOURCE
> Task :plugins:aps:processFullDebugUnitTestJavaRes
> Task :implementation:compileFullDebugUnitTestJavaWithJavac NO-SOURCE
> Task :implementation:processFullDebugUnitTestJavaRes

> Task :workflow:testFullDebugUnitTest

CarbsInPastExtensionTest > fromCarbs with isAAPSOrWeighted true calculates 5-minute carb impact correctly() STARTED

CarbsInPastExtensionTest > fromCarbs with isAAPSOrWeighted true calculates 5-minute carb impact correctly() STANDARD_OUT
    DEBUG: : AUTOSENS Min 5m carbs impact for 30.0g @6/27/22 03:40 PM for 3.0h calculated to 8.333333333333334 ISF: 100.0 IC: 10.0

CarbsInPastExtensionTest > fromCarbs with isOref1 false gets AMA 5-minute carb impact from preferences() STARTED

> Task :pump:medtrum:bundleLibRuntimeToJarFullDebug
> Task :plugins:configuration:hiltJavaCompileFullDebugUnitTest NO-SOURCE

> Task :core:objects:testFullDebugUnitTest


> Task :wear:testFullDebugUnitTest
> Task :plugins:automation:compileFullDebugUnitTestKotlin
> Task :plugins:automation:compileFullDebugUnitTestJavaWithJavac NO-SOURCE

> Task :core:objects:testFullDebugUnitTest
QuickWizardTest > remove() STARTED

QuickWizardTest > setDataTest() STARTED

QuickWizardTest > addOrUpdate() STARTED

QuickWizardTest > test() STARTED

QuickWizardTest > newEmptyItemTest() STARTED

ConstraintObjectTest > doTests() STARTED

> Task :plugins:automation:processFullDebugUnitTestJavaRes

> Task :core:objects:testFullDebugUnitTest

PluginDescriptionTest > showInListTest() STARTED

> Task :pump:medtrum:bundleLibCompileToJarFullDebug
> Task :pump:omnipod:dash:compileFullDebugKotlin

> Task :core:objects:testFullDebugUnitTest

PluginDescriptionTest > pluginName() STARTED

PluginDescriptionTest > enableByDefault() STARTED

PluginDescriptionTest > shortNameTest() STARTED

PluginDescriptionTest > alwaysEnabledTest() STARTED

PluginDescriptionTest > neverVisibleTest() STARTED

PluginDescriptionTest > mainTypeTest() STARTED

PumpCommandGateTest > disconnected pump allows zero TBR() STARTED

ConstraintObjectTest > doTests() STANDARD_OUT
    DEBUG: : CONSTRAINTS Limiting original value: true to true. Reason: 
    DEBUG: : CONSTRAINTS Limiting original value: true to true. Reason: 
    DEBUG: : CONSTRAINTS Setting value false
    DEBUG: : CONSTRAINTS Limiting original value: false to false. Reason: 
    DEBUG: : CONSTRAINTS Limiting original value: false to false. Reason: 
    DEBUG: : CONSTRAINTS Setting value false -> true (Set true)[ConstraintObjectTest]
    DEBUG: : CONSTRAINTS Limiting original value: false to true. Reason: ConstraintObjectTest: Set true
    DEBUG: : CONSTRAINTS Limiting original value: false to true. Reason: ConstraintObjectTest: Set true
    DEBUG: : CONSTRAINTS Setting value true -> false (Set false)[ConstraintObjectTest]
    DEBUG: : CONSTRAINTS Limiting original value: false to false. Reason: ConstraintObjectTest: Set true
    ConstraintObjectTest: Set false
    DEBUG: : CONSTRAINTS Limiting original value: false to false. Reason: ConstraintObjectTest: Set true
    ConstraintObjectTest: Set false
    DEBUG: : CONSTRAINTS Setting value 10.0 -> 5.0 (Set 5d)[ConstraintObjectTest]
    DEBUG: : CONSTRAINTS Limiting original value: 10.0 to 5.0. Reason: ConstraintObjectTest: Set 5d
    DEBUG: : CONSTRAINTS Limiting original value: 10.0 to 5.0. Reason: ConstraintObjectTest: Set 5d
    DEBUG: : CONSTRAINTS Limiting original value: 10.0 to 5.0. Reason: ConstraintObjectTest: Set 5d
    ConstraintObjectTest: Set 6d
    DEBUG: : CONSTRAINTS Limiting original value: 10.0 to 5.0. Reason: ConstraintObjectTest: Set 5d
    DEBUG: : CONSTRAINTS Setting because of smaller value 5.0 -> 4.0 (Set 4d)[ConstraintObjectTest]
    DEBUG: : CONSTRAINTS Limiting original value: 10.0 to 4.0. Reason: ConstraintObjectTest: Set 5d
    ConstraintObjectTest: Set 6d
    ConstraintObjectTest: Set 4d
    DEBUG: : CONSTRAINTS Limiting original value: 10.0 to 4.0. Reason: ConstraintObjectTest: Set 4d
    DEBUG: : CONSTRAINTS Setting because of different value 4.0 -> 7.0 (Set 7d)[ConstraintObjectTest]
    DEBUG: : CONSTRAINTS Limiting original value: 10.0 to 7.0. Reason: ConstraintObjectTest: Set 5d
    ConstraintObjectTest: Set 6d
    ConstraintObjectTest: Set 4d
    ConstraintObjectTest: Set 7d
    DEBUG: : CONSTRAINTS Limiting original value: 10.0 to 7.0. Reason: ConstraintObjectTest: Set 4d
    ConstraintObjectTest: Set 7d

PumpDescriptionTest > setPumpDescription() STARTED

CryptoUtilTest > testHmac() STARTED

CryptoUtilTest > testHashVector() STARTED

CryptoUtilTest > testFixedSaltCrypto() STARTED

CryptoUtilTest > testStandardCrypto() STARTED

CryptoUtilTest > testPlainPasswordCheck() STARTED

CryptoUtilTest > testHashedPasswordCheck() STARTED

PumpCommandGateTest > open loop allows all command kinds() STARTED

PumpCommandGateTest > closed loop allows all command kinds() STARTED

PumpCommandGateTest > super bolus allows cancel TBR() STARTED

PumpCommandGateTest > suspended by pump allows only cancel TBR() STARTED

PumpCommandGateTest > disconnected pump rejects extended bolus() STARTED

PumpCommandGateTest > every mode and command kind combination produces a Decision() STARTED

PumpCommandGateTest > suspended by dst rejects every other command kind() STARTED

PumpCommandGateTest > super bolus rejects non-zero TBR() STARTED

PumpCommandGateTest > disconnected pump rejects non-zero TBR() STARTED

PumpCommandGateTest > super bolus allows bolus() STARTED

PumpCommandGateTest > super bolus allows zero TBR() STARTED

PumpCommandGateTest > disconnected pump rejects bolus() STARTED

PumpCommandGateTest > super bolus rejects extended bolus() STARTED

PumpCommandGateTest > disabled loop allows all command kinds() STARTED

PumpCommandGateTest > suspended by pump rejects every other command kind() STARTED

PumpCommandGateTest > closed loop lgs allows all command kinds() STARTED

PumpCommandGateTest > suspended by dst allows only cancel TBR() STARTED

PumpCommandGateTest > disconnected pump allows cancel TBR() STARTED

PumpCommandGateTest > suspended by user allows all command kinds() STARTED

PumpCommandGateTest > resume mode allows all command kinds() STARTED

> Task :plugins:main:kspFullDebugUnitTestKotlin

> Task :plugins:aps:testFullDebugUnitTest

AutotunePrepTest > autotunePrepTest1() STARTED

DiaDeviationTest > roundtrip from JSON to object to JSON preserves data() STARTED

> Task :pump:omnipod:eros:compileFullDebugKotlin

> Task :implementation:testFullDebugUnitTest

InsulinImplTest > testIobCalcForTreatment() STARTED

LocalAlertUtilsImplTest > shortenSnoozeInterval limits missed readings alarm to threshold() STARTED

GlucoseStatusTestSMB > averageShouldNotFailOnEmptyArray() STARTED

InsulinImplTest > getIdTest() STARTED

InsulinImplTest > getFriendlyNameTest() STARTED

SecureEncryptImplTest > encrypt() STARTED

SecureEncryptImplTest > encrypt() STANDARD_OUT
    ERROR: CORE ENCRYPT: keyStoreEncrypt, msg=AndroidKeyStore not found, java.security.KeyStoreException: AndroidKeyStore not found
    INFO: CORE ENCRYPT: encrypt() stored encryption secret.

SecureEncryptImplTest > isValidDataString() STARTED

SecureEncryptImplTest > decrypt() STARTED

SecureEncryptImplTest > decrypt() STANDARD_OUT
    ERROR: CORE ENCRYPT: keyStoreEncrypt, msg=AndroidKeyStore not found, java.security.KeyStoreException: AndroidKeyStore not found
    INFO: CORE ENCRYPT: encrypt() stored encryption secret.
    INFO: CORE ENCRYPT: decrypt() secret decrypted.

TirImplTest > multiple below calls increment correctly() STARTED

TirImplTest > date is set correctly() STARTED

TirImplTest > percentage calculations with all above() STARTED

TirImplTest > percentage calculations with all below() STARTED

TirImplTest > multiple error calls increment correctly() STARTED

TirImplTest > errors do not affect percentage calculations() STARTED

TirImplTest > mixed calls update counts correctly() STARTED

TirImplTest > handles edge case with value exactly at high threshold() STARTED

TirImplTest > percentage calculations with equal distribution() STARTED

TirImplTest > handles edge case with value exactly at low threshold() STARTED

TirImplTest > realistic glucose monitoring scenario() STARTED

TirImplTest > inRange increments both inRange and count() STARTED

TirImplTest > large numbers are handled correctly() STARTED

TirImplTest > can create multiple TIR instances with different thresholds() STARTED

TirImplTest > handles edge case with value just above high threshold() STARTED

TirImplTest > multiple inRange calls increment correctly() STARTED

TirImplTest > handles edge case with value just below low threshold() STARTED

TirImplTest > below increments both below and count() STARTED

TirImplTest > initial values are zero() STARTED

TirImplTest > percentage calculations with all in range() STARTED

TirImplTest > can create TIR with different date values() STARTED

TirImplTest > above increments both above and count() STARTED

TirImplTest > handles error values below 39() STARTED

TirImplTest > accumulating data from multiple sources() STARTED

TirImplTest > thresholds are set correctly() STARTED

TirImplTest > error increments error counter but not count() STARTED

TirImplTest > multiple above calls increment correctly() STARTED

> Task :plugins:sync:compileFullDebugJavaWithJavac

> Task :plugins:aps:testFullDebugUnitTest

AutotunePrepTest > autotunePrepTest2() STARTED

AutotunePrepTest > autotunePrepTest3() STARTED

ReconcilerDecisionTest > zero delivery to stopped cancels TBR() STARTED

ReconcilerDecisionTest > working to suspended no tbr cancels TBR() STARTED

ReconcilerDecisionTest > zero delivery to zero delivery also issues zero TBR defensively() STARTED

ReconcilerDecisionTest > zero delivery to working cancels TBR() STARTED

ReconcilerDecisionTest > suspended no tbr to working is no-op() STARTED

ReconcilerDecisionTest > every mode pair produces an action() STARTED

ReconcilerDecisionTest > working to disconnected pump issues zero TBR and cancels eb() STARTED

ReconcilerDecisionTest > stopped to working is no-op() STARTED

ReconcilerDecisionTest > suspended no tbr to stopped cancels TBR defensively() STARTED

ReconcilerDecisionTest > working to super bolus issues zero TBR and cancels eb() STARTED

ReconcilerDecisionTest > anything to suspended by pump is no-op() STARTED

ReconcilerDecisionTest > suspended by pump to anything is no-op() STARTED

ReconcilerDecisionTest > suspended no tbr to suspended no tbr cancels TBR defensively() STARTED

ReconcilerDecisionTest > working to working is no-op() STARTED

ReconcilerDecisionTest > suspended by pump maps to PumpReported bucket() STARTED

ReconcilerDecisionTest > working to stopped cancels TBR() STARTED

ReconcilerDecisionTest > suspended no tbr modes map to SuspendedNoTbr bucket() STARTED

ReconcilerDecisionTest > working modes map to Working bucket() STARTED

ReconcilerDecisionTest > zero delivery modes map to ZeroDelivery bucket() STARTED

ReconcilerDecisionTest > stopped modes map to Stopped bucket() STARTED

ReconcilerDecisionTest > zero delivery to suspended no tbr cancels TBR() STARTED

ReconcilerDecisionTest > suspended no tbr to zero delivery issues zero TBR and cancels eb() STARTED

OpenAPSAutoISFPluginTest > withinISFLimitsTest() STARTED

> Task :plugins:configuration:transformFullDebugUnitTestClassesWithAsm
> Task :pump:omnipod:dash:compileFullDebugJavaWithJavac

> Task :plugins:automation:testFullDebugUnitTest

ActionAlarmTest > friendlyNameTest() STARTED

AutomationEventTest > hasStopProcessing() STARTED

AutomationEventTest > idGeneratedWhenMissingInJson() STARTED

AutomationEventTest > testCloneEvent() STARTED

AutomationEventTest > idPreservedOnRoundtrip() STARTED

ActionCarePortalEventTest > friendlyNameTest() STARTED

> Task :plugins:main:compileFullDebugUnitTestKotlin
> Task :pump:omnipod:dash:transformFullDebugClassesWithAsm

> Task :plugins:aps:testFullDebugUnitTest

OpenAPSAutoISFPluginTest > loop_smbTest() STARTED

OpenAPSAutoISFPluginTest > specialEnableConditionTest() STARTED

OpenAPSAutoISFPluginTest > autoISFTest() STARTED

AutotuneCoreTest > autotuneCoreTest1() STARTED

OpenAPSAutoISFPluginTest > interpolateTest() STARTED

OpenAPSAutoISFPluginTest > specialShowInListConditionTest() STARTED

OpenAPSAutoISFPluginTest > determine_varSMBRatioTest() STARTED

DiaDeviationTest > constructor from JSON handles empty JSON() STARTED

DiaDeviationTest > handles zero values() STARTED

DiaDeviationTest > toJSON converts meanDeviation to integer() STARTED

DiaDeviationTest > constructor from JSON parses all fields() STARTED

DiaDeviationTest > handles negative values() STARTED

DiaDeviationTest > toJSON keeps smrDeviation as double() STARTED

DiaDeviationTest > constructor from JSON handles missing fields() STARTED

DiaDeviationTest > toJSON converts rmsDeviation to integer() STARTED

DiaDeviationTest > constructor with parameters sets all fields() STARTED

DiaDeviationTest > default constructor creates empty DiaDeviation() STARTED

DiaDeviationTest > handles fractional dia values() STARTED

DiaDeviationTest > toJSON includes all fields() STARTED

DiaDeviationTest > handles large values() STARTED

PumpEnactResultExtensionTest > json with zero bolus does not include smb field() STARTED

PumpEnactResultExtensionTest > json with percent 100 equals baseBasal() STARTED

PumpEnactResultExtensionTest > json with temp cancel includes zero rate and duration() STARTED

PumpEnactResultExtensionTest > json with bolus delivered includes smb field() STARTED

PumpEnactResultExtensionTest > json with percent temp rounds to 2 decimals() STARTED

PumpEnactResultExtensionTest > json with absolute temp includes rate and duration() STARTED

PumpEnactResultExtensionTest > json with percent temp depends on baseBasal() STARTED

PumpEnactResultExtensionTest > json with zero duration for absolute temp() STARTED

PumpEnactResultExtensionTest > json with temp cancel takes precedence over percent() STARTED

PumpEnactResultExtensionTest > json with percent temp handles zero percent() STARTED

PumpEnactResultExtensionTest > json with percent temp converts to absolute value() STARTED

PumpEnactResultExtensionTest > json with very small absolute rate() STARTED

PumpEnactResultExtensionTest > json with bolus takes precedence over temp() STARTED

PumpEnactResultExtensionTest > json with percent handles fractional baseBasal() STARTED

PumpEnactResultExtensionTest > json with absolute temp does not depend on baseBasal() STARTED

PumpEnactResultExtensionTest > json with large bolus includes smb() STARTED

PumpEnactResultExtensionTest > json with small bolus includes smb() STARTED

PumpEnactResultExtensionTest > json with percent 50 is half of baseBasal() STARTED

PumpEnactResultExtensionTest > json with large absolute rate() STARTED

TddStatusTest > TddStatus with zero values() STARTED

TddStatusTest > TddStatus supports copy() STARTED

TddStatusTest > TddStatus equality works correctly() STARTED

TddStatusTest > TddStatus with fractional values() STARTED

TddStatusTest > TddStatus with negative values() STARTED

TddStatusTest > TddStatus with very large values() STARTED

TddStatusTest > constructor creates TddStatus with all values() STARTED

AutotuneCoreTest > autotuneCoreTest4() STARTED

CRDatumTest > equals returns false for different crInitialIOB() STARTED

CRDatumTest > toJSON converts BG values to integers() STARTED

CRDatumTest > equals returns false for different crInitialBG() STARTED

CRDatumTest > constructor from JSON handles empty JSON() STARTED

CRDatumTest > handles zero values() STARTED

CRDatumTest > constructor from JSON parses all fields() STARTED

CRDatumTest > equals returns false for different crInsulin() STARTED

CRDatumTest > default constructor creates empty CRDatum() STARTED

CRDatumTest > constructor from JSON handles missing fields() STARTED

CRDatumTest > equals returns false for different crEndTime() STARTED

CRDatumTest > handles fractional IOB and insulin values() STARTED

CRDatumTest > toJSON converts carbs to integers() STARTED

CRDatumTest > equals returns false for different crInitialCarbTime() STARTED

CRDatumTest > equals compares timestamps with second precision() STARTED

CRDatumTest > toJSON includes all fields() STARTED

CRDatumTest > equals returns false for different crEndIOB() STARTED

CRDatumTest > handles large values() STARTED

CRDatumTest > equals returns true for same values() STARTED

CRDatumTest > equals returns false for different crCarbs() STARTED

CRDatumTest > equals returns false for different crEndBG() STARTED

DeltaCalculatorTest > calculateDeltas stops processing after maxLongDeltaMinutes() STARTED

DeltaCalculatorTest > calculateDeltas returns zero when data size is exactly 1() STARTED

DeltaCalculatorTest > calculateDeltas with stable glucose() STARTED

DeltaCalculatorTest > calculateDeltas ignores values below minBgValue() STARTED

DeltaCalculatorTest > calculateDeltas with values in short delta range() STARTED

DeltaCalculatorTest > calculateDeltas with mixed positive and negative deltas() STARTED

DeltaCalculatorTest > average function returns zero for empty list() STARTED

DeltaCalculatorTest > calculateDeltas returns zero when data size is less than 2() STARTED

DeltaCalculatorTest > average function calculates correct average() STARTED

DeltaCalculatorTest > calculateDeltas with values in long delta range() STARTED

DeltaCalculatorTest > calculateDeltas with negative glucose trend() STARTED

DeltaCalculatorTest > calculateDeltas with simple two values calculates delta correctly() STARTED

DeltaCalculatorTest > average function with negative values() STARTED

DeltaCalculatorTest > calculateDeltas uses lastDeltas when available() STARTED

DeltaCalculatorTest > average function with single value returns that value() STARTED

GlucoseStatusExtensionSMBTest > log handles fractional values with proper formatting() STARTED

GlucoseStatusExtensionSMBTest > asRounded rounds noise to 0_01() STARTED

GlucoseStatusExtensionSMBTest > asRounded handles very small values() STARTED

GlucoseStatusExtensionSMBTest > log formats glucose status with all fields() STARTED

GlucoseStatusExtensionSMBTest > asRounded rounds glucose to 0_1() STARTED

GlucoseStatusExtensionSMBTest > log formats glucose with negative delta() STARTED

GlucoseStatusExtensionSMBTest > asRounded handles all values together() STARTED

GlucoseStatusExtensionSMBTest > asRounded rounds longAvgDelta to 0_01() STARTED

GlucoseStatusExtensionSMBTest > log formats glucose with zero values() STARTED

GlucoseStatusExtensionSMBTest > asRounded rounds shortAvgDelta to 0_01() STARTED

GlucoseStatusExtensionSMBTest > log formats glucose with high values() STARTED

GlucoseStatusExtensionSMBTest > asRounded handles negative values() STARTED

GlucoseStatusExtensionSMBTest > asRounded handles boundary rounding cases() STARTED

GlucoseStatusExtensionSMBTest > asRounded rounds delta to 0_01() STARTED

GlucoseStatusExtensionSMBTest > asRounded preserves date() STARTED

> Task :implementation:testFullDebugUnitTest

GlucoseStatusTestSMB > insufficientDataShouldReturnNull() STARTED

GlucoseStatusTestSMB > insufficientDataShouldReturnNull() STANDARD_OUT
    DEBUG: : GLUCOSE sizeRecords==0

GlucoseStatusTestSMB > oldDataShouldReturnNull() STARTED

GlucoseStatusTestSMB > oldDataShouldReturnNull() STANDARD_OUT
    DEBUG: : GLUCOSE oldData

GlucoseStatusTestSMB > calculateValidGlucoseStatusAutoIsf() STARTED

GlucoseStatusTestSMB > calculateValidGlucoseStatusAutoIsf() STANDARD_OUT
    DEBUG: : GLUCOSE Glucose: 214 mg/dl Noise: 0 Delta: -2 mg/dlShort avg. delta:  -2.50 mg/dl Long avg. delta: -2.00 mg/dl 

GlucoseStatusTestSMB > returnOldDataIfAllowed() STARTED

GlucoseStatusTestSMB > returnOldDataIfAllowed() STANDARD_OUT
    DEBUG: : GLUCOSE sizeRecords==1

GlucoseStatusTestSMB > roundTest() STARTED

GlucoseStatusTestSMB > oneRecordShouldProduceZeroDeltas() STARTED

GlucoseStatusTestSMB > oneRecordShouldProduceZeroDeltas() STANDARD_OUT
    DEBUG: : GLUCOSE sizeRecords==1

GlucoseStatusTestSMB > toStringShouldBeOverloaded() STARTED

ProfileStoreTest > getDefaultProfileJsonTest() STARTED

ProfileStoreTest > allProfilesValidTest() STARTED

ProfileStoreTest > getSpecificProfileTest() STARTED

ProfileStoreTest > getStartDateTest() STARTED

ProfileStoreTest > getProfileListTest() STARTED

ProfileStoreTest > getDefaultProfileTest() STARTED

ProfileStoreTest > getDefaultProfileNameTest() STARTED

LocalAlertUtilsImplTest > preSnoozeAlarms uses exact 5 minute snooze() STARTED

LocalAlertUtilsImplTest > preSnoozeAlarms sets next pump disconnected alarm when expired() STARTED

LocalAlertUtilsImplTest > preSnoozeAlarms sets next missed readings alarm when expired() STARTED

LocalAlertUtilsImplTest > reportPumpStatusRead calculates earliest alarm time correctly() STARTED

PumpSyncConcentrationTest > syncTemporaryBasalWithPumpId does not convert percent rate() STARTED

PumpSyncConcentrationTest > addBolusWithTempId converts U200 pump insulin to IU() STARTED

LocalAlertUtilsImplTest > reportPumpStatusRead updates alarm when profile is available() STARTED

LocalAlertUtilsImplTest > preSnoozeAlarms updates both alarms when both expired() STARTED

LocalAlertUtilsImplTest > shortenSnoozeInterval does not change alarm if already within threshold() STARTED

LocalAlertUtilsImplTest > shortenSnoozeInterval limits pump disconnected alarm to threshold() STARTED

LocalAlertUtilsImplTest > preSnoozeAlarms does not update next missed readings alarm when not expired() STARTED

LocalAlertUtilsImplTest > shortenSnoozeInterval uses minimum of current alarm and threshold() STARTED

LocalAlertUtilsImplTest > preSnoozeAlarms does not update pump disconnected alarm when not expired() STARTED

LocalAlertUtilsImplTest > reportPumpStatusRead does not decrease alarm time() STARTED

LocalAlertUtilsImplTest > shortenSnoozeInterval handles edge case with zero threshold() STARTED

LocalAlertUtilsImplTest > shortenSnoozeInterval handles both alarms correctly() STARTED

LocalAlertUtilsImplTest > reportPumpStatusRead does not update alarm when profile is null() STARTED

EncryptedPrefsFormatTest > preferenceLoadingTest() STARTED

PumpSyncConcentrationTest > syncExtendedBolusWithPumpId converts rate with U200() STARTED

PumpSyncConcentrationTest > addTemporaryBasalWithTempId converts absolute rate with U200() STARTED

PumpSyncConcentrationTest > verifyPumpIdentification returns true for VirtualPump() STARTED

PumpSyncConcentrationTest > syncBolusWithPumpId priming uses raw cU() STARTED

PumpSyncConcentrationTest > syncBolusWithPumpId converts U200 pump insulin to IU() STARTED

PumpSyncConcentrationTest > addBolusWithTempId returns false when no profile running() STARTED

PumpSyncConcentrationTest > addBolusWithTempId returns false when no profile running() STANDARD_OUT
    DEBUG: : DATABASE Storing of bolus PumpInsulin(3.0) null ignored. No profile running.

EncryptedPrefsFormatTest > tamperedMetadataTest() STARTED

PumpSyncConcentrationTest > syncTemporaryBasalWithPumpId returns false when no profile running() STARTED

PumpSyncConcentrationTest > syncTemporaryBasalWithPumpId returns false when no profile running() STANDARD_OUT
    DEBUG: : DATABASE Storing of TemporaryBasal PumpRate(2.0) null ignored. No profile running.

PumpSyncConcentrationTest > verifyPumpIdentification returns true when type and serial match() STARTED

PumpSyncConcentrationTest > syncTemporaryBasalWithPumpId converts absolute rate with U200() STARTED

PumpSyncConcentrationTest > addBolusWithTempId priming uses raw cU value() STARTED

PumpSyncConcentrationTest > verifyPumpIdentification returns false when serial mismatch() STARTED

PumpSyncConcentrationTest > verifyPumpIdentification returns false when serial mismatch() STANDARD_OUT
    DEBUG: : PUMP verifyPumpIdentification failed for GENERIC_AAPS wrong_serial

PumpSyncConcentrationTest > addBolusWithTempId with U100 stores cU value unchanged() STARTED

PumpSyncConcentrationTest > syncBolusWithTempId converts U50 pump insulin to IU() STARTED

PumpSyncConcentrationTest > syncExtendedBolusWithPumpId returns false when no profile running() STARTED

PumpSyncConcentrationTest > syncExtendedBolusWithPumpId returns false when no profile running() STANDARD_OUT
    DEBUG: : DATABASE Storing of TemporaryBasal PumpRate(2.0) null ignored. No profile running.

HardLimitsImplTest > maxBasal returns correct values for all ages() STARTED

HardLimitsImplTest > maxIobSMB returns correct values for all ages() STARTED

HardLimitsImplTest > verifyHardLimits handles negative limits correctly() STARTED

HardLimitsImplTest > verifyHardLimits handles negative limits correctly() STANDARD_OUT
    ERROR: .
    null
    DEBUG: : EVENTS Sending EventShowSnackbar[key=<null>,message=.
    null,type=Warning]

HardLimitsImplTest > verifyHardLimits clamps value to low limit when below() STARTED

HardLimitsImplTest > verifyHardLimits clamps value to low limit when below() STANDARD_OUT
    ERROR: .
    null
    DEBUG: : EVENTS Sending EventShowSnackbar[key=<null>,message=.
    null,type=Warning]

HardLimitsImplTest > verifyHardLimits clamps value to high limit when above() STARTED

HardLimitsImplTest > verifyHardLimits clamps value to high limit when above() STANDARD_OUT
    ERROR: .
    null
    DEBUG: : EVENTS Sending EventShowSnackbar[key=<null>,message=.
    null,type=Warning]

HardLimitsImplTest > checkHardLimits returns true when value is within limits() STARTED

HardLimitsImplTest > verifyHardLimits logs error and shows notification when value is out of range() STARTED

HardLimitsImplTest > verifyHardLimits logs error and shows notification when value is out of range() STANDARD_OUT
    ERROR: .
    null
    DEBUG: : EVENTS Sending EventShowSnackbar[key=<null>,message=.
    null,type=Warning]

HardLimitsImplTest > isInRange returns true when value is within range() STARTED

HardLimitsImplTest > ageEntryValues returns correct values() STARTED

HardLimitsImplTest > maxBolus returns correct value for adult() STARTED

HardLimitsImplTest > maxBolus returns correct value for child() STARTED

HardLimitsImplTest > ageEntries returns correct number of entries() STARTED

HardLimitsImplTest > verifyHardLimits handles very small values() STARTED

HardLimitsImplTest > verifyHardLimits handles very small values() STANDARD_OUT
    ERROR: .
    null
    DEBUG: : EVENTS Sending EventShowSnackbar[key=<null>,message=.
    null,type=Warning]

HardLimitsImplTest > checkHardLimits returns false when value is below limit() STARTED

HardLimitsImplTest > checkHardLimits returns false when value is below limit() STANDARD_OUT
    ERROR: .
    null
    DEBUG: : EVENTS Sending EventShowSnackbar[key=<null>,message=.
    null,type=Warning]

HardLimitsImplTest > verifyHardLimits handles edge case at exact high limit() STARTED

HardLimitsImplTest > verifyHardLimits handles edge case at exact low limit() STARTED

HardLimitsImplTest > verifyHardLimits handles very large values() STARTED

HardLimitsImplTest > verifyHardLimits handles very large values() STANDARD_OUT
    ERROR: .
    null
    DEBUG: : EVENTS Sending EventShowSnackbar[key=<null>,message=.
    null,type=Warning]

HardLimitsImplTest > maxBolus defaults to adult for unknown age() STARTED

HardLimitsImplTest > maxBolus returns correct value for resistant adult() STARTED

HardLimitsImplTest > verifyHardLimits returns original value when within limits() STARTED

HardLimitsImplTest > minIC returns correct values for all ages() STARTED

HardLimitsImplTest > checkHardLimits returns false when value is above limit() STARTED

HardLimitsImplTest > checkHardLimits returns false when value is above limit() STANDARD_OUT
    ERROR: .
    null
    DEBUG: : EVENTS Sending EventShowSnackbar[key=<null>,message=.
    null,type=Warning]

HardLimitsImplTest > maxIobAMA returns correct values for all ages() STARTED

HardLimitsImplTest > maxBolus returns correct value for teenage() STARTED

HardLimitsImplTest > maxIC returns correct values for all ages() STARTED

HardLimitsImplTest > isInRange returns false when value is outside range() STARTED

HardLimitsImplTest > maxBolus returns correct value for pregnant() STARTED

HardLimitsImplTest > minDia returns correct values for all ages() STARTED

HardLimitsImplTest > maxDia returns correct values for all ages() STARTED

EncryptedPrefsFormatTest > preferenceSavingTest() STARTED

EncryptedPrefsFormatTest > preferenceSavingTest() STANDARD_OUT
    DEBUG: {
      "metadata": {},
      "security": {
        "salt": "e1879ee60d9e96fbdf1ef32f440dbfd7967a7f2d2a85da9d4d6736597725a2be",
        "file_hash": "3139ae8140ace6539c643cc1635feeae8c3058f07a4d04e7e2422fee777e2ece",
        "content_hash": "23f999f6e6d325f649b61871fe046a94e110bf1587ff070fb66a0f8085b2760c",
        "algorithm": "v1"
      },
      "format": "aaps_encrypted",
      "content": "DBo6F2e1TkK\/SKveEp+GglQom4o5dmkK8+orH\/zwTD1xv5nZD1m1IfiL\/frMjDF9IP6gFw=="
    }

EncryptedPrefsFormatTest > garbageInputTest() STARTED

EncryptedPrefsFormatTest > importExportStabilityTest() STARTED

EncryptedPrefsFormatTest > unknownFormatTest() STARTED

EncryptedPrefsFormatTest > wrongPasswordTest() STARTED

EncryptedPrefsFormatTest > wrongPasswordTest() STANDARD_OUT
    ERROR: Decryption failed due to technical exception: javax.crypto.AEADBadTagException: Tag mismatch

EncryptedPrefsFormatTest > missingFieldsTest() STARTED

EncryptedPrefsFormatTest > tamperedContentsTest() STARTED

HardLimitsImplTest > maxDia returns correct values for all ages() FAILED
    expected: 9.0
    but was : 10.0
        at app//app.aaps.implementation.utils.HardLimitsImplTest.maxDia returns correct values for all ages(HardLimitsImplTest.kt:150)

ExportPasswordDataStoreImplTest > putPasswordToDataStore() STARTED

> Task :plugins:sync:transformFullDebugClassesWithAsm
> Task :plugins:sync:processFullDebugJavaRes

> Task :implementation:testFullDebugUnitTest

ExportPasswordDataStoreImplTest > clearPasswordDataStore() STARTED

ExportPasswordDataStoreImplTest > exportPasswordStoreEnabled() STARTED

ExportPasswordDataStoreImplTest > exportPasswordStoreEnabled() STANDARD_OUT
    INFO: CORE ExportPasswordDataStore: ExportPasswordDataStore is enabled: true, expiry millis=3024000000
    INFO: CORE ExportPasswordDataStore: ExportPasswordDataStore is enabled: true, expiry millis=3024000000
    DEBUG: : CORE ExportPasswordDataStore: clearPasswordDataStore

ExportPasswordDataStoreImplTest > getPasswordFromDataStore() STARTED

TemporaryBasalStorageTest > findTemporaryBasal() STARTED

TemporaryBasalStorageTest > findTemporaryBasal() STANDARD_OUT
    DEBUG: Stored temporary basal info: TemporaryBasal(timestamp=1000000, duration=1000, rate=3.0, isAbsolute=false, type=NORMAL, id=0, pumpId=0, pumpType=USER, pumpSerial=)
    DEBUG: Stored temporary basal info: TemporaryBasal(timestamp=1000001, duration=1000, rate=4.0, isAbsolute=false, type=NORMAL, id=0, pumpId=0, pumpType=USER, pumpSerial=)
    DEBUG: Stored temporary basal info: TemporaryBasal(timestamp=2000000, duration=1000, rate=5.0, isAbsolute=false, type=NORMAL, id=0, pumpId=0, pumpType=USER, pumpSerial=)
    DEBUG: : PUMP Using & removing temporary basal info: TemporaryBasal(timestamp=1000001, duration=1000, rate=4.0, isAbsolute=false, type=NORMAL, id=0, pumpId=0, pumpType=USER, pumpSerial=)
    DEBUG: Stored temporary basal info: TemporaryBasal(timestamp=1000000, duration=1000, rate=3.0, isAbsolute=false, type=NORMAL, id=0, pumpId=0, pumpType=USER, pumpSerial=)
    DEBUG: Stored temporary basal info: TemporaryBasal(timestamp=1000001, duration=1000, rate=4.0, isAbsolute=false, type=NORMAL, id=0, pumpId=0, pumpType=USER, pumpSerial=)
    DEBUG: Stored temporary basal info: TemporaryBasal(timestamp=2000000, duration=1000, rate=5.0, isAbsolute=false, type=NORMAL, id=0, pumpId=0, pumpType=USER, pumpSerial=)
    DEBUG: : PUMP Using & removing temporary basal info: TemporaryBasal(timestamp=1000000, duration=1000, rate=3.0, isAbsolute=false, type=NORMAL, id=0, pumpId=0, pumpType=USER, pumpSerial=)
    DEBUG: Stored temporary basal info: TemporaryBasal(timestamp=1000000, duration=1000, rate=3.0, isAbsolute=false, type=NORMAL, id=0, pumpId=0, pumpType=USER, pumpSerial=)
    DEBUG: Stored temporary basal info: TemporaryBasal(timestamp=1000001, duration=1000, rate=4.0, isAbsolute=false, type=NORMAL, id=0, pumpId=0, pumpType=USER, pumpSerial=)
    DEBUG: Stored temporary basal info: TemporaryBasal(timestamp=2000000, duration=1000, rate=5.0, isAbsolute=false, type=NORMAL, id=0, pumpId=0, pumpType=USER, pumpSerial=)
    DEBUG: : PUMP Using TIME-ONLY & removing temporary basal info: TemporaryBasal(timestamp=1000000, duration=1000, rate=3.0, isAbsolute=false, type=NORMAL, id=0, pumpId=0, pumpType=USER, pumpSerial=)
    DEBUG: Stored temporary basal info: TemporaryBasal(timestamp=1000000, duration=1000, rate=3.0, isAbsolute=false, type=NORMAL, id=0, pumpId=0, pumpType=USER, pumpSerial=)
    DEBUG: Stored temporary basal info: TemporaryBasal(timestamp=1000001, duration=1000, rate=4.0, isAbsolute=false, type=NORMAL, id=0, pumpId=0, pumpType=USER, pumpSerial=)
    DEBUG: Stored temporary basal info: TemporaryBasal(timestamp=2000000, duration=1000, rate=5.0, isAbsolute=false, type=NORMAL, id=0, pumpId=0, pumpType=USER, pumpSerial=)
    DEBUG: : PUMP Using TIME-ONLY & removing temporary basal info: TemporaryBasal(timestamp=1000001, duration=1000, rate=4.0, isAbsolute=false, type=NORMAL, id=0, pumpId=0, pumpType=USER, pumpSerial=)
    DEBUG: Stored temporary basal info: TemporaryBasal(timestamp=1000000, duration=1000, rate=3.0, isAbsolute=false, type=NORMAL, id=0, pumpId=0, pumpType=USER, pumpSerial=)
    DEBUG: Stored temporary basal info: TemporaryBasal(timestamp=1000001, duration=1000, rate=4.0, isAbsolute=false, type=NORMAL, id=0, pumpId=0, pumpType=USER, pumpSerial=)
    DEBUG: Stored temporary basal info: TemporaryBasal(timestamp=2000000, duration=1000, rate=5.0, isAbsolute=false, type=NORMAL, id=0, pumpId=0, pumpType=USER, pumpSerial=)
    DEBUG: Stored temporary basal info: TemporaryBasal(timestamp=1000000, duration=1000, rate=3.0, isAbsolute=false, type=NORMAL, id=0, pumpId=0, pumpType=USER, pumpSerial=)
    DEBUG: Stored temporary basal info: TemporaryBasal(timestamp=1000001, duration=1000, rate=4.0, isAbsolute=false, type=NORMAL, id=0, pumpId=0, pumpType=USER, pumpSerial=)
    DEBUG: Stored temporary basal info: TemporaryBasal(timestamp=2000000, duration=1000, rate=5.0, isAbsolute=false, type=NORMAL, id=0, pumpId=0, pumpType=USER, pumpSerial=)
    DEBUG: Stored temporary basal info: TemporaryBasal(timestamp=1000000, duration=1000, rate=3.0, isAbsolute=false, type=NORMAL, id=0, pumpId=0, pumpType=USER, pumpSerial=)
    DEBUG: Stored temporary basal info: TemporaryBasal(timestamp=1000001, duration=1000, rate=4.0, isAbsolute=false, type=NORMAL, id=0, pumpId=0, pumpType=USER, pumpSerial=)
    DEBUG: Stored temporary basal info: TemporaryBasal(timestamp=2000000, duration=1000, rate=5.0, isAbsolute=false, type=NORMAL, id=0, pumpId=0, pumpType=USER, pumpSerial=)
    DEBUG: : PUMP Using LAST & removing temporary basal info: TemporaryBasal(timestamp=2000000, duration=1000, rate=5.0, isAbsolute=false, type=NORMAL, id=0, pumpId=0, pumpType=USER, pumpSerial=)

TemporaryBasalStorageTest > add() STARTED

TemporaryBasalStorageTest > add() STANDARD_OUT
    DEBUG: Stored temporary basal info: TemporaryBasal(timestamp=1000000, duration=1000, rate=3.0, isAbsolute=false, type=NORMAL, id=0, pumpId=0, pumpType=USER, pumpSerial=)

QueueWorkerTest > commandIsPickedUp() STARTED

QueueWorkerTest > commandIsPickedUp() STANDARD_OUT
    WARN: PUMPQUEUE Running-mode gate: failed to read active mode, allowing command: Cannot invoke "app.aaps.core.data.model.RM.getMode()" because the return value of "kotlinx.coroutines.BuildersKt.runBlocking$default(kotlin.coroutines.CoroutineContext, kotlin.jvm.functions.Function2, int, Object)" is null
    DEBUG: : PUMPQUEUE Adding: CommandTempBasalAbsolute - TEMP BASAL 0.0 U/h 60 min
    DEBUG: : EVENTS Sending EventQueueChanged[]
    DEBUG: : PUMPQUEUE connect
    DEBUG: : EVENTS Sending EventPumpStatusChanged[error=,performingAction=,secondsElapsed=0,status=CONNECTING]
    DEBUG: : PUMPQUEUE connection time 0s
    DEBUG: : PUMPQUEUE performing TEMP BASAL 0.0 U/h 60 min
    DEBUG: : EVENTS Sending EventQueueChanged[]
    DEBUG: : EVENTS Sending EventPumpStatusChanged[error=,performingAction=TEMP BASAL %1$.2f U/h %2$d min,secondsElapsed=0,status=PERFORMING]
    DEBUG: : PUMPQUEUE Result rate: 0.0 durationInMinutes: 60 success: true enacted: false
    DEBUG: : EVENTS Sending EventQueueChanged[]
    DEBUG: : PUMPQUEUE queue empty. disconnect
    DEBUG: : EVENTS Sending EventPumpStatusChanged[error=,performingAction=,secondsElapsed=0,status=DISCONNECTING]
    DEBUG: : EVENTS Sending EventPumpStatusChanged[error=,performingAction=,secondsElapsed=0,status=DISCONNECTED]
    DEBUG: : PUMPQUEUE disconnected
    DEBUG: : PUMPQUEUE work end

BolusWizardTest > usePercentageModeScalesTotal() STARTED

BolusWizardTest > usePercentageModeScalesTotal() STANDARD_OUT
    DEBUG: app.aaps.core.objects.wizard.BolusWizard@6c76e4dc

BolusWizardTest > percentageDoesNotScaleIOB() STARTED

BolusWizardTest > percentageDoesNotScaleIOB() STANDARD_OUT
    DEBUG: app.aaps.core.objects.wizard.BolusWizard@470d481

BolusWizardTest > carbsOnlyNoCorrection() STARTED

BolusWizardTest > carbsOnlyNoCorrection() STANDARD_OUT
    DEBUG: app.aaps.core.objects.wizard.BolusWizard@67e38ad7

BolusWizardTest > iobSubtractsFromTotal() STARTED

BolusWizardTest > iobSubtractsFromTotal() STANDARD_OUT
    DEBUG: app.aaps.core.objects.wizard.BolusWizard@9b44d4f

BolusWizardTest > cobAddsToTotal() STARTED

BolusWizardTest > cobAddsToTotal() STANDARD_OUT
    DEBUG: app.aaps.core.objects.wizard.BolusWizard@6b9e3249

BolusWizardTest > percentage100NoChange() STARTED

BolusWizardTest > percentage100NoChange() STANDARD_OUT
    DEBUG: app.aaps.core.objects.wizard.BolusWizard@794bf212

BolusWizardTest > percentageScalesSuggestionsOnly() STARTED

> Task :pump:omnipod:dash:processFullDebugJavaRes

> Task :plugins:automation:testFullDebugUnitTest

ActionAlarmTest > toJSONTest() STARTED

ActionAlarmTest > hasDialogTest() STARTED

ActionAlarmTest > shortDescriptionTest() STARTED

ActionAlarmTest > fromJSONTest() STARTED

ActionAlarmTest > doActionTest() STARTED

ActionStopTempTargetTest > friendlyNameTest() STARTED

ActionStopTempTargetTest > toJSONTest() STARTED

ActionStopTempTargetTest > hasDialogTest() STARTED

ActionStopTempTargetTest > shortDescriptionTest() STARTED

ActionStopTempTargetTest > fromJSONTest() STARTED

ActionStopTempTargetTest > doActionTest() STARTED

InputCarePortalEventTest > labelsTest() STARTED

InputCarePortalEventTest > setValueTest() STARTED

InputTempTargetTest > setValueTest() STARTED

TriggerCannulaAgeTest > toJSONTest() STARTED

TriggerCannulaAgeTest > copyConstructorTest() STARTED

TriggerCannulaAgeTest > fromJSONTest() STARTED

TriggerCannulaAgeTest > shouldRunNotAvailable() STARTED

TriggerCannulaAgeTest > shouldRunNotAvailable() STANDARD_OUT
    DEBUG: : AUTOMATION Ready for execution: null
    DEBUG: : AUTOMATION NOT ready for execution: null

TriggerCannulaAgeTest > shouldRunTest() STARTED

TriggerCannulaAgeTest > shouldRunTest() STANDARD_OUT
    DEBUG: : AUTOMATION NOT ready for execution: null
    DEBUG: : AUTOMATION Ready for execution: null
    DEBUG: : AUTOMATION Ready for execution: null
    DEBUG: : AUTOMATION Ready for execution: null
    DEBUG: : AUTOMATION Ready for execution: null

ActionCarePortalEventTest > toJSONTest() STARTED

TriggerCannulaAgeTest > shouldRunTest() STANDARD_OUT
    DEBUG: : AUTOMATION NOT ready for execution: null
    DEBUG: : AUTOMATION Ready for execution: null
    DEBUG: : AUTOMATION NOT ready for execution: null

ActionCarePortalEventTest > hasDialogTest() STARTED

ActionCarePortalEventTest > shortDescriptionTest() STARTED

ActionCarePortalEventTest > fromJSONTest() STARTED

ActionCarePortalEventTest > doActionTest() STARTED

ActionNotificationTest > friendlyNameTest() STARTED

TriggerIobTest > toJSONTest() STARTED

TriggerIobTest > copyConstructorTest() STARTED

TriggerIobTest > fromJSONTest() STARTED

TriggerIobTest > shouldRunTest() STARTED

TriggerIobTest > shouldRunTest() STANDARD_OUT
    DEBUG: : AUTOMATION NOT ready for execution: null
    DEBUG: : AUTOMATION Ready for execution: null
    DEBUG: : AUTOMATION Ready for execution: null
    DEBUG: : AUTOMATION Ready for execution: null
    DEBUG: : AUTOMATION Ready for execution: null
    DEBUG: : AUTOMATION Ready for execution: null
    DEBUG: : AUTOMATION NOT ready for execution: null
    DEBUG: : AUTOMATION Ready for execution: null
    DEBUG: : AUTOMATION NOT ready for execution: null

TriggerPumpLastConnectionTest > friendlyNameTest() STARTED

TriggerPumpLastConnectionTest > toJSONTest() STARTED

TriggerPumpLastConnectionTest > copyConstructorTest() STARTED

ActionNotificationTest > toJSONTest() STARTED

ActionNotificationTest > hasDialogTest() STARTED

ActionNotificationTest > shortDescriptionTest() STARTED

TriggerPumpLastConnectionTest > fromJSONTest() STARTED

ActionNotificationTest > fromJSONTest() STARTED

ActionNotificationTest > doActionTest() STARTED

TriggerPumpLastConnectionTest > shouldRunTest() STARTED

TriggerPumpLastConnectionTest > shouldRunTest() STANDARD_OUT
    DEBUG: : AUTOMATION Last connection min ago: 27605990
    DEBUG: : AUTOMATION NOT ready for execution: null
    DEBUG: : AUTOMATION Last connection min ago: 27605990
    DEBUG: : AUTOMATION NOT ready for execution: null
    DEBUG: : AUTOMATION Last connection min ago: 27605990
    DEBUG: : AUTOMATION Ready for execution: null
    DEBUG: : AUTOMATION Last connection min ago: 27605990
    DEBUG: : AUTOMATION NOT ready for execution: null
    DEBUG: : AUTOMATION Last connection min ago: 27605990
    DEBUG: : AUTOMATION NOT ready for execution: null

TriggerTempTargetValueTest > toJSONTest() STARTED

TriggerTempTargetValueTest > copyConstructorTest() STARTED

TriggerTempTargetValueTest > fromJSONTest() STARTED

TriggerTempTargetValueTest > shouldRunTest() STARTED

ActionNotificationTest > doActionTest() STANDARD_OUT
    DEBUG: : EVENTS Sending EventRefreshOverview[from=ActionNotification,now=false]

ActionSMBChangeTest > toJSONTest() STARTED

TriggerTempTargetValueTest > shouldRunTest() STANDARD_OUT
    DEBUG: : AUTOMATION NOT ready for execution: null
    DEBUG: : AUTOMATION Ready for execution: null
    DEBUG: : AUTOMATION Ready for execution: null
    DEBUG: : AUTOMATION Ready for execution: null
    DEBUG: : AUTOMATION NOT ready for execution: null
    DEBUG: : AUTOMATION Ready for execution: null

ActionSMBChangeTest > hasDialogTest() STARTED

TriggerTempTargetValueTest > shouldRunTest() STANDARD_OUT
    DEBUG: : AUTOMATION NOT ready for execution: null
    DEBUG: : AUTOMATION Ready for execution: null

ActionSMBChangeTest > shortDescriptionTest() STARTED

ActionSMBChangeTest > doAction() STARTED

TriggerTempTargetValueTest > shouldRunTest() STANDARD_OUT
    DEBUG: : AUTOMATION NOT ready for execution: null
    DEBUG: : AUTOMATION NOT ready for execution: null
    DEBUG: : AUTOMATION NOT ready for execution: null
    DEBUG: : AUTOMATION Ready for execution: null

ActionSMBChangeTest > friendlyName() STARTED

ActionSMBChangeTest > fromJSONTest() STARTED

InputDurationTest > setValueTest() STARTED

TriggerAutosensValueTest > toJSONTest() STARTED

TriggerAutosensValueTest > copyConstructorTest() STARTED

TriggerAutosensValueTest > fromJSONTest() STARTED

TriggerAutosensValueTest > shouldRunTest() STARTED

TriggerAutosensValueTest > shouldRunTest() STANDARD_OUT
    DEBUG: : AUTOMATION NOT ready for execution: null
    DEBUG: : AUTOMATION Ready for execution: null
    DEBUG: : AUTOMATION Ready for execution: null
    DEBUG: : AUTOMATION Ready for execution: null
    DEBUG: : AUTOMATION NOT ready for execution: null
    DEBUG: : AUTOMATION Ready for execution: null
    DEBUG: : AUTOMATION NOT ready for execution: null
    DEBUG: : AUTOMATION Ready for execution: null
    DEBUG: : AUTOMATION Ready for execution: null
    DEBUG: : AUTOMATION NOT ready for execution: null
    DEBUG: : AUTOMATION Ready for execution: null

TriggerConnectorTest > testListTriggerAND() STARTED

TriggerConnectorTest > testListTriggerAND() STANDARD_OUT
    DEBUG: : AUTOMATION Ready for execution: TriggerDummy null TriggerDummy

TriggerConnectorTest > testListTriggerXOR() STARTED

TriggerConnectorTest > testListTriggerXOR() STANDARD_OUT
    DEBUG: : AUTOMATION Ready for execution: TriggerDummy null TriggerDummy null TriggerDummy null TriggerDummy

TriggerConnectorTest > testTriggerList() STARTED

TriggerConnectorTest > testTriggerList() STANDARD_OUT
    DEBUG: : AUTOMATION Ready for execution: 
    DEBUG: : AUTOMATION Ready for execution: 

TriggerConnectorTest > toJSONTest() STARTED

TriggerConnectorTest > testListTriggerOR() STARTED

TriggerConnectorTest > testListTriggerOR() STANDARD_OUT
    DEBUG: : AUTOMATION Ready for execution: TriggerDummy null TriggerDummy null TriggerDummy null TriggerDummy

TriggerConnectorTest > fromJSONTest() STARTED

TriggerLocationTest > friendlyNameTest() STARTED

TriggerLocationTest > toJSONTest() STARTED

TriggerLocationTest > friendlyDescriptionTest() STARTED

TriggerLocationTest > copyConstructorTest() STARTED

TriggerLocationTest > fromJSONTest() STARTED

TriggerLocationTest > shouldRunTest() STARTED

TriggerLocationTest > shouldRunTest() STANDARD_OUT
    DEBUG: : AUTOMATION Ready for execution: null
    DEBUG: : AUTOMATION NOT ready for execution: null
    DEBUG: : AUTOMATION Ready for execution: null

TriggerRecurringTimeTest > toJSONTest() STARTED

TriggerRecurringTimeTest > fromJSONTest() STARTED

TriggerRecurringTimeTest > shouldRunTest() STARTED

TriggerRecurringTimeTest > shouldRunTest() STANDARD_OUT
    DEBUG: : AUTOMATION NOT ready for execution: null null,null,null,null,null,null,null 01:29 AM
    DEBUG: : AUTOMATION Ready for execution: null null,null,null,null,null,null,null 01:34 AM

CarbTimerImplTest > doTest() STARTED

ComposeTriggerTest > testTriggerList() STARTED

> Task :plugins:configuration:testFullDebugUnitTest
> Task :plugins:main:compileFullDebugUnitTestJavaWithJavac NO-SOURCE

> Task :implementation:testFullDebugUnitTest

BolusWizardTest > percentageScalesSuggestionsOnly() STANDARD_OUT
    DEBUG: app.aaps.core.objects.wizard.BolusWizard@78fa8bb5

BolusWizardTest > directCorrectionAddsToTotal() STARTED

BolusWizardTest > directCorrectionAddsToTotal() STANDARD_OUT
    DEBUG: app.aaps.core.objects.wizard.BolusWizard@64536c41

BolusWizardTest > shouldCalculateHigherBolusWhenHighBG() STARTED

BolusWizardTest > shouldCalculateHigherBolusWhenHighBG() STANDARD_OUT
    DEBUG: app.aaps.core.objects.wizard.BolusWizard@12aba7cb
    DEBUG: app.aaps.core.objects.wizard.BolusWizard@10544888

BolusWizardTest > roundingToBolusStep() STARTED

BolusWizardTest > roundingToBolusStep() STANDARD_OUT
    DEBUG: app.aaps.core.objects.wizard.BolusWizard@4b113562

BolusWizardTest > negativeTotalSetsCarbsEquivalent() STARTED

BolusWizardTest > negativeTotalSetsCarbsEquivalent() STANDARD_OUT
    DEBUG: app.aaps.core.objects.wizard.BolusWizard@36353a95

BolusWizardTest > directCorrectionNotScaledByPercentage() STARTED

BolusWizardTest > directCorrectionNotScaledByPercentage() STANDARD_OUT
    DEBUG: app.aaps.core.objects.wizard.BolusWizard@68fd7df

BolusWizardTest > bgCorrectionHighOnly() STARTED

BolusWizardTest > bgCorrectionHighOnly() STANDARD_OUT
    DEBUG: app.aaps.core.objects.wizard.BolusWizard@5ed59e7f

BolusWizardTest > bgCorrectionLowOnly() STARTED

BolusWizardTest > bgCorrectionLowOnly() STANDARD_OUT
    DEBUG: app.aaps.core.objects.wizard.BolusWizard@1f78d2a7

BolusWizardTest > shouldCalculateLowerBolusWhenLowBG() STARTED

BolusWizardTest > shouldCalculateLowerBolusWhenLowBG() STANDARD_OUT
    DEBUG: app.aaps.core.objects.wizard.BolusWizard@40151124
    DEBUG: app.aaps.core.objects.wizard.BolusWizard@648db06c

BolusWizardTest > shouldCalculateTheSameBolusWhenBGsInRange() STARTED

BolusWizardTest > shouldCalculateTheSameBolusWhenBGsInRange() STANDARD_OUT
    DEBUG: app.aaps.core.objects.wizard.BolusWizard@1ca749cb
    DEBUG: app.aaps.core.objects.wizard.BolusWizard@1d7dca19

> Task :plugins:main:processFullDebugUnitTestJavaRes

> Task :implementation:testFullDebugUnitTest

MaintenanceImplTest > logFilesTest() STARTED

> Task :pump:omnipod:dash:bundleLibCompileToJarFullDebug

> Task :plugins:aps:testFullDebugUnitTest

BGDatumTest > toJSON with meal data includes meal fields() STARTED

PeakDeviationTest > roundtrip from JSON to object to JSON preserves data() STARTED

PreppedGlucoseTest > preppedGlucoseLoadTest() STARTED

> Task :pump:omnipod:eros:compileFullDebugJavaWithJavac
> Task :pump:omnipod:dash:bundleLibRuntimeToJarFullDebug

> Task :plugins:automation:testFullDebugUnitTest

ComposeTriggerTest > testChangeConnector() STARTED

ActionEnableSceneTest > isValidWhenSceneExists() STARTED

AutomationPluginTest > requiredPermissions should include location permissions() STARTED

CarbTimerImplTest > doTest() STANDARD_OUT
    DEBUG: : EVENTS Sending EventAutomationDataChanged[]
    DEBUG: : EVENTS Sending EventAutomationDataChanged[]

ActionDummyTest > instantiateTest() STARTED

BolusTimerImplTest > doTest() STARTED

ActionStartTempTargetTest > friendlyNameTest() STARTED

ActionStartTempTargetTest > toJSONTest() STARTED

ActionStartTempTargetTest > hasDialogTest() STARTED

ActionStartTempTargetTest > shortDescriptionTest() STARTED

ActionStartTempTargetTest > fromJSONTest() STARTED

ActionStartTempTargetTest > doActionTest() STARTED

ComparatorTest > labelsTest() STARTED

ComparatorTest > checkTest() STARTED

ComparatorTest > setValueTest() STARTED

InputProfileNameTest > setValue() STARTED

TriggerBolusAgoTest > toJSONTest() STARTED

TriggerBolusAgoTest > copyConstructorTest() STARTED

TriggerBolusAgoTest > fromJSONTest() STARTED

TriggerBolusAgoTest > shouldRunTest() STARTED

ActionEnableSceneTest > toJSONTest() STARTED

TriggerBolusAgoTest > shouldRunTest() STANDARD_OUT
    DEBUG: : AUTOMATION LastBolus min ago: InputDuration: 110 MINUTES

ActionEnableSceneTest > doActionFailsWhenSceneNotFound() STARTED

TriggerBolusAgoTest > shouldRunTest() STANDARD_OUT
    DEBUG: : AUTOMATION NOT ready for execution: null
    DEBUG: : AUTOMATION LastBolus min ago: InputDuration: 10 MINUTES
    DEBUG: : AUTOMATION Ready for execution: null
    DEBUG: : AUTOMATION LastBolus min ago: InputDuration: 5 MINUTES
    DEBUG: : AUTOMATION Ready for execution: null
    DEBUG: : AUTOMATION LastBolus min ago: InputDuration: 310 MINUTES

ActionEnableSceneTest > hasDialog() STARTED

TriggerBolusAgoTest > shouldRunTest() STANDARD_OUT
    DEBUG: : AUTOMATION Ready for execution: null
    DEBUG: : AUTOMATION LastBolus min ago: InputDuration: 420 MINUTES

ActionEnableSceneTest > friendlyName() STARTED

TriggerBolusAgoTest > shouldRunTest() STANDARD_OUT
    DEBUG: : AUTOMATION NOT ready for execution: null
    DEBUG: : AUTOMATION LastBolus min ago: InputDuration: 390 MINUTES

ActionEnableSceneTest > doActionSuccess() STARTED

TriggerBolusAgoTest > shouldRunTest() STANDARD_OUT
    DEBUG: : AUTOMATION Ready for execution: null
    DEBUG: : AUTOMATION LastBolus min ago: InputDuration: 390 MINUTES
    DEBUG: : AUTOMATION NOT ready for execution: null
    DEBUG: : AUTOMATION LastBolus min ago: InputDuration: 2 MINUTES

ActionEnableSceneTest > fromJSONTest() STARTED

TriggerBolusAgoTest > shouldRunTest() STANDARD_OUT
    DEBUG: : AUTOMATION Ready for execution: null
    DEBUG: : AUTOMATION LastBolus min ago: InputDuration: 390 MINUTES

ActionEnableSceneTest > isValidFalseWhenSceneMissing() STARTED

ActionEnableSceneTest > isValidTrueEvenWhenSceneDisabled() STARTED

TriggerBolusAgoTest > shouldRunTest() STANDARD_OUT
    DEBUG: : AUTOMATION Ready for execution: null
    DEBUG: : AUTOMATION Ready for execution: null

TriggerHeartRateTest > friendlyDescription() STARTED

TriggerHeartRateTest > fromJSON() STARTED

TriggerHeartRateTest > toJSON() STARTED

TriggerHeartRateTest > shouldRunTrigger() STARTED

ActionEnableSceneTest > shortDescription() STARTED

TriggerHeartRateTest > shouldRunTrigger() STANDARD_OUT
    INFO: AUTOMATION HR ready for 120.0 for null

TriggerHeartRateTest > friendlyName() STARTED

TriggerHeartRateTest > shouldRunBelowThreshold() STARTED

TriggerHeartRateTest > shouldRunBelowThreshold() STANDARD_OUT
    INFO: AUTOMATION HR not ready for 70.0 for null

ActionRunSceneTest > isValidFalseWhenSceneDisabled() STARTED

ActionRunSceneTest > toJSONTest() STARTED

ActionRunSceneTest > doActionFailsWhenSceneNotFound() STARTED

ActionRunSceneTest > isValidWhenSceneExistsAndEnabled() STARTED

ActionRunSceneTest > hasDialog() STARTED

ActionRunSceneTest > fromJSONIgnoresLegacyDurationField() STARTED

ActionRunSceneTest > friendlyName() STARTED

ActionRunSceneTest > doActionSuccess() STARTED

ActionRunSceneTest > fromJSONTest() STARTED

ActionRunSceneTest > isValidFalseWhenSceneMissing() STARTED

ActionRunSceneTest > shortDescription() STARTED

ActionRunSceneTest > doActionFailsWhenSceneDisabled() STARTED

ActionStopProcessingTest > friendlyNameTest() STARTED

ActionStopProcessingTest > shortDescriptionTest() STARTED

ActionStopProcessingTest > doActionTest() STARTED

InputBgTest > setValueTest() STARTED

TriggerHeartRateTest > duplicate() STARTED

TriggerHeartRateTest > shouldRunNotAvailable() STARTED

InputStringTest > setValueTest() STARTED

TriggerCOBTest > toJSONTest() STARTED

TriggerCOBTest > copyConstructorTest() STARTED

TriggerCOBTest > fromJSONTest() STARTED

TriggerCOBTest > shouldRunTest() STARTED

TriggerCOBTest > shouldRunTest() STANDARD_OUT
    DEBUG: : AUTOMATION NOT ready for execution: null
    DEBUG: : AUTOMATION Ready for execution: null
    DEBUG: : AUTOMATION Ready for execution: null
    DEBUG: : AUTOMATION Ready for execution: null
    DEBUG: : AUTOMATION Ready for execution: null
    DEBUG: : AUTOMATION NOT ready for execution: null
    DEBUG: : AUTOMATION Ready for execution: null
    DEBUG: : AUTOMATION NOT ready for execution: null

TriggerInsulinAgeTest > toJSONTest() STARTED

TriggerInsulinAgeTest > copyConstructorTest() STARTED

TriggerInsulinAgeTest > fromJSONTest() STARTED

TriggerInsulinAgeTest > shouldRunPatchPump() STARTED

TriggerInsulinAgeTest > shouldRunPatchPump() STANDARD_OUT
    DEBUG: : AUTOMATION NOT ready for execution: null

TriggerHeartRateTest > shouldRunNotAvailable() STANDARD_OUT
    INFO: AUTOMATION HR ready, no limit set null

TriggerInsulinAgeTest > shouldRunNotAvailable() STARTED

TriggerHeartRateTest > shouldRunNoHeartRate() STARTED

TriggerHeartRateTest > shouldRunNoHeartRate() STANDARD_OUT
    INFO: AUTOMATION HR not ready, no heart rate measured for null

TriggerInsulinAgeTest > shouldRunNotAvailable() STANDARD_OUT
    DEBUG: : AUTOMATION Ready for execution: null

TriggerPumpBatteryAgeTest > toJSONTest() STARTED

TriggerPumpBatteryAgeTest > shouldRunBatteryAgeSupport() STARTED

TriggerPumpBatteryAgeTest > shouldRunBatteryAgeSupport() STANDARD_OUT
    DEBUG: : AUTOMATION NOT ready for execution: null
    DEBUG: : AUTOMATION Ready for execution: null
    DEBUG: : AUTOMATION Ready for execution: null

TriggerPumpBatteryAgeTest > copyConstructorTest() STARTED

TriggerPumpBatteryAgeTest > fromJSONTest() STARTED

TriggerPumpBatteryAgeTest > shouldRunNotAvailable() STARTED

TriggerPumpBatteryAgeTest > shouldRunNotAvailable() STANDARD_OUT
    DEBUG: : AUTOMATION Ready for execution: null
    DEBUG: : AUTOMATION NOT ready for execution: null

TriggerPumpBatteryAgeTest > shouldRunTest() STARTED

TriggerPumpBatteryAgeTest > shouldRunTest() STANDARD_OUT
    DEBUG: : AUTOMATION NOT ready for execution: null
    DEBUG: : AUTOMATION Ready for execution: null
    DEBUG: : AUTOMATION Ready for execution: null
    DEBUG: : AUTOMATION Ready for execution: null
    DEBUG: : AUTOMATION Ready for execution: null
    DEBUG: : AUTOMATION NOT ready for execution: null
    DEBUG: : AUTOMATION Ready for execution: null
    DEBUG: : AUTOMATION NOT ready for execution: null

TriggerStepsCountTest > friendlyDescription() STARTED

TriggerStepsCountTest > fromJSON() STARTED

TriggerStepsCountTest > shouldRunNoStepsAvailable() STARTED

TriggerStepsCountTest > shouldRunNoStepsAvailable() STANDARD_OUT
    INFO: AUTOMATION No steps count measurements available - null

TriggerStepsCountTest > toJSON() STARTED

TriggerStepsCountTest > shouldRunTrigger() STARTED

TriggerStepsCountTest > shouldRunTrigger() STANDARD_OUT
    INFO: AUTOMATION Steps count ready for 112 in 5 minutes for null

TriggerStepsCountTest > friendlyName() STARTED

TriggerStepsCountTest > shouldRunBelowThreshold() STARTED

TriggerStepsCountTest > shouldRunBelowThreshold() STANDARD_OUT
    INFO: AUTOMATION Steps count not ready for 80 in 5 minutes for null

BolusTimerImplTest > doTest() STANDARD_OUT
    DEBUG: : EVENTS Sending EventAutomationDataChanged[]

TriggerStepsCountTest > duplicate() STARTED

BolusTimerImplTest > doTest() STANDARD_OUT
    DEBUG: : EVENTS Sending EventAutomationDataChanged[]

ActionDisableSceneTest > isValidWhenSceneExists() STARTED

TriggerStepsCountTest > shouldRunNotAvailable() STARTED

TriggerStepsCountTest > shouldRunNotAvailable() STANDARD_OUT
    INFO: AUTOMATION Steps count ready, no limit set null

ActionProfileSwitchTest > toJSONTest() STARTED

TriggerInsulinAgeTest > shouldRunNotAvailable() STANDARD_OUT
    DEBUG: : AUTOMATION NOT ready for execution: null

TriggerInsulinAgeTest > shouldRunTest() STARTED

ActionDisableSceneTest > toJSONTest() STARTED

ActionDisableSceneTest > doActionFailsWhenSceneNotFound() STARTED

ActionDisableSceneTest > hasDialog() STARTED

ActionDisableSceneTest > friendlyName() STARTED

ActionDisableSceneTest > doActionSuccess() STARTED

ActionDisableSceneTest > fromJSONTest() STARTED

ActionDisableSceneTest > isValidFalseWhenSceneMissing() STARTED

ActionDisableSceneTest > isValidTrueEvenWhenSceneAlreadyDisabled() STARTED

ActionDisableSceneTest > shortDescription() STARTED

TriggerWifiSsidTest > friendlyNameTest() STARTED

TriggerWifiSsidTest > toJSONTest() STARTED

TriggerWifiSsidTest > friendlyDescriptionTest() STARTED

TriggerWifiSsidTest > copyConstructorTest() STARTED

TriggerWifiSsidTest > fromJSONTest() STARTED

TriggerWifiSsidTest > shouldRunTest() STARTED

TriggerWifiSsidTest > shouldRunTest() STANDARD_OUT
    DEBUG: : AUTOMATION NOT ready for execution: null
    DEBUG: : AUTOMATION NOT ready for execution: null
    DEBUG: : AUTOMATION Ready for execution: null
    DEBUG: : AUTOMATION Ready for execution: null

ActionProfileSwitchPercentTest > friendlyNameTest() STARTED

ActionProfileSwitchPercentTest > toJSONTest() STARTED

ActionProfileSwitchPercentTest > hasDialogTest() STARTED

ActionProfileSwitchPercentTest > shortDescriptionTest() STARTED

ActionProfileSwitchPercentTest > fromJSONTest() STARTED

ActionProfileSwitchPercentTest > doActionTest() STARTED

TriggerInsulinAgeTest > shouldRunTest() STANDARD_OUT
    DEBUG: : AUTOMATION NOT ready for execution: null
    DEBUG: : AUTOMATION Ready for execution: null
    DEBUG: : AUTOMATION Ready for execution: null
    DEBUG: : AUTOMATION Ready for execution: null
    DEBUG: : AUTOMATION Ready for execution: null
    DEBUG: : AUTOMATION NOT ready for execution: null
    DEBUG: : AUTOMATION Ready for execution: null
    DEBUG: : AUTOMATION NOT ready for execution: null

TriggerPumpBatteryLevelTest > toJSONTest() STARTED

TriggerPumpBatteryLevelTest > copyConstructorTest() STARTED

TriggerPumpBatteryLevelTest > fromJSONTest() STARTED

TriggerPumpBatteryLevelTest > shouldRunBatteryLevelSupport() STARTED

TriggerPumpBatteryLevelTest > shouldRunBatteryLevelSupport() STANDARD_OUT
    DEBUG: : AUTOMATION Ready for execution: null
    DEBUG: : AUTOMATION Ready for execution: null
    DEBUG: : AUTOMATION NOT ready for execution: null

TriggerPumpBatteryLevelTest > shouldRunTest() STARTED

TriggerPumpBatteryLevelTest > shouldRunTest() STANDARD_OUT
    DEBUG: : AUTOMATION NOT ready for execution: null
    DEBUG: : AUTOMATION Ready for execution: null
    DEBUG: : AUTOMATION Ready for execution: null
    DEBUG: : AUTOMATION Ready for execution: null
    DEBUG: : AUTOMATION Ready for execution: null
    DEBUG: : AUTOMATION NOT ready for execution: null
    DEBUG: : AUTOMATION Ready for execution: null
    DEBUG: : AUTOMATION NOT ready for execution: null

TriggerTempTargetTest > toJSONTest() STARTED

TriggerTempTargetTest > copyConstructorTest() STARTED

TriggerTempTargetTest > fromJSONTest() STARTED

ActionProfileSwitchTest > hasDialogTest() STARTED

ActionProfileSwitchTest > shortDescriptionTest() STARTED

ActionProfileSwitchTest > doAction() STARTED

ComparatorConnectTest > labelsTest() STARTED

ActionProfileSwitchTest > doAction() STANDARD_OUT
    ERROR: AUTOMATION Selected profile not initialized
    ERROR: AUTOMATION ProfileFunctions not initialized
    DEBUG: : AUTOMATION Profile is already switched
    ERROR: AUTOMATION Selected profile does not exist! - Test

ActionProfileSwitchTest > friendlyName() STARTED

ActionProfileSwitchTest > fromJSONTest() STARTED

ActionSendSMSTest > friendlyNameTest() STARTED

ComparatorConnectTest > setValueTest() STARTED

InputInsulinTest > setValueTest() STARTED

ActionSendSMSTest > toJSONTest() STARTED

TriggerBTDeviceTest > shouldRun() STARTED

TriggerBTDeviceTest > fromJSON() STARTED

ActionSendSMSTest > hasDialogTest() STARTED

TriggerBTDeviceTest > toJSON() STARTED

ActionSendSMSTest > shortDescriptionTest() STARTED

TriggerBTDeviceTest > duplicate() STARTED

ActionSendSMSTest > fromJSONTest() STARTED

ActionSendSMSTest > doActionTest() STARTED

ComparatorExistsTest > labelsTest() STARTED

TriggerDeltaTest > toJSONTest() STARTED

TriggerDeltaTest > initializerTest() STARTED

TriggerDeltaTest > copyConstructorTest() STARTED

TriggerDeltaTest > fromJSONTest() STARTED

TriggerDeltaTest > shouldRunTest() STARTED

TriggerDeltaTest > shouldRunTest() STANDARD_OUT
    DEBUG: : GLUCOSE Glucose: 214 mg/dl Noise: 0 Delta: -2 mg/dlShort avg. delta:  -2.50 mg/dl Long avg. delta: -2.00 mg/dl 
    DEBUG: : AUTOMATION NOT ready for execution: null
    DEBUG: : GLUCOSE Glucose: 214 mg/dl Noise: 0 Delta: -2 mg/dlShort avg. delta:  -2.50 mg/dl Long avg. delta: -2.00 mg/dl 
    DEBUG: : AUTOMATION NOT ready for execution: null
    DEBUG: : GLUCOSE Glucose: 214 mg/dl Noise: 0 Delta: -2 mg/dlShort avg. delta:  -2.50 mg/dl Long avg. delta: -2.00 mg/dl 
    DEBUG: : AUTOMATION Ready for execution: delta is -2.0 null
    DEBUG: : GLUCOSE Glucose: 214 mg/dl Noise: 0 Delta: -2 mg/dlShort avg. delta:  -2.50 mg/dl Long avg. delta: -2.00 mg/dl 

> Task :plugins:main:testFullDebugUnitTest

> Task :implementation:testFullDebugUnitTest

MaintenanceImplTest > logFilesTest() STANDARD_OUT
    DEBUG: getting 2 logs from directory src/test/assets/logger
    DEBUG: getting 10 logs from directory src/test/assets/logger

ProfileUtilImplTest > toUnitsString() STARTED

PumpWithConcentrationImplTest > isThisProfileSet converts EffectiveProfile to PumpProfile() STARTED

PumpWithConcentrationImplTest > deliverTreatment with U200 halves insulin for normal bolus() STARTED

PumpWithConcentrationImplTest > setTempBasalAbsolute with U200 halves rate sent to pump() STARTED

PumpWithConcentrationImplTest > pumpDescription returns original for U100() STARTED

PumpWithConcentrationImplTest > pumpDescription scales for U50() STARTED

PumpWithConcentrationImplTest > deliverTreatment with U50 doubles insulin for normal bolus() STARTED

PumpWithConcentrationImplTest > deliverTreatment with U200 does not modify priming bolus() STARTED

PumpWithConcentrationImplTest > setExtendedBolus with U50 doubles insulin() STARTED

PumpWithConcentrationImplTest > selectedActivePump returns internal pump() STARTED

PumpWithConcentrationImplTest > setExtendedBolus with U100 passes insulin unchanged() STARTED

PumpWithConcentrationImplTest > deliverTreatment with U100 passes insulin unchanged() STARTED

PumpWithConcentrationImplTest > setExtendedBolus with U200 halves insulin() STARTED

PumpWithConcentrationImplTest > setTempBasalAbsolute throws when no profile running() STARTED

PumpWithConcentrationImplTest > setNewBasalProfile converts EffectiveProfile to PumpProfile() STARTED

PumpWithConcentrationImplTest > setTempBasalAbsolute with U100 passes rate unchanged() STARTED

PumpWithConcentrationImplTest > pumpDescription scales values for U200() STARTED

CommandQueueImplementationTest > isUpdateTimeCommandInQueue() STARTED

CommandQueueImplementationTest > isUpdateTimeCommandInQueue() STANDARD_OUT
    DEBUG: : PUMPQUEUE Adding: CommandUpdateTime - UPDATE TIME
    DEBUG: : PUMPQUEUE Adding: CommandUpdateTime - UPDATE TIME

CommandQueueImplementationTest > isStopCommandInQueue() STARTED

CommandQueueImplementationTest > isStopCommandInQueue() STANDARD_OUT
    DEBUG: : PUMPQUEUE Adding: CommandStopPump - STOP PUMP

CommandQueueImplementationTest > sameCustomCommandNotAllowed() STARTED

CommandQueueImplementationTest > sameCustomCommandNotAllowed() STANDARD_OUT
    DEBUG: : PUMPQUEUE Adding: CommandCustomCommand - CUSTOM COMMAND 1

CommandQueueImplementationTest > tempBasalAbsolute rate zero passes during DISCONNECTED_PUMP() STARTED

CommandQueueImplementationTest > tempBasalAbsolute rate zero passes during DISCONNECTED_PUMP() STANDARD_OUT
    DEBUG: : PUMPQUEUE Adding: CommandTempBasalAbsolute - TEMP BASAL 0.0 U/h 30 min

CommandQueueImplementationTest > smbIsRejectedIfABolusIsQueued() STARTED

CommandQueueImplementationTest > smbIsRejectedIfABolusIsQueued() STANDARD_OUT
    WARN: PUMPQUEUE Running-mode gate: failed to read active mode, allowing command: Cannot invoke "app.aaps.core.data.model.RM.getMode()" because the return value of "kotlinx.coroutines.BuildersKt.runBlocking$default(kotlin.coroutines.CoroutineContext, kotlin.jvm.functions.Function2, int, Object)" is null
    DEBUG: : PUMPQUEUE Adding: CommandBolus - 
    DEBUG: : EVENTS Sending EventMobileToWear[payload=BolusProgress(percent=0, status=Going to deliver 0.00 U)]
    WARN: PUMPQUEUE Running-mode gate: failed to read active mode, allowing command: Cannot invoke "app.aaps.core.data.model.RM.getMode()" because the return value of "kotlinx.coroutines.BuildersKt.runBlocking$default(kotlin.coroutines.CoroutineContext, kotlin.jvm.functions.Function2, int, Object)" is null
    DEBUG: : PUMPQUEUE Rejecting SMB since a bolus is queue/running

CommandQueueImplementationTest > isSetTbrNotificationCommandInQueue() STARTED

CommandQueueImplementationTest > isSetTbrNotificationCommandInQueue() STANDARD_OUT
    DEBUG: : PUMPQUEUE Adding: CommandInsightSetTBROverNotification - INSIGHTSETTBROVERNOTIFICATION

CommandQueueImplementationTest > bolus is rejected during DISCONNECTED_PUMP() STARTED

CommandQueueImplementationTest > bolus is rejected during DISCONNECTED_PUMP() STANDARD_OUT
    DEBUG: : PUMPQUEUE Command rejected by running-mode gate: mode=DISCONNECTED_PUMP, kind=BOLUS, reason=PUMP_DISCONNECTED

CommandQueueImplementationTest > isSetUserOptionsCommandInQueue() STARTED

CommandQueueImplementationTest > isSetUserOptionsCommandInQueue() STANDARD_OUT
    DEBUG: : PUMPQUEUE Adding: CommandSetUserSettings - SET USER SETTINGS
    DEBUG: : PUMPQUEUE Adding: CommandSetUserSettings - SET USER SETTINGS

CommandQueueImplementationTest > differentCustomCommandsAllowed() STARTED

CommandQueueImplementationTest > differentCustomCommandsAllowed() STANDARD_OUT
    DEBUG: : PUMPQUEUE Adding: CommandCustomCommand - CUSTOM COMMAND 1
    DEBUG: : PUMPQUEUE Adding: CommandCustomCommand - CUSTOM COMMAND 2

CommandQueueImplementationTest > tempBasalAbsolute non-zero is rejected during DISCONNECTED_PUMP() STARTED

CommandQueueImplementationTest > tempBasalAbsolute non-zero is rejected during DISCONNECTED_PUMP() STANDARD_OUT
    DEBUG: : PUMPQUEUE Command rejected by running-mode gate: mode=DISCONNECTED_PUMP, kind=TEMP_BASAL_NONZERO, reason=PUMP_DISCONNECTED

CommandQueueImplementationTest > isLoadEventsCommandInQueue() STARTED

CommandQueueImplementationTest > isLoadEventsCommandInQueue() STANDARD_OUT
    DEBUG: : PUMPQUEUE Adding: CommandLoadEvents - LOAD EVENTS
    DEBUG: : PUMPQUEUE Adding: CommandLoadEvents - LOAD EVENTS

CommandQueueImplementationTest > cancelTempBasal is allowed during DISCONNECTED_PUMP() STARTED

CommandQueueImplementationTest > cancelTempBasal is allowed during DISCONNECTED_PUMP() STANDARD_OUT
    DEBUG: : PUMPQUEUE Adding: CommandCancelTempBasal - CANCEL TEMPBASAL

CommandQueueImplementationTest > isStarCommandInQueue() STARTED

CommandQueueImplementationTest > isStarCommandInQueue() STANDARD_OUT
    DEBUG: : PUMPQUEUE Adding: CommandStartPump - START PUMP

CommandQueueImplementationTest > extendedBolus is rejected during DISCONNECTED_PUMP() STARTED

CommandQueueImplementationTest > extendedBolus is rejected during DISCONNECTED_PUMP() STANDARD_OUT
    DEBUG: : PUMPQUEUE Command rejected by running-mode gate: mode=DISCONNECTED_PUMP, kind=EXTENDED_BOLUS, reason=PUMP_DISCONNECTED

CommandQueueImplementationTest > isCustomCommandRunning() STARTED

CommandQueueImplementationTest > isCustomCommandRunning() STANDARD_OUT
    DEBUG: : PUMPQUEUE Adding: CommandCustomCommand - CUSTOM COMMAND 1
    DEBUG: : PUMPQUEUE Adding: CommandCustomCommand - CUSTOM COMMAND 2

CommandQueueImplementationTest > tempBasalAbsolute non-zero is allowed during SUSPENDED_BY_USER() STARTED

CommandQueueImplementationTest > tempBasalAbsolute non-zero is allowed during SUSPENDED_BY_USER() STANDARD_OUT
    DEBUG: : PUMPQUEUE Adding: CommandTempBasalAbsolute - TEMP BASAL 0.0 U/h 30 min

CommandQueueImplementationTest > isDeactivateCommandInQueue() STARTED

CommandQueueImplementationTest > isDeactivateCommandInQueue() STANDARD_OUT
    DEBUG: : PUMPQUEUE Adding: CommandDeactivate - DEACTIVATE
    DEBUG: : PUMPQUEUE Adding: CommandDeactivate - DEACTIVATE

CommandQueueImplementationTest > bolus is allowed during SUSPENDED_BY_USER() STARTED

CommandQueueImplementationTest > bolus is allowed during SUSPENDED_BY_USER() STANDARD_OUT
    DEBUG: : PUMPQUEUE Adding: CommandBolus - 
    DEBUG: : EVENTS Sending EventMobileToWear[payload=BolusProgress(percent=0, status=Going to deliver 0.00 U)]

CommandQueueImplementationTest > isLoadTDDsCommandInQueue() STARTED

CommandQueueImplementationTest > isLoadTDDsCommandInQueue() STANDARD_OUT
    DEBUG: : PUMPQUEUE Adding: CommandLoadTDDs - LOAD TDDs
    DEBUG: : PUMPQUEUE Adding: CommandLoadTDDs - LOAD TDDs

CommandQueueImplementationTest > isLoadHistoryCommandInQueue() STARTED

CommandQueueImplementationTest > isLoadHistoryCommandInQueue() STANDARD_OUT
    DEBUG: : PUMPQUEUE Adding: CommandLoadHistory - LOAD HISTORY 0
    DEBUG: : PUMPQUEUE Adding: CommandLoadHistory - LOAD HISTORY 0

CommandQueueImplementationTest > callingCancelAllBolusesClearsQueue() STARTED

CommandQueueImplementationTest > callingCancelAllBolusesClearsQueue() STANDARD_OUT
    WARN: PUMPQUEUE Running-mode gate: failed to read active mode, allowing command: Cannot invoke "app.aaps.core.data.model.RM.getMode()" because the return value of "kotlinx.coroutines.BuildersKt.runBlocking$default(kotlin.coroutines.CoroutineContext, kotlin.jvm.functions.Function2, int, Object)" is null
    DEBUG: : PUMPQUEUE Adding: CommandSMBBolus - SMB BOLUS %1$.2f U
    WARN: PUMPQUEUE Running-mode gate: failed to read active mode, allowing command: Cannot invoke "app.aaps.core.data.model.RM.getMode()" because the return value of "kotlinx.coroutines.BuildersKt.runBlocking$default(kotlin.coroutines.CoroutineContext, kotlin.jvm.functions.Function2, int, Object)" is null
    DEBUG: : PUMPQUEUE Adding: CommandBolus - 
    DEBUG: : EVENTS Sending EventMobileToWear[payload=BolusProgress(percent=0, status=Going to deliver 0.00 U)]

CommandQueueImplementationTest > isProfileSetCommandInQueue() STARTED

CommandQueueImplementationTest > isProfileSetCommandInQueue() STANDARD_OUT
    DEBUG: : PUMPQUEUE Correct profile already set
    DEBUG: : PUMPQUEUE Current profile: EPS(value=EPS(id=0, version=0, dateCreated=-1, isValid=true, referenceId=null, ids=IDs(nightscoutSystemId=null, nightscoutId=null, pumpType=null, pumpSerial=null, temporaryId=null, pumpId=null, startId=null, endId=null), timestamp=1656358822000, utcOffset=-14400000, basalBlocks=[Block(duration=86400000, amount=1.0)], isfBlocks=[Block(duration=7200000, amount=3.0), Block(duration=79200000, amount=3.4)], icBlocks=[Block(duration=86400000, amount=30.0)], targetBlocks=[TargetBlock(duration=86400000, lowTarget=4.5, highTarget=7.0)], glucoseUnit=MMOL, originalProfileName=, originalCustomizedName=, originalTimeshift=0, originalPercentage=100, originalDuration=0, originalEnd=0, originalPsId=null, iCfg=ICfg(insulinLabel=Fake, insulinEndTime=32400000, insulinPeakTime=3600000, concentration=1.0)), activePlugin=activePlugin)
    DEBUG: : PUMPQUEUE New profile: EPS(value=EPS(id=0, version=0, dateCreated=-1, isValid=true, referenceId=null, ids=IDs(nightscoutSystemId=null, nightscoutId=null, pumpType=null, pumpSerial=null, temporaryId=null, pumpId=null, startId=null, endId=null), timestamp=1656358822000, utcOffset=-14400000, basalBlocks=[Block(duration=86400000, amount=1.0)], isfBlocks=[Block(duration=7200000, amount=3.0), Block(duration=79200000, amount=3.4)], icBlocks=[Block(duration=86400000, amount=30.0)], targetBlocks=[TargetBlock(duration=86400000, lowTarget=4.5, highTarget=7.0)], glucoseUnit=MMOL, originalProfileName=, originalCustomizedName=, originalTimeshift=0, originalPercentage=100, originalDuration=0, originalEnd=0, originalPsId=null, iCfg=ICfg(insulinLabel=Fake, insulinEndTime=32400000, insulinPeakTime=3600000, concentration=1.0)), activePlugin=activePlugin)
    DEBUG: : PUMPQUEUE Adding: CommandSetProfile - SET PROFILE
    DEBUG: : PUMPQUEUE Current profile: EPS(value=EPS(id=0, version=0, dateCreated=-1, isValid=true, referenceId=null, ids=IDs(nightscoutSystemId=null, nightscoutId=null, pumpType=null, pumpSerial=null, temporaryId=null, pumpId=null, startId=null, endId=null), timestamp=1656358822000, utcOffset=-14400000, basalBlocks=[Block(duration=86400000, amount=1.0)], isfBlocks=[Block(duration=7200000, amount=3.0), Block(duration=79200000, amount=3.4)], icBlocks=[Block(duration=86400000, amount=30.0)], targetBlocks=[TargetBlock(duration=86400000, lowTarget=4.5, highTarget=7.0)], glucoseUnit=MMOL, originalProfileName=, originalCustomizedName=, originalTimeshift=0, originalPercentage=100, originalDuration=0, originalEnd=0, originalPsId=null, iCfg=ICfg(insulinLabel=Fake, insulinEndTime=32400000, insulinPeakTime=3600000, concentration=1.0)), activePlugin=activePlugin)
    DEBUG: : PUMPQUEUE New profile: EPS(value=EPS(id=0, version=0, dateCreated=-1, isValid=true, referenceId=null, ids=IDs(nightscoutSystemId=null, nightscoutId=null, pumpType=null, pumpSerial=null, temporaryId=null, pumpId=null, startId=null, endId=null), timestamp=1656358822000, utcOffset=-14400000, basalBlocks=[Block(duration=86400000, amount=1.0)], isfBlocks=[Block(duration=7200000, amount=3.0), Block(duration=79200000, amount=3.4)], icBlocks=[Block(duration=86400000, amount=30.0)], targetBlocks=[TargetBlock(duration=86400000, lowTarget=4.5, highTarget=7.0)], glucoseUnit=MMOL, originalProfileName=, originalCustomizedName=, originalTimeshift=0, originalPercentage=100, originalDuration=0, originalEnd=0, originalPsId=null, iCfg=ICfg(insulinLabel=Fake, insulinEndTime=32400000, insulinPeakTime=3600000, concentration=1.0)), activePlugin=activePlugin)
    DEBUG: : PUMPQUEUE Adding: CommandSetProfile - SET PROFILE

CommandQueueImplementationTest > commandIsPickedUp() STARTED

CommandQueueImplementationTest > commandIsPickedUp() STANDARD_OUT
    WARN: PUMPQUEUE Running-mode gate: failed to read active mode, allowing command: Cannot invoke "app.aaps.core.data.model.RM.getMode()" because the return value of "kotlinx.coroutines.BuildersKt.runBlocking$default(kotlin.coroutines.CoroutineContext, kotlin.jvm.functions.Function2, int, Object)" is null
    DEBUG: : PUMPQUEUE Adding: CommandBolus - 
    DEBUG: : EVENTS Sending EventMobileToWear[payload=BolusProgress(percent=0, status=Going to deliver 0.00 U)]
    DEBUG: : PUMPQUEUE Starting new work
    DEBUG: : EVENTS Sending EventQueueChanged[]
    DEBUG: : PUMPQUEUE connection time 0s
    DEBUG: : PUMPQUEUE performing 
    DEBUG: : EVENTS Sending EventQueueChanged[]
    DEBUG: : EVENTS Sending EventPumpStatusChanged[error=,performingAction=,secondsElapsed=0,status=PERFORMING]
    DEBUG: : PUMPQUEUE Result success: true enacted: false
    DEBUG: : EVENTS Sending EventQueueChanged[]
    DEBUG: : PUMPQUEUE queue empty. disconnect
    DEBUG: : EVENTS Sending EventPumpStatusChanged[error=,performingAction=,secondsElapsed=0,status=DISCONNECTING]
    DEBUG: : EVENTS Sending EventPumpStatusChanged[error=,performingAction=,secondsElapsed=0,status=DISCONNECTED]
    DEBUG: : PUMPQUEUE disconnected
    DEBUG: : PUMPQUEUE work end

CommandQueueImplementationTest > isClearAlarmsCommandInQueue() STARTED

CommandQueueImplementationTest > isClearAlarmsCommandInQueue() STANDARD_OUT
    DEBUG: : PUMPQUEUE Adding: CommandClearAlarms - CLEAR ALARMS
    DEBUG: : PUMPQUEUE Adding: CommandClearAlarms - CLEAR ALARMS

CommandQueueImplementationTest > smbIsRejectedIfLastKnownBolusIsOutdated() STARTED

CommandQueueImplementationTest > smbIsRejectedIfLastKnownBolusIsOutdated() STANDARD_OUT
    WARN: PUMPQUEUE Running-mode gate: failed to read active mode, allowing command: Cannot invoke "app.aaps.core.data.model.RM.getMode()" because the return value of "kotlinx.coroutines.BuildersKt.runBlocking$default(kotlin.coroutines.CoroutineContext, kotlin.jvm.functions.Function2, int, Object)" is null
    DEBUG: : PUMPQUEUE Rejecting bolus, another bolus was issued since request time

CommandQueueImplementationTest > doTests() STARTED

CommandQueueImplementationTest > doTests() STANDARD_OUT
    WARN: PUMPQUEUE Running-mode gate: failed to read active mode, allowing command: Cannot invoke "app.aaps.core.data.model.RM.getMode()" because the return value of "kotlinx.coroutines.BuildersKt.runBlocking$default(kotlin.coroutines.CoroutineContext, kotlin.jvm.functions.Function2, int, Object)" is null
    DEBUG: : PUMPQUEUE Adding: CommandBolus - 
    DEBUG: : EVENTS Sending EventMobileToWear[payload=BolusProgress(percent=0, status=Going to deliver 0.00 U)]
    DEBUG: : PUMPQUEUE Adding: CommandReadStatus - READSTATUS anyString
    WARN: PUMPQUEUE Running-mode gate: failed to read active mode, allowing command: Cannot invoke "app.aaps.core.data.model.RM.getMode()" because the return value of "kotlinx.coroutines.BuildersKt.runBlocking$default(kotlin.coroutines.CoroutineContext, kotlin.jvm.functions.Function2, int, Object)" is null
    DEBUG: : PUMPQUEUE Adding: CommandBolus - 
    DEBUG: : EVENTS Sending EventMobileToWear[payload=BolusProgress(percent=0, status=Going to deliver 0.00 U)]
    DEBUG: : PUMPQUEUE Result cancel
    DEBUG: : PUMPQUEUE Result cancel
    WARN: PUMPQUEUE Running-mode gate: failed to read active mode, allowing command: Cannot invoke "app.aaps.core.data.model.RM.getMode()" because the return value of "kotlinx.coroutines.BuildersKt.runBlocking$default(kotlin.coroutines.CoroutineContext, kotlin.jvm.functions.Function2, int, Object)" is null
    DEBUG: : PUMPQUEUE Adding: CommandTempBasalAbsolute - TEMP BASAL 0.0 U/h 30 min
    WARN: PUMPQUEUE Running-mode gate: failed to read active mode, allowing command: Cannot invoke "app.aaps.core.data.model.RM.getMode()" because the return value of "kotlinx.coroutines.BuildersKt.runBlocking$default(kotlin.coroutines.CoroutineContext, kotlin.jvm.functions.Function2, int, Object)" is null
    DEBUG: : PUMPQUEUE Adding: CommandTempBasalPercent - TEMP BASAL 0% 30 min
    DEBUG: : PUMPQUEUE Adding: CommandCancelTempBasal - CANCEL TEMPBASAL
    WARN: PUMPQUEUE Running-mode gate: failed to read active mode, allowing command: Cannot invoke "app.aaps.core.data.model.RM.getMode()" because the return value of "kotlinx.coroutines.BuildersKt.runBlocking$default(kotlin.coroutines.CoroutineContext, kotlin.jvm.functions.Function2, int, Object)" is null
    DEBUG: : PUMPQUEUE Adding: CommandExtendedBolus - EXTENDEDBOLUS 0.0 U 30 min
    WARN: PUMPQUEUE Running-mode gate: failed to read active mode, allowing command: Cannot invoke "app.aaps.core.data.model.RM.getMode()" because the return value of "kotlinx.coroutines.BuildersKt.runBlocking$default(kotlin.coroutines.CoroutineContext, kotlin.jvm.functions.Function2, int, Object)" is null
    DEBUG: : PUMPQUEUE Adding: CommandExtendedBolus - EXTENDEDBOLUS 0.0 U 30 min
    DEBUG: : PUMPQUEUE Adding: CommandCancelExtendedBolus - CANCEL EXTENDEDBOLUS
    DEBUG: : PUMPQUEUE Adding: CommandLoadHistory - LOAD HISTORY 0
    DEBUG: : PUMPQUEUE Adding: CommandLoadEvents - LOAD EVENTS
    DEBUG: : PUMPQUEUE Adding: CommandClearAlarms - CLEAR ALARMS
    DEBUG: : PUMPQUEUE Adding: CommandDeactivate - DEACTIVATE
    DEBUG: : PUMPQUEUE Adding: CommandUpdateTime - UPDATE TIME
    DEBUG: : PUMPQUEUE Result cancel
    DEBUG: : PUMPQUEUE Result cancel
    DEBUG: : PUMPQUEUE Result cancel
    DEBUG: : PUMPQUEUE Result cancel
    DEBUG: : PUMPQUEUE Result cancel
    DEBUG: : PUMPQUEUE Result cancel
    DEBUG: : PUMPQUEUE Result cancel
    WARN: PUMPQUEUE Running-mode gate: failed to read active mode, allowing command: Cannot invoke "app.aaps.core.data.model.RM.getMode()" because the return value of "kotlinx.coroutines.BuildersKt.runBlocking$default(kotlin.coroutines.CoroutineContext, kotlin.jvm.functions.Function2, int, Object)" is null
    DEBUG: : PUMPQUEUE Adding: CommandTempBasalAbsolute - TEMP BASAL 0.0 U/h 30 min

CommandQueueImplementationTest > working mode allows all commands() STARTED

> Task :plugins:automation:testFullDebugUnitTest
    DEBUG: : AUTOMATION Ready for execution: delta is -2.0 null
    DEBUG: : GLUCOSE Glucose: 214 mg/dl Noise: 0 Delta: -2 mg/dlShort avg. delta:  -2.50 mg/dl Long avg. delta: -2.00 mg/dl 
    DEBUG: : AUTOMATION NOT ready for execution: null
    DEBUG: : GLUCOSE Glucose: 214 mg/dl Noise: 0 Delta: -2 mg/dlShort avg. delta:  -2.50 mg/dl Long avg. delta: -2.00 mg/dl 
    DEBUG: : AUTOMATION Ready for execution: delta is -2.0 null
    DEBUG: : GLUCOSE Glucose: 214 mg/dl Noise: 0 Delta: -2 mg/dlShort avg. delta:  -2.50 mg/dl Long avg. delta: -2.00 mg/dl 
    DEBUG: : AUTOMATION NOT ready for execution: null
    DEBUG: : GLUCOSE Glucose: 214 mg/dl Noise: 0 Delta: -2 mg/dlShort avg. delta:  -2.50 mg/dl Long avg. delta: -2.00 mg/dl 
    DEBUG: : AUTOMATION NOT ready for execution: null
    DEBUG: : GLUCOSE Glucose: 214 mg/dl Noise: 0 Delta: -2 mg/dlShort avg. delta:  -2.50 mg/dl Long avg. delta: -2.00 mg/dl 

ComparatorExistsTest > setValueTest() STARTED

TriggerDeltaTest > shouldRunTest() STANDARD_OUT
    DEBUG: : AUTOMATION Ready for execution: delta is -2.0 null
    DEBUG: : GLUCOSE sizeRecords==0
    DEBUG: : AUTOMATION NOT ready for execution: null
    DEBUG: : GLUCOSE sizeRecords==0

InputPercentTest > setValueTest() STARTED

TriggerDeltaTest > shouldRunTest() STANDARD_OUT
    DEBUG: : AUTOMATION Ready for execution: null

TriggerPodChangeTest > toJSONTest() STARTED

TriggerBgTest > toJSONTest() STARTED

TriggerPodChangeTest > fromJSONTest() STARTED

TriggerPodChangeTest > shouldRunNotAvailable() STARTED

TriggerBgTest > copyConstructorTest() STARTED

TriggerPodChangeTest > shouldRunNotAvailable() STANDARD_OUT
    DEBUG: : AUTOMATION NOT ready for execution (no events): null

TriggerBgTest > fromJSONTest() STARTED

TriggerPodChangeTest > shouldRunNotAvailable() STANDARD_OUT
    DEBUG: : AUTOMATION NOT ready for execution (no events): null
    DEBUG: : AUTOMATION NOT ready for execution (no events): null

TriggerPodChangeTest > shouldRunTest() STARTED

TriggerBgTest > shouldRunTest() STARTED

TriggerPodChangeTest > shouldRunTest() STANDARD_OUT
    DEBUG: : AUTOMATION Ready for execution: null
    DEBUG: : AUTOMATION NOT ready for execution: null

TriggerReservoirLevelTest > toJSONTest() STARTED

TriggerBgTest > shouldRunTest() STANDARD_OUT
    DEBUG: : GLUCOSE sizeRecords==1

TriggerReservoirLevelTest > copyConstructorTest() STARTED

TriggerReservoirLevelTest > fromJSONTest() STARTED

TriggerReservoirLevelTest > shouldRunTest() STARTED

TriggerBgTest > shouldRunTest() STANDARD_OUT
    DEBUG: : AUTOMATION NOT ready for execution: null
    DEBUG: : GLUCOSE sizeRecords==1
    DEBUG: : AUTOMATION Ready for execution: null
    DEBUG: : GLUCOSE sizeRecords==1

TriggerReservoirLevelTest > shouldRunTest() STANDARD_OUT
    DEBUG: : AUTOMATION NOT ready for execution: null

TriggerBgTest > shouldRunTest() STANDARD_OUT
    DEBUG: : AUTOMATION Ready for execution: null
    DEBUG: : GLUCOSE sizeRecords==1

TriggerReservoirLevelTest > shouldRunTest() STANDARD_OUT
    DEBUG: : AUTOMATION Ready for execution: null

TriggerBgTest > shouldRunTest() STANDARD_OUT
    DEBUG: : AUTOMATION Ready for execution: null
    DEBUG: : GLUCOSE sizeRecords==1

TriggerReservoirLevelTest > shouldRunTest() STANDARD_OUT
    DEBUG: : AUTOMATION Ready for execution: null

TriggerBgTest > shouldRunTest() STANDARD_OUT
    DEBUG: : AUTOMATION NOT ready for execution: null
    DEBUG: : GLUCOSE sizeRecords==1

TriggerReservoirLevelTest > shouldRunTest() STANDARD_OUT
    DEBUG: : AUTOMATION Ready for execution: null

TriggerBgTest > shouldRunTest() STANDARD_OUT
    DEBUG: : AUTOMATION Ready for execution: null
    DEBUG: : GLUCOSE sizeRecords==1
    DEBUG: : AUTOMATION NOT ready for execution: null
    DEBUG: : GLUCOSE sizeRecords==1
    DEBUG: : AUTOMATION Ready for execution: null
    DEBUG: : GLUCOSE sizeRecords==1
    DEBUG: : AUTOMATION NOT ready for execution: null
    DEBUG: : GLUCOSE sizeRecords==0
    DEBUG: : AUTOMATION NOT ready for execution: null
    DEBUG: : GLUCOSE sizeRecords==0
    DEBUG: : AUTOMATION Ready for execution: null

TriggerDummyTest > instantiateTest() STARTED

TriggerReservoirLevelTest > shouldRunTest() STANDARD_OUT
    DEBUG: : AUTOMATION Ready for execution: null
    DEBUG: : AUTOMATION NOT ready for execution: null
    DEBUG: : AUTOMATION Ready for execution: null
    DEBUG: : AUTOMATION NOT ready for execution: null

TriggerTimeRangeTest > friendlyNameTest() STARTED

TriggerTimeRangeTest > toJSONTest() STARTED

TriggerTimeRangeTest > friendlyDescriptionTest() STARTED

TriggerProfilePercentTest > friendlyNameTest() STARTED

TriggerProfilePercentTest > toJSONTest() STARTED

TriggerTimeRangeTest > copyConstructorTest() STARTED

TriggerTimeRangeTest > fromJSONTest() STARTED

TriggerTimeRangeTest > shouldRunTest() STARTED

TriggerProfilePercentTest > copyConstructorTest() STARTED

TriggerProfilePercentTest > fromJSONTest() STARTED

TriggerTimeRangeTest > shouldRunTest() STANDARD_OUT
    DEBUG: : AUTOMATION NOT ready for execution: Time is between 12:35 PM and 01:04 PM
    DEBUG: : AUTOMATION Ready for execution: Time is between 12:04 PM and 01:04 PM
    DEBUG: : AUTOMATION Ready for execution: Time is between 12:01 AM and 12:00 AM

TriggerProfilePercentTest > shouldRunTest() STARTED

TriggerProfilePercentTest > shouldRunTest() STANDARD_OUT
    DEBUG: : AUTOMATION NOT ready for execution: null
    DEBUG: : AUTOMATION Ready for execution: null
    DEBUG: : AUTOMATION Ready for execution: null
    DEBUG: : AUTOMATION Ready for execution: null
    DEBUG: : AUTOMATION Ready for execution: null
    DEBUG: : AUTOMATION Ready for execution: null
    DEBUG: : AUTOMATION NOT ready for execution: null
    DEBUG: : AUTOMATION NOT ready for execution: null
    DEBUG: : AUTOMATION NOT ready for execution: null

TriggerSensorAgeTest > toJSONTest() STARTED

TriggerSensorAgeTest > copyConstructorTest() STARTED

TriggerSensorAgeTest > fromJSONTest() STARTED

TriggerSensorAgeTest > shouldRunNotAvailable() STARTED

TriggerSensorAgeTest > shouldRunNotAvailable() STANDARD_OUT
    DEBUG: : AUTOMATION Ready for execution: null
    DEBUG: : AUTOMATION NOT ready for execution: null

TriggerSensorAgeTest > shouldRunTest() STARTED

TriggerSensorAgeTest > shouldRunTest() STANDARD_OUT
    DEBUG: : AUTOMATION NOT ready for execution: null
    DEBUG: : AUTOMATION Ready for execution: null
    DEBUG: : AUTOMATION Ready for execution: null
    DEBUG: : AUTOMATION Ready for execution: null
    DEBUG: : AUTOMATION Ready for execution: null
    DEBUG: : AUTOMATION NOT ready for execution: null
    DEBUG: : AUTOMATION Ready for execution: null
    DEBUG: : AUTOMATION NOT ready for execution: null

TriggerTimeTest > friendlyNameTest() STARTED

TriggerTimeTest > toJSONTest() STARTED

TriggerTimeTest > friendlyDescriptionTest() STARTED

TriggerTimeTest > copyConstructorTest() STARTED

TriggerTimeTest > fromJSONTest() STARTED

TriggerTimeTest > shouldRunTest() STARTED

TriggerTimeTest > shouldRunTest() STANDARD_OUT
    DEBUG: : AUTOMATION Ready for execution: At 6/27/22 03:39 PM
    DEBUG: : AUTOMATION NOT ready for execution: At 6/27/22 03:41 PM

> Task :plugins:aps:testFullDebugUnitTest

BGDatumTest > constructor from GlucoseValue copies values() STARTED

BGDatumTest > toJSON without meal data includes basic fields() STARTED

BGDatumTest > default constructor creates empty BGDatum() STARTED

BGDatumTest > equals returns false for different avgDelta() STARTED

BGDatumTest > toJSON includes dateString and sysTime() STARTED

BGDatumTest > constructor from JSON handles empty JSON() STARTED

BGDatumTest > constructor from JSON parses all fields() STARTED

BGDatumTest > constructor from JSON handles missing fields() STARTED

BGDatumTest > equals returns false for different dates() STARTED

BGDatumTest > equals compares dates with second precision() STARTED

BGDatumTest > equals returns false for different bgi() STARTED

BGDatumTest > equals returns false for different mealCarbs() STARTED

BGDatumTest > toJSON includes glucose field with same value as sgv() STARTED

BGDatumTest > constructor from JSON parses all TrendArrow directions() STARTED

BGDatumTest > equals returns false for different deviation() STARTED

BGDatumTest > equals returns true for same values() STARTED

BGDatumTest > equals returns false for different mealAbsorption() STARTED

LoopPluginTest > allowedNextModes for SUSPENDED_BY_USER returns correct base list() STARTED

LoopPluginTest > allowedNextModes for OPEN_LOOP returns correct base list() STARTED

LoopPluginTest > allowedNextModes for DISCONNECTED_PUMP returns correct base list() STARTED

LoopPluginTest > minutesToEndOfSuspend returns 0 when loop is not suspended() STARTED

LoopPluginTest > runningModeRecord forces SUSPENDED_BY_PUMP when pump is suspended() STARTED

LoopPluginTest > runningModeRecord forces SUSPENDED_BY_PUMP when pump is suspended() STANDARD_OUT
    DEBUG: : EVENTS Sending EventRefreshOverview[from=runningModePreCheck,now=false]

LoopPluginTest > iobShouldBeLimited() STARTED

LoopPluginTest > iobShouldBeLimited() STANDARD_OUT
    DEBUG: : CONSTRAINTS Setting because of smaller value 1.7976931348623157E308 -> 0.0 (Limiting IOB to 0.0 U because of Low Glucose Suspend)[Loop]
    DEBUG: : CONSTRAINTS Limiting original value: 1.7976931348623157E308 to 0.0. Reason: Loop: Limiting IOB to 0.0 U because of Low Glucose Suspend
    DEBUG: : CONSTRAINTS Limiting original value: 1.7976931348623157E308 to 0.0. Reason: Loop: Limiting IOB to 0.0 U because of Low Glucose Suspend

LoopPluginTest > minutesToEndOfSuspend returns remaining minutes for a temporary suspension() STARTED

LoopPluginTest > minutesToEndOfSuspend returns Int_MAX_VALUE for an indefinite suspension() STARTED

LoopPluginTest > runningModeRecord reverts from SUSPENDED_BY_PUMP when pump is resumed() STARTED

LoopPluginTest > allowedNextModes for CLOSED_LOOP returns correct base list() STARTED

LoopPluginTest > runningModeRecord reverts from forced OPEN_LOOP when constraints pass again() STARTED

LoopPluginTest > runningModeRecord reverts from forced OPEN_LOOP when constraints pass again() STANDARD_OUT
    DEBUG: : EVENTS Sending EventRefreshOverview[from=runningModePreCheck,now=false]

LoopPluginTest > allowedNextModes removes CLOSED_LOOP when closed loop is not allowed() STARTED

LoopPluginTest > runningModeRecord does nothing if state is consistent() STARTED

LoopPluginTest > allowedNextModes removes looping modes when loop invocation is not allowed() STARTED

LoopPluginTest > allowedNextModes removes looping modes when loop invocation is not allowed() STANDARD_OUT
    DEBUG: : CONSTRAINTS Limiting original value: false to false. Reason: 
    DEBUG: : EVENTS Sending EventRefreshOverview[from=runningModePreCheck,now=false]

LoopPluginTest > testPluginInterface() STARTED

LoopPluginTest > runningModeRecord forces DISABLED_LOOP when loop invocation is denied() STARTED

LoopPluginTest > runningModeRecord forces DISABLED_LOOP when loop invocation is denied() STANDARD_OUT
    DEBUG: : CONSTRAINTS Limiting original value: false to false. Reason: 
    DEBUG: : EVENTS Sending EventRefreshOverview[from=runningModePreCheck,now=false]

LoopPluginTest > runningModeRecord forces OPEN_LOOP when closed loop is denied() STARTED

LoopPluginTest > runningModeRecord forces OPEN_LOOP when closed loop is denied() STANDARD_OUT
    DEBUG: : CONSTRAINTS Limiting original value: false to false. Reason: 
    DEBUG: : EVENTS Sending EventRefreshOverview[from=runningModePreCheck,now=false]

LoopPluginTest > minutesToEndOfSuspend returns 0 when temporary suspension has just ended() STARTED

LoopPluginTest > allowedNextModes returns emptyList if profile is invalid() STARTED

RunningModeReconcilerTest > transition from DISCONNECTED_PUMP to working cancels TBR() STARTED

RunningModeReconcilerTest > transition from DISCONNECTED_PUMP to working cancels TBR() STANDARD_OUT
    DEBUG: : APS RunningModeReconciler: pump already zero-TBR for sufficient duration, skipping
    DEBUG: : APS RunningModeReconciler: startup reconcile, mode=DISCONNECTED_PUMP
    INFO: APS RunningModeReconciler: canceling active TBR (rate=0.0, type=EMULATED_PUMP_SUSPEND)

RunningModeReconcilerTest > startup with DISCONNECTED_PUMP skips zero TBR when pump already zero for sufficient window() STARTED

RunningModeReconcilerTest > startup with DISCONNECTED_PUMP skips zero TBR when pump already zero for sufficient window() STANDARD_OUT
    DEBUG: : APS RunningModeReconciler: pump already zero-TBR for sufficient duration, skipping
    DEBUG: : APS RunningModeReconciler: startup reconcile, mode=DISCONNECTED_PUMP

RunningModeReconcilerTest > transition to SUSPENDED_BY_USER cancels active TBR() STARTED

RunningModeReconcilerTest > transition to SUSPENDED_BY_USER cancels active TBR() STANDARD_OUT
    DEBUG: : APS RunningModeReconciler: startup reconcile, mode=CLOSED_LOOP
    INFO: APS RunningModeReconciler: canceling active TBR (rate=1.5, type=NORMAL)

RunningModeReconcilerTest > startup drift cancels stale EMULATED_PUMP_SUSPEND TBR when mode is working() STARTED

RunningModeReconcilerTest > startup drift cancels stale EMULATED_PUMP_SUSPEND TBR when mode is working() STANDARD_OUT
    INFO: APS RunningModeReconciler: startup drift ΓÇö pump has EMULATED_PUMP_SUSPEND TBR but mode is CLOSED_LOOP, canceling
    DEBUG: : APS RunningModeReconciler: startup reconcile, mode=CLOSED_LOOP

RunningModeReconcilerTest > startup with working mode and no pump TBR issues no commands() STARTED

RunningModeReconcilerTest > startup with working mode and no pump TBR issues no commands() STANDARD_OUT
    DEBUG: : APS RunningModeReconciler: startup reconcile, mode=CLOSED_LOOP

RunningModeReconcilerTest > startup with DISCONNECTED_PUMP issues zero TBR when pump is not already zero() STARTED

RunningModeReconcilerTest > startup with DISCONNECTED_PUMP issues zero TBR when pump is not already zero() STANDARD_OUT
    INFO: APS RunningModeReconciler: issuing zero-TBR for 60m (mode=DISCONNECTED_PUMP, remaining=30m)
    DEBUG: : APS RunningModeReconciler: startup reconcile, mode=DISCONNECTED_PUMP

RunningModeReconcilerTest > does not issue pump commands when config APS is false() STARTED

RunningModeReconcilerTest > does not issue pump commands when config APS is false() STANDARD_OUT
    DEBUG: : APS RunningModeReconciler: config.APS=false, pump-side path disabled

RunningModeReconcilerTest > transition to DISCONNECTED_PUMP issues zero TBR() STARTED

RunningModeReconcilerTest > transition to DISCONNECTED_PUMP issues zero TBR() STANDARD_OUT
    DEBUG: : APS RunningModeReconciler: startup reconcile, mode=CLOSED_LOOP
    INFO: APS RunningModeReconciler: issuing zero-TBR for 60m (mode=DISCONNECTED_PUMP, remaining=30m)

RunningModeReconcilerTest > transition to DISCONNECTED_PUMP cancels active extended bolus() STARTED

RunningModeReconcilerTest > transition to DISCONNECTED_PUMP cancels active extended bolus() STANDARD_OUT
    DEBUG: : APS RunningModeReconciler: startup reconcile, mode=CLOSED_LOOP
    INFO: APS RunningModeReconciler: canceling active extended bolus
    INFO: APS RunningModeReconciler: issuing zero-TBR for 60m (mode=DISCONNECTED_PUMP, remaining=30m)

OpenAPSSMBPluginTest > specialEnableConditionTest() STARTED

OpenAPSSMBPluginTest > specialShowInListConditionTest() STARTED

PeakDeviationTest > handles typical insulin peak values() STARTED

PeakDeviationTest > constructor from JSON handles empty JSON() STARTED

PeakDeviationTest > handles zero values() STARTED

PeakDeviationTest > toJSON converts meanDeviation to integer() STARTED

PeakDeviationTest > constructor from JSON parses all fields() STARTED

PeakDeviationTest > handles negative values() STARTED

PeakDeviationTest > toJSON keeps smrDeviation as double() STARTED

PeakDeviationTest > constructor from JSON handles missing fields() STARTED

PeakDeviationTest > toJSON converts rmsDeviation to integer() STARTED

PeakDeviationTest > handles rapid-acting insulin peaks() STARTED

PeakDeviationTest > constructor with parameters sets all fields() STARTED

PeakDeviationTest > handles ultra-rapid insulin peaks() STARTED

PeakDeviationTest > toJSON includes all fields() STARTED

PeakDeviationTest > handles large values() STARTED

PeakDeviationTest > default constructor creates empty PeakDeviation() STARTED

DurationRoundingTest > rounds up when remaining is not a multiple of step() STARTED

DurationRoundingTest > skips when pump step is zero meaning TBR not supported() STARTED

DurationRoundingTest > fine-grained pump with step one passes remaining through() STARTED

DurationRoundingTest > fifteen minute step pump with forty-five remaining() STARTED

DurationRoundingTest > step equal to remaining returns exactly that value() STARTED

DurationRoundingTest > skips when remaining is negative() STARTED

DurationRoundingTest > caps when rounded-up value exceeds max() STARTED

DurationRoundingTest > very large remaining with no cap rounds correctly and fits in Int() STARTED

DurationRoundingTest > caps at pump max duration when remaining exceeds it() STARTED

DurationRoundingTest > passes through when remaining is already a multiple of step() STARTED

DurationRoundingTest > rounded-up value at exactly max is allowed() STARTED

DurationRoundingTest > pump max negative means no cap() STARTED

DurationRoundingTest > rounds up when remaining is less than one step() STARTED

DurationRoundingTest > skips when remaining is zero() STARTED

DurationRoundingTest > skips when pump step is negative() STARTED

DurationRoundingTest > one minute remaining with sixty step pump issues sixty() STARTED

DurationRoundingTest > pump max of zero means no cap() STARTED

DurationRoundingTest > very large remaining does not overflow and caps at max() STARTED

OpenAPSAMAPluginTest > specialEnableConditionTest() STARTED

PumpEnactResultExtensionTest > toHtml with percent -1 is not shown() STARTED

PumpEnactResultExtensionTest > toHtml with absolute value of -1 is not shown() STARTED

PumpEnactResultExtensionTest > toHtml with bolus and empty comment does not include comment line() STARTED

PumpEnactResultExtensionTest > toHtml without comment does not include comment line() STARTED

PumpEnactResultExtensionTest > toHtml with zero bolus delivered shows bolus() STARTED

PumpEnactResultExtensionTest > toHtml with percent temp basal shows percent information() STARTED

PumpEnactResultExtensionTest > toHtml with not enacted but with comment shows comment() STARTED

PumpEnactResultExtensionTest > toHtml with absolute temp basal shows absolute information() STARTED

PumpEnactResultExtensionTest > toHtml with simple success shows success status() STARTED

PumpEnactResultExtensionTest > toHtml with simple failure shows success status() STARTED

PumpEnactResultExtensionTest > toHtml with very small bolus shows bolus() STARTED

PumpEnactResultExtensionTest > toHtml with bolus delivered shows bolus information() STARTED

PumpEnactResultExtensionTest > toHtml with queued result shows waiting message() STARTED

PumpEnactResultExtensionTest > toHtml formats absolute value to 2 decimals() STARTED

PumpEnactResultExtensionTest > toHtml with temp basal cancel shows cancel message() STARTED

RunningModeExpirySchedulerTest > does nothing when config APS is false() STARTED

> Task :pump:omnipod:eros:processFullDebugJavaRes
> Task :plugins:sensitivity:kspFullDebugUnitTestKotlin
> Task :plugins:smoothing:kspFullDebugUnitTestKotlin

> Task :plugins:aps:testFullDebugUnitTest

RunningModeExpirySchedulerTest > does nothing when config APS is false() STANDARD_OUT
    DEBUG: : APS RunningModeExpiryScheduler: config.APS=false, not scheduling

RunningModeExpirySchedulerTest > near-overflow duration that wraps timestamp + duration cancels rather than schedules() STARTED

RunningModeExpirySchedulerTest > Long MAX_VALUE duration sentinel cancels rather than overflowing WorkManager delay() STARTED

RunningModeExpirySchedulerTest > already-expired temporary mode cancels rather than schedules() STARTED

RunningModeExpirySchedulerTest > already-expired temporary mode cancels rather than schedules() STANDARD_OUT
    DEBUG: : APS RunningModeExpiryScheduler: active RM (DISCONNECTED_PUMP) already expired, canceling any pending work

RunningModeExpirySchedulerTest > transition from temporary to permanent cancels scheduled work() STARTED

RunningModeExpirySchedulerTest > transition from temporary to permanent cancels scheduled work() STANDARD_OUT
    DEBUG: : APS RunningModeExpiryScheduler: scheduling expiry in 1800000ms

RunningModeExpirySchedulerTest > transition from permanent to temporary schedules work() STARTED

RunningModeExpirySchedulerTest > transition from permanent to temporary schedules work() STANDARD_OUT
    DEBUG: : APS RunningModeExpiryScheduler: scheduling expiry in 1800000ms

RunningModeExpirySchedulerTest > active temporary mode schedules worker() STARTED

RunningModeExpirySchedulerTest > active temporary mode schedules worker() STANDARD_OUT
    DEBUG: : APS RunningModeExpiryScheduler: scheduling expiry in 1800000ms

RunningModeExpirySchedulerTest > zero-duration temporary mode cancels rather than schedules() STARTED

RunningModeExpirySchedulerTest > permanent working mode cancels any pending scheduled work() STARTED

GlucoseStatusExtensionTest > asRounded rounds noise to 0_01() STARTED

GlucoseStatusExtensionTest > asRounded handles very small values() STARTED

GlucoseStatusExtensionTest > asRounded rounds parabola coefficients correctly() STARTED

GlucoseStatusExtensionTest > log formats glucose status with all fields() STARTED

GlucoseStatusExtensionTest > asRounded rounds glucose to 0_1() STARTED

GlucoseStatusExtensionTest > asRounded handles all values together() STARTED

GlucoseStatusExtensionTest > asRounded rounds delta fields to 0_01() STARTED

GlucoseStatusExtensionTest > asRounded rounds corrSqu to 0_0001() STARTED

GlucoseStatusExtensionTest > asRounded handles boundary rounding cases() STARTED

GlucoseStatusExtensionTest > asRounded rounds duraISF fields correctly() STARTED

GlucoseStatusExtensionTest > log handles zero values() STARTED

GlucoseStatusExtensionTest > asRounded rounds parabolaMinutes to 0_1() STARTED

GlucoseStatusExtensionTest > log handles negative values() STARTED

GlucoseStatusExtensionTest > asRounded preserves date() STARTED

> Task :pump:omnipod:eros:transformFullDebugClassesWithAsm

> Task :implementation:testFullDebugUnitTest

CommandQueueImplementationTest > working mode allows all commands() STANDARD_OUT
    DEBUG: : PUMPQUEUE Adding: CommandTempBasalAbsolute - TEMP BASAL 0.0 U/h 30 min
    DEBUG: : PUMPQUEUE Adding: CommandCancelTempBasal - CANCEL TEMPBASAL

CommandQueueImplementationTest > readStatusTwiceIsNotAllowed() STARTED

CommandQueueImplementationTest > readStatusTwiceIsNotAllowed() STANDARD_OUT
    DEBUG: : PUMPQUEUE Adding: CommandReadStatus - READSTATUS 1
    DEBUG: : PUMPQUEUE READSTATUS 2 ignored as duplicated

TrendCalculatorImplTest > getTrendDescription returns correct description for FORTY_FIVE_DOWN() STARTED

TrendCalculatorImplTest > slope boundary test at exactly 3_5 per minute() STARTED

TrendCalculatorImplTest > getTrendDescription returns correct description for DOUBLE_UP() STARTED

TrendCalculatorImplTest > slope boundary test at exactly -3_5 per minute() STARTED

TrendCalculatorImplTest > getTrendArrow calculates FORTY_FIVE_UP for slope between 1 and 2 per minute() STARTED

TrendCalculatorImplTest > getTrendArrow returns null when data is null() STARTED

TrendCalculatorImplTest > getTrendArrow returns NONE for slope greater than 40 per minute() STARTED

TrendCalculatorImplTest > getTrendArrow returns NONE when only one reading() STARTED

TrendCalculatorImplTest > getTrendArrow calculates FLAT for slope between -1 and 1 per minute() STARTED

TrendCalculatorImplTest > getTrendArrow calculates DOUBLE_DOWN for slope less than -3_5 per minute() STARTED

TrendCalculatorImplTest > getTrendDescription returns correct description for FLAT() STARTED

TrendCalculatorImplTest > getTrendDescription returns correct description for NONE() STARTED

TrendCalculatorImplTest > getTrendArrow recalculates when value differs from recalculated() STARTED

TrendCalculatorImplTest > getTrendArrow calculates FORTY_FIVE_DOWN for slope between -2 and -1 per minute() STARTED

TrendCalculatorImplTest > getTrendDescription returns correct description for FORTY_FIVE_UP() STARTED

TrendCalculatorImplTest > getTrendArrow handles same timestamp gracefully() STARTED

TrendCalculatorImplTest > slope boundary test at exactly 1 per minute() STARTED

TrendCalculatorImplTest > getTrendDescription returns correct description for SINGLE_DOWN() STARTED

TrendCalculatorImplTest > getTrendArrow returns null when data is empty() STARTED

TrendCalculatorImplTest > slope boundary test at exactly 2 per minute() STARTED

TrendCalculatorImplTest > getTrendDescription returns correct description for DOUBLE_DOWN() STARTED

TrendCalculatorImplTest > getTrendArrow calculates SINGLE_DOWN for slope between -3_5 and -2 per minute() STARTED

TrendCalculatorImplTest > getTrendArrow calculates SINGLE_UP for slope between 2 and 3_5 per minute() STARTED

TrendCalculatorImplTest > getTrendArrow calculates DOUBLE_UP for slope between 3_5 and 40 per minute() STARTED

TrendCalculatorImplTest > slope boundary test at exactly -1 per minute() STARTED

TrendCalculatorImplTest > getTrendDescription returns correct description for SINGLE_UP() STARTED

TrendCalculatorImplTest > getTrendDescription handles null data() STARTED

TrendCalculatorImplTest > slope boundary test at exactly -2 per minute() STARTED

> Task :plugins:smoothing:compileFullDebugUnitTestKotlin

> Task :plugins:main:testFullDebugUnitTest

ExtendedBolusExtensionKtTest > isInProgress() STARTED

BolusExtensionKtTest > iobCalc() STARTED

TemporaryBasalExtensionKtTest > iobCalc() STARTED

GlucoseValueExtensionKtTest > inMemoryValueToUnits() STARTED

AutosensDataStoreTest > createBucketedData5minTest1() STARTED

TemporaryTargetExtensionKtTest > target() STARTED

> Task :plugins:aps:testFullDebugUnitTest

OpenAPSAMAPluginTest > specialShowInListConditionTest() STARTED

> Task :plugins:smoothing:compileFullDebugUnitTestJavaWithJavac NO-SOURCE
> Task :plugins:smoothing:processFullDebugUnitTestJavaRes
> Task :pump:omnipod:eros:bundleLibRuntimeToJarFullDebug
> Task :plugins:sensitivity:compileFullDebugUnitTestKotlin
> Task :plugins:sensitivity:compileFullDebugUnitTestJavaWithJavac NO-SOURCE

> Task :implementation:testFullDebugUnitTest

GlucoseStatusTestAutoIsf > averageShouldNotFailOnEmptyArray() STARTED

> Task :plugins:sensitivity:processFullDebugUnitTestJavaRes
> Task :pump:omnipod:eros:bundleLibCompileToJarFullDebug

> Task :plugins:main:testFullDebugUnitTest

ExtendedBolusExtensionKtTest > iobCalc() STARTED

ExtendedBolusExtensionKtTest > toTemporaryBasal() STARTED

> Task :pump:dana:kspFullDebugUnitTestKotlin

> Task :plugins:main:testFullDebugUnitTest

AutosensDataStoreTest > createBucketedData5minTest1() STANDARD_OUT
    DEBUG: : AUTOSENS Interval detection: values: 4 averageDiff: 0[s] is5minData: true
    DEBUG: : AUTOSENS Interval detection: values: 4 averageDiff: 0[s] is5minData: true

GlucoseValueExtensionKtTest > valueToUnitsString() STARTED

GlucoseValueExtensionKtTest > directionToIcon() STARTED

AutosensDataStoreTest > createBucketedData5minTest1() STANDARD_OUT
    DEBUG: : AUTOSENS Adding. bgTime: 1970-01-01T00:20:00.000Z lastBgTime: none-first-value GV(id=0, version=0, dateCreated=-1, isValid=true, referenceId=null, ids=IDs(nightscoutSystemId=null, nightscoutId=null, pumpType=null, pumpSerial=null, temporaryId=null, pumpId=null, startId=null, endId=null), timestamp=1200000, utcOffset=-14400000, raw=0.0, value=100.0, trendArrow=FLAT, noise=0.0, sourceSensor=UNKNOWN)
    DEBUG: : AUTOSENS Adding. bgTime: 1970-01-01T00:15:00.000Z lastBgTime: 1970-01-01T00:20:00.000Z InMemoryGlucoseValue(timestamp=900000, value=100.0, trendArrow=NONE, smoothed=null, filledGap=false, sourceSensor=UNKNOWN)
    DEBUG: : AUTOSENS Adding. bgTime: 1970-01-01T00:10:00.000Z lastBgTime: 1970-01-01T00:15:00.000Z InMemoryGlucoseValue(timestamp=600000, value=100.0, trendArrow=NONE, smoothed=null, filledGap=false, sourceSensor=UNKNOWN)
    DEBUG: : AUTOSENS Adding. bgTime: 1970-01-01T00:05:00.000Z lastBgTime: 1970-01-01T00:10:00.000Z InMemoryGlucoseValue(timestamp=300000, value=100.0, trendArrow=NONE, smoothed=null, filledGap=false, sourceSensor=UNKNOWN)
    DEBUG: Adjusted time 12/31/69 08:05:00 PM
    DEBUG: : AUTOSENS Adjusting bucketed data time. Current: 12/31/69 08:10:00 PM to: 12/31/69 08:10:00 PM by 0 sec
    DEBUG: : AUTOSENS Adjusting bucketed data time. Current: 12/31/69 08:15:00 PM to: 12/31/69 08:15:00 PM by 0 sec
    DEBUG: : AUTOSENS Adjusting bucketed data time. Current: 12/31/69 08:20:00 PM to: 12/31/69 08:20:00 PM by 0 sec
    DEBUG: : AUTOSENS Bucketed data created. Size: 4
    DEBUG: : AUTOSENS Interval detection: values: 3 averageDiff: 0[s] is5minData: true
    DEBUG: : AUTOSENS Interval detection: values: 3 averageDiff: 0[s] is5minData: true
    DEBUG: : AUTOSENS Adding. bgTime: 1970-01-01T00:20:00.000Z lastBgTime: none-first-value GV(id=0, version=0, dateCreated=-1, isValid=true, referenceId=null, ids=IDs(nightscoutSystemId=null, nightscoutId=null, pumpType=null, pumpSerial=null, temporaryId=null, pumpId=null, startId=null, endId=null), timestamp=1200000, utcOffset=-14400000, raw=0.0, value=100.0, trendArrow=FLAT, noise=0.0, sourceSensor=UNKNOWN)
    DEBUG: : AUTOSENS Adding. bgTime: 1970-01-01T00:10:10.000Z lastBgTime: 1970-01-01T00:20:00.000Z InMemoryGlucoseValue(timestamp=900000, value=100.0, trendArrow=NONE, smoothed=null, filledGap=true, sourceSensor=UNKNOWN)
    DEBUG: : AUTOSENS Adding. bgTime: 1970-01-01T00:10:10.000Z lastBgTime: 1970-01-01T00:15:00.000Z InMemoryGlucoseValue(timestamp=610000, value=100.0, trendArrow=NONE, smoothed=null, filledGap=false, sourceSensor=UNKNOWN)
    DEBUG: : AUTOSENS Adding. bgTime: 1970-01-01T00:05:00.000Z lastBgTime: 1970-01-01T00:10:10.000Z InMemoryGlucoseValue(timestamp=300000, value=100.0, trendArrow=NONE, smoothed=null, filledGap=false, sourceSensor=UNKNOWN)
    DEBUG: Adjusted time 12/31/69 08:05:00 PM
    DEBUG: : AUTOSENS Adjusting bucketed data time. Current: 12/31/69 08:10:10 PM to: 12/31/69 08:10:00 PM by 10 sec
    DEBUG: : AUTOSENS Adjusting bucketed data time. Current: 12/31/69 08:15:00 PM to: 12/31/69 08:15:00 PM by 0 sec
    DEBUG: : AUTOSENS Adjusting bucketed data time. Current: 12/31/69 08:20:00 PM to: 12/31/69 08:20:00 PM by 0 sec
    DEBUG: : AUTOSENS Bucketed data created. Size: 4
    DEBUG: : AUTOSENS Interval detection: values: 5 averageDiff: 0[s] is5minData: true
    DEBUG: : AUTOSENS Interval detection: values: 5 averageDiff: 0[s] is5minData: true
    DEBUG: : AUTOSENS Adding. bgTime: 1970-01-01T00:20:00.000Z lastBgTime: none-first-value GV(id=0, version=0, dateCreated=-1, isValid=true, referenceId=null, ids=IDs(nightscoutSystemId=null, nightscoutId=null, pumpType=null, pumpSerial=null, temporaryId=null, pumpId=null, startId=null, endId=null), timestamp=1200000, utcOffset=-14400000, raw=0.0, value=100.0, trendArrow=FLAT, noise=0.0, sourceSensor=UNKNOWN)
    DEBUG: : AUTOSENS Adding. bgTime: 1970-01-01T00:15:10.000Z lastBgTime: 1970-01-01T00:20:00.000Z InMemoryGlucoseValue(timestamp=910000, value=100.0, trendArrow=NONE, smoothed=null, filledGap=false, sourceSensor=UNKNOWN)
    DEBUG: : AUTOSENS Adding. bgTime: 1970-01-01T00:10:10.000Z lastBgTime: 1970-01-01T00:15:10.000Z InMemoryGlucoseValue(timestamp=610000, value=100.0, trendArrow=NONE, smoothed=null, filledGap=false, sourceSensor=UNKNOWN)
    DEBUG: : AUTOSENS Adding. bgTime: 1970-01-01T00:05:10.000Z lastBgTime: 1970-01-01T00:10:10.000Z InMemoryGlucoseValue(timestamp=310000, value=100.0, trendArrow=NONE, smoothed=null, filledGap=false, sourceSensor=UNKNOWN)
    DEBUG: : AUTOSENS Adding. bgTime: 1970-01-01T00:00:00.000Z lastBgTime: 1970-01-01T00:05:10.000Z InMemoryGlucoseValue(timestamp=0, value=100.0, trendArrow=NONE, smoothed=null, filledGap=false, sourceSensor=UNKNOWN)
    DEBUG: Adjusted time 
    DEBUG: : AUTOSENS Adjusting bucketed data time. Current: 12/31/69 08:05:10 PM to: 12/31/69 08:05:00 PM by 10 sec
    DEBUG: : AUTOSENS Adjusting bucketed data time. Current: 12/31/69 08:10:10 PM to: 12/31/69 08:10:00 PM by 10 sec
    DEBUG: : AUTOSENS Adjusting bucketed data time. Current: 12/31/69 08:15:10 PM to: 12/31/69 08:15:00 PM by 10 sec
    DEBUG: : AUTOSENS Adjusting bucketed data time. Current: 12/31/69 08:20:00 PM to: 12/31/69 08:20:00 PM by 0 sec
    DEBUG: : AUTOSENS Bucketed data created. Size: 5
    DEBUG: : AUTOSENS Interval detection: values: 3 averageDiff: 0[s] is5minData: true
    DEBUG: : AUTOSENS Interval detection: values: 3 averageDiff: 0[s] is5minData: true
    DEBUG: : AUTOSENS Adding. bgTime: 1970-01-01T00:50:00.000Z lastBgTime: none-first-value GV(id=0, version=0, dateCreated=-1, isValid=true, referenceId=null, ids=IDs(nightscoutSystemId=null, nightscoutId=null, pumpType=null, pumpSerial=null, temporaryId=null, pumpId=null, startId=null, endId=null), timestamp=3000000, utcOffset=-14400000, raw=0.0, value=100.0, trendArrow=FLAT, noise=0.0, sourceSensor=UNKNOWN)
    DEBUG: : AUTOSENS Adding. bgTime: 1970-01-01T00:45:00.000Z lastBgTime: 1970-01-01T00:50:00.000Z InMemoryGlucoseValue(timestamp=2700000, value=90.0, trendArrow=NONE, smoothed=null, filledGap=false, sourceSensor=UNKNOWN)
    DEBUG: : AUTOSENS Adding. bgTime: 1970-01-01T00:20:00.000Z lastBgTime: 1970-01-01T00:45:00.000Z InMemoryGlucoseValue(timestamp=2400000, value=80.0, trendArrow=NONE, smoothed=null, filledGap=true, sourceSensor=UNKNOWN)
    DEBUG: : AUTOSENS Adding. bgTime: 1970-01-01T00:20:00.000Z lastBgTime: 1970-01-01T00:40:00.000Z InMemoryGlucoseValue(timestamp=2100000, value=70.0, trendArrow=NONE, smoothed=null, filledGap=true, sourceSensor=UNKNOWN)
    DEBUG: : AUTOSENS Adding. bgTime: 1970-01-01T00:20:00.000Z lastBgTime: 1970-01-01T00:35:00.000Z InMemoryGlucoseValue(timestamp=1800000, value=60.0, trendArrow=NONE, smoothed=null, filledGap=true, sourceSensor=UNKNOWN)
    DEBUG: : AUTOSENS Adding. bgTime: 1970-01-01T00:20:00.000Z lastBgTime: 1970-01-01T00:30:00.000Z InMemoryGlucoseValue(timestamp=1500000, value=50.0, trendArrow=NONE, smoothed=null, filledGap=true, sourceSensor=UNKNOWN)
    DEBUG: : AUTOSENS Adding. bgTime: 1970-01-01T00:20:00.000Z lastBgTime: 1970-01-01T00:25:00.000Z InMemoryGlucoseValue(timestamp=1200000, value=40.0, trendArrow=NONE, smoothed=null, filledGap=false, sourceSensor=UNKNOWN)
    DEBUG: Adjusted time 12/31/69 08:20:00 PM
    DEBUG: : AUTOSENS Adjusting bucketed data time. Current: 12/31/69 08:25:00 PM to: 12/31/69 08:25:00 PM by 0 sec
    DEBUG: : AUTOSENS Adjusting bucketed data time. Current: 12/31/69 08:30:00 PM to: 12/31/69 08:30:00 PM by 0 sec
    DEBUG: : AUTOSENS Adjusting bucketed data time. Current: 12/31/69 08:35:00 PM to: 12/31/69 08:35:00 PM by 0 sec
    DEBUG: : AUTOSENS Adjusting bucketed data time. Current: 12/31/69 08:40:00 PM to: 12/31/69 08:40:00 PM by 0 sec
    DEBUG: : AUTOSENS Adjusting bucketed data time. Current: 12/31/69 08:45:00 PM to: 12/31/69 08:45:00 PM by 0 sec
    DEBUG: : AUTOSENS Adjusting bucketed data time. Current: 12/31/69 08:50:00 PM to: 12/31/69 08:50:00 PM by 0 sec
    DEBUG: : AUTOSENS Bucketed data created. Size: 7
    DEBUG: : AUTOSENS Interval detection: values: 3 diff: 120[s] is5minData: false
    DEBUG: : AUTOSENS Interval detection: values: 3 diff: 120[s] is5minData: false
    DEBUG: Invalidating cached data because of changed mode.
    DEBUG: Adjusted time 12/31/69 08:50:00 PM

AutosensDataStoreTest > createBucketedData5minTest2() STARTED

AutosensDataStoreTest > createBucketedData5minTest2() STANDARD_OUT
    DEBUG: : AUTOSENS Interval detection: values: 27 averageDiff: 0[s] is5minData: true
    DEBUG: : AUTOSENS Interval detection: values: 27 averageDiff: 0[s] is5minData: true
    DEBUG: : AUTOSENS Adding. bgTime: 2018-09-05T13:34:55.000Z lastBgTime: none-first-value GV(id=0, version=0, dateCreated=-1, isValid=true, referenceId=null, ids=IDs(nightscoutSystemId=null, nightscoutId=null, pumpType=null, pumpSerial=null, temporaryId=null, pumpId=null, startId=null, endId=null), timestamp=1536154495000, utcOffset=-14400000, raw=0.0, value=100.0, trendArrow=FLAT, noise=0.0, sourceSensor=UNKNOWN)
    DEBUG: : AUTOSENS Adding. bgTime: 2018-09-05T13:14:55.000Z lastBgTime: 2018-09-05T13:34:55.000Z InMemoryGlucoseValue(timestamp=1536154195000, value=100.0, trendArrow=NONE, smoothed=null, filledGap=true, sourceSensor=UNKNOWN)
    DEBUG: : AUTOSENS Adding. bgTime: 2018-09-05T13:14:55.000Z lastBgTime: 2018-09-05T13:29:55.000Z InMemoryGlucoseValue(timestamp=1536153895000, value=100.0, trendArrow=NONE, smoothed=null, filledGap=true, sourceSensor=UNKNOWN)
    DEBUG: : AUTOSENS Adding. bgTime: 2018-09-05T13:14:55.000Z lastBgTime: 2018-09-05T13:24:55.000Z InMemoryGlucoseValue(timestamp=1536153595000, value=100.0, trendArrow=NONE, smoothed=null, filledGap=true, sourceSensor=UNKNOWN)
    DEBUG: : AUTOSENS Adding. bgTime: 2018-09-05T13:14:55.000Z lastBgTime: 2018-09-05T13:19:55.000Z InMemoryGlucoseValue(timestamp=1536153295000, value=100.0, trendArrow=NONE, smoothed=null, filledGap=false, sourceSensor=UNKNOWN)
    DEBUG: : AUTOSENS Adding. bgTime: 2018-09-05T13:09:55.000Z lastBgTime: 2018-09-05T13:14:55.000Z InMemoryGlucoseValue(timestamp=1536152995000, value=100.0, trendArrow=NONE, smoothed=null, filledGap=false, sourceSensor=UNKNOWN)
    DEBUG: : AUTOSENS Adding. bgTime: 2018-09-05T13:04:55.000Z lastBgTime: 2018-09-05T13:09:55.000Z InMemoryGlucoseValue(timestamp=1536152695000, value=100.0, trendArrow=NONE, smoothed=null, filledGap=false, sourceSensor=UNKNOWN)
    DEBUG: : AUTOSENS Adding. bgTime: 2018-09-05T12:59:55.000Z lastBgTime: 2018-09-05T13:04:55.000Z InMemoryGlucoseValue(timestamp=1536152395000, value=100.0, trendArrow=NONE, smoothed=null, filledGap=false, sourceSensor=UNKNOWN)
    DEBUG: : AUTOSENS Adding. bgTime: 2018-09-05T12:54:55.000Z lastBgTime: 2018-09-05T12:59:55.000Z InMemoryGlucoseValue(timestamp=1536152095000, value=100.0, trendArrow=NONE, smoothed=null, filledGap=false, sourceSensor=UNKNOWN)
    DEBUG: : AUTOSENS Adding. bgTime: 2018-09-05T12:49:55.000Z lastBgTime: 2018-09-05T12:54:55.000Z InMemoryGlucoseValue(timestamp=1536151795000, value=100.0, trendArrow=NONE, smoothed=null, filledGap=false, sourceSensor=UNKNOWN)
    DEBUG: : AUTOSENS Adding. bgTime: 2018-09-05T12:44:55.000Z lastBgTime: 2018-09-05T12:49:55.000Z InMemoryGlucoseValue(timestamp=1536151495000, value=100.0, trendArrow=NONE, smoothed=null, filledGap=false, sourceSensor=UNKNOWN)
    DEBUG: : AUTOSENS Adding. bgTime: 2018-09-05T12:39:55.000Z lastBgTime: 2018-09-05T12:44:55.000Z InMemoryGlucoseValue(timestamp=1536151195000, value=100.0, trendArrow=NONE, smoothed=null, filledGap=false, sourceSensor=UNKNOWN)
    DEBUG: : AUTOSENS Adding. bgTime: 2018-09-05T12:34:55.000Z lastBgTime: 2018-09-05T12:39:55.000Z InMemoryGlucoseValue(timestamp=1536150895000, value=100.0, trendArrow=NONE, smoothed=null, filledGap=false, sourceSensor=UNKNOWN)
    DEBUG: : AUTOSENS Adding. bgTime: 2018-09-05T12:29:56.000Z lastBgTime: 2018-09-05T12:34:55.000Z InMemoryGlucoseValue(timestamp=1536150596000, value=100.0, trendArrow=NONE, smoothed=null, filledGap=false, sourceSensor=UNKNOWN)
    DEBUG: : AUTOSENS Adding. bgTime: 2018-09-05T12:24:55.000Z lastBgTime: 2018-09-05T12:29:56.000Z InMemoryGlucoseValue(timestamp=1536150295000, value=100.0, trendArrow=NONE, smoothed=null, filledGap=false, sourceSensor=UNKNOWN)
    DEBUG: : AUTOSENS Adding. bgTime: 2018-09-05T12:19:56.000Z lastBgTime: 2018-09-05T12:24:55.000Z InMemoryGlucoseValue(timestamp=1536149996000, value=100.0, trendArrow=NONE, smoothed=null, filledGap=false, sourceSensor=UNKNOWN)
    DEBUG: : AUTOSENS Adding. bgTime: 2018-09-05T12:14:56.000Z lastBgTime: 2018-09-05T12:19:56.000Z InMemoryGlucoseValue(timestamp=1536149696000, value=100.0, trendArrow=NONE, smoothed=null, filledGap=false, sourceSensor=UNKNOWN)
    DEBUG: : AUTOSENS Adding. bgTime: 2018-09-05T12:09:56.000Z lastBgTime: 2018-09-05T12:14:56.000Z InMemoryGlucoseValue(timestamp=1536149396000, value=100.0, trendArrow=NONE, smoothed=null, filledGap=false, sourceSensor=UNKNOWN)
    DEBUG: : AUTOSENS Adding. bgTime: 2018-09-05T12:04:56.000Z lastBgTime: 2018-09-05T12:09:56.000Z InMemoryGlucoseValue(timestamp=1536149096000, value=100.0, trendArrow=NONE, smoothed=null, filledGap=false, sourceSensor=UNKNOWN)
    DEBUG: : AUTOSENS Adding. bgTime: 2018-09-05T11:59:55.000Z lastBgTime: 2018-09-05T12:04:56.000Z InMemoryGlucoseValue(timestamp=1536148795000, value=100.0, trendArrow=NONE, smoothed=null, filledGap=false, sourceSensor=UNKNOWN)
    DEBUG: : AUTOSENS Adding. bgTime: 2018-09-05T04:29:57.000Z lastBgTime: 2018-09-05T11:59:55.000Z InMemoryGlucoseValue(timestamp=1536148495000, value=100.0, trendArrow=NONE, smoothed=null, filledGap=true, sourceSensor=UNKNOWN)
    DEBUG: : AUTOSENS Adding. bgTime: 2018-09-05T04:29:57.000Z lastBgTime: 2018-09-05T11:54:55.000Z InMemoryGlucoseValue(timestamp=1536148195000, value=100.0, trendArrow=NONE, smoothed=null, filledGap=true, sourceSensor=UNKNOWN)
    DEBUG: : AUTOSENS Adding. bgTime: 2018-09-05T04:29:57.000Z lastBgTime: 2018-09-05T11:49:55.000Z InMemoryGlucoseValue(timestamp=1536147895000, value=100.0, trendArrow=NONE, smoothed=null, filledGap=true, sourceSensor=UNKNOWN)
    DEBUG: : AUTOSENS Adding. bgTime: 2018-09-05T04:29:57.000Z lastBgTime: 2018-09-05T11:44:55.000Z InMemoryGlucoseValue(timestamp=1536147595000, value=100.0, trendArrow=NONE, smoothed=null, filledGap=true, sourceSensor=UNKNOWN)
    DEBUG: : AUTOSENS Adding. bgTime: 2018-09-05T04:29:57.000Z lastBgTime: 2018-09-05T11:39:55.000Z InMemoryGlucoseValue(timestamp=1536147295000, value=100.0, trendArrow=NONE, smoothed=null, filledGap=true, sourceSensor=UNKNOWN)
    DEBUG: : AUTOSENS Adding. bgTime: 2018-09-05T04:29:57.000Z lastBgTime: 2018-09-05T11:34:55.000Z InMemoryGlucoseValue(timestamp=1536146995000, value=100.0, trendArrow=NONE, smoothed=null, filledGap=true, sourceSensor=UNKNOWN)
    DEBUG: : AUTOSENS Adding. bgTime: 2018-09-05T04:29:57.000Z lastBgTime: 2018-09-05T11:29:55.000Z InMemoryGlucoseValue(timestamp=1536146695000, value=100.0, trendArrow=NONE, smoothed=null, filledGap=true, sourceSensor=UNKNOWN)
    DEBUG: : AUTOSENS Adding. bgTime: 2018-09-05T04:29:57.000Z lastBgTime: 2018-09-05T11:24:55.000Z InMemoryGlucoseValue(timestamp=1536146395000, value=100.0, trendArrow=NONE, smoothed=null, filledGap=true, sourceSensor=UNKNOWN)
    DEBUG: : AUTOSENS Adding. bgTime: 2018-09-05T04:29:57.000Z lastBgTime: 2018-09-05T11:19:55.000Z InMemoryGlucoseValue(timestamp=1536146095000, value=100.0, trendArrow=NONE, smoothed=null, filledGap=true, sourceSensor=UNKNOWN)
    DEBUG: : AUTOSENS Adding. bgTime: 2018-09-05T04:29:57.000Z lastBgTime: 2018-09-05T11:14:55.000Z InMemoryGlucoseValue(timestamp=1536145795000, value=100.0, trendArrow=NONE, smoothed=null, filledGap=true, sourceSensor=UNKNOWN)
    DEBUG: : AUTOSENS Adding. bgTime: 2018-09-05T04:29:57.000Z lastBgTime: 2018-09-05T11:09:55.000Z InMemoryGlucoseValue(timestamp=1536145495000, value=100.0, trendArrow=NONE, smoothed=null, filledGap=true, sourceSensor=UNKNOWN)
    DEBUG: : AUTOSENS Adding. bgTime: 2018-09-05T04:29:57.000Z lastBgTime: 2018-09-05T11:04:55.000Z InMemoryGlucoseValue(timestamp=1536145195000, value=100.0, trendArrow=NONE, smoothed=null, filledGap=true, sourceSensor=UNKNOWN)
    DEBUG: : AUTOSENS Adding. bgTime: 2018-09-05T04:29:57.000Z lastBgTime: 2018-09-05T10:59:55.000Z InMemoryGlucoseValue(timestamp=1536144895000, value=100.0, trendArrow=NONE, smoothed=null, filledGap=true, sourceSensor=UNKNOWN)
    DEBUG: : AUTOSENS Adding. bgTime: 2018-09-05T04:29:57.000Z lastBgTime: 2018-09-05T10:54:55.000Z InMemoryGlucoseValue(timestamp=1536144595000, value=100.0, trendArrow=NONE, smoothed=null, filledGap=true, sourceSensor=UNKNOWN)
    DEBUG: : AUTOSENS Adding. bgTime: 2018-09-05T04:29:57.000Z lastBgTime: 2018-09-05T10:49:55.000Z InMemoryGlucoseValue(timestamp=1536144295000, value=100.0, trendArrow=NONE, smoothed=null, filledGap=true, sourceSensor=UNKNOWN)
    DEBUG: : AUTOSENS Adding. bgTime: 2018-09-05T04:29:57.000Z lastBgTime: 2018-09-05T10:44:55.000Z InMemoryGlucoseValue(timestamp=1536143995000, value=100.0, trendArrow=NONE, smoothed=null, filledGap=true, sourceSensor=UNKNOWN)
    DEBUG: : AUTOSENS Adding. bgTime: 2018-09-05T04:29:57.000Z lastBgTime: 2018-09-05T10:39:55.000Z InMemoryGlucoseValue(timestamp=1536143695000, value=100.0, trendArrow=NONE, smoothed=null, filledGap=true, sourceSensor=UNKNOWN)
    DEBUG: : AUTOSENS Adding. bgTime: 2018-09-05T04:29:57.000Z lastBgTime: 2018-09-05T10:34:55.000Z InMemoryGlucoseValue(timestamp=1536143395000, value=100.0, trendArrow=NONE, smoothed=null, filledGap=true, sourceSensor=UNKNOWN)
    DEBUG: : AUTOSENS Adding. bgTime: 2018-09-05T04:29:57.000Z lastBgTime: 2018-09-05T10:29:55.000Z InMemoryGlucoseValue(timestamp=1536143095000, value=100.0, trendArrow=NONE, smoothed=null, filledGap=true, sourceSensor=UNKNOWN)
    DEBUG: : AUTOSENS Adding. bgTime: 2018-09-05T04:29:57.000Z lastBgTime: 2018-09-05T10:24:55.000Z InMemoryGlucoseValue(timestamp=1536142795000, value=100.0, trendArrow=NONE, smoothed=null, filledGap=true, sourceSensor=UNKNOWN)
    DEBUG: : AUTOSENS Adding. bgTime: 2018-09-05T04:29:57.000Z lastBgTime: 2018-09-05T10:19:55.000Z InMemoryGlucoseValue(timestamp=1536142495000, value=100.0, trendArrow=NONE, smoothed=null, filledGap=true, sourceSensor=UNKNOWN)
    DEBUG: : AUTOSENS Adding. bgTime: 2018-09-05T04:29:57.000Z lastBgTime: 2018-09-05T10:14:55.000Z InMemoryGlucoseValue(timestamp=1536142195000, value=100.0, trendArrow=NONE, smoothed=null, filledGap=true, sourceSensor=UNKNOWN)
    DEBUG: : AUTOSENS Adding. bgTime: 2018-09-05T04:29:57.000Z lastBgTime: 2018-09-05T10:09:55.000Z InMemoryGlucoseValue(timestamp=1536141895000, value=100.0, trendArrow=NONE, smoothed=null, filledGap=true, sourceSensor=UNKNOWN)
    DEBUG: : AUTOSENS Adding. bgTime: 2018-09-05T04:29:57.000Z lastBgTime: 2018-09-05T10:04:55.000Z InMemoryGlucoseValue(timestamp=1536141595000, value=100.0, trendArrow=NONE, smoothed=null, filledGap=true, sourceSensor=UNKNOWN)
    DEBUG: : AUTOSENS Adding. bgTime: 2018-09-05T04:29:57.000Z lastBgTime: 2018-09-05T09:59:55.000Z InMemoryGlucoseValue(timestamp=1536141295000, value=100.0, trendArrow=NONE, smoothed=null, filledGap=true, sourceSensor=UNKNOWN)
    DEBUG: : AUTOSENS Adding. bgTime: 2018-09-05T04:29:57.000Z lastBgTime: 2018-09-05T09:54:55.000Z InMemoryGlucoseValue(timestamp=1536140995000, value=100.0, trendArrow=NONE, smoothed=null, filledGap=true, sourceSensor=UNKNOWN)
    DEBUG: : AUTOSENS Adding. bgTime: 2018-09-05T04:29:57.000Z lastBgTime: 2018-09-05T09:49:55.000Z InMemoryGlucoseValue(timestamp=1536140695000, value=100.0, trendArrow=NONE, smoothed=null, filledGap=true, sourceSensor=UNKNOWN)
    DEBUG: : AUTOSENS Adding. bgTime: 2018-09-05T04:29:57.000Z lastBgTime: 2018-09-05T09:44:55.000Z InMemoryGlucoseValue(timestamp=1536140395000, value=100.0, trendArrow=NONE, smoothed=null, filledGap=true, sourceSensor=UNKNOWN)
    DEBUG: : AUTOSENS Adding. bgTime: 2018-09-05T04:29:57.000Z lastBgTime: 2018-09-05T09:39:55.000Z InMemoryGlucoseValue(timestamp=1536140095000, value=100.0, trendArrow=NONE, smoothed=null, filledGap=true, sourceSensor=UNKNOWN)
    DEBUG: : AUTOSENS Adding. bgTime: 2018-09-05T04:29:57.000Z lastBgTime: 2018-09-05T09:34:55.000Z InMemoryGlucoseValue(timestamp=1536139795000, value=100.0, trendArrow=NONE, smoothed=null, filledGap=true, sourceSensor=UNKNOWN)
    DEBUG: : AUTOSENS Adding. bgTime: 2018-09-05T04:29:57.000Z lastBgTime: 2018-09-05T09:29:55.000Z InMemoryGlucoseValue(timestamp=1536139495000, value=100.0, trendArrow=NONE, smoothed=null, filledGap=true, sourceSensor=UNKNOWN)
    DEBUG: : AUTOSENS Adding. bgTime: 2018-09-05T04:29:57.000Z lastBgTime: 2018-09-05T09:24:55.000Z InMemoryGlucoseValue(timestamp=1536139195000, value=100.0, trendArrow=NONE, smoothed=null, filledGap=true, sourceSensor=UNKNOWN)
    DEBUG: : AUTOSENS Adding. bgTime: 2018-09-05T04:29:57.000Z lastBgTime: 2018-09-05T09:19:55.000Z InMemoryGlucoseValue(timestamp=1536138895000, value=100.0, trendArrow=NONE, smoothed=null, filledGap=true, sourceSensor=UNKNOWN)
    DEBUG: : AUTOSENS Adding. bgTime: 2018-09-05T04:29:57.000Z lastBgTime: 2018-09-05T09:14:55.000Z InMemoryGlucoseValue(timestamp=1536138595000, value=100.0, trendArrow=NONE, smoothed=null, filledGap=true, sourceSensor=UNKNOWN)
    DEBUG: : AUTOSENS Adding. bgTime: 2018-09-05T04:29:57.000Z lastBgTime: 2018-09-05T09:09:55.000Z InMemoryGlucoseValue(timestamp=1536138295000, value=100.0, trendArrow=NONE, smoothed=null, filledGap=true, sourceSensor=UNKNOWN)
    DEBUG: : AUTOSENS Adding. bgTime: 2018-09-05T04:29:57.000Z lastBgTime: 2018-09-05T09:04:55.000Z InMemoryGlucoseValue(timestamp=1536137995000, value=100.0, trendArrow=NONE, smoothed=null, filledGap=true, sourceSensor=UNKNOWN)
    DEBUG: : AUTOSENS Adding. bgTime: 2018-09-05T04:29:57.000Z lastBgTime: 2018-09-05T08:59:55.000Z InMemoryGlucoseValue(timestamp=1536137695000, value=100.0, trendArrow=NONE, smoothed=null, filledGap=true, sourceSensor=UNKNOWN)
    DEBUG: : AUTOSENS Adding. bgTime: 2018-09-05T04:29:57.000Z lastBgTime: 2018-09-05T08:54:55.000Z InMemoryGlucoseValue(timestamp=1536137395000, value=100.0, trendArrow=NONE, smoothed=null, filledGap=true, sourceSensor=UNKNOWN)
    DEBUG: : AUTOSENS Adding. bgTime: 2018-09-05T04:29:57.000Z lastBgTime: 2018-09-05T08:49:55.000Z InMemoryGlucoseValue(timestamp=1536137095000, value=100.0, trendArrow=NONE, smoothed=null, filledGap=true, sourceSensor=UNKNOWN)
    DEBUG: : AUTOSENS Adding. bgTime: 2018-09-05T04:29:57.000Z lastBgTime: 2018-09-05T08:44:55.000Z InMemoryGlucoseValue(timestamp=1536136795000, value=100.0, trendArrow=NONE, smoothed=null, filledGap=true, sourceSensor=UNKNOWN)
    DEBUG: : AUTOSENS Adding. bgTime: 2018-09-05T04:29:57.000Z lastBgTime: 2018-09-05T08:39:55.000Z InMemoryGlucoseValue(timestamp=1536136495000, value=100.0, trendArrow=NONE, smoothed=null, filledGap=true, sourceSensor=UNKNOWN)
    DEBUG: : AUTOSENS Adding. bgTime: 2018-09-05T04:29:57.000Z lastBgTime: 2018-09-05T08:34:55.000Z InMemoryGlucoseValue(timestamp=1536136195000, value=100.0, trendArrow=NONE, smoothed=null, filledGap=true, sourceSensor=UNKNOWN)
    DEBUG: : AUTOSENS Adding. bgTime: 2018-09-05T04:29:57.000Z lastBgTime: 2018-09-05T08:29:55.000Z InMemoryGlucoseValue(timestamp=1536135895000, value=100.0, trendArrow=NONE, smoothed=null, filledGap=true, sourceSensor=UNKNOWN)
    DEBUG: : AUTOSENS Adding. bgTime: 2018-09-05T04:29:57.000Z lastBgTime: 2018-09-05T08:24:55.000Z InMemoryGlucoseValue(timestamp=1536135595000, value=100.0, trendArrow=NONE, smoothed=null, filledGap=true, sourceSensor=UNKNOWN)
    DEBUG: : AUTOSENS Adding. bgTime: 2018-09-05T04:29:57.000Z lastBgTime: 2018-09-05T08:19:55.000Z InMemoryGlucoseValue(timestamp=1536135295000, value=100.0, trendArrow=NONE, smoothed=null, filledGap=true, sourceSensor=UNKNOWN)
    DEBUG: : AUTOSENS Adding. bgTime: 2018-09-05T04:29:57.000Z lastBgTime: 2018-09-05T08:14:55.000Z InMemoryGlucoseValue(timestamp=1536134995000, value=100.0, trendArrow=NONE, smoothed=null, filledGap=true, sourceSensor=UNKNOWN)
    DEBUG: : AUTOSENS Adding. bgTime: 2018-09-05T04:29:57.000Z lastBgTime: 2018-09-05T08:09:55.000Z InMemoryGlucoseValue(timestamp=1536134695000, value=100.0, trendArrow=NONE, smoothed=null, filledGap=true, sourceSensor=UNKNOWN)
    DEBUG: : AUTOSENS Adding. bgTime: 2018-09-05T04:29:57.000Z lastBgTime: 2018-09-05T08:04:55.000Z InMemoryGlucoseValue(timestamp=1536134395000, value=100.0, trendArrow=NONE, smoothed=null, filledGap=true, sourceSensor=UNKNOWN)
    DEBUG: : AUTOSENS Adding. bgTime: 2018-09-05T04:29:57.000Z lastBgTime: 2018-09-05T07:59:55.000Z InMemoryGlucoseValue(timestamp=1536134095000, value=100.0, trendArrow=NONE, smoothed=null, filledGap=true, sourceSensor=UNKNOWN)
    DEBUG: : AUTOSENS Adding. bgTime: 2018-09-05T04:29:57.000Z lastBgTime: 2018-09-05T07:54:55.000Z InMemoryGlucoseValue(timestamp=1536133795000, value=100.0, trendArrow=NONE, smoothed=null, filledGap=true, sourceSensor=UNKNOWN)
    DEBUG: : AUTOSENS Adding. bgTime: 2018-09-05T04:29:57.000Z lastBgTime: 2018-09-05T07:49:55.000Z InMemoryGlucoseValue(timestamp=1536133495000, value=100.0, trendArrow=NONE, smoothed=null, filledGap=true, sourceSensor=UNKNOWN)
    DEBUG: : AUTOSENS Adding. bgTime: 2018-09-05T04:29:57.000Z lastBgTime: 2018-09-05T07:44:55.000Z InMemoryGlucoseValue(timestamp=1536133195000, value=100.0, trendArrow=NONE, smoothed=null, filledGap=true, sourceSensor=UNKNOWN)
    DEBUG: : AUTOSENS Adding. bgTime: 2018-09-05T04:29:57.000Z lastBgTime: 2018-09-05T07:39:55.000Z InMemoryGlucoseValue(timestamp=1536132895000, value=100.0, trendArrow=NONE, smoothed=null, filledGap=true, sourceSensor=UNKNOWN)
    DEBUG: : AUTOSENS Adding. bgTime: 2018-09-05T04:29:57.000Z lastBgTime: 2018-09-05T07:34:55.000Z InMemoryGlucoseValue(timestamp=1536132595000, value=100.0, trendArrow=NONE, smoothed=null, filledGap=true, sourceSensor=UNKNOWN)
    DEBUG: : AUTOSENS Adding. bgTime: 2018-09-05T04:29:57.000Z lastBgTime: 2018-09-05T07:29:55.000Z InMemoryGlucoseValue(timestamp=1536132295000, value=100.0, trendArrow=NONE, smoothed=null, filledGap=true, sourceSensor=UNKNOWN)
    DEBUG: : AUTOSENS Adding. bgTime: 2018-09-05T04:29:57.000Z lastBgTime: 2018-09-05T07:24:55.000Z InMemoryGlucoseValue(timestamp=1536131995000, value=100.0, trendArrow=NONE, smoothed=null, filledGap=true, sourceSensor=UNKNOWN)
    DEBUG: : AUTOSENS Adding. bgTime: 2018-09-05T04:29:57.000Z lastBgTime: 2018-09-05T07:19:55.000Z InMemoryGlucoseValue(timestamp=1536131695000, value=100.0, trendArrow=NONE, smoothed=null, filledGap=true, sourceSensor=UNKNOWN)
    DEBUG: : AUTOSENS Adding. bgTime: 2018-09-05T04:29:57.000Z lastBgTime: 2018-09-05T07:14:55.000Z InMemoryGlucoseValue(timestamp=1536131395000, value=100.0, trendArrow=NONE, smoothed=null, filledGap=true, sourceSensor=UNKNOWN)
    DEBUG: : AUTOSENS Adding. bgTime: 2018-09-05T04:29:57.000Z lastBgTime: 2018-09-05T07:09:55.000Z InMemoryGlucoseValue(timestamp=1536131095000, value=100.0, trendArrow=NONE, smoothed=null, filledGap=true, sourceSensor=UNKNOWN)
    DEBUG: : AUTOSENS Adding. bgTime: 2018-09-05T04:29:57.000Z lastBgTime: 2018-09-05T07:04:55.000Z InMemoryGlucoseValue(timestamp=1536130795000, value=100.0, trendArrow=NONE, smoothed=null, filledGap=true, sourceSensor=UNKNOWN)
    DEBUG: : AUTOSENS Adding. bgTime: 2018-09-05T04:29:57.000Z lastBgTime: 2018-09-05T06:59:55.000Z InMemoryGlucoseValue(timestamp=1536130495000, value=100.0, trendArrow=NONE, smoothed=null, filledGap=true, sourceSensor=UNKNOWN)
    DEBUG: : AUTOSENS Adding. bgTime: 2018-09-05T04:29:57.000Z lastBgTime: 2018-09-05T06:54:55.000Z InMemoryGlucoseValue(timestamp=1536130195000, value=100.0, trendArrow=NONE, smoothed=null, filledGap=true, sourceSensor=UNKNOWN)
    DEBUG: : AUTOSENS Adding. bgTime: 2018-09-05T04:29:57.000Z lastBgTime: 2018-09-05T06:49:55.000Z InMemoryGlucoseValue(timestamp=1536129895000, value=100.0, trendArrow=NONE, smoothed=null, filledGap=true, sourceSensor=UNKNOWN)
    DEBUG: : AUTOSENS Adding. bgTime: 2018-09-05T04:29:57.000Z lastBgTime: 2018-09-05T06:44:55.000Z InMemoryGlucoseValue(timestamp=1536129595000, value=100.0, trendArrow=NONE, smoothed=null, filledGap=true, sourceSensor=UNKNOWN)
    DEBUG: : AUTOSENS Adding. bgTime: 2018-09-05T04:29:57.000Z lastBgTime: 2018-09-05T06:39:55.000Z InMemoryGlucoseValue(timestamp=1536129295000, value=100.0, trendArrow=NONE, smoothed=null, filledGap=true, sourceSensor=UNKNOWN)
    DEBUG: : AUTOSENS Adding. bgTime: 2018-09-05T04:29:57.000Z lastBgTime: 2018-09-05T06:34:55.000Z InMemoryGlucoseValue(timestamp=1536128995000, value=100.0, trendArrow=NONE, smoothed=null, filledGap=true, sourceSensor=UNKNOWN)
    DEBUG: : AUTOSENS Adding. bgTime: 2018-09-05T04:29:57.000Z lastBgTime: 2018-09-05T06:29:55.000Z InMemoryGlucoseValue(timestamp=1536128695000, value=100.0, trendArrow=NONE, smoothed=null, filledGap=true, sourceSensor=UNKNOWN)
    DEBUG: : AUTOSENS Adding. bgTime: 2018-09-05T04:29:57.000Z lastBgTime: 2018-09-05T06:24:55.000Z InMemoryGlucoseValue(timestamp=1536128395000, value=100.0, trendArrow=NONE, smoothed=null, filledGap=true, sourceSensor=UNKNOWN)
    DEBUG: : AUTOSENS Adding. bgTime: 2018-09-05T04:29:57.000Z lastBgTime: 2018-09-05T06:19:55.000Z InMemoryGlucoseValue(timestamp=1536128095000, value=100.0, trendArrow=NONE, smoothed=null, filledGap=true, sourceSensor=UNKNOWN)
    DEBUG: : AUTOSENS Adding. bgTime: 2018-09-05T04:29:57.000Z lastBgTime: 2018-09-05T06:14:55.000Z InMemoryGlucoseValue(timestamp=1536127795000, value=100.0, trendArrow=NONE, smoothed=null, filledGap=true, sourceSensor=UNKNOWN)
    DEBUG: : AUTOSENS Adding. bgTime: 2018-09-05T04:29:57.000Z lastBgTime: 2018-09-05T06:09:55.000Z InMemoryGlucoseValue(timestamp=1536127495000, value=100.0, trendArrow=NONE, smoothed=null, filledGap=true, sourceSensor=UNKNOWN)
    DEBUG: : AUTOSENS Adding. bgTime: 2018-09-05T04:29:57.000Z lastBgTime: 2018-09-05T06:04:55.000Z InMemoryGlucoseValue(timestamp=1536127195000, value=100.0, trendArrow=NONE, smoothed=null, filledGap=true, sourceSensor=UNKNOWN)
    DEBUG: : AUTOSENS Adding. bgTime: 2018-09-05T04:29:57.000Z lastBgTime: 2018-09-05T05:59:55.000Z InMemoryGlucoseValue(timestamp=1536126895000, value=100.0, trendArrow=NONE, smoothed=null, filledGap=true, sourceSensor=UNKNOWN)
    DEBUG: : AUTOSENS Adding. bgTime: 2018-09-05T04:29:57.000Z lastBgTime: 2018-09-05T05:54:55.000Z InMemoryGlucoseValue(timestamp=1536126595000, value=100.0, trendArrow=NONE, smoothed=null, filledGap=true, sourceSensor=UNKNOWN)
    DEBUG: : AUTOSENS Adding. bgTime: 2018-09-05T04:29:57.000Z lastBgTime: 2018-09-05T05:49:55.000Z InMemoryGlucoseValue(timestamp=1536126295000, value=100.0, trendArrow=NONE, smoothed=null, filledGap=true, sourceSensor=UNKNOWN)
    DEBUG: : AUTOSENS Adding. bgTime: 2018-09-05T04:29:57.000Z lastBgTime: 2018-09-05T05:44:55.000Z InMemoryGlucoseValue(timestamp=1536125995000, value=100.0, trendArrow=NONE, smoothed=null, filledGap=true, sourceSensor=UNKNOWN)
    DEBUG: : AUTOSENS Adding. bgTime: 2018-09-05T04:29:57.000Z lastBgTime: 2018-09-05T05:39:55.000Z InMemoryGlucoseValue(timestamp=1536125695000, value=100.0, trendArrow=NONE, smoothed=null, filledGap=true, sourceSensor=UNKNOWN)
    DEBUG: : AUTOSENS Adding. bgTime: 2018-09-05T04:29:57.000Z lastBgTime: 2018-09-05T05:34:55.000Z InMemoryGlucoseValue(timestamp=1536125395000, value=100.0, trendArrow=NONE, smoothed=null, filledGap=true, sourceSensor=UNKNOWN)
    DEBUG: : AUTOSENS Adding. bgTime: 2018-09-05T04:29:57.000Z lastBgTime: 2018-09-05T05:29:55.000Z InMemoryGlucoseValue(timestamp=1536125095000, value=100.0, trendArrow=NONE, smoothed=null, filledGap=true, sourceSensor=UNKNOWN)
    DEBUG: : AUTOSENS Adding. bgTime: 2018-09-05T04:29:57.000Z lastBgTime: 2018-09-05T05:24:55.000Z InMemoryGlucoseValue(timestamp=1536124795000, value=100.0, trendArrow=NONE, smoothed=null, filledGap=true, sourceSensor=UNKNOWN)
    DEBUG: : AUTOSENS Adding. bgTime: 2018-09-05T04:29:57.000Z lastBgTime: 2018-09-05T05:19:55.000Z InMemoryGlucoseValue(timestamp=1536124495000, value=100.0, trendArrow=NONE, smoothed=null, filledGap=true, sourceSensor=UNKNOWN)
    DEBUG: : AUTOSENS Adding. bgTime: 2018-09-05T04:29:57.000Z lastBgTime: 2018-09-05T05:14:55.000Z InMemoryGlucoseValue(timestamp=1536124195000, value=100.0, trendArrow=NONE, smoothed=null, filledGap=true, sourceSensor=UNKNOWN)
    DEBUG: : AUTOSENS Adding. bgTime: 2018-09-05T04:29:57.000Z lastBgTime: 2018-09-05T05:09:55.000Z InMemoryGlucoseValue(timestamp=1536123895000, value=100.0, trendArrow=NONE, smoothed=null, filledGap=true, sourceSensor=UNKNOWN)
    DEBUG: : AUTOSENS Adding. bgTime: 2018-09-05T04:29:57.000Z lastBgTime: 2018-09-05T05:04:55.000Z InMemoryGlucoseValue(timestamp=1536123595000, value=100.0, trendArrow=NONE, smoothed=null, filledGap=true, sourceSensor=UNKNOWN)
    DEBUG: : AUTOSENS Adding. bgTime: 2018-09-05T04:29:57.000Z lastBgTime: 2018-09-05T04:59:55.000Z InMemoryGlucoseValue(timestamp=1536123295000, value=100.0, trendArrow=NONE, smoothed=null, filledGap=true, sourceSensor=UNKNOWN)
    DEBUG: : AUTOSENS Adding. bgTime: 2018-09-05T04:29:57.000Z lastBgTime: 2018-09-05T04:54:55.000Z InMemoryGlucoseValue(timestamp=1536122995000, value=100.0, trendArrow=NONE, smoothed=null, filledGap=true, sourceSensor=UNKNOWN)
    DEBUG: : AUTOSENS Adding. bgTime: 2018-09-05T04:29:57.000Z lastBgTime: 2018-09-05T04:49:55.000Z InMemoryGlucoseValue(timestamp=1536122695000, value=100.0, trendArrow=NONE, smoothed=null, filledGap=true, sourceSensor=UNKNOWN)
    DEBUG: : AUTOSENS Adding. bgTime: 2018-09-05T04:29:57.000Z lastBgTime: 2018-09-05T04:44:55.000Z InMemoryGlucoseValue(timestamp=1536122395000, value=100.0, trendArrow=NONE, smoothed=null, filledGap=true, sourceSensor=UNKNOWN)
    DEBUG: : AUTOSENS Adding. bgTime: 2018-09-05T04:29:57.000Z lastBgTime: 2018-09-05T04:39:55.000Z InMemoryGlucoseValue(timestamp=1536122095000, value=100.0, trendArrow=NONE, smoothed=null, filledGap=true, sourceSensor=UNKNOWN)
    DEBUG: : AUTOSENS Adding. bgTime: 2018-09-05T04:29:57.000Z lastBgTime: 2018-09-05T04:34:55.000Z InMemoryGlucoseValue(timestamp=1536121797000, value=100.0, trendArrow=NONE, smoothed=null, filledGap=false, sourceSensor=UNKNOWN)
    DEBUG: : AUTOSENS Adding. bgTime: 2018-09-05T04:24:56.000Z lastBgTime: 2018-09-05T04:29:57.000Z InMemoryGlucoseValue(timestamp=1536121496000, value=100.0, trendArrow=NONE, smoothed=null, filledGap=false, sourceSensor=UNKNOWN)
    DEBUG: : AUTOSENS Adding. bgTime: 2018-09-05T04:19:57.000Z lastBgTime: 2018-09-05T04:24:56.000Z InMemoryGlucoseValue(timestamp=1536121197000, value=100.0, trendArrow=NONE, smoothed=null, filledGap=false, sourceSensor=UNKNOWN)
    DEBUG: : AUTOSENS Adding. bgTime: 2018-09-05T04:14:57.000Z lastBgTime: 2018-09-05T04:19:57.000Z InMemoryGlucoseValue(timestamp=1536120897000, value=100.0, trendArrow=NONE, smoothed=null, filledGap=false, sourceSensor=UNKNOWN)
    DEBUG: : AUTOSENS Adding. bgTime: 2018-09-05T04:10:03.000Z lastBgTime: 2018-09-05T04:14:57.000Z InMemoryGlucoseValue(timestamp=1536120603000, value=100.0, trendArrow=NONE, smoothed=null, filledGap=false, sourceSensor=UNKNOWN)
    DEBUG: : AUTOSENS Adding. bgTime: 2018-09-05T04:04:56.000Z lastBgTime: 2018-09-05T04:10:03.000Z InMemoryGlucoseValue(timestamp=1536120296000, value=100.0, trendArrow=NONE, smoothed=null, filledGap=false, sourceSensor=UNKNOWN)
    DEBUG: : AUTOSENS Adding. bgTime: 2018-09-05T03:59:56.000Z lastBgTime: 2018-09-05T04:04:56.000Z InMemoryGlucoseValue(timestamp=1536119996000, value=100.0, trendArrow=NONE, smoothed=null, filledGap=false, sourceSensor=UNKNOWN)
    DEBUG: : AUTOSENS Adding. bgTime: 2018-09-05T03:54:56.000Z lastBgTime: 2018-09-05T03:59:56.000Z InMemoryGlucoseValue(timestamp=1536119696000, value=100.0, trendArrow=NONE, smoothed=null, filledGap=false, sourceSensor=UNKNOWN)
    DEBUG: : AUTOSENS Adding. bgTime: 2018-09-05T03:50:03.000Z lastBgTime: 2018-09-05T03:54:56.000Z InMemoryGlucoseValue(timestamp=1536119403000, value=100.0, trendArrow=NONE, smoothed=null, filledGap=false, sourceSensor=UNKNOWN)
    DEBUG: : AUTOSENS Adding. bgTime: 2018-09-05T03:44:57.000Z lastBgTime: 2018-09-05T03:50:03.000Z InMemoryGlucoseValue(timestamp=1536119097000, value=100.0, trendArrow=NONE, smoothed=null, filledGap=false, sourceSensor=UNKNOWN)
    DEBUG: Adjusted time 9/4/18 11:44:57 PM
    DEBUG: : AUTOSENS Adjusting bucketed data time. Current: 9/4/18 11:50:03 PM to: 9/4/18 11:49:57 PM by 6 sec
    DEBUG: : AUTOSENS Adjusting bucketed data time. Current: 9/4/18 11:54:56 PM to: 9/4/18 11:54:57 PM by -1 sec
    DEBUG: : AUTOSENS Adjusting bucketed data time. Current: 9/4/18 11:59:56 PM to: 9/4/18 11:59:57 PM by -1 sec
    DEBUG: : AUTOSENS Adjusting bucketed data time. Current: 9/5/18 12:04:56 AM to: 9/5/18 12:04:57 AM by -1 sec
    DEBUG: : AUTOSENS Adjusting bucketed data time. Current: 9/5/18 12:10:03 AM to: 9/5/18 12:09:57 AM by 6 sec
    DEBUG: : AUTOSENS Adjusting bucketed data time. Current: 9/5/18 12:14:57 AM to: 9/5/18 12:14:57 AM by 0 sec
    DEBUG: : AUTOSENS Adjusting bucketed data time. Current: 9/5/18 12:19:57 AM to: 9/5/18 12:19:57 AM by 0 sec
    DEBUG: : AUTOSENS Adjusting bucketed data time. Current: 9/5/18 12:24:56 AM to: 9/5/18 12:24:57 AM by -1 sec
    DEBUG: : AUTOSENS Adjusting bucketed data time. Current: 9/5/18 12:29:57 AM to: 9/5/18 12:29:57 AM by 0 sec
    DEBUG: : AUTOSENS Adjusting bucketed data time. Current: 9/5/18 12:34:55 AM to: 9/5/18 12:34:57 AM by -2 sec
    DEBUG: : AUTOSENS Adjusting bucketed data time. Current: 9/5/18 12:39:55 AM to: 9/5/18 12:39:57 AM by -2 sec
    DEBUG: : AUTOSENS Adjusting bucketed data time. Current: 9/5/18 12:44:55 AM to: 9/5/18 12:44:57 AM by -2 sec
    DEBUG: : AUTOSENS Adjusting bucketed data time. Current: 9/5/18 12:49:55 AM to: 9/5/18 12:49:57 AM by -2 sec
    DEBUG: : AUTOSENS Adjusting bucketed data time. Current: 9/5/18 12:54:55 AM to: 9/5/18 12:54:57 AM by -2 sec
    DEBUG: : AUTOSENS Adjusting bucketed data time. Current: 9/5/18 12:59:55 AM to: 9/5/18 12:59:57 AM by -2 sec
    DEBUG: : AUTOSENS Adjusting bucketed data time. Current: 9/5/18 01:04:55 AM to: 9/5/18 01:04:57 AM by -2 sec
    DEBUG: : AUTOSENS Adjusting bucketed data time. Current: 9/5/18 01:09:55 AM to: 9/5/18 01:09:57 AM by -2 sec
    DEBUG: : AUTOSENS Adjusting bucketed data time. Current: 9/5/18 01:14:55 AM to: 9/5/18 01:14:57 AM by -2 sec
    DEBUG: : AUTOSENS Adjusting bucketed data time. Current: 9/5/18 01:19:55 AM to: 9/5/18 01:19:57 AM by -2 sec
    DEBUG: : AUTOSENS Adjusting bucketed data time. Current: 9/5/18 01:24:55 AM to: 9/5/18 01:24:57 AM by -2 sec
    DEBUG: : AUTOSENS Adjusting bucketed data time. Current: 9/5/18 01:29:55 AM to: 9/5/18 01:29:57 AM by -2 sec
    DEBUG: : AUTOSENS Adjusting bucketed data time. Current: 9/5/18 01:34:55 AM to: 9/5/18 01:34:57 AM by -2 sec
    DEBUG: : AUTOSENS Adjusting bucketed data time. Current: 9/5/18 01:39:55 AM to: 9/5/18 01:39:57 AM by -2 sec
    DEBUG: : AUTOSENS Adjusting bucketed data time. Current: 9/5/18 01:44:55 AM to: 9/5/18 01:44:57 AM by -2 sec
    DEBUG: : AUTOSENS Adjusting bucketed data time. Current: 9/5/18 01:49:55 AM to: 9/5/18 01:49:57 AM by -2 sec
    DEBUG: : AUTOSENS Adjusting bucketed data time. Current: 9/5/18 01:54:55 AM to: 9/5/18 01:54:57 AM by -2 sec
    DEBUG: : AUTOSENS Adjusting bucketed data time. Current: 9/5/18 01:59:55 AM to: 9/5/18 01:59:57 AM by -2 sec
    DEBUG: : AUTOSENS Adjusting bucketed data time. Current: 9/5/18 02:04:55 AM to: 9/5/18 02:04:57 AM by -2 sec
    DEBUG: : AUTOSENS Adjusting bucketed data time. Current: 9/5/18 02:09:55 AM to: 9/5/18 02:09:57 AM by -2 sec
    DEBUG: : AUTOSENS Adjusting bucketed data time. Current: 9/5/18 02:14:55 AM to: 9/5/18 02:14:57 AM by -2 sec
    DEBUG: : AUTOSENS Adjusting bucketed data time. Current: 9/5/18 02:19:55 AM to: 9/5/18 02:19:57 AM by -2 sec
    DEBUG: : AUTOSENS Adjusting bucketed data time. Current: 9/5/18 02:24:55 AM to: 9/5/18 02:24:57 AM by -2 sec
    DEBUG: : AUTOSENS Adjusting bucketed data time. Current: 9/5/18 02:29:55 AM to: 9/5/18 02:29:57 AM by -2 sec
    DEBUG: : AUTOSENS Adjusting bucketed data time. Current: 9/5/18 02:34:55 AM to: 9/5/18 02:34:57 AM by -2 sec
    DEBUG: : AUTOSENS Adjusting bucketed data time. Current: 9/5/18 02:39:55 AM to: 9/5/18 02:39:57 AM by -2 sec
    DEBUG: : AUTOSENS Adjusting bucketed data time. Current: 9/5/18 02:44:55 AM to: 9/5/18 02:44:57 AM by -2 sec
    DEBUG: : AUTOSENS Adjusting bucketed data time. Current: 9/5/18 02:49:55 AM to: 9/5/18 02:49:57 AM by -2 sec
    DEBUG: : AUTOSENS Adjusting bucketed data time. Current: 9/5/18 02:54:55 AM to: 9/5/18 02:54:57 AM by -2 sec
    DEBUG: : AUTOSENS Adjusting bucketed data time. Current: 9/5/18 02:59:55 AM to: 9/5/18 02:59:57 AM by -2 sec
    DEBUG: : AUTOSENS Adjusting bucketed data time. Current: 9/5/18 03:04:55 AM to: 9/5/18 03:04:57 AM by -2 sec
    DEBUG: : AUTOSENS Adjusting bucketed data time. Current: 9/5/18 03:09:55 AM to: 9/5/18 03:09:57 AM by -2 sec
    DEBUG: : AUTOSENS Adjusting bucketed data time. Current: 9/5/18 03:14:55 AM to: 9/5/18 03:14:57 AM by -2 sec
    DEBUG: : AUTOSENS Adjusting bucketed data time. Current: 9/5/18 03:19:55 AM to: 9/5/18 03:19:57 AM by -2 sec
    DEBUG: : AUTOSENS Adjusting bucketed data time. Current: 9/5/18 03:24:55 AM to: 9/5/18 03:24:57 AM by -2 sec
    DEBUG: : AUTOSENS Adjusting bucketed data time. Current: 9/5/18 03:29:55 AM to: 9/5/18 03:29:57 AM by -2 sec
    DEBUG: : AUTOSENS Adjusting bucketed data time. Current: 9/5/18 03:34:55 AM to: 9/5/18 03:34:57 AM by -2 sec
    DEBUG: : AUTOSENS Adjusting bucketed data time. Current: 9/5/18 03:39:55 AM to: 9/5/18 03:39:57 AM by -2 sec
    DEBUG: : AUTOSENS Adjusting bucketed data time. Current: 9/5/18 03:44:55 AM to: 9/5/18 03:44:57 AM by -2 sec
    DEBUG: : AUTOSENS Adjusting bucketed data time. Current: 9/5/18 03:49:55 AM to: 9/5/18 03:49:57 AM by -2 sec
    DEBUG: : AUTOSENS Adjusting bucketed data time. Current: 9/5/18 03:54:55 AM to: 9/5/18 03:54:57 AM by -2 sec
    DEBUG: : AUTOSENS Adjusting bucketed data time. Current: 9/5/18 03:59:55 AM to: 9/5/18 03:59:57 AM by -2 sec
    DEBUG: : AUTOSENS Adjusting bucketed data time. Current: 9/5/18 04:04:55 AM to: 9/5/18 04:04:57 AM by -2 sec
    DEBUG: : AUTOSENS Adjusting bucketed data time. Current: 9/5/18 04:09:55 AM to: 9/5/18 04:09:57 AM by -2 sec
    DEBUG: : AUTOSENS Adjusting bucketed data time. Current: 9/5/18 04:14:55 AM to: 9/5/18 04:14:57 AM by -2 sec
    DEBUG: : AUTOSENS Adjusting bucketed data time. Current: 9/5/18 04:19:55 AM to: 9/5/18 04:19:57 AM by -2 sec
    DEBUG: : AUTOSENS Adjusting bucketed data time. Current: 9/5/18 04:24:55 AM to: 9/5/18 04:24:57 AM by -2 sec
    DEBUG: : AUTOSENS Adjusting bucketed data time. Current: 9/5/18 04:29:55 AM to: 9/5/18 04:29:57 AM by -2 sec
    DEBUG: : AUTOSENS Adjusting bucketed data time. Current: 9/5/18 04:34:55 AM to: 9/5/18 04:34:57 AM by -2 sec
    DEBUG: : AUTOSENS Adjusting bucketed data time. Current: 9/5/18 04:39:55 AM to: 9/5/18 04:39:57 AM by -2 sec
    DEBUG: : AUTOSENS Adjusting bucketed data time. Current: 9/5/18 04:44:55 AM to: 9/5/18 04:44:57 AM by -2 sec
    DEBUG: : AUTOSENS Adjusting bucketed data time. Current: 9/5/18 04:49:55 AM to: 9/5/18 04:49:57 AM by -2 sec
    DEBUG: : AUTOSENS Adjusting bucketed data time. Current: 9/5/18 04:54:55 AM to: 9/5/18 04:54:57 AM by -2 sec
    DEBUG: : AUTOSENS Adjusting bucketed data time. Current: 9/5/18 04:59:55 AM to: 9/5/18 04:59:57 AM by -2 sec
    DEBUG: : AUTOSENS Adjusting bucketed data time. Current: 9/5/18 05:04:55 AM to: 9/5/18 05:04:57 AM by -2 sec
    DEBUG: : AUTOSENS Adjusting bucketed data time. Current: 9/5/18 05:09:55 AM to: 9/5/18 05:09:57 AM by -2 sec
    DEBUG: : AUTOSENS Adjusting bucketed data time. Current: 9/5/18 05:14:55 AM to: 9/5/18 05:14:57 AM by -2 sec
    DEBUG: : AUTOSENS Adjusting bucketed data time. Current: 9/5/18 05:19:55 AM to: 9/5/18 05:19:57 AM by -2 sec
    DEBUG: : AUTOSENS Adjusting bucketed data time. Current: 9/5/18 05:24:55 AM to: 9/5/18 05:24:57 AM by -2 sec
    DEBUG: : AUTOSENS Adjusting bucketed data time. Current: 9/5/18 05:29:55 AM to: 9/5/18 05:29:57 AM by -2 sec
    DEBUG: : AUTOSENS Adjusting bucketed data time. Current: 9/5/18 05:34:55 AM to: 9/5/18 05:34:57 AM by -2 sec
    DEBUG: : AUTOSENS Adjusting bucketed data time. Current: 9/5/18 05:39:55 AM to: 9/5/18 05:39:57 AM by -2 sec
    DEBUG: : AUTOSENS Adjusting bucketed data time. Current: 9/5/18 05:44:55 AM to: 9/5/18 05:44:57 AM by -2 sec
    DEBUG: : AUTOSENS Adjusting bucketed data time. Current: 9/5/18 05:49:55 AM to: 9/5/18 05:49:57 AM by -2 sec
    DEBUG: : AUTOSENS Adjusting bucketed data time. Current: 9/5/18 05:54:55 AM to: 9/5/18 05:54:57 AM by -2 sec
    DEBUG: : AUTOSENS Adjusting bucketed data time. Current: 9/5/18 05:59:55 AM to: 9/5/18 05:59:57 AM by -2 sec
    DEBUG: : AUTOSENS Adjusting bucketed data time. Current: 9/5/18 06:04:55 AM to: 9/5/18 06:04:57 AM by -2 sec
    DEBUG: : AUTOSENS Adjusting bucketed data time. Current: 9/5/18 06:09:55 AM to: 9/5/18 06:09:57 AM by -2 sec
    DEBUG: : AUTOSENS Adjusting bucketed data time. Current: 9/5/18 06:14:55 AM to: 9/5/18 06:14:57 AM by -2 sec
    DEBUG: : AUTOSENS Adjusting bucketed data time. Current: 9/5/18 06:19:55 AM to: 9/5/18 06:19:57 AM by -2 sec
    DEBUG: : AUTOSENS Adjusting bucketed data time. Current: 9/5/18 06:24:55 AM to: 9/5/18 06:24:57 AM by -2 sec
    DEBUG: : AUTOSENS Adjusting bucketed data time. Current: 9/5/18 06:29:55 AM to: 9/5/18 06:29:57 AM by -2 sec
    DEBUG: : AUTOSENS Adjusting bucketed data time. Current: 9/5/18 06:34:55 AM to: 9/5/18 06:34:57 AM by -2 sec
    DEBUG: : AUTOSENS Adjusting bucketed data time. Current: 9/5/18 06:39:55 AM to: 9/5/18 06:39:57 AM by -2 sec
    DEBUG: : AUTOSENS Adjusting bucketed data time. Current: 9/5/18 06:44:55 AM to: 9/5/18 06:44:57 AM by -2 sec
    DEBUG: : AUTOSENS Adjusting bucketed data time. Current: 9/5/18 06:49:55 AM to: 9/5/18 06:49:57 AM by -2 sec
    DEBUG: : AUTOSENS Adjusting bucketed data time. Current: 9/5/18 06:54:55 AM to: 9/5/18 06:54:57 AM by -2 sec
    DEBUG: : AUTOSENS Adjusting bucketed data time. Current: 9/5/18 06:59:55 AM to: 9/5/18 06:59:57 AM by -2 sec
    DEBUG: : AUTOSENS Adjusting bucketed data time. Current: 9/5/18 07:04:55 AM to: 9/5/18 07:04:57 AM by -2 sec
    DEBUG: : AUTOSENS Adjusting bucketed data time. Current: 9/5/18 07:09:55 AM to: 9/5/18 07:09:57 AM by -2 sec
    DEBUG: : AUTOSENS Adjusting bucketed data time. Current: 9/5/18 07:14:55 AM to: 9/5/18 07:14:57 AM by -2 sec
    DEBUG: : AUTOSENS Adjusting bucketed data time. Current: 9/5/18 07:19:55 AM to: 9/5/18 07:19:57 AM by -2 sec
    DEBUG: : AUTOSENS Adjusting bucketed data time. Current: 9/5/18 07:24:55 AM to: 9/5/18 07:24:57 AM by -2 sec
    DEBUG: : AUTOSENS Adjusting bucketed data time. Current: 9/5/18 07:29:55 AM to: 9/5/18 07:29:57 AM by -2 sec
    DEBUG: : AUTOSENS Adjusting bucketed data time. Current: 9/5/18 07:34:55 AM to: 9/5/18 07:34:57 AM by -2 sec
    DEBUG: : AUTOSENS Adjusting bucketed data time. Current: 9/5/18 07:39:55 AM to: 9/5/18 07:39:57 AM by -2 sec
    DEBUG: : AUTOSENS Adjusting bucketed data time. Current: 9/5/18 07:44:55 AM to: 9/5/18 07:44:57 AM by -2 sec
    DEBUG: : AUTOSENS Adjusting bucketed data time. Current: 9/5/18 07:49:55 AM to: 9/5/18 07:49:57 AM by -2 sec

> Task :pump:danar-emulator:kspFullDebugUnitTestKotlin NO-SOURCE
> Task :pump:danar-emulator:compileFullDebugUnitTestKotlin NO-SOURCE
> Task :pump:danar-emulator:compileFullDebugUnitTestJavaWithJavac NO-SOURCE
> Task :pump:danar-emulator:processFullDebugUnitTestJavaRes NO-SOURCE
> Task :pump:danar-emulator:testFullDebugUnitTest NO-SOURCE

> Task :wear:testFullDebugUnitTest

HeartRateListenerTest > onSensorChangedNoContact() STARTED

HeartRateListenerTest > onSensorChangedNoContact() STANDARD_OUT
    INFO: WEAR Create HeartRateListener
    WARN: WEAR Cannot get sensor manager to get heart rate readings

> Task :pump:danar:kspFullDebugUnitTestKotlin

> Task :plugins:main:testFullDebugUnitTest
    DEBUG: : AUTOSENS Adjusting bucketed data time. Current: 9/5/18 07:54:55 AM to: 9/5/18 07:54:57 AM by -2 sec
    DEBUG: : AUTOSENS Adjusting bucketed data time. Current: 9/5/18 07:59:55 AM to: 9/5/18 07:59:57 AM by -2 sec
    DEBUG: : AUTOSENS Adjusting bucketed data time. Current: 9/5/18 08:04:56 AM to: 9/5/18 08:04:57 AM by -1 sec
    DEBUG: : AUTOSENS Adjusting bucketed data time. Current: 9/5/18 08:09:56 AM to: 9/5/18 08:09:57 AM by -1 sec
    DEBUG: : AUTOSENS Adjusting bucketed data time. Current: 9/5/18 08:14:56 AM to: 9/5/18 08:14:57 AM by -1 sec
    DEBUG: : AUTOSENS Adjusting bucketed data time. Current: 9/5/18 08:19:56 AM to: 9/5/18 08:19:57 AM by -1 sec
    DEBUG: : AUTOSENS Adjusting bucketed data time. Current: 9/5/18 08:24:55 AM to: 9/5/18 08:24:57 AM by -2 sec
    DEBUG: : AUTOSENS Adjusting bucketed data time. Current: 9/5/18 08:29:56 AM to: 9/5/18 08:29:57 AM by -1 sec
    DEBUG: : AUTOSENS Adjusting bucketed data time. Current: 9/5/18 08:34:55 AM to: 9/5/18 08:34:57 AM by -2 sec
    DEBUG: : AUTOSENS Adjusting bucketed data time. Current: 9/5/18 08:39:55 AM to: 9/5/18 08:39:57 AM by -2 sec
    DEBUG: : AUTOSENS Adjusting bucketed data time. Current: 9/5/18 08:44:55 AM to: 9/5/18 08:44:57 AM by -2 sec
    DEBUG: : AUTOSENS Adjusting bucketed data time. Current: 9/5/18 08:49:55 AM to: 9/5/18 08:49:57 AM by -2 sec
    DEBUG: : AUTOSENS Adjusting bucketed data time. Current: 9/5/18 08:54:55 AM to: 9/5/18 08:54:57 AM by -2 sec
    DEBUG: : AUTOSENS Adjusting bucketed data time. Current: 9/5/18 08:59:55 AM to: 9/5/18 08:59:57 AM by -2 sec
    DEBUG: : AUTOSENS Adjusting bucketed data time. Current: 9/5/18 09:04:55 AM to: 9/5/18 09:04:57 AM by -2 sec
    DEBUG: : AUTOSENS Adjusting bucketed data time. Current: 9/5/18 09:09:55 AM to: 9/5/18 09:09:57 AM by -2 sec
    DEBUG: : AUTOSENS Adjusting bucketed data time. Current: 9/5/18 09:14:55 AM to: 9/5/18 09:14:57 AM by -2 sec
    DEBUG: : AUTOSENS Adjusting bucketed data time. Current: 9/5/18 09:19:55 AM to: 9/5/18 09:19:57 AM by -2 sec
    DEBUG: : AUTOSENS Adjusting bucketed data time. Current: 9/5/18 09:24:55 AM to: 9/5/18 09:24:57 AM by -2 sec
    DEBUG: : AUTOSENS Adjusting bucketed data time. Current: 9/5/18 09:29:55 AM to: 9/5/18 09:29:57 AM by -2 sec
    DEBUG: : AUTOSENS Adjusting bucketed data time. Current: 9/5/18 09:34:55 AM to: 9/5/18 09:34:57 AM by -2 sec
    DEBUG: : AUTOSENS Bucketed data created. Size: 119
    DEBUG: : AUTOSENS Interval detection: values: 21 averageDiff: 3[s] is5minData: false

AutosensDataStoreTest > createBucketedData5minTest3() STARTED

AutosensDataStoreTest > createBucketedData5minTest3() STANDARD_OUT
    DEBUG: : AUTOSENS Interval detection: values: 4 diff: 60[s] is5minData: false
    DEBUG: : AUTOSENS Interval detection: values: 4 diff: 60[s] is5minData: false
    DEBUG: Adjusted time 12/31/69 08:48:00 PM

TemporaryTargetExtensionKtTest > lowValueToUnitsToString() STARTED

TemporaryTargetExtensionKtTest > highValueToUnitsToString() STARTED

AutosensDataStoreTest > createBucketedData5minTest3() FAILED
    value of: getTimestamp()
    expected: 2700000
    but was : 2880000
        at app//app.aaps.plugins.main.iob.AutosensDataStoreTest.createBucketedData5minTest3(AutosensDataStoreTest.kt:1203)

AutosensDataStoreTest > findOlderTest() STARTED

AutosensDataStoreTest > roundUpTimeTest() STARTED

AutosensDataStoreTest > findNewerTest() STARTED

AutosensDataStoreTest > isAbout5minDataTest() STARTED

AutosensDataStoreTest > isAbout5minDataTest() STANDARD_OUT
    DEBUG: : AUTOSENS Interval detection: values: 4 averageDiff: 0[s] is5minData: true
    DEBUG: : AUTOSENS Interval detection: values: 4 diff: 60[s] is5minData: false
    DEBUG: : AUTOSENS Interval detection: values: 3 diff: 60[s] is5minData: false
    DEBUG: : AUTOSENS Interval detection: values: 14 diff: 39[s] is5minData: false
    DEBUG: : AUTOSENS Interval detection: values: 4 averageDiff: 0[s] is5minData: true
    DEBUG: : AUTOSENS Interval detection: values: 3 averageDiff: 0[s] is5minData: true

AutosensDataStoreTest > bgReadingsTest() STARTED

AutosensDataStoreTest > findPreviousTimeFromBucketedDataTest() STARTED

AutosensDataStoreTest > findPreviousTimeFromBucketedDataTest() STANDARD_OUT
    DEBUG: : AUTOSENS Interval detection: values: 4 averageDiff: 0[s] is5minData: true
    DEBUG: : AUTOSENS Adding. bgTime: 1970-01-01T00:20:00.000Z lastBgTime: none-first-value GV(id=0, version=0, dateCreated=-1, isValid=true, referenceId=null, ids=IDs(nightscoutSystemId=null, nightscoutId=null, pumpType=null, pumpSerial=null, temporaryId=null, pumpId=null, startId=null, endId=null), timestamp=1200000, utcOffset=-14400000, raw=0.0, value=100.0, trendArrow=FLAT, noise=0.0, sourceSensor=UNKNOWN)
    DEBUG: : AUTOSENS Adding. bgTime: 1970-01-01T00:15:00.000Z lastBgTime: 1970-01-01T00:20:00.000Z InMemoryGlucoseValue(timestamp=900000, value=100.0, trendArrow=NONE, smoothed=null, filledGap=false, sourceSensor=UNKNOWN)
    DEBUG: : AUTOSENS Adding. bgTime: 1970-01-01T00:10:00.000Z lastBgTime: 1970-01-01T00:15:00.000Z InMemoryGlucoseValue(timestamp=600000, value=100.0, trendArrow=NONE, smoothed=null, filledGap=false, sourceSensor=UNKNOWN)
    DEBUG: : AUTOSENS Adding. bgTime: 1970-01-01T00:05:00.000Z lastBgTime: 1970-01-01T00:10:00.000Z InMemoryGlucoseValue(timestamp=300000, value=100.0, trendArrow=NONE, smoothed=null, filledGap=false, sourceSensor=UNKNOWN)
    DEBUG: Adjusted time 12/31/69 08:05:00 PM
    DEBUG: : AUTOSENS Adjusting bucketed data time. Current: 12/31/69 08:10:00 PM to: 12/31/69 08:10:00 PM by 0 sec
    DEBUG: : AUTOSENS Adjusting bucketed data time. Current: 12/31/69 08:15:00 PM to: 12/31/69 08:15:00 PM by 0 sec
    DEBUG: : AUTOSENS Adjusting bucketed data time. Current: 12/31/69 08:20:00 PM to: 12/31/69 08:20:00 PM by 0 sec
    DEBUG: : AUTOSENS Bucketed data created. Size: 4

AutosensDataStoreTest > threeMinDataWithRecalculation() STARTED

AutosensDataStoreTest > threeMinDataWithRecalculation() STANDARD_OUT
    DEBUG: : AUTOSENS Interval detection: values: 11 diff: 120[s] is5minData: false
    DEBUG: Adjusted time 6/27/22 03:40:22 PM
    DEBUG: : GLUCOSE Glucose: 198 mg/dl Noise: 0 Delta: 2 mg/dlShort avg. delta:  1.72 mg/dl Long avg. delta: 1.67 mg/dl 

AutosensDataStoreTest > getLastAutosensDataTest() STARTED

AutosensDataStoreTest > getLastAutosensDataTest() STANDARD_OUT
    DEBUG: : AUTOSENS AUTOSENSDATA null: autosensDataTable empty (test)
    DEBUG: : AUTOSENS AUTOSENSDATA (test) AutosensData: 6/27/22 03:40 PM pastSensitivity=  delta=0.00  avgDelta=0.00 bgi=0.00 deviation=0.00 avgDeviation=0.00 absorbed=0.00 carbsFromBolus=0.00 cob=0.00 autosensRatio=1.00 slopeFromMaxDeviation=0.00 slopeFromMinDeviation=999.00 activeCarbsList=[]
    DEBUG: : AUTOSENS AUTOSENSDATA null: data is old (test) size()=1 lastData=6/27/22 03:20:22 PM

> Task :plugins:smoothing:testFullDebugUnitTest

AdaptiveSmoothingPluginTest > extreme sensor noise is attenuated and output remains clinically bounded() STARTED

> Task :pump:dana:compileFullDebugUnitTestKotlin
> Task :pump:dana:compileFullDebugUnitTestJavaWithJavac NO-SOURCE

> Task :wear:testFullDebugUnitTest
    INFO: WEAR Send heart rate HR 80 at Sat May 09 11:56:13 BOT 2026 for 40.0sec unknown unknown
    INFO: WEAR Dispose HeartRateListener

HeartRateListenerTest > onAccuracyChanged() STARTED

HeartRateListenerTest > onAccuracyChanged() STANDARD_OUT
    INFO: WEAR Create HeartRateListener
    WARN: WEAR Cannot get sensor manager to get heart rate readings
    INFO: WEAR Send heart rate HR 95 at Sat May 09 11:56:45 BOT 2026 for 70.0sec unknown unknown
    INFO: WEAR Dispose HeartRateListener

HeartRateListenerTest > onSensorChangedMultiple() STARTED

HeartRateListenerTest > onSensorChangedMultiple() STANDARD_OUT
    INFO: WEAR Create HeartRateListener
    WARN: WEAR Cannot get sensor manager to get heart rate readings
    INFO: WEAR Send heart rate HR 80 at Sat May 09 11:55:45 BOT 2026 for 10.0sec unknown unknown
    INFO: WEAR Send heart rate HR 100 at Sat May 09 11:56:15 BOT 2026 for 30.0sec unknown unknown
    INFO: WEAR Dispose HeartRateListener

HeartRateListenerTest > onSensorChanged() STARTED

HeartRateListenerTest > onSensorChanged() STANDARD_OUT
    INFO: WEAR Create HeartRateListener
    WARN: WEAR Cannot get sensor manager to get heart rate readings
    INFO: WEAR Send heart rate HR 80 at Sat May 09 11:55:55 BOT 2026 for 20.0sec unknown unknown
    INFO: WEAR Dispose HeartRateListener

HeartRateListenerTest > onSensorChanged2() STARTED

HeartRateListenerTest > onSensorChanged2() STANDARD_OUT
    INFO: WEAR Create HeartRateListener
    WARN: WEAR Cannot get sensor manager to get heart rate readings
    INFO: WEAR Send heart rate HR 95 at Sat May 09 11:56:15 BOT 2026 for 40.0sec unknown unknown
    INFO: WEAR Dispose HeartRateListener


22 tests completed, 1 failed
> Task :pump:dana:processFullDebugUnitTestJavaRes

> Task :plugins:main:testFullDebugUnitTest FAILED

> Task :plugins:sensitivity:testFullDebugUnitTest

SensitivityWeightedAveragePluginTest > isMinCarbsAbsorptionDynamic() STARTED

> Task :implementation:testFullDebugUnitTest

GlucoseStatusTestAutoIsf > insufficientDataShouldReturnNull() STARTED

GlucoseStatusTestAutoIsf > insufficientDataShouldReturnNull() STANDARD_OUT
    DEBUG: : GLUCOSE sizeRecords==0

GlucoseStatusTestAutoIsf > oldDataShouldReturnNull() STARTED

GlucoseStatusTestAutoIsf > oldDataShouldReturnNull() STANDARD_OUT
    DEBUG: : GLUCOSE oldData

GlucoseStatusTestAutoIsf > calculateValidGlucoseStatusAutoIsf() STARTED

GlucoseStatusTestAutoIsf > calculateValidGlucoseStatusAutoIsf() STANDARD_OUT
    DEBUG: : GLUCOSE Glucose: 214 mg/dl Noise: 0 Delta: -2 mg/dlShort avg. delta:  -2.50 mg/dl Long avg. delta: -2.00 mg/dl Dura ISF minutes: 35.00 m Dura ISF average: 221.50 mg/dl Parabola minutes: 15.00 m Parabola correlation: 1.00 Parabola fit a0: 214.00 mg/dl Parabola fit a1: -1.50 mg/dl/5m Parabola fit a2: 0.50 mg/dl/(5m)^2

GlucoseStatusTestAutoIsf > returnOldDataIfAllowed() STARTED

GlucoseStatusTestAutoIsf > returnOldDataIfAllowed() STANDARD_OUT
    DEBUG: : GLUCOSE sizeRecords==1

GlucoseStatusTestAutoIsf > roundTest() STARTED

GlucoseStatusTestAutoIsf > oneRecordShouldProduceZeroDeltas() STARTED

GlucoseStatusTestAutoIsf > oneRecordShouldProduceZeroDeltas() STANDARD_OUT
    DEBUG: : GLUCOSE sizeRecords==1

GlucoseStatusTestAutoIsf > toStringShouldBeOverloaded() STARTED

LastBgDataImplTest > lastBg() STARTED

> Task :core:objects:testFullDebugUnitTest

BlockExtensionKtTest > shiftTargetBlock() STARTED

BlockExtensionKtTest > lowTargetBlockValueBySeconds() STARTED

BlockExtensionKtTest > highTargetBlockValueBySeconds() STARTED

BlockExtensionKtTest > shiftBlock() STARTED

MidnightTimeTest > resetCache() STARTED

MidnightTimeTest > calc_time() STARTED

MidnightTimeTest > calcDaysBackTest() STARTED

MidnightTimeTest > calc() STARTED

MidnightTimeTest > calcMidnightPlusMinutesTest() STARTED

> Task :pump:danars-emulator:kspFullDebugUnitTestKotlin

> Task :implementation:testFullDebugUnitTest

LastBgDataImplTest > isActualBg() STARTED

DetailedBolusInfoStorageTest > findDetailedBolusInfo() STARTED

DetailedBolusInfoStorageTest > findDetailedBolusInfo() STANDARD_OUT
    DEBUG: Stored bolus info: {"id":1778342145693,"insulin":3.0,"carbs":0.0,"timestamp":1000000,"lastKnownBolusTime":0,"deliverAtTheLatest":0,"eventType":"MEAL_BOLUS","bolusType":"NORMAL","carbsDuration":0}
    DEBUG: Stored bolus info: {"id":1778342145699,"insulin":4.0,"carbs":0.0,"timestamp":1000001,"lastKnownBolusTime":0,"deliverAtTheLatest":0,"eventType":"MEAL_BOLUS","bolusType":"NORMAL","carbsDuration":0}

> Task :pump:danars:kspFullDebugUnitTestKotlin

> Task :core:objects:testFullDebugUnitTest

IobTest > equalTest() STARTED

IobTest > hashCodeTest() STARTED

RoundTest > floorToTest() STARTED

RoundTest > roundToTest() STARTED

RoundTest > isSameTest() STARTED

RoundTest > ceilToTest() STARTED

> Task :implementation:testFullDebugUnitTest
    DEBUG: Stored bolus info: {"id":1778342145699,"insulin":5.0,"carbs":0.0,"timestamp":2000000,"lastKnownBolusTime":0,"deliverAtTheLatest":0,"eventType":"MEAL_BOLUS","bolusType":"NORMAL","carbsDuration":0}
    DEBUG: : PUMP Using & removing bolus info for time 1000000: app.aaps.core.interfaces.pump.DetailedBolusInfo@290ee844
    DEBUG: Stored bolus info: {"id":1778342145693,"insulin":3.0,"carbs":0.0,"timestamp":1000000,"lastKnownBolusTime":0,"deliverAtTheLatest":0,"eventType":"MEAL_BOLUS","bolusType":"NORMAL","carbsDuration":0}
    DEBUG: Stored bolus info: {"id":1778342145699,"insulin":4.0,"carbs":0.0,"timestamp":1000001,"lastKnownBolusTime":0,"deliverAtTheLatest":0,"eventType":"MEAL_BOLUS","bolusType":"NORMAL","carbsDuration":0}
    DEBUG: Stored bolus info: {"id":1778342145699,"insulin":5.0,"carbs":0.0,"timestamp":2000000,"lastKnownBolusTime":0,"deliverAtTheLatest":0,"eventType":"MEAL_BOLUS","bolusType":"NORMAL","carbsDuration":0}
    DEBUG: : PUMP Using & removing bolus info for time 1000000: app.aaps.core.interfaces.pump.DetailedBolusInfo@77ffb5e9
    DEBUG: Stored bolus info: {"id":1778342145693,"insulin":3.0,"carbs":0.0,"timestamp":1000000,"lastKnownBolusTime":0,"deliverAtTheLatest":0,"eventType":"MEAL_BOLUS","bolusType":"NORMAL","carbsDuration":0}
    DEBUG: Stored bolus info: {"id":1778342145699,"insulin":4.0,"carbs":0.0,"timestamp":1000001,"lastKnownBolusTime":0,"deliverAtTheLatest":0,"eventType":"MEAL_BOLUS","bolusType":"NORMAL","carbsDuration":0}
    DEBUG: Stored bolus info: {"id":1778342145699,"insulin":5.0,"carbs":0.0,"timestamp":2000000,"lastKnownBolusTime":0,"deliverAtTheLatest":0,"eventType":"MEAL_BOLUS","bolusType":"NORMAL","carbsDuration":0}
    DEBUG: : PUMP Using TIME-ONLY & removing bolus info for time 1000500: app.aaps.core.interfaces.pump.DetailedBolusInfo@77ffb5e9
    DEBUG: Stored bolus info: {"id":1778342145693,"insulin":3.0,"carbs":0.0,"timestamp":1000000,"lastKnownBolusTime":0,"deliverAtTheLatest":0,"eventType":"MEAL_BOLUS","bolusType":"NORMAL","carbsDuration":0}
    DEBUG: Stored bolus info: {"id":1778342145699,"insulin":4.0,"carbs":0.0,"timestamp":1000001,"lastKnownBolusTime":0,"deliverAtTheLatest":0,"eventType":"MEAL_BOLUS","bolusType":"NORMAL","carbsDuration":0}
    DEBUG: Stored bolus info: {"id":1778342145699,"insulin":5.0,"carbs":0.0,"timestamp":2000000,"lastKnownBolusTime":0,"deliverAtTheLatest":0,"eventType":"MEAL_BOLUS","bolusType":"NORMAL","carbsDuration":0}
    DEBUG: : PUMP Using TIME-ONLY & removing bolus info for time 1000500: app.aaps.core.interfaces.pump.DetailedBolusInfo@290ee844
    DEBUG: Stored bolus info: {"id":1778342145693,"insulin":3.0,"carbs":0.0,"timestamp":1000000,"lastKnownBolusTime":0,"deliverAtTheLatest":0,"eventType":"MEAL_BOLUS","bolusType":"NORMAL","carbsDuration":0}
    DEBUG: Stored bolus info: {"id":1778342145699,"insulin":4.0,"carbs":0.0,"timestamp":1000001,"lastKnownBolusTime":0,"deliverAtTheLatest":0,"eventType":"MEAL_BOLUS","bolusType":"NORMAL","carbsDuration":0}
    DEBUG: Stored bolus info: {"id":1778342145699,"insulin":5.0,"carbs":0.0,"timestamp":2000000,"lastKnownBolusTime":0,"deliverAtTheLatest":0,"eventType":"MEAL_BOLUS","bolusType":"NORMAL","carbsDuration":0}
    DEBUG: : PUMP Bolus info not found for time 1000500
    DEBUG: Stored bolus info: {"id":1778342145693,"insulin":3.0,"carbs":0.0,"timestamp":1000000,"lastKnownBolusTime":0,"deliverAtTheLatest":0,"eventType":"MEAL_BOLUS","bolusType":"NORMAL","carbsDuration":0}
    DEBUG: Stored bolus info: {"id":1778342145699,"insulin":4.0,"carbs":0.0,"timestamp":1000001,"lastKnownBolusTime":0,"deliverAtTheLatest":0,"eventType":"MEAL_BOLUS","bolusType":"NORMAL","carbsDuration":0}
    DEBUG: Stored bolus info: {"id":1778342145699,"insulin":5.0,"carbs":0.0,"timestamp":2000000,"lastKnownBolusTime":0,"deliverAtTheLatest":0,"eventType":"MEAL_BOLUS","bolusType":"NORMAL","carbsDuration":0}
    DEBUG: : PUMP Bolus info not found for time 1070000

DetailedBolusInfoStorageTest > add() STARTED

DetailedBolusInfoStorageTest > add() STANDARD_OUT
    DEBUG: Stored bolus info: {"id":1778342146269,"insulin":3.0,"carbs":0.0,"timestamp":1000000,"lastKnownBolusTime":0,"deliverAtTheLatest":0,"eventType":"MEAL_BOLUS","bolusType":"NORMAL","carbsDuration":0}

DecimalFormatterTest > to0DecimalTest() STARTED

DecimalFormatterTest > to1DecimalTest() STARTED

DecimalFormatterTest > to2DecimalTest() STARTED

DecimalFormatterTest > to3DecimalTest() STARTED

TherapyEventExtensionKtTest > isOlderThan() STARTED

> Task :plugins:sync:bundleLibRuntimeToJarFullDebug
> Task :pump:diaconn:kspFullDebugUnitTestKotlin

> Task :plugins:smoothing:testFullDebugUnitTest

AdaptiveSmoothingPluginTest > extreme sensor noise is attenuated and output remains clinically bounded() STANDARD_OUT
    INFO: GLUCOSE HybridSmoothing: Learning Reset. R=25.0
    DEBUG: : GLUCOSE HybridSmoothing: RAPID RISE DETECTED (Innov=47). Inflating Q for Zero-Lag.
    WARN: GLUCOSE HybridSmoothing: COMPRESSION BLOCKED at 85 mg/dL. Holding prediction.
    WARN: GLUCOSE HybridSmoothing: COMPRESSION BLOCKED at 80 mg/dL. Holding prediction.
    WARN: GLUCOSE HybridSmoothing: COMPRESSION BLOCKED at 88 mg/dL. Holding prediction.
    WARN: GLUCOSE HybridSmoothing: COMPRESSION BLOCKED at 84 mg/dL. Holding prediction.
    WARN: GLUCOSE HybridSmoothing: COMPRESSION BLOCKED at 90 mg/dL. Holding prediction.
    WARN: GLUCOSE HybridSmoothing: COMPRESSION BLOCKED at 95 mg/dL. Holding prediction.
    WARN: GLUCOSE HybridSmoothing: COMPRESSION BLOCKED at 100 mg/dL. Holding prediction.

AdaptiveSmoothingPluginTest > missing data cadence survives with stable output and no numeric failures() STARTED

AdaptiveSmoothingPluginTest > missing data cadence survives with stable output and no numeric failures() STANDARD_OUT
    INFO: GLUCOSE HybridSmoothing: Learning Reset. R=25.0

AdaptiveSmoothingPluginTest > compression low artifact is blocked when drop is implausible and low iob() STARTED

AdaptiveSmoothingPluginTest > compression low artifact is blocked when drop is implausible and low iob() STANDARD_OUT
    INFO: GLUCOSE HybridSmoothing: Learning Reset. R=25.0
    WARN: GLUCOSE HybridSmoothing: COMPRESSION BLOCKED at 72 mg/dL. Holding prediction.
    DEBUG: : GLUCOSE HybridSmoothing: KINETIC HYPO DETECTED! Vel=-3.58743520104019, Pred20=-11.003023591442052. Forcing low.
    DEBUG: : GLUCOSE HybridSmoothing: RAPID RISE DETECTED (Innov=83). Inflating Q for Zero-Lag.

AdaptiveSmoothingPluginTest > compression low artifact is blocked when drop is implausible and low iob() FAILED
    expected to be greater than: 74.0
    but was                    : 46.82512959791962
        at app//app.aaps.plugins.smoothing.AdaptiveSmoothingPluginTest.compression low artifact is blocked when drop is implausible and low iob(AdaptiveSmoothingPluginTest.kt:88)

AdaptiveSmoothingPluginTest > rapid physiological rise keeps low lag and rising trend arrow() STARTED

AdaptiveSmoothingPluginTest > rapid physiological rise keeps low lag and rising trend arrow() STANDARD_OUT
    INFO: GLUCOSE HybridSmoothing: Learning Reset. R=25.0

4 tests completed, 1 failed

> Task :plugins:smoothing:testFullDebugUnitTest FAILED

> Task :plugins:sensitivity:testFullDebugUnitTest

AbstractSensitivityPluginTest > fillResultTest() STARTED

SensitivityOref1PluginTest > isMinCarbsAbsorptionDynamic() STARTED

AbstractSensitivityPluginTest > fillResultTest() STANDARD_OUT
    DEBUG: : AUTOSENS 1.2(40 of 48.0 values) Ratio limited from 1.2 to 1.1555555555555554
    DEBUG: : AUTOSENS 1.2Ratio limited from 1.2 to 1.1

> Task :pump:danars-emulator:compileFullDebugUnitTestKotlin
> Task :pump:danars-emulator:compileFullDebugUnitTestJavaWithJavac NO-SOURCE

> Task :pump:dana:testFullDebugUnitTest

DanaPumpTest > detectDanaRS() STARTED

> Task :pump:danar:compileFullDebugUnitTestKotlin
> Task :pump:danar:compileFullDebugUnitTestJavaWithJavac NO-SOURCE
> Task :pump:danar:processFullDebugUnitTestJavaRes
> Task :pump:danars-emulator:processFullDebugUnitTestJavaRes
> Task :ui:compileFullDebugJavaWithJavac

> Task :implementation:testFullDebugUnitTest

ProtectionCheckImplTest > isLocked returns true for custom password when password is set() STARTED

ProtectionCheckImplTest > master password grants MASTER level and unlocks everything() STARTED

ProtectionCheckImplTest > completeAuthRequest resolves pending request() STARTED

ProtectionCheckImplTest > requestAuthorization emits pending request when protection configured() STARTED

ProtectionCheckImplTest > requestAuthorization grants immediately when no protection configured at minimum level() STARTED

ProtectionCheckImplTest > auth at BOLUS does NOT unlock PREFERENCES() STARTED

ProtectionCheckImplTest > isLocked returns true when biometric protection enabled() STARTED

ProtectionCheckImplTest > isLocked returns false when no master password set() STARTED

ProtectionCheckImplTest > zero timeout means always ask() STARTED

ProtectionCheckImplTest > session upgrade - auth at higher level upgrades existing session() STARTED

ProtectionCheckImplTest > isLocked BOLUS returns false when SETTINGS is NONE despite BOLUS being set() STARTED

ProtectionCheckImplTest > isLocked returns false when protection type is NONE() STARTED

ProtectionCheckImplTest > isLocked returns true when master password protection enabled() STARTED

ProtectionCheckImplTest > requestProtection grants immediately when no master password() STARTED

ProtectionCheckImplTest > denied request does not start session() STARTED

ProtectionCheckImplTest > isLocked returns true after session expires() STARTED

ProtectionCheckImplTest > requestAuthorization auto-grants PREFERENCES when BOLUS and SETTINGS are both NONE() STARTED

ProtectionCheckImplTest > requestProtection grants for NONE protection() STARTED

ProtectionCheckImplTest > auth at PREFERENCES unlocks BOLUS and APPLICATION() STARTED

ProtectionCheckImplTest > requestAuthorization grants MASTER immediately when no master password() STARTED

ProtectionCheckImplTest > isLocked returns false for custom password when password is empty() STARTED

ProtectionCheckImplTest > resetAuthorization clears session() STARTED

TddCalculatorImplTest > averageTDD handles mixed carb data correctly() STARTED

TddCalculatorImplTest > averageTDD handles very small fractional differences() STARTED

TddCalculatorImplTest > averageTDD respects original TDD immutability() STARTED

TddCalculatorImplTest > averageTDD returns null when input is null() STARTED

TddCalculatorImplTest > averageTDD handles large numbers correctly() STARTED

TddCalculatorImplTest > averageTDD handles zero values correctly() STARTED

TddCalculatorImplTest > averageTDD detects days without carbs() STARTED

TddCalculatorImplTest > averageTDD handles seven days correctly() STARTED

TddCalculatorImplTest > averageTDD calculates correct average for single day() STARTED

TddCalculatorImplTest > averageTDD calculates correct average for multiple days() STARTED

TddCalculatorImplTest > averageTDD handles fractional values correctly() STARTED

TddCalculatorImplTest > averageTDD result has correct AverageTDD structure() STARTED

TddCalculatorImplTest > averageTDD sets timestamp to current time() STARTED

TddCalculatorImplTest > averageTDD returns null when input is empty() STARTED

PumpEnactResultTest > jsonTest() STARTED

PumpEnactResultTest > durationTest() STARTED

PumpEnactResultTest > successTest() STARTED

PumpEnactResultTest > enactedTest() STARTED

PumpEnactResultTest > absoluteTest() STARTED

PumpEnactResultTest > bolusDeliveredTest() STARTED

PumpEnactResultTest > toHtmlTest() STARTED

PumpEnactResultTest > isPercentTest() STARTED

PumpEnactResultTest > toStringTest() STARTED

PumpEnactResultTest > percentTest() STARTED

PumpEnactResultTest > isTempCancelTest() STARTED

PumpEnactResultTest > queuedTest() STARTED

PumpEnactResultTest > commentTest() STARTED

281 tests completed, 1 failed

> Task :pump:eopatch:kspFullDebugUnitTestKotlin

> Task :plugins:sensitivity:testFullDebugUnitTest

SensitivityWeightedAveragePluginTest > getId() STARTED

SensitivityWeightedAveragePluginTest > isOref1() STARTED

SensitivityOref1PluginTest > getId() STARTED

SensitivityOref1PluginTest > isOref1() STARTED

> Task :wear:testFullDebugUnitTest

PairTest > pairHashTest() STARTED

PairTest > toStringTest() STARTED

PairTest > pairEqualsTest() STARTED

> Task :plugins:sync:bundleLibCompileToJarFullDebug
> Task :pump:equil:kspFullDebugUnitTestKotlin

> Task :plugins:sensitivity:testFullDebugUnitTest

SensitivityAAPSPluginTest > isMinCarbsAbsorptionDynamic() STARTED

> Task :implementation:testFullDebugUnitTest FAILED
> Task :pump:danars:compileFullDebugUnitTestKotlin
> Task :ui:processFullDebugJavaRes

> Task :pump:danar:testFullDebugUnitTest

SerialIOThreadTest > testSendMessage_notConnected() STARTED

MessageOriginalNamesTest > getNameTest() STARTED

> Task :pump:diaconn:compileFullDebugUnitTestKotlin
> Task :pump:danars:compileFullDebugUnitTestJavaWithJavac NO-SOURCE
> Task :pump:danars:processFullDebugUnitTestJavaRes

> Task :pump:danar:testFullDebugUnitTest

SerialIOThreadTest > testSendMessage_notConnected() STANDARD_OUT
    ERROR: PUMPBTCOMM Read returned -1 (EOF), breaking loop
    DEBUG: : PUMPBTCOMM Reader loop exited. mKeepRunning=true
    DEBUG: : PUMPBTCOMM Disconnected: EndOfLoop
    ERROR: Socket not connected on sendMessage
    DEBUG: : PUMPBTCOMM Disconnected: Test cleanup

SerialIOThreadTest > testThreadLifecycle() STARTED

SerialIOThreadTest > testThreadLifecycle() STANDARD_OUT
    ERROR: PUMPBTCOMM Read returned -1 (EOF), breaking loop
    DEBUG: : PUMPBTCOMM Reader loop exited. mKeepRunning=true
    DEBUG: : PUMPBTCOMM Disconnected: EndOfLoop
    DEBUG: : PUMPBTCOMM Disconnected: Test lifecycle

SerialIOThreadTest > testDisconnect() STARTED

SerialIOThreadTest > testDisconnect() STANDARD_OUT
    ERROR: PUMPBTCOMM Read returned -1 (EOF), breaking loop
    DEBUG: : PUMPBTCOMM Reader loop exited. mKeepRunning=true
    DEBUG: : PUMPBTCOMM Disconnected: EndOfLoop
    DEBUG: : PUMPBTCOMM Disconnected: Test disconnect

SerialIOThreadTest > testSendMessage_connected() STARTED

SerialIOThreadTest > testSendMessage_connected() STANDARD_OUT
    DEBUG: : PUMPBTCOMM >>>>> TestMessage 7e 7e 05 00  00 01 01 00  00 00 2e 2e  
    ERROR: PUMPBTCOMM Reply not received TestMessage
    DEBUG: : PUMPBTCOMM Disconnected: Test cleanup

MsgBolusStartWithSpeedTest > runTest() STARTED

> Task :ui:bundleLibRuntimeToJarFullDebug

> Task :pump:danars-emulator:testFullDebugUnitTest

EncryptionDebugTest > debugPumpCheckPacketFormat() STARTED

EncryptionDebugTest > debugPumpCheckPacketFormat() STANDARD_OUT
    PUMP_CHECK packet: A5 A5 0C E4 F2 C8 AD BA AD D5 C2 AD D7 A6 D4 0C C6 5A 5A
    Packet size: 19, length field: 12

EncryptionDebugTest > debugDecryptPumpCheck() STARTED

EncryptionDebugTest > debugDecryptPumpCheck() STANDARD_OUT
    Encrypted packet: A5 A5 0C E4 F2 C8 AD BA AD D5 C2 AD D7 A6 D4 0C C6 5A 5A
    Decrypted: 01 00 55 48 48 30 30 30 30 32 54 49

> Task :ui:bundleLibCompileToJarFullDebug

> Task :pump:danar:testFullDebugUnitTest

MsgBolusStartWithSpeedTest > runTest() STANDARD_OUT
    DEBUG: : PUMPBTCOMM Reader loop exited. mKeepRunning=false
    DEBUG: : PUMPBTCOMM Disconnected: EndOfLoop

MsgBolusStopTest > runTest() STARTED

MessageHashTableRTest > runTest() STARTED

MsgErrorTest > runTest() STARTED

> Task :pump:insight:kspFullDebugUnitTestKotlin

> Task :pump:danars-emulator:testFullDebugUnitTest

DanaRSServiceIntegrationTest > extendedBolusStop cancels extended bolus() STARTED

> Task :ui:kspFullDebugUnitTestKotlin

> Task :pump:danar:testFullDebugUnitTest

MsgBolusStartWithSpeedTest > runTest() STANDARD_OUT
    DEBUG: : PUMPBTCOMM Bolus start : 0.0 speed: 0
    DEBUG: : PUMPBTCOMM Message response: 1 ERROR!!
    DEBUG: : PUMPBTCOMM Message response: 2 OK

MsgHistoryAllTest > runTest() STARTED

MsgHistoryAllTest > runTest() STANDARD_OUT
    DEBUG: : PUMPCOMM New message
    DEBUG: : EVENTS Sending EventDanaRSyncStatus[message=2/2/02 02:02 AM ]
    DEBUG: : EVENTS Sending EventDanaRSyncStatus[message=2/2/02 12:00 AM ]

MsgHistoryErrorTest > runTest() STARTED

MsgHistoryErrorTest > runTest() STANDARD_OUT
    DEBUG: : PUMPCOMM New message
    DEBUG: : PUMPCOMM New message

MsgInitConnStatusBasicTest > runTest() STARTED

MsgInitConnStatusBasicTest > runTest() STANDARD_OUT
    DEBUG: : PUMPCOMM New message
    DEBUG: : PUMPCOMM Delivery prime: false
    DEBUG: : PUMPCOMM Delivery step bolus: false
    DEBUG: : PUMPCOMM Delivery basal: false
    DEBUG: : PUMPCOMM Delivery ext bolus: false
    DEBUG: : PUMPCOMM Pump suspended: true
    DEBUG: : PUMPCOMM Calculator enabled: false
    DEBUG: : PUMPCOMM Daily total units: 0.0
    DEBUG: : PUMPCOMM Max daily total units: 0
    DEBUG: : PUMPCOMM Reservoir remaining units: 0.0
    DEBUG: : PUMPCOMM Bolus blocked: false
    DEBUG: : PUMPCOMM Current basal: 0.0
    DEBUG: : PUMPCOMM Current temp basal percent: 0
    DEBUG: : PUMPCOMM Is extended bolus running: false
    DEBUG: : PUMPCOMM statusBasalUDOption: 0
    DEBUG: : PUMPCOMM Is dual bolus running: false
    DEBUG: : PUMPCOMM Extended bolus rate: 0.0
    DEBUG: : PUMPCOMM Battery remaining: 0

MsgSetActivateBasalProfileTest > runTest() STARTED

MsgSetActivateBasalProfileTest > runTest() STANDARD_OUT
    DEBUG: : PUMPCOMM Activate basal profile: 1
    DEBUG: : PUMPCOMM Activate basal profile result: 7 ERROR!!!

MsgSetTempBasalStartTest > runTest() STARTED

MsgSetTempBasalStartTest > runTest() STANDARD_OUT
    DEBUG: : PUMPCOMM Temp basal start percent: 200 duration hours: 1
    DEBUG: : PUMPCOMM Set temp basal start result: 7 ERROR!!!

MsgSettingGlucoseTest > runTest() STARTED

MsgSettingGlucoseTest > runTest() STANDARD_OUT
    DEBUG: : PUMPCOMM New message
    DEBUG: : PUMPCOMM Pump units: MMOL
    DEBUG: : PUMPCOMM Easy basal mode: 1

MsgSettingShippingInfoTest > runTest() STARTED

MsgSettingShippingInfoTest > runTest() STANDARD_OUT
    DEBUG: : PUMPCOMM New message
    DEBUG: : PUMPCOMM Serial number: 
    DEBUG: : PUMPCOMM Shipping date: 1183780800000
    DEBUG: : PUMPCOMM Shipping country: HHH

MsgStatusTest > runTest() STARTED

MsgStatusTest > runTest() STANDARD_OUT
    DEBUG: : PUMPCOMM New message
    DEBUG: : PUMPCOMM Daily total: 614.068
    DEBUG: : PUMPCOMM Is extended bolus running: false
    DEBUG: : PUMPCOMM Extended bolus min: 1799
    DEBUG: : PUMPCOMM Extended bolus amount: 17.99
    DEBUG: : PUMPCOMM Last bolus time: 7/7/07 07:07 AM
    DEBUG: : PUMPCOMM Last bolus amount: 17.99
    DEBUG: : PUMPCOMM IOB: 17.99

MessageHashTableRKoreanTest > runTest() STARTED

MessageHashTableRKoreanTest > runTest() STANDARD_OUT
    DEBUG: : PUMPCOMM New message
    DEBUG: : PUMPBTCOMM Bolus start : 0.0
    DEBUG: : PUMPCOMM New message
    DEBUG: : PUMPCOMM New message
    DEBUG: : PUMPCOMM New message
    DEBUG: : PUMPCOMM New message
    DEBUG: : PUMPCOMM New message
    DEBUG: : PUMPCOMM New message
    DEBUG: : PUMPCOMM New message
    DEBUG: : PUMPCOMM New message
    DEBUG: : PUMPCOMM New message
    DEBUG: : PUMPCOMM Temp basal start percent: 0 duration hours: 1
    DEBUG: : PUMPBTCOMM New message
    DEBUG: : PUMPBTCOMM Set carb entry: 0 date Wed Dec 31 20:00:00 BOT 1969
    DEBUG: : PUMPBTCOMM Temp basal stop
    DEBUG: : PUMPBTCOMM New message
    DEBUG: : PUMPBTCOMM New message
    DEBUG: : PUMPBTCOMM Set extended bolus start: 0.0U halfHours: 1
    DEBUG: : PUMPCOMM New message
    DEBUG: : PUMPCOMM New message
    DEBUG: : PUMPCOMM New message
    DEBUG: : PUMPCOMM New message
    DEBUG: : PUMPCOMM New message
    DEBUG: : PUMPCOMM New message
    DEBUG: : PUMPCOMM New message
    DEBUG: : PUMPCOMM New message
    DEBUG: : PUMPCOMM New message
    DEBUG: : PUMPCOMM New message
    DEBUG: : PUMPCOMM New message
    DEBUG: : PUMPCOMM New message
    DEBUG: : PUMPCOMM New message
    DEBUG: : PUMPCOMM New message
    DEBUG: : PUMPCOMM New message
    DEBUG: : PUMPCOMM New message
    DEBUG: : PUMPCOMM New message
    DEBUG: : PUMPCOMM New message
    DEBUG: : PUMPCOMM New message
    DEBUG: : PUMPCOMM New message
    DEBUG: : PUMPCOMM New message
    DEBUG: : PUMPCOMM New message
    DEBUG: : PUMPCOMM New message
    DEBUG: : PUMPCOMM New message
    DEBUG: : PUMPCOMM New message
    DEBUG: : PUMPCOMM New message
    DEBUG: : PUMPCOMM New message

MsgSetAPSTempBasalStartRv2Test > runTest() STARTED

MsgSetAPSTempBasalStartRv2Test > runTest() STANDARD_OUT
    DEBUG: : PUMPCOMM APS Temp basal start percent: 0 duration 15 min
    DEBUG: : PUMPCOMM APS Temp basal start percent: 500 duration 15 min
    DEBUG: : PUMPCOMM APS Temp basal start percent: 50 duration 15 min
    DEBUG: : PUMPCOMM APS Temp basal start percent: 50 duration 30 min
    DEBUG: : PUMPCOMM APS Temp basal start percent: 250 duration 15 min
    DEBUG: : PUMPCOMM APS Temp basal start percent: 0 duration 30 min
    DEBUG: : PUMPCOMM APS Temp basal start percent: 500 duration 15 min
    DEBUG: : PUMPCOMM Set APS temp basal start result: 0 ERROR!!!
    DEBUG: : PUMPCOMM Set APS temp basal start result: 1

> Task :plugins:sync:kspFullDebugUnitTestKotlin
> Task :pump:eopatch:compileFullDebugUnitTestKotlin

> Task :plugins:sensitivity:testFullDebugUnitTest

SensitivityAAPSPluginTest > getId() STARTED

SensitivityAAPSPluginTest > isOref1() STARTED

> Task :pump:equil:compileFullDebugUnitTestKotlin
> Task :pump:equil-emulator:kspFullDebugUnitTestKotlin

> Task :pump:danars:testFullDebugUnitTest

DanaRSPacketNotifyDeliveryCompleteTest > runTest() STARTED

PumpInsulinTest > testConversion() STARTED

> Task :pump:medtronic:kspFullDebugUnitTestKotlin

> Task :pump:danar:testFullDebugUnitTest

MsgErrorTest > runTest() STANDARD_OUT
    DEBUG: : PUMPCOMM New message
    DEBUG: : PUMPCOMM Error detected:  1
    DEBUG: : PUMPCOMM Error detected: 

MsgHistoryCarboTest > runTest() STARTED

MsgHistoryCarboTest > runTest() STANDARD_OUT
    DEBUG: : PUMPCOMM New message
    DEBUG: : PUMPCOMM New message

MsgHistoryNewTest > runTest() STARTED

MsgHistoryNewTest > runTest() STANDARD_OUT
    DEBUG: : PUMPCOMM New message
    DEBUG: : PUMPCOMM New message

MsgInitConnStatusTimeTest > runTest() STARTED

MsgInitConnStatusTimeTest > runTest() STANDARD_OUT
    DEBUG: : PUMPCOMM New message
    DEBUG: : PUMPCOMM Wrong model selected. Switching to Korean DanaR
    DEBUG: : PUMP DanaRPump reset
    DEBUG: : PUMPCOMM Pump time: 1/1/01 01:01 AM
    DEBUG: : PUMPCOMM Version code: 1

MsgSetExtendedBolusStartTest > runTest() STARTED

MsgSetExtendedBolusStartTest > runTest() STANDARD_OUT
    DEBUG: : PUMPBTCOMM New message
    DEBUG: : PUMPBTCOMM Set extended bolus start: 0.0U halfHours: 2
    DEBUG: : PUMPBTCOMM Set extended bolus start result: 7 ERROR!!!

MsgSettingActiveProfileTest > runTest() STARTED

MsgSettingActiveProfileTest > runTest() STANDARD_OUT
    DEBUG: : PUMPCOMM New message
    DEBUG: : PUMPCOMM Active profile number: 7

MsgSettingProfileRatiosAllTest > runTest() STARTED

MsgSettingProfileRatiosAllTest > runTest() STANDARD_OUT
    DEBUG: : PUMPCOMM New message
    DEBUG: : PUMPCOMM Pump units: MGDL
    DEBUG: : PUMPCOMM Current pump morning CIR: 1799
    DEBUG: : PUMPCOMM Current pump morning CF: 1799.0
    DEBUG: : PUMPCOMM Current pump afternoon CIR: 1799
    DEBUG: : PUMPCOMM Current pump afternoon CF: 1799.0
    DEBUG: : PUMPCOMM Current pump evening CIR: 1799
    DEBUG: : PUMPCOMM Current pump evening CF: 1799.0
    DEBUG: : PUMPCOMM Current pump night CIR: 1799
    DEBUG: : PUMPCOMM Current pump night CF: 1799.0

MsgStatusBolusExtendedTest > runTest() STARTED

MsgStatusBolusExtendedTest > runTest() STANDARD_OUT
    DEBUG: : PUMPCOMM New message
    DEBUG: : PUMPCOMM New extended bolus detected
    DEBUG: : PUMPCOMM Is extended bolus running: true
    DEBUG: : PUMPCOMM Extended bolus min: 30
    DEBUG: : PUMPCOMM Extended bolus amount: 0.0
    DEBUG: : PUMPCOMM Extended bolus so far in minutes: 0
    DEBUG: : PUMPCOMM Extended bolus absolute rate: 0.0
    DEBUG: : PUMPCOMM Extended bolus start: 5/9/26 11:56 AM
    DEBUG: : PUMPCOMM Extended bolus remaining minutes: 30

AbstractDanaRExecutionServiceTest > testBolusStop_notConnected() STARTED

AbstractDanaRExecutionServiceTest > testBolusStop_notConnected() STANDARD_OUT
    DEBUG: : PUMP bolusStop >>>>> @ 0.0
    DEBUG: : PUMPCOMM New message

AbstractDanaRExecutionServiceTest > testLoadHistory_notConnected() STARTED

AbstractDanaRExecutionServiceTest > testDoSanityCheck_extendedBolusMismatch() STARTED

AbstractDanaRExecutionServiceTest > testDoSanityCheck_extendedBolusMismatch() STANDARD_OUT
    ERROR: PUMP Different extended bolus found running AAPS: Mock for ExtendedBolus, hashCode: 1883148264 DanaPump E 2.00U/h @08:16 PM 8/120'

MsgBolusStopTest > runTest() STANDARD_OUT
    DEBUG: : PUMPCOMM New message
    DEBUG: : PUMPCOMM Message received

MsgHistoryBasalHourTest > runTest() STARTED

MsgHistoryBasalHourTest > runTest() STANDARD_OUT
    DEBUG: : PUMPCOMM New message
    DEBUG: : PUMPCOMM New message

AbstractDanaRExecutionServiceTest > testDoSanityCheck_temporaryBasalInAAPSButNotInPump() STARTED

MsgHistoryGlucoseTest > runTest() STARTED

MsgHistoryGlucoseTest > runTest() STANDARD_OUT
    DEBUG: : PUMPCOMM New message
    DEBUG: : PUMPCOMM New message

MsgInitConnStatusBolusTest > runTest() STARTED

MsgInitConnStatusBolusTest > runTest() STANDARD_OUT
    DEBUG: : PUMPCOMM New message
    DEBUG: : PUMPCOMM Is Extended bolus enabled: true
    DEBUG: : PUMPCOMM Bolus increment: 0.0
    DEBUG: : PUMPCOMM Bolus max: 0.0

MsgSetBasalProfileTest > runTest() STARTED

MsgSetBasalProfileTest > runTest() STANDARD_OUT
    DEBUG: : PUMPCOMM Set basal profile: 1
    DEBUG: : PUMPCOMM Set basal profile result: 2 ERROR!!!

MsgSetTimeTest > runTest() STARTED

MsgSetTimeTest > runTest() STANDARD_OUT
    DEBUG: : PUMPCOMM New message: time:5/9/26 11:56 AM
    DEBUG: : PUMPCOMM Result of setting time: 7

MsgSettingMaxValuesTest > runTest() STARTED

MsgSettingMaxValuesTest > runTest() STANDARD_OUT
    DEBUG: : PUMPCOMM New message
    DEBUG: : PUMPCOMM Max bolus: 17.99
    DEBUG: : PUMPCOMM Max basal: 17.99
    DEBUG: : PUMPCOMM Total daily max units: 17

MsgSettingUserOptionsTest > runTest() STARTED

MsgSettingUserOptionsTest > runTest() STANDARD_OUT
    DEBUG: : PUMPCOMM New message
    DEBUG: : PUMPCOMM [0]7
    DEBUG: : PUMPCOMM [1]7
    DEBUG: : PUMPCOMM [2]7
    DEBUG: : PUMPCOMM [3]7
    DEBUG: : PUMPCOMM [4]7
    DEBUG: : PUMPCOMM [5]7
    DEBUG: : PUMPCOMM [6]7
    DEBUG: : PUMPCOMM [7]7
    DEBUG: : PUMPCOMM [8]7
    DEBUG: : PUMPCOMM [9]7
    DEBUG: : PUMPCOMM [10]7
    DEBUG: : PUMPCOMM [11]7
    DEBUG: : PUMPCOMM [12]7
    DEBUG: : PUMPCOMM [13]7
    DEBUG: : PUMPCOMM [14]7
    DEBUG: : PUMPCOMM [15]7
    DEBUG: : PUMPCOMM [16]7
    DEBUG: : PUMPCOMM [17]7
    DEBUG: : PUMPCOMM [18]7
    DEBUG: : PUMPCOMM [19]7
    DEBUG: : PUMPCOMM [20]7
    DEBUG: : PUMPCOMM [21]7
    DEBUG: : PUMPCOMM [22]7
    DEBUG: : PUMPCOMM [23]7
    DEBUG: : PUMPCOMM [24]7
    DEBUG: : PUMPCOMM [25]7
    DEBUG: : PUMPCOMM [26]7
    DEBUG: : PUMPCOMM [27]7
    DEBUG: : PUMPCOMM [28]7
    DEBUG: : PUMPCOMM [29]7
    DEBUG: : PUMPCOMM [30]7
    DEBUG: : PUMPCOMM [31]7
    DEBUG: : PUMPCOMM [32]7
    DEBUG: : PUMPCOMM [33]7
    DEBUG: : PUMPCOMM [34]7
    DEBUG: : PUMPCOMM [35]7
    DEBUG: : PUMPCOMM [36]7
    DEBUG: : PUMPCOMM [37]7
    DEBUG: : PUMPCOMM timeDisplayType24: false
    DEBUG: : PUMPCOMM Button scroll: false
    DEBUG: : PUMPCOMM BeepAndAlarm: 7
    DEBUG: : PUMPCOMM screen timeout: 7
    DEBUG: : PUMPCOMM BackLight: 7
    DEBUG: : PUMPCOMM Selected language: 7
    DEBUG: : PUMPCOMM Units: mmol
    DEBUG: : PUMPCOMM Shutdown: 7
    DEBUG: : PUMPCOMM Low reservoir: 7

RecordTypesTest > runTest() STARTED

DanaRKoreanExecutionServiceTest > testHighTempBasal() STARTED

AbstractDanaRExecutionServiceTest > testDoSanityCheck_temporaryBasalInAAPSButNotInPump() STANDARD_OUT
    ERROR: PUMP Temporary basal should not be running. Sending stop to AAPS

AbstractDanaRExecutionServiceTest > testGetSocketForSelectedPump_deviceNotFound() STARTED

AbstractDanaRExecutionServiceTest > testGetSocketForSelectedPump_deviceNotFound() STANDARD_OUT
    DEBUG: : EVENTS Sending EventShowSnackbar[key=<null>,message=test string,type=Error]

AbstractDanaRExecutionServiceTest > testDisconnect() STARTED

AbstractDanaRExecutionServiceTest > testIsHandshakeInProgress() STARTED

AbstractDanaRExecutionServiceTest > testIsConnected() STARTED

AbstractDanaRExecutionServiceTest > testStopConnecting() STARTED

AbstractDanaRExecutionServiceTest > testLoadHistory_withDifferentTypes() STARTED

AbstractDanaRExecutionServiceTest > testDoSanityCheck_temporaryBasalMismatch() STARTED

AbstractDanaRExecutionServiceTest > testDoSanityCheck_temporaryBasalMismatch() STANDARD_OUT
    ERROR: PUMP Different temporary basal found running AAPS: Mock for TemporaryBasal, hashCode: 599270579 DanaPump 100% @08:16 PM 8/30'

AbstractDanaRExecutionServiceTest > testDoSanityCheck_noTemporaryBasalInAAPSButInPump() STARTED

AbstractDanaRExecutionServiceTest > testDoSanityCheck_noTemporaryBasalInAAPSButInPump() STANDARD_OUT
    ERROR: PUMP Temporary basal should be running: DanaPump 120% @08:16 PM 8/30'

AbstractDanaRExecutionServiceTest > testDoSanityCheck_allMatch() STARTED

MessageHashTableRv2Test > runTest() STARTED

MessageHashTableRv2Test > runTest() STANDARD_OUT
    DEBUG: : PUMPCOMM New message
    DEBUG: : PUMPBTCOMM Bolus start : 0.0
    DEBUG: : PUMPBTCOMM Bolus start : 0.0 speed: 0
    DEBUG: : PUMPCOMM New message
    DEBUG: : PUMPCOMM New message
    DEBUG: : PUMPCOMM New message
    DEBUG: : PUMPCOMM New message
    DEBUG: : PUMPCOMM New message
    DEBUG: : PUMPCOMM New message
    DEBUG: : PUMPCOMM New message
    DEBUG: : PUMPCOMM New message
    DEBUG: : PUMPCOMM New message
    DEBUG: : PUMPCOMM New message
    DEBUG: : PUMPCOMM Temp basal start percent: 0 duration hours: 1
    DEBUG: : PUMPBTCOMM New message
    DEBUG: : PUMPBTCOMM Set carb entry: 0 date Wed Dec 31 20:00:00 BOT 1969
    DEBUG: : PUMPBTCOMM Temp basal stop
    DEBUG: : PUMPBTCOMM New message
    DEBUG: : PUMPBTCOMM New message
    DEBUG: : PUMPBTCOMM Set extended bolus start: 0.0U halfHours: 1
    DEBUG: : PUMPCOMM New message
    DEBUG: : PUMPCOMM New message
    DEBUG: : PUMPCOMM New message
    DEBUG: : PUMPCOMM New message
    DEBUG: : PUMPCOMM New message
    DEBUG: : PUMPCOMM New message
    DEBUG: : PUMPCOMM New message
    DEBUG: : PUMPCOMM New message
    DEBUG: : PUMPCOMM New message
    DEBUG: : PUMPCOMM New message
    DEBUG: : PUMPCOMM New message
    DEBUG: : PUMPCOMM New message
    DEBUG: : PUMPCOMM New message
    DEBUG: : PUMPCOMM New message
    DEBUG: : PUMPCOMM New message
    DEBUG: : PUMPCOMM New message
    DEBUG: : PUMPCOMM New message
    DEBUG: : PUMPCOMM New message
    DEBUG: : PUMPCOMM New message
    DEBUG: : PUMPCOMM New message
    DEBUG: : PUMPCOMM New message
    DEBUG: : PUMPCOMM New message
    DEBUG: : PUMPCOMM New message
    DEBUG: : PUMPCOMM New message
    DEBUG: : PUMPCOMM New message
    DEBUG: : PUMPCOMM New message
    DEBUG: : PUMPCOMM New message
    DEBUG: : PUMPCOMM New message
    DEBUG: : PUMPCOMM New message
    DEBUG: : PUMPCOMM New message
    DEBUG: : PUMPCOMM New message
    DEBUG: : PUMPCOMM New message
    DEBUG: : PUMPCOMM New message
    DEBUG: : PUMPCOMM New message
    DEBUG: : PUMPCOMM Set basal profile: 0
    DEBUG: : PUMPCOMM NO USER OPTIONS LOADED EXITING!
    DEBUG: : PUMPCOMM Activate basal profile: 0
    DEBUG: : PUMPCOMM New message
    DEBUG: : PUMPCOMM New message
    DEBUG: : PUMPCOMM New message
    DEBUG: : PUMPCOMM New message
    DEBUG: : PUMPCOMM New message
    DEBUG: : PUMPCOMM New message
    DEBUG: : PUMPCOMM New message
    DEBUG: : PUMPCOMM APS Temp basal start percent: 0 duration 15 min
    DEBUG: : PUMPCOMM Loading event history from: 
    DEBUG: : PUMPCOMM Set history entry: type: 0 date: Wed Dec 31 20:00:00 BOT 1969 param1: 0 param2: 0
    DEBUG: : PUMPCOMM New message

DanaRv2ExecutionServiceTest > testTempBasalShortDuration_invalidDuration() STARTED

DanaRv2ExecutionServiceTest > testTempBasalShortDuration_invalidDuration() STANDARD_OUT
    ERROR: Wrong duration param

DanaRv2ExecutionServiceTest > testExtendedBolusStop_notConnected() STARTED

DanaRv2ExecutionServiceTest > testTempBasal_notConnected() STARTED

DanaRv2ExecutionServiceTest > testExtendedBolus_notConnected() STARTED

DanaRv2ExecutionServiceTest > testBolus_notConnected() STARTED

DanaRv2ExecutionServiceTest > testTempBasalShortDuration_notConnected() STARTED

DanaRv2ExecutionServiceTest > testHighTempBasal_notConnected() STARTED

DanaRv2ExecutionServiceTest > testLoadEvents_notInitialized() STARTED

DanaRv2ExecutionServiceTest > testTempBasalStop_notConnected() STARTED

DanaRv2ExecutionServiceTest > testSetUserOptions_notConnected() STARTED

DanaRv2ExecutionServiceTest > testLoadEvents_notConnected() STARTED

DanaRv2ExecutionServiceTest > testUpdateBasalsInPump_notConnected() STARTED

DanaRKoreanExecutionServiceTest > testLoadEvents() STARTED

DanaRKoreanExecutionServiceTest > testSetUserOptions() STARTED

MessageHashTableRTest > runTest() STANDARD_OUT
    DEBUG: : PUMPCOMM New message
    DEBUG: : PUMPBTCOMM Bolus start : 0.0
    DEBUG: : PUMPBTCOMM Bolus start : 0.0 speed: 0
    DEBUG: : PUMPCOMM New message
    DEBUG: : PUMPCOMM New message
    DEBUG: : PUMPCOMM New message
    DEBUG: : PUMPCOMM New message
    DEBUG: : PUMPCOMM New message
    DEBUG: : PUMPCOMM New message
    DEBUG: : PUMPCOMM New message
    DEBUG: : PUMPCOMM New message
    DEBUG: : PUMPCOMM New message
    DEBUG: : PUMPCOMM New message
    DEBUG: : PUMPCOMM Temp basal start percent: 0 duration hours: 1
    DEBUG: : PUMPBTCOMM New message
    DEBUG: : PUMPBTCOMM Set carb entry: 0 date Wed Dec 31 20:00:00 BOT 1969
    DEBUG: : PUMPBTCOMM Temp basal stop
    DEBUG: : PUMPBTCOMM New message
    DEBUG: : PUMPBTCOMM New message
    DEBUG: : PUMPBTCOMM Set extended bolus start: 0.0U halfHours: 1
    DEBUG: : PUMPCOMM New message
    DEBUG: : PUMPCOMM New message
    DEBUG: : PUMPCOMM New message
    DEBUG: : PUMPCOMM New message
    DEBUG: : PUMPCOMM New message
    DEBUG: : PUMPCOMM New message
    DEBUG: : PUMPCOMM New message

DanaRKoreanExecutionServiceTest > testExtendedBolusStop_notConnected() STARTED

MessageHashTableRTest > runTest() STANDARD_OUT
    DEBUG: : PUMPCOMM New message
    DEBUG: : PUMPCOMM New message
    DEBUG: : PUMPCOMM New message
    DEBUG: : PUMPCOMM New message
    DEBUG: : PUMPCOMM New message
    DEBUG: : PUMPCOMM New message
    DEBUG: : PUMPCOMM New message
    DEBUG: : PUMPCOMM New message
    DEBUG: : PUMPCOMM New message
    DEBUG: : PUMPCOMM New message
    DEBUG: : PUMPCOMM New message
    DEBUG: : PUMPCOMM New message
    DEBUG: : PUMPCOMM New message
    DEBUG: : PUMPCOMM New message
    DEBUG: : PUMPCOMM New message
    DEBUG: : PUMPCOMM New message
    DEBUG: : PUMPCOMM New message
    DEBUG: : PUMPCOMM New message
    DEBUG: : PUMPCOMM New message
    DEBUG: : PUMPCOMM New message
    DEBUG: : PUMPCOMM New message
    DEBUG: : PUMPCOMM New message
    DEBUG: : PUMPCOMM New message
    DEBUG: : PUMPCOMM New message
    DEBUG: : PUMPCOMM New message
    DEBUG: : PUMPCOMM New message
    DEBUG: : PUMPCOMM New message
    DEBUG: : PUMPCOMM Set basal profile: 0
    DEBUG: : PUMPCOMM NO USER OPTIONS LOADED EXITING!
    DEBUG: : PUMPCOMM Activate basal profile: 0
    DEBUG: : PUMPCOMM New message
    DEBUG: : PUMPCOMM New message
    DEBUG: : PUMPCOMM New message
    DEBUG: : PUMPCOMM New message
    DEBUG: : PUMPCOMM New message
    DEBUG: : PUMPCOMM New message

MsgCheckValueTest > runTest() STARTED

MsgCheckValueTest > runTest() STANDARD_OUT
    DEBUG: : PUMPCOMM New message
    DEBUG: : PUMPCOMM New firmware confirmed
    DEBUG: : PUMPCOMM Model: 03 
    DEBUG: : PUMPCOMM Protocol: 00 
    DEBUG: : PUMPCOMM Product Code: 00 

MsgHistoryBolusTest > runTest() STARTED

DanaRKoreanExecutionServiceTest > testTempBasal_notConnected() STARTED

DanaRKoreanExecutionServiceTest > testExtendedBolus_notConnected() STARTED

DanaRKoreanExecutionServiceTest > testBolus_notConnected() STARTED

DanaRKoreanExecutionServiceTest > testTempBasalShortDuration() STARTED

DanaRKoreanExecutionServiceTest > testTempBasalStop_notConnected() STARTED

DanaRKoreanExecutionServiceTest > testUpdateBasalsInPump_notConnected() STARTED

MsgHistoryBolusTest > runTest() STANDARD_OUT
    DEBUG: : PUMPCOMM New message
    DEBUG: : PUMPCOMM New message

MsgHistoryNewDoneTest > runTest() STARTED

MsgHistoryNewDoneTest > runTest() STANDARD_OUT
    DEBUG: : PUMPCOMM New message

MsgInitConnStatusOptionTest > runTest() STARTED

MsgSetHistoryEntryRv2Test > runTest() STARTED

MsgInitConnStatusOptionTest > runTest() STANDARD_OUT
    DEBUG: : PUMPCOMM New message
    DEBUG: : PUMPCOMM Pump password: 13666

MsgSetCarbsEntryTest > runTest() STARTED

MsgSetCarbsEntryTest > runTest() STANDARD_OUT
    DEBUG: : PUMPBTCOMM New message
    DEBUG: : PUMPBTCOMM Set carb entry: 10 date Sat May 09 11:56:56 BOT 2026
    DEBUG: : PUMPBTCOMM Set carb entry result: 7 ERROR!!!

MsgSetUserOptionsTest > runTest() STARTED

MsgSetUserOptionsTest > runTest() STANDARD_OUT
    DEBUG: : PUMPCOMM NO USER OPTIONS LOADED EXITING!
    DEBUG: : PUMPCOMM Setting user options: 7 ERROR!!!

MsgSettingMealTest > runTest() STARTED

MsgSettingMealTest > runTest() STANDARD_OUT
    DEBUG: : PUMPCOMM New message
    DEBUG: : PUMPCOMM Basal step: 0.01
    DEBUG: : PUMPCOMM Bolus step: 0.01
    DEBUG: : PUMPCOMM Bolus enabled: true
    DEBUG: : PUMPCOMM Melody time: 1
    DEBUG: : PUMPCOMM Block time: 1

MsgSetHistoryEntryRv2Test > runTest() STANDARD_OUT
    DEBUG: : PUMPCOMM Set history entry: type: 1 date: Sat May 09 11:56:56 BOT 2026 param1: 1 param2: 0
    DEBUG: : PUMPCOMM Set history entry result: 2 ERROR!!!
    DEBUG: : PUMPCOMM Set history entry result: 1

MsgSettingMealTest > runTest() STANDARD_OUT
    DEBUG: : PUMPCOMM Is Config U/d: true

MsgStatusBasicTest > runTest() STARTED

MsgStatusBasicTest > runTest() STANDARD_OUT
    DEBUG: : PUMPCOMM New message
    DEBUG: : PUMPCOMM Pump suspended: false
    DEBUG: : PUMPCOMM Calculator enabled: false
    DEBUG: : PUMPCOMM Daily total units: 614.068
    DEBUG: : PUMPCOMM Max daily total units: 17
    DEBUG: : PUMPCOMM Reservoir remaining units: 614.068
    DEBUG: : PUMPCOMM Bolus blocked: false
    DEBUG: : PUMPCOMM Current basal: 17.99

DanaRv2PluginTest > percentBasalRateShouldBeLimited() STARTED

> Task :plugins:source:kspFullDebugKotlin
> Task :pump:insight:compileFullDebugUnitTestKotlin

> Task :pump:danar:testFullDebugUnitTest

DanaRv2PluginTest > percentBasalRateShouldBeLimited() STANDARD_OUT
    DEBUG: : CORE Starting: null
    DEBUG: : CONSTRAINTS Setting because of smaller value 2147483647 -> 200 (Limiting max percent rate to 200% because of pump limit)[DanaRv2]
    DEBUG: : CONSTRAINTS Limiting original value: 2147483647 to 200. Reason: DanaRv2: Limiting max percent rate to 200% because of pump limit
    DEBUG: : CONSTRAINTS Limiting original value: 2147483647 to 200. Reason: DanaRv2: Limiting max percent rate to 200% because of pump limit

DanaRv2PluginTest > basalRateShouldBeLimited() STARTED

DanaRv2PluginTest > basalRateShouldBeLimited() STANDARD_OUT
    DEBUG: : CORE Starting: null
    DEBUG: : CONSTRAINTS Setting because of smaller value 1.7976931348623157E308 -> 0.8 (Limiting max basal rate to 0.80 U/h because of pump limit)[DanaRv2]
    DEBUG: : CONSTRAINTS Limiting original value: 1.7976931348623157E308 to 0.8. Reason: DanaRv2: Limiting max basal rate to 0.80 U/h because of pump limit
    DEBUG: : CONSTRAINTS Limiting original value: 1.7976931348623157E308 to 0.8. Reason: DanaRv2: Limiting max basal rate to 0.80 U/h because of pump limit

MsgStatusAPSRv2Test > runTest() STARTED

MsgStatusAPSRv2Test > runTest() STANDARD_OUT
    DEBUG: : PUMPCOMM New message
    DEBUG: : PUMPCOMM Delivered so far: 17.99
    DEBUG: : PUMPCOMM Current pump IOB: 17.99

> Task :pump:insight:compileFullDebugUnitTestJavaWithJavac NO-SOURCE

> Task :pump:danars-emulator:testFullDebugUnitTest

BLECommBLE5IntegrationTest > multiple commands work in sequence with BLE5() STARTED

DanaRSServiceIntegrationTest > extendedBolusStop cancels extended bolus() STANDARD_OUT
    DEBUG: : PUMPCOMM New message
    DEBUG: : PUMPBTCOMM Initializing BLEComm.
    DEBUG: : PUMPBTCOMM Trying to create a new connection from: test
    DEBUG: : PUMPBTCOMM onConnectionStateChange
    DEBUG: : PUMPBTCOMM onServicesDiscovered
    DEBUG: : PUMPBTCOMM >>>>> ENCRYPTION__PUMP_CHECK (0x00) A5 A5 0C E4  F2 C8 AD BA  AD D5 C2 AD  D7 A6 D4 0C  C6 5A 5A 
    DEBUG: : PUMPBTCOMM <<<<< ENCRYPTION__PUMP_CHECK (OK) 02 00 4F 4B  
    DEBUG: : PUMPBTCOMM Using stored pairing key: ABCD
    DEBUG: : PUMPBTCOMM >>>>> ENCRYPTION__CHECK_PASSKEY A5 A5 04 E4  22 42 5C 3B  B0 5A 5A 
    DEBUG: : PUMPBTCOMM <<<<< ENCRYPTION__CHECK_PASSKEY 02 D0 00 
    DEBUG: : PUMPBTCOMM >>>>> ENCRYPTION__TIME_INFORMATION A5 A5 02 E4  F3 94 75 5A  5A 
    DEBUG: : PUMPBTCOMM <<<<< ENCRYPTION__TIME_INFORMATION 02 01 1A 05  09 0B 38 36  87 0D 
    DEBUG: : PUMPBTCOMM Pump user password: 0000
    DEBUG: : EVENTS Sending EventPumpStatusChanged[error=,performingAction=,secondsElapsed=0,status=CONNECTED]
    DEBUG: : PUMPBTCOMM RS connected and status read
    DEBUG: : EVENTS Sending EventPumpStatusChanged[error=,performingAction=test,secondsElapsed=0,status=PERFORMING]
    DEBUG: : PUMPCOMM Cancel extended bolus
    DEBUG: : PUMPBTCOMM >>>>> BOLUS__SET_EXTENDED_BOLUS_CANCEL B2 49  
    DEBUG: : PUMPBTCOMM <<<<< BOLUS__SET_EXTENDED_BOLUS_CANCEL B2 49 00 
    DEBUG: : PUMPCOMM Result OK
    DEBUG: : PUMPBTCOMM handleMessage done BOLUS__SET_EXTENDED_BOLUS_CANCEL setting received on thread Test worker
    DEBUG: : PUMPBTCOMM notifyAll BOLUS__SET_EXTENDED_BOLUS_CANCEL processedMessage===message: true
    DEBUG: : PUMPBTCOMM already received BOLUS__SET_EXTENDED_BOLUS_CANCEL (no wait needed)
    DEBUG: : EVENTS Sending EventPumpStatusChanged[error=,performingAction=,secondsElapsed=0,status=DISCONNECTING]

DanaRSServiceIntegrationTest > readPumpStatus with profile24 reads 24-hour CIR-CF() STARTED

DanaRSServiceIntegrationTest > readPumpStatus with profile24 reads 24-hour CIR-CF() STANDARD_OUT
    DEBUG: : PUMPCOMM New message
    DEBUG: : PUMPBTCOMM Initializing BLEComm.
    DEBUG: : PUMPBTCOMM Trying to create a new connection from: test
    DEBUG: : PUMPBTCOMM onConnectionStateChange
    DEBUG: : PUMPBTCOMM onServicesDiscovered
    DEBUG: : PUMPBTCOMM >>>>> ENCRYPTION__PUMP_CHECK (0x00) A5 A5 0C E4  F2 C8 AD BA  AD D5 C2 AD  D7 A6 D4 0C  C6 5A 5A 
    DEBUG: : PUMPBTCOMM <<<<< ENCRYPTION__PUMP_CHECK (OK) 02 00 4F 4B  
    DEBUG: : PUMPBTCOMM Using stored pairing key: ABCD
    DEBUG: : PUMPBTCOMM >>>>> ENCRYPTION__CHECK_PASSKEY A5 A5 04 E4  22 42 5C 3B  B0 5A 5A 
    DEBUG: : PUMPBTCOMM <<<<< ENCRYPTION__CHECK_PASSKEY 02 D0 00 
    DEBUG: : PUMPBTCOMM >>>>> ENCRYPTION__TIME_INFORMATION A5 A5 02 E4  F3 94 75 5A  5A 
    DEBUG: : PUMPBTCOMM <<<<< ENCRYPTION__TIME_INFORMATION 02 01 1A 05  09 0B 38 39  87 0D 
    DEBUG: : PUMPBTCOMM Pump user password: 0000
    DEBUG: : EVENTS Sending EventPumpStatusChanged[error=,performingAction=,secondsElapsed=0,status=CONNECTED]
    DEBUG: : PUMPBTCOMM RS connected and status read
    DEBUG: : EVENTS Sending EventPumpStatusChanged[error=,performingAction=test,secondsElapsed=0,status=PERFORMING]
    DEBUG: : PUMPCOMM New message
    DEBUG: : PUMPBTCOMM >>>>> ETC__KEEP_CONNECTION B2 FF  
    DEBUG: : PUMPBTCOMM <<<<< ETC__KEEP_CONNECTION B2 FF 00 
    DEBUG: : PUMPCOMM Result OK
    DEBUG: : PUMPBTCOMM handleMessage done ETC__KEEP_CONNECTION setting received on thread Test worker
    DEBUG: : PUMPBTCOMM notifyAll ETC__KEEP_CONNECTION processedMessage===message: true
    DEBUG: : PUMPBTCOMM already received ETC__KEEP_CONNECTION (no wait needed)
    DEBUG: : PUMPCOMM New message
    DEBUG: : PUMPBTCOMM >>>>> REVIEW__GET_SHIPPING_INFORMATION B2 20  
    DEBUG: : PUMPBTCOMM <<<<< REVIEW__GET_SHIPPING_INFORMATION B2 20 55 48  48 30 30 30  30 32 54 49  49 4E 54 18  01 01 00 00  
    DEBUG: : PUMPCOMM Serial number: UHH00002TI
    DEBUG: : PUMPCOMM Shipping date: null
    DEBUG: : PUMPCOMM Shipping country: INT
    DEBUG: : PUMPBTCOMM handleMessage done REVIEW__GET_SHIPPING_INFORMATION setting received on thread Test worker
    DEBUG: : PUMPBTCOMM notifyAll REVIEW__GET_SHIPPING_INFORMATION processedMessage===message: true
    DEBUG: : PUMPBTCOMM already received REVIEW__GET_SHIPPING_INFORMATION (no wait needed)
    DEBUG: : PUMPCOMM New message
    DEBUG: : PUMPBTCOMM >>>>> REVIEW__GET_PUMP_CHECK B2 21  
    DEBUG: : PUMPBTCOMM <<<<< REVIEW__GET_PUMP_CHECK B2 21 07 05  02 
    DEBUG: : PUMPCOMM Model: 07 
    DEBUG: : PUMPCOMM Protocol: 05 
    DEBUG: : PUMPCOMM Product Code: 02 
    DEBUG: : PUMPBTCOMM handleMessage done REVIEW__GET_PUMP_CHECK setting received on thread Test worker
    DEBUG: : PUMPBTCOMM notifyAll REVIEW__GET_PUMP_CHECK processedMessage===message: true
    DEBUG: : PUMPBTCOMM already received REVIEW__GET_PUMP_CHECK (no wait needed)
    DEBUG: : PUMPCOMM Requesting active profile
    DEBUG: : PUMPBTCOMM >>>>> BASAL__GET_PROFILE_NUMBER B2 63  
    DEBUG: : PUMPBTCOMM <<<<< BASAL__GET_PROFILE_NUMBER B2 63 00 
    DEBUG: : PUMPCOMM Active profile: 0
    DEBUG: : PUMPBTCOMM handleMessage done BASAL__GET_PROFILE_NUMBER setting received on thread Test worker
    DEBUG: : PUMPBTCOMM notifyAll BASAL__GET_PROFILE_NUMBER processedMessage===message: true
    DEBUG: : PUMPBTCOMM already received BASAL__GET_PROFILE_NUMBER (no wait needed)
    DEBUG: : PUMPCOMM New message
    DEBUG: : PUMPBTCOMM >>>>> BOLUS__GET_BOLUS_OPTION B2 50  
    DEBUG: : PUMPBTCOMM <<<<< BOLUS__GET_BOLUS_OPTION B2 50 01 00  00 00 00 00  00 00 00 00  00 00 00 00  00 00 00 00  00 00 
    DEBUG: : PUMPCOMM Extended bolus enabled: true
    DEBUG: : PUMPCOMM Missed bolus config: 0
    DEBUG: : PUMPCOMM missedBolus01StartHour: 0
    DEBUG: : PUMPCOMM missedBolus01StartMin: 0
    DEBUG: : PUMPCOMM missedBolus01EndHour: 0
    DEBUG: : PUMPCOMM missedBolus01EndMin: 0
    DEBUG: : PUMPCOMM missedBolus02StartHour: 0
    DEBUG: : PUMPCOMM missedBolus02StartMin: 0
    DEBUG: : PUMPCOMM missedBolus02EndHour: 0
    DEBUG: : PUMPCOMM missedBolus02EndMin: 0
    DEBUG: : PUMPCOMM missedBolus03StartHour: 0
    DEBUG: : PUMPCOMM missedBolus03StartMin: 0
    DEBUG: : PUMPCOMM missedBolus03EndHour: 0
    DEBUG: : PUMPCOMM missedBolus03EndMin: 0
    DEBUG: : PUMPCOMM missedBolus04StartHour: 0
    DEBUG: : PUMPCOMM missedBolus04StartMin: 0
    DEBUG: : PUMPCOMM missedBolus04EndHour: 0
    DEBUG: : PUMPCOMM missedBolus04EndMin: 0
    DEBUG: : PUMPBTCOMM handleMessage done BOLUS__GET_BOLUS_OPTION setting received on thread Test worker
    DEBUG: : PUMPBTCOMM notifyAll BOLUS__GET_BOLUS_OPTION processedMessage===message: true
    DEBUG: : PUMPBTCOMM already received BOLUS__GET_BOLUS_OPTION (no wait needed)
    DEBUG: : PUMPCOMM Requesting basal rates
    DEBUG: : PUMPBTCOMM >>>>> BASAL__GET_BASAL_RATE B2 67  
    DEBUG: : PUMPBTCOMM <<<<< BASAL__GET_BASAL_RATE B2 67 2C 01  01 64 00 64  00 64 00 64  00 64 00 64  00 64 00 64  00 64 00 64  00 64 00 64  00 64 00 64  00 64 00 64  00 64 00 64  00 64 00 64  00 64 00 64  00 64 00 64  00 
    DEBUG: : PUMPCOMM Max basal: 3.0 U
    DEBUG: : PUMPCOMM Basal step: 0.01 U
    DEBUG: : PUMPCOMM Basal 00h: 1.0
    DEBUG: : PUMPCOMM Basal 01h: 1.0
    DEBUG: : PUMPCOMM Basal 02h: 1.0
    DEBUG: : PUMPCOMM Basal 03h: 1.0
    DEBUG: : PUMPCOMM Basal 04h: 1.0
    DEBUG: : PUMPCOMM Basal 05h: 1.0
    DEBUG: : PUMPCOMM Basal 06h: 1.0
    DEBUG: : PUMPCOMM Basal 07h: 1.0
    DEBUG: : PUMPCOMM Basal 08h: 1.0
    DEBUG: : PUMPCOMM Basal 09h: 1.0
    DEBUG: : PUMPCOMM Basal 10h: 1.0
    DEBUG: : PUMPCOMM Basal 11h: 1.0
    DEBUG: : PUMPCOMM Basal 12h: 1.0
    DEBUG: : PUMPCOMM Basal 13h: 1.0
    DEBUG: : PUMPCOMM Basal 14h: 1.0
    DEBUG: : PUMPCOMM Basal 15h: 1.0
    DEBUG: : PUMPCOMM Basal 16h: 1.0
    DEBUG: : PUMPCOMM Basal 17h: 1.0
    DEBUG: : PUMPCOMM Basal 18h: 1.0
    DEBUG: : PUMPCOMM Basal 19h: 1.0
    DEBUG: : PUMPCOMM Basal 20h: 1.0
    DEBUG: : PUMPCOMM Basal 21h: 1.0
    DEBUG: : PUMPCOMM Basal 22h: 1.0
    DEBUG: : PUMPCOMM Basal 23h: 1.0
    DEBUG: : PUMPBTCOMM handleMessage done BASAL__GET_BASAL_RATE setting received on thread Test worker
    DEBUG: : PUMPBTCOMM notifyAll BASAL__GET_BASAL_RATE processedMessage===message: true
    DEBUG: : PUMPBTCOMM already received BASAL__GET_BASAL_RATE (no wait needed)
    DEBUG: : PUMPCOMM New message
    DEBUG: : PUMPBTCOMM >>>>> BOLUS__GET_CALCULATION_INFORMATION B2 4B  
    DEBUG: : PUMPBTCOMM <<<<< BOLUS__GET_CALCULATION_INFORMATION B2 4B 00 00  00 00 00 64  00 0A 00 1E  00 00 00 00  
    DEBUG: : PUMPCOMM Result: 0
    DEBUG: : PUMPCOMM Pump units: MGDL
    DEBUG: : PUMPCOMM Current BG: 0.0
    DEBUG: : PUMPCOMM Carbs: 0
    DEBUG: : PUMPCOMM Current target: 100.0
    DEBUG: : PUMPCOMM Current CIR: 10
    DEBUG: : PUMPCOMM Current CF: 30.0
    DEBUG: : PUMPCOMM Pump IOB: 0.0
    DEBUG: : PUMPBTCOMM handleMessage done BOLUS__GET_CALCULATION_INFORMATION setting received on thread Test worker
    DEBUG: : PUMPBTCOMM notifyAll BOLUS__GET_CALCULATION_INFORMATION processedMessage===message: true
    DEBUG: : PUMPBTCOMM already received BOLUS__GET_CALCULATION_INFORMATION (no wait needed)
    DEBUG: : PUMPCOMM New message
    DEBUG: : PUMPBTCOMM >>>>> BOLUS__GET_24_ CIR_CF_ARRAY B2 52  
    DEBUG: : PUMPBTCOMM <<<<< BOLUS__GET_24_ CIR_CF_ARRAY B2 52 00 0C  00 0D 00 0E  00 0F 00 10  00 11 00 12  00 13 00 14  00 15 00 16  00 17 00 18  00 19 00 1A  00 1B 00 1C  00 1D 00 1E  00 1F 00 20  00 21 00 22  00 23 00 28  00 29 00 2A  00 2B 00 2C  00 2D 00 2E  00 2F 00 30  00 31 00 32  00 33 00 34  00 35 00 36  00 37 00 38  00 39 00 3A  00 3B 00 3C  00 3D 00 3E  00 3F 00 
    DEBUG: : PUMPCOMM 0: CIR: 12.0  CF: 40.0
    DEBUG: : PUMPCOMM 1: CIR: 13.0  CF: 41.0
    DEBUG: : PUMPCOMM 2: CIR: 14.0  CF: 42.0
    DEBUG: : PUMPCOMM 3: CIR: 15.0  CF: 43.0
    DEBUG: : PUMPCOMM 4: CIR: 16.0  CF: 44.0
    DEBUG: : PUMPCOMM 5: CIR: 17.0  CF: 45.0
    DEBUG: : PUMPCOMM 6: CIR: 18.0  CF: 46.0
    DEBUG: : PUMPCOMM 7: CIR: 19.0  CF: 47.0
    DEBUG: : PUMPCOMM 8: CIR: 20.0  CF: 48.0
    DEBUG: : PUMPCOMM 9: CIR: 21.0  CF: 49.0
    DEBUG: : PUMPCOMM 10: CIR: 22.0  CF: 50.0
    DEBUG: : PUMPCOMM 11: CIR: 23.0  CF: 51.0
    DEBUG: : PUMPCOMM 12: CIR: 24.0  CF: 52.0
    DEBUG: : PUMPCOMM 13: CIR: 25.0  CF: 53.0
    DEBUG: : PUMPCOMM 14: CIR: 26.0  CF: 54.0
    DEBUG: : PUMPCOMM 15: CIR: 27.0  CF: 55.0
    DEBUG: : PUMPCOMM 16: CIR: 28.0  CF: 56.0
    DEBUG: : PUMPCOMM 17: CIR: 29.0  CF: 57.0
    DEBUG: : PUMPCOMM 18: CIR: 30.0  CF: 58.0
    DEBUG: : PUMPCOMM 19: CIR: 31.0  CF: 59.0
    DEBUG: : PUMPCOMM 20: CIR: 32.0  CF: 60.0
    DEBUG: : PUMPCOMM 21: CIR: 33.0  CF: 61.0
    DEBUG: : PUMPCOMM 22: CIR: 34.0  CF: 62.0
    DEBUG: : PUMPCOMM 23: CIR: 35.0  CF: 63.0
    DEBUG: : PUMPCOMM Pump units: MGDL
    DEBUG: : PUMPBTCOMM handleMessage done BOLUS__GET_24_ CIR_CF_ARRAY setting received on thread Test worker
    DEBUG: : PUMPBTCOMM notifyAll BOLUS__GET_24_ CIR_CF_ARRAY processedMessage===message: true
    DEBUG: : PUMPBTCOMM already received BOLUS__GET_24_ CIR_CF_ARRAY (no wait needed)
    DEBUG: : PUMPCOMM Requesting user settings
    DEBUG: : PUMPBTCOMM >>>>> OPTION__GET_USER_OPTION B2 72  
    DEBUG: : PUMPBTCOMM <<<<< OPTION__GET_USER_OPTION B2 72 00 00  00 05 05 00  00 00 14 0F  00 00 00 00  00 00 00 00  64 00 00 00  
    DEBUG: : PUMPCOMM timeDisplayType24: true
    DEBUG: : PUMPCOMM buttonScrollOnOff: false
    DEBUG: : PUMPCOMM beepAndAlarm: 0
    DEBUG: : PUMPCOMM lcdOnTimeSec: 5
    DEBUG: : PUMPCOMM backlightOnTimeSec: 5
    DEBUG: : PUMPCOMM selectedLanguage: 0
    DEBUG: : PUMPCOMM Pump units: MGDL
    DEBUG: : PUMPCOMM shutdownHour: 0
    DEBUG: : PUMPCOMM lowReservoirRate: 20
    DEBUG: : PUMPCOMM cannulaVolume: 15
    DEBUG: : PUMPCOMM refillAmount: 0
    DEBUG: : PUMPCOMM selectableLanguage1: 0
    DEBUG: : PUMPCOMM selectableLanguage2: 0
    DEBUG: : PUMPCOMM selectableLanguage3: 0
    DEBUG: : PUMPCOMM selectableLanguage4: 0
    DEBUG: : PUMPCOMM selectableLanguage5: 0
    DEBUG: : PUMPCOMM target: 100
    DEBUG: : PUMPBTCOMM handleMessage done OPTION__GET_USER_OPTION setting received on thread Test worker
    DEBUG: : PUMPBTCOMM notifyAll OPTION__GET_USER_OPTION processedMessage===message: true
    DEBUG: : PUMPBTCOMM already received OPTION__GET_USER_OPTION (no wait needed)
    DEBUG: : EVENTS Sending EventPumpStatusChanged[error=,performingAction=test,secondsElapsed=0,status=PERFORMING]
    DEBUG: : PUMPCOMM sending InitialScreenInformation on thread Test worker
    DEBUG: : PUMPCOMM New message
    DEBUG: : PUMPBTCOMM >>>>> REVIEW__INITIAL_SCREEN_INFORMATION B2 02  
    DEBUG: : PUMPBTCOMM <<<<< REVIEW__INITIAL_SCREEN_INFORMATION B2 02 00 F4  01 C4 09 98  3A 64 00 00  50 00 00 00  00 00 00 
    DEBUG: : PUMPCOMM ErrorState: NONE
    DEBUG: : PUMPCOMM Pump suspended: false
    DEBUG: : PUMPCOMM Temp basal in progress: false
    DEBUG: : PUMPCOMM Extended in progress: false
    DEBUG: : PUMPCOMM Dual in progress: false
    DEBUG: : PUMPCOMM Daily units: 5.0
    DEBUG: : PUMPCOMM Max daily units: 25
    DEBUG: : PUMPCOMM Reservoir remaining units: 150.0
    DEBUG: : PUMPCOMM Battery: 80
    DEBUG: : PUMPCOMM Current basal: 1.0
    DEBUG: : PUMPCOMM Temp basal percent: 0
    DEBUG: : PUMPCOMM Extended absolute rate: 0.0
    DEBUG: : PUMPBTCOMM handleMessage done REVIEW__INITIAL_SCREEN_INFORMATION setting received on thread Test worker
    DEBUG: : PUMPBTCOMM notifyAll REVIEW__INITIAL_SCREEN_INFORMATION processedMessage===message: true
    DEBUG: : PUMPBTCOMM already received REVIEW__INITIAL_SCREEN_INFORMATION (no wait needed)
    DEBUG: : PUMPCOMM InitialScreenInformation done, sending StepBolusInformation
    DEBUG: : EVENTS Sending EventPumpStatusChanged[error=,performingAction=test,secondsElapsed=0,status=PERFORMING]
    DEBUG: : PUMPCOMM New message
    DEBUG: : PUMPBTCOMM >>>>> BOLUS__GET_STEP_BOLUS_INFORMATION B2 40  
    DEBUG: : PUMPBTCOMM <<<<< BOLUS__GET_STEP_BOLUS_INFORMATION B2 40 00 00  00 00 14 00  00 00 E8 03  05 
    DEBUG: : PUMPCOMM Result: 0
    DEBUG: : PUMPCOMM BolusType: 0
    DEBUG: : PUMPCOMM Initial bolus amount: 0.0 U
    DEBUG: : PUMPCOMM Last bolus time: null
    DEBUG: : PUMPCOMM Last bolus amount: 0.0
    DEBUG: : PUMPCOMM Max bolus: 10.0 U
    DEBUG: : PUMPCOMM Bolus step: 0.05 U
    DEBUG: : PUMPBTCOMM handleMessage done BOLUS__GET_STEP_BOLUS_INFORMATION setting received on thread Test worker
    DEBUG: : PUMPBTCOMM notifyAll BOLUS__GET_STEP_BOLUS_INFORMATION processedMessage===message: true
    DEBUG: : PUMPBTCOMM already received BOLUS__GET_STEP_BOLUS_INFORMATION (no wait needed)
    DEBUG: : EVENTS Sending EventPumpStatusChanged[error=,performingAction=test,secondsElapsed=0,status=PERFORMING]
    DEBUG: : PUMPCOMM Requesting pump UTC time
    DEBUG: : PUMPBTCOMM >>>>> OPTION__GET_PUMP_UTC_AND_TIMEZONE B2 78  
    DEBUG: : PUMPBTCOMM <<<<< OPTION__GET_PUMP_UTC_AND_TIMEZONE B2 78 1A 05  09 0F 38 39  00 
    DEBUG: : PUMPCOMM Pump time 2026-01-01 12:00:00 ZoneOffset: 0
    DEBUG: : PUMPBTCOMM handleMessage done OPTION__GET_PUMP_UTC_AND_TIMEZONE setting received on thread Test worker
    DEBUG: : PUMPBTCOMM notifyAll OPTION__GET_PUMP_UTC_AND_TIMEZONE processedMessage===message: true
    DEBUG: : PUMPBTCOMM already received OPTION__GET_PUMP_UTC_AND_TIMEZONE (no wait needed)
    DEBUG: : PUMPCOMM Pump time difference: 0 seconds
    DEBUG: : PUMPCOMM Setting UTC pump time 2026-01-01 12:00:00 ZoneOffset: 0
    DEBUG: : PUMPBTCOMM >>>>> OPTION__SET_PUMP_UTC_AND_TIMEZONE B2 79  1A 05 09 0F  38 39 FC 
    DEBUG: : PUMPBTCOMM <<<<< OPTION__SET_PUMP_UTC_AND_TIMEZONE B2 79 00 
    DEBUG: : PUMPCOMM Result OK
    DEBUG: : PUMPBTCOMM handleMessage done OPTION__SET_PUMP_UTC_AND_TIMEZONE setting received on thread Test worker
    DEBUG: : PUMPBTCOMM notifyAll OPTION__SET_PUMP_UTC_AND_TIMEZONE processedMessage===message: true
    DEBUG: : PUMPBTCOMM already received OPTION__SET_PUMP_UTC_AND_TIMEZONE (no wait needed)
    DEBUG: : PUMPCOMM Requesting pump UTC time
    DEBUG: : PUMPBTCOMM >>>>> OPTION__GET_PUMP_UTC_AND_TIMEZONE B2 78  
    DEBUG: : PUMPBTCOMM <<<<< OPTION__GET_PUMP_UTC_AND_TIMEZONE B2 78 1A 05  09 0F 38 39  FC 
    DEBUG: : PUMPCOMM Pump time 2026-01-01 12:00:00 ZoneOffset: -4
    DEBUG: : PUMPBTCOMM handleMessage done OPTION__GET_PUMP_UTC_AND_TIMEZONE setting received on thread Test worker
    DEBUG: : PUMPBTCOMM notifyAll OPTION__GET_PUMP_UTC_AND_TIMEZONE processedMessage===message: true
    DEBUG: : PUMPBTCOMM already received OPTION__GET_PUMP_UTC_AND_TIMEZONE (no wait needed)
    DEBUG: : PUMPCOMM Pump time difference: 0 seconds
    DEBUG: : EVENTS Sending EventPumpStatusChanged[error=,performingAction=test,secondsElapsed=0,status=PERFORMING]
    DEBUG: : EVENTS Sending EventDanaRNewStatus[]
    DEBUG: : EVENTS Sending EventInitializationChanged[]
    DEBUG: : PUMPCOMM Pump status loaded

DanaRSServiceIntegrationTest > updateBasalsInPump syncs TBR and EB state from PumpSync() STARTED

DanaRSServiceIntegrationTest > updateBasalsInPump syncs TBR and EB state from PumpSync() STANDARD_OUT
    DEBUG: : PUMPCOMM New message
    DEBUG: : PUMPBTCOMM Initializing BLEComm.
    DEBUG: : PUMPBTCOMM Trying to create a new connection from: test
    DEBUG: : PUMPBTCOMM onConnectionStateChange
    DEBUG: : PUMPBTCOMM onServicesDiscovered
    DEBUG: : PUMPBTCOMM >>>>> ENCRYPTION__PUMP_CHECK (0x00) A5 A5 0C E4  F2 C8 AD BA  AD D5 C2 AD  D7 A6 D4 0C  C6 5A 5A 
    DEBUG: : PUMPBTCOMM <<<<< ENCRYPTION__PUMP_CHECK (OK) 02 00 4F 4B  
    DEBUG: : PUMPBTCOMM Using stored pairing key: ABCD
    DEBUG: : PUMPBTCOMM >>>>> ENCRYPTION__CHECK_PASSKEY A5 A5 04 E4  22 42 5C 3B  B0 5A 5A 
    DEBUG: : PUMPBTCOMM <<<<< ENCRYPTION__CHECK_PASSKEY 02 D0 00 
    DEBUG: : PUMPBTCOMM >>>>> ENCRYPTION__TIME_INFORMATION A5 A5 02 E4  F3 94 75 5A  5A 
    DEBUG: : PUMPBTCOMM <<<<< ENCRYPTION__TIME_INFORMATION 02 01 1A 05  09 0B 38 39  87 0D 
    DEBUG: : PUMPBTCOMM Pump user password: 0000
    DEBUG: : EVENTS Sending EventPumpStatusChanged[error=,performingAction=,secondsElapsed=0,status=CONNECTED]
    DEBUG: : PUMPBTCOMM RS connected and status read
    DEBUG: : EVENTS Sending EventPumpStatusChanged[error=,performingAction=test,secondsElapsed=0,status=PERFORMING]
    DEBUG: : PUMP NS basal value for 0:00 is 1.00001
    DEBUG: : PUMP NS basal value for 1:00 is 1.00001
    DEBUG: : PUMP NS basal value for 2:00 is 1.00001
    DEBUG: : PUMP NS basal value for 3:00 is 1.00001
    DEBUG: : PUMP NS basal value for 4:00 is 1.00001
    DEBUG: : PUMP NS basal value for 5:00 is 1.00001
    DEBUG: : PUMP NS basal value for 6:00 is 1.00001
    DEBUG: : PUMP NS basal value for 7:00 is 1.00001
    DEBUG: : PUMP NS basal value for 8:00 is 1.00001
    DEBUG: : PUMP NS basal value for 9:00 is 1.00001
    DEBUG: : PUMP NS basal value for 10:00 is 1.00001
    DEBUG: : PUMP NS basal value for 11:00 is 1.00001
    DEBUG: : PUMP NS basal value for 12:00 is 1.00001
    DEBUG: : PUMP NS basal value for 13:00 is 1.00001
    DEBUG: : PUMP NS basal value for 14:00 is 1.00001
    DEBUG: : PUMP NS basal value for 15:00 is 1.00001
    DEBUG: : PUMP NS basal value for 16:00 is 1.00001
    DEBUG: : PUMP NS basal value for 17:00 is 1.00001
    DEBUG: : PUMP NS basal value for 18:00 is 1.00001
    DEBUG: : PUMP NS basal value for 19:00 is 1.00001
    DEBUG: : PUMP NS basal value for 20:00 is 1.00001
    DEBUG: : PUMP NS basal value for 21:00 is 1.00001
    DEBUG: : PUMP NS basal value for 22:00 is 1.00001
    DEBUG: : PUMP NS basal value for 23:00 is 1.00001
    DEBUG: : PUMPCOMM Setting new basal rates for profile 0
    DEBUG: : PUMPBTCOMM >>>>> BASAL__SET_PROFILE_BASAL_RATE B2 66  00 64 00 64  00 64 00 64  00 64 00 64  00 64 00 64  00 64 00 64  00 64 00 64  00 64 00 64  00 64 00 64  00 64 00 64  00 64 00 64  00 64 00 64  00 64 00 64  00 
    DEBUG: : PUMPBTCOMM waiting for reply BASAL__SET_PROFILE_BASAL_RATE on thread Test worker
    DEBUG: : PUMPBTCOMM <<<<< BASAL__SET_PROFILE_BASAL_RATE B2 66 00 
    DEBUG: : PUMPCOMM Result OK
    DEBUG: : PUMPBTCOMM handleMessage done BASAL__SET_PROFILE_BASAL_RATE setting received on thread Thread-53
    DEBUG: : PUMPBTCOMM notifyAll BASAL__SET_PROFILE_BASAL_RATE processedMessage===message: true
    DEBUG: : PUMPBTCOMM wait finished BASAL__SET_PROFILE_BASAL_RATE isReceived=true on thread Test worker
    DEBUG: : PUMPCOMM Setting profile number 0
    DEBUG: : PUMPBTCOMM >>>>> BASAL__SET_PROFILE_NUMBER B2 64  00 
    DEBUG: : PUMPBTCOMM <<<<< BASAL__SET_PROFILE_NUMBER B2 64 00 
    DEBUG: : PUMPCOMM Result OK
    DEBUG: : PUMPBTCOMM handleMessage done BASAL__SET_PROFILE_NUMBER setting received on thread Test worker
    DEBUG: : PUMPBTCOMM notifyAll BASAL__SET_PROFILE_NUMBER processedMessage===message: true
    DEBUG: : PUMPBTCOMM already received BASAL__SET_PROFILE_NUMBER (no wait needed)
    DEBUG: : EVENTS Sending EventPumpStatusChanged[error=,performingAction=test,secondsElapsed=0,status=PERFORMING]
    DEBUG: : PUMPCOMM New message
    DEBUG: : PUMPBTCOMM >>>>> ETC__KEEP_CONNECTION B2 FF  
    DEBUG: : PUMPBTCOMM <<<<< ETC__KEEP_CONNECTION B2 FF 00 
    DEBUG: : PUMPCOMM Result OK
    DEBUG: : PUMPBTCOMM handleMessage done ETC__KEEP_CONNECTION setting received on thread Test worker
    DEBUG: : PUMPBTCOMM notifyAll ETC__KEEP_CONNECTION processedMessage===message: true
    DEBUG: : PUMPBTCOMM already received ETC__KEEP_CONNECTION (no wait needed)
    DEBUG: : PUMPCOMM New message
    DEBUG: : PUMPBTCOMM >>>>> REVIEW__GET_SHIPPING_INFORMATION B2 20  
    DEBUG: : PUMPBTCOMM <<<<< REVIEW__GET_SHIPPING_INFORMATION B2 20 55 48  48 30 30 30  30 32 54 49  49 4E 54 18  01 01 00 00  
    DEBUG: : PUMPCOMM Serial number: UHH00002TI
    DEBUG: : PUMPCOMM Shipping date: null
    DEBUG: : PUMPCOMM Shipping country: INT
    DEBUG: : PUMPBTCOMM handleMessage done REVIEW__GET_SHIPPING_INFORMATION setting received on thread Test worker
    DEBUG: : PUMPBTCOMM notifyAll REVIEW__GET_SHIPPING_INFORMATION processedMessage===message: true
    DEBUG: : PUMPBTCOMM already received REVIEW__GET_SHIPPING_INFORMATION (no wait needed)
    DEBUG: : PUMPCOMM New message
    DEBUG: : PUMPBTCOMM >>>>> REVIEW__GET_PUMP_CHECK B2 21  
    DEBUG: : PUMPBTCOMM <<<<< REVIEW__GET_PUMP_CHECK B2 21 05 05  02 
    DEBUG: : PUMPCOMM Model: 05 
    DEBUG: : PUMPCOMM Protocol: 05 
    DEBUG: : PUMPCOMM Product Code: 02 
    DEBUG: : PUMPBTCOMM handleMessage done REVIEW__GET_PUMP_CHECK setting received on thread Test worker
    DEBUG: : PUMPBTCOMM notifyAll REVIEW__GET_PUMP_CHECK processedMessage===message: true
    DEBUG: : PUMPBTCOMM already received REVIEW__GET_PUMP_CHECK (no wait needed)
    DEBUG: : PUMPCOMM Requesting active profile
    DEBUG: : PUMPBTCOMM >>>>> BASAL__GET_PROFILE_NUMBER B2 63  
    DEBUG: : PUMPBTCOMM <<<<< BASAL__GET_PROFILE_NUMBER B2 63 00 
    DEBUG: : PUMPCOMM Active profile: 0
    DEBUG: : PUMPBTCOMM handleMessage done BASAL__GET_PROFILE_NUMBER setting received on thread Test worker
    DEBUG: : PUMPBTCOMM notifyAll BASAL__GET_PROFILE_NUMBER processedMessage===message: true
    DEBUG: : PUMPBTCOMM already received BASAL__GET_PROFILE_NUMBER (no wait needed)
    DEBUG: : PUMPCOMM New message
    DEBUG: : PUMPBTCOMM >>>>> BOLUS__GET_BOLUS_OPTION B2 50  
    DEBUG: : PUMPBTCOMM <<<<< BOLUS__GET_BOLUS_OPTION B2 50 01 00  00 00 00 00  00 00 00 00  00 00 00 00  00 00 00 00  00 00 
    DEBUG: : PUMPCOMM Extended bolus enabled: true
    DEBUG: : PUMPCOMM Missed bolus config: 0
    DEBUG: : PUMPCOMM missedBolus01StartHour: 0
    DEBUG: : PUMPCOMM missedBolus01StartMin: 0
    DEBUG: : PUMPCOMM missedBolus01EndHour: 0
    DEBUG: : PUMPCOMM missedBolus01EndMin: 0
    DEBUG: : PUMPCOMM missedBolus02StartHour: 0
    DEBUG: : PUMPCOMM missedBolus02StartMin: 0
    DEBUG: : PUMPCOMM missedBolus02EndHour: 0
    DEBUG: : PUMPCOMM missedBolus02EndMin: 0
    DEBUG: : PUMPCOMM missedBolus03StartHour: 0
    DEBUG: : PUMPCOMM missedBolus03StartMin: 0
    DEBUG: : PUMPCOMM missedBolus03EndHour: 0
    DEBUG: : PUMPCOMM missedBolus03EndMin: 0
    DEBUG: : PUMPCOMM missedBolus04StartHour: 0
    DEBUG: : PUMPCOMM missedBolus04StartMin: 0
    DEBUG: : PUMPCOMM missedBolus04EndHour: 0
    DEBUG: : PUMPCOMM missedBolus04EndMin: 0
    DEBUG: : PUMPBTCOMM handleMessage done BOLUS__GET_BOLUS_OPTION setting received on thread Test worker
    DEBUG: : PUMPBTCOMM notifyAll BOLUS__GET_BOLUS_OPTION processedMessage===message: true
    DEBUG: : PUMPBTCOMM already received BOLUS__GET_BOLUS_OPTION (no wait needed)
    DEBUG: : PUMPCOMM Requesting basal rates
    DEBUG: : PUMPBTCOMM >>>>> BASAL__GET_BASAL_RATE B2 67  
    DEBUG: : PUMPBTCOMM <<<<< BASAL__GET_BASAL_RATE B2 67 2C 01  01 64 00 64  00 64 00 64  00 64 00 64  00 64 00 64  00 64 00 64  00 64 00 64  00 64 00 64  00 64 00 64  00 64 00 64  00 64 00 64  00 64 00 64  00 64 00 64  00 
    DEBUG: : PUMPCOMM Max basal: 3.0 U
    DEBUG: : PUMPCOMM Basal step: 0.01 U
    DEBUG: : PUMPCOMM Basal 00h: 1.0
    DEBUG: : PUMPCOMM Basal 01h: 1.0
    DEBUG: : PUMPCOMM Basal 02h: 1.0
    DEBUG: : PUMPCOMM Basal 03h: 1.0
    DEBUG: : PUMPCOMM Basal 04h: 1.0
    DEBUG: : PUMPCOMM Basal 05h: 1.0
    DEBUG: : PUMPCOMM Basal 06h: 1.0
    DEBUG: : PUMPCOMM Basal 07h: 1.0
    DEBUG: : PUMPCOMM Basal 08h: 1.0
    DEBUG: : PUMPCOMM Basal 09h: 1.0
    DEBUG: : PUMPCOMM Basal 10h: 1.0
    DEBUG: : PUMPCOMM Basal 11h: 1.0
    DEBUG: : PUMPCOMM Basal 12h: 1.0
    DEBUG: : PUMPCOMM Basal 13h: 1.0
    DEBUG: : PUMPCOMM Basal 14h: 1.0
    DEBUG: : PUMPCOMM Basal 15h: 1.0
    DEBUG: : PUMPCOMM Basal 16h: 1.0
    DEBUG: : PUMPCOMM Basal 17h: 1.0
    DEBUG: : PUMPCOMM Basal 18h: 1.0
    DEBUG: : PUMPCOMM Basal 19h: 1.0
    DEBUG: : PUMPCOMM Basal 20h: 1.0
    DEBUG: : PUMPCOMM Basal 21h: 1.0
    DEBUG: : PUMPCOMM Basal 22h: 1.0
    DEBUG: : PUMPCOMM Basal 23h: 1.0
    DEBUG: : PUMPBTCOMM handleMessage done BASAL__GET_BASAL_RATE setting received on thread Test worker
    DEBUG: : PUMPBTCOMM notifyAll BASAL__GET_BASAL_RATE processedMessage===message: true
    DEBUG: : PUMPBTCOMM already received BASAL__GET_BASAL_RATE (no wait needed)
    DEBUG: : PUMPCOMM New message
    DEBUG: : PUMPBTCOMM >>>>> BOLUS__GET_CALCULATION_INFORMATION B2 4B  
    DEBUG: : PUMPBTCOMM <<<<< BOLUS__GET_CALCULATION_INFORMATION B2 4B 00 00  00 00 00 64  00 0A 00 1E  00 00 00 00  
    DEBUG: : PUMPCOMM Result: 0
    DEBUG: : PUMPCOMM Pump units: MGDL
    DEBUG: : PUMPCOMM Current BG: 0.0
    DEBUG: : PUMPCOMM Carbs: 0
    DEBUG: : PUMPCOMM Current target: 100.0
    DEBUG: : PUMPCOMM Current CIR: 10
    DEBUG: : PUMPCOMM Current CF: 30.0
    DEBUG: : PUMPCOMM Pump IOB: 0.0
    DEBUG: : PUMPBTCOMM handleMessage done BOLUS__GET_CALCULATION_INFORMATION setting received on thread Test worker
    DEBUG: : PUMPBTCOMM notifyAll BOLUS__GET_CALCULATION_INFORMATION processedMessage===message: true
    DEBUG: : PUMPBTCOMM already received BOLUS__GET_CALCULATION_INFORMATION (no wait needed)
    DEBUG: : PUMPCOMM New message
    DEBUG: : PUMPBTCOMM >>>>> BOLUS__GET_CIR_CF_ARRAY B2 4E  
    DEBUG: : PUMPBTCOMM <<<<< BOLUS__GET_CIR_CF_ARRAY B2 4E 00 00  0A 00 0A 00  0A 00 0A 00  0A 00 0A 00  0A 00 1E 00  1E 00 1E 00  1E 00 1E 00  1E 00 1E 00  00 00 00 00  00 00 00 00  00 00 00 00  00 00 00 00  00 00 00 
    DEBUG: : PUMPCOMM Language: 0
    DEBUG: : PUMPCOMM Pump units: MGDL
    DEBUG: : PUMPCOMM Current pump morning CIR: 10
    DEBUG: : PUMPCOMM Current pump morning CF: 30.0
    DEBUG: : PUMPCOMM Current pump afternoon CIR: 10
    DEBUG: : PUMPCOMM Current pump afternoon CF: 30.0
    DEBUG: : PUMPCOMM Current pump evening CIR: 10
    DEBUG: : PUMPCOMM Current pump evening CF: 30.0
    DEBUG: : PUMPCOMM Current pump night CIR: 10
    DEBUG: : PUMPCOMM Current pump night CF: 30.0
    DEBUG: : PUMPCOMM cir02: 10
    DEBUG: : PUMPCOMM cir04: 10
    DEBUG: : PUMPCOMM cir06: 10
    DEBUG: : PUMPCOMM cf02: 30.0
    DEBUG: : PUMPCOMM cf04: 30.0
    DEBUG: : PUMPCOMM cf06: 30.0
    DEBUG: : PUMPBTCOMM handleMessage done BOLUS__GET_CIR_CF_ARRAY setting received on thread Test worker
    DEBUG: : PUMPBTCOMM notifyAll BOLUS__GET_CIR_CF_ARRAY processedMessage===message: true
    DEBUG: : PUMPBTCOMM already received BOLUS__GET_CIR_CF_ARRAY (no wait needed)
    DEBUG: : PUMPCOMM Requesting user settings
    DEBUG: : PUMPBTCOMM >>>>> OPTION__GET_USER_OPTION B2 72  
    DEBUG: : PUMPBTCOMM <<<<< OPTION__GET_USER_OPTION B2 72 00 00  00 05 05 00  00 00 14 0F  00 00 00 00  00 00 00 00  64 00 00 00  
    DEBUG: : PUMPCOMM timeDisplayType24: true
    DEBUG: : PUMPCOMM buttonScrollOnOff: false
    DEBUG: : PUMPCOMM beepAndAlarm: 0
    DEBUG: : PUMPCOMM lcdOnTimeSec: 5
    DEBUG: : PUMPCOMM backlightOnTimeSec: 5
    DEBUG: : PUMPCOMM selectedLanguage: 0
    DEBUG: : PUMPCOMM Pump units: MGDL
    DEBUG: : PUMPCOMM shutdownHour: 0
    DEBUG: : PUMPCOMM lowReservoirRate: 20
    DEBUG: : PUMPCOMM cannulaVolume: 15
    DEBUG: : PUMPCOMM refillAmount: 0
    DEBUG: : PUMPCOMM selectableLanguage1: 0
    DEBUG: : PUMPCOMM selectableLanguage2: 0
    DEBUG: : PUMPCOMM selectableLanguage3: 0
    DEBUG: : PUMPCOMM selectableLanguage4: 0
    DEBUG: : PUMPCOMM selectableLanguage5: 0
    DEBUG: : PUMPCOMM target: 100
    DEBUG: : PUMPBTCOMM handleMessage done OPTION__GET_USER_OPTION setting received on thread Test worker
    DEBUG: : PUMPBTCOMM notifyAll OPTION__GET_USER_OPTION processedMessage===message: true
    DEBUG: : PUMPBTCOMM already received OPTION__GET_USER_OPTION (no wait needed)
    DEBUG: : EVENTS Sending EventPumpStatusChanged[error=,performingAction=test,secondsElapsed=0,status=PERFORMING]
    DEBUG: : PUMPCOMM sending InitialScreenInformation on thread Test worker
    DEBUG: : PUMPCOMM New message
    DEBUG: : PUMPBTCOMM >>>>> REVIEW__INITIAL_SCREEN_INFORMATION B2 02  
    DEBUG: : PUMPBTCOMM <<<<< REVIEW__INITIAL_SCREEN_INFORMATION B2 02 00 F4  01 C4 09 98  3A 64 00 00  50 00 00 00  00 00 00 
    DEBUG: : PUMPCOMM ErrorState: NONE
    DEBUG: : PUMPCOMM Pump suspended: false
    DEBUG: : PUMPCOMM Temp basal in progress: false
    DEBUG: : PUMPCOMM Extended in progress: false
    DEBUG: : PUMPCOMM Dual in progress: false
    DEBUG: : PUMPCOMM Daily units: 5.0
    DEBUG: : PUMPCOMM Max daily units: 25
    DEBUG: : PUMPCOMM Reservoir remaining units: 150.0
    DEBUG: : PUMPCOMM Battery: 80
    DEBUG: : PUMPCOMM Current basal: 1.0
    DEBUG: : PUMPCOMM Temp basal percent: 0
    DEBUG: : PUMPCOMM Extended absolute rate: 0.0
    DEBUG: : PUMPBTCOMM handleMessage done REVIEW__INITIAL_SCREEN_INFORMATION setting received on thread Test worker
    DEBUG: : PUMPBTCOMM notifyAll REVIEW__INITIAL_SCREEN_INFORMATION processedMessage===message: true
    DEBUG: : PUMPBTCOMM already received REVIEW__INITIAL_SCREEN_INFORMATION (no wait needed)
    DEBUG: : PUMPCOMM InitialScreenInformation done, sending StepBolusInformation
    DEBUG: : EVENTS Sending EventPumpStatusChanged[error=,performingAction=test,secondsElapsed=0,status=PERFORMING]
    DEBUG: : PUMPCOMM New message
    DEBUG: : PUMPBTCOMM >>>>> BOLUS__GET_STEP_BOLUS_INFORMATION B2 40  
    DEBUG: : PUMPBTCOMM <<<<< BOLUS__GET_STEP_BOLUS_INFORMATION B2 40 00 00  00 00 14 00  00 00 E8 03  05 
    DEBUG: : PUMPCOMM Result: 0
    DEBUG: : PUMPCOMM BolusType: 0
    DEBUG: : PUMPCOMM Initial bolus amount: 0.0 U
    DEBUG: : PUMPCOMM Last bolus time: null
    DEBUG: : PUMPCOMM Last bolus amount: 0.0
    DEBUG: : PUMPCOMM Max bolus: 10.0 U
    DEBUG: : PUMPCOMM Bolus step: 0.05 U
    DEBUG: : PUMPBTCOMM handleMessage done BOLUS__GET_STEP_BOLUS_INFORMATION setting received on thread Test worker
    DEBUG: : PUMPBTCOMM notifyAll BOLUS__GET_STEP_BOLUS_INFORMATION processedMessage===message: true
    DEBUG: : PUMPBTCOMM already received BOLUS__GET_STEP_BOLUS_INFORMATION (no wait needed)
    DEBUG: : EVENTS Sending EventPumpStatusChanged[error=,performingAction=test,secondsElapsed=0,status=PERFORMING]
    DEBUG: : PUMPCOMM Requesting pump time
    DEBUG: : PUMPBTCOMM >>>>> OPTION__GET_PUMP_TIME B2 70  
    DEBUG: : PUMPBTCOMM <<<<< OPTION__GET_PUMP_TIME B2 70 1A 05  09 0B 38 39  
    DEBUG: : PUMPCOMM Pump time 2026-01-01 12:00:00
    DEBUG: : PUMPBTCOMM handleMessage done OPTION__GET_PUMP_TIME setting received on thread Test worker
    DEBUG: : PUMPBTCOMM notifyAll OPTION__GET_PUMP_TIME processedMessage===message: true
    DEBUG: : PUMPBTCOMM already received OPTION__GET_PUMP_TIME (no wait needed)
    DEBUG: : PUMPCOMM Pump time difference: -1 seconds
    DEBUG: : EVENTS Sending EventPumpStatusChanged[error=,performingAction=test,secondsElapsed=0,status=PERFORMING]
    DEBUG: : EVENTS Sending EventDanaRNewStatus[]
    DEBUG: : EVENTS Sending EventInitializationChanged[]
    DEBUG: : PUMPCOMM Pump status loaded
    DEBUG: : EVENTS Sending EventPumpStatusChanged[error=,performingAction=,secondsElapsed=0,status=DISCONNECTING]

DanaRSServiceIntegrationTest > updateBasalsInPump sends basal profile to emulator() STARTED

DanaRSServiceIntegrationTest > updateBasalsInPump sends basal profile to emulator() STANDARD_OUT
    DEBUG: : PUMPCOMM New message
    DEBUG: : PUMPBTCOMM Initializing BLEComm.
    DEBUG: : PUMPBTCOMM Trying to create a new connection from: test
    DEBUG: : PUMPBTCOMM onConnectionStateChange
    DEBUG: : PUMPBTCOMM onServicesDiscovered
    DEBUG: : PUMPBTCOMM >>>>> ENCRYPTION__PUMP_CHECK (0x00) A5 A5 0C E4  F2 C8 AD BA  AD D5 C2 AD  D7 A6 D4 0C  C6 5A 5A 
    DEBUG: : PUMPBTCOMM <<<<< ENCRYPTION__PUMP_CHECK (OK) 02 00 4F 4B  
    DEBUG: : PUMPBTCOMM Using stored pairing key: ABCD
    DEBUG: : PUMPBTCOMM >>>>> ENCRYPTION__CHECK_PASSKEY A5 A5 04 E4  22 42 5C 3B  B0 5A 5A 
    DEBUG: : PUMPBTCOMM <<<<< ENCRYPTION__CHECK_PASSKEY 02 D0 00 
    DEBUG: : PUMPBTCOMM >>>>> ENCRYPTION__TIME_INFORMATION A5 A5 02 E4  F3 94 75 5A  5A 
    DEBUG: : PUMPBTCOMM <<<<< ENCRYPTION__TIME_INFORMATION 02 01 1A 05  09 0B 38 3A  87 0D 
    DEBUG: : PUMPBTCOMM Pump user password: 0000
    DEBUG: : EVENTS Sending EventPumpStatusChanged[error=,performingAction=,secondsElapsed=0,status=CONNECTED]
    DEBUG: : PUMPBTCOMM RS connected and status read
    DEBUG: : EVENTS Sending EventPumpStatusChanged[error=,performingAction=test,secondsElapsed=0,status=PERFORMING]
    DEBUG: : PUMP NS basal value for 0:00 is 0.50001
    DEBUG: : PUMP NS basal value for 1:00 is 0.55001
    DEBUG: : PUMP NS basal value for 2:00 is 0.6000099999999999
    DEBUG: : PUMP NS basal value for 3:00 is 0.65001
    DEBUG: : PUMP NS basal value for 4:00 is 0.7000099999999999
    DEBUG: : PUMP NS basal value for 5:00 is 0.75001
    DEBUG: : PUMP NS basal value for 6:00 is 0.80001
    DEBUG: : PUMP NS basal value for 7:00 is 0.8500099999999999
    DEBUG: : PUMP NS basal value for 8:00 is 0.90001
    DEBUG: : PUMP NS basal value for 9:00 is 0.9500099999999999
    DEBUG: : PUMP NS basal value for 10:00 is 1.00001
    DEBUG: : PUMP NS basal value for 11:00 is 1.05001
    DEBUG: : PUMP NS basal value for 12:00 is 1.1000100000000002
    DEBUG: : PUMP NS basal value for 13:00 is 1.15001
    DEBUG: : PUMP NS basal value for 14:00 is 1.20001
    DEBUG: : PUMP NS basal value for 15:00 is 1.25001
    DEBUG: : PUMP NS basal value for 16:00 is 1.30001
    DEBUG: : PUMP NS basal value for 17:00 is 1.3500100000000002
    DEBUG: : PUMP NS basal value for 18:00 is 1.40001
    DEBUG: : PUMP NS basal value for 19:00 is 1.45001
    DEBUG: : PUMP NS basal value for 20:00 is 1.50001
    DEBUG: : PUMP NS basal value for 21:00 is 1.55001
    DEBUG: : PUMP NS basal value for 22:00 is 1.6000100000000002
    DEBUG: : PUMP NS basal value for 23:00 is 1.65001
    DEBUG: : PUMPCOMM Setting new basal rates for profile 0
    DEBUG: : PUMPBTCOMM >>>>> BASAL__SET_PROFILE_BASAL_RATE B2 66  00 32 00 37  00 3C 00 41  00 46 00 4B  00 50 00 55  00 5A 00 5F  00 64 00 69  00 6E 00 73  00 78 00 7D  00 82 00 87  00 8C 00 91  00 96 00 9B  00 A0 00 A5  00 
    DEBUG: : PUMPBTCOMM waiting for reply BASAL__SET_PROFILE_BASAL_RATE on thread Test worker
    DEBUG: : PUMPBTCOMM <<<<< BASAL__SET_PROFILE_BASAL_RATE B2 66 00 
    DEBUG: : PUMPCOMM Result OK
    DEBUG: : PUMPBTCOMM handleMessage done BASAL__SET_PROFILE_BASAL_RATE setting received on thread Thread-85
    DEBUG: : PUMPBTCOMM notifyAll BASAL__SET_PROFILE_BASAL_RATE processedMessage===message: true
    DEBUG: : PUMPBTCOMM wait finished BASAL__SET_PROFILE_BASAL_RATE isReceived=true on thread Test worker
    DEBUG: : PUMPCOMM Setting profile number 0
    DEBUG: : PUMPBTCOMM >>>>> BASAL__SET_PROFILE_NUMBER B2 64  00 
    DEBUG: : PUMPBTCOMM <<<<< BASAL__SET_PROFILE_NUMBER B2 64 00 
    DEBUG: : PUMPCOMM Result OK
    DEBUG: : PUMPBTCOMM handleMessage done BASAL__SET_PROFILE_NUMBER setting received on thread Test worker
    DEBUG: : PUMPBTCOMM notifyAll BASAL__SET_PROFILE_NUMBER processedMessage===message: true
    DEBUG: : PUMPBTCOMM already received BASAL__SET_PROFILE_NUMBER (no wait needed)
    DEBUG: : EVENTS Sending EventPumpStatusChanged[error=,performingAction=test,secondsElapsed=0,status=PERFORMING]
    DEBUG: : PUMPCOMM New message
    DEBUG: : PUMPBTCOMM >>>>> ETC__KEEP_CONNECTION B2 FF  
    DEBUG: : PUMPBTCOMM <<<<< ETC__KEEP_CONNECTION B2 FF 00 
    DEBUG: : PUMPCOMM Result OK
    DEBUG: : PUMPBTCOMM handleMessage done ETC__KEEP_CONNECTION setting received on thread Test worker
    DEBUG: : PUMPBTCOMM notifyAll ETC__KEEP_CONNECTION processedMessage===message: true
    DEBUG: : PUMPBTCOMM already received ETC__KEEP_CONNECTION (no wait needed)
    DEBUG: : PUMPCOMM New message
    DEBUG: : PUMPBTCOMM >>>>> REVIEW__GET_SHIPPING_INFORMATION B2 20  
    DEBUG: : PUMPBTCOMM <<<<< REVIEW__GET_SHIPPING_INFORMATION B2 20 55 48  48 30 30 30  30 32 54 49  49 4E 54 18  01 01 00 00  
    DEBUG: : PUMPCOMM Serial number: UHH00002TI
    DEBUG: : PUMPCOMM Shipping date: null
    DEBUG: : PUMPCOMM Shipping country: INT
    DEBUG: : PUMPBTCOMM handleMessage done REVIEW__GET_SHIPPING_INFORMATION setting received on thread Test worker
    DEBUG: : PUMPBTCOMM notifyAll REVIEW__GET_SHIPPING_INFORMATION processedMessage===message: true
    DEBUG: : PUMPBTCOMM already received REVIEW__GET_SHIPPING_INFORMATION (no wait needed)
    DEBUG: : PUMPCOMM New message
    DEBUG: : PUMPBTCOMM >>>>> REVIEW__GET_PUMP_CHECK B2 21  
    DEBUG: : PUMPBTCOMM <<<<< REVIEW__GET_PUMP_CHECK B2 21 05 05  02 
    DEBUG: : PUMPCOMM Model: 05 
    DEBUG: : PUMPCOMM Protocol: 05 
    DEBUG: : PUMPCOMM Product Code: 02 
    DEBUG: : PUMPBTCOMM handleMessage done REVIEW__GET_PUMP_CHECK setting received on thread Test worker
    DEBUG: : PUMPBTCOMM notifyAll REVIEW__GET_PUMP_CHECK processedMessage===message: true
    DEBUG: : PUMPBTCOMM already received REVIEW__GET_PUMP_CHECK (no wait needed)
    DEBUG: : PUMPCOMM Requesting active profile
    DEBUG: : PUMPBTCOMM >>>>> BASAL__GET_PROFILE_NUMBER B2 63  
    DEBUG: : PUMPBTCOMM <<<<< BASAL__GET_PROFILE_NUMBER B2 63 00 
    DEBUG: : PUMPCOMM Active profile: 0
    DEBUG: : PUMPBTCOMM handleMessage done BASAL__GET_PROFILE_NUMBER setting received on thread Test worker
    DEBUG: : PUMPBTCOMM notifyAll BASAL__GET_PROFILE_NUMBER processedMessage===message: true
    DEBUG: : PUMPBTCOMM already received BASAL__GET_PROFILE_NUMBER (no wait needed)
    DEBUG: : PUMPCOMM New message
    DEBUG: : PUMPBTCOMM >>>>> BOLUS__GET_BOLUS_OPTION B2 50  
    DEBUG: : PUMPBTCOMM <<<<< BOLUS__GET_BOLUS_OPTION B2 50 01 00  00 00 00 00  00 00 00 00  00 00 00 00  00 00 00 00  00 00 
    DEBUG: : PUMPCOMM Extended bolus enabled: true
    DEBUG: : PUMPCOMM Missed bolus config: 0
    DEBUG: : PUMPCOMM missedBolus01StartHour: 0
    DEBUG: : PUMPCOMM missedBolus01StartMin: 0
    DEBUG: : PUMPCOMM missedBolus01EndHour: 0
    DEBUG: : PUMPCOMM missedBolus01EndMin: 0
    DEBUG: : PUMPCOMM missedBolus02StartHour: 0
    DEBUG: : PUMPCOMM missedBolus02StartMin: 0
    DEBUG: : PUMPCOMM missedBolus02EndHour: 0
    DEBUG: : PUMPCOMM missedBolus02EndMin: 0
    DEBUG: : PUMPCOMM missedBolus03StartHour: 0
    DEBUG: : PUMPCOMM missedBolus03StartMin: 0
    DEBUG: : PUMPCOMM missedBolus03EndHour: 0
    DEBUG: : PUMPCOMM missedBolus03EndMin: 0
    DEBUG: : PUMPCOMM missedBolus04StartHour: 0
    DEBUG: : PUMPCOMM missedBolus04StartMin: 0
    DEBUG: : PUMPCOMM missedBolus04EndHour: 0
    DEBUG: : PUMPCOMM missedBolus04EndMin: 0
    DEBUG: : PUMPBTCOMM handleMessage done BOLUS__GET_BOLUS_OPTION setting received on thread Test worker
    DEBUG: : PUMPBTCOMM notifyAll BOLUS__GET_BOLUS_OPTION processedMessage===message: true
    DEBUG: : PUMPBTCOMM already received BOLUS__GET_BOLUS_OPTION (no wait needed)
    DEBUG: : PUMPCOMM Requesting basal rates
    DEBUG: : PUMPBTCOMM >>>>> BASAL__GET_BASAL_RATE B2 67  
    DEBUG: : PUMPBTCOMM <<<<< BASAL__GET_BASAL_RATE B2 67 2C 01  01 32 00 37  00 3C 00 41  00 46 00 4B  00 50 00 55  00 5A 00 5F  00 64 00 69  00 6E 00 72  00 78 00 7D  00 82 00 87  00 8C 00 91  00 96 00 9B  00 A0 00 A5  00 
    DEBUG: : PUMPCOMM Max basal: 3.0 U
    DEBUG: : PUMPCOMM Basal step: 0.01 U
    DEBUG: : PUMPCOMM Basal 00h: 0.5
    DEBUG: : PUMPCOMM Basal 01h: 0.55
    DEBUG: : PUMPCOMM Basal 02h: 0.6
    DEBUG: : PUMPCOMM Basal 03h: 0.65
    DEBUG: : PUMPCOMM Basal 04h: 0.7
    DEBUG: : PUMPCOMM Basal 05h: 0.75
    DEBUG: : PUMPCOMM Basal 06h: 0.8
    DEBUG: : PUMPCOMM Basal 07h: 0.85
    DEBUG: : PUMPCOMM Basal 08h: 0.9
    DEBUG: : PUMPCOMM Basal 09h: 0.95
    DEBUG: : PUMPCOMM Basal 10h: 1.0
    DEBUG: : PUMPCOMM Basal 11h: 1.05
    DEBUG: : PUMPCOMM Basal 12h: 1.1
    DEBUG: : PUMPCOMM Basal 13h: 1.14
    DEBUG: : PUMPCOMM Basal 14h: 1.2
    DEBUG: : PUMPCOMM Basal 15h: 1.25
    DEBUG: : PUMPCOMM Basal 16h: 1.3
    DEBUG: : PUMPCOMM Basal 17h: 1.35
    DEBUG: : PUMPCOMM Basal 18h: 1.4
    DEBUG: : PUMPCOMM Basal 19h: 1.45
    DEBUG: : PUMPCOMM Basal 20h: 1.5
    DEBUG: : PUMPCOMM Basal 21h: 1.55
    DEBUG: : PUMPCOMM Basal 22h: 1.6
    DEBUG: : PUMPCOMM Basal 23h: 1.65
    DEBUG: : PUMPBTCOMM handleMessage done BASAL__GET_BASAL_RATE setting received on thread Test worker
    DEBUG: : PUMPBTCOMM notifyAll BASAL__GET_BASAL_RATE processedMessage===message: true
    DEBUG: : PUMPBTCOMM already received BASAL__GET_BASAL_RATE (no wait needed)
    DEBUG: : PUMPCOMM New message
    DEBUG: : PUMPBTCOMM >>>>> BOLUS__GET_CALCULATION_INFORMATION B2 4B  
    DEBUG: : PUMPBTCOMM <<<<< BOLUS__GET_CALCULATION_INFORMATION B2 4B 00 00  00 00 00 64  00 0A 00 1E  00 00 00 00  
    DEBUG: : PUMPCOMM Result: 0
    DEBUG: : PUMPCOMM Pump units: MGDL
    DEBUG: : PUMPCOMM Current BG: 0.0
    DEBUG: : PUMPCOMM Carbs: 0
    DEBUG: : PUMPCOMM Current target: 100.0
    DEBUG: : PUMPCOMM Current CIR: 10
    DEBUG: : PUMPCOMM Current CF: 30.0
    DEBUG: : PUMPCOMM Pump IOB: 0.0
    DEBUG: : PUMPBTCOMM handleMessage done BOLUS__GET_CALCULATION_INFORMATION setting received on thread Test worker
    DEBUG: : PUMPBTCOMM notifyAll BOLUS__GET_CALCULATION_INFORMATION processedMessage===message: true
    DEBUG: : PUMPBTCOMM already received BOLUS__GET_CALCULATION_INFORMATION (no wait needed)
    DEBUG: : PUMPCOMM New message
    DEBUG: : PUMPBTCOMM >>>>> BOLUS__GET_CIR_CF_ARRAY B2 4E  
    DEBUG: : PUMPBTCOMM <<<<< BOLUS__GET_CIR_CF_ARRAY B2 4E 00 00  0A 00 0A 00  0A 00 0A 00  0A 00 0A 00  0A 00 1E 00  1E 00 1E 00  1E 00 1E 00  1E 00 1E 00  00 00 00 00  00 00 00 00  00 00 00 00  00 00 00 00  00 00 00 
    DEBUG: : PUMPCOMM Language: 0
    DEBUG: : PUMPCOMM Pump units: MGDL
    DEBUG: : PUMPCOMM Current pump morning CIR: 10
    DEBUG: : PUMPCOMM Current pump morning CF: 30.0
    DEBUG: : PUMPCOMM Current pump afternoon CIR: 10
    DEBUG: : PUMPCOMM Current pump afternoon CF: 30.0
    DEBUG: : PUMPCOMM Current pump evening CIR: 10
    DEBUG: : PUMPCOMM Current pump evening CF: 30.0
    DEBUG: : PUMPCOMM Current pump night CIR: 10
    DEBUG: : PUMPCOMM Current pump night CF: 30.0
    DEBUG: : PUMPCOMM cir02: 10
    DEBUG: : PUMPCOMM cir04: 10
    DEBUG: : PUMPCOMM cir06: 10
    DEBUG: : PUMPCOMM cf02: 30.0
    DEBUG: : PUMPCOMM cf04: 30.0
    DEBUG: : PUMPCOMM cf06: 30.0
    DEBUG: : PUMPBTCOMM handleMessage done BOLUS__GET_CIR_CF_ARRAY setting received on thread Test worker
    DEBUG: : PUMPBTCOMM notifyAll BOLUS__GET_CIR_CF_ARRAY processedMessage===message: true
    DEBUG: : PUMPBTCOMM already received BOLUS__GET_CIR_CF_ARRAY (no wait needed)
    DEBUG: : PUMPCOMM Requesting user settings
    DEBUG: : PUMPBTCOMM >>>>> OPTION__GET_USER_OPTION B2 72  
    DEBUG: : PUMPBTCOMM <<<<< OPTION__GET_USER_OPTION B2 72 00 00  00 05 05 00  00 00 14 0F  00 00 00 00  00 00 00 00  64 00 00 00  
    DEBUG: : PUMPCOMM timeDisplayType24: true
    DEBUG: : PUMPCOMM buttonScrollOnOff: false
    DEBUG: : PUMPCOMM beepAndAlarm: 0
    DEBUG: : PUMPCOMM lcdOnTimeSec: 5
    DEBUG: : PUMPCOMM backlightOnTimeSec: 5
    DEBUG: : PUMPCOMM selectedLanguage: 0
    DEBUG: : PUMPCOMM Pump units: MGDL
    DEBUG: : PUMPCOMM shutdownHour: 0
    DEBUG: : PUMPCOMM lowReservoirRate: 20
    DEBUG: : PUMPCOMM cannulaVolume: 15
    DEBUG: : PUMPCOMM refillAmount: 0
    DEBUG: : PUMPCOMM selectableLanguage1: 0
    DEBUG: : PUMPCOMM selectableLanguage2: 0
    DEBUG: : PUMPCOMM selectableLanguage3: 0
    DEBUG: : PUMPCOMM selectableLanguage4: 0
    DEBUG: : PUMPCOMM selectableLanguage5: 0
    DEBUG: : PUMPCOMM target: 100
    DEBUG: : PUMPBTCOMM handleMessage done OPTION__GET_USER_OPTION setting received on thread Test worker
    DEBUG: : PUMPBTCOMM notifyAll OPTION__GET_USER_OPTION processedMessage===message: true
    DEBUG: : PUMPBTCOMM already received OPTION__GET_USER_OPTION (no wait needed)
    DEBUG: : EVENTS Sending EventPumpStatusChanged[error=,performingAction=test,secondsElapsed=0,status=PERFORMING]
    DEBUG: : PUMPCOMM sending InitialScreenInformation on thread Test worker
    DEBUG: : PUMPCOMM New message
    DEBUG: : PUMPBTCOMM >>>>> REVIEW__INITIAL_SCREEN_INFORMATION B2 02  
    DEBUG: : PUMPBTCOMM <<<<< REVIEW__INITIAL_SCREEN_INFORMATION B2 02 00 F4  01 C4 09 98  3A 64 00 00  50 00 00 00  00 00 00 
    DEBUG: : PUMPCOMM ErrorState: NONE
    DEBUG: : PUMPCOMM Pump suspended: false
    DEBUG: : PUMPCOMM Temp basal in progress: false
    DEBUG: : PUMPCOMM Extended in progress: false
    DEBUG: : PUMPCOMM Dual in progress: false
    DEBUG: : PUMPCOMM Daily units: 5.0
    DEBUG: : PUMPCOMM Max daily units: 25
    DEBUG: : PUMPCOMM Reservoir remaining units: 150.0
    DEBUG: : PUMPCOMM Battery: 80
    DEBUG: : PUMPCOMM Current basal: 1.0
    DEBUG: : PUMPCOMM Temp basal percent: 0
    DEBUG: : PUMPCOMM Extended absolute rate: 0.0
    DEBUG: : PUMPBTCOMM handleMessage done REVIEW__INITIAL_SCREEN_INFORMATION setting received on thread Test worker
    DEBUG: : PUMPBTCOMM notifyAll REVIEW__INITIAL_SCREEN_INFORMATION processedMessage===message: true
    DEBUG: : PUMPBTCOMM already received REVIEW__INITIAL_SCREEN_INFORMATION (no wait needed)
    DEBUG: : PUMPCOMM InitialScreenInformation done, sending StepBolusInformation
    DEBUG: : EVENTS Sending EventPumpStatusChanged[error=,performingAction=test,secondsElapsed=0,status=PERFORMING]
    DEBUG: : PUMPCOMM New message
    DEBUG: : PUMPBTCOMM >>>>> BOLUS__GET_STEP_BOLUS_INFORMATION B2 40  
    DEBUG: : PUMPBTCOMM <<<<< BOLUS__GET_STEP_BOLUS_INFORMATION B2 40 00 00  00 00 14 00  00 00 E8 03  05 
    DEBUG: : PUMPCOMM Result: 0
    DEBUG: : PUMPCOMM BolusType: 0
    DEBUG: : PUMPCOMM Initial bolus amount: 0.0 U
    DEBUG: : PUMPCOMM Last bolus time: null
    DEBUG: : PUMPCOMM Last bolus amount: 0.0
    DEBUG: : PUMPCOMM Max bolus: 10.0 U
    DEBUG: : PUMPCOMM Bolus step: 0.05 U
    DEBUG: : PUMPBTCOMM handleMessage done BOLUS__GET_STEP_BOLUS_INFORMATION setting received on thread Test worker
    DEBUG: : PUMPBTCOMM notifyAll BOLUS__GET_STEP_BOLUS_INFORMATION processedMessage===message: true
    DEBUG: : PUMPBTCOMM already received BOLUS__GET_STEP_BOLUS_INFORMATION (no wait needed)
    DEBUG: : EVENTS Sending EventPumpStatusChanged[error=,performingAction=test,secondsElapsed=0,status=PERFORMING]
    DEBUG: : PUMPCOMM Requesting pump time
    DEBUG: : PUMPBTCOMM >>>>> OPTION__GET_PUMP_TIME B2 70  
    DEBUG: : PUMPBTCOMM <<<<< OPTION__GET_PUMP_TIME B2 70 1A 05  09 0B 38 3A  
    DEBUG: : PUMPCOMM Pump time 2026-01-01 12:00:00
    DEBUG: : PUMPBTCOMM handleMessage done OPTION__GET_PUMP_TIME setting received on thread Test worker
    DEBUG: : PUMPBTCOMM notifyAll OPTION__GET_PUMP_TIME processedMessage===message: true
    DEBUG: : PUMPBTCOMM already received OPTION__GET_PUMP_TIME (no wait needed)
    DEBUG: : PUMPCOMM Pump time difference: 0 seconds
    DEBUG: : EVENTS Sending EventPumpStatusChanged[error=,performingAction=test,secondsElapsed=0,status=PERFORMING]
    DEBUG: : EVENTS Sending EventDanaRNewStatus[]
    DEBUG: : EVENTS Sending EventInitializationChanged[]
    DEBUG: : PUMPCOMM Pump status loaded
    DEBUG: : EVENTS Sending EventPumpStatusChanged[error=,performingAction=,secondsElapsed=0,status=DISCONNECTING]

DanaRSServiceIntegrationTest > loadHistory sends correct history packet for each type() STARTED

DanaRSServiceIntegrationTest > loadHistory sends correct history packet for each type() STANDARD_OUT
    DEBUG: : PUMPCOMM New message
    DEBUG: : PUMPBTCOMM Initializing BLEComm.
    DEBUG: : PUMPBTCOMM Trying to create a new connection from: test
    DEBUG: : PUMPBTCOMM onConnectionStateChange
    DEBUG: : PUMPBTCOMM onServicesDiscovered
    DEBUG: : PUMPBTCOMM >>>>> ENCRYPTION__PUMP_CHECK (0x00) A5 A5 0C E4  F2 C8 AD BA  AD D5 C2 AD  D7 A6 D4 0C  C6 5A 5A 
    DEBUG: : PUMPBTCOMM <<<<< ENCRYPTION__PUMP_CHECK (OK) 02 00 4F 4B  
    DEBUG: : PUMPBTCOMM Using stored pairing key: ABCD
    DEBUG: : PUMPBTCOMM >>>>> ENCRYPTION__CHECK_PASSKEY A5 A5 04 E4  22 42 5C 3B  B0 5A 5A 
    DEBUG: : PUMPBTCOMM <<<<< ENCRYPTION__CHECK_PASSKEY 02 D0 00 
    DEBUG: : PUMPBTCOMM >>>>> ENCRYPTION__TIME_INFORMATION A5 A5 02 E4  F3 94 75 5A  5A 
    DEBUG: : PUMPBTCOMM <<<<< ENCRYPTION__TIME_INFORMATION 02 01 1A 05  09 0B 38 3A  87 0D 
    DEBUG: : PUMPBTCOMM Pump user password: 0000
    DEBUG: : EVENTS Sending EventPumpStatusChanged[error=,performingAction=,secondsElapsed=0,status=CONNECTED]
    DEBUG: : PUMPBTCOMM RS connected and status read
    DEBUG: : PUMPCOMM New message
    DEBUG: : PUMPCOMM New message: mode: 0
    DEBUG: : PUMPBTCOMM >>>>> REVIEW__SET_HISTORY_UPLOAD_MODE B2 25  01 
    DEBUG: : PUMPBTCOMM <<<<< REVIEW__SET_HISTORY_UPLOAD_MODE B2 25 00 
    DEBUG: : PUMPCOMM Result OK
    DEBUG: : PUMPBTCOMM handleMessage done REVIEW__SET_HISTORY_UPLOAD_MODE setting received on thread Test worker
    DEBUG: : PUMPBTCOMM notifyAll REVIEW__SET_HISTORY_UPLOAD_MODE processedMessage===message: true
    DEBUG: : PUMPBTCOMM already received REVIEW__SET_HISTORY_UPLOAD_MODE (no wait needed)
    DEBUG: : PUMPBTCOMM >>>>> REVIEW__ALARM B2 19  00 00 00 00  00 00 
    DEBUG: : PUMPBTCOMM <<<<< REVIEW__ALARM B2 19 00 
    DEBUG: : PUMPCOMM History end. Code: 0 Success: true
    DEBUG: : PUMPBTCOMM handleMessage done REVIEW__ALARM setting received on thread Test worker
    DEBUG: : PUMPBTCOMM notifyAll REVIEW__ALARM processedMessage===message: true
    DEBUG: : PUMPBTCOMM already received REVIEW__ALARM (no wait needed)
    DEBUG: : PUMPCOMM New message: mode: 0
    DEBUG: : PUMPBTCOMM >>>>> REVIEW__SET_HISTORY_UPLOAD_MODE B2 25  00 
    DEBUG: : PUMPBTCOMM <<<<< REVIEW__SET_HISTORY_UPLOAD_MODE B2 25 00 
    DEBUG: : PUMPCOMM Result OK
    DEBUG: : PUMPBTCOMM handleMessage done REVIEW__SET_HISTORY_UPLOAD_MODE setting received on thread Test worker
    DEBUG: : PUMPBTCOMM notifyAll REVIEW__SET_HISTORY_UPLOAD_MODE processedMessage===message: true
    DEBUG: : PUMPBTCOMM already received REVIEW__SET_HISTORY_UPLOAD_MODE (no wait needed)
    DEBUG: : PUMPCOMM New message
    DEBUG: : PUMPCOMM New message: mode: 0
    DEBUG: : PUMPBTCOMM >>>>> REVIEW__SET_HISTORY_UPLOAD_MODE B2 25  01 
    DEBUG: : PUMPBTCOMM <<<<< REVIEW__SET_HISTORY_UPLOAD_MODE B2 25 00 
    DEBUG: : PUMPCOMM Result OK
    DEBUG: : PUMPBTCOMM handleMessage done REVIEW__SET_HISTORY_UPLOAD_MODE setting received on thread Test worker
    DEBUG: : PUMPBTCOMM notifyAll REVIEW__SET_HISTORY_UPLOAD_MODE processedMessage===message: true
    DEBUG: : PUMPBTCOMM already received REVIEW__SET_HISTORY_UPLOAD_MODE (no wait needed)
    DEBUG: : PUMPBTCOMM >>>>> REVIEW__BOLUS B2 11  00 00 00 00  00 00 
    DEBUG: : PUMPBTCOMM <<<<< REVIEW__BOLUS B2 11 00 
    DEBUG: : PUMPCOMM History end. Code: 0 Success: true
    DEBUG: : PUMPBTCOMM handleMessage done REVIEW__BOLUS setting received on thread Test worker
    DEBUG: : PUMPBTCOMM notifyAll REVIEW__BOLUS processedMessage===message: true
    DEBUG: : PUMPBTCOMM already received REVIEW__BOLUS (no wait needed)
    DEBUG: : PUMPCOMM New message: mode: 0
    DEBUG: : PUMPBTCOMM >>>>> REVIEW__SET_HISTORY_UPLOAD_MODE B2 25  00 
    DEBUG: : PUMPBTCOMM <<<<< REVIEW__SET_HISTORY_UPLOAD_MODE B2 25 00 
    DEBUG: : PUMPCOMM Result OK
    DEBUG: : PUMPBTCOMM handleMessage done REVIEW__SET_HISTORY_UPLOAD_MODE setting received on thread Test worker
    DEBUG: : PUMPBTCOMM notifyAll REVIEW__SET_HISTORY_UPLOAD_MODE processedMessage===message: true
    DEBUG: : PUMPBTCOMM already received REVIEW__SET_HISTORY_UPLOAD_MODE (no wait needed)
    DEBUG: : PUMPCOMM New message
    DEBUG: : PUMPCOMM New message: mode: 0
    DEBUG: : PUMPBTCOMM >>>>> REVIEW__SET_HISTORY_UPLOAD_MODE B2 25  01 
    DEBUG: : PUMPBTCOMM <<<<< REVIEW__SET_HISTORY_UPLOAD_MODE B2 25 00 
    DEBUG: : PUMPCOMM Result OK
    DEBUG: : PUMPBTCOMM handleMessage done REVIEW__SET_HISTORY_UPLOAD_MODE setting received on thread Test worker
    DEBUG: : PUMPBTCOMM notifyAll REVIEW__SET_HISTORY_UPLOAD_MODE processedMessage===message: true
    DEBUG: : PUMPBTCOMM already received REVIEW__SET_HISTORY_UPLOAD_MODE (no wait needed)
    DEBUG: : PUMPBTCOMM >>>>> REVIEW__DAILY B2 12  00 00 00 00  00 00 
    DEBUG: : PUMPBTCOMM <<<<< REVIEW__DAILY B2 12 00 
    DEBUG: : PUMPCOMM History end. Code: 0 Success: true
    DEBUG: : PUMPBTCOMM handleMessage done REVIEW__DAILY setting received on thread Test worker
    DEBUG: : PUMPBTCOMM notifyAll REVIEW__DAILY processedMessage===message: true
    DEBUG: : PUMPBTCOMM already received REVIEW__DAILY (no wait needed)
    DEBUG: : PUMPCOMM New message: mode: 0
    DEBUG: : PUMPBTCOMM >>>>> REVIEW__SET_HISTORY_UPLOAD_MODE B2 25  00 
    DEBUG: : PUMPBTCOMM <<<<< REVIEW__SET_HISTORY_UPLOAD_MODE B2 25 00 
    DEBUG: : PUMPCOMM Result OK
    DEBUG: : PUMPBTCOMM handleMessage done REVIEW__SET_HISTORY_UPLOAD_MODE setting received on thread Test worker
    DEBUG: : PUMPBTCOMM notifyAll REVIEW__SET_HISTORY_UPLOAD_MODE processedMessage===message: true
    DEBUG: : PUMPBTCOMM already received REVIEW__SET_HISTORY_UPLOAD_MODE (no wait needed)
    DEBUG: : PUMPCOMM New message
    DEBUG: : PUMPCOMM New message: mode: 0
    DEBUG: : PUMPBTCOMM >>>>> REVIEW__SET_HISTORY_UPLOAD_MODE B2 25  01 
    DEBUG: : PUMPBTCOMM <<<<< REVIEW__SET_HISTORY_UPLOAD_MODE B2 25 00 
    DEBUG: : PUMPCOMM Result OK
    DEBUG: : PUMPBTCOMM handleMessage done REVIEW__SET_HISTORY_UPLOAD_MODE setting received on thread Test worker
    DEBUG: : PUMPBTCOMM notifyAll REVIEW__SET_HISTORY_UPLOAD_MODE processedMessage===message: true
    DEBUG: : PUMPBTCOMM already received REVIEW__SET_HISTORY_UPLOAD_MODE (no wait needed)
    DEBUG: : PUMPBTCOMM >>>>> REVIEW__PRIME B2 13  00 00 00 00  00 00 
    DEBUG: : PUMPBTCOMM <<<<< REVIEW__PRIME B2 13 00 
    DEBUG: : PUMPCOMM History end. Code: 0 Success: true
    DEBUG: : PUMPBTCOMM handleMessage done REVIEW__PRIME setting received on thread Test worker
    DEBUG: : PUMPBTCOMM notifyAll REVIEW__PRIME processedMessage===message: true
    DEBUG: : PUMPBTCOMM already received REVIEW__PRIME (no wait needed)
    DEBUG: : PUMPCOMM New message: mode: 0
    DEBUG: : PUMPBTCOMM >>>>> REVIEW__SET_HISTORY_UPLOAD_MODE B2 25  00 
    DEBUG: : PUMPBTCOMM <<<<< REVIEW__SET_HISTORY_UPLOAD_MODE B2 25 00 
    DEBUG: : PUMPCOMM Result OK
    DEBUG: : PUMPBTCOMM handleMessage done REVIEW__SET_HISTORY_UPLOAD_MODE setting received on thread Test worker
    DEBUG: : PUMPBTCOMM notifyAll REVIEW__SET_HISTORY_UPLOAD_MODE processedMessage===message: true
    DEBUG: : PUMPBTCOMM already received REVIEW__SET_HISTORY_UPLOAD_MODE (no wait needed)

DanaRSServiceIntegrationTest > tempBasal sets temporary basal on emulator() STARTED

DanaRSServiceIntegrationTest > tempBasal sets temporary basal on emulator() STANDARD_OUT
    DEBUG: : PUMPCOMM New message
    DEBUG: : PUMPBTCOMM Initializing BLEComm.
    DEBUG: : PUMPBTCOMM Trying to create a new connection from: test
    DEBUG: : PUMPBTCOMM onConnectionStateChange
    DEBUG: : PUMPBTCOMM onServicesDiscovered
    DEBUG: : PUMPBTCOMM >>>>> ENCRYPTION__PUMP_CHECK (0x00) A5 A5 0C E4  F2 C8 AD BA  AD D5 C2 AD  D7 A6 D4 0C  C6 5A 5A 
    DEBUG: : PUMPBTCOMM <<<<< ENCRYPTION__PUMP_CHECK (OK) 02 00 4F 4B  
    DEBUG: : PUMPBTCOMM Using stored pairing key: ABCD
    DEBUG: : PUMPBTCOMM >>>>> ENCRYPTION__CHECK_PASSKEY A5 A5 04 E4  22 42 5C 3B  B0 5A 5A 
    DEBUG: : PUMPBTCOMM <<<<< ENCRYPTION__CHECK_PASSKEY 02 D0 00 
    DEBUG: : PUMPBTCOMM >>>>> ENCRYPTION__TIME_INFORMATION A5 A5 02 E4  F3 94 75 5A  5A 
    DEBUG: : PUMPBTCOMM <<<<< ENCRYPTION__TIME_INFORMATION 02 01 1A 05  09 0B 38 3A  87 0D 
    DEBUG: : PUMPBTCOMM Pump user password: 0000
    DEBUG: : EVENTS Sending EventPumpStatusChanged[error=,performingAction=,secondsElapsed=0,status=CONNECTED]
    DEBUG: : PUMPBTCOMM RS connected and status read
    DEBUG: : PUMPCOMM New message
    DEBUG: : PUMPBTCOMM >>>>> REVIEW__INITIAL_SCREEN_INFORMATION B2 02  
    DEBUG: : PUMPBTCOMM <<<<< REVIEW__INITIAL_SCREEN_INFORMATION B2 02 00 F4  01 C4 09 98  3A 64 00 00  50 00 00 00  00 00 00 
    DEBUG: : PUMPCOMM ErrorState: NONE
    DEBUG: : PUMPCOMM Pump suspended: false
    DEBUG: : PUMPCOMM Temp basal in progress: false
    DEBUG: : PUMPCOMM Extended in progress: false
    DEBUG: : PUMPCOMM Dual in progress: false
    DEBUG: : PUMPCOMM Daily units: 5.0
    DEBUG: : PUMPCOMM Max daily units: 25
    DEBUG: : PUMPCOMM Reservoir remaining units: 150.0
    DEBUG: : PUMPCOMM Battery: 80
    DEBUG: : PUMPCOMM Current basal: 1.0
    DEBUG: : PUMPCOMM Temp basal percent: 0
    DEBUG: : PUMPCOMM Extended absolute rate: 0.0
    DEBUG: : PUMPBTCOMM handleMessage done REVIEW__INITIAL_SCREEN_INFORMATION setting received on thread Test worker
    DEBUG: : PUMPBTCOMM notifyAll REVIEW__INITIAL_SCREEN_INFORMATION processedMessage===message: true
    DEBUG: : PUMPBTCOMM already received REVIEW__INITIAL_SCREEN_INFORMATION (no wait needed)
    DEBUG: : EVENTS Sending EventPumpStatusChanged[error=,performingAction=test,secondsElapsed=0,status=PERFORMING]
    DEBUG: : PUMPCOMM Setting temporary basal of 0% for 0 hours
    DEBUG: : PUMPBTCOMM >>>>> BASAL__SET_TEMPORARY_BASAL B2 60  96 01 
    DEBUG: : PUMPBTCOMM <<<<< BASAL__SET_TEMPORARY_BASAL B2 60 00 
    DEBUG: : PUMPCOMM Result OK
    DEBUG: : PUMPBTCOMM handleMessage done BASAL__SET_TEMPORARY_BASAL setting received on thread Test worker
    DEBUG: : PUMPBTCOMM notifyAll BASAL__SET_TEMPORARY_BASAL processedMessage===message: true
    DEBUG: : PUMPBTCOMM already received BASAL__SET_TEMPORARY_BASAL (no wait needed)
    DEBUG: : EVENTS Sending EventPumpStatusChanged[error=,performingAction=,secondsElapsed=0,status=DISCONNECTING]

DanaRSServiceIntegrationTest > loadEvents completes with no history() STARTED

DanaRSServiceIntegrationTest > loadEvents completes with no history() STANDARD_OUT
    DEBUG: : PUMPCOMM New message
    DEBUG: : PUMPBTCOMM Initializing BLEComm.
    DEBUG: : PUMPBTCOMM Trying to create a new connection from: test
    DEBUG: : PUMPBTCOMM onConnectionStateChange
    DEBUG: : PUMPBTCOMM onServicesDiscovered
    DEBUG: : PUMPBTCOMM >>>>> ENCRYPTION__PUMP_CHECK (0x00) A5 A5 0C E4  F2 C8 AD BA  AD D5 C2 AD  D7 A6 D4 0C  C6 5A 5A 
    DEBUG: : PUMPBTCOMM <<<<< ENCRYPTION__PUMP_CHECK (OK) 02 00 4F 4B  
    DEBUG: : PUMPBTCOMM Using stored pairing key: ABCD
    DEBUG: : PUMPBTCOMM >>>>> ENCRYPTION__CHECK_PASSKEY A5 A5 04 E4  22 42 5C 3B  B0 5A 5A 
    DEBUG: : PUMPBTCOMM <<<<< ENCRYPTION__CHECK_PASSKEY 02 D0 00 
    DEBUG: : PUMPBTCOMM >>>>> ENCRYPTION__TIME_INFORMATION A5 A5 02 E4  F3 94 75 5A  5A 
    DEBUG: : PUMPBTCOMM <<<<< ENCRYPTION__TIME_INFORMATION 02 01 1A 05  09 0B 38 3A  87 0D 
    DEBUG: : PUMPBTCOMM Pump user password: 0000
    DEBUG: : EVENTS Sending EventPumpStatusChanged[error=,performingAction=,secondsElapsed=0,status=CONNECTED]
    DEBUG: : PUMPBTCOMM RS connected and status read
    DEBUG: : PUMPCOMM Loading event history from: null
    DEBUG: : PUMPCOMM Loading event history from: null
    DEBUG: : PUMPBTCOMM >>>>> APS_HISTORY_EVENTS B2 C2  00 01 01 00  00 00 
    DEBUG: : PUMPBTCOMM <<<<< APS_HISTORY_EVENTS B2 C2 FF 
    DEBUG: : PUMPCOMM Last record received
    DEBUG: : PUMPBTCOMM handleMessage done APS_HISTORY_EVENTS setting received on thread Test worker
    DEBUG: : PUMPBTCOMM notifyAll APS_HISTORY_EVENTS processedMessage===message: true
    DEBUG: : PUMPBTCOMM already received APS_HISTORY_EVENTS (no wait needed)
    DEBUG: : PUMPCOMM Events loaded
    DEBUG: : EVENTS Sending EventPumpStatusChanged[error=,performingAction=test,secondsElapsed=0,status=PERFORMING]
    DEBUG: : PUMPCOMM New message
    DEBUG: : PUMPBTCOMM >>>>> REVIEW__INITIAL_SCREEN_INFORMATION B2 02  
    DEBUG: : PUMPBTCOMM <<<<< REVIEW__INITIAL_SCREEN_INFORMATION B2 02 00 F4  01 C4 09 98  3A 64 00 00  50 00 00 00  00 00 00 
    DEBUG: : PUMPCOMM ErrorState: NONE
    DEBUG: : PUMPCOMM Pump suspended: false
    DEBUG: : PUMPCOMM Temp basal in progress: false
    DEBUG: : PUMPCOMM Extended in progress: false
    DEBUG: : PUMPCOMM Dual in progress: false
    DEBUG: : PUMPCOMM Daily units: 5.0
    DEBUG: : PUMPCOMM Max daily units: 25
    DEBUG: : PUMPCOMM Reservoir remaining units: 150.0
    DEBUG: : PUMPCOMM Battery: 80
    DEBUG: : PUMPCOMM Current basal: 1.0
    DEBUG: : PUMPCOMM Temp basal percent: 0
    DEBUG: : PUMPCOMM Extended absolute rate: 0.0
    DEBUG: : PUMPBTCOMM handleMessage done REVIEW__INITIAL_SCREEN_INFORMATION setting received on thread Test worker
    DEBUG: : PUMPBTCOMM notifyAll REVIEW__INITIAL_SCREEN_INFORMATION processedMessage===message: true
    DEBUG: : PUMPBTCOMM already received REVIEW__INITIAL_SCREEN_INFORMATION (no wait needed)

DanaRSServiceIntegrationTest > highTempBasal sets APS temporary basal() STARTED

DanaRSServiceIntegrationTest > highTempBasal sets APS temporary basal() STANDARD_OUT
    DEBUG: : PUMPCOMM New message
    DEBUG: : PUMPBTCOMM Initializing BLEComm.
    DEBUG: : PUMPBTCOMM Trying to create a new connection from: test
    DEBUG: : PUMPBTCOMM onConnectionStateChange
    DEBUG: : PUMPBTCOMM onServicesDiscovered
    DEBUG: : PUMPBTCOMM >>>>> ENCRYPTION__PUMP_CHECK (0x00) A5 A5 0C E4  F2 C8 AD BA  AD D5 C2 AD  D7 A6 D4 0C  C6 5A 5A 
    DEBUG: : PUMPBTCOMM <<<<< ENCRYPTION__PUMP_CHECK (OK) 02 00 4F 4B  
    DEBUG: : PUMPBTCOMM Using stored pairing key: ABCD
    DEBUG: : PUMPBTCOMM >>>>> ENCRYPTION__CHECK_PASSKEY A5 A5 04 E4  22 42 5C 3B  B0 5A 5A 
    DEBUG: : PUMPBTCOMM <<<<< ENCRYPTION__CHECK_PASSKEY 02 D0 00 
    DEBUG: : PUMPBTCOMM >>>>> ENCRYPTION__TIME_INFORMATION A5 A5 02 E4  F3 94 75 5A  5A 
    DEBUG: : PUMPBTCOMM <<<<< ENCRYPTION__TIME_INFORMATION 02 01 1A 05  09 0B 38 3A  87 0D 
    DEBUG: : PUMPBTCOMM Pump user password: 0000
    DEBUG: : EVENTS Sending EventPumpStatusChanged[error=,performingAction=,secondsElapsed=0,status=CONNECTED]
    DEBUG: : PUMPBTCOMM RS connected and status read
    DEBUG: : PUMPCOMM New message
    DEBUG: : PUMPBTCOMM >>>>> REVIEW__INITIAL_SCREEN_INFORMATION B2 02  
    DEBUG: : PUMPBTCOMM <<<<< REVIEW__INITIAL_SCREEN_INFORMATION B2 02 00 F4  01 C4 09 98  3A 64 00 00  50 00 00 00  00 00 00 
    DEBUG: : PUMPCOMM ErrorState: NONE
    DEBUG: : PUMPCOMM Pump suspended: false
    DEBUG: : PUMPCOMM Temp basal in progress: false
    DEBUG: : PUMPCOMM Extended in progress: false
    DEBUG: : PUMPCOMM Dual in progress: false
    DEBUG: : PUMPCOMM Daily units: 5.0
    DEBUG: : PUMPCOMM Max daily units: 25
    DEBUG: : PUMPCOMM Reservoir remaining units: 150.0
    DEBUG: : PUMPCOMM Battery: 80
    DEBUG: : PUMPCOMM Current basal: 1.0
    DEBUG: : PUMPCOMM Temp basal percent: 0
    DEBUG: : PUMPCOMM Extended absolute rate: 0.0
    DEBUG: : PUMPBTCOMM handleMessage done REVIEW__INITIAL_SCREEN_INFORMATION setting received on thread Test worker
    DEBUG: : PUMPBTCOMM notifyAll REVIEW__INITIAL_SCREEN_INFORMATION processedMessage===message: true
    DEBUG: : PUMPBTCOMM already received REVIEW__INITIAL_SCREEN_INFORMATION (no wait needed)
    DEBUG: : EVENTS Sending EventPumpStatusChanged[error=,performingAction=test,secondsElapsed=0,status=PERFORMING]
    DEBUG: : PUMPCOMM New message: APS Temp basal start
    DEBUG: : PUMPCOMM APS Temp basal start percent: 250 duration 15 min
    DEBUG: : PUMPBTCOMM >>>>> BASAL__APS_SET_TEMPORARY_BASAL B2 C1  FA 00 96 
    DEBUG: : PUMPBTCOMM <<<<< BASAL__APS_SET_TEMPORARY_BASAL B2 C1 00 
    DEBUG: : PUMPCOMM Set APS temp basal start result: 0
    DEBUG: : PUMPBTCOMM handleMessage done BASAL__APS_SET_TEMPORARY_BASAL setting received on thread Test worker
    DEBUG: : PUMPBTCOMM notifyAll BASAL__APS_SET_TEMPORARY_BASAL processedMessage===message: true
    DEBUG: : PUMPBTCOMM already received BASAL__APS_SET_TEMPORARY_BASAL (no wait needed)
    DEBUG: : EVENTS Sending EventPumpStatusChanged[error=,performingAction=,secondsElapsed=0,status=DISCONNECTING]

DanaRSServiceIntegrationTest > updateBasalsInPump with profile24 sends CIR-CF arrays() STARTED

DanaRSServiceIntegrationTest > updateBasalsInPump with profile24 sends CIR-CF arrays() STANDARD_OUT
    DEBUG: : PUMPCOMM New message
    DEBUG: : PUMPBTCOMM Initializing BLEComm.
    DEBUG: : PUMPBTCOMM Trying to create a new connection from: test
    DEBUG: : PUMPBTCOMM onConnectionStateChange
    DEBUG: : PUMPBTCOMM onServicesDiscovered
    DEBUG: : PUMPBTCOMM >>>>> ENCRYPTION__PUMP_CHECK (0x00) A5 A5 0C E4  F2 C8 AD BA  AD D5 C2 AD  D7 A6 D4 0C  C6 5A 5A 
    DEBUG: : PUMPBTCOMM <<<<< ENCRYPTION__PUMP_CHECK (OK) 02 00 4F 4B  
    DEBUG: : PUMPBTCOMM Using stored pairing key: ABCD
    DEBUG: : PUMPBTCOMM >>>>> ENCRYPTION__CHECK_PASSKEY A5 A5 04 E4  22 42 5C 3B  B0 5A 5A 
    DEBUG: : PUMPBTCOMM <<<<< ENCRYPTION__CHECK_PASSKEY 02 D0 00 
    DEBUG: : PUMPBTCOMM >>>>> ENCRYPTION__TIME_INFORMATION A5 A5 02 E4  F3 94 75 5A  5A 
    DEBUG: : PUMPBTCOMM <<<<< ENCRYPTION__TIME_INFORMATION 02 01 1A 05  09 0B 38 3B  87 0D 
    DEBUG: : PUMPBTCOMM Pump user password: 0000
    DEBUG: : EVENTS Sending EventPumpStatusChanged[error=,performingAction=,secondsElapsed=0,status=CONNECTED]
    DEBUG: : PUMPBTCOMM RS connected and status read
    DEBUG: : EVENTS Sending EventPumpStatusChanged[error=,performingAction=test,secondsElapsed=0,status=PERFORMING]
    DEBUG: : PUMP NS basal value for 0:00 is 1.00001
    DEBUG: : PUMP NS basal value for 1:00 is 1.00001
    DEBUG: : PUMP NS basal value for 2:00 is 1.00001
    DEBUG: : PUMP NS basal value for 3:00 is 1.00001
    DEBUG: : PUMP NS basal value for 4:00 is 1.00001
    DEBUG: : PUMP NS basal value for 5:00 is 1.00001
    DEBUG: : PUMP NS basal value for 6:00 is 1.00001
    DEBUG: : PUMP NS basal value for 7:00 is 1.00001
    DEBUG: : PUMP NS basal value for 8:00 is 1.00001
    DEBUG: : PUMP NS basal value for 9:00 is 1.00001
    DEBUG: : PUMP NS basal value for 10:00 is 1.00001
    DEBUG: : PUMP NS basal value for 11:00 is 1.00001
    DEBUG: : PUMP NS basal value for 12:00 is 1.00001
    DEBUG: : PUMP NS basal value for 13:00 is 1.00001
    DEBUG: : PUMP NS basal value for 14:00 is 1.00001
    DEBUG: : PUMP NS basal value for 15:00 is 1.00001
    DEBUG: : PUMP NS basal value for 16:00 is 1.00001
    DEBUG: : PUMP NS basal value for 17:00 is 1.00001
    DEBUG: : PUMP NS basal value for 18:00 is 1.00001
    DEBUG: : PUMP NS basal value for 19:00 is 1.00001
    DEBUG: : PUMP NS basal value for 20:00 is 1.00001
    DEBUG: : PUMP NS basal value for 21:00 is 1.00001
    DEBUG: : PUMP NS basal value for 22:00 is 1.00001
    DEBUG: : PUMP NS basal value for 23:00 is 1.00001
    DEBUG: : PUMPCOMM Setting new basal rates for profile 0
    DEBUG: : PUMPBTCOMM >>>>> BASAL__SET_PROFILE_BASAL_RATE B2 66  00 64 00 64  00 64 00 64  00 64 00 64  00 64 00 64  00 64 00 64  00 64 00 64  00 64 00 64  00 64 00 64  00 64 00 64  00 64 00 64  00 64 00 64  00 64 00 64  00 
    DEBUG: : PUMPBTCOMM waiting for reply BASAL__SET_PROFILE_BASAL_RATE on thread Test worker
    DEBUG: : PUMPBTCOMM <<<<< BASAL__SET_PROFILE_BASAL_RATE B2 66 00 
    DEBUG: : PUMPCOMM Result OK
    DEBUG: : PUMPBTCOMM handleMessage done BASAL__SET_PROFILE_BASAL_RATE setting received on thread Thread-188
    DEBUG: : PUMPBTCOMM notifyAll BASAL__SET_PROFILE_BASAL_RATE processedMessage===message: true
    DEBUG: : PUMPBTCOMM wait finished BASAL__SET_PROFILE_BASAL_RATE isReceived=true on thread Test worker
    DEBUG: : PUMPCOMM Setting profile number 0
    DEBUG: : PUMPBTCOMM >>>>> BASAL__SET_PROFILE_NUMBER B2 64  00 
    DEBUG: : PUMPBTCOMM <<<<< BASAL__SET_PROFILE_NUMBER B2 64 00 
    DEBUG: : PUMPCOMM Result OK
    DEBUG: : PUMPBTCOMM handleMessage done BASAL__SET_PROFILE_NUMBER setting received on thread Test worker
    DEBUG: : PUMPBTCOMM notifyAll BASAL__SET_PROFILE_NUMBER processedMessage===message: true
    DEBUG: : PUMPBTCOMM already received BASAL__SET_PROFILE_NUMBER (no wait needed)
    DEBUG: : PUMPCOMM New message
    DEBUG: : PUMPBTCOMM >>>>> BOLUS__SET_24_CIR_CF_ARRAY B2 53  0A 00 0B 00  0C 00 0D 00  0E 00 0F 00  10 00 11 00  12 00 13 00  14 00 15 00  16 00 17 00  18 00 19 00  1A 00 1B 00  1C 00 1D 00  1E 00 1F 00  20 00 21 00  32 00 33 00  34 00 35 00  36 00 37 00  38 00 39 00  3A 00 3B 00  3C 00 3D 00  3E 00 3F 00  40 00 41 00  42 00 43 00  44 00 45 00  46 00 47 00  48 00 49 00  
    DEBUG: : PUMPBTCOMM waiting for reply BOLUS__SET_24_CIR_CF_ARRAY on thread Test worker
    DEBUG: : PUMPBTCOMM <<<<< BOLUS__SET_24_CIR_CF_ARRAY B2 53 00 
    DEBUG: : PUMPCOMM Result OK
    DEBUG: : PUMPBTCOMM handleMessage done BOLUS__SET_24_CIR_CF_ARRAY setting received on thread Thread-199
    DEBUG: : PUMPBTCOMM notifyAll BOLUS__SET_24_CIR_CF_ARRAY processedMessage===message: true
    DEBUG: : PUMPBTCOMM wait finished BOLUS__SET_24_CIR_CF_ARRAY isReceived=true on thread Test worker
    DEBUG: : EVENTS Sending EventPumpStatusChanged[error=,performingAction=test,secondsElapsed=0,status=PERFORMING]
    DEBUG: : PUMPCOMM New message
    DEBUG: : PUMPBTCOMM >>>>> ETC__KEEP_CONNECTION B2 FF  
    DEBUG: : PUMPBTCOMM <<<<< ETC__KEEP_CONNECTION B2 FF 00 
    DEBUG: : PUMPCOMM Result OK
    DEBUG: : PUMPBTCOMM handleMessage done ETC__KEEP_CONNECTION setting received on thread Test worker
    DEBUG: : PUMPBTCOMM notifyAll ETC__KEEP_CONNECTION processedMessage===message: true
    DEBUG: : PUMPBTCOMM already received ETC__KEEP_CONNECTION (no wait needed)
    DEBUG: : PUMPCOMM New message
    DEBUG: : PUMPBTCOMM >>>>> REVIEW__GET_SHIPPING_INFORMATION B2 20  
    DEBUG: : PUMPBTCOMM <<<<< REVIEW__GET_SHIPPING_INFORMATION B2 20 55 48  48 30 30 30  30 32 54 49  49 4E 54 18  01 01 00 00  
    DEBUG: : PUMPCOMM Serial number: UHH00002TI
    DEBUG: : PUMPCOMM Shipping date: null
    DEBUG: : PUMPCOMM Shipping country: INT
    DEBUG: : PUMPBTCOMM handleMessage done REVIEW__GET_SHIPPING_INFORMATION setting received on thread Test worker
    DEBUG: : PUMPBTCOMM notifyAll REVIEW__GET_SHIPPING_INFORMATION processedMessage===message: true
    DEBUG: : PUMPBTCOMM already received REVIEW__GET_SHIPPING_INFORMATION (no wait needed)
    DEBUG: : PUMPCOMM New message
    DEBUG: : PUMPBTCOMM >>>>> REVIEW__GET_PUMP_CHECK B2 21  
    DEBUG: : PUMPBTCOMM <<<<< REVIEW__GET_PUMP_CHECK B2 21 07 05  02 
    DEBUG: : PUMPCOMM Model: 07 
    DEBUG: : PUMPCOMM Protocol: 05 
    DEBUG: : PUMPCOMM Product Code: 02 
    DEBUG: : PUMPBTCOMM handleMessage done REVIEW__GET_PUMP_CHECK setting received on thread Test worker
    DEBUG: : PUMPBTCOMM notifyAll REVIEW__GET_PUMP_CHECK processedMessage===message: true
    DEBUG: : PUMPBTCOMM already received REVIEW__GET_PUMP_CHECK (no wait needed)
    DEBUG: : PUMPCOMM Requesting active profile
    DEBUG: : PUMPBTCOMM >>>>> BASAL__GET_PROFILE_NUMBER B2 63  
    DEBUG: : PUMPBTCOMM <<<<< BASAL__GET_PROFILE_NUMBER B2 63 00 
    DEBUG: : PUMPCOMM Active profile: 0
    DEBUG: : PUMPBTCOMM handleMessage done BASAL__GET_PROFILE_NUMBER setting received on thread Test worker
    DEBUG: : PUMPBTCOMM notifyAll BASAL__GET_PROFILE_NUMBER processedMessage===message: true
    DEBUG: : PUMPBTCOMM already received BASAL__GET_PROFILE_NUMBER (no wait needed)
    DEBUG: : PUMPCOMM New message
    DEBUG: : PUMPBTCOMM >>>>> BOLUS__GET_BOLUS_OPTION B2 50  
    DEBUG: : PUMPBTCOMM <<<<< BOLUS__GET_BOLUS_OPTION B2 50 01 00  00 00 00 00  00 00 00 00  00 00 00 00  00 00 00 00  00 00 
    DEBUG: : PUMPCOMM Extended bolus enabled: true
    DEBUG: : PUMPCOMM Missed bolus config: 0
    DEBUG: : PUMPCOMM missedBolus01StartHour: 0
    DEBUG: : PUMPCOMM missedBolus01StartMin: 0
    DEBUG: : PUMPCOMM missedBolus01EndHour: 0
    DEBUG: : PUMPCOMM missedBolus01EndMin: 0
    DEBUG: : PUMPCOMM missedBolus02StartHour: 0
    DEBUG: : PUMPCOMM missedBolus02StartMin: 0
    DEBUG: : PUMPCOMM missedBolus02EndHour: 0
    DEBUG: : PUMPCOMM missedBolus02EndMin: 0
    DEBUG: : PUMPCOMM missedBolus03StartHour: 0
    DEBUG: : PUMPCOMM missedBolus03StartMin: 0
    DEBUG: : PUMPCOMM missedBolus03EndHour: 0
    DEBUG: : PUMPCOMM missedBolus03EndMin: 0
    DEBUG: : PUMPCOMM missedBolus04StartHour: 0
    DEBUG: : PUMPCOMM missedBolus04StartMin: 0
    DEBUG: : PUMPCOMM missedBolus04EndHour: 0
    DEBUG: : PUMPCOMM missedBolus04EndMin: 0
    DEBUG: : PUMPBTCOMM handleMessage done BOLUS__GET_BOLUS_OPTION setting received on thread Test worker
    DEBUG: : PUMPBTCOMM notifyAll BOLUS__GET_BOLUS_OPTION processedMessage===message: true
    DEBUG: : PUMPBTCOMM already received BOLUS__GET_BOLUS_OPTION (no wait needed)
    DEBUG: : PUMPCOMM Requesting basal rates
    DEBUG: : PUMPBTCOMM >>>>> BASAL__GET_BASAL_RATE B2 67  
    DEBUG: : PUMPBTCOMM <<<<< BASAL__GET_BASAL_RATE B2 67 2C 01  01 64 00 64  00 64 00 64  00 64 00 64  00 64 00 64  00 64 00 64  00 64 00 64  00 64 00 64  00 64 00 64  00 64 00 64  00 64 00 64  00 64 00 64  00 64 00 64  00 
    DEBUG: : PUMPCOMM Max basal: 3.0 U
    DEBUG: : PUMPCOMM Basal step: 0.01 U
    DEBUG: : PUMPCOMM Basal 00h: 1.0
    DEBUG: : PUMPCOMM Basal 01h: 1.0
    DEBUG: : PUMPCOMM Basal 02h: 1.0
    DEBUG: : PUMPCOMM Basal 03h: 1.0
    DEBUG: : PUMPCOMM Basal 04h: 1.0
    DEBUG: : PUMPCOMM Basal 05h: 1.0
    DEBUG: : PUMPCOMM Basal 06h: 1.0
    DEBUG: : PUMPCOMM Basal 07h: 1.0
    DEBUG: : PUMPCOMM Basal 08h: 1.0
    DEBUG: : PUMPCOMM Basal 09h: 1.0
    DEBUG: : PUMPCOMM Basal 10h: 1.0
    DEBUG: : PUMPCOMM Basal 11h: 1.0
    DEBUG: : PUMPCOMM Basal 12h: 1.0
    DEBUG: : PUMPCOMM Basal 13h: 1.0
    DEBUG: : PUMPCOMM Basal 14h: 1.0
    DEBUG: : PUMPCOMM Basal 15h: 1.0
    DEBUG: : PUMPCOMM Basal 16h: 1.0
    DEBUG: : PUMPCOMM Basal 17h: 1.0
    DEBUG: : PUMPCOMM Basal 18h: 1.0
    DEBUG: : PUMPCOMM Basal 19h: 1.0
    DEBUG: : PUMPCOMM Basal 20h: 1.0
    DEBUG: : PUMPCOMM Basal 21h: 1.0
    DEBUG: : PUMPCOMM Basal 22h: 1.0
    DEBUG: : PUMPCOMM Basal 23h: 1.0
    DEBUG: : PUMPBTCOMM handleMessage done BASAL__GET_BASAL_RATE setting received on thread Test worker
    DEBUG: : PUMPBTCOMM notifyAll BASAL__GET_BASAL_RATE processedMessage===message: true
    DEBUG: : PUMPBTCOMM already received BASAL__GET_BASAL_RATE (no wait needed)
    DEBUG: : PUMPCOMM New message
    DEBUG: : PUMPBTCOMM >>>>> BOLUS__GET_CALCULATION_INFORMATION B2 4B  
    DEBUG: : PUMPBTCOMM <<<<< BOLUS__GET_CALCULATION_INFORMATION B2 4B 00 00  00 00 00 64  00 0A 00 1E  00 00 00 00  
    DEBUG: : PUMPCOMM Result: 0
    DEBUG: : PUMPCOMM Pump units: MGDL
    DEBUG: : PUMPCOMM Current BG: 0.0
    DEBUG: : PUMPCOMM Carbs: 0
    DEBUG: : PUMPCOMM Current target: 100.0
    DEBUG: : PUMPCOMM Current CIR: 10
    DEBUG: : PUMPCOMM Current CF: 30.0
    DEBUG: : PUMPCOMM Pump IOB: 0.0
    DEBUG: : PUMPBTCOMM handleMessage done BOLUS__GET_CALCULATION_INFORMATION setting received on thread Test worker
    DEBUG: : PUMPBTCOMM notifyAll BOLUS__GET_CALCULATION_INFORMATION processedMessage===message: true
    DEBUG: : PUMPBTCOMM already received BOLUS__GET_CALCULATION_INFORMATION (no wait needed)
    DEBUG: : PUMPCOMM New message
    DEBUG: : PUMPBTCOMM >>>>> BOLUS__GET_24_ CIR_CF_ARRAY B2 52  
    DEBUG: : PUMPBTCOMM <<<<< BOLUS__GET_24_ CIR_CF_ARRAY B2 52 00 0A  00 0B 00 0C  00 0D 00 0E  00 0F 00 10  00 11 00 12  00 13 00 14  00 15 00 16  00 17 00 18  00 19 00 1A  00 1B 00 1C  00 1D 00 1E  00 1F 00 20  00 21 00 32  00 33 00 34  00 35 00 36  00 37 00 38  00 39 00 3A  00 3B 00 3C  00 3D 00 3E  00 3F 00 40  00 41 00 42  00 43 00 44  00 45 00 46  00 47 00 48  00 49 00 
    DEBUG: : PUMPCOMM 0: CIR: 10.0  CF: 50.0
    DEBUG: : PUMPCOMM 1: CIR: 11.0  CF: 51.0
    DEBUG: : PUMPCOMM 2: CIR: 12.0  CF: 52.0
    DEBUG: : PUMPCOMM 3: CIR: 13.0  CF: 53.0
    DEBUG: : PUMPCOMM 4: CIR: 14.0  CF: 54.0
    DEBUG: : PUMPCOMM 5: CIR: 15.0  CF: 55.0
    DEBUG: : PUMPCOMM 6: CIR: 16.0  CF: 56.0
    DEBUG: : PUMPCOMM 7: CIR: 17.0  CF: 57.0
    DEBUG: : PUMPCOMM 8: CIR: 18.0  CF: 58.0
    DEBUG: : PUMPCOMM 9: CIR: 19.0  CF: 59.0
    DEBUG: : PUMPCOMM 10: CIR: 20.0  CF: 60.0
    DEBUG: : PUMPCOMM 11: CIR: 21.0  CF: 61.0
    DEBUG: : PUMPCOMM 12: CIR: 22.0  CF: 62.0
    DEBUG: : PUMPCOMM 13: CIR: 23.0  CF: 63.0
    DEBUG: : PUMPCOMM 14: CIR: 24.0  CF: 64.0
    DEBUG: : PUMPCOMM 15: CIR: 25.0  CF: 65.0
    DEBUG: : PUMPCOMM 16: CIR: 26.0  CF: 66.0
    DEBUG: : PUMPCOMM 17: CIR: 27.0  CF: 67.0
    DEBUG: : PUMPCOMM 18: CIR: 28.0  CF: 68.0
    DEBUG: : PUMPCOMM 19: CIR: 29.0  CF: 69.0
    DEBUG: : PUMPCOMM 20: CIR: 30.0  CF: 70.0
    DEBUG: : PUMPCOMM 21: CIR: 31.0  CF: 71.0
    DEBUG: : PUMPCOMM 22: CIR: 32.0  CF: 72.0
    DEBUG: : PUMPCOMM 23: CIR: 33.0  CF: 73.0
    DEBUG: : PUMPCOMM Pump units: MGDL
    DEBUG: : PUMPBTCOMM handleMessage done BOLUS__GET_24_ CIR_CF_ARRAY setting received on thread Test worker
    DEBUG: : PUMPBTCOMM notifyAll BOLUS__GET_24_ CIR_CF_ARRAY processedMessage===message: true
    DEBUG: : PUMPBTCOMM already received BOLUS__GET_24_ CIR_CF_ARRAY (no wait needed)
    DEBUG: : PUMPCOMM Requesting user settings
    DEBUG: : PUMPBTCOMM >>>>> OPTION__GET_USER_OPTION B2 72  
    DEBUG: : PUMPBTCOMM <<<<< OPTION__GET_USER_OPTION B2 72 00 00  00 05 05 00  00 00 14 0F  00 00 00 00  00 00 00 00  64 00 00 00  
    DEBUG: : PUMPCOMM timeDisplayType24: true
    DEBUG: : PUMPCOMM buttonScrollOnOff: false
    DEBUG: : PUMPCOMM beepAndAlarm: 0
    DEBUG: : PUMPCOMM lcdOnTimeSec: 5
    DEBUG: : PUMPCOMM backlightOnTimeSec: 5
    DEBUG: : PUMPCOMM selectedLanguage: 0
    DEBUG: : PUMPCOMM Pump units: MGDL
    DEBUG: : PUMPCOMM shutdownHour: 0
    DEBUG: : PUMPCOMM lowReservoirRate: 20
    DEBUG: : PUMPCOMM cannulaVolume: 15
    DEBUG: : PUMPCOMM refillAmount: 0
    DEBUG: : PUMPCOMM selectableLanguage1: 0
    DEBUG: : PUMPCOMM selectableLanguage2: 0
    DEBUG: : PUMPCOMM selectableLanguage3: 0
    DEBUG: : PUMPCOMM selectableLanguage4: 0
    DEBUG: : PUMPCOMM selectableLanguage5: 0
    DEBUG: : PUMPCOMM target: 100
    DEBUG: : PUMPBTCOMM handleMessage done OPTION__GET_USER_OPTION setting received on thread Test worker
    DEBUG: : PUMPBTCOMM notifyAll OPTION__GET_USER_OPTION processedMessage===message: true
    DEBUG: : PUMPBTCOMM already received OPTION__GET_USER_OPTION (no wait needed)
    DEBUG: : EVENTS Sending EventPumpStatusChanged[error=,performingAction=test,secondsElapsed=0,status=PERFORMING]
    DEBUG: : PUMPCOMM sending InitialScreenInformation on thread Test worker
    DEBUG: : PUMPCOMM New message
    DEBUG: : PUMPBTCOMM >>>>> REVIEW__INITIAL_SCREEN_INFORMATION B2 02  
    DEBUG: : PUMPBTCOMM <<<<< REVIEW__INITIAL_SCREEN_INFORMATION B2 02 00 F4  01 C4 09 98  3A 64 00 00  50 00 00 00  00 00 00 
    DEBUG: : PUMPCOMM ErrorState: NONE
    DEBUG: : PUMPCOMM Pump suspended: false
    DEBUG: : PUMPCOMM Temp basal in progress: false
    DEBUG: : PUMPCOMM Extended in progress: false
    DEBUG: : PUMPCOMM Dual in progress: false
    DEBUG: : PUMPCOMM Daily units: 5.0
    DEBUG: : PUMPCOMM Max daily units: 25
    DEBUG: : PUMPCOMM Reservoir remaining units: 150.0
    DEBUG: : PUMPCOMM Battery: 80
    DEBUG: : PUMPCOMM Current basal: 1.0
    DEBUG: : PUMPCOMM Temp basal percent: 0
    DEBUG: : PUMPCOMM Extended absolute rate: 0.0
    DEBUG: : PUMPBTCOMM handleMessage done REVIEW__INITIAL_SCREEN_INFORMATION setting received on thread Test worker
    DEBUG: : PUMPBTCOMM notifyAll REVIEW__INITIAL_SCREEN_INFORMATION processedMessage===message: true
    DEBUG: : PUMPBTCOMM already received REVIEW__INITIAL_SCREEN_INFORMATION (no wait needed)
    DEBUG: : PUMPCOMM InitialScreenInformation done, sending StepBolusInformation
    DEBUG: : EVENTS Sending EventPumpStatusChanged[error=,performingAction=test,secondsElapsed=0,status=PERFORMING]
    DEBUG: : PUMPCOMM New message
    DEBUG: : PUMPBTCOMM >>>>> BOLUS__GET_STEP_BOLUS_INFORMATION B2 40  
    DEBUG: : PUMPBTCOMM <<<<< BOLUS__GET_STEP_BOLUS_INFORMATION B2 40 00 00  00 00 14 00  00 00 E8 03  05 
    DEBUG: : PUMPCOMM Result: 0
    DEBUG: : PUMPCOMM BolusType: 0
    DEBUG: : PUMPCOMM Initial bolus amount: 0.0 U
    DEBUG: : PUMPCOMM Last bolus time: null
    DEBUG: : PUMPCOMM Last bolus amount: 0.0
    DEBUG: : PUMPCOMM Max bolus: 10.0 U
    DEBUG: : PUMPCOMM Bolus step: 0.05 U
    DEBUG: : PUMPBTCOMM handleMessage done BOLUS__GET_STEP_BOLUS_INFORMATION setting received on thread Test worker
    DEBUG: : PUMPBTCOMM notifyAll BOLUS__GET_STEP_BOLUS_INFORMATION processedMessage===message: true
    DEBUG: : PUMPBTCOMM already received BOLUS__GET_STEP_BOLUS_INFORMATION (no wait needed)
    DEBUG: : EVENTS Sending EventPumpStatusChanged[error=,performingAction=test,secondsElapsed=0,status=PERFORMING]
    DEBUG: : PUMPCOMM Requesting pump UTC time
    DEBUG: : PUMPBTCOMM >>>>> OPTION__GET_PUMP_UTC_AND_TIMEZONE B2 78  
    DEBUG: : PUMPBTCOMM <<<<< OPTION__GET_PUMP_UTC_AND_TIMEZONE B2 78 1A 05  09 0F 38 3B  00 
    DEBUG: : PUMPCOMM Pump time 2026-01-01 12:00:00 ZoneOffset: 0
    DEBUG: : PUMPBTCOMM handleMessage done OPTION__GET_PUMP_UTC_AND_TIMEZONE setting received on thread Test worker
    DEBUG: : PUMPBTCOMM notifyAll OPTION__GET_PUMP_UTC_AND_TIMEZONE processedMessage===message: true
    DEBUG: : PUMPBTCOMM already received OPTION__GET_PUMP_UTC_AND_TIMEZONE (no wait needed)
    DEBUG: : PUMPCOMM Pump time difference: 0 seconds
    DEBUG: : PUMPCOMM Setting UTC pump time 2026-01-01 12:00:00 ZoneOffset: 0
    DEBUG: : PUMPBTCOMM >>>>> OPTION__SET_PUMP_UTC_AND_TIMEZONE B2 79  1A 05 09 0F  38 3B FC 
    DEBUG: : PUMPBTCOMM <<<<< OPTION__SET_PUMP_UTC_AND_TIMEZONE B2 79 00 
    DEBUG: : PUMPCOMM Result OK
    DEBUG: : PUMPBTCOMM handleMessage done OPTION__SET_PUMP_UTC_AND_TIMEZONE setting received on thread Test worker
    DEBUG: : PUMPBTCOMM notifyAll OPTION__SET_PUMP_UTC_AND_TIMEZONE processedMessage===message: true
    DEBUG: : PUMPBTCOMM already received OPTION__SET_PUMP_UTC_AND_TIMEZONE (no wait needed)
    DEBUG: : PUMPCOMM Requesting pump UTC time
    DEBUG: : PUMPBTCOMM >>>>> OPTION__GET_PUMP_UTC_AND_TIMEZONE B2 78  
    DEBUG: : PUMPBTCOMM <<<<< OPTION__GET_PUMP_UTC_AND_TIMEZONE B2 78 1A 05  09 0F 38 3B  FC 
    DEBUG: : PUMPCOMM Pump time 2026-01-01 12:00:00 ZoneOffset: -4
    DEBUG: : PUMPBTCOMM handleMessage done OPTION__GET_PUMP_UTC_AND_TIMEZONE setting received on thread Test worker
    DEBUG: : PUMPBTCOMM notifyAll OPTION__GET_PUMP_UTC_AND_TIMEZONE processedMessage===message: true
    DEBUG: : PUMPBTCOMM already received OPTION__GET_PUMP_UTC_AND_TIMEZONE (no wait needed)
    DEBUG: : PUMPCOMM Pump time difference: 0 seconds
    DEBUG: : EVENTS Sending EventPumpStatusChanged[error=,performingAction=test,secondsElapsed=0,status=PERFORMING]
    DEBUG: : EVENTS Sending EventDanaRNewStatus[]
    DEBUG: : EVENTS Sending EventInitializationChanged[]
    DEBUG: : PUMPCOMM Pump status loaded
    DEBUG: : EVENTS Sending EventPumpStatusChanged[error=,performingAction=,secondsElapsed=0,status=DISCONNECTING]

DanaRSServiceIntegrationTest > setUserSettings sends user options to emulator() STARTED

DanaRSServiceIntegrationTest > setUserSettings sends user options to emulator() STANDARD_OUT
    DEBUG: : PUMPCOMM New message
    DEBUG: : PUMPBTCOMM Initializing BLEComm.
    DEBUG: : PUMPBTCOMM Trying to create a new connection from: test
    DEBUG: : PUMPBTCOMM onConnectionStateChange
    DEBUG: : PUMPBTCOMM onServicesDiscovered
    DEBUG: : PUMPBTCOMM >>>>> ENCRYPTION__PUMP_CHECK (0x00) A5 A5 0C E4  F2 C8 AD BA  AD D5 C2 AD  D7 A6 D4 0C  C6 5A 5A 
    DEBUG: : PUMPBTCOMM <<<<< ENCRYPTION__PUMP_CHECK (OK) 02 00 4F 4B  
    DEBUG: : PUMPBTCOMM Using stored pairing key: ABCD
    DEBUG: : PUMPBTCOMM >>>>> ENCRYPTION__CHECK_PASSKEY A5 A5 04 E4  22 42 5C 3B  B0 5A 5A 
    DEBUG: : PUMPBTCOMM <<<<< ENCRYPTION__CHECK_PASSKEY 02 D0 00 
    DEBUG: : PUMPBTCOMM >>>>> ENCRYPTION__TIME_INFORMATION A5 A5 02 E4  F3 94 75 5A  5A 
    DEBUG: : PUMPBTCOMM <<<<< ENCRYPTION__TIME_INFORMATION 02 01 1A 05  09 0B 38 3B  87 0D 
    DEBUG: : PUMPBTCOMM Pump user password: 0000
    DEBUG: : EVENTS Sending EventPumpStatusChanged[error=,performingAction=,secondsElapsed=0,status=CONNECTED]
    DEBUG: : PUMPBTCOMM RS connected and status read
    DEBUG: : PUMPCOMM Setting user settings
    DEBUG: : PUMPCOMM UserOptions:1778342219 s ago
    timeDisplayType24:false
    buttonScroll:false
    beepAndAlarm:0
    lcdOnTimeSec:20
    backlight:15
    danaRPumpUnits:0
    lowReservoir:10
    cannulaVolume:0
    refillAmount:0
    target:0
    DEBUG: : PUMPBTCOMM >>>>> OPTION__SET_USER_OPTION B2 73  01 00 00 14  0F 00 00 00  0A 00 00 00  00 
    DEBUG: : PUMPBTCOMM waiting for reply OPTION__SET_USER_OPTION on thread Test worker
    DEBUG: : PUMPBTCOMM <<<<< OPTION__SET_USER_OPTION B2 73 00 
    DEBUG: : PUMPCOMM Result OK
    DEBUG: : PUMPBTCOMM handleMessage done OPTION__SET_USER_OPTION setting received on thread Thread-239
    DEBUG: : PUMPBTCOMM notifyAll OPTION__SET_USER_OPTION processedMessage===message: true
    DEBUG: : PUMPBTCOMM wait finished OPTION__SET_USER_OPTION isReceived=true on thread Test worker

DanaRSServiceIntegrationTest > tempBasal cancels existing temp basal before setting new one() STARTED

DanaRSServiceIntegrationTest > tempBasal cancels existing temp basal before setting new one() STANDARD_OUT
    DEBUG: : PUMPCOMM New message
    DEBUG: : PUMPBTCOMM Initializing BLEComm.
    DEBUG: : PUMPBTCOMM Trying to create a new connection from: test
    DEBUG: : PUMPBTCOMM onConnectionStateChange
    DEBUG: : PUMPBTCOMM onServicesDiscovered
    DEBUG: : PUMPBTCOMM >>>>> ENCRYPTION__PUMP_CHECK (0x00) A5 A5 0C E4  F2 C8 AD BA  AD D5 C2 AD  D7 A6 D4 0C  C6 5A 5A 
    DEBUG: : PUMPBTCOMM <<<<< ENCRYPTION__PUMP_CHECK (OK) 02 00 4F 4B  
    DEBUG: : PUMPBTCOMM Using stored pairing key: ABCD
    DEBUG: : PUMPBTCOMM >>>>> ENCRYPTION__CHECK_PASSKEY A5 A5 04 E4  22 42 5C 3B  B0 5A 5A 
    DEBUG: : PUMPBTCOMM <<<<< ENCRYPTION__CHECK_PASSKEY 02 D0 00 
    DEBUG: : PUMPBTCOMM >>>>> ENCRYPTION__TIME_INFORMATION A5 A5 02 E4  F3 94 75 5A  5A 
    DEBUG: : PUMPBTCOMM <<<<< ENCRYPTION__TIME_INFORMATION 02 01 1A 05  09 0B 39 00  87 0D 
    DEBUG: : PUMPBTCOMM Pump user password: 0000
    DEBUG: : EVENTS Sending EventPumpStatusChanged[error=,performingAction=,secondsElapsed=0,status=CONNECTED]
    DEBUG: : PUMPBTCOMM RS connected and status read
    DEBUG: : PUMPCOMM New message
    DEBUG: : PUMPBTCOMM >>>>> REVIEW__INITIAL_SCREEN_INFORMATION B2 02  
    DEBUG: : PUMPBTCOMM <<<<< REVIEW__INITIAL_SCREEN_INFORMATION B2 02 10 F4  01 C4 09 98  3A 64 00 78  50 00 00 00  00 00 00 
    DEBUG: : PUMPCOMM ErrorState: NONE
    DEBUG: : PUMPCOMM Pump suspended: false
    DEBUG: : PUMPCOMM Temp basal in progress: true
    DEBUG: : PUMPCOMM Extended in progress: false
    DEBUG: : PUMPCOMM Dual in progress: false
    DEBUG: : PUMPCOMM Daily units: 5.0
    DEBUG: : PUMPCOMM Max daily units: 25
    DEBUG: : PUMPCOMM Reservoir remaining units: 150.0
    DEBUG: : PUMPCOMM Battery: 80
    DEBUG: : PUMPCOMM Current basal: 1.0
    DEBUG: : PUMPCOMM Temp basal percent: 120
    DEBUG: : PUMPCOMM Extended absolute rate: 0.0
    DEBUG: : PUMPBTCOMM handleMessage done REVIEW__INITIAL_SCREEN_INFORMATION setting received on thread Test worker
    DEBUG: : PUMPBTCOMM notifyAll REVIEW__INITIAL_SCREEN_INFORMATION processedMessage===message: true
    DEBUG: : PUMPBTCOMM already received REVIEW__INITIAL_SCREEN_INFORMATION (no wait needed)
    DEBUG: : EVENTS Sending EventPumpStatusChanged[error=,performingAction=test,secondsElapsed=0,status=PERFORMING]
    DEBUG: : PUMPCOMM Canceling temp basal
    DEBUG: : PUMPBTCOMM >>>>> BASAL__CANCEL_TEMPORARY_BASAL B2 62  
    DEBUG: : PUMPBTCOMM <<<<< BASAL__CANCEL_TEMPORARY_BASAL B2 62 00 
    DEBUG: : PUMPCOMM Result OK
    DEBUG: : PUMPBTCOMM handleMessage done BASAL__CANCEL_TEMPORARY_BASAL setting received on thread Test worker
    DEBUG: : PUMPBTCOMM notifyAll BASAL__CANCEL_TEMPORARY_BASAL processedMessage===message: true
    DEBUG: : PUMPBTCOMM already received BASAL__CANCEL_TEMPORARY_BASAL (no wait needed)
    DEBUG: : EVENTS Sending EventPumpStatusChanged[error=,performingAction=test,secondsElapsed=0,status=PERFORMING]
    DEBUG: : PUMPCOMM Setting temporary basal of 0% for 0 hours
    DEBUG: : PUMPBTCOMM >>>>> BASAL__SET_TEMPORARY_BASAL B2 60  C8 02 
    DEBUG: : PUMPBTCOMM <<<<< BASAL__SET_TEMPORARY_BASAL B2 60 00 
    DEBUG: : PUMPCOMM Result OK
    DEBUG: : PUMPBTCOMM handleMessage done BASAL__SET_TEMPORARY_BASAL setting received on thread Test worker
    DEBUG: : PUMPBTCOMM notifyAll BASAL__SET_TEMPORARY_BASAL processedMessage===message: true
    DEBUG: : PUMPBTCOMM already received BASAL__SET_TEMPORARY_BASAL (no wait needed)
    DEBUG: : EVENTS Sending EventPumpStatusChanged[error=,performingAction=,secondsElapsed=0,status=DISCONNECTING]

DanaRSServiceIntegrationTest > readPumpStatus reads all pump data through emulator() STARTED

DanaRSServiceIntegrationTest > readPumpStatus reads all pump data through emulator() STANDARD_OUT
    DEBUG: : PUMPCOMM New message
    DEBUG: : PUMPBTCOMM Initializing BLEComm.
    DEBUG: : PUMPBTCOMM Trying to create a new connection from: test
    DEBUG: : PUMPBTCOMM onConnectionStateChange
    DEBUG: : PUMPBTCOMM onServicesDiscovered
    DEBUG: : PUMPBTCOMM >>>>> ENCRYPTION__PUMP_CHECK (0x00) A5 A5 0C E4  F2 C8 AD BA  AD D5 C2 AD  D7 A6 D4 0C  C6 5A 5A 
    DEBUG: : PUMPBTCOMM <<<<< ENCRYPTION__PUMP_CHECK (OK) 02 00 4F 4B  
    DEBUG: : PUMPBTCOMM Using stored pairing key: ABCD
    DEBUG: : PUMPBTCOMM >>>>> ENCRYPTION__CHECK_PASSKEY A5 A5 04 E4  22 42 5C 3B  B0 5A 5A 
    DEBUG: : PUMPBTCOMM <<<<< ENCRYPTION__CHECK_PASSKEY 02 D0 00 
    DEBUG: : PUMPBTCOMM >>>>> ENCRYPTION__TIME_INFORMATION A5 A5 02 E4  F3 94 75 5A  5A 
    DEBUG: : PUMPBTCOMM <<<<< ENCRYPTION__TIME_INFORMATION 02 01 1A 05  09 0B 39 01  87 0D 
    DEBUG: : PUMPBTCOMM Pump user password: 0000
    DEBUG: : EVENTS Sending EventPumpStatusChanged[error=,performingAction=,secondsElapsed=0,status=CONNECTED]
    DEBUG: : PUMPBTCOMM RS connected and status read
    DEBUG: : EVENTS Sending EventPumpStatusChanged[error=,performingAction=test,secondsElapsed=0,status=PERFORMING]
    DEBUG: : PUMPCOMM New message
    DEBUG: : PUMPBTCOMM >>>>> ETC__KEEP_CONNECTION B2 FF  
    DEBUG: : PUMPBTCOMM <<<<< ETC__KEEP_CONNECTION B2 FF 00 
    DEBUG: : PUMPCOMM Result OK
    DEBUG: : PUMPBTCOMM handleMessage done ETC__KEEP_CONNECTION setting received on thread Test worker
    DEBUG: : PUMPBTCOMM notifyAll ETC__KEEP_CONNECTION processedMessage===message: true
    DEBUG: : PUMPBTCOMM already received ETC__KEEP_CONNECTION (no wait needed)
    DEBUG: : PUMPCOMM New message
    DEBUG: : PUMPBTCOMM >>>>> REVIEW__GET_SHIPPING_INFORMATION B2 20  
    DEBUG: : PUMPBTCOMM <<<<< REVIEW__GET_SHIPPING_INFORMATION B2 20 55 48  48 30 30 30  30 32 54 49  49 4E 54 18  01 01 00 00  
    DEBUG: : PUMPCOMM Serial number: UHH00002TI
    DEBUG: : PUMPCOMM Shipping date: null
    DEBUG: : PUMPCOMM Shipping country: INT
    DEBUG: : PUMPBTCOMM handleMessage done REVIEW__GET_SHIPPING_INFORMATION setting received on thread Test worker
    DEBUG: : PUMPBTCOMM notifyAll REVIEW__GET_SHIPPING_INFORMATION processedMessage===message: true
    DEBUG: : PUMPBTCOMM already received REVIEW__GET_SHIPPING_INFORMATION (no wait needed)
    DEBUG: : PUMPCOMM New message
    DEBUG: : PUMPBTCOMM >>>>> REVIEW__GET_PUMP_CHECK B2 21  
    DEBUG: : PUMPBTCOMM <<<<< REVIEW__GET_PUMP_CHECK B2 21 05 05  02 
    DEBUG: : PUMPCOMM Model: 05 
    DEBUG: : PUMPCOMM Protocol: 05 
    DEBUG: : PUMPCOMM Product Code: 02 
    DEBUG: : PUMPBTCOMM handleMessage done REVIEW__GET_PUMP_CHECK setting received on thread Test worker
    DEBUG: : PUMPBTCOMM notifyAll REVIEW__GET_PUMP_CHECK processedMessage===message: true
    DEBUG: : PUMPBTCOMM already received REVIEW__GET_PUMP_CHECK (no wait needed)
    DEBUG: : PUMPCOMM Requesting active profile
    DEBUG: : PUMPBTCOMM >>>>> BASAL__GET_PROFILE_NUMBER B2 63  
    DEBUG: : PUMPBTCOMM <<<<< BASAL__GET_PROFILE_NUMBER B2 63 00 
    DEBUG: : PUMPCOMM Active profile: 0
    DEBUG: : PUMPBTCOMM handleMessage done BASAL__GET_PROFILE_NUMBER setting received on thread Test worker
    DEBUG: : PUMPBTCOMM notifyAll BASAL__GET_PROFILE_NUMBER processedMessage===message: true
    DEBUG: : PUMPBTCOMM already received BASAL__GET_PROFILE_NUMBER (no wait needed)
    DEBUG: : PUMPCOMM New message
    DEBUG: : PUMPBTCOMM >>>>> BOLUS__GET_BOLUS_OPTION B2 50  
    DEBUG: : PUMPBTCOMM <<<<< BOLUS__GET_BOLUS_OPTION B2 50 01 00  00 00 00 00  00 00 00 00  00 00 00 00  00 00 00 00  00 00 
    DEBUG: : PUMPCOMM Extended bolus enabled: true
    DEBUG: : PUMPCOMM Missed bolus config: 0
    DEBUG: : PUMPCOMM missedBolus01StartHour: 0
    DEBUG: : PUMPCOMM missedBolus01StartMin: 0
    DEBUG: : PUMPCOMM missedBolus01EndHour: 0
    DEBUG: : PUMPCOMM missedBolus01EndMin: 0
    DEBUG: : PUMPCOMM missedBolus02StartHour: 0
    DEBUG: : PUMPCOMM missedBolus02StartMin: 0
    DEBUG: : PUMPCOMM missedBolus02EndHour: 0
    DEBUG: : PUMPCOMM missedBolus02EndMin: 0
    DEBUG: : PUMPCOMM missedBolus03StartHour: 0
    DEBUG: : PUMPCOMM missedBolus03StartMin: 0
    DEBUG: : PUMPCOMM missedBolus03EndHour: 0
    DEBUG: : PUMPCOMM missedBolus03EndMin: 0
    DEBUG: : PUMPCOMM missedBolus04StartHour: 0
    DEBUG: : PUMPCOMM missedBolus04StartMin: 0
    DEBUG: : PUMPCOMM missedBolus04EndHour: 0
    DEBUG: : PUMPCOMM missedBolus04EndMin: 0
    DEBUG: : PUMPBTCOMM handleMessage done BOLUS__GET_BOLUS_OPTION setting received on thread Test worker
    DEBUG: : PUMPBTCOMM notifyAll BOLUS__GET_BOLUS_OPTION processedMessage===message: true
    DEBUG: : PUMPBTCOMM already received BOLUS__GET_BOLUS_OPTION (no wait needed)
    DEBUG: : PUMPCOMM Requesting basal rates
    DEBUG: : PUMPBTCOMM >>>>> BASAL__GET_BASAL_RATE B2 67  
    DEBUG: : PUMPBTCOMM <<<<< BASAL__GET_BASAL_RATE B2 67 2C 01  01 64 00 64  00 64 00 64  00 64 00 64  00 64 00 64  00 64 00 64  00 64 00 64  00 64 00 64  00 64 00 64  00 64 00 64  00 64 00 64  00 64 00 64  00 64 00 64  00 
    DEBUG: : PUMPCOMM Max basal: 3.0 U
    DEBUG: : PUMPCOMM Basal step: 0.01 U
    DEBUG: : PUMPCOMM Basal 00h: 1.0
    DEBUG: : PUMPCOMM Basal 01h: 1.0
    DEBUG: : PUMPCOMM Basal 02h: 1.0
    DEBUG: : PUMPCOMM Basal 03h: 1.0
    DEBUG: : PUMPCOMM Basal 04h: 1.0
    DEBUG: : PUMPCOMM Basal 05h: 1.0
    DEBUG: : PUMPCOMM Basal 06h: 1.0
    DEBUG: : PUMPCOMM Basal 07h: 1.0
    DEBUG: : PUMPCOMM Basal 08h: 1.0
    DEBUG: : PUMPCOMM Basal 09h: 1.0
    DEBUG: : PUMPCOMM Basal 10h: 1.0
    DEBUG: : PUMPCOMM Basal 11h: 1.0
    DEBUG: : PUMPCOMM Basal 12h: 1.0
    DEBUG: : PUMPCOMM Basal 13h: 1.0
    DEBUG: : PUMPCOMM Basal 14h: 1.0
    DEBUG: : PUMPCOMM Basal 15h: 1.0
    DEBUG: : PUMPCOMM Basal 16h: 1.0
    DEBUG: : PUMPCOMM Basal 17h: 1.0
    DEBUG: : PUMPCOMM Basal 18h: 1.0
    DEBUG: : PUMPCOMM Basal 19h: 1.0
    DEBUG: : PUMPCOMM Basal 20h: 1.0
    DEBUG: : PUMPCOMM Basal 21h: 1.0
    DEBUG: : PUMPCOMM Basal 22h: 1.0
    DEBUG: : PUMPCOMM Basal 23h: 1.0
    DEBUG: : PUMPBTCOMM handleMessage done BASAL__GET_BASAL_RATE setting received on thread Test worker
    DEBUG: : PUMPBTCOMM notifyAll BASAL__GET_BASAL_RATE processedMessage===message: true
    DEBUG: : PUMPBTCOMM already received BASAL__GET_BASAL_RATE (no wait needed)
    DEBUG: : PUMPCOMM New message
    DEBUG: : PUMPBTCOMM >>>>> BOLUS__GET_CALCULATION_INFORMATION B2 4B  
    DEBUG: : PUMPBTCOMM <<<<< BOLUS__GET_CALCULATION_INFORMATION B2 4B 00 00  00 00 00 64  00 0A 00 1E  00 00 00 00  
    DEBUG: : PUMPCOMM Result: 0
    DEBUG: : PUMPCOMM Pump units: MGDL
    DEBUG: : PUMPCOMM Current BG: 0.0
    DEBUG: : PUMPCOMM Carbs: 0
    DEBUG: : PUMPCOMM Current target: 100.0
    DEBUG: : PUMPCOMM Current CIR: 10
    DEBUG: : PUMPCOMM Current CF: 30.0
    DEBUG: : PUMPCOMM Pump IOB: 0.0
    DEBUG: : PUMPBTCOMM handleMessage done BOLUS__GET_CALCULATION_INFORMATION setting received on thread Test worker
    DEBUG: : PUMPBTCOMM notifyAll BOLUS__GET_CALCULATION_INFORMATION processedMessage===message: true
    DEBUG: : PUMPBTCOMM already received BOLUS__GET_CALCULATION_INFORMATION (no wait needed)
    DEBUG: : PUMPCOMM New message
    DEBUG: : PUMPBTCOMM >>>>> BOLUS__GET_CIR_CF_ARRAY B2 4E  
    DEBUG: : PUMPBTCOMM <<<<< BOLUS__GET_CIR_CF_ARRAY B2 4E 00 00  0A 00 0A 00  0A 00 0A 00  0A 00 0A 00  0A 00 1E 00  1E 00 1E 00  1E 00 1E 00  1E 00 1E 00  00 00 00 00  00 00 00 00  00 00 00 00  00 00 00 00  00 00 00 
    DEBUG: : PUMPCOMM Language: 0
    DEBUG: : PUMPCOMM Pump units: MGDL
    DEBUG: : PUMPCOMM Current pump morning CIR: 10
    DEBUG: : PUMPCOMM Current pump morning CF: 30.0
    DEBUG: : PUMPCOMM Current pump afternoon CIR: 10
    DEBUG: : PUMPCOMM Current pump afternoon CF: 30.0
    DEBUG: : PUMPCOMM Current pump evening CIR: 10
    DEBUG: : PUMPCOMM Current pump evening CF: 30.0
    DEBUG: : PUMPCOMM Current pump night CIR: 10
    DEBUG: : PUMPCOMM Current pump night CF: 30.0
    DEBUG: : PUMPCOMM cir02: 10
    DEBUG: : PUMPCOMM cir04: 10
    DEBUG: : PUMPCOMM cir06: 10
    DEBUG: : PUMPCOMM cf02: 30.0
    DEBUG: : PUMPCOMM cf04: 30.0
    DEBUG: : PUMPCOMM cf06: 30.0
    DEBUG: : PUMPBTCOMM handleMessage done BOLUS__GET_CIR_CF_ARRAY setting received on thread Test worker
    DEBUG: : PUMPBTCOMM notifyAll BOLUS__GET_CIR_CF_ARRAY processedMessage===message: true
    DEBUG: : PUMPBTCOMM already received BOLUS__GET_CIR_CF_ARRAY (no wait needed)
    DEBUG: : PUMPCOMM Requesting user settings
    DEBUG: : PUMPBTCOMM >>>>> OPTION__GET_USER_OPTION B2 72  
    DEBUG: : PUMPBTCOMM <<<<< OPTION__GET_USER_OPTION B2 72 00 00  00 05 05 00  00 00 14 0F  00 00 00 00  00 00 00 00  64 00 00 00  
    DEBUG: : PUMPCOMM timeDisplayType24: true
    DEBUG: : PUMPCOMM buttonScrollOnOff: false
    DEBUG: : PUMPCOMM beepAndAlarm: 0
    DEBUG: : PUMPCOMM lcdOnTimeSec: 5
    DEBUG: : PUMPCOMM backlightOnTimeSec: 5
    DEBUG: : PUMPCOMM selectedLanguage: 0
    DEBUG: : PUMPCOMM Pump units: MGDL
    DEBUG: : PUMPCOMM shutdownHour: 0
    DEBUG: : PUMPCOMM lowReservoirRate: 20
    DEBUG: : PUMPCOMM cannulaVolume: 15
    DEBUG: : PUMPCOMM refillAmount: 0
    DEBUG: : PUMPCOMM selectableLanguage1: 0
    DEBUG: : PUMPCOMM selectableLanguage2: 0
    DEBUG: : PUMPCOMM selectableLanguage3: 0
    DEBUG: : PUMPCOMM selectableLanguage4: 0
    DEBUG: : PUMPCOMM selectableLanguage5: 0
    DEBUG: : PUMPCOMM target: 100
    DEBUG: : PUMPBTCOMM handleMessage done OPTION__GET_USER_OPTION setting received on thread Test worker
    DEBUG: : PUMPBTCOMM notifyAll OPTION__GET_USER_OPTION processedMessage===message: true
    DEBUG: : PUMPBTCOMM already received OPTION__GET_USER_OPTION (no wait needed)
    DEBUG: : EVENTS Sending EventPumpStatusChanged[error=,performingAction=test,secondsElapsed=0,status=PERFORMING]
    DEBUG: : PUMPCOMM sending InitialScreenInformation on thread Test worker
    DEBUG: : PUMPCOMM New message
    DEBUG: : PUMPBTCOMM >>>>> REVIEW__INITIAL_SCREEN_INFORMATION B2 02  
    DEBUG: : PUMPBTCOMM <<<<< REVIEW__INITIAL_SCREEN_INFORMATION B2 02 00 0E  06 C4 09 0C  30 50 00 00  4B 00 00 00  00 00 00 
    DEBUG: : PUMPCOMM ErrorState: NONE
    DEBUG: : PUMPCOMM Pump suspended: false
    DEBUG: : PUMPCOMM Temp basal in progress: false
    DEBUG: : PUMPCOMM Extended in progress: false
    DEBUG: : PUMPCOMM Dual in progress: false
    DEBUG: : PUMPCOMM Daily units: 15.5
    DEBUG: : PUMPCOMM Max daily units: 25
    DEBUG: : PUMPCOMM Reservoir remaining units: 123.0
    DEBUG: : PUMPCOMM Battery: 75
    DEBUG: : PUMPCOMM Current basal: 0.8
    DEBUG: : PUMPCOMM Temp basal percent: 0
    DEBUG: : PUMPCOMM Extended absolute rate: 0.0
    DEBUG: : PUMPBTCOMM handleMessage done REVIEW__INITIAL_SCREEN_INFORMATION setting received on thread Test worker
    DEBUG: : PUMPBTCOMM notifyAll REVIEW__INITIAL_SCREEN_INFORMATION processedMessage===message: true
    DEBUG: : PUMPBTCOMM already received REVIEW__INITIAL_SCREEN_INFORMATION (no wait needed)
    DEBUG: : PUMPCOMM InitialScreenInformation done, sending StepBolusInformation
    DEBUG: : EVENTS Sending EventPumpStatusChanged[error=,performingAction=test,secondsElapsed=0,status=PERFORMING]
    DEBUG: : PUMPCOMM New message
    DEBUG: : PUMPBTCOMM >>>>> BOLUS__GET_STEP_BOLUS_INFORMATION B2 40  
    DEBUG: : PUMPBTCOMM <<<<< BOLUS__GET_STEP_BOLUS_INFORMATION B2 40 00 00  00 00 14 00  00 00 E8 03  05 
    DEBUG: : PUMPCOMM Result: 0
    DEBUG: : PUMPCOMM BolusType: 0
    DEBUG: : PUMPCOMM Initial bolus amount: 0.0 U
    DEBUG: : PUMPCOMM Last bolus time: null
    DEBUG: : PUMPCOMM Last bolus amount: 0.0
    DEBUG: : PUMPCOMM Max bolus: 10.0 U
    DEBUG: : PUMPCOMM Bolus step: 0.05 U
    DEBUG: : PUMPBTCOMM handleMessage done BOLUS__GET_STEP_BOLUS_INFORMATION setting received on thread Test worker
    DEBUG: : PUMPBTCOMM notifyAll BOLUS__GET_STEP_BOLUS_INFORMATION processedMessage===message: true
    DEBUG: : PUMPBTCOMM already received BOLUS__GET_STEP_BOLUS_INFORMATION (no wait needed)
    DEBUG: : EVENTS Sending EventPumpStatusChanged[error=,performingAction=test,secondsElapsed=0,status=PERFORMING]
    DEBUG: : PUMPCOMM Requesting pump time
    DEBUG: : PUMPBTCOMM >>>>> OPTION__GET_PUMP_TIME B2 70  
    DEBUG: : PUMPBTCOMM <<<<< OPTION__GET_PUMP_TIME B2 70 1A 05  09 0B 39 01  
    DEBUG: : PUMPCOMM Pump time 2026-01-01 12:00:00
    DEBUG: : PUMPBTCOMM handleMessage done OPTION__GET_PUMP_TIME setting received on thread Test worker
    DEBUG: : PUMPBTCOMM notifyAll OPTION__GET_PUMP_TIME processedMessage===message: true
    DEBUG: : PUMPBTCOMM already received OPTION__GET_PUMP_TIME (no wait needed)
    DEBUG: : PUMPCOMM Pump time difference: 0 seconds
    DEBUG: : EVENTS Sending EventPumpStatusChanged[error=,performingAction=test,secondsElapsed=0,status=PERFORMING]
    DEBUG: : EVENTS Sending EventDanaRNewStatus[]
    DEBUG: : EVENTS Sending EventInitializationChanged[]
    DEBUG: : PUMPCOMM Pump status loaded

DanaRSServiceIntegrationTest > tempBasalShortDuration with invalid duration returns false() STARTED

DanaRSServiceIntegrationTest > tempBasalShortDuration with invalid duration returns false() STANDARD_OUT
    DEBUG: : PUMPCOMM New message
    ERROR: PUMPCOMM Wrong duration param

DanaRSServiceIntegrationTest > tempBasal syncs state from PumpSync after setting() STARTED

DanaRSServiceIntegrationTest > tempBasal syncs state from PumpSync after setting() STANDARD_OUT
    DEBUG: : PUMPCOMM New message
    DEBUG: : PUMPBTCOMM Initializing BLEComm.
    DEBUG: : PUMPBTCOMM Trying to create a new connection from: test
    DEBUG: : PUMPBTCOMM onConnectionStateChange
    DEBUG: : PUMPBTCOMM onServicesDiscovered
    DEBUG: : PUMPBTCOMM >>>>> ENCRYPTION__PUMP_CHECK (0x00) A5 A5 0C E4  F2 C8 AD BA  AD D5 C2 AD  D7 A6 D4 0C  C6 5A 5A 
    DEBUG: : PUMPBTCOMM <<<<< ENCRYPTION__PUMP_CHECK (OK) 02 00 4F 4B  
    DEBUG: : PUMPBTCOMM Using stored pairing key: ABCD
    DEBUG: : PUMPBTCOMM >>>>> ENCRYPTION__CHECK_PASSKEY A5 A5 04 E4  22 42 5C 3B  B0 5A 5A 
    DEBUG: : PUMPBTCOMM <<<<< ENCRYPTION__CHECK_PASSKEY 02 D0 00 
    DEBUG: : PUMPBTCOMM >>>>> ENCRYPTION__TIME_INFORMATION A5 A5 02 E4  F3 94 75 5A  5A 
    DEBUG: : PUMPBTCOMM <<<<< ENCRYPTION__TIME_INFORMATION 02 01 1A 05  09 0B 39 01  87 0D 
    DEBUG: : PUMPBTCOMM Pump user password: 0000
    DEBUG: : EVENTS Sending EventPumpStatusChanged[error=,performingAction=,secondsElapsed=0,status=CONNECTED]
    DEBUG: : PUMPBTCOMM RS connected and status read
    DEBUG: : PUMPCOMM New message
    DEBUG: : PUMPBTCOMM >>>>> REVIEW__INITIAL_SCREEN_INFORMATION B2 02  
    DEBUG: : PUMPBTCOMM <<<<< REVIEW__INITIAL_SCREEN_INFORMATION B2 02 00 F4  01 C4 09 98  3A 64 00 00  50 00 00 00  00 00 00 
    DEBUG: : PUMPCOMM ErrorState: NONE
    DEBUG: : PUMPCOMM Pump suspended: false
    DEBUG: : PUMPCOMM Temp basal in progress: false
    DEBUG: : PUMPCOMM Extended in progress: false
    DEBUG: : PUMPCOMM Dual in progress: false
    DEBUG: : PUMPCOMM Daily units: 5.0
    DEBUG: : PUMPCOMM Max daily units: 25
    DEBUG: : PUMPCOMM Reservoir remaining units: 150.0
    DEBUG: : PUMPCOMM Battery: 80
    DEBUG: : PUMPCOMM Current basal: 1.0
    DEBUG: : PUMPCOMM Temp basal percent: 0
    DEBUG: : PUMPCOMM Extended absolute rate: 0.0
    DEBUG: : PUMPBTCOMM handleMessage done REVIEW__INITIAL_SCREEN_INFORMATION setting received on thread Test worker
    DEBUG: : PUMPBTCOMM notifyAll REVIEW__INITIAL_SCREEN_INFORMATION processedMessage===message: true
    DEBUG: : PUMPBTCOMM already received REVIEW__INITIAL_SCREEN_INFORMATION (no wait needed)
    DEBUG: : EVENTS Sending EventPumpStatusChanged[error=,performingAction=test,secondsElapsed=0,status=PERFORMING]
    DEBUG: : PUMPCOMM Setting temporary basal of 0% for 0 hours
    DEBUG: : PUMPBTCOMM >>>>> BASAL__SET_TEMPORARY_BASAL B2 60  96 01 
    DEBUG: : PUMPBTCOMM <<<<< BASAL__SET_TEMPORARY_BASAL B2 60 00 
    DEBUG: : PUMPCOMM Result OK
    DEBUG: : PUMPBTCOMM handleMessage done BASAL__SET_TEMPORARY_BASAL setting received on thread Test worker
    DEBUG: : PUMPBTCOMM notifyAll BASAL__SET_TEMPORARY_BASAL processedMessage===message: true
    DEBUG: : PUMPBTCOMM already received BASAL__SET_TEMPORARY_BASAL (no wait needed)
    DEBUG: : EVENTS Sending EventPumpStatusChanged[error=,performingAction=,secondsElapsed=0,status=DISCONNECTING]

DanaRSServiceIntegrationTest > tempBasalStop cancels running temp basal() STARTED

DanaRSServiceIntegrationTest > tempBasalStop cancels running temp basal() STANDARD_OUT
    DEBUG: : PUMPCOMM New message
    DEBUG: : PUMPBTCOMM Initializing BLEComm.
    DEBUG: : PUMPBTCOMM Trying to create a new connection from: test
    DEBUG: : PUMPBTCOMM onConnectionStateChange
    DEBUG: : PUMPBTCOMM onServicesDiscovered
    DEBUG: : PUMPBTCOMM >>>>> ENCRYPTION__PUMP_CHECK (0x00) A5 A5 0C E4  F2 C8 AD BA  AD D5 C2 AD  D7 A6 D4 0C  C6 5A 5A 
    DEBUG: : PUMPBTCOMM <<<<< ENCRYPTION__PUMP_CHECK (OK) 02 00 4F 4B  
    DEBUG: : PUMPBTCOMM Using stored pairing key: ABCD
    DEBUG: : PUMPBTCOMM >>>>> ENCRYPTION__CHECK_PASSKEY A5 A5 04 E4  22 42 5C 3B  B0 5A 5A 
    DEBUG: : PUMPBTCOMM <<<<< ENCRYPTION__CHECK_PASSKEY 02 D0 00 
    DEBUG: : PUMPBTCOMM >>>>> ENCRYPTION__TIME_INFORMATION A5 A5 02 E4  F3 94 75 5A  5A 
    DEBUG: : PUMPBTCOMM <<<<< ENCRYPTION__TIME_INFORMATION 02 01 1A 05  09 0B 39 01  87 0D 
    DEBUG: : PUMPBTCOMM Pump user password: 0000
    DEBUG: : EVENTS Sending EventPumpStatusChanged[error=,performingAction=,secondsElapsed=0,status=CONNECTED]
    DEBUG: : PUMPBTCOMM RS connected and status read
    DEBUG: : EVENTS Sending EventPumpStatusChanged[error=,performingAction=test,secondsElapsed=0,status=PERFORMING]
    DEBUG: : PUMPCOMM Canceling temp basal
    DEBUG: : PUMPBTCOMM >>>>> BASAL__CANCEL_TEMPORARY_BASAL B2 62  
    DEBUG: : PUMPBTCOMM <<<<< BASAL__CANCEL_TEMPORARY_BASAL B2 62 00 
    DEBUG: : PUMPCOMM Result OK
    DEBUG: : PUMPBTCOMM handleMessage done BASAL__CANCEL_TEMPORARY_BASAL setting received on thread Test worker
    DEBUG: : PUMPBTCOMM notifyAll BASAL__CANCEL_TEMPORARY_BASAL processedMessage===message: true
    DEBUG: : PUMPBTCOMM already received BASAL__CANCEL_TEMPORARY_BASAL (no wait needed)
    DEBUG: : EVENTS Sending EventPumpStatusChanged[error=,performingAction=,secondsElapsed=0,status=DISCONNECTING]

DanaRSServiceIntegrationTest > tempBasalShortDuration with 15 min sets APS temp basal() STARTED

DanaRSServiceIntegrationTest > tempBasalShortDuration with 15 min sets APS temp basal() STANDARD_OUT
    DEBUG: : PUMPCOMM New message
    DEBUG: : PUMPBTCOMM Initializing BLEComm.
    DEBUG: : PUMPBTCOMM Trying to create a new connection from: test
    DEBUG: : PUMPBTCOMM onConnectionStateChange
    DEBUG: : PUMPBTCOMM onServicesDiscovered
    DEBUG: : PUMPBTCOMM >>>>> ENCRYPTION__PUMP_CHECK (0x00) A5 A5 0C E4  F2 C8 AD BA  AD D5 C2 AD  D7 A6 D4 0C  C6 5A 5A 
    DEBUG: : PUMPBTCOMM <<<<< ENCRYPTION__PUMP_CHECK (OK) 02 00 4F 4B  
    DEBUG: : PUMPBTCOMM Using stored pairing key: ABCD
    DEBUG: : PUMPBTCOMM >>>>> ENCRYPTION__CHECK_PASSKEY A5 A5 04 E4  22 42 5C 3B  B0 5A 5A 
    DEBUG: : PUMPBTCOMM <<<<< ENCRYPTION__CHECK_PASSKEY 02 D0 00 
    DEBUG: : PUMPBTCOMM >>>>> ENCRYPTION__TIME_INFORMATION A5 A5 02 E4  F3 94 75 5A  5A 
    DEBUG: : PUMPBTCOMM <<<<< ENCRYPTION__TIME_INFORMATION 02 01 1A 05  09 0B 39 01  87 0D 
    DEBUG: : PUMPBTCOMM Pump user password: 0000
    DEBUG: : EVENTS Sending EventPumpStatusChanged[error=,performingAction=,secondsElapsed=0,status=CONNECTED]
    DEBUG: : PUMPBTCOMM RS connected and status read
    DEBUG: : PUMPCOMM New message
    DEBUG: : PUMPBTCOMM >>>>> REVIEW__INITIAL_SCREEN_INFORMATION B2 02  
    DEBUG: : PUMPBTCOMM <<<<< REVIEW__INITIAL_SCREEN_INFORMATION B2 02 00 F4  01 C4 09 98  3A 64 00 00  50 00 00 00  00 00 00 
    DEBUG: : PUMPCOMM ErrorState: NONE
    DEBUG: : PUMPCOMM Pump suspended: false
    DEBUG: : PUMPCOMM Temp basal in progress: false
    DEBUG: : PUMPCOMM Extended in progress: false
    DEBUG: : PUMPCOMM Dual in progress: false
    DEBUG: : PUMPCOMM Daily units: 5.0
    DEBUG: : PUMPCOMM Max daily units: 25
    DEBUG: : PUMPCOMM Reservoir remaining units: 150.0
    DEBUG: : PUMPCOMM Battery: 80
    DEBUG: : PUMPCOMM Current basal: 1.0
    DEBUG: : PUMPCOMM Temp basal percent: 0
    DEBUG: : PUMPCOMM Extended absolute rate: 0.0
    DEBUG: : PUMPBTCOMM handleMessage done REVIEW__INITIAL_SCREEN_INFORMATION setting received on thread Test worker
    DEBUG: : PUMPBTCOMM notifyAll REVIEW__INITIAL_SCREEN_INFORMATION processedMessage===message: true
    DEBUG: : PUMPBTCOMM already received REVIEW__INITIAL_SCREEN_INFORMATION (no wait needed)
    DEBUG: : EVENTS Sending EventPumpStatusChanged[error=,performingAction=test,secondsElapsed=0,status=PERFORMING]
    DEBUG: : PUMPCOMM New message: APS Temp basal start
    DEBUG: : PUMPCOMM APS Temp basal start percent: 130 duration 15 min
    DEBUG: : PUMPBTCOMM >>>>> BASAL__APS_SET_TEMPORARY_BASAL B2 C1  82 00 96 
    DEBUG: : PUMPBTCOMM <<<<< BASAL__APS_SET_TEMPORARY_BASAL B2 C1 00 
    DEBUG: : PUMPCOMM Set APS temp basal start result: 0
    DEBUG: : PUMPBTCOMM handleMessage done BASAL__APS_SET_TEMPORARY_BASAL setting received on thread Test worker
    DEBUG: : PUMPBTCOMM notifyAll BASAL__APS_SET_TEMPORARY_BASAL processedMessage===message: true
    DEBUG: : PUMPBTCOMM already received BASAL__APS_SET_TEMPORARY_BASAL (no wait needed)
    DEBUG: : PUMPCOMM Loading event history from: null
    DEBUG: : PUMPCOMM Loading event history from: null
    DEBUG: : PUMPBTCOMM >>>>> APS_HISTORY_EVENTS B2 C2  00 01 01 00  00 00 
    DEBUG: : PUMPBTCOMM <<<<< APS_HISTORY_EVENTS B2 C2 01 1A  05 09 0B 39  01 00 82 00  0F 
    DEBUG: : PUMPBTCOMM handleMessage done APS_HISTORY_EVENTS setting received on thread Test worker
    DEBUG: : PUMPBTCOMM notifyAll APS_HISTORY_EVENTS processedMessage===message: true
    DEBUG: : PUMPBTCOMM already received APS_HISTORY_EVENTS (no wait needed)
    DEBUG: : PUMPBTCOMM <<<<< APS_HISTORY_EVENTS B2 C2 FF 
    DEBUG: : PUMPCOMM Last record received
    DEBUG: : PUMPCOMM [1778342221000] EVENT TEMP_START (1) null (1778342221000) Ratio: 130% Duration: 15min
    DEBUG: : EVENTS Sending EventPumpStatusChanged[error=,performingAction=test: TEMP_START null,secondsElapsed=0,status=PERFORMING]
    DEBUG: : PUMPBTCOMM handleMessage done APS_HISTORY_EVENTS setting received on thread Thread-302
    DEBUG: : PUMPBTCOMM notifyAll APS_HISTORY_EVENTS processedMessage===message: true
    DEBUG: : PUMPCOMM Events loaded
    DEBUG: : EVENTS Sending EventPumpStatusChanged[error=,performingAction=test,secondsElapsed=0,status=PERFORMING]
    DEBUG: : PUMPCOMM New message
    DEBUG: : PUMPBTCOMM >>>>> REVIEW__INITIAL_SCREEN_INFORMATION B2 02  
    DEBUG: : PUMPBTCOMM <<<<< REVIEW__INITIAL_SCREEN_INFORMATION B2 02 10 F4  01 C4 09 98  3A 64 00 82  50 00 00 00  00 00 00 
    DEBUG: : PUMPCOMM ErrorState: NONE
    DEBUG: : PUMPCOMM Pump suspended: false
    DEBUG: : PUMPCOMM Temp basal in progress: true
    DEBUG: : PUMPCOMM Extended in progress: false
    DEBUG: : PUMPCOMM Dual in progress: false
    DEBUG: : PUMPCOMM Daily units: 5.0
    DEBUG: : PUMPCOMM Max daily units: 25
    DEBUG: : PUMPCOMM Reservoir remaining units: 150.0
    DEBUG: : PUMPCOMM Battery: 80
    DEBUG: : PUMPCOMM Current basal: 1.0
    DEBUG: : PUMPCOMM Temp basal percent: 130
    DEBUG: : PUMPCOMM Extended absolute rate: 0.0
    DEBUG: : PUMPBTCOMM handleMessage done REVIEW__INITIAL_SCREEN_INFORMATION setting received on thread Test worker
    DEBUG: : PUMPBTCOMM notifyAll REVIEW__INITIAL_SCREEN_INFORMATION processedMessage===message: true
    DEBUG: : PUMPBTCOMM already received REVIEW__INITIAL_SCREEN_INFORMATION (no wait needed)
    DEBUG: : PUMPCOMM Expected TBR found: null
    DEBUG: : EVENTS Sending EventPumpStatusChanged[error=,performingAction=,secondsElapsed=0,status=DISCONNECTING]

DanaRSServiceIntegrationTest > bolus sends insulin command through emulator() STARTED

DanaRSServiceIntegrationTest > bolus sends insulin command through emulator() STANDARD_OUT
    DEBUG: : PUMPCOMM New message
    DEBUG: : PUMPBTCOMM Initializing BLEComm.
    DEBUG: : PUMPBTCOMM Trying to create a new connection from: test
    DEBUG: : PUMPBTCOMM onConnectionStateChange
    DEBUG: : PUMPBTCOMM onServicesDiscovered
    DEBUG: : PUMPBTCOMM >>>>> ENCRYPTION__PUMP_CHECK (0x00) A5 A5 0C E4  F2 C8 AD BA  AD D5 C2 AD  D7 A6 D4 0C  C6 5A 5A 
    DEBUG: : PUMPBTCOMM <<<<< ENCRYPTION__PUMP_CHECK (OK) 02 00 4F 4B  
    DEBUG: : PUMPBTCOMM Using stored pairing key: ABCD
    DEBUG: : PUMPBTCOMM >>>>> ENCRYPTION__CHECK_PASSKEY A5 A5 04 E4  22 42 5C 3B  B0 5A 5A 
    DEBUG: : PUMPBTCOMM <<<<< ENCRYPTION__CHECK_PASSKEY 02 D0 00 
    DEBUG: : PUMPBTCOMM >>>>> ENCRYPTION__TIME_INFORMATION A5 A5 02 E4  F3 94 75 5A  5A 
    DEBUG: : PUMPBTCOMM <<<<< ENCRYPTION__TIME_INFORMATION 02 01 1A 05  09 0B 39 01  87 0D 
    DEBUG: : PUMPBTCOMM Pump user password: 0000
    DEBUG: : EVENTS Sending EventPumpStatusChanged[error=,performingAction=,secondsElapsed=0,status=CONNECTED]
    DEBUG: : PUMPBTCOMM RS connected and status read
    DEBUG: : EVENTS Sending EventPumpStatusChanged[error=,performingAction=test,secondsElapsed=0,status=PERFORMING]
    DEBUG: : PUMPCOMM Bolus start : 0.05 speed: 0
    DEBUG: : PUMPBTCOMM >>>>> BOLUS__SET_STEP_BOLUS_START B2 4A  05 00 00 
    DEBUG: : PUMPBTCOMM <<<<< BOLUS__SET_STEP_BOLUS_START B2 4A 00 
    DEBUG: : PUMPCOMM Result OK
    DEBUG: : PUMPBTCOMM handleMessage done BOLUS__SET_STEP_BOLUS_START setting received on thread Test worker
    DEBUG: : PUMPBTCOMM notifyAll BOLUS__SET_STEP_BOLUS_START processedMessage===message: true
    DEBUG: : PUMPBTCOMM already received BOLUS__SET_STEP_BOLUS_START (no wait needed)
    DEBUG: : PUMPCOMM Communication stopped
    DEBUG: : PUMPBTCOMM disconnect from: Communication stopped

DanaRSServiceIntegrationTest > bolus queries PumpSync after delivery() STARTED

DanaRSServiceIntegrationTest > bolus queries PumpSync after delivery() STANDARD_OUT
    DEBUG: : PUMPCOMM New message
    DEBUG: : PUMPBTCOMM Initializing BLEComm.
    DEBUG: : PUMPBTCOMM Trying to create a new connection from: test
    DEBUG: : PUMPBTCOMM onConnectionStateChange
    DEBUG: : PUMPBTCOMM onServicesDiscovered
    DEBUG: : PUMPBTCOMM >>>>> ENCRYPTION__PUMP_CHECK (0x00) A5 A5 0C E4  F2 C8 AD BA  AD D5 C2 AD  D7 A6 D4 0C  C6 5A 5A 
    DEBUG: : PUMPBTCOMM <<<<< ENCRYPTION__PUMP_CHECK (OK) 02 00 4F 4B  
    DEBUG: : PUMPBTCOMM Using stored pairing key: ABCD
    DEBUG: : PUMPBTCOMM >>>>> ENCRYPTION__CHECK_PASSKEY A5 A5 04 E4  22 42 5C 3B  B0 5A 5A 
    DEBUG: : PUMPBTCOMM <<<<< ENCRYPTION__CHECK_PASSKEY 02 D0 00 
    DEBUG: : PUMPBTCOMM >>>>> ENCRYPTION__TIME_INFORMATION A5 A5 02 E4  F3 94 75 5A  5A 
    DEBUG: : PUMPBTCOMM <<<<< ENCRYPTION__TIME_INFORMATION 02 01 1A 05  09 0B 39 01  87 0D 
    DEBUG: : PUMPBTCOMM Pump user password: 0000
    DEBUG: : EVENTS Sending EventPumpStatusChanged[error=,performingAction=,secondsElapsed=0,status=CONNECTED]
    DEBUG: : PUMPBTCOMM RS connected and status read
    DEBUG: : EVENTS Sending EventPumpStatusChanged[error=,performingAction=test,secondsElapsed=0,status=PERFORMING]
    DEBUG: : PUMPCOMM Bolus start : 0.05 speed: 0
    DEBUG: : PUMPBTCOMM >>>>> BOLUS__SET_STEP_BOLUS_START B2 4A  05 00 00 
    DEBUG: : PUMPBTCOMM <<<<< BOLUS__SET_STEP_BOLUS_START B2 4A 00 
    DEBUG: : PUMPCOMM Result OK
    DEBUG: : PUMPBTCOMM handleMessage done BOLUS__SET_STEP_BOLUS_START setting received on thread Test worker
    DEBUG: : PUMPBTCOMM notifyAll BOLUS__SET_STEP_BOLUS_START processedMessage===message: true
    DEBUG: : PUMPBTCOMM already received BOLUS__SET_STEP_BOLUS_START (no wait needed)
    DEBUG: : PUMPCOMM Communication stopped
    DEBUG: : PUMPBTCOMM disconnect from: Communication stopped

DanaRSServiceIntegrationTest > bolus with stop pressed returns false() STARTED

DanaRSServiceIntegrationTest > bolus with stop pressed returns false() STANDARD_OUT
    DEBUG: : PUMPCOMM New message
    DEBUG: : PUMPBTCOMM Initializing BLEComm.
    DEBUG: : PUMPBTCOMM Trying to create a new connection from: test
    DEBUG: : PUMPBTCOMM onConnectionStateChange
    DEBUG: : PUMPBTCOMM onServicesDiscovered
    DEBUG: : PUMPBTCOMM >>>>> ENCRYPTION__PUMP_CHECK (0x00) A5 A5 0C E4  F2 C8 AD BA  AD D5 C2 AD  D7 A6 D4 0C  C6 5A 5A 
    DEBUG: : PUMPBTCOMM <<<<< ENCRYPTION__PUMP_CHECK (OK) 02 00 4F 4B  
    DEBUG: : PUMPBTCOMM Using stored pairing key: ABCD
    DEBUG: : PUMPBTCOMM >>>>> ENCRYPTION__CHECK_PASSKEY A5 A5 04 E4  22 42 5C 3B  B0 5A 5A 
    DEBUG: : PUMPBTCOMM <<<<< ENCRYPTION__CHECK_PASSKEY 02 D0 00 
    DEBUG: : PUMPBTCOMM >>>>> ENCRYPTION__TIME_INFORMATION A5 A5 02 E4  F3 94 75 5A  5A 
    DEBUG: : PUMPBTCOMM <<<<< ENCRYPTION__TIME_INFORMATION 02 01 1A 05  09 0B 39 02  87 0D 
    DEBUG: : PUMPBTCOMM Pump user password: 0000
    DEBUG: : EVENTS Sending EventPumpStatusChanged[error=,performingAction=,secondsElapsed=0,status=CONNECTED]
    DEBUG: : PUMPBTCOMM RS connected and status read

DanaRSServiceIntegrationTest > extendedBolus sets extended bolus on emulator() STARTED

DanaRSServiceIntegrationTest > extendedBolus sets extended bolus on emulator() STANDARD_OUT
    DEBUG: : PUMPCOMM New message
    DEBUG: : PUMPBTCOMM Initializing BLEComm.
    DEBUG: : PUMPBTCOMM Trying to create a new connection from: test
    DEBUG: : PUMPBTCOMM onConnectionStateChange
    DEBUG: : PUMPBTCOMM onServicesDiscovered
    DEBUG: : PUMPBTCOMM >>>>> ENCRYPTION__PUMP_CHECK (0x00) A5 A5 0C E4  F2 C8 AD BA  AD D5 C2 AD  D7 A6 D4 0C  C6 5A 5A 
    DEBUG: : PUMPBTCOMM <<<<< ENCRYPTION__PUMP_CHECK (OK) 02 00 4F 4B  
    DEBUG: : PUMPBTCOMM Using stored pairing key: ABCD
    DEBUG: : PUMPBTCOMM >>>>> ENCRYPTION__CHECK_PASSKEY A5 A5 04 E4  22 42 5C 3B  B0 5A 5A 
    DEBUG: : PUMPBTCOMM <<<<< ENCRYPTION__CHECK_PASSKEY 02 D0 00 
    DEBUG: : PUMPBTCOMM >>>>> ENCRYPTION__TIME_INFORMATION A5 A5 02 E4  F3 94 75 5A  5A 
    DEBUG: : PUMPBTCOMM <<<<< ENCRYPTION__TIME_INFORMATION 02 01 1A 05  09 0B 39 02  87 0D 
    DEBUG: : PUMPBTCOMM Pump user password: 0000
    DEBUG: : EVENTS Sending EventPumpStatusChanged[error=,performingAction=,secondsElapsed=0,status=CONNECTED]
    DEBUG: : PUMPBTCOMM RS connected and status read
    DEBUG: : EVENTS Sending EventPumpStatusChanged[error=,performingAction=test,secondsElapsed=0,status=PERFORMING]
    DEBUG: : PUMPCOMM Extended bolus start : 0.0 U half-hours: 0
    DEBUG: : PUMPBTCOMM >>>>> BOLUS__SET_EXTENDED_BOLUS B2 47  C8 00 04 
    DEBUG: : PUMPBTCOMM <<<<< BOLUS__SET_EXTENDED_BOLUS B2 47 00 
    DEBUG: : PUMPCOMM Result OK
    DEBUG: : PUMPBTCOMM handleMessage done BOLUS__SET_EXTENDED_BOLUS setting received on thread Test worker
    DEBUG: : PUMPBTCOMM notifyAll BOLUS__SET_EXTENDED_BOLUS processedMessage===message: true
    DEBUG: : PUMPBTCOMM already received BOLUS__SET_EXTENDED_BOLUS (no wait needed)
    DEBUG: : EVENTS Sending EventPumpStatusChanged[error=,performingAction=,secondsElapsed=0,status=DISCONNECTING]

> Task :pump:insight:processFullDebugUnitTestJavaRes

> Task :pump:danars:testFullDebugUnitTest

DanaRSPacketOptionSetUserOptionTest > runTest() STARTED

DanaRSPacketNotifyDeliveryCompleteTest > runTest() STANDARD_OUT
    DEBUG: : PUMPCOMM New message
    DEBUG: : PUMPCOMM Delivered insulin: 0.0

DanaRsPacketBasalGetBasalRateTest > runTest() STARTED

DanaRsPacketBasalGetBasalRateTest > runTest() STANDARD_OUT
    DEBUG: : PUMPCOMM Requesting basal rates
    DEBUG: : PUMPCOMM Max basal: 1.0 U
    DEBUG: : PUMPCOMM Basal step: 0.05 U
    DEBUG: : PUMPCOMM Basal 00h: 0.0
    DEBUG: : PUMPCOMM Basal 01h: 0.0
    DEBUG: : PUMPCOMM Basal 02h: 0.0
    DEBUG: : PUMPCOMM Basal 03h: 0.0
    DEBUG: : PUMPCOMM Basal 04h: 0.0
    DEBUG: : PUMPCOMM Basal 05h: 0.0
    DEBUG: : PUMPCOMM Basal 06h: 0.0
    DEBUG: : PUMPCOMM Basal 07h: 0.0
    DEBUG: : PUMPCOMM Basal 08h: 0.0
    DEBUG: : PUMPCOMM Basal 09h: 0.0
    DEBUG: : PUMPCOMM Basal 10h: 0.0
    DEBUG: : PUMPCOMM Basal 11h: 0.0
    DEBUG: : PUMPCOMM Basal 12h: 0.0
    DEBUG: : PUMPCOMM Basal 13h: 0.0
    DEBUG: : PUMPCOMM Basal 14h: 0.0
    DEBUG: : PUMPCOMM Basal 15h: 0.0
    DEBUG: : PUMPCOMM Basal 16h: 0.0
    DEBUG: : PUMPCOMM Basal 17h: 0.0
    DEBUG: : PUMPCOMM Basal 18h: 0.0
    DEBUG: : PUMPCOMM Basal 19h: 0.0
    DEBUG: : PUMPCOMM Basal 20h: 0.0
    DEBUG: : PUMPCOMM Basal 21h: 0.0
    DEBUG: : PUMPCOMM Basal 22h: 0.0
    DEBUG: : PUMPCOMM Basal 23h: 0.0

DanaRsPacketBolusGetCalculationInformationTest > runTest() STARTED

DanaRsPacketBolusGetCalculationInformationTest > runTest() STANDARD_OUT
    DEBUG: : PUMPCOMM New message
    DEBUG: : PUMPCOMM Result: 0
    DEBUG: : PUMPCOMM Pump units: MGDL
    DEBUG: : PUMPCOMM Current BG: 0.0
    DEBUG: : PUMPCOMM Carbs: 0
    DEBUG: : PUMPCOMM Current target: 0.0
    DEBUG: : PUMPCOMM Current CIR: 0
    DEBUG: : PUMPCOMM Current CF: 0.0
    DEBUG: : PUMPCOMM Pump IOB: 0.0
    DEBUG: : PUMPCOMM Result: 1
    DEBUG: : PUMPCOMM Pump units: MMOL
    DEBUG: : PUMPCOMM Current BG: 2.57
    DEBUG: : PUMPCOMM Carbs: 257
    DEBUG: : PUMPCOMM Current target: 2.57
    DEBUG: : PUMPCOMM Current CIR: 257
    DEBUG: : PUMPCOMM Current CF: 2.57
    DEBUG: : PUMPCOMM Pump IOB: 2.57

DanaRsPacketBolusSetStepBolusStopTest > runTest() STARTED

DanaRsPacketBolusSetStepBolusStopTest > runTest() STANDARD_OUT
    DEBUG: : PUMPCOMM Result OK
    ERROR: Result Error: 1

DanaRsPacketHistoryBasalTest > runTest() STARTED

DanaRsPacketHistoryBasalTest > runTest() STANDARD_OUT
    DEBUG: : PUMPCOMM New message
    DEBUG: : PUMPCOMM Loading event history from: 5/9/26 11:57 AM

DanaRsPacketHistoryRefillTest > runTest() STARTED

DanaRsPacketHistoryRefillTest > runTest() STANDARD_OUT
    DEBUG: : PUMPCOMM New message
    DEBUG: : PUMPCOMM Loading event history from: 5/9/26 11:57 AM

DanaRsPacketOptionGetUserOptionTest > runTest() STARTED

DanaRsPacketOptionGetUserOptionTest > runTest() STANDARD_OUT
    DEBUG: : PUMPCOMM Requesting user settings
    DEBUG: : PUMPCOMM timeDisplayType24: true
    DEBUG: : PUMPCOMM buttonScrollOnOff: false
    DEBUG: : PUMPCOMM beepAndAlarm: 0
    DEBUG: : PUMPCOMM lcdOnTimeSec: 0
    DEBUG: : PUMPCOMM backlightOnTimeSec: 0
    DEBUG: : PUMPCOMM selectedLanguage: 0
    DEBUG: : PUMPCOMM Pump units: MGDL
    DEBUG: : PUMPCOMM shutdownHour: 0
    DEBUG: : PUMPCOMM lowReservoirRate: 0
    DEBUG: : PUMPCOMM cannulaVolume: 0
    DEBUG: : PUMPCOMM refillAmount: 0
    DEBUG: : PUMPCOMM selectableLanguage1: 0
    DEBUG: : PUMPCOMM selectableLanguage2: 0
    DEBUG: : PUMPCOMM selectableLanguage3: 0
    DEBUG: : PUMPCOMM selectableLanguage4: 0
    DEBUG: : PUMPCOMM selectableLanguage5: 0
    DEBUG: : PUMPCOMM target: 0
    DEBUG: : PUMPCOMM timeDisplayType24: false
    DEBUG: : PUMPCOMM buttonScrollOnOff: false
    DEBUG: : PUMPCOMM beepAndAlarm: 5
    DEBUG: : PUMPCOMM lcdOnTimeSec: 5
    DEBUG: : PUMPCOMM backlightOnTimeSec: 5
    DEBUG: : PUMPCOMM selectedLanguage: 5
    DEBUG: : PUMPCOMM Pump units: MMOL
    DEBUG: : PUMPCOMM shutdownHour: 5
    DEBUG: : PUMPCOMM lowReservoirRate: 5
    DEBUG: : PUMPCOMM cannulaVolume: 1285
    DEBUG: : PUMPCOMM refillAmount: 1285
    DEBUG: : PUMPCOMM selectableLanguage1: 5
    DEBUG: : PUMPCOMM selectableLanguage2: 5
    DEBUG: : PUMPCOMM selectableLanguage3: 5
    DEBUG: : PUMPCOMM selectableLanguage4: 5
    DEBUG: : PUMPCOMM selectableLanguage5: 5
    DEBUG: : PUMPCOMM target: 0

DanaRSPacketOptionSetUserOptionTest > runTest() STANDARD_OUT
    DEBUG: : PUMPCOMM Setting user settings
    DEBUG: : PUMPCOMM UserOptions:1778342229 s ago
    timeDisplayType24:false
    buttonScroll:false
    beepAndAlarm:0
    lcdOnTimeSec:0
    backlight:0
    danaRPumpUnits:0
    lowReservoir:0
    cannulaVolume:0
    refillAmount:0
    target:0
    DEBUG: : PUMPCOMM Result OK
    ERROR: Result Error: 1

DanaRsPacketBasalGetProfileNumberTest > runTest() STARTED

DanaRsPacketBasalGetProfileNumberTest > runTest() STANDARD_OUT
    DEBUG: : PUMPCOMM Requesting active profile
    DEBUG: : PUMPCOMM Active profile: 1

DanaRsPacketBolusGetCirCfArrayTest > runTest() STARTED

DanaRsPacketBolusGetCirCfArrayTest > runTest() STANDARD_OUT
    DEBUG: : PUMPCOMM New message
    DEBUG: : PUMPCOMM Language: 0
    DEBUG: : PUMPCOMM Pump units: MGDL
    DEBUG: : PUMPCOMM Current pump morning CIR: 0
    DEBUG: : PUMPCOMM Current pump morning CF: 0.0
    DEBUG: : PUMPCOMM Current pump afternoon CIR: 0
    DEBUG: : PUMPCOMM Current pump afternoon CF: 0.0
    DEBUG: : PUMPCOMM Current pump evening CIR: 0
    DEBUG: : PUMPCOMM Current pump evening CF: 0.0
    DEBUG: : PUMPCOMM Current pump night CIR: 0
    DEBUG: : PUMPCOMM Current pump night CF: 0.0
    DEBUG: : PUMPCOMM cir02: 0
    DEBUG: : PUMPCOMM cir04: 0
    DEBUG: : PUMPCOMM cir06: 0
    DEBUG: : PUMPCOMM cf02: 0.0
    DEBUG: : PUMPCOMM cf04: 0.0
    DEBUG: : PUMPCOMM cf06: 0.0
    DEBUG: : PUMPCOMM Language: 3
    DEBUG: : PUMPCOMM Pump units: MMOL
    DEBUG: : PUMPCOMM Current pump morning CIR: 771
    DEBUG: : PUMPCOMM Current pump morning CF: 7.71
    DEBUG: : PUMPCOMM Current pump afternoon CIR: 771
    DEBUG: : PUMPCOMM Current pump afternoon CF: 7.71
    DEBUG: : PUMPCOMM Current pump evening CIR: 771
    DEBUG: : PUMPCOMM Current pump evening CF: 7.71
    DEBUG: : PUMPCOMM Current pump night CIR: 771
    DEBUG: : PUMPCOMM Current pump night CF: 7.71
    DEBUG: : PUMPCOMM cir02: 771
    DEBUG: : PUMPCOMM cir04: 771
    DEBUG: : PUMPCOMM cir06: 771
    DEBUG: : PUMPCOMM cf02: 7.71
    DEBUG: : PUMPCOMM cf04: 7.71
    DEBUG: : PUMPCOMM cf06: 7.71

DanaRsPacketEtcKeepConnectionTest > runTest() STARTED

DanaRsPacketEtcKeepConnectionTest > runTest() STANDARD_OUT
    DEBUG: : PUMPCOMM New message
    DEBUG: : PUMPCOMM Result OK
    ERROR: Result Error: 1

DanaRsPacketHistoryBloodGlucoseTest > runTest() STARTED

DanaRsPacketHistoryBloodGlucoseTest > runTest() STANDARD_OUT
    DEBUG: : PUMPCOMM New message
    DEBUG: : PUMPCOMM Loading event history from: 5/9/26 11:57 AM

DanaRsPacketHistorySuspendTest > runTest() STARTED

DanaRsPacketHistorySuspendTest > runTest() STANDARD_OUT
    DEBUG: : PUMPCOMM New message
    DEBUG: : PUMPCOMM Loading event history from: 5/9/26 11:57 AM

DanaRsPacketOptionSetPumpTimeTest > runTest() STARTED

DanaRsPacketOptionSetPumpTimeTest > runTest() STANDARD_OUT
    DEBUG: : PUMPCOMM Setting pump time 
    DEBUG: : PUMPCOMM Result OK
    ERROR: Result Error: 1

> Task :ui:compileFullDebugUnitTestKotlin
> Task :pump:medtronic:compileFullDebugUnitTestKotlin

> Task :pump:danar:testFullDebugUnitTest

DanaRPluginTest > percentBasalRateShouldBeLimited() STARTED

> Task :pump:medtronic:javaPreCompileFullDebugUnitTest
> Task :pump:medtronic:compileFullDebugUnitTestJavaWithJavac NO-SOURCE
> Task :pump:medtronic:generateFullDebugUnitTestAssets UP-TO-DATE

> Task :pump:danars-emulator:testFullDebugUnitTest

BLECommBLE5IntegrationTest > multiple commands work in sequence with BLE5() STANDARD_OUT
    DEBUG: : PUMPBTCOMM Initializing BLEComm.
    DEBUG: : PUMPBTCOMM Trying to create a new connection from: test
    DEBUG: : PUMPBTCOMM onConnectionStateChange
    DEBUG: : PUMPBTCOMM onServicesDiscovered
    DEBUG: : PUMPBTCOMM >>>>> ENCRYPTION__PUMP_CHECK (0x00) A5 A5 0C E4  F2 C8 AD BA  AD D5 C2 AD  D7 A6 D4 0C  C6 5A 5A 
    DEBUG: : PUMPBTCOMM <<<<< ENCRYPTION__PUMP_CHECK BLE5 (OK) 02 00 4F 4B  00 09 00 05  34 37 34 36  33 32 
    DEBUG: : PUMPBTCOMM >>>>> ENCRYPTION__TIME_INFORMATION BLE5 A5 A5 06 E4  F3 9D E8 E3  9B BA 53 5A  5A 
    DEBUG: : PUMPBTCOMM <<<<< ENCRYPTION__TIME_INFORMATION 02 01 00 
    DEBUG: : PUMPBTCOMM Connect !!
    DEBUG: : PUMPCOMM Requesting active profile
    DEBUG: : PUMPBTCOMM >>>>> BASAL__GET_PROFILE_NUMBER B2 63  
    DEBUG: : PUMPBTCOMM <<<<< BASAL__GET_PROFILE_NUMBER B2 63 00 
    DEBUG: : PUMPCOMM Active profile: 0
    DEBUG: : PUMPBTCOMM handleMessage done BASAL__GET_PROFILE_NUMBER setting received on thread Test worker
    DEBUG: : PUMPBTCOMM notifyAll BASAL__GET_PROFILE_NUMBER processedMessage===message: true
    DEBUG: : PUMPBTCOMM already received BASAL__GET_PROFILE_NUMBER (no wait needed)
    DEBUG: : PUMPCOMM New message: APS Temp basal start
    DEBUG: : PUMPCOMM APS Temp basal start percent: 110 duration 15 min
    DEBUG: : PUMPBTCOMM >>>>> BASAL__APS_SET_TEMPORARY_BASAL B2 C1  6E 00 96 
    DEBUG: : PUMPBTCOMM <<<<< BASAL__APS_SET_TEMPORARY_BASAL B2 C1 00 
    DEBUG: : PUMPCOMM Set APS temp basal start result: 0
    DEBUG: : PUMPBTCOMM handleMessage done BASAL__APS_SET_TEMPORARY_BASAL setting received on thread Test worker
    DEBUG: : PUMPBTCOMM notifyAll BASAL__APS_SET_TEMPORARY_BASAL processedMessage===message: true
    DEBUG: : PUMPBTCOMM already received BASAL__APS_SET_TEMPORARY_BASAL (no wait needed)
    DEBUG: : PUMPCOMM New message
    DEBUG: : PUMPBTCOMM >>>>> REVIEW__INITIAL_SCREEN_INFORMATION B2 02  
    DEBUG: : PUMPBTCOMM <<<<< REVIEW__INITIAL_SCREEN_INFORMATION B2 02 10 F4  01 C4 09 98  3A 64 00 6E  50 00 00 00  00 00 00 
    DEBUG: : PUMPCOMM ErrorState: NONE
    DEBUG: : PUMPCOMM Pump suspended: false
    DEBUG: : PUMPCOMM Temp basal in progress: true
    DEBUG: : PUMPCOMM Extended in progress: false
    DEBUG: : PUMPCOMM Dual in progress: false
    DEBUG: : PUMPCOMM Daily units: 5.0
    DEBUG: : PUMPCOMM Max daily units: 25
    DEBUG: : PUMPCOMM Reservoir remaining units: 150.0
    DEBUG: : PUMPCOMM Battery: 80
    DEBUG: : PUMPCOMM Current basal: 1.0
    DEBUG: : PUMPCOMM Temp basal percent: 110
    DEBUG: : PUMPCOMM Extended absolute rate: 0.0
    DEBUG: : PUMPBTCOMM handleMessage done REVIEW__INITIAL_SCREEN_INFORMATION setting received on thread Test worker
    DEBUG: : PUMPBTCOMM notifyAll REVIEW__INITIAL_SCREEN_INFORMATION processedMessage===message: true
    DEBUG: : PUMPBTCOMM already received REVIEW__INITIAL_SCREEN_INFORMATION (no wait needed)
    DEBUG: : PUMPCOMM New message
    DEBUG: : PUMPBTCOMM >>>>> ETC__KEEP_CONNECTION B2 FF  
    DEBUG: : PUMPBTCOMM <<<<< ETC__KEEP_CONNECTION B2 FF 00 
    DEBUG: : PUMPCOMM Result OK
    DEBUG: : PUMPBTCOMM handleMessage done ETC__KEEP_CONNECTION setting received on thread Test worker
    DEBUG: : PUMPBTCOMM notifyAll ETC__KEEP_CONNECTION processedMessage===message: true
    DEBUG: : PUMPBTCOMM already received ETC__KEEP_CONNECTION (no wait needed)
    DEBUG: : PUMPCOMM Requesting pump time
    DEBUG: : PUMPBTCOMM >>>>> OPTION__GET_PUMP_TIME B2 70  
    DEBUG: : PUMPBTCOMM <<<<< OPTION__GET_PUMP_TIME B2 70 1A 05  09 0B 39 09  
    DEBUG: : PUMPCOMM Pump time null
    DEBUG: : PUMPBTCOMM handleMessage done OPTION__GET_PUMP_TIME setting received on thread Test worker
    DEBUG: : PUMPBTCOMM notifyAll OPTION__GET_PUMP_TIME processedMessage===message: true
    DEBUG: : PUMPBTCOMM already received OPTION__GET_PUMP_TIME (no wait needed)

BLECommBLE5IntegrationTest > connect completes BLE5 handshake and sets connected() STARTED

BLECommBLE5IntegrationTest > connect completes BLE5 handshake and sets connected() STANDARD_OUT
    DEBUG: : PUMPBTCOMM Initializing BLEComm.
    DEBUG: : PUMPBTCOMM Trying to create a new connection from: test
    DEBUG: : PUMPBTCOMM onConnectionStateChange
    DEBUG: : PUMPBTCOMM onServicesDiscovered
    DEBUG: : PUMPBTCOMM >>>>> ENCRYPTION__PUMP_CHECK (0x00) A5 A5 0C E4  F2 C8 AD BA  AD D5 C2 AD  D7 A6 D4 0C  C6 5A 5A 
    DEBUG: : PUMPBTCOMM <<<<< ENCRYPTION__PUMP_CHECK BLE5 (OK) 02 00 4F 4B  00 09 00 05  34 37 34 36  33 32 
    DEBUG: : PUMPBTCOMM >>>>> ENCRYPTION__TIME_INFORMATION BLE5 A5 A5 06 E4  F3 9D E8 E3  9B BA 53 5A  5A 
    DEBUG: : PUMPBTCOMM <<<<< ENCRYPTION__TIME_INFORMATION 02 01 00 
    DEBUG: : PUMPBTCOMM Connect !!

BLECommBLE5IntegrationTest > temp basal set and cancel with BLE5 encryption() STARTED

BLECommBLE5IntegrationTest > temp basal set and cancel with BLE5 encryption() STANDARD_OUT
    DEBUG: : PUMPBTCOMM Initializing BLEComm.
    DEBUG: : PUMPBTCOMM Trying to create a new connection from: test
    DEBUG: : PUMPBTCOMM onConnectionStateChange
    DEBUG: : PUMPBTCOMM onServicesDiscovered
    DEBUG: : PUMPBTCOMM >>>>> ENCRYPTION__PUMP_CHECK (0x00) A5 A5 0C E4  F2 C8 AD BA  AD D5 C2 AD  D7 A6 D4 0C  C6 5A 5A 
    DEBUG: : PUMPBTCOMM <<<<< ENCRYPTION__PUMP_CHECK BLE5 (OK) 02 00 4F 4B  00 09 00 05  34 37 34 36  33 32 
    DEBUG: : PUMPBTCOMM >>>>> ENCRYPTION__TIME_INFORMATION BLE5 A5 A5 06 E4  F3 9D E8 E3  9B BA 53 5A  5A 
    DEBUG: : PUMPBTCOMM <<<<< ENCRYPTION__TIME_INFORMATION 02 01 00 
    DEBUG: : PUMPBTCOMM Connect !!
    DEBUG: : PUMPCOMM New message: APS Temp basal start
    DEBUG: : PUMPCOMM APS Temp basal start percent: 180 duration 15 min
    DEBUG: : PUMPBTCOMM >>>>> BASAL__APS_SET_TEMPORARY_BASAL B2 C1  B4 00 96 
    DEBUG: : PUMPBTCOMM <<<<< BASAL__APS_SET_TEMPORARY_BASAL B2 C1 00 
    DEBUG: : PUMPCOMM Set APS temp basal start result: 0
    DEBUG: : PUMPBTCOMM handleMessage done BASAL__APS_SET_TEMPORARY_BASAL setting received on thread Test worker
    DEBUG: : PUMPBTCOMM notifyAll BASAL__APS_SET_TEMPORARY_BASAL processedMessage===message: true
    DEBUG: : PUMPBTCOMM already received BASAL__APS_SET_TEMPORARY_BASAL (no wait needed)
    DEBUG: : PUMPCOMM Canceling temp basal
    DEBUG: : PUMPBTCOMM >>>>> BASAL__CANCEL_TEMPORARY_BASAL B2 62  
    DEBUG: : PUMPBTCOMM <<<<< BASAL__CANCEL_TEMPORARY_BASAL B2 62 00 
    DEBUG: : PUMPCOMM Result OK
    DEBUG: : PUMPBTCOMM handleMessage done BASAL__CANCEL_TEMPORARY_BASAL setting received on thread Test worker
    DEBUG: : PUMPBTCOMM notifyAll BASAL__CANCEL_TEMPORARY_BASAL processedMessage===message: true
    DEBUG: : PUMPBTCOMM already received BASAL__CANCEL_TEMPORARY_BASAL (no wait needed)

BLECommBLE5IntegrationTest > getProfileNumber works with BLE5 encryption() STARTED

BLECommBLE5IntegrationTest > getProfileNumber works with BLE5 encryption() STANDARD_OUT
    DEBUG: : PUMPBTCOMM Initializing BLEComm.
    DEBUG: : PUMPBTCOMM Trying to create a new connection from: test
    DEBUG: : PUMPBTCOMM onConnectionStateChange
    DEBUG: : PUMPBTCOMM onServicesDiscovered
    DEBUG: : PUMPBTCOMM >>>>> ENCRYPTION__PUMP_CHECK (0x00) A5 A5 0C E4  F2 C8 AD BA  AD D5 C2 AD  D7 A6 D4 0C  C6 5A 5A 
    DEBUG: : PUMPBTCOMM <<<<< ENCRYPTION__PUMP_CHECK BLE5 (OK) 02 00 4F 4B  00 09 00 05  34 37 34 36  33 32 
    DEBUG: : PUMPBTCOMM >>>>> ENCRYPTION__TIME_INFORMATION BLE5 A5 A5 06 E4  F3 9D E8 E3  9B BA 53 5A  5A 
    DEBUG: : PUMPBTCOMM <<<<< ENCRYPTION__TIME_INFORMATION 02 01 00 
    DEBUG: : PUMPBTCOMM Connect !!
    DEBUG: : PUMPCOMM Requesting active profile
    DEBUG: : PUMPBTCOMM >>>>> BASAL__GET_PROFILE_NUMBER B2 63  
    DEBUG: : PUMPBTCOMM <<<<< BASAL__GET_PROFILE_NUMBER B2 63 02 
    DEBUG: : PUMPCOMM Active profile: 2
    DEBUG: : PUMPBTCOMM handleMessage done BASAL__GET_PROFILE_NUMBER setting received on thread Test worker
    DEBUG: : PUMPBTCOMM notifyAll BASAL__GET_PROFILE_NUMBER processedMessage===message: true
    DEBUG: : PUMPBTCOMM already received BASAL__GET_PROFILE_NUMBER (no wait needed)

BLECommBLE5IntegrationTest > BLE5 handshake reads hwModel from pump() STARTED

BLECommBLE5IntegrationTest > BLE5 handshake reads hwModel from pump() STANDARD_OUT
    DEBUG: : PUMPBTCOMM Initializing BLEComm.
    DEBUG: : PUMPBTCOMM Trying to create a new connection from: test
    DEBUG: : PUMPBTCOMM onConnectionStateChange
    DEBUG: : PUMPBTCOMM onServicesDiscovered
    DEBUG: : PUMPBTCOMM >>>>> ENCRYPTION__PUMP_CHECK (0x00) A5 A5 0C E4  F2 C8 AD BA  AD D5 C2 AD  D7 A6 D4 0C  C6 5A 5A 
    DEBUG: : PUMPBTCOMM <<<<< ENCRYPTION__PUMP_CHECK BLE5 (OK) 02 00 4F 4B  00 09 00 05  34 37 34 36  33 32 
    DEBUG: : PUMPBTCOMM >>>>> ENCRYPTION__TIME_INFORMATION BLE5 A5 A5 06 E4  F3 9D E8 E3  9B BA 53 5A  5A 
    DEBUG: : PUMPBTCOMM <<<<< ENCRYPTION__TIME_INFORMATION 02 01 00 
    DEBUG: : PUMPBTCOMM Connect !!

BLECommBLE5IntegrationTest > initialScreenInformation works with BLE5 encryption() STARTED

BLECommBLE5IntegrationTest > initialScreenInformation works with BLE5 encryption() STANDARD_OUT
    DEBUG: : PUMPBTCOMM Initializing BLEComm.
    DEBUG: : PUMPBTCOMM Trying to create a new connection from: test
    DEBUG: : PUMPBTCOMM onConnectionStateChange
    DEBUG: : PUMPBTCOMM onServicesDiscovered
    DEBUG: : PUMPBTCOMM >>>>> ENCRYPTION__PUMP_CHECK (0x00) A5 A5 0C E4  F2 C8 AD BA  AD D5 C2 AD  D7 A6 D4 0C  C6 5A 5A 
    DEBUG: : PUMPBTCOMM <<<<< ENCRYPTION__PUMP_CHECK BLE5 (OK) 02 00 4F 4B  00 09 00 05  34 37 34 36  33 32 
    DEBUG: : PUMPBTCOMM >>>>> ENCRYPTION__TIME_INFORMATION BLE5 A5 A5 06 E4  F3 9D E8 E3  9B BA 53 5A  5A 
    DEBUG: : PUMPBTCOMM <<<<< ENCRYPTION__TIME_INFORMATION 02 01 00 
    DEBUG: : PUMPBTCOMM Connect !!
    DEBUG: : PUMPCOMM New message
    DEBUG: : PUMPBTCOMM >>>>> REVIEW__INITIAL_SCREEN_INFORMATION B2 02  
    DEBUG: : PUMPBTCOMM <<<<< REVIEW__INITIAL_SCREEN_INFORMATION B2 02 00 F4  01 C4 09 5C  44 4B 00 00  5F 00 00 00  00 00 00 
    DEBUG: : PUMPCOMM ErrorState: NONE
    DEBUG: : PUMPCOMM Pump suspended: false
    DEBUG: : PUMPCOMM Temp basal in progress: false
    DEBUG: : PUMPCOMM Extended in progress: false
    DEBUG: : PUMPCOMM Dual in progress: false
    DEBUG: : PUMPCOMM Daily units: 5.0
    DEBUG: : PUMPCOMM Max daily units: 25
    DEBUG: : PUMPCOMM Reservoir remaining units: 175.0
    DEBUG: : PUMPCOMM Battery: 95
    DEBUG: : PUMPCOMM Current basal: 0.75
    DEBUG: : PUMPCOMM Temp basal percent: 0
    DEBUG: : PUMPCOMM Extended absolute rate: 0.0
    DEBUG: : PUMPBTCOMM handleMessage done REVIEW__INITIAL_SCREEN_INFORMATION setting received on thread Test worker
    DEBUG: : PUMPBTCOMM notifyAll REVIEW__INITIAL_SCREEN_INFORMATION processedMessage===message: true
    DEBUG: : PUMPBTCOMM already received REVIEW__INITIAL_SCREEN_INFORMATION (no wait needed)

BLECommBLE5IntegrationTest > BLE5 handshake sets ignoreUserPassword() STARTED

BLECommBLE5IntegrationTest > BLE5 handshake sets ignoreUserPassword() STANDARD_OUT
    DEBUG: : PUMPBTCOMM Initializing BLEComm.
    DEBUG: : PUMPBTCOMM Trying to create a new connection from: test
    DEBUG: : PUMPBTCOMM onConnectionStateChange
    DEBUG: : PUMPBTCOMM onServicesDiscovered
    DEBUG: : PUMPBTCOMM >>>>> ENCRYPTION__PUMP_CHECK (0x00) A5 A5 0C E4  F2 C8 AD BA  AD D5 C2 AD  D7 A6 D4 0C  C6 5A 5A 
    DEBUG: : PUMPBTCOMM <<<<< ENCRYPTION__PUMP_CHECK BLE5 (OK) 02 00 4F 4B  00 09 00 05  34 37 34 36  33 32 
    DEBUG: : PUMPBTCOMM >>>>> ENCRYPTION__TIME_INFORMATION BLE5 A5 A5 06 E4  F3 9D E8 E3  9B BA 53 5A  5A 
    DEBUG: : PUMPBTCOMM <<<<< ENCRYPTION__TIME_INFORMATION 02 01 00 
    DEBUG: : PUMPBTCOMM Connect !!

PumpEmulatorTest > getProfileNumberReturnsActiveProfile() STARTED

PumpEmulatorTest > setProfileNumberUpdatesActiveProfile() STARTED

PumpEmulatorTest > cancelTemporaryBasalClearsState() STARTED

PumpEmulatorTest > getPumpCheckReturnsHwModel() STARTED

PumpEmulatorTest > cancelExtendedBolusClearsState() STARTED

PumpEmulatorTest > setStepBolusStartUpdatesDailyTotals() STARTED

PumpEmulatorTest > setExtendedBolusUpdatesState() STARTED

PumpEmulatorTest > initialScreenInformationReflectsState() STARTED

PumpEmulatorTest > keepConnectionReturnsOk() STARTED

PumpEmulatorTest > setProfileBasalRateUpdatesProfile() STARTED

PumpEmulatorTest > getShippingInformationReturnsSerialNumber() STARTED

PumpEmulatorTest > unknownCommandReturnsOk() STARTED

PumpEmulatorTest > apsSetTemporaryBasalUpdatesState() STARTED

PumpEmulatorTest > apsHistoryEventsReturnsDone() STARTED

PumpEmulatorTest > setTemporaryBasalUpdatesState() STARTED

PumpEmulatorTest > setUserOptionUpdatesState() STARTED

PumpEmulatorTest > getUserOptionReturnsSettings() STARTED

PumpEmulatorTest > getBasalRateReturnsProfileData() STARTED

EmulatorBleTransportTest > testSetTempBasalRoundTrip() STARTED

> Task :ui:compileFullDebugUnitTestJavaWithJavac NO-SOURCE

> Task :pump:danars:testFullDebugUnitTest

DanaRSPacketHistoryAlarmTest > runTest() STARTED

DanaRSPacketBasalSetTemporaryBasalTest > runTest() STARTED

DanaRsPacketApsBasalSetTemporaryBasalTest > runTest() STARTED

> Task :ui:processFullDebugUnitTestJavaRes
> Task :pump:medtronic:mergeFullDebugUnitTestAssets
> Task :pump:medtronic:packageFullDebugUnitTestForUnitTest
> Task :pump:medtronic:generateFullDebugUnitTestConfig

> Task :pump:danars-emulator:testFullDebugUnitTest

EmulatorBleTransportTest > testPumpCheckHandshake() STARTED

EmulatorBleTransportTest > testFullV1Handshake() STARTED

EmulatorBleTransportTest > testCommandRoundTrip() STARTED

> Task :pump:medtronic:processFullDebugUnitTestJavaRes
> Task :pump:diaconn:compileFullDebugUnitTestJavaWithJavac NO-SOURCE
> Task :pump:diaconn:processFullDebugUnitTestJavaRes

> Task :pump:insight:testFullDebugUnitTest

ByteBufTest > testPutReadShort() STARTED

ByteBufTest > testPutReadDecimal() STARTED

ByteBufTest > testPutReadUInt32LE() STARTED

ByteBufTest > testPutReadUInt() STARTED

ByteBufTest > testPutReadUTF16ASCII() STARTED

ByteBufTest > testLengthOnCreation() STARTED

ByteBufTest > testPutReadByteLE() STARTED

ByteBufTest > testPutGetBytes() STARTED

> Task :pump:equil:compileFullDebugUnitTestKotlin
w: file:///C:/Users/craig/StudioProjects/AndroidAPS/AndroidAPSApril26/pump/equil/src/test/kotlin/app/aaps/pump/equil/manager/EquilPacketCodecTest.kt:159:40 'val last: ByteBuffer!' is deprecated. This declaration will be renamed in a future version of Kotlin. Please consider using the 'last()' stdlib extension if the collection supports fast random access.
w: file:///C:/Users/craig/StudioProjects/AndroidAPS/AndroidAPSApril26/pump/equil/src/test/kotlin/app/aaps/pump/equil/manager/EquilPacketCodecTest.kt:164:45 'val first: ByteBuffer!' is deprecated. This declaration will be renamed in a future version of Kotlin. Please consider using the 'first()' stdlib extension if the collection supports fast random access.
w: file:///C:/Users/craig/StudioProjects/AndroidAPS/AndroidAPSApril26/pump/equil/src/test/kotlin/app/aaps/pump/equil/manager/command/BaseSettingTest.kt:239:39 'val last: ByteBuffer!' is deprecated. This declaration will be renamed in a future version of Kotlin. Please consider using the 'last()' stdlib extension if the collection supports fast random access.

> Task :pump:medtrum:processFullDebugUnitTestManifest

> Task :pump:danar:testFullDebugUnitTest

DanaRPluginTest > percentBasalRateShouldBeLimited() STANDARD_OUT
    DEBUG: : CORE Starting: null
    DEBUG: : CONSTRAINTS Setting because of smaller value 2147483647 -> 200 (Limiting max percent rate to 200% because of pump limit)[DanaR]
    DEBUG: : CONSTRAINTS Limiting original value: 2147483647 to 200. Reason: DanaR: Limiting max percent rate to 200% because of pump limit
    DEBUG: : CONSTRAINTS Limiting original value: 2147483647 to 200. Reason: DanaR: Limiting max percent rate to 200% because of pump limit

DanaRPluginTest > basalRateShouldBeLimited() STARTED

DanaRPluginTest > basalRateShouldBeLimited() STANDARD_OUT
    DEBUG: : CORE Starting: null
    DEBUG: : CONSTRAINTS Setting because of smaller value 1.7976931348623157E308 -> 0.8 (Limiting max basal rate to 0.80 U/h because of pump limit)[DanaR]
    DEBUG: : CONSTRAINTS Limiting original value: 1.7976931348623157E308 to 0.8. Reason: DanaR: Limiting max basal rate to 0.80 U/h because of pump limit
    DEBUG: : CONSTRAINTS Limiting original value: 1.7976931348623157E308 to 0.8. Reason: DanaR: Limiting max basal rate to 0.80 U/h because of pump limit

MsgBolusStartTest > runTest() STARTED

MsgBolusStartTest > runTest() STANDARD_OUT
    DEBUG: : PUMPBTCOMM Bolus start : 0.0
    DEBUG: : PUMPBTCOMM Messsage response: 1 ERROR!!
    DEBUG: : PUMPBTCOMM Messsage response: 2 OK

MsgHistoryAllDoneTest > runTest() STARTED

MsgHistoryAllDoneTest > runTest() STANDARD_OUT
    DEBUG: : PUMPCOMM New message
    DEBUG: : PUMPCOMM History all done received

MsgHistoryDoneTest > runTest() STARTED

MsgHistoryDoneTest > runTest() STANDARD_OUT
    DEBUG: : PUMPCOMM New message

MsgHistorySuspendTest > runTest() STARTED

MsgHistorySuspendTest > runTest() STANDARD_OUT
    DEBUG: : PUMPCOMM New message
    DEBUG: : PUMPCOMM New message

MsgPCCommStopTest > runTest() STARTED

MsgPCCommStopTest > runTest() STANDARD_OUT
    DEBUG: : PUMPCOMM New message
    DEBUG: : PUMPCOMM PC comm stop received

MsgSetSingleBasalProfileTest > runTest() STARTED

MsgSetSingleBasalProfileTest > runTest() STANDARD_OUT
    DEBUG: : PUMPCOMM New message
    DEBUG: : PUMPCOMM Set basal profile result: 7 ERROR!!!

MsgSettingBasalTest > runTest() STARTED

MsgSettingBasalTest > runTest() STANDARD_OUT
    DEBUG: : PUMPCOMM New message
    DEBUG: : PUMPCOMM Basal 00h: 2.57
    DEBUG: : PUMPCOMM Basal 01h: 2.57
    DEBUG: : PUMPCOMM Basal 02h: 2.57
    DEBUG: : PUMPCOMM Basal 03h: 2.57
    DEBUG: : PUMPCOMM Basal 04h: 2.57
    DEBUG: : PUMPCOMM Basal 05h: 2.57
    DEBUG: : PUMPCOMM Basal 06h: 2.57
    DEBUG: : PUMPCOMM Basal 07h: 2.57
    DEBUG: : PUMPCOMM Basal 08h: 2.57
    DEBUG: : PUMPCOMM Basal 09h: 2.57
    DEBUG: : PUMPCOMM Basal 10h: 2.57
    DEBUG: : PUMPCOMM Basal 11h: 2.57
    DEBUG: : PUMPCOMM Basal 12h: 2.57
    DEBUG: : PUMPCOMM Basal 13h: 2.57
    DEBUG: : PUMPCOMM Basal 14h: 2.57
    DEBUG: : PUMPCOMM Basal 15h: 2.57
    DEBUG: : PUMPCOMM Basal 16h: 2.57
    DEBUG: : PUMPCOMM Basal 17h: 2.57
    DEBUG: : PUMPCOMM Basal 18h: 2.57
    DEBUG: : PUMPCOMM Basal 19h: 2.57
    DEBUG: : PUMPCOMM Basal 20h: 2.57
    DEBUG: : PUMPCOMM Basal 21h: 2.57
    DEBUG: : PUMPCOMM Basal 22h: 2.57
    DEBUG: : PUMPCOMM Basal 23h: 2.57

MsgSettingPumpTimeTest > runTest() STARTED

MsgSettingPumpTimeTest > runTest() STANDARD_OUT
    DEBUG: : PUMPCOMM New message
    DEBUG: : PUMPCOMM Pump time: 7/7/07 07:07 AM Phone time: Sat May 09 11:57:37 BOT 2026

MsgStatusTempBasalTest > runTest() STARTED

MsgStatusTempBasalTest > runTest() STANDARD_OUT
    DEBUG: : PUMPCOMM New message
    DEBUG: : PUMPCOMM New temp basal detected
    DEBUG: : PUMPCOMM Is temp basal running: true
    DEBUG: : PUMPCOMM Is APS temp basal running: false
    DEBUG: : PUMPCOMM Current temp basal percent: 1
    DEBUG: : PUMPCOMM Current temp basal remaining min: -1036
    DEBUG: : PUMPCOMM Current temp basal total min: 60
    DEBUG: : PUMPCOMM Current temp basal start: 6/26/22 09:23 PM
    DEBUG: : PUMPCOMM Temp basal stopped. Previous state: false
    DEBUG: : PUMPCOMM Is temp basal running: false
    DEBUG: : PUMPCOMM Is APS temp basal running: true
    DEBUG: : PUMPCOMM Current temp basal percent: 2
    DEBUG: : PUMPCOMM Current temp basal remaining min: -2073
    DEBUG: : PUMPCOMM Current temp basal total min: 120
    DEBUG: : PUMPCOMM Current temp basal start: 

DanaRKoreanPluginTest > percentBasalRateShouldBeLimited() STARTED

DanaRKoreanPluginTest > percentBasalRateShouldBeLimited() STANDARD_OUT
    DEBUG: : CORE Starting: null
    DEBUG: : CONSTRAINTS Setting because of smaller value 2147483647 -> 200 (Limiting max percent rate to 200% because of pump limit)[DanaRKorean]
    DEBUG: : CONSTRAINTS Limiting original value: 2147483647 to 200. Reason: DanaRKorean: Limiting max percent rate to 200% because of pump limit
    DEBUG: : CONSTRAINTS Limiting original value: 2147483647 to 200. Reason: DanaRKorean: Limiting max percent rate to 200% because of pump limit

DanaRKoreanPluginTest > basalRateShouldBeLimited() STARTED

DanaRKoreanPluginTest > basalRateShouldBeLimited() STANDARD_OUT
    DEBUG: : CORE Starting: null
    DEBUG: : CONSTRAINTS Setting because of smaller value 1.7976931348623157E308 -> 0.8 (Limiting max basal rate to 0.80 U/h because of pump limit)[DanaRKorean]
    DEBUG: : CONSTRAINTS Limiting original value: 1.7976931348623157E308 to 0.8. Reason: DanaRKorean: Limiting max basal rate to 0.80 U/h because of pump limit
    DEBUG: : CONSTRAINTS Limiting original value: 1.7976931348623157E308 to 0.8. Reason: DanaRKorean: Limiting max basal rate to 0.80 U/h because of pump limit

MsgHistoryEventsRv2Test > runTest() STARTED

MsgHistoryEventsRv2Test > runTest() STANDARD_OUT
    DEBUG: : PUMPCOMM Loading event history from: 
    DEBUG: : PUMPCOMM Last record received

> Task :pump:danars:testFullDebugUnitTest

DanaRSPacketHistoryAlarmTest > runTest() STANDARD_OUT
    DEBUG: : PUMPCOMM New message
    DEBUG: : PUMPCOMM Loading event history from: 1/1/00 12:00 AM
    DEBUG: : PUMPCOMM History packet: 10 Date: 2/4/19 08:11 PM Code: 79 Value: 356
    DEBUG: : EVENTS Sending EventDanaRSyncStatus[message=2/4/19 08:11 PM alarm]

DanaRsPacketApsSetEventHistoryTest > runTest() STARTED

DanaRsPacketApsSetEventHistoryTest > runTest() STANDARD_OUT
    DEBUG: : PUMPCOMM Set history entry:  type: 0 param1: 0 param2: 0
    DEBUG: : PUMPCOMM Set history entry:  type: 0 param1: 0 param2: 0
    DEBUG: : PUMPCOMM Set history entry:  type: 0 param1: 0 param2: 0
    DEBUG: : PUMPCOMM Set history entry:  type: 0 param1: 0 param2: 0
    DEBUG: : PUMPCOMM Set history entry result: OK
    ERROR: PUMPCOMM Set history entry result: 1 ERROR!!!

DanaRsPacketBolusGetBolusOptionTest > runTest() STARTED

DanaRsPacketBolusGetBolusOptionTest > runTest() STANDARD_OUT
    DEBUG: : PUMPCOMM New message
    DEBUG: : PUMPCOMM Extended bolus enabled: true
    DEBUG: : PUMPCOMM Missed bolus config: 1
    DEBUG: : PUMPCOMM missedBolus01StartHour: 1
    DEBUG: : PUMPCOMM missedBolus01StartMin: 1
    DEBUG: : PUMPCOMM missedBolus01EndHour: 1
    DEBUG: : PUMPCOMM missedBolus01EndMin: 1
    DEBUG: : PUMPCOMM missedBolus02StartHour: 1
    DEBUG: : PUMPCOMM missedBolus02StartMin: 1
    DEBUG: : PUMPCOMM missedBolus02EndHour: 1
    DEBUG: : PUMPCOMM missedBolus02EndMin: 1
    DEBUG: : PUMPCOMM missedBolus03StartHour: 1
    DEBUG: : PUMPCOMM missedBolus03StartMin: 1
    DEBUG: : PUMPCOMM missedBolus03EndHour: 1
    DEBUG: : PUMPCOMM missedBolus03EndMin: 1
    DEBUG: : PUMPCOMM missedBolus04StartHour: 1
    DEBUG: : PUMPCOMM missedBolus04StartMin: 1
    DEBUG: : PUMPCOMM missedBolus04EndHour: 1
    DEBUG: : PUMPCOMM missedBolus04EndMin: 1
    DEBUG: : PUMPCOMM Extended bolus enabled: false
    DEBUG: : PUMPCOMM Missed bolus config: 0
    DEBUG: : PUMPCOMM missedBolus01StartHour: 0
    DEBUG: : PUMPCOMM missedBolus01StartMin: 0
    DEBUG: : PUMPCOMM missedBolus01EndHour: 0
    DEBUG: : PUMPCOMM missedBolus01EndMin: 0
    DEBUG: : PUMPCOMM missedBolus02StartHour: 0
    DEBUG: : PUMPCOMM missedBolus02StartMin: 0
    DEBUG: : PUMPCOMM missedBolus02EndHour: 0
    DEBUG: : PUMPCOMM missedBolus02EndMin: 0
    DEBUG: : PUMPCOMM missedBolus03StartHour: 0
    DEBUG: : PUMPCOMM missedBolus03StartMin: 0
    DEBUG: : PUMPCOMM missedBolus03EndHour: 0
    DEBUG: : PUMPCOMM missedBolus03EndMin: 0
    DEBUG: : PUMPCOMM missedBolus04StartHour: 0
    DEBUG: : PUMPCOMM missedBolus04StartMin: 0
    DEBUG: : PUMPCOMM missedBolus04EndHour: 0
    DEBUG: : PUMPCOMM missedBolus04EndMin: 0

DanaRsPacketBolusSetStepBolusStartTest > runTest() STARTED

DanaRsPacketBolusSetStepBolusStartTest > runTest() STANDARD_OUT
    DEBUG: : PUMPCOMM Result OK
    ERROR: Result Error: 1

DanaRsPacketGeneralSetHistoryUploadModeTest > runTest() STARTED

DanaRsPacketGeneralSetHistoryUploadModeTest > runTest() STANDARD_OUT
    DEBUG: : PUMPCOMM New message: mode: 0
    DEBUG: : PUMPCOMM Result OK
    ERROR: Result Error: 1

DanaRsPacketHistoryPrimeTest > runTest() STARTED

DanaRsPacketHistoryPrimeTest > runTest() STANDARD_OUT
    DEBUG: : PUMPCOMM New message
    DEBUG: : PUMPCOMM Loading event history from: 5/9/26 11:57 AM

DanaRsPacketOptionGetPumpTimeTest > runTest() STARTED

DanaRsPacketOptionGetPumpTimeTest > runTest() STANDARD_OUT
    DEBUG: : PUMPCOMM Requesting pump time
    DEBUG: : PUMPCOMM Pump time 2/4/19 08:11:35 PM

DanaRSPacketBasalSetTemporaryBasalTest > runTest() STANDARD_OUT
    DEBUG: : PUMPCOMM Setting temporary basal of 0% for 0 hours
    DEBUG: : PUMPCOMM Result OK
    ERROR: Result Error: 1

DanaRsPacketApsHistoryEventsTest > runTest() STARTED

DanaRsPacketApsHistoryEventsTest > runTest() STANDARD_OUT
    DEBUG: : PUMPCOMM Loading event history from: 6/27/22 03:40 PM

DanaRsPacketBasalSetProfileNumberTest > runTest() STARTED

DanaRsPacketBasalSetProfileNumberTest > runTest() STANDARD_OUT
    DEBUG: : PUMPCOMM Setting profile number 0
    DEBUG: : PUMPCOMM Result OK
    ERROR: Result Error: 1

DanaRsPacketBolusSetExtendedBolusTest > runTest() STARTED

DanaRsPacketBolusSetExtendedBolusTest > runTest() STANDARD_OUT
    DEBUG: : PUMPCOMM Extended bolus start : 0.0 U half-hours: 0
    DEBUG: : PUMPCOMM Result OK
    ERROR: Result Error: 1

DanaRsPacketGeneralInitialScreenInformationTest > runTest() STARTED

DanaRsPacketGeneralInitialScreenInformationTest > runTest() STANDARD_OUT
    DEBUG: : PUMPCOMM New message
    DEBUG: : PUMPCOMM New message
    DEBUG: : PUMPCOMM Pump suspended: true
    DEBUG: : PUMPCOMM Temp basal in progress: false
    DEBUG: : PUMPCOMM Extended in progress: false
    DEBUG: : PUMPCOMM Dual in progress: false
    DEBUG: : PUMPCOMM Daily units: 2.57
    DEBUG: : PUMPCOMM Max daily units: 2
    DEBUG: : PUMPCOMM Reservoir remaining units: 2.57
    DEBUG: : PUMPCOMM Battery: 1
    DEBUG: : PUMPCOMM Current basal: 2.57
    DEBUG: : PUMPCOMM Temp basal percent: 1
    DEBUG: : PUMPCOMM Extended absolute rate: 2.57

DanaRsPacketHistoryDailyTest > runTest() STARTED

DanaRsPacketHistoryDailyTest > runTest() STANDARD_OUT
    DEBUG: : PUMPCOMM New message
    DEBUG: : PUMPCOMM Loading event history from: 5/9/26 11:57 AM

DanaRsPacketNotifyMissedBolusAlarmTest > runTest() STARTED

DanaRsPacketNotifyMissedBolusAlarmTest > runTest() STANDARD_OUT
    DEBUG: : PUMPCOMM New message
    DEBUG: : PUMPCOMM Start hour: 0
    DEBUG: : PUMPCOMM Start min: 0
    DEBUG: : PUMPCOMM End hour: 0
    DEBUG: : PUMPCOMM End min: 0
    DEBUG: : PUMPCOMM Start hour: 1
    DEBUG: : PUMPCOMM Start min: 1
    DEBUG: : PUMPCOMM End hour: 1
    DEBUG: : PUMPCOMM End min: 1

DanaRSServiceTest > testTempBasalShortDuration_invalidDuration() STARTED

DanaRSServiceTest > testTempBasalShortDuration_invalidDuration() STANDARD_OUT
    ERROR: PUMPCOMM Wrong duration param

DanaRSServiceTest > testHighTempBasal() STARTED

DanaRSServiceTest > testIsConnecting() STARTED

DanaRsPacketApsBasalSetTemporaryBasalTest > runTest() STANDARD_OUT
    DEBUG: : PUMPCOMM New message: APS Temp basal start
    DEBUG: : PUMPCOMM APS Temp basal start percent: 0 duration 30 min
    DEBUG: : PUMPCOMM New message: APS Temp basal start
    DEBUG: : PUMPCOMM APS Temp basal start percent: 10 duration 30 min
    DEBUG: : PUMPCOMM New message: APS Temp basal start
    DEBUG: : PUMPCOMM APS Temp basal start percent: 150 duration 15 min
    DEBUG: : PUMPCOMM New message: APS Temp basal start
    DEBUG: : PUMPCOMM APS Temp basal start percent: 0 duration 30 min
    DEBUG: : PUMPCOMM New message: APS Temp basal start
    DEBUG: : PUMPCOMM APS Temp basal start percent: 500 duration 15 min
    DEBUG: : PUMPCOMM New message: APS Temp basal start
    DEBUG: : PUMPCOMM APS Temp basal start percent: 260 duration 15 min
    DEBUG: : PUMPCOMM Set APS temp basal start result: 0
    DEBUG: : PUMPCOMM Set APS temp basal start result: 1 ERROR!!!

DanaRSServiceTest > testLoadHistory_notConnected() STARTED

DanaRSServiceTest > testSetUserSettings() STARTED

DanaRSServiceTest > testExtendedBolusStop_notConnected() STARTED

DanaRSServiceTest > testTempBasal_notConnected() STARTED

DanaRsPacketBasalSetProfileBasalRateTest > runTest() STARTED

DanaRsPacketBasalSetProfileBasalRateTest > runTest() STANDARD_OUT
    DEBUG: : PUMPCOMM Setting new basal rates for profile 0
    DEBUG: : PUMPCOMM Result OK
    ERROR: Result Error: 1

DanaRsPacketBolusSetExtendedBolusCancelTest > runTest() STARTED

DanaRsPacketBolusSetExtendedBolusCancelTest > runTest() STANDARD_OUT
    DEBUG: : PUMPCOMM Cancel extended bolus
    DEBUG: : PUMPCOMM Result OK
    ERROR: Result Error: 1

DanaRSServiceTest > testExtendedBolus_notConnected() STARTED

DanaRsPacketGeneralGetShippingInformationTest > runTest() STARTED

DanaRsPacketGeneralGetShippingInformationTest > runTest() STANDARD_OUT
    DEBUG: : PUMPCOMM New message
    DEBUG: : PUMPCOMM New message

DanaRSServiceTest > testLoadHistory_allTypes() STARTED

DanaRSServiceTest > testBolus_notConnected() STARTED

DanaRSServiceTest > testDisconnect() STARTED

DanaRSServiceTest > testTempBasalShortDuration_validDuration15() STARTED

DanaRSServiceTest > testTempBasalShortDuration_validDuration30() STARTED

DanaRSServiceTest > testIsConnected() STARTED

DanaRSServiceTest > testStopConnecting() STARTED

DanaRSServiceTest > testBolusStop() STARTED

DanaRSServiceTest > testBolusStop() STANDARD_OUT
    DEBUG: : PUMPCOMM bolusStop >>>>> @0.0

DanaRSServiceTest > testLoadEvents_notInitialized() STARTED

DanaRSServiceTest > testConnect() STARTED

DanaRSServiceTest > testTempBasalStop_notConnected() STARTED

DanaRSServiceTest > testUpdateBasalsInPump_notConnected() STARTED

DanaRsPacketHistoryCarbohydrateTest > runTest() STARTED

DanaRsPacketHistoryCarbohydrateTest > runTest() STANDARD_OUT
    DEBUG: : PUMPCOMM New message
    DEBUG: : PUMPCOMM Loading event history from: 5/9/26 11:57 AM

DanaRsPacketNotifyDeliveryRateDisplayTest > runTest() STARTED

DanaRsPacketNotifyDeliveryRateDisplayTest > runTest() STANDARD_OUT
    DEBUG: : PUMPCOMM Delivered insulin so far: 0.0
    DEBUG: : PUMPCOMM Delivered insulin so far: 2.57

BLECommTest > testSendMessage_notConnected() STARTED

BLECommTest > testSendMessage_notConnected() STANDARD_OUT
    DEBUG: : PUMPBTCOMM >>>>> IGNORING (NOT CONNECTED) TestPacket 00 00  null

BLECommTest > testConnect_nullAddress() STARTED

BLECommTest > testConnect_nullAddress() STANDARD_OUT
    DEBUG: : PUMPBTCOMM Initializing BLEComm.
    ERROR: PUMPBTCOMM unspecified address.

BLECommTest > testDisconnect() STARTED

BLECommTest > testDisconnect() STANDARD_OUT
    DEBUG: : PUMPBTCOMM disconnect from: test

BLECommTest > testConnect_deviceNotFound() STARTED

BLECommTest > testConnect_deviceNotFound() STANDARD_OUT
    DEBUG: : PUMPBTCOMM Initializing BLEComm.
    ERROR: PUMPBTCOMM Device not found.  Unable to connect from: test

BLECommTest > testStopConnecting() STARTED

BLECommTest > testInitialState() STARTED

BLECommTest > testConnect_deviceNotBonded() STARTED

BLECommTest > testConnect_deviceNotBonded() STANDARD_OUT
    DEBUG: : PUMPBTCOMM Initializing BLEComm.
    DEBUG: : PUMPBTCOMM Bond requested, will retry after bonding completes from: test

BLECommTest > testIsConnecting_initiallyFalse() STARTED

BLECommTest > testIsConnected_initiallyFalse() STARTED

> Task :ui:testFullDebugUnitTest

DefaultProfileTest > profile() STARTED

> Task :pump:medtronic:testFullDebugUnitTest

MedtronicHistoryDataUTest > test_1724() STARTED

PumpHistoryEntryUTest > decodeBgReceived() STARTED

> Task :pump:diaconn:testFullDebugUnitTest
> Task :pump:eopatch:processFullDebugUnitTestJavaRes
> Task :pump:eopatch:compileFullDebugUnitTestJavaWithJavac NO-SOURCE
> Task :pump:eopatch:hiltSyncFullDebugUnitTest
> Task :plugins:sync:compileFullDebugUnitTestKotlin
> Task :pump:equil:processFullDebugUnitTestJavaRes

> Task :pump:medtronic:testFullDebugUnitTest

MedtronicConverterUTest > test decodeModel with valid 523 pump() STARTED

MedtronicHistoryDataUTest > processBgReceived_WithMgdl() STARTED

MedtronicHistoryDataUTest > test_1724() STANDARD_OUT
    DEBUG: : PUMPBTCOMM CRC ok.
    INFO: PUMPCOMM STATISTICS OF PUMP DECODE
    INFO: PUMPCOMM     OK             - 7
    PumpHistoryEntries: 83
    PumpHistoryEntries: after: 52
    PumpHistoryEntry [type=TempBasalCombined    18.05.2022 01:15:43, TempBasalPair [Rate=1.05, DurationMinutes=30, IsPercent=false]
    PumpHistoryEntry [type=BasalProfileStart    18.05.2022 01:14:57, data={Value=0.750}
    PumpHistoryEntry [type=TempBasalCombined    18.05.2022 01:14:57, TempBasalPair [Rate=0.0, DurationMinutes=0, IsPercent=false]
    PumpHistoryEntry [type=Prime                18.05.2022 01:13:46, data={Amount=0.3, FixedAmount=0.3}
    PumpHistoryEntry [type=Prime                18.05.2022 01:02:52, data={Amount=15.6, FixedAmount=0.0}
    PumpHistoryEntry [type=Rewind               18.05.2022 00:57:38, head=00, datetime=66 79 00 12 16, rawData=21 00 66 79 00 12 16]
    PumpHistoryEntry [type=TempBasalCombined    18.05.2022 00:56:28, TempBasalPair [Rate=0.0, DurationMinutes=60, IsPercent=false]
    PumpHistoryEntry [type=BasalProfileStart    18.05.2022 00:56:25, data={Value=0.750}
    PumpHistoryEntry [type=TempBasalCombined    18.05.2022 00:56:24, TempBasalPair [Rate=0.0, DurationMinutes=0, IsPercent=false]
    PumpHistoryEntry [type=TempBasalCombined    18.05.2022 00:55:48, TempBasalPair [Rate=0.45, DurationMinutes=30, IsPercent=false]
    PumpHistoryEntry [type=BasalProfileStart    18.05.2022 00:55:45, data={Value=0.750}
    PumpHistoryEntry [type=TempBasalCombined    18.05.2022 00:55:45, TempBasalPair [Rate=0.0, DurationMinutes=0, IsPercent=false]
    PumpHistoryEntry [type=TempBasalCombined    18.05.2022 00:36:07, TempBasalPair [Rate=0.8, DurationMinutes=30, IsPercent=false]
    PumpHistoryEntry [type=BasalProfileStart    18.05.2022 00:06:07, data={Value=0.750}
    PumpHistoryEntry [type=TempBasalCombined    18.05.2022 00:06:06, TempBasalPair [Rate=0.0, DurationMinutes=0, IsPercent=false]
    PumpHistoryEntry [type=DailyTotals523       17.05.2022 23:59:59, app.aaps.pump.medtronic.data.dto.DailyTotalsDTO@7da298aa[bgAvg=<null>,bgLow=<null>,bgHigh=<null>,bgCount=<null>,sensorAvg=<null>,sensorMin=<null>,sensorMax=<null>,sensorCalcCount=<null>,sensorDataCount=<null>,insulinTotal=27.55,insulinBasal=23.25,insulinBolus=4.3,insulinCarbs=0.0,bolusTotal=<null>,bolusFood=0.0,bolusFoodAndCorr=0.0,bolusCorrection=0.0,bolusManual=4.3,bolusCount=<null>,bolusCountFoodOrCorr=<null>,bolusCountFoodAndCorr=0,bolusCountManual=36,bolusCountFood=0,bolusCountCorr=0,entry=PumpHistoryEntry [type=DailyTotals523       [110, 0x6E], DT: 17.05.2022 23:59:59, length=1,2,49(52), datetime=51 96, body=05 00 00 00 00 00 00 00 04 4E 03 A2 54 00 AC 10 00 00 00 00 00 00 00 00 00 AC 00 00 00 24 00 00 00 00 00 00 00 00 00 00 00 00 00 00 00 00 00 00 00, rawData=6E 51 96 05 00 00 00 00 00 00 00 04 4E 03 A2 54 00 AC 10 00 00 00 00 00 00 00 00 00 AC 00 00 00 24 00 00 00 00 00 00 00 00 00 00 00 00 00 00 00 00 00 00 00]]
    PumpHistoryEntry [type=EndResultTotals      17.05.2022 23:59:59, app.aaps.pump.medtronic.data.dto.DailyTotalsDTO@6991f512[bgAvg=<null>,bgLow=<null>,bgHigh=<null>,bgCount=<null>,sensorAvg=<null>,sensorMin=<null>,sensorMax=<null>,sensorCalcCount=<null>,sensorDataCount=<null>,insulinTotal=27.55,insulinBasal=0.0,insulinBolus=0.0,insulinCarbs=<null>,bolusTotal=<null>,bolusFood=<null>,bolusFoodAndCorr=<null>,bolusCorrection=<null>,bolusManual=<null>,bolusCount=<null>,bolusCountFoodOrCorr=<null>,bolusCountFoodAndCorr=<null>,bolusCountManual=<null>,bolusCountFood=<null>,bolusCountCorr=<null>,entry=PumpHistoryEntry [type=EndResultTotals      [7  , 0x07], DT: 17.05.2022 23:59:59, length=5,2,3(10), head=00 00 04 4E, datetime=51 96, body=00 00 00, rawData=07 00 00 04 4E 51 96 00 00 00]]
    PumpHistoryEntry [type=TempBasalCombined    17.05.2022 23:56:20, TempBasalPair [Rate=0.45, DurationMinutes=30, IsPercent=false]
    PumpHistoryEntry [type=BasalProfileStart    17.05.2022 23:56:18, data={Value=0.750}
    PumpHistoryEntry [type=TempBasalCombined    17.05.2022 23:56:17, TempBasalPair [Rate=0.0, DurationMinutes=0, IsPercent=false]
    PumpHistoryEntry [type=TempBasalCombined    17.05.2022 23:50:48, TempBasalPair [Rate=0.7000000000000001, DurationMinutes=30, IsPercent=false]
    PumpHistoryEntry [type=BasalProfileStart    17.05.2022 23:35:50, data={Value=0.750}
    PumpHistoryEntry [type=TempBasalCombined    17.05.2022 23:35:50, TempBasalPair [Rate=0.0, DurationMinutes=0, IsPercent=false]
    PumpHistoryEntry [type=TempBasalCombined    17.05.2022 23:30:50, TempBasalPair [Rate=0.30000000000000004, DurationMinutes=30, IsPercent=false]
    PumpHistoryEntry [type=BasalProfileStart    17.05.2022 23:30:48, data={Value=0.750}
    PumpHistoryEntry [type=TempBasalCombined    17.05.2022 23:30:48, TempBasalPair [Rate=0.0, DurationMinutes=0, IsPercent=false]
    PumpHistoryEntry [type=TempBasalCombined    17.05.2022 23:25:48, TempBasalPair [Rate=0.6000000000000001, DurationMinutes=30, IsPercent=false]
    PumpHistoryEntry [type=BasalProfileStart    17.05.2022 23:25:46, data={Value=0.750}
    PumpHistoryEntry [type=TempBasalCombined    17.05.2022 23:25:46, TempBasalPair [Rate=0.0, DurationMinutes=0, IsPercent=false]
    PumpHistoryEntry [type=TempBasalCombined    17.05.2022 23:10:50, TempBasalPair [Rate=2.2, DurationMinutes=30, IsPercent=false]
    PumpHistoryEntry [type=BasalProfileStart    17.05.2022 23:10:48, data={Value=0.750}
    PumpHistoryEntry [type=TempBasalCombined    17.05.2022 23:10:48, TempBasalPair [Rate=0.0, DurationMinutes=0, IsPercent=false]
    PumpHistoryEntry [type=TempBasalCombined    17.05.2022 23:06:25, TempBasalPair [Rate=1.3, DurationMinutes=30, IsPercent=false]
    PumpHistoryEntry [type=BasalProfileStart    17.05.2022 23:06:22, data={Value=0.750}
    PumpHistoryEntry [type=TempBasalCombined    17.05.2022 23:06:22, TempBasalPair [Rate=0.0, DurationMinutes=0, IsPercent=false]
    PumpHistoryEntry [type=TempBasalCombined    17.05.2022 23:01:17, TempBasalPair [Rate=1.0, DurationMinutes=30, IsPercent=false]
    PumpHistoryEntry [type=BasalProfileStart    17.05.2022 23:00:00, data={Value=0.750}
    PumpHistoryEntry [type=BasalProfileStart    17.05.2022 22:50:55, data={Value=0.750}
    PumpHistoryEntry [type=TempBasalCombined    17.05.2022 22:50:55, TempBasalPair [Rate=0.0, DurationMinutes=0, IsPercent=false]
    PumpHistoryEntry [type=TempBasalCombined    17.05.2022 22:45:54, TempBasalPair [Rate=0.5, DurationMinutes=30, IsPercent=false]
    PumpHistoryEntry [type=BasalProfileStart    17.05.2022 22:45:52, data={Value=0.750}
    PumpHistoryEntry [type=TempBasalCombined    17.05.2022 22:45:52, TempBasalPair [Rate=0.0, DurationMinutes=0, IsPercent=false]
    PumpHistoryEntry [type=TempBasalCombined    17.05.2022 22:30:51, TempBasalPair [Rate=1.6, DurationMinutes=30, IsPercent=false]
    PumpHistoryEntry [type=BasalProfileStart    17.05.2022 22:30:49, data={Value=0.750}
    PumpHistoryEntry [type=TempBasalCombined    17.05.2022 22:30:49, TempBasalPair [Rate=0.0, DurationMinutes=0, IsPercent=false]
    PumpHistoryEntry [type=TempBasalCombined    17.05.2022 22:05:48, TempBasalPair [Rate=1.4500000000000002, DurationMinutes=30, IsPercent=false]
    PumpHistoryEntry [type=BasalProfileStart    17.05.2022 22:05:46, data={Value=0.750}
    PumpHistoryEntry [type=TempBasalCombined    17.05.2022 22:05:46, TempBasalPair [Rate=0.0, DurationMinutes=0, IsPercent=false]
    PumpHistoryEntry [type=TempBasalCombined    17.05.2022 22:00:49, TempBasalPair [Rate=1.2000000000000002, DurationMinutes=30, IsPercent=false]
    PumpHistoryEntry [type=BasalProfileStart    17.05.2022 22:00:47, data={Value=0.750}
    PumpHistoryEntry [type=TempBasalCombined    17.05.2022 22:00:47, TempBasalPair [Rate=0.0, DurationMinutes=0, IsPercent=false]
    PumpHistoryEntry [type=TempBasalCombined    17.05.2022 21:56:19, TempBasalPair [Rate=0.8, DurationMinutes=30, IsPercent=false]
    PumpHistoryEntries: after: 52
    PumpHistoryEntries: getFilteredItems: 31
    DEBUG: : PUMP TBR  List (before filter): [{"entryType":"TempBasalCombined","dt":"17.05.2022 21:56:19","atechDateTime":20220517215619,"decodedData":{"Object":{"insulinRate":0.8,"isPercent":false,"durationMinutes":30}}},{"entryType":"TempBasalCombined","dt":"17.05.2022 22:00:47","atechDateTime":20220517220047,"decodedData":{"Object":{"insulinRate":0.0,"isPercent":false,"durationMinutes":0}}},{"entryType":"TempBasalCombined","dt":"17.05.2022 22:00:49","atechDateTime":20220517220049,"decodedData":{"Object":{"insulinRate":1.2000000000000002,"isPercent":false,"durationMinutes":30}}},{"entryType":"TempBasalCombined","dt":"17.05.2022 22:05:46","atechDateTime":20220517220546,"decodedData":{"Object":{"insulinRate":0.0,"isPercent":false,"durationMinutes":0}}},{"entryType":"TempBasalCombined","dt":"17.05.2022 22:05:48","atechDateTime":20220517220548,"decodedData":{"Object":{"insulinRate":1.4500000000000002,"isPercent":false,"durationMinutes":30}}},{"entryType":"TempBasalCombined","dt":"17.05.2022 22:30:49","atechDateTime":20220517223049,"decodedData":{"Object":{"insulinRate":0.0,"isPercent":false,"durationMinutes":0}}},{"entryType":"TempBasalCombined","dt":"17.05.2022 22:30:51","atechDateTime":20220517223051,"decodedData":{"Object":{"insulinRate":1.6,"isPercent":false,"durationMinutes":30}}},{"entryType":"TempBasalCombined","dt":"17.05.2022 22:45:52","atechDateTime":20220517224552,"decodedData":{"Object":{"insulinRate":0.0,"isPercent":false,"durationMinutes":0}}},{"entryType":"TempBasalCombined","dt":"17.05.2022 22:45:54","atechDateTime":20220517224554,"decodedData":{"Object":{"insulinRate":0.5,"isPercent":false,"durationMinutes":30}}},{"entryType":"TempBasalCombined","dt":"17.05.2022 22:50:55","atechDateTime":20220517225055,"decodedData":{"Object":{"insulinRate":0.0,"isPercent":false,"durationMinutes":0}}},{"entryType":"TempBasalCombined","dt":"17.05.2022 23:01:17","atechDateTime":20220517230117,"decodedData":{"Object":{"insulinRate":1.0,"isPercent":false,"durationMinutes":30}}},{"entryType":"TempBasalCombined","dt":"17.05.2022 23:06:22","atechDateTime":20220517230622,"decodedData":{"Object":{"insulinRate":0.0,"isPercent":false,"durationMinutes":0}}},{"entryType":"TempBasalCombined","dt":"17.05.2022 23:06:25","atechDateTime":20220517230625,"decodedData":{"Object":{"insulinRate":1.3,"isPercent":false,"durationMinutes":30}}},{"entryType":"TempBasalCombined","dt":"17.05.2022 23:10:48","atechDateTime":20220517231048,"decodedData":{"Object":{"insulinRate":0.0,"isPercent":false,"durationMinutes":0}}},{"entryType":"TempBasalCombined","dt":"17.05.2022 23:10:50","atechDateTime":20220517231050,"decodedData":{"Object":{"insulinRate":2.2,"isPercent":false,"durationMinutes":30}}},{"entryType":"TempBasalCombined","dt":"17.05.2022 23:25:46","atechDateTime":20220517232546,"decodedData":{"Object":{"insulinRate":0.0,"isPercent":false,"durationMinutes":0}}},{"entryType":"TempBasalCombined","dt":"17.05.2022 23:25:48","atechDateTime":20220517232548,"decodedData":{"Object":{"insulinRate":0.6000000000000001,"isPercent":false,"durationMinutes":30}}},{"entryType":"TempBasalCombined","dt":"17.05.2022 23:30:48","atechDateTime":20220517233048,"decodedData":{"Object":{"insulinRate":0.0,"isPercent":false,"durationMinutes":0}}},{"entryType":"TempBasalCombined","dt":"17.05.2022 23:30:50","atechDateTime":20220517233050,"decodedData":{"Object":{"insulinRate":0.30000000000000004,"isPercent":false,"durationMinutes":30}}},{"entryType":"TempBasalCombined","dt":"17.05.2022 23:35:50","atechDateTime":20220517233550,"decodedData":{"Object":{"insulinRate":0.0,"isPercent":false,"durationMinutes":0}}},{"entryType":"TempBasalCombined","dt":"17.05.2022 23:50:48","atechDateTime":20220517235048,"decodedData":{"Object":{"insulinRate":0.7000000000000001,"isPercent":false,"durationMinutes":30}}},{"entryType":"TempBasalCombined","dt":"17.05.2022 23:56:17","atechDateTime":20220517235617,"decodedData":{"Object":{"insulinRate":0.0,"isPercent":false,"durationMinutes":0}}},{"entryType":"TempBasalCombined","dt":"17.05.2022 23:56:20","atechDateTime":20220517235620,"decodedData":{"Object":{"insulinRate":0.45,"isPercent":false,"durationMinutes":30}}},{"entryType":"TempBasalCombined","dt":"18.05.2022 00:06:06","atechDateTime":20220518000606,"decodedData":{"Object":{"insulinRate":0.0,"isPercent":false,"durationMinutes":0}}},{"entryType":"TempBasalCombined","dt":"18.05.2022 00:36:07","atechDateTime":20220518003607,"decodedData":{"Object":{"insulinRate":0.8,"isPercent":false,"durationMinutes":30}}},{"entryType":"TempBasalCombined","dt":"18.05.2022 00:55:45","atechDateTime":20220518005545,"decodedData":{"Object":{"insulinRate":0.0,"isPercent":false,"durationMinutes":0}}},{"entryType":"TempBasalCombined","dt":"18.05.2022 00:55:48","atechDateTime":20220518005548,"decodedData":{"Object":{"insulinRate":0.45,"isPercent":false,"durationMinutes":30}}},{"entryType":"TempBasalCombined","dt":"18.05.2022 00:56:24","atechDateTime":20220518005624,"decodedData":{"Object":{"insulinRate":0.0,"isPercent":false,"durationMinutes":0}}},{"entryType":"TempBasalCombined","dt":"18.05.2022 00:56:28","atechDateTime":20220518005628,"decodedData":{"Object":{"insulinRate":0.0,"isPercent":false,"durationMinutes":60}}},{"entryType":"TempBasalCombined","dt":"18.05.2022 01:14:57","atechDateTime":20220518011457,"decodedData":{"Object":{"insulinRate":0.0,"isPercent":false,"durationMinutes":0}}},{"entryType":"TempBasalCombined","dt":"18.05.2022 01:15:43","atechDateTime":20220518011543,"decodedData":{"Object":{"insulinRate":1.05,"isPercent":false,"durationMinutes":30}}}]
    PumpHistoryEntries: processList: 16
    17.05.2022 21:56:19 - 17.05.2022 22:00:47  268 s (4)  0.8 / 0.0
    17.05.2022 22:00:49 - 17.05.2022 22:05:46  297 s (4)  1.2000000000000002 / 0.0
    17.05.2022 22:05:48 - 17.05.2022 22:30:49  1501 s (25)  1.4500000000000002 / 0.0
    17.05.2022 22:30:51 - 17.05.2022 22:45:52  901 s (15)  1.6 / 0.0
    17.05.2022 22:45:54 - 17.05.2022 22:50:55  301 s (5)  0.5 / 0.0
    17.05.2022 23:01:17 - 17.05.2022 23:06:22  305 s (5)  1.0 / 0.0
    17.05.2022 23:06:25 - 17.05.2022 23:10:48  263 s (4)  1.3 / 0.0
    17.05.2022 23:10:50 - 17.05.2022 23:25:46  896 s (14)  2.2 / 0.0
    17.05.2022 23:25:48 - 17.05.2022 23:30:48  300 s (5)  0.6000000000000001 / 0.0
    17.05.2022 23:30:50 - 17.05.2022 23:35:50  300 s (5)  0.30000000000000004 / 0.0
    17.05.2022 23:50:48 - 17.05.2022 23:56:17  329 s (5)  0.7000000000000001 / 0.0
    17.05.2022 23:56:20 - 18.05.2022 00:06:06  586 s (9)  0.45 / 0.0
    18.05.2022 00:36:07 - 18.05.2022 00:55:45  1178 s (19)  0.8 / 0.0
    18.05.2022 00:55:48 - 18.05.2022 00:56:24  36 s (0)  0.45 / 0.0
    18.05.2022 00:56:28 - 18.05.2022 01:14:57  1109 s (18)  0.0 / 0.0
    18.05.2022 01:15:43  1800 s (30)  1.05

RileyLinkMedtronicServiceUTest > test verifyConfiguration with exception returns false() STARTED

RileyLinkMedtronicServiceUTest > test verifyConfiguration with exception returns false() STANDARD_OUT
    ERROR: PUMP Error on Verification: Test exception java.lang.RuntimeException: Test exception

RileyLinkMedtronicServiceUTest > test verifyConfiguration with invalid pump type format returns false() STARTED

RileyLinkMedtronicServiceUTest > test verifyConfiguration with non-numeric serial number returns false() STARTED

RileyLinkMedtronicServiceUTest > test verifyConfiguration with all supported pump types() STARTED

> Task :pump:equil:compileFullDebugUnitTestJavaWithJavac NO-SOURCE
> Task :pump:equil:hiltSyncFullDebugUnitTest

> Task :pump:diaconn:testFullDebugUnitTest

DiaconnG8PumpTest > buildDiaconnG8ProfileRecordTest() STARTED

AppConfirmSettingResponsePacketTest > handleMessageShouldFailOnDefectivePacket() STARTED

AppConfirmSettingPacketTest > encodeShouldHandleDifferentRequestTypes() STARTED

AppCancelSettingPacketTest > encodeShouldGenerateValidPacket() STARTED

> Task :pump:medtrum:processFullDebugUnitTestResources
> Task :pump:eopatch:hiltAggregateDepsFullDebugUnitTest

> Task :pump:danars:testFullDebugUnitTest

DanaRSPluginTest > percentBasalRateShouldBeLimited() STARTED

> Task :pump:medtronic:testFullDebugUnitTest

RileyLinkMedtronicServiceUTest > test verifyConfiguration with empty pump type returns false() STARTED

RileyLinkMedtronicServiceUTest > test verifyConfiguration sets target frequency correctly() STARTED

RileyLinkMedtronicServiceUTest > test verifyConfiguration clears error description on success() STARTED

RileyLinkMedtronicServiceUTest > test verifyConfiguration with valid configuration returns true() STARTED

RileyLinkMedtronicServiceUTest > test verifyConfiguration with unknown pump type returns false() STARTED

RileyLinkMedtronicServiceUTest > test verifyConfiguration updates max bolus when value changes() STARTED

RileyLinkMedtronicServiceUTest > test verifyConfiguration with pump type containing extra text() STARTED

RileyLinkMedtronicServiceUTest > test verifyConfiguration with empty RileyLink address returns false() STARTED

RileyLinkMedtronicServiceUTest > test verifyConfiguration with empty RileyLink address returns false() STANDARD_OUT
    DEBUG: : PUMP RileyLink address invalid: null

RileyLinkMedtronicServiceUTest > test verifyConfiguration sets reservoir size based on pump type() STARTED

RileyLinkMedtronicServiceUTest > test verifyConfiguration with valid RileyLink MAC address variations() STARTED

RileyLinkMedtronicServiceUTest > test verifyConfiguration updates max basal when value changes() STARTED

RileyLinkMedtronicServiceUTest > test verifyConfiguration sets show battery level flag() STARTED

RileyLinkMedtronicServiceUTest > test verifyConfiguration with invalid RileyLink MAC address format returns false() STARTED

RileyLinkMedtronicServiceUTest > test verifyConfiguration with invalid RileyLink MAC address format returns false() STANDARD_OUT
    DEBUG: : PUMP RileyLink address invalid: [Ljava.lang.Object;@88d308b

RileyLinkMedtronicServiceUTest > test verifyConfiguration with all supported battery types() STARTED

RileyLinkMedtronicServiceUTest > test verifyConfiguration with invalid serial number format returns false() STARTED

PumpHistoryEntryUTest > checkIsAfter() STARTED

MedtronicUtilUTest > test getByteArrayFromUnsignedShort with max value() STARTED

MedtronicUtilUTest > test getBasalStrokes for very small amount() STARTED

MedtronicUtilUTest > test makeUnsignedShort with signed byte values() STARTED

MedtronicUtilUTest > test getBasalStrokes for small amount not fixed size() STARTED

MedtronicUtilUTest > test getByteArrayFromUnsignedShort with zero() STARTED

MedtronicUtilUTest > test createByteArray with list() STARTED

MedtronicUtilUTest > test createByteArray with single byte() STARTED

MedtronicUtilUTest > test createByteArray with varargs() STARTED

MedtronicUtilUTest > test isSame with identical values() STARTED

MedtronicUtilUTest > test createByteArray with empty list() STARTED

MedtronicUtilUTest > test getBasalStrokes for small amount fixed size() STARTED

MedtronicUtilUTest > test getBasalStrokes for larger amount() STARTED

MedtronicUtilUTest > test makeUnsignedShort with zero() STARTED

MedtronicUtilUTest > test isSame with negative values() STARTED

MedtronicUtilUTest > test getBasalStrokes for medium amount() STARTED

MedtronicUtilUTest > test isSame with different values() STARTED

MedtronicUtilUTest > test getByteArrayFromUnsignedShort with small value not fixed size() STARTED

MedtronicUtilUTest > test getByteArrayFromUnsignedShort with small value fixed size() STARTED

MedtronicUtilUTest > test getIntervalFromMinutes with half hours() STARTED

MedtronicUtilUTest > test isSame with null values() STARTED

MedtronicUtilUTest > test isSame with mixed sign values() STARTED

MedtronicUtilUTest > test isSame with very close values within epsilon() STARTED

MedtronicUtilUTest > test getIntervalFromMinutes with even hours() STARTED

MedtronicUtilUTest > test makeUnsignedShort with positive values() STARTED

MedtronicUtilUTest > test getByteArrayFromUnsignedShort with large value() STARTED

MedtronicUtilUTest > test getIntervalFromMinutes with odd minutes rounds down() STARTED

MedtronicConverterUTest > test decodeModel with valid 523 pump() STANDARD_OUT
    DEBUG: : PUMPCOMM PumpModel: [raw=523, resolved=Medtronic_523_Revel]

MedtronicConverterUTest > test decodeRemainingInsulin with 10 stroke pump() STARTED

MedtronicConverterUTest > test decodeRemainingInsulin with 10 stroke pump() STANDARD_OUT
    DEBUG: : PUMPCOMM Remaining insulin: 5.0

MedtronicConverterUTest > test decodeSettings with 522 pump configuration() STARTED

MedtronicConverterUTest > test decodeTime with short data returns null() STARTED

MedtronicConverterUTest > test decodeTime with short data returns null() STANDARD_OUT
    ERROR: PUMPCOMM decodeTime: Byte array too short

MedtronicConverterUTest > test decodeTime with invalid date returns null() STARTED

MedtronicConverterUTest > test decodeTime with invalid date returns null() STANDARD_OUT
    ERROR: PUMPCOMM decodeTime: Failed to parse pump time value: year=2019, month=13, hours=30, minutes=14, seconds=35

MedtronicConverterUTest > test decodeModel with short data returns Unknown() STARTED

MedtronicConverterUTest > test decodeModel with short data returns Unknown() STANDARD_OUT
    WARN: PUMPCOMM Error reading PumpModel, returning Unknown_Device

MedtronicConverterUTest > test decodeBatteryStatus with low battery() STARTED

MedtronicConverterUTest > test decodeBatteryStatus with only status byte() STARTED

MedtronicConverterUTest > test decodeSettingsLoop for simple configuration() STARTED

MedtronicConverterUTest > test decodeTime with valid pump time() STARTED

MedtronicConverterUTest > test decodeBasalProfile with invalid data returns null() STARTED

MedtronicConverterUTest > test decodeBasalProfile with invalid data returns null() STANDARD_OUT
    ERROR: PUMPCOMM Error creating BasalProfileEntry: startTimeInterval=99, startTime_raw=99, hours=49, rateStrokes=50
    ERROR: PUMPCOMM Error decoding basal profile from bytes: 32 00 63 00 00 00 00 00 00 00 00 00 00 00 00 00 00 00 00 00 00 00 00 00 00 00 00 00 00 00 00 00 00 00 00 00 00 00 00 00 00 00 00 00 00 00 00 00 00 00 00 00 00 00 00 00 00 00 00 00 00 00 00 00 00 00 00 00 00 00 00 00 00 00 00 00 00 00 00 00 00 00 00 00 00 00 00 00 00 00 00 00 00 00 00 00 00 00 00 00 00 00 00 00 00 00 00 00 00 00 00 00 00 00 00 00 00 00 00 00 00 00 00 00 00 00 00 00 00 00 00 00 00 00 00 00 00 00 00 00 00 00 00 00 00

MedtronicConverterUTest > test decodeBasalProfile with valid data() STARTED

MedtronicConverterUTest > test decodeSettings with alarm mode silent() STARTED

MedtronicConverterUTest > test decodeModel with valid 554 pump() STARTED

MedtronicConverterUTest > test decodeModel with valid 554 pump() STANDARD_OUT
    DEBUG: : PUMPCOMM PumpModel: [raw=554, resolved=Medtronic_554_Veo]

MedtronicConverterUTest > test decodeRemainingInsulin with 40 stroke pump() STARTED

MedtronicHistoryDataUTest > processBgReceived_WithMgdl() STANDARD_OUT
    DEBUG: : PUMP insertFingerBgIfNewWithTimestamp [date=0, glucose=175.000000, glucoseUnit=MGDL, pumpId=63, pumpSerial=null] - Result: true

MedtronicConverterUTest > test decodeRemainingInsulin with 40 stroke pump() STANDARD_OUT
    DEBUG: : PUMPCOMM Remaining insulin: 5.0

MedtronicConverterUTest > test decodeBatteryStatus with 2-byte voltage() STARTED

MedtronicConverterUTest > test decodeSettings with percent temp basal type() STARTED

MedtronicConverterUTest > test decodeModel with valid 722 pump() STARTED

MedtronicConverterUTest > test decodeModel with valid 722 pump() STANDARD_OUT
    DEBUG: : PUMPCOMM PumpModel: [raw=722, resolved=Medtronic_722]

MedtronicConverterUTest > test decodeBatteryStatus with normal status() STARTED

MedtronicDTOUTest > test BatteryStatusDTO with low status and null voltage() STARTED

MedtronicHistoryDataUTest > processBgReceived_WithMmol() STARTED

MedtronicHistoryDataUTest > processBgReceived_WithMmol() STANDARD_OUT
    DEBUG: : PUMP insertFingerBgIfNewWithTimestamp [date=0, glucose=10.000000, glucoseUnit=MMOL, pumpId=63, pumpSerial=null] - Result: true

MedtronicHistoryDataUTest > createTBRProcessList_SpecialCase() STARTED

MedtronicDTOUTest > test TempBasalPair with two byte rate() STARTED

MedtronicDTOUTest > test TempBasalPair toString() STARTED

MedtronicDTOUTest > test ClockDTO creation and properties() STARTED

MedtronicDTOUTest > test ClockDTO with time difference() STARTED

MedtronicDTOUTest > test BatteryStatusDTO with all battery status types() STARTED

MedtronicDTOUTest > test TempBasalPair with absolute rate from single byte() STARTED

MedtronicDTOUTest > test BasalProfileEntry with half hour interval() STARTED

MedtronicDTOUTest > test BatteryStatusDTO percent clamped to 1-100 range() STARTED

MedtronicDTOUTest > test BasalProfileEntry from strokes() STARTED

MedtronicDTOUTest > test BatteryStatusDTO calculated percent for lithium battery() STARTED

MedtronicDTOUTest > test BasalProfileEntry with rate and time() STARTED

MedtronicDTOUTest > test TempBasalPair from pump response with absolute rate() STARTED

MedtronicDTOUTest > test TempBasalPair from pump response with absolute rate() STANDARD_OUT
    DEBUG: : PUMPBTCOMM Received TempBasal response: 00 00 00 50 00 78
    WARN: PUMPBTCOMM TempBasalPair (with 6 byte response): TempBasalPair [Rate=2.0, DurationMinutes=120, IsPercent=false]

MedtronicDTOUTest > test BasalProfileEntry from byte with odd interval() STARTED

MedtronicDTOUTest > test BasalProfileEntry time calculation for noon() STARTED

MedtronicDTOUTest > test TempBasalPair from pump response with percent rate() STARTED

MedtronicDTOUTest > test TempBasalPair from pump response with percent rate() STANDARD_OUT
    DEBUG: : PUMPBTCOMM Received TempBasal response: 01 78 00 00 3C
    WARN: PUMPBTCOMM TempBasalPair (with 5 byte response): TempBasalPair [Rate=120.0, DurationMinutes=60, IsPercent=true]

MedtronicDTOUTest > test BatteryStatusDTO calculated percent for alkaline battery() STARTED

MedtronicDTOUTest > test BasalProfileEntry default constructor() STARTED

MedtronicDTOUTest > test BasalProfileEntry time calculation for midnight() STARTED

MedtronicDTOUTest > test BolusDTO toString() STARTED

MedtronicDTOUTest > test BatteryStatusDTO with normal status and voltage() STARTED

MedtronicDTOUTest > test BolusDTO displayable value formatting() STARTED

MedtronicDTOUTest > test TempBasalPair zero TBR detection() STARTED

MedtronicDTOUTest > test BolusDTO with extended bolus() STARTED

MedtronicDTOUTest > test TempBasalPair cancel TBR detection() STARTED

MedtronicDTOUTest > test BasalProfileEntry from byte with even interval() STARTED

MedtronicDTOUTest > test BatteryStatusDTO with None battery type returns default() STARTED

MedtronicDTOUTest > test BatteryStatusDTO with null voltage returns default percent() STARTED

MedtronicDTOUTest > test BatteryStatusDTO toString includes all battery types() STARTED

MedtronicDTOUTest > test BolusDTO with multiwave bolus() STARTED

MedtronicDTOUTest > test BolusDTO with normal bolus() STARTED

MedtronicDTOUTest > test TempBasalPair with percent rate() STARTED

MedtronicHistoryDataUTest > createTBRProcessList_SpecialCase() STANDARD_OUT
    TBR Pre-Process List (Special): [{"entryType":"TempBasalCombined","offset":0,"displayableValue":"","rawData":[],"sizes":[0,0,0],"head":[],"datetime":[],"body":[],"id":0,"atechDateTime":20211219131534,"decodedData":{"Object":{"insulinRate":1.7000000000000002,"isPercent":false,"durationMinutes":30,"isActive":false}},"pumpId":0},{"entryType":"TempBasalCombined","offset":0,"displayableValue":"","rawData":[],"sizes":[0,0,0],"head":[],"datetime":[],"body":[],"id":0,"atechDateTime":20211219132019,"decodedData":{"Object":{"insulinRate":0.0,"isPercent":false,"durationMinutes":0,"isActive":false}},"pumpId":0},{"entryType":"TempBasalCombined","offset":0,"displayableValue":"","rawData":[],"sizes":[0,0,0],"head":[],"datetime":[],"body":[],"id":0,"atechDateTime":20211219132020,"decodedData":{"Object":{"insulinRate":0.0,"isPercent":false,"durationMinutes":60,"isActive":false}},"pumpId":0},{"entryType":"TempBasalCombined","offset":0,"displayableValue":"","rawData":[],"sizes":[0,0,0],"head":[],"datetime":[],"body":[],"id":0,"atechDateTime":20211219133029,"decodedData":{"Object":{"insulinRate":0.0,"isPercent":false,"durationMinutes":90,"isActive":false}},"pumpId":0},{"entryType":"TempBasalCombined","offset":0,"displayableValue":"","rawData":[],"sizes":[0,0,0],"head":[],"datetime":[],"body":[],"id":0,"atechDateTime":20211219135033,"decodedData":{"Object":{"insulinRate":0.0,"isPercent":false,"durationMinutes":120,"isActive":false}},"pumpId":0},{"entryType":"TempBasalCombined","offset":0,"displayableValue":"","rawData":[],"sizes":[0,0,0],"head":[],"datetime":[],"body":[],"id":0,"atechDateTime":20211219142021,"decodedData":{"Object":{"insulinRate":0.0,"isPercent":false,"durationMinutes":120,"isActive":false}},"pumpId":0},{"entryType":"TempBasalCombined","offset":0,"displayableValue":"","rawData":[],"sizes":[0,0,0],"head":[],"datetime":[],"body":[],"id":0,"atechDateTime":20211219145016,"decodedData":{"Object":{"insulinRate":1.85,"isPercent":false,"durationMinutes":30,"isActive":false}},"pumpId":0},{"entryType":"TempBasalCombined","offset":0,"displayableValue":"","rawData":[],"sizes":[0,0,0],"head":[],"datetime":[],"body":[],"id":0,"atechDateTime":20211219145555,"decodedData":{"Object":{"insulinRate":0.0,"isPercent":false,"durationMinutes":0,"isActive":false}},"pumpId":0},{"entryType":"TempBasalCombined","offset":0,"displayableValue":"","rawData":[],"sizes":[0,0,0],"head":[],"datetime":[],"body":[],"id":0,"atechDateTime":20211219145557,"decodedData":{"Object":{"insulinRate":0.0,"isPercent":false,"durationMinutes":60,"isActive":false}},"pumpId":0},{"entryType":"TempBasalCombined","offset":0,"displayableValue":"","rawData":[],"sizes":[0,0,0],"head":[],"datetime":[],"body":[],"id":0,"atechDateTime":20211219150033,"decodedData":{"Object":{"insulinRate":0.0,"isPercent":false,"durationMinutes":60,"isActive":false}},"pumpId":0},{"entryType":"TempBasalCombined","offset":0,"displayableValue":"","rawData":[],"sizes":[0,0,0],"head":[],"datetime":[],"body":[],"id":0,"atechDateTime":20211219151541,"decodedData":{"Object":{"insulinRate":1.55,"isPercent":false,"durationMinutes":30,"isActive":false}},"pumpId":0},{"entryType":"TempBasalCombined","offset":0,"displayableValue":"","rawData":[],"sizes":[0,0,0],"head":[],"datetime":[],"body":[],"id":0,"atechDateTime":20211219152032,"decodedData":{"Object":{"insulinRate":0.0,"isPercent":false,"durationMinutes":0,"isActive":false}},"pumpId":0},{"entryType":"TempBasalCombined","offset":0,"displayableValue":"","rawData":[],"sizes":[0,0,0],"head":[],"datetime":[],"body":[],"id":0,"atechDateTime":20211219152034,"decodedData":{"Object":{"insulinRate":0.0,"isPercent":false,"durationMinutes":30,"isActive":false}},"pumpId":0},{"entryType":"TempBasalCombined","offset":0,"displayableValue":"","rawData":[],"sizes":[0,0,0],"head":[],"datetime":[],"body":[],"id":0,"atechDateTime":20211219153039,"decodedData":{"Object":{"insulinRate":0.8500000000000001,"isPercent":false,"durationMinutes":30,"isActive":false}},"pumpId":0},{"entryType":"TempBasalCombined","offset":0,"displayableValue":"","rawData":[],"sizes":[0,0,0],"head":[],"datetime":[],"body":[],"id":0,"atechDateTime":20211219153115,"decodedData":{"Object":{"insulinRate":0.0,"isPercent":false,"durationMinutes":0,"isActive":false}},"pumpId":0},{"entryType":"TempBasalCombined","offset":0,"displayableValue":"","rawData":[],"sizes":[0,0,0],"head":[],"datetime":[],"body":[],"id":0,"atechDateTime":20211219153116,"decodedData":{"Object":{"insulinRate":2.5,"isPercent":false,"durationMinutes":30,"isActive":false}},"pumpId":0},{"entryType":"TempBasalCombined","offset":0,"displayableValue":"","rawData":[],"sizes":[0,0,0],"head":[],"datetime":[],"body":[],"id":0,"atechDateTime":20211219153534,"decodedData":{"Object":{"insulinRate":0.0,"isPercent":false,"durationMinutes":0,"isActive":false}},"pumpId":0},{"entryType":"TempBasalCombined","offset":0,"displayableValue":"","rawData":[],"sizes":[0,0,0],"head":[],"datetime":[],"body":[],"id":0,"atechDateTime":20211219153535,"decodedData":{"Object":{"insulinRate":0.05,"isPercent":false,"durationMinutes":30,"isActive":false}},"pumpId":0},{"entryType":"TempBasalCombined","offset":0,"displayableValue":"","rawData":[],"sizes":[0,0,0],"head":[],"datetime":[],"body":[],"id":0,"atechDateTime":20211219154047,"decodedData":{"Object":{"insulinRate":0.0,"isPercent":false,"durationMinutes":0,"isActive":false}},"pumpId":0},{"entryType":"TempBasalCombined","offset":0,"displayableValue":"","rawData":[],"sizes":[0,0,0],"head":[],"datetime":[],"body":[],"id":0,"atechDateTime":20211219154049,"decodedData":{"Object":{"insulinRate":0.30000000000000004,"isPercent":false,"durationMinutes":30,"isActive":false}},"pumpId":0},{"entryType":"TempBasalCombined","offset":0,"displayableValue":"","rawData":[],"sizes":[0,0,0],"head":[],"datetime":[],"body":[],"id":0,"atechDateTime":20211219154516,"decodedData":{"Object":{"insulinRate":0.0,"isPercent":false,"durationMinutes":0,"isActive":false}},"pumpId":0},{"entryType":"TempBasalCombined","offset":0,"displayableValue":"","rawData":[],"sizes":[0,0,0],"head":[],"datetime":[],"body":[],"id":0,"atechDateTime":20211219154517,"decodedData":{"Object":{"insulinRate":0.6000000000000001,"isPercent":false,"durationMinutes":30,"isActive":false}},"pumpId":0},{"entryType":"TempBasalCombined","offset":0,"displayableValue":"","rawData":[],"sizes":[0,0,0],"head":[],"datetime":[],"body":[],"id":0,"atechDateTime":20211219155012,"decodedData":{"Object":{"insulinRate":0.0,"isPercent":false,"durationMinutes":0,"isActive":false}},"pumpId":0},{"entryType":"TempBasalCombined","offset":0,"displayableValue":"","rawData":[],"sizes":[0,0,0],"head":[],"datetime":[],"body":[],"id":0,"atechDateTime":20211219155013,"decodedData":{"Object":{"insulinRate":0.9500000000000001,"isPercent":false,"durationMinutes":30,"isActive":false}},"pumpId":0},{"entryType":"TempBasalCombined","offset":0,"displayableValue":"","rawData":[],"sizes":[0,0,0],"head":[],"datetime":[],"body":[],"id":0,"atechDateTime":20211219155523,"decodedData":{"Object":{"insulinRate":0.0,"isPercent":false,"durationMinutes":0,"isActive":false}},"pumpId":0},{"entryType":"TempBasalCombined","offset":0,"displayableValue":"","rawData":[],"sizes":[0,0,0],"head":[],"datetime":[],"body":[],"id":0,"atechDateTime":20211219155525,"decodedData":{"Object":{"insulinRate":1.1,"isPercent":false,"durationMinutes":30,"isActive":false}},"pumpId":0},{"entryType":"TempBasalCombined","offset":0,"displayableValue":"","rawData":[],"sizes":[0,0,0],"head":[],"datetime":[],"body":[],"id":0,"atechDateTime":20211219160027,"decodedData":{"Object":{"insulinRate":0.0,"isPercent":false,"durationMinutes":0,"isActive":false}},"pumpId":0},{"entryType":"TempBasalCombined","offset":0,"displayableValue":"","rawData":[],"sizes":[0,0,0],"head":[],"datetime":[],"body":[],"id":0,"atechDateTime":20211219160029,"decodedData":{"Object":{"insulinRate":1.55,"isPercent":false,"durationMinutes":30,"isActive":false}},"pumpId":0},{"entryType":"TempBasalCombined","offset":0,"displayableValue":"","rawData":[],"sizes":[0,0,0],"head":[],"datetime":[],"body":[],"id":0,"atechDateTime":20211219160537,"decodedData":{"Object":{"insulinRate":0.0,"isPercent":false,"durationMinutes":0,"isActive":false}},"pumpId":0},{"entryType":"TempBasalCombined","offset":0,"displayableValue":"","rawData":[],"sizes":[0,0,0],"head":[],"datetime":[],"body":[],"id":0,"atechDateTime":20211219160538,"decodedData":{"Object":{"insulinRate":0.1,"isPercent":false,"durationMinutes":30,"isActive":false}},"pumpId":0},{"entryType":"TempBasalCombined","offset":0,"displayableValue":"","rawData":[],"sizes":[0,0,0],"head":[],"datetime":[],"body":[],"id":0,"atechDateTime":20211219161004,"decodedData":{"Object":{"insulinRate":0.0,"isPercent":false,"durationMinutes":0,"isActive":false}},"pumpId":0},{"entryType":"TempBasalCombined","offset":0,"displayableValue":"","rawData":[],"sizes":[0,0,0],"head":[],"datetime":[],"body":[],"id":0,"atechDateTime":20211219161006,"decodedData":{"Object":{"insulinRate":0.0,"isPercent":false,"durationMinutes":120,"isActive":false}},"pumpId":0},{"entryType":"TempBasalCombined","offset":0,"displayableValue":"","rawData":[],"sizes":[0,0,0],"head":[],"datetime":[],"body":[],"id":0,"atechDateTime":20211219172536,"decodedData":{"Object":{"insulinRate":0.75,"isPercent":false,"durationMinutes":30,"isActive":false}},"pumpId":0},{"entryType":"TempBasalCombined","offset":0,"displayableValue":"","rawData":[],"sizes":[0,0,0],"head":[],"datetime":[],"body":[],"id":0,"atechDateTime":20211219173036,"decodedData":{"Object":{"insulinRate":0.0,"isPercent":false,"durationMinutes":0,"isActive":false}},"pumpId":0},{"entryType":"TempBasalCombined","offset":0,"displayableValue":"","rawData":[],"sizes":[0,0,0],"head":[],"datetime":[],"body":[],"id":0,"atechDateTime":20211219173037,"decodedData":{"Object":{"insulinRate":1.1500000000000001,"isPercent":false,"durationMinutes":30,"isActive":false}},"pumpId":0},{"entryType":"TempBasalCombined","offset":0,"displayableValue":"","rawData":[],"sizes":[0,0,0],"head":[],"datetime":[],"body":[],"id":0,"atechDateTime":20211219173534,"decodedData":{"Object":{"insulinRate":0.0,"isPercent":false,"durationMinutes":0,"isActive":false}},"pumpId":0},{"entryType":"TempBasalCombined","offset":0,"displayableValue":"","rawData":[],"sizes":[0,0,0],"head":[],"datetime":[],"body":[],"id":0,"atechDateTime":20211219173535,"decodedData":{"Object":{"insulinRate":0.0,"isPercent":false,"durationMinutes":30,"isActive":false}},"pumpId":0},{"entryType":"TempBasalCombined","offset":0,"displayableValue":"","rawData":[],"sizes":[0,0,0],"head":[],"datetime":[],"body":[],"id":0,"atechDateTime":20211219174020,"decodedData":{"Object":{"insulinRate":1.1500000000000001,"isPercent":false,"durationMinutes":30,"isActive":false}},"pumpId":0},{"entryType":"TempBasalCombined","offset":0,"displayableValue":"","rawData":[],"sizes":[0,0,0],"head":[],"datetime":[],"body":[],"id":0,"atechDateTime":20211219175536,"decodedData":{"Object":{"insulinRate":0.0,"isPercent":false,"durationMinutes":0,"isActive":false}},"pumpId":0},{"entryType":"TempBasalCombined","offset":0,"displayableValue":"","rawData":[],"sizes":[0,0,0],"head":[],"datetime":[],"body":[],"id":0,"atechDateTime":20211219175538,"decodedData":{"Object":{"insulinRate":0.0,"isPercent":false,"durationMinutes":120,"isActive":false}},"pumpId":0},{"entryType":"TempBasalCombined","offset":0,"displayableValue":"","rawData":[],"sizes":[0,0,0],"head":[],"datetime":[],"body":[],"id":0,"atechDateTime":20211219182530,"decodedData":{"Object":{"insulinRate":0.0,"isPercent":false,"durationMinutes":120,"isActive":false}},"pumpId":0},{"entryType":"TempBasalCombined","offset":0,"displayableValue":"","rawData":[],"sizes":[0,0,0],"head":[],"datetime":[],"body":[],"id":0,"atechDateTime":20211219192550,"decodedData":{"Object":{"insulinRate":0.0,"isPercent":false,"durationMinutes":120,"isActive":false}},"pumpId":0},{"entryType":"TempBasalCombined","offset":0,"displayableValue":"","rawData":[],"sizes":[0,0,0],"head":[],"datetime":[],"body":[],"id":0,"atechDateTime":20211219205109,"decodedData":{"Object":{"insulinRate":1.2000000000000002,"isPercent":false,"durationMinutes":30,"isActive":false}},"pumpId":0},{"entryType":"TempBasalCombined","offset":0,"displayableValue":"","rawData":[],"sizes":[0,0,0],"head":[],"datetime":[],"body":[],"id":0,"atechDateTime":20211219205540,"decodedData":{"Object":{"insulinRate":0.0,"isPercent":false,"durationMinutes":0,"isActive":false}},"pumpId":0},{"entryType":"TempBasalCombined","offset":0,"displayableValue":"","rawData":[],"sizes":[0,0,0],"head":[],"datetime":[],"body":[],"id":0,"atechDateTime":20211219205542,"decodedData":{"Object":{"insulinRate":1.8,"isPercent":false,"durationMinutes":30,"isActive":false}},"pumpId":0},{"entryType":"TempBasalCombined","offset":0,"displayableValue":"","rawData":[],"sizes":[0,0,0],"head":[],"datetime":[],"body":[],"id":0,"atechDateTime":20211219210034,"decodedData":{"Object":{"insulinRate":0.0,"isPercent":false,"durationMinutes":0,"isActive":false}},"pumpId":0},{"entryType":"TempBasalCombined","offset":0,"displayableValue":"","rawData":[],"sizes":[0,0,0],"head":[],"datetime":[],"body":[],"id":0,"atechDateTime":20211219210036,"decodedData":{"Object":{"insulinRate":0.30000000000000004,"isPercent":false,"durationMinutes":30,"isActive":false}},"pumpId":0},{"entryType":"TempBasalCombined","offset":0,"displayableValue":"","rawData":[],"sizes":[0,0,0],"head":[],"datetime":[],"body":[],"id":0,"atechDateTime":20211219210512,"decodedData":{"Object":{"insulinRate":0.0,"isPercent":false,"durationMinutes":0,"isActive":false}},"pumpId":0},{"entryType":"TempBasalCombined","offset":0,"displayableValue":"","rawData":[],"sizes":[0,0,0],"head":[],"datetime":[],"body":[],"id":0,"atechDateTime":20211219210513,"decodedData":{"Object":{"insulinRate":0.0,"isPercent":false,"durationMinutes":60,"isActive":false}},"pumpId":0},{"entryType":"TempBasalCombined","offset":0,"displayableValue":"","rawData":[],"sizes":[0,0,0],"head":[],"datetime":[],"body":[],"id":0,"atechDateTime":20211219211023,"decodedData":{"Object":{"insulinRate":0.0,"isPercent":false,"durationMinutes":60,"isActive":false}},"pumpId":0},{"entryType":"TempBasalCombined","offset":0,"displayableValue":"","rawData":[],"sizes":[0,0,0],"head":[],"datetime":[],"body":[],"id":0,"atechDateTime":20211219212524,"decodedData":{"Object":{"insulinRate":0.9,"isPercent":false,"durationMinutes":30,"isActive":false}},"pumpId":0},{"entryType":"TempBasalCombined","offset":0,"displayableValue":"","rawData":[],"sizes":[0,0,0],"head":[],"datetime":[],"body":[],"id":0,"atechDateTime":20211219213054,"decodedData":{"Object":{"insulinRate":0.0,"isPercent":false,"durationMinutes":0,"isActive":false}},"pumpId":0},{"entryType":"TempBasalCombined","offset":0,"displayableValue":"","rawData":[],"sizes":[0,0,0],"head":[],"datetime":[],"body":[],"id":0,"atechDateTime":20211219213056,"decodedData":{"Object":{"insulinRate":0.4,"isPercent":false,"durationMinutes":30,"isActive":false}},"pumpId":0},{"entryType":"TempBasalCombined","offset":0,"displayableValue":"","rawData":[],"sizes":[0,0,0],"head":[],"datetime":[],"body":[],"id":0,"atechDateTime":20211219213558,"decodedData":{"Object":{"insulinRate":0.0,"isPercent":false,"durationMinutes":0,"isActive":false}},"pumpId":0},{"entryType":"TempBasalCombined","offset":0,"displayableValue":"","rawData":[],"sizes":[0,0,0],"head":[],"datetime":[],"body":[],"id":0,"atechDateTime":20211219213600,"decodedData":{"Object":{"insulinRate":0.55,"isPercent":false,"durationMinutes":30,"isActive":false}},"pumpId":0},{"entryType":"TempBasalCombined","offset":0,"displayableValue":"","rawData":[],"sizes":[0,0,0],"head":[],"datetime":[],"body":[],"id":0,"atechDateTime":20211219214034,"decodedData":{"Object":{"insulinRate":0.0,"isPercent":false,"durationMinutes":0,"isActive":false}},"pumpId":0},{"entryType":"TempBasalCombined","offset":0,"displayableValue":"","rawData":[],"sizes":[0,0,0],"head":[],"datetime":[],"body":[],"id":0,"atechDateTime":20211219214036,"decodedData":{"Object":{"insulinRate":0.0,"isPercent":false,"durationMinutes":60,"isActive":false}},"pumpId":0},{"entryType":"TempBasalCombined","offset":0,"displayableValue":"","rawData":[],"sizes":[0,0,0],"head":[],"datetime":[],"body":[],"id":0,"atechDateTime":20211219215004,"decodedData":{"Object":{"insulinRate":0.55,"isPercent":false,"durationMinutes":30,"isActive":false}},"pumpId":0},{"entryType":"TempBasalCombined","offset":0,"displayableValue":"","rawData":[],"sizes":[0,0,0],"head":[],"datetime":[],"body":[],"id":0,"atechDateTime":20211219215552,"decodedData":{"Object":{"insulinRate":0.0,"isPercent":false,"durationMinutes":0,"isActive":false}},"pumpId":0},{"entryType":"TempBasalCombined","offset":0,"displayableValue":"","rawData":[],"sizes":[0,0,0],"head":[],"datetime":[],"body":[],"id":0,"atechDateTime":20211219215554,"decodedData":{"Object":{"insulinRate":1.3,"isPercent":false,"durationMinutes":30,"isActive":false}},"pumpId":0},{"entryType":"TempBasalCombined","offset":0,"displayableValue":"","rawData":[],"sizes":[0,0,0],"head":[],"datetime":[],"body":[],"id":0,"atechDateTime":20211219220034,"decodedData":{"Object":{"insulinRate":0.0,"isPercent":false,"durationMinutes":0,"isActive":false}},"pumpId":0},{"entryType":"TempBasalCombined","offset":0,"displayableValue":"","rawData":[],"sizes":[0,0,0],"head":[],"datetime":[],"body":[],"id":0,"atechDateTime":20211219220035,"decodedData":{"Object":{"insulinRate":2.45,"isPercent":false,"durationMinutes":30,"isActive":false}},"pumpId":0},{"entryType":"TempBasalCombined","offset":0,"displayableValue":"","rawData":[],"sizes":[0,0,0],"head":[],"datetime":[],"body":[],"id":0,"atechDateTime":20211219221037,"decodedData":{"Object":{"insulinRate":0.0,"isPercent":false,"durationMinutes":0,"isActive":false}},"pumpId":0},{"entryType":"TempBasalCombined","offset":0,"displayableValue":"","rawData":[],"sizes":[0,0,0],"head":[],"datetime":[],"body":[],"id":0,"atechDateTime":20211219221526,"decodedData":{"Object":{"insulinRate":0.5,"isPercent":false,"durationMinutes":30,"isActive":false}},"pumpId":0},{"entryType":"TempBasalCombined","offset":0,"displayableValue":"","rawData":[],"sizes":[0,0,0],"head":[],"datetime":[],"body":[],"id":0,"atechDateTime":20211219222051,"decodedData":{"Object":{"insulinRate":0.0,"isPercent":false,"durationMinutes":0,"isActive":false}},"pumpId":0},{"entryType":"TempBasalCombined","offset":0,"displayableValue":"","rawData":[],"sizes":[0,0,0],"head":[],"datetime":[],"body":[],"id":0,"atechDateTime":20211219222052,"decodedData":{"Object":{"insulinRate":0.1,"isPercent":false,"durationMinutes":30,"isActive":false}},"pumpId":0},{"entryType":"TempBasalCombined","offset":0,"displayableValue":"","rawData":[],"sizes":[0,0,0],"head":[],"datetime":[],"body":[],"id":0,"atechDateTime":20211219222552,"decodedData":{"Object":{"insulinRate":0.0,"isPercent":false,"durationMinutes":0,"isActive":false}},"pumpId":0},{"entryType":"TempBasalCombined","offset":0,"displayableValue":"","rawData":[],"sizes":[0,0,0],"head":[],"datetime":[],"body":[],"id":0,"atechDateTime":20211219222553,"decodedData":{"Object":{"insulinRate":0.7000000000000001,"isPercent":false,"durationMinutes":30,"isActive":false}},"pumpId":0},{"entryType":"TempBasalCombined","offset":0,"displayableValue":"","rawData":[],"sizes":[0,0,0],"head":[],"datetime":[],"body":[],"id":0,"atechDateTime":20211219223023,"decodedData":{"Object":{"insulinRate":0.0,"isPercent":false,"durationMinutes":0,"isActive":false}},"pumpId":0},{"entryType":"TempBasalCombined","offset":0,"displayableValue":"","rawData":[],"sizes":[0,0,0],"head":[],"datetime":[],"body":[],"id":0,"atechDateTime":20211219223025,"decodedData":{"Object":{"insulinRate":1.0,"isPercent":false,"durationMinutes":30,"isActive":false}},"pumpId":0},{"entryType":"TempBasalCombined","offset":0,"displayableValue":"","rawData":[],"sizes":[0,0,0],"head":[],"datetime":[],"body":[],"id":0,"atechDateTime":20211219223525,"decodedData":{"Object":{"insulinRate":0.0,"isPercent":false,"durationMinutes":0,"isActive":false}},"pumpId":0},{"entryType":"TempBasalCombined","offset":0,"displayableValue":"","rawData":[],"sizes":[0,0,0],"head":[],"datetime":[],"body":[],"id":0,"atechDateTime":20211219223527,"decodedData":{"Object":{"insulinRate":1.2000000000000002,"isPercent":false,"durationMinutes":30,"isActive":false}},"pumpId":0},{"entryType":"TempBasalCombined","offset":0,"displayableValue":"","rawData":[],"sizes":[0,0,0],"head":[],"datetime":[],"body":[],"id":0,"atechDateTime":20211219224557,"decodedData":{"Object":{"insulinRate":0.0,"isPercent":false,"durationMinutes":0,"isActive":false}},"pumpId":0},{"entryType":"TempBasalCombined","offset":0,"displayableValue":"","rawData":[],"sizes":[0,0,0],"head":[],"datetime":[],"body":[],"id":0,"atechDateTime":20211219230538,"decodedData":{"Object":{"insulinRate":0.05,"isPercent":false,"durationMinutes":30,"isActive":false}},"pumpId":0},{"entryType":"TempBasalCombined","offset":0,"displayableValue":"","rawData":[],"sizes":[0,0,0],"head":[],"datetime":[],"body":[],"id":0,"atechDateTime":20211219231034,"decodedData":{"Object":{"insulinRate":0.0,"isPercent":false,"durationMinutes":0,"isActive":false}},"pumpId":0},{"entryType":"TempBasalCombined","offset":0,"displayableValue":"","rawData":[],"sizes":[0,0,0],"head":[],"datetime":[],"body":[],"id":0,"atechDateTime":20211219231036,"decodedData":{"Object":{"insulinRate":0.35000000000000003,"isPercent":false,"durationMinutes":30,"isActive":false}},"pumpId":0},{"entryType":"TempBasalCombined","offset":0,"displayableValue":"","rawData":[],"sizes":[0,0,0],"head":[],"datetime":[],"body":[],"id":0,"atechDateTime":20211219231530,"decodedData":{"Object":{"insulinRate":0.0,"isPercent":false,"durationMinutes":0,"isActive":false}},"pumpId":0},{"entryType":"TempBasalCombined","offset":0,"displayableValue":"","rawData":[],"sizes":[0,0,0],"head":[],"datetime":[],"body":[],"id":0,"atechDateTime":20211219232101,"decodedData":{"Object":{"insulinRate":0.8500000000000001,"isPercent":false,"durationMinutes":30,"isActive":false}},"pumpId":0},{"entryType":"TempBasalCombined","offset":0,"displayableValue":"","rawData":[],"sizes":[0,0,0],"head":[],"datetime":[],"body":[],"id":0,"atechDateTime":20211219233008,"decodedData":{"Object":{"insulinRate":0.0,"isPercent":false,"durationMinutes":0,"isActive":false}},"pumpId":0},{"entryType":"TempBasalCombined","offset":0,"displayableValue":"","rawData":[],"sizes":[0,0,0],"head":[],"datetime":[],"body":[],"id":0,"atechDateTime":20211219233010,"decodedData":{"Object":{"insulinRate":0.05,"isPercent":false,"durationMinutes":30,"isActive":false}},"pumpId":0},{"entryType":"TempBasalCombined","offset":0,"displayableValue":"","rawData":[],"sizes":[0,0,0],"head":[],"datetime":[],"body":[],"id":0,"atechDateTime":20211219233553,"decodedData":{"Object":{"insulinRate":0.0,"isPercent":false,"durationMinutes":0,"isActive":false}},"pumpId":0},{"entryType":"TempBasalCombined","offset":0,"displayableValue":"","rawData":[],"sizes":[0,0,0],"head":[],"datetime":[],"body":[],"id":0,"atechDateTime":20211219233554,"decodedData":{"Object":{"insulinRate":0.8500000000000001,"isPercent":false,"durationMinutes":30,"isActive":false}},"pumpId":0},{"entryType":"TempBasalCombined","offset":0,"displayableValue":"","rawData":[],"sizes":[0,0,0],"head":[],"datetime":[],"body":[],"id":0,"atechDateTime":20211219234020,"decodedData":{"Object":{"insulinRate":0.0,"isPercent":false,"durationMinutes":0,"isActive":false}},"pumpId":0},{"entryType":"TempBasalCombined","offset":0,"displayableValue":"","rawData":[],"sizes":[0,0,0],"head":[],"datetime":[],"body":[],"id":0,"atechDateTime":20211219234022,"decodedData":{"Object":{"insulinRate":1.05,"isPercent":false,"durationMinutes":30,"isActive":false}},"pumpId":0},{"entryType":"TempBasalCombined","offset":0,"displayableValue":"","rawData":[],"sizes":[0,0,0],"head":[],"datetime":[],"body":[],"id":0,"atechDateTime":20211219235049,"decodedData":{"Object":{"insulinRate":0.0,"isPercent":false,"durationMinutes":0,"isActive":false}},"pumpId":0},{"entryType":"TempBasalCombined","offset":0,"displayableValue":"","rawData":[],"sizes":[0,0,0],"head":[],"datetime":[],"body":[],"id":0,"atechDateTime":20211219235050,"decodedData":{"Object":{"insulinRate":0.8500000000000001,"isPercent":false,"durationMinutes":30,"isActive":false}},"pumpId":0},{"entryType":"TempBasalCombined","offset":0,"displayableValue":"","rawData":[],"sizes":[0,0,0],"head":[],"datetime":[],"body":[],"id":0,"atechDateTime":20211219235504,"decodedData":{"Object":{"insulinRate":0.0,"isPercent":false,"durationMinutes":0,"isActive":false}},"pumpId":0},{"entryType":"TempBasalCombined","offset":0,"displayableValue":"","rawData":[],"sizes":[0,0,0],"head":[],"datetime":[],"body":[],"id":0,"atechDateTime":20211219235506,"decodedData":{"Object":{"insulinRate":0.5,"isPercent":false,"durationMinutes":30,"isActive":false}},"pumpId":0},{"entryType":"TempBasalCombined","offset":0,"displayableValue":"","rawData":[],"sizes":[0,0,0],"head":[],"datetime":[],"body":[],"id":0,"atechDateTime":20211220000012,"decodedData":{"Object":{"insulinRate":0.0,"isPercent":false,"durationMinutes":0,"isActive":false}},"pumpId":0},{"entryType":"TempBasalCombined","offset":0,"displayableValue":"","rawData":[],"sizes":[0,0,0],"head":[],"datetime":[],"body":[],"id":0,"atechDateTime":20211220000013,"decodedData":{"Object":{"insulinRate":0.05,"isPercent":false,"durationMinutes":30,"isActive":false}},"pumpId":0},{"entryType":"TempBasalCombined","offset":0,"displayableValue":"","rawData":[],"sizes":[0,0,0],"head":[],"datetime":[],"body":[],"id":0,"atechDateTime":20211220000534,"decodedData":{"Object":{"insulinRate":0.0,"isPercent":false,"durationMinutes":0,"isActive":false}},"pumpId":0},{"entryType":"TempBasalCombined","offset":0,"displayableValue":"","rawData":[],"sizes":[0,0,0],"head":[],"datetime":[],"body":[],"id":0,"atechDateTime":20211220000535,"decodedData":{"Object":{"insulinRate":0.30000000000000004,"isPercent":false,"durationMinutes":30,"isActive":false}},"pumpId":0},{"entryType":"TempBasalCombined","offset":0,"displayableValue":"","rawData":[],"sizes":[0,0,0],"head":[],"datetime":[],"body":[],"id":0,"atechDateTime":20211220001505,"decodedData":{"Object":{"insulinRate":0.0,"isPercent":false,"durationMinutes":0,"isActive":false}},"pumpId":0},{"entryType":"TempBasalCombined","offset":0,"displayableValue":"","rawData":[],"sizes":[0,0,0],"head":[],"datetime":[],"body":[],"id":0,"atechDateTime":20211220001506,"decodedData":{"Object":{"insulinRate":0.1,"isPercent":false,"durationMinutes":30,"isActive":false}},"pumpId":0},{"entryType":"TempBasalCombined","offset":0,"displayableValue":"","rawData":[],"sizes":[0,0,0],"head":[],"datetime":[],"body":[],"id":0,"atechDateTime":20211220002126,"decodedData":{"Object":{"insulinRate":0.0,"isPercent":false,"durationMinutes":0,"isActive":false}},"pumpId":0},{"entryType":"TempBasalCombined","offset":0,"displayableValue":"","rawData":[],"sizes":[0,0,0],"head":[],"datetime":[],"body":[],"id":0,"atechDateTime":20211220002127,"decodedData":{"Object":{"insulinRate":0.0,"isPercent":false,"durationMinutes":30,"isActive":false}},"pumpId":0},{"entryType":"TempBasalCombined","offset":0,"displayableValue":"","rawData":[],"sizes":[0,0,0],"head":[],"datetime":[],"body":[],"id":0,"atechDateTime":20211220005049,"decodedData":{"Object":{"insulinRate":0.0,"isPercent":false,"durationMinutes":30,"isActive":false}},"pumpId":0},{"entryType":"TempBasalCombined","offset":0,"displayableValue":"","rawData":[],"sizes":[0,0,0],"head":[],"datetime":[],"body":[],"id":0,"atechDateTime":20211220005050,"decodedData":{"Object":{"insulinRate":0.0,"isPercent":false,"durationMinutes":30,"isActive":false}},"pumpId":0},{"entryType":"TempBasalCombined","offset":0,"displayableValue":"","rawData":[],"sizes":[0,0,0],"head":[],"datetime":[],"body":[],"id":0,"atechDateTime":20211220010524,"decodedData":{"Object":{"insulinRate":0.0,"isPercent":false,"durationMinutes":30,"isActive":false}},"pumpId":0}]
    DEBUG: : PUMP TBR  List (before filter): [{"entryType":"TempBasalCombined","atechDateTime":20211219131534,"decodedData":{"Object":{"insulinRate":1.7000000000000002,"isPercent":false,"durationMinutes":30}}},{"entryType":"TempBasalCombined","atechDateTime":20211219132019,"decodedData":{"Object":{"insulinRate":0.0,"isPercent":false,"durationMinutes":0}}},{"entryType":"TempBasalCombined","atechDateTime":20211219132020,"decodedData":{"Object":{"insulinRate":0.0,"isPercent":false,"durationMinutes":60}}},{"entryType":"TempBasalCombined","atechDateTime":20211219133029,"decodedData":{"Object":{"insulinRate":0.0,"isPercent":false,"durationMinutes":90}}},{"entryType":"TempBasalCombined","atechDateTime":20211219135033,"decodedData":{"Object":{"insulinRate":0.0,"isPercent":false,"durationMinutes":120}}},{"entryType":"TempBasalCombined","atechDateTime":20211219142021,"decodedData":{"Object":{"insulinRate":0.0,"isPercent":false,"durationMinutes":120}}},{"entryType":"TempBasalCombined","atechDateTime":20211219145016,"decodedData":{"Object":{"insulinRate":1.85,"isPercent":false,"durationMinutes":30}}},{"entryType":"TempBasalCombined","atechDateTime":20211219145555,"decodedData":{"Object":{"insulinRate":0.0,"isPercent":false,"durationMinutes":0}}},{"entryType":"TempBasalCombined","atechDateTime":20211219145557,"decodedData":{"Object":{"insulinRate":0.0,"isPercent":false,"durationMinutes":60}}},{"entryType":"TempBasalCombined","atechDateTime":20211219150033,"decodedData":{"Object":{"insulinRate":0.0,"isPercent":false,"durationMinutes":60}}},{"entryType":"TempBasalCombined","atechDateTime":20211219151541,"decodedData":{"Object":{"insulinRate":1.55,"isPercent":false,"durationMinutes":30}}},{"entryType":"TempBasalCombined","atechDateTime":20211219152032,"decodedData":{"Object":{"insulinRate":0.0,"isPercent":false,"durationMinutes":0}}},{"entryType":"TempBasalCombined","atechDateTime":20211219152034,"decodedData":{"Object":{"insulinRate":0.0,"isPercent":false,"durationMinutes":30}}},{"entryType":"TempBasalCombined","atechDateTime":20211219153039,"decodedData":{"Object":{"insulinRate":0.8500000000000001,"isPercent":false,"durationMinutes":30}}},{"entryType":"TempBasalCombined","atechDateTime":20211219153115,"decodedData":{"Object":{"insulinRate":0.0,"isPercent":false,"durationMinutes":0}}},{"entryType":"TempBasalCombined","atechDateTime":20211219153116,"decodedData":{"Object":{"insulinRate":2.5,"isPercent":false,"durationMinutes":30}}},{"entryType":"TempBasalCombined","atechDateTime":20211219153534,"decodedData":{"Object":{"insulinRate":0.0,"isPercent":false,"durationMinutes":0}}},{"entryType":"TempBasalCombined","atechDateTime":20211219153535,"decodedData":{"Object":{"insulinRate":0.05,"isPercent":false,"durationMinutes":30}}},{"entryType":"TempBasalCombined","atechDateTime":20211219154047,"decodedData":{"Object":{"insulinRate":0.0,"isPercent":false,"durationMinutes":0}}},{"entryType":"TempBasalCombined","atechDateTime":20211219154049,"decodedData":{"Object":{"insulinRate":0.30000000000000004,"isPercent":false,"durationMinutes":30}}},{"entryType":"TempBasalCombined","atechDateTime":20211219154516,"decodedData":{"Object":{"insulinRate":0.0,"isPercent":false,"durationMinutes":0}}},{"entryType":"TempBasalCombined","atechDateTime":20211219154517,"decodedData":{"Object":{"insulinRate":0.6000000000000001,"isPercent":false,"durationMinutes":30}}},{"entryType":"TempBasalCombined","atechDateTime":20211219155012,"decodedData":{"Object":{"insulinRate":0.0,"isPercent":false,"durationMinutes":0}}},{"entryType":"TempBasalCombined","atechDateTime":20211219155013,"decodedData":{"Object":{"insulinRate":0.9500000000000001,"isPercent":false,"durationMinutes":30}}},{"entryType":"TempBasalCombined","atechDateTime":20211219155523,"decodedData":{"Object":{"insulinRate":0.0,"isPercent":false,"durationMinutes":0}}},{"entryType":"TempBasalCombined","atechDateTime":20211219155525,"decodedData":{"Object":{"insulinRate":1.1,"isPercent":false,"durationMinutes":30}}},{"entryType":"TempBasalCombined","atechDateTime":20211219160027,"decodedData":{"Object":{"insulinRate":0.0,"isPercent":false,"durationMinutes":0}}},{"entryType":"TempBasalCombined","atechDateTime":20211219160029,"decodedData":{"Object":{"insulinRate":1.55,"isPercent":false,"durationMinutes":30}}},{"entryType":"TempBasalCombined","atechDateTime":20211219160537,"decodedData":{"Object":{"insulinRate":0.0,"isPercent":false,"durationMinutes":0}}},{"entryType":"TempBasalCombined","atechDateTime":20211219160538,"decodedData":{"Object":{"insulinRate":0.1,"isPercent":false,"durationMinutes":30}}},{"entryType":"TempBasalCombined","atechDateTime":20211219161004,"decodedData":{"Object":{"insulinRate":0.0,"isPercent":false,"durationMinutes":0}}},{"entryType":"TempBasalCombined","atechDateTime":20211219161006,"decodedData":{"Object":{"insulinRate":0.0,"isPercent":false,"durationMinutes":120}}},{"entryType":"TempBasalCombined","atechDateTime":20211219172536,"decodedData":{"Object":{"insulinRate":0.75,"isPercent":false,"durationMinutes":30}}},{"entryType":"TempBasalCombined","atechDateTime":20211219173036,"decodedData":{"Object":{"insulinRate":0.0,"isPercent":false,"durationMinutes":0}}},{"entryType":"TempBasalCombined","atechDateTime":20211219173037,"decodedData":{"Object":{"insulinRate":1.1500000000000001,"isPercent":false,"durationMinutes":30}}},{"entryType":"TempBasalCombined","atechDateTime":20211219173534,"decodedData":{"Object":{"insulinRate":0.0,"isPercent":false,"durationMinutes":0}}},{"entryType":"TempBasalCombined","atechDateTime":20211219173535,"decodedData":{"Object":{"insulinRate":0.0,"isPercent":false,"durationMinutes":30}}},{"entryType":"TempBasalCombined","atechDateTime":20211219174020,"decodedData":{"Object":{"insulinRate":1.1500000000000001,"isPercent":false,"durationMinutes":30}}},{"entryType":"TempBasalCombined","atechDateTime":20211219175536,"decodedData":{"Object":{"insulinRate":0.0,"isPercent":false,"durationMinutes":0}}},{"entryType":"TempBasalCombined","atechDateTime":20211219175538,"decodedData":{"Object":{"insulinRate":0.0,"isPercent":false,"durationMinutes":120}}},{"entryType":"TempBasalCombined","atechDateTime":20211219182530,"decodedData":{"Object":{"insulinRate":0.0,"isPercent":false,"durationMinutes":120}}},{"entryType":"TempBasalCombined","atechDateTime":20211219192550,"decodedData":{"Object":{"insulinRate":0.0,"isPercent":false,"durationMinutes":120}}},{"entryType":"TempBasalCombined","atechDateTime":20211219205109,"decodedData":{"Object":{"insulinRate":1.2000000000000002,"isPercent":false,"durationMinutes":30}}},{"entryType":"TempBasalCombined","atechDateTime":20211219205540,"decodedData":{"Object":{"insulinRate":0.0,"isPercent":false,"durationMinutes":0}}},{"entryType":"TempBasalCombined","atechDateTime":20211219205542,"decodedData":{"Object":{"insulinRate":1.8,"isPercent":false,"durationMinutes":30}}},{"entryType":"TempBasalCombined","atechDateTime":20211219210034,"decodedData":{"Object":{"insulinRate":0.0,"isPercent":false,"durationMinutes":0}}},{"entryType":"TempBasalCombined","atechDateTime":20211219210036,"decodedData":{"Object":{"insulinRate":0.30000000000000004,"isPercent":false,"durationMinutes":30}}},{"entryType":"TempBasalCombined","atechDateTime":20211219210512,"decodedData":{"Object":{"insulinRate":0.0,"isPercent":false,"durationMinutes":0}}},{"entryType":"TempBasalCombined","atechDateTime":20211219210513,"decodedData":{"Object":{"insulinRate":0.0,"isPercent":false,"durationMinutes":60}}},{"entryType":"TempBasalCombined","atechDateTime":20211219211023,"decodedData":{"Object":{"insulinRate":0.0,"isPercent":false,"durationMinutes":60}}},{"entryType":"TempBasalCombined","atechDateTime":20211219212524,"decodedData":{"Object":{"insulinRate":0.9,"isPercent":false,"durationMinutes":30}}},{"entryType":"TempBasalCombined","atechDateTime":20211219213054,"decodedData":{"Object":{"insulinRate":0.0,"isPercent":false,"durationMinutes":0}}},{"entryType":"TempBasalCombined","atechDateTime":20211219213056,"decodedData":{"Object":{"insulinRate":0.4,"isPercent":false,"durationMinutes":30}}},{"entryType":"TempBasalCombined","atechDateTime":20211219213558,"decodedData":{"Object":{"insulinRate":0.0,"isPercent":false,"durationMinutes":0}}},{"entryType":"TempBasalCombined","atechDateTime":20211219213600,"decodedData":{"Object":{"insulinRate":0.55,"isPercent":false,"durationMinutes":30}}},{"entryType":"TempBasalCombined","atechDateTime":20211219214034,"decodedData":{"Object":{"insulinRate":0.0,"isPercent":false,"durationMinutes":0}}},{"entryType":"TempBasalCombined","atechDateTime":20211219214036,"decodedData":{"Object":{"insulinRate":0.0,"isPercent":false,"durationMinutes":60}}},{"entryType":"TempBasalCombined","atechDateTime":20211219215004,"decodedData":{"Object":{"insulinRate":0.55,"isPercent":false,"durationMinutes":30}}},{"entryType":"TempBasalCombined","atechDateTime":20211219215552,"decodedData":{"Object":{"insulinRate":0.0,"isPercent":false,"durationMinutes":0}}},{"entryType":"TempBasalCombined","atechDateTime":20211219215554,"decodedData":{"Object":{"insulinRate":1.3,"isPercent":false,"durationMinutes":30}}},{"entryType":"TempBasalCombined","atechDateTime":20211219220034,"decodedData":{"Object":{"insulinRate":0.0,"isPercent":false,"durationMinutes":0}}},{"entryType":"TempBasalCombined","atechDateTime":20211219220035,"decodedData":{"Object":{"insulinRate":2.45,"isPercent":false,"durationMinutes":30}}},{"entryType":"TempBasalCombined","atechDateTime":20211219221037,"decodedData":{"Object":{"insulinRate":0.0,"isPercent":false,"durationMinutes":0}}},{"entryType":"TempBasalCombined","atechDateTime":20211219221526,"decodedData":{"Object":{"insulinRate":0.5,"isPercent":false,"durationMinutes":30}}},{"entryType":"TempBasalCombined","atechDateTime":20211219222051,"decodedData":{"Object":{"insulinRate":0.0,"isPercent":false,"durationMinutes":0}}},{"entryType":"TempBasalCombined","atechDateTime":20211219222052,"decodedData":{"Object":{"insulinRate":0.1,"isPercent":false,"durationMinutes":30}}},{"entryType":"TempBasalCombined","atechDateTime":20211219222552,"decodedData":{"Object":{"insulinRate":0.0,"isPercent":false,"durationMinutes":0}}},{"entryType":"TempBasalCombined","atechDateTime":20211219222553,"decodedData":{"Object":{"insulinRate":0.7000000000000001,"isPercent":false,"durationMinutes":30}}},{"entryType":"TempBasalCombined","atechDateTime":20211219223023,"decodedData":{"Object":{"insulinRate":0.0,"isPercent":false,"durationMinutes":0}}},{"entryType":"TempBasalCombined","atechDateTime":20211219223025,"decodedData":{"Object":{"insulinRate":1.0,"isPercent":false,"durationMinutes":30}}},{"entryType":"TempBasalCombined","atechDateTime":20211219223525,"decodedData":{"Object":{"insulinRate":0.0,"isPercent":false,"durationMinutes":0}}},{"entryType":"TempBasalCombined","atechDateTime":20211219223527,"decodedData":{"Object":{"insulinRate":1.2000000000000002,"isPercent":false,"durationMinutes":30}}},{"entryType":"TempBasalCombined","atechDateTime":20211219224557,"decodedData":{"Object":{"insulinRate":0.0,"isPercent":false,"durationMinutes":0}}},{"entryType":"TempBasalCombined","atechDateTime":20211219230538,"decodedData":{"Object":{"insulinRate":0.05,"isPercent":false,"durationMinutes":30}}},{"entryType":"TempBasalCombined","atechDateTime":20211219231034,"decodedData":{"Object":{"insulinRate":0.0,"isPercent":false,"durationMinutes":0}}},{"entryType":"TempBasalCombined","atechDateTime":20211219231036,"decodedData":{"Object":{"insulinRate":0.35000000000000003,"isPercent":false,"durationMinutes":30}}},{"entryType":"TempBasalCombined","atechDateTime":20211219231530,"decodedData":{"Object":{"insulinRate":0.0,"isPercent":false,"durationMinutes":0}}},{"entryType":"TempBasalCombined","atechDateTime":20211219232101,"decodedData":{"Object":{"insulinRate":0.8500000000000001,"isPercent":false,"durationMinutes":30}}},{"entryType":"TempBasalCombined","atechDateTime":20211219233008,"decodedData":{"Object":{"insulinRate":0.0,"isPercent":false,"durationMinutes":0}}},{"entryType":"TempBasalCombined","atechDateTime":20211219233010,"decodedData":{"Object":{"insulinRate":0.05,"isPercent":false,"durationMinutes":30}}},{"entryType":"TempBasalCombined","atechDateTime":20211219233553,"decodedData":{"Object":{"insulinRate":0.0,"isPercent":false,"durationMinutes":0}}},{"entryType":"TempBasalCombined","atechDateTime":20211219233554,"decodedData":{"Object":{"insulinRate":0.8500000000000001,"isPercent":false,"durationMinutes":30}}},{"entryType":"TempBasalCombined","atechDateTime":20211219234020,"decodedData":{"Object":{"insulinRate":0.0,"isPercent":false,"durationMinutes":0}}},{"entryType":"TempBasalCombined","atechDateTime":20211219234022,"decodedData":{"Object":{"insulinRate":1.05,"isPercent":false,"durationMinutes":30}}},{"entryType":"TempBasalCombined","atechDateTime":20211219235049,"decodedData":{"Object":{"insulinRate":0.0,"isPercent":false,"durationMinutes":0}}},{"entryType":"TempBasalCombined","atechDateTime":20211219235050,"decodedData":{"Object":{"insulinRate":0.8500000000000001,"isPercent":false,"durationMinutes":30}}},{"entryType":"TempBasalCombined","atechDateTime":20211219235504,"decodedData":{"Object":{"insulinRate":0.0,"isPercent":false,"durationMinutes":0}}},{"entryType":"TempBasalCombined","atechDateTime":20211219235506,"decodedData":{"Object":{"insulinRate":0.5,"isPercent":false,"durationMinutes":30}}},{"entryType":"TempBasalCombined","atechDateTime":20211220000012,"decodedData":{"Object":{"insulinRate":0.0,"isPercent":false,"durationMinutes":0}}},{"entryType":"TempBasalCombined","atechDateTime":20211220000013,"decodedData":{"Object":{"insulinRate":0.05,"isPercent":false,"durationMinutes":30}}},{"entryType":"TempBasalCombined","atechDateTime":20211220000534,"decodedData":{"Object":{"insulinRate":0.0,"isPercent":false,"durationMinutes":0}}},{"entryType":"TempBasalCombined","atechDateTime":20211220000535,"decodedData":{"Object":{"insulinRate":0.30000000000000004,"isPercent":false,"durationMinutes":30}}},{"entryType":"TempBasalCombined","atechDateTime":20211220001505,"decodedData":{"Object":{"insulinRate":0.0,"isPercent":false,"durationMinutes":0}}},{"entryType":"TempBasalCombined","atechDateTime":20211220001506,"decodedData":{"Object":{"insulinRate":0.1,"isPercent":false,"durationMinutes":30}}},{"entryType":"TempBasalCombined","atechDateTime":20211220002126,"decodedData":{"Object":{"insulinRate":0.0,"isPercent":false,"durationMinutes":0}}},{"entryType":"TempBasalCombined","atechDateTime":20211220002127,"decodedData":{"Object":{"insulinRate":0.0,"isPercent":false,"durationMinutes":30}}},{"entryType":"TempBasalCombined","atechDateTime":20211220005049,"decodedData":{"Object":{"insulinRate":0.0,"isPercent":false,"durationMinutes":30}}},{"entryType":"TempBasalCombined","atechDateTime":20211220005050,"decodedData":{"Object":{"insulinRate":0.0,"isPercent":false,"durationMinutes":30}}},{"entryType":"TempBasalCombined","atechDateTime":20211220010524,"decodedData":{"Object":{"insulinRate":0.0,"isPercent":false,"durationMinutes":30}}}]

> Task :pump:equil:hiltAggregateDepsFullDebugUnitTest

> Task :pump:diaconn:testFullDebugUnitTest

AppConfirmSettingResponsePacketTest > handleMessageShouldFailOnDefectivePacket() STANDARD_OUT
    DEBUG: : PUMPCOMM AppConfirmSettingReqPacket Response 
    DEBUG: : PUMPCOMM AppConfirmSettingResponsePacket Got some Error

AppConfirmSettingResponsePacketTest > msgTypeShouldBeCorrect() STARTED

DiaconnG8PumpTest > buildDiaconnG8ProfileRecordTest() STANDARD_OUT
    DEBUG: : PUMP NS basal value for 0:00 is 1.00001
    DEBUG: : PUMP NS basal value for 1:00 is 1.00001
    DEBUG: : PUMP NS basal value for 2:00 is 1.00001
    DEBUG: : PUMP NS basal value for 3:00 is 1.00001
    DEBUG: : PUMP NS basal value for 4:00 is 1.00001
    DEBUG: : PUMP NS basal value for 5:00 is 1.00001
    DEBUG: : PUMP NS basal value for 6:00 is 1.00001
    DEBUG: : PUMP NS basal value for 7:00 is 1.00001
    DEBUG: : PUMP NS basal value for 8:00 is 1.00001
    DEBUG: : PUMP NS basal value for 9:00 is 1.00001
    DEBUG: : PUMP NS basal value for 10:00 is 1.00001
    DEBUG: : PUMP NS basal value for 11:00 is 1.00001
    DEBUG: : PUMP NS basal value for 12:00 is 1.00001
    DEBUG: : PUMP NS basal value for 13:00 is 1.00001
    DEBUG: : PUMP NS basal value for 14:00 is 1.00001
    DEBUG: : PUMP NS basal value for 15:00 is 1.00001
    DEBUG: : PUMP NS basal value for 16:00 is 1.00001
    DEBUG: : PUMP NS basal value for 17:00 is 1.00001
    DEBUG: : PUMP NS basal value for 18:00 is 1.00001
    DEBUG: : PUMP NS basal value for 19:00 is 1.00001
    DEBUG: : PUMP NS basal value for 20:00 is 1.00001
    DEBUG: : PUMP NS basal value for 21:00 is 1.00001
    DEBUG: : PUMP NS basal value for 22:00 is 1.00001
    DEBUG: : PUMP NS basal value for 23:00 is 1.00001

AppConfirmSettingResponsePacketTest > msgTypeShouldBeCorrect() STANDARD_OUT
    DEBUG: : PUMPCOMM AppConfirmSettingReqPacket Response 

AppConfirmSettingResponsePacketTest > handleMessageShouldNotSetReadyToBolusOnNonBolusConfirm() STARTED

AppConfirmSettingResponsePacketTest > handleMessageShouldNotSetReadyToBolusOnNonBolusConfirm() STANDARD_OUT
    DEBUG: : PUMPCOMM AppConfirmSettingReqPacket Response 
    DEBUG: : PUMPCOMM Result --> 0

AppConfirmSettingResponsePacketTest > friendlyNameShouldBeCorrect() STARTED

AppConfirmSettingResponsePacketTest > friendlyNameShouldBeCorrect() STANDARD_OUT
    DEBUG: : PUMPCOMM AppConfirmSettingReqPacket Response 

AppConfirmSettingResponsePacketTest > handleMessageShouldSetReadyToBolusOnBolusConfirm() STARTED

AppConfirmSettingResponsePacketTest > handleMessageShouldSetReadyToBolusOnBolusConfirm() STANDARD_OUT
    DEBUG: : PUMPCOMM AppConfirmSettingReqPacket Response 
    DEBUG: : PUMPCOMM Result --> 0

AppConfirmSettingResponsePacketTest > handleMessageShouldFailOnInvalidResult() STARTED

DiaconnG8PumpTest > extendedBolusInProgressTest() STARTED

AppConfirmSettingResponsePacketTest > handleMessageShouldFailOnInvalidResult() STANDARD_OUT
    DEBUG: : PUMPCOMM AppConfirmSettingReqPacket Response 
    DEBUG: : PUMPCOMM Result --> 1
    ERROR: PUMPCOMM Packet CRC error

AppConfirmSettingResponsePacketTest > handleMessageShouldSucceedOnValidResult() STARTED

DiaconnG8PumpTest > tempBasalInProgressTest() STARTED

AppConfirmSettingResponsePacketTest > handleMessageShouldSucceedOnValidResult() STANDARD_OUT
    DEBUG: : PUMPCOMM AppConfirmSettingReqPacket Response 
    DEBUG: : PUMPCOMM Result --> 0

BasalSettingPacketTest > msgTypeShouldBeCorrect() STARTED

BasalSettingPacketTest > msgTypeShouldBeCorrect() STANDARD_OUT
    DEBUG: : PUMPCOMM Setting new basal rates for profile

BasalSettingPacketTest > encodeShouldHandleVariableBasalRates() STARTED

DiaconnG8PumpTest > extendedBolusAbsoluteRateTest() STARTED

BasalSettingPacketTest > encodeShouldHandleVariableBasalRates() STANDARD_OUT
    DEBUG: : PUMPCOMM Setting new basal rates for profile

BasalSettingPacketTest > encodeShouldHandleAllPatterns() STARTED

BasalSettingPacketTest > encodeShouldHandleAllPatterns() STANDARD_OUT
    DEBUG: : PUMPCOMM Setting new basal rates for profile
    DEBUG: : PUMPCOMM Setting new basal rates for profile
    DEBUG: : PUMPCOMM Setting new basal rates for profile
    DEBUG: : PUMPCOMM Setting new basal rates for profile
    DEBUG: : PUMPCOMM Setting new basal rates for profile
    DEBUG: : PUMPCOMM Setting new basal rates for profile

BasalSettingPacketTest > friendlyNameShouldBeCorrect() STARTED

DiaconnG8PumpTest > pumpUidGenerationTest() STARTED

BasalSettingPacketTest > friendlyNameShouldBeCorrect() STANDARD_OUT
    DEBUG: : PUMPCOMM Setting new basal rates for profile

BasalSettingPacketTest > encodeShouldHandleAllGroups() STARTED

BasalSettingPacketTest > encodeShouldHandleAllGroups() STANDARD_OUT
    DEBUG: : PUMPCOMM Setting new basal rates for profile
    DEBUG: : PUMPCOMM Setting new basal rates for profile
    DEBUG: : PUMPCOMM Setting new basal rates for profile
    DEBUG: : PUMPCOMM Setting new basal rates for profile

DiaconnG8PumpTest > fromTemporaryBasalTest() STARTED

BasalSettingPacketTest > encodeShouldGenerateValidPacketForLastGroup() STARTED

DiaconnG8PumpTest > pumpVersionTest() STARTED

BasalSettingPacketTest > encodeShouldGenerateValidPacketForLastGroup() STANDARD_OUT
    DEBUG: : PUMPCOMM Setting new basal rates for profile

BasalSettingPacketTest > encodeShouldGenerateValidPacketForFirstGroup() STARTED

BasalSettingPacketTest > encodeShouldGenerateValidPacketForFirstGroup() STANDARD_OUT
    DEBUG: : PUMPCOMM Setting new basal rates for profile

DiaconnG8PumpTest > fromExtendedBolusTest() STARTED

BigLogInquirePacketTest > encodeShouldHandleZeroValues() STARTED

BigLogInquirePacketTest > encodeShouldHandleZeroValues() STANDARD_OUT
    DEBUG: : PUMPCOMM BigLogInquirePacket init

BigLogInquirePacketTest > friendlyNameShouldBeCorrect() STARTED

DiaconnG8PumpTest > resetTest() STARTED

BigLogInquirePacketTest > friendlyNameShouldBeCorrect() STANDARD_OUT
    DEBUG: : PUMPCOMM BigLogInquirePacket init

BigLogInquirePacketTest > encodeShouldGenerateValidPacketWithParameters() STARTED

DiaconnG8PumpTest > resetTest() STANDARD_OUT
    DEBUG: : PUMP Diaconn G8 Pump reset

BigLogInquirePacketTest > encodeShouldGenerateValidPacketWithParameters() STANDARD_OUT
    DEBUG: : PUMPCOMM BigLogInquirePacket init

BasalLimitInquireResponsePacketTest > handleMessageShouldFailOnDefectivePacket() STARTED

BigLogInquirePacketTest > encodeShouldHandleMaxValues() STARTED

BigLogInquirePacketTest > encodeShouldHandleMaxValues() STANDARD_OUT
    DEBUG: : PUMPCOMM BigLogInquirePacket init

BasalLimitInquireResponsePacketTest > handleMessageShouldFailOnDefectivePacket() STANDARD_OUT
    DEBUG: : PUMPCOMM BasalLimitInquireResponsePacket init
    DEBUG: : PUMPCOMM BasalLimitInquireResponsePacket Got some Error

BasalLimitInquireResponsePacketTest > handleMessageShouldProcessValidResponse() STARTED

BolusSpeedSettingPacketTest > msgTypeShouldBeCorrect() STARTED

BolusSpeedSettingPacketTest > msgTypeShouldBeCorrect() STANDARD_OUT
    DEBUG: : PUMPCOMM BolusSpeedSettingPacket init

BolusSpeedSettingPacketTest > encodeShouldHandleMaxSpeed() STARTED

BasalLimitInquireResponsePacketTest > handleMessageShouldProcessValidResponse() STANDARD_OUT
    DEBUG: : PUMPCOMM BasalLimitInquireResponsePacket init

BolusSpeedSettingPacketTest > encodeShouldHandleMaxSpeed() STANDARD_OUT
    DEBUG: : PUMPCOMM BolusSpeedSettingPacket init

BolusSpeedSettingPacketTest > friendlyNameShouldBeCorrect() STARTED

BolusSpeedSettingPacketTest > friendlyNameShouldBeCorrect() STANDARD_OUT
    DEBUG: : PUMPCOMM BolusSpeedSettingPacket init

BolusSpeedSettingPacketTest > encodeShouldGenerateValidPacketWithType() STARTED

BolusSpeedSettingPacketTest > encodeShouldGenerateValidPacketWithType() STANDARD_OUT
    DEBUG: : PUMPCOMM BolusSpeedSettingPacket init

BolusSpeedSettingPacketTest > encodeShouldHandleMinSpeed() STARTED

BasalLimitInquireResponsePacketTest > handleMessageShouldProcessValidResponse() STANDARD_OUT
    DEBUG: : PUMPCOMM Result --> 0
    DEBUG: : PUMPCOMM maxBasal --> 7.0

BasalLimitInquireResponsePacketTest > friendlyNameShouldBeCorrect() STARTED

BolusSpeedSettingPacketTest > encodeShouldHandleMinSpeed() STANDARD_OUT
    DEBUG: : PUMPCOMM BolusSpeedSettingPacket init

DisplayTimeInquireResponsePacketTest > handleMessageShouldHandleMinimumDisplayTime() STARTED

DisplayTimeInquireResponsePacketTest > handleMessageShouldHandleMinimumDisplayTime() STANDARD_OUT
    DEBUG: : PUMPCOMM DisplayTimeInquireResponsePacket init
    DEBUG: : PUMPCOMM Result --> 0
    DEBUG: : PUMPCOMM lcdOnTimeSec --> 10

DisplayTimeInquireResponsePacketTest > handleMessageShouldFailOnDefectivePacket() STARTED

BasalLimitInquireResponsePacketTest > friendlyNameShouldBeCorrect() STANDARD_OUT
    DEBUG: : PUMPCOMM BasalLimitInquireResponsePacket init

BasalLimitInquireResponsePacketTest > handleMessageShouldFailOnInvalidResult() STARTED

DisplayTimeInquireResponsePacketTest > handleMessageShouldFailOnDefectivePacket() STANDARD_OUT
    DEBUG: : PUMPCOMM DisplayTimeInquireResponsePacket init
    DEBUG: : PUMPCOMM DisplayTimeInquireResponsePacket Got some Error

DisplayTimeInquireResponsePacketTest > msgTypeShouldBeCorrect() STARTED

DisplayTimeInquireResponsePacketTest > msgTypeShouldBeCorrect() STANDARD_OUT
    DEBUG: : PUMPCOMM DisplayTimeInquireResponsePacket init

DisplayTimeInquireResponsePacketTest > handleMessageShouldParseDisplayTime() STARTED

BasalLimitInquireResponsePacketTest > handleMessageShouldFailOnInvalidResult() STANDARD_OUT
    DEBUG: : PUMPCOMM BasalLimitInquireResponsePacket init
    ERROR: PUMPCOMM Packet CRC error

BasalLimitInquireResponsePacketTest > handleMessageShouldUseHigherMultiplierForNewerFirmware() STARTED

DisplayTimeInquireResponsePacketTest > handleMessageShouldParseDisplayTime() STANDARD_OUT
    DEBUG: : PUMPCOMM DisplayTimeInquireResponsePacket init
    DEBUG: : PUMPCOMM Result --> 0
    DEBUG: : PUMPCOMM lcdOnTimeSec --> 30

DisplayTimeInquireResponsePacketTest > handleMessageShouldHandleDifferentDisplayTimes() STARTED

DisplayTimeInquireResponsePacketTest > handleMessageShouldHandleDifferentDisplayTimes() STANDARD_OUT
    DEBUG: : PUMPCOMM DisplayTimeInquireResponsePacket init
    DEBUG: : PUMPCOMM Result --> 0
    DEBUG: : PUMPCOMM lcdOnTimeSec --> 10
    DEBUG: : PUMPCOMM Result --> 0
    DEBUG: : PUMPCOMM lcdOnTimeSec --> 15
    DEBUG: : PUMPCOMM Result --> 0
    DEBUG: : PUMPCOMM lcdOnTimeSec --> 30
    DEBUG: : PUMPCOMM Result --> 0
    DEBUG: : PUMPCOMM lcdOnTimeSec --> 60

BasalLimitInquireResponsePacketTest > handleMessageShouldUseHigherMultiplierForNewerFirmware() STANDARD_OUT
    DEBUG: : PUMPCOMM BasalLimitInquireResponsePacket init
    DEBUG: : PUMPCOMM Result --> 0
    DEBUG: : PUMPCOMM maxBasal --> 10.0

DisplayTimeInquireResponsePacketTest > handleMessageShouldHandleDifferentDisplayTimes() STANDARD_OUT
    DEBUG: : PUMPCOMM Result --> 0
    DEBUG: : PUMPCOMM lcdOnTimeSec --> 90
    DEBUG: : PUMPCOMM Result --> 0
    DEBUG: : PUMPCOMM lcdOnTimeSec --> 120

DisplayTimeInquireResponsePacketTest > handleMessageShouldHandleMaximumDisplayTime() STARTED

BasalSettingResponsePacketTest > handleMessageShouldFailOnDefectivePacket() STARTED

DisplayTimeInquireResponsePacketTest > handleMessageShouldHandleMaximumDisplayTime() STANDARD_OUT
    DEBUG: : PUMPCOMM DisplayTimeInquireResponsePacket init
    DEBUG: : PUMPCOMM Result --> 0
    DEBUG: : PUMPCOMM lcdOnTimeSec --> 120

DisplayTimeInquireResponsePacketTest > friendlyNameShouldBeCorrect() STARTED

DisplayTimeInquireResponsePacketTest > friendlyNameShouldBeCorrect() STANDARD_OUT
    DEBUG: : PUMPCOMM DisplayTimeInquireResponsePacket init

DisplayTimeInquireResponsePacketTest > handleMessageShouldFailOnInvalidResult() STARTED

BasalSettingResponsePacketTest > handleMessageShouldFailOnDefectivePacket() STANDARD_OUT
    DEBUG: : PUMPCOMM BasalSettingResponsePacket init
    DEBUG: : PUMPCOMM BasalSettingResponsePacket Got some Error

BasalSettingResponsePacketTest > msgTypeShouldBeCorrect() STARTED

DisplayTimeInquireResponsePacketTest > handleMessageShouldFailOnInvalidResult() STANDARD_OUT
    DEBUG: : PUMPCOMM DisplayTimeInquireResponsePacket init
    ERROR: PUMPCOMM Packet CRC error

InjectionBasalSettingPacketTest > encodeShouldGenerateValidPacketWithPattern() STARTED

BasalSettingResponsePacketTest > msgTypeShouldBeCorrect() STANDARD_OUT
    DEBUG: : PUMPCOMM BasalSettingResponsePacket init

BasalSettingResponsePacketTest > handleMessageShouldHandleLargeOtpNumber() STARTED

InjectionBasalSettingPacketTest > encodeShouldGenerateValidPacketWithPattern() STANDARD_OUT
    DEBUG: : PUMPCOMM InjectionBasalSettingPacket init 

InjectionBasalSettingPacketTest > encodeShouldHandleDoctor2Pattern() STARTED

InjectionBasalSettingPacketTest > encodeShouldHandleDoctor2Pattern() STANDARD_OUT
    DEBUG: : PUMPCOMM InjectionBasalSettingPacket init 

BasalSettingResponsePacketTest > handleMessageShouldHandleLargeOtpNumber() STANDARD_OUT
    DEBUG: : PUMPCOMM BasalSettingResponsePacket init
    DEBUG: : PUMPCOMM Result --> 0
    DEBUG: : PUMPCOMM otpNumber --> 999999

BasalSettingResponsePacketTest > friendlyNameShouldBeCorrect() STARTED

InjectionBasalSettingPacketTest > msgTypeShouldBeCorrect() STARTED

BasalSettingResponsePacketTest > friendlyNameShouldBeCorrect() STANDARD_OUT
    DEBUG: : PUMPCOMM BasalSettingResponsePacket init

InjectionBasalSettingPacketTest > msgTypeShouldBeCorrect() STANDARD_OUT
    DEBUG: : PUMPCOMM InjectionBasalSettingPacket init 

BasalSettingResponsePacketTest > handleMessageShouldFailOnInvalidResult() STARTED

InjectionBasalSettingPacketTest > encodeShouldHandleLife2Pattern() STARTED

BasalSettingResponsePacketTest > handleMessageShouldFailOnInvalidResult() STANDARD_OUT
    DEBUG: : PUMPCOMM BasalSettingResponsePacket init
    ERROR: PUMPCOMM Packet CRC error

InjectionBasalSettingPacketTest > encodeShouldHandleLife2Pattern() STANDARD_OUT
    DEBUG: : PUMPCOMM InjectionBasalSettingPacket init 

InjectionBasalSettingPacketTest > friendlyNameShouldBeCorrect() STARTED

BasalSettingResponsePacketTest > handleMessageShouldHandleZeroOtpNumber() STARTED

InjectionBasalSettingPacketTest > friendlyNameShouldBeCorrect() STANDARD_OUT
    DEBUG: : PUMPCOMM InjectionBasalSettingPacket init 

InjectionBasalSettingPacketTest > encodeShouldHandleLife3Pattern() STARTED

BasalSettingResponsePacketTest > handleMessageShouldHandleZeroOtpNumber() STANDARD_OUT
    DEBUG: : PUMPCOMM BasalSettingResponsePacket init
    DEBUG: : PUMPCOMM Result --> 0
    DEBUG: : PUMPCOMM otpNumber --> 0

BasalSettingResponsePacketTest > handleMessageShouldParseOtpNumber() STARTED

InjectionBasalSettingPacketTest > encodeShouldHandleLife3Pattern() STANDARD_OUT
    DEBUG: : PUMPCOMM InjectionBasalSettingPacket init 

InjectionBasalSettingPacketTest > encodeShouldHandleDoctor1Pattern() STARTED

InjectionBasalSettingPacketTest > encodeShouldHandleDoctor1Pattern() STANDARD_OUT
    DEBUG: : PUMPCOMM InjectionBasalSettingPacket init 

InjectionBasalSettingPacketTest > encodeShouldHandleBasicPattern() STARTED

BasalSettingResponsePacketTest > handleMessageShouldParseOtpNumber() STANDARD_OUT
    DEBUG: : PUMPCOMM BasalSettingResponsePacket init
    DEBUG: : PUMPCOMM Result --> 0
    DEBUG: : PUMPCOMM otpNumber --> 123456

BigMainInfoInquirePacketTest > encodeShouldGenerateValidPacket() STARTED

InjectionBasalSettingPacketTest > encodeShouldHandleBasicPattern() STANDARD_OUT
    DEBUG: : PUMPCOMM InjectionBasalSettingPacket init 

InjectionExtendedBolusSettingPacketTest > encodeShouldHandleMaxDurationExtendedBolus() STARTED

InjectionExtendedBolusSettingPacketTest > encodeShouldHandleMaxDurationExtendedBolus() STANDARD_OUT
    DEBUG: : PUMPCOMM InjectionExtendedBolusSettingPacket init 

InjectionExtendedBolusSettingPacketTest > msgTypeShouldBeCorrect() STARTED

BigMainInfoInquirePacketTest > encodeShouldGenerateValidPacket() STANDARD_OUT
    DEBUG: : PUMPCOMM BigMainInfoInquirePacket init

BigMainInfoInquirePacketTest > friendlyNameShouldBeCorrect() STARTED

InjectionExtendedBolusSettingPacketTest > msgTypeShouldBeCorrect() STANDARD_OUT
    DEBUG: : PUMPCOMM InjectionExtendedBolusSettingPacket init 

InjectionExtendedBolusSettingPacketTest > encodeShouldHandleShortDurationExtendedBolus() STARTED

BigMainInfoInquirePacketTest > friendlyNameShouldBeCorrect() STANDARD_OUT
    DEBUG: : PUMPCOMM BigMainInfoInquirePacket init

BolusSpeedSettingResponsePacketTest > handleMessageShouldFailOnDefectivePacket() STARTED

InjectionExtendedBolusSettingPacketTest > encodeShouldHandleShortDurationExtendedBolus() STANDARD_OUT
    DEBUG: : PUMPCOMM InjectionExtendedBolusSettingPacket init 

InjectionExtendedBolusSettingPacketTest > friendlyNameShouldBeCorrect() STARTED

BolusSpeedSettingResponsePacketTest > handleMessageShouldFailOnDefectivePacket() STANDARD_OUT
    DEBUG: : PUMPCOMM BolusSpeedSettingResponsePacket init
    DEBUG: : PUMPCOMM BolusSpeedSettingResponsePacket Got some Error

InjectionExtendedBolusSettingPacketTest > friendlyNameShouldBeCorrect() STANDARD_OUT
    DEBUG: : PUMPCOMM InjectionExtendedBolusSettingPacket init 

InjectionExtendedBolusSettingPacketTest > encodeShouldGenerateValidPacketForExtendedBolus() STARTED

BolusSpeedSettingResponsePacketTest > msgTypeShouldBeCorrect() STARTED

InjectionExtendedBolusSettingPacketTest > encodeShouldGenerateValidPacketForExtendedBolus() STANDARD_OUT
    DEBUG: : PUMPCOMM InjectionExtendedBolusSettingPacket init 

InjectionExtendedBolusSettingPacketTest > encodeShouldHandleLongDurationExtendedBolus() STARTED

InjectionExtendedBolusSettingPacketTest > encodeShouldHandleLongDurationExtendedBolus() STANDARD_OUT
    DEBUG: : PUMPCOMM InjectionExtendedBolusSettingPacket init 

BolusSpeedSettingResponsePacketTest > msgTypeShouldBeCorrect() STANDARD_OUT
    DEBUG: : PUMPCOMM BolusSpeedSettingResponsePacket init

InjectionSnackInquireResponsePacketTest > handleMessageShouldFailOnDefectivePacket() STARTED

BolusSpeedSettingResponsePacketTest > handleMessageShouldHandleLargeOtpNumber() STARTED

InjectionSnackInquireResponsePacketTest > handleMessageShouldFailOnDefectivePacket() STANDARD_OUT
    DEBUG: : PUMPCOMM InjectionSnackInquireResponsePacket init
    DEBUG: : PUMPCOMM InjectionSnackInquireResponsePacket Got some Error

InjectionSnackInquireResponsePacketTest > handleMessageShouldHandleCompletedInjection() STARTED

InjectionSnackInquireResponsePacketTest > handleMessageShouldHandleCompletedInjection() STANDARD_OUT
    DEBUG: : PUMPCOMM InjectionSnackInquireResponsePacket init
    DEBUG: : PUMPCOMM Result --> 16
    DEBUG: : PUMPCOMM snackStatus > 2

BolusSpeedSettingResponsePacketTest > handleMessageShouldHandleLargeOtpNumber() STANDARD_OUT
    DEBUG: : PUMPCOMM BolusSpeedSettingResponsePacket init

InjectionSnackInquireResponsePacketTest > handleMessageShouldHandleCompletedInjection() STANDARD_OUT
    DEBUG: : PUMPCOMM snackAmount > 10.0

BolusSpeedSettingResponsePacketTest > handleMessageShouldHandleLargeOtpNumber() STANDARD_OUT
    DEBUG: : PUMPCOMM Result --> 0
    DEBUG: : PUMPCOMM otpNumber --> 999999

InjectionSnackInquireResponsePacketTest > handleMessageShouldHandleCompletedInjection() STANDARD_OUT
    DEBUG: : PUMPCOMM snackInjAmount > 10.0
    DEBUG: : PUMPCOMM snackSpeed > 5

BolusSpeedSettingResponsePacketTest > friendlyNameShouldBeCorrect() STARTED

InjectionSnackInquireResponsePacketTest > handleMessageShouldParseSnackInjectionStatus() STARTED

InjectionSnackInquireResponsePacketTest > handleMessageShouldParseSnackInjectionStatus() STANDARD_OUT
    DEBUG: : PUMPCOMM InjectionSnackInquireResponsePacket init
    DEBUG: : PUMPCOMM Result --> 16
    DEBUG: : PUMPCOMM snackStatus > 1
    DEBUG: : PUMPCOMM snackAmount > 5.0
    DEBUG: : PUMPCOMM snackInjAmount > 2.5
    DEBUG: : PUMPCOMM snackSpeed > 3

InjectionSnackInquireResponsePacketTest > msgTypeShouldBeCorrect() STARTED

BolusSpeedSettingResponsePacketTest > friendlyNameShouldBeCorrect() STANDARD_OUT
    DEBUG: : PUMPCOMM BolusSpeedSettingResponsePacket init

BolusSpeedSettingResponsePacketTest > handleMessageShouldFailOnInvalidResult() STARTED

InjectionSnackInquireResponsePacketTest > msgTypeShouldBeCorrect() STANDARD_OUT
    DEBUG: : PUMPCOMM InjectionSnackInquireResponsePacket init

BolusSpeedSettingResponsePacketTest > handleMessageShouldFailOnInvalidResult() STANDARD_OUT
    DEBUG: : PUMPCOMM BolusSpeedSettingResponsePacket init

InjectionSnackInquireResponsePacketTest > friendlyNameShouldBeCorrect() STARTED

BolusSpeedSettingResponsePacketTest > handleMessageShouldFailOnInvalidResult() STANDARD_OUT
    ERROR: PUMPCOMM Packet CRC error

BolusSpeedSettingResponsePacketTest > handleMessageShouldHandleZeroOtpNumber() STARTED

InjectionSnackInquireResponsePacketTest > friendlyNameShouldBeCorrect() STANDARD_OUT
    DEBUG: : PUMPCOMM InjectionSnackInquireResponsePacket init

InjectionSnackInquireResponsePacketTest > handleMessageShouldFailOnInvalidResult() STARTED

InjectionSnackInquireResponsePacketTest > handleMessageShouldFailOnInvalidResult() STANDARD_OUT
    DEBUG: : PUMPCOMM InjectionSnackInquireResponsePacket init
    ERROR: PUMPCOMM Packet CRC error

InjectionSnackInquireResponsePacketTest > handleMessageShouldHandleNoInjection() STARTED

AppConfirmSettingPacketTest > encodeShouldHandleDifferentRequestTypes() STANDARD_OUT
    DEBUG: : PUMPCOMM AppConfirmSettingPacket init
    DEBUG: : PUMPCOMM reqMsgType -> 10
    DEBUG: : PUMPCOMM otp -> 999999

InjectionSnackInquireResponsePacketTest > handleMessageShouldHandleNoInjection() STANDARD_OUT
    DEBUG: : PUMPCOMM InjectionSnackInquireResponsePacket init
    DEBUG: : PUMPCOMM Result --> 16
    DEBUG: : PUMPCOMM snackStatus > 2
    DEBUG: : PUMPCOMM snackAmount > 0.0
    DEBUG: : PUMPCOMM snackInjAmount > 0.0
    DEBUG: : PUMPCOMM snackSpeed > 0

BolusSpeedSettingResponsePacketTest > handleMessageShouldHandleZeroOtpNumber() STANDARD_OUT
    DEBUG: : PUMPCOMM BolusSpeedSettingResponsePacket init
    DEBUG: : PUMPCOMM Result --> 0
    DEBUG: : PUMPCOMM otpNumber --> 0

InjectionSnackInquireResponsePacketTest > handleMessageShouldHandleDifferentSpeeds() STARTED

BolusSpeedSettingResponsePacketTest > handleMessageShouldParseOtpNumber() STARTED

InjectionSnackInquireResponsePacketTest > handleMessageShouldHandleDifferentSpeeds() STANDARD_OUT
    DEBUG: : PUMPCOMM InjectionSnackInquireResponsePacket init
    DEBUG: : PUMPCOMM Result --> 16
    DEBUG: : PUMPCOMM snackStatus > 1

BolusSpeedSettingResponsePacketTest > handleMessageShouldParseOtpNumber() STANDARD_OUT
    DEBUG: : PUMPCOMM BolusSpeedSettingResponsePacket init
    DEBUG: : PUMPCOMM Result --> 0
    DEBUG: : PUMPCOMM otpNumber --> 123456

InjectionSnackInquireResponsePacketTest > handleMessageShouldHandleDifferentSpeeds() STANDARD_OUT
    DEBUG: : PUMPCOMM snackAmount > 5.0
    DEBUG: : PUMPCOMM snackInjAmount > 2.5
    DEBUG: : PUMPCOMM snackSpeed > 1
    DEBUG: : PUMPCOMM Result --> 16
    DEBUG: : PUMPCOMM snackStatus > 1
    DEBUG: : PUMPCOMM snackAmount > 5.0
    DEBUG: : PUMPCOMM snackInjAmount > 2.5
    DEBUG: : PUMPCOMM snackSpeed > 2
    DEBUG: : PUMPCOMM Result --> 16
    DEBUG: : PUMPCOMM snackStatus > 1
    DEBUG: : PUMPCOMM snackAmount > 5.0
    DEBUG: : PUMPCOMM snackInjAmount > 2.5
    DEBUG: : PUMPCOMM snackSpeed > 3
    DEBUG: : PUMPCOMM Result --> 16
    DEBUG: : PUMPCOMM snackStatus > 1
    DEBUG: : PUMPCOMM snackAmount > 5.0
    DEBUG: : PUMPCOMM snackInjAmount > 2.5
    DEBUG: : PUMPCOMM snackSpeed > 4
    DEBUG: : PUMPCOMM Result --> 16
    DEBUG: : PUMPCOMM snackStatus > 1
    DEBUG: : PUMPCOMM snackAmount > 5.0
    DEBUG: : PUMPCOMM snackInjAmount > 2.5
    DEBUG: : PUMPCOMM snackSpeed > 5
    DEBUG: : PUMPCOMM Result --> 16
    DEBUG: : PUMPCOMM snackStatus > 1
    DEBUG: : PUMPCOMM snackAmount > 5.0
    DEBUG: : PUMPCOMM snackInjAmount > 2.5
    DEBUG: : PUMPCOMM snackSpeed > 6
    DEBUG: : PUMPCOMM Result --> 16
    DEBUG: : PUMPCOMM snackStatus > 1
    DEBUG: : PUMPCOMM snackAmount > 5.0
    DEBUG: : PUMPCOMM snackInjAmount > 2.5
    DEBUG: : PUMPCOMM snackSpeed > 7
    DEBUG: : PUMPCOMM Result --> 16
    DEBUG: : PUMPCOMM snackStatus > 1
    DEBUG: : PUMPCOMM snackAmount > 5.0
    DEBUG: : PUMPCOMM snackInjAmount > 2.5
    DEBUG: : PUMPCOMM snackSpeed > 8

DisplayTimeoutSettingResponsePacketTest > handleMessageShouldFailOnDefectivePacket() STARTED

InjectionSnackInquireResponsePacketTest > handleMessageShouldHandlePartialInjection() STARTED

DisplayTimeoutSettingResponsePacketTest > handleMessageShouldFailOnDefectivePacket() STANDARD_OUT
    DEBUG: : PUMPCOMM DisplayTimeoutSettingResponsePacket init 
    DEBUG: : PUMPCOMM DisplayTimeoutSettingResponsePacket Got some Error

DisplayTimeoutSettingResponsePacketTest > msgTypeShouldBeCorrect() STARTED

InjectionSnackInquireResponsePacketTest > handleMessageShouldHandlePartialInjection() STANDARD_OUT
    DEBUG: : PUMPCOMM InjectionSnackInquireResponsePacket init
    DEBUG: : PUMPCOMM Result --> 16
    DEBUG: : PUMPCOMM snackStatus > 1
    DEBUG: : PUMPCOMM snackAmount > 8.0
    DEBUG: : PUMPCOMM snackInjAmount > 3.5
    DEBUG: : PUMPCOMM snackSpeed > 4

DisplayTimeoutSettingResponsePacketTest > msgTypeShouldBeCorrect() STANDARD_OUT
    DEBUG: : PUMPCOMM DisplayTimeoutSettingResponsePacket init 

DisplayTimeoutSettingResponsePacketTest > handleMessageShouldHandleLargeOtpNumber() STARTED

LanguageInquireResponsePacketTest > handleMessageShouldFailOnDefectivePacket() STARTED

DisplayTimeoutSettingResponsePacketTest > handleMessageShouldHandleLargeOtpNumber() STANDARD_OUT
    DEBUG: : PUMPCOMM DisplayTimeoutSettingResponsePacket init 
    DEBUG: : PUMPCOMM Result --> 0
    DEBUG: : PUMPCOMM otpNumber --> 999999

LanguageInquireResponsePacketTest > handleMessageShouldFailOnDefectivePacket() STANDARD_OUT
    DEBUG: : PUMPCOMM LanguageInquireResponsePacket init
    DEBUG: : PUMPCOMM LanguageInquireResponsePacket Got some Error

DisplayTimeoutSettingResponsePacketTest > friendlyNameShouldBeCorrect() STARTED

LanguageInquireResponsePacketTest > msgTypeShouldBeCorrect() STARTED

LanguageInquireResponsePacketTest > msgTypeShouldBeCorrect() STANDARD_OUT
    DEBUG: : PUMPCOMM LanguageInquireResponsePacket init

LanguageInquireResponsePacketTest > friendlyNameShouldBeCorrect() STARTED

DisplayTimeoutSettingResponsePacketTest > friendlyNameShouldBeCorrect() STANDARD_OUT
    DEBUG: : PUMPCOMM DisplayTimeoutSettingResponsePacket init 

DisplayTimeoutSettingResponsePacketTest > handleMessageShouldFailOnInvalidResult() STARTED

LanguageInquireResponsePacketTest > friendlyNameShouldBeCorrect() STANDARD_OUT
    DEBUG: : PUMPCOMM LanguageInquireResponsePacket init

LanguageInquireResponsePacketTest > handleMessageShouldFailOnInvalidResult() STARTED

DisplayTimeoutSettingResponsePacketTest > handleMessageShouldFailOnInvalidResult() STANDARD_OUT
    DEBUG: : PUMPCOMM DisplayTimeoutSettingResponsePacket init 
    ERROR: PUMPCOMM Packet CRC error

DisplayTimeoutSettingResponsePacketTest > handleMessageShouldHandleZeroOtpNumber() STARTED

DisplayTimeoutSettingResponsePacketTest > handleMessageShouldHandleZeroOtpNumber() STANDARD_OUT
    DEBUG: : PUMPCOMM DisplayTimeoutSettingResponsePacket init 
    DEBUG: : PUMPCOMM Result --> 0
    DEBUG: : PUMPCOMM otpNumber --> 0

DisplayTimeoutSettingResponsePacketTest > handleMessageShouldParseOtpNumber() STARTED

LanguageInquireResponsePacketTest > handleMessageShouldFailOnInvalidResult() STANDARD_OUT
    DEBUG: : PUMPCOMM LanguageInquireResponsePacket init
    ERROR: PUMPCOMM Packet CRC error

LanguageInquireResponsePacketTest > handleMessageShouldHandleOtherLanguages() STARTED

LanguageInquireResponsePacketTest > handleMessageShouldHandleOtherLanguages() STANDARD_OUT
    DEBUG: : PUMPCOMM LanguageInquireResponsePacket init
    DEBUG: : PUMPCOMM Result --> 0
    DEBUG: : PUMPCOMM selectedLanguage --> 0
    DEBUG: : PUMPCOMM Result --> 0
    DEBUG: : PUMPCOMM selectedLanguage --> 1
    DEBUG: : PUMPCOMM Result --> 0
    DEBUG: : PUMPCOMM selectedLanguage --> 2
    DEBUG: : PUMPCOMM Result --> 0
    DEBUG: : PUMPCOMM selectedLanguage --> 3
    DEBUG: : PUMPCOMM Result --> 0
    DEBUG: : PUMPCOMM selectedLanguage --> 4
    DEBUG: : PUMPCOMM Result --> 0
    DEBUG: : PUMPCOMM selectedLanguage --> 5

LanguageInquireResponsePacketTest > handleMessageShouldHandleEnglishLanguage() STARTED

DisplayTimeoutSettingResponsePacketTest > handleMessageShouldParseOtpNumber() STANDARD_OUT
    DEBUG: : PUMPCOMM DisplayTimeoutSettingResponsePacket init 
    DEBUG: : PUMPCOMM Result --> 0
    DEBUG: : PUMPCOMM otpNumber --> 123456

LanguageInquireResponsePacketTest > handleMessageShouldHandleEnglishLanguage() STANDARD_OUT
    DEBUG: : PUMPCOMM LanguageInquireResponsePacket init
    DEBUG: : PUMPCOMM Result --> 0
    DEBUG: : PUMPCOMM selectedLanguage --> 0

InjectionBlockReportPacketTest > handleMessageShouldFailOnDefectivePacket() STARTED

LanguageInquireResponsePacketTest > handleMessageShouldParseLanguageSetting() STARTED

LanguageInquireResponsePacketTest > handleMessageShouldParseLanguageSetting() STANDARD_OUT
    DEBUG: : PUMPCOMM LanguageInquireResponsePacket init
    DEBUG: : PUMPCOMM Result --> 0

InjectionBlockReportPacketTest > handleMessageShouldFailOnDefectivePacket() STANDARD_OUT
    DEBUG: : PUMPCOMM InjectionBlockReportPacket init 
    DEBUG: : PUMPCOMM InjectionBasalReportPacket Got some Error

InjectionBlockReportPacketTest > handleMessageShouldHandleNeedleType() STARTED

InjectionBlockReportPacketTest > handleMessageShouldHandleNeedleType() STANDARD_OUT
    DEBUG: : PUMPCOMM InjectionBlockReportPacket init 
    DEBUG: : PUMPCOMM injectionBlockGrade --> 1 (1:info, 2: warning , 3: major , 4: critical)
    DEBUG: : PUMPCOMM injectionBlockProcess --> 3 (1:skip, 2: stop , 3: ignore ) 
    DEBUG: : PUMPCOMM injectionBlockRemainAmount --> 300.0  
    DEBUG: : PUMPCOMM injectionBlockType --> 7 (1:basal, 2: meal , 3: normal , 4: square , 5:dual, 6:tube, 7:needle) 

InjectionBlockReportPacketTest > msgTypeShouldBeCorrect() STARTED

LanguageInquireResponsePacketTest > handleMessageShouldParseLanguageSetting() STANDARD_OUT
    DEBUG: : PUMPCOMM selectedLanguage --> 1

SerialNumInquirePacketTest > encodedPacketShouldHaveValidCRC() STARTED

SerialNumInquirePacketTest > encodedPacketShouldHaveValidCRC() STANDARD_OUT
    DEBUG: : PUMPCOMM SerialNumInquirePacket init

SerialNumInquirePacketTest > encodeShouldGenerateValidPacket() STARTED

SerialNumInquirePacketTest > encodeShouldGenerateValidPacket() STANDARD_OUT
    DEBUG: : PUMPCOMM SerialNumInquirePacket init

InjectionBlockReportPacketTest > msgTypeShouldBeCorrect() STANDARD_OUT
    DEBUG: : PUMPCOMM InjectionBlockReportPacket init 

InjectionBlockReportPacketTest > handleMessageShouldParseInjectionBlockFields() STARTED

SerialNumInquirePacketTest > msgTypeShouldBeCorrect() STARTED

SerialNumInquirePacketTest > msgTypeShouldBeCorrect() STANDARD_OUT
    DEBUG: : PUMPCOMM SerialNumInquirePacket init

InjectionBlockReportPacketTest > handleMessageShouldParseInjectionBlockFields() STANDARD_OUT
    DEBUG: : PUMPCOMM InjectionBlockReportPacket init 
    DEBUG: : PUMPCOMM injectionBlockGrade --> 2 (1:info, 2: warning , 3: major , 4: critical)
    DEBUG: : PUMPCOMM injectionBlockProcess --> 1 (1:skip, 2: stop , 3: ignore ) 
    DEBUG: : PUMPCOMM injectionBlockRemainAmount --> 123.45  
    DEBUG: : PUMPCOMM injectionBlockType --> 3 (1:basal, 2: meal , 3: normal , 4: square , 5:dual, 6:tube, 7:needle) 

SerialNumInquirePacketTest > friendlyNameShouldBeCorrect() STARTED

InjectionBlockReportPacketTest > handleMessageShouldHandleCriticalGrade() STARTED

SerialNumInquirePacketTest > friendlyNameShouldBeCorrect() STANDARD_OUT
    DEBUG: : PUMPCOMM SerialNumInquirePacket init

SoundSettingPacketTest > msgTypeShouldBeCorrect() STARTED

InjectionBlockReportPacketTest > handleMessageShouldHandleCriticalGrade() STANDARD_OUT
    DEBUG: : PUMPCOMM InjectionBlockReportPacket init 
    DEBUG: : PUMPCOMM injectionBlockGrade --> 4 (1:info, 2: warning , 3: major , 4: critical)
    DEBUG: : PUMPCOMM injectionBlockProcess --> 2 (1:skip, 2: stop , 3: ignore ) 
    DEBUG: : PUMPCOMM injectionBlockRemainAmount --> 0.0  
    DEBUG: : PUMPCOMM injectionBlockType --> 1 (1:basal, 2: meal , 3: normal , 4: square , 5:dual, 6:tube, 7:needle) 

InjectionBlockReportPacketTest > friendlyNameShouldBeCorrect() STARTED

SoundSettingPacketTest > msgTypeShouldBeCorrect() STANDARD_OUT
    DEBUG: : PUMPCOMM SoundSettingPacket init

SoundSettingPacketTest > encodeShouldHandleType3WithIntensity5() STARTED

InjectionBlockReportPacketTest > friendlyNameShouldBeCorrect() STANDARD_OUT
    DEBUG: : PUMPCOMM InjectionBlockReportPacket init 

SoundSettingPacketTest > encodeShouldHandleType3WithIntensity5() STANDARD_OUT
    DEBUG: : PUMPCOMM SoundSettingPacket init

SoundSettingPacketTest > encodeShouldHandleAllTypeAndIntensityCombinations() STARTED

InjectionMealSettingPacketTest > encodeShouldHandleLargeBolus() STARTED

InjectionMealSettingPacketTest > encodeShouldHandleLargeBolus() STANDARD_OUT
    DEBUG: : PUMPCOMM InjectionMealSettingPacket init 

InjectionMealSettingPacketTest > msgTypeShouldBeCorrect() STARTED

SoundSettingPacketTest > encodeShouldHandleAllTypeAndIntensityCombinations() STANDARD_OUT
    DEBUG: : PUMPCOMM SoundSettingPacket init
    DEBUG: : PUMPCOMM SoundSettingPacket init
    DEBUG: : PUMPCOMM SoundSettingPacket init
    DEBUG: : PUMPCOMM SoundSettingPacket init
    DEBUG: : PUMPCOMM SoundSettingPacket init

SoundSettingPacketTest > friendlyNameShouldBeCorrect() STARTED

SoundSettingPacketTest > friendlyNameShouldBeCorrect() STANDARD_OUT
    DEBUG: : PUMPCOMM SoundSettingPacket init

SoundSettingPacketTest > encodeShouldGenerateValidPacketWithTypeAndIntensity() STARTED

InjectionMealSettingPacketTest > msgTypeShouldBeCorrect() STANDARD_OUT
    DEBUG: : PUMPCOMM InjectionMealSettingPacket init 

InjectionMealSettingPacketTest > encodeShouldGenerateValidPacketForMealBolus() STARTED

SoundSettingPacketTest > encodeShouldGenerateValidPacketWithTypeAndIntensity() STANDARD_OUT
    DEBUG: : PUMPCOMM SoundSettingPacket init

SoundSettingPacketTest > encodeShouldHandleType1WithIntensity1() STARTED

InjectionMealSettingPacketTest > encodeShouldGenerateValidPacketForMealBolus() STANDARD_OUT
    DEBUG: : PUMPCOMM InjectionMealSettingPacket init 

InjectionMealSettingPacketTest > friendlyNameShouldBeCorrect() STARTED

SoundSettingPacketTest > encodeShouldHandleType1WithIntensity1() STANDARD_OUT
    DEBUG: : PUMPCOMM SoundSettingPacket init

InjectionMealSettingPacketTest > friendlyNameShouldBeCorrect() STANDARD_OUT
    DEBUG: : PUMPCOMM InjectionMealSettingPacket init 

TempBasalSettingResponsePacketTest > handleMessageShouldFailOnError() STARTED

InjectionMealSettingPacketTest > encodeShouldHandleSmallBolus() STARTED

InjectionMealSettingPacketTest > encodeShouldHandleSmallBolus() STANDARD_OUT
    DEBUG: : PUMPCOMM InjectionMealSettingPacket init 

TempBasalSettingResponsePacketTest > handleMessageShouldFailOnError() STANDARD_OUT
    DEBUG: : PUMPCOMM TempBasalSettingResponsePacket init
    ERROR: PUMPCOMM In the midst of other operations, limited app setup capabilities

TempBasalSettingResponsePacketTest > handleMessageShouldFailOnDefectivePacket() STARTED

TempBasalSettingResponsePacketTest > handleMessageShouldFailOnDefectivePacket() STANDARD_OUT
    DEBUG: : PUMPCOMM TempBasalSettingResponsePacket init
    DEBUG: : PUMPCOMM TempBasalSettingResponsePacket Got some Error

TempBasalSettingResponsePacketTest > msgTypeShouldBeCorrect() STARTED

TempBasalSettingResponsePacketTest > msgTypeShouldBeCorrect() STANDARD_OUT
    DEBUG: : PUMPCOMM TempBasalSettingResponsePacket init

TempBasalSettingResponsePacketTest > friendlyNameShouldBeCorrect() STARTED

TempBasalSettingResponsePacketTest > friendlyNameShouldBeCorrect() STANDARD_OUT
    DEBUG: : PUMPCOMM TempBasalSettingResponsePacket init

TempBasalSettingResponsePacketTest > handleMessageShouldParseSuccessResponse() STARTED

TempBasalSettingResponsePacketTest > handleMessageShouldParseSuccessResponse() STANDARD_OUT
    DEBUG: : PUMPCOMM TempBasalSettingResponsePacket init
    DEBUG: : PUMPCOMM Result --> 0
    DEBUG: : PUMPCOMM otpNumber --> 12345678

TempBasalSettingResponsePacketTest > handleMessageShouldFailOnTempBasalAlreadyRunning() STARTED

TempBasalSettingResponsePacketTest > handleMessageShouldFailOnTempBasalAlreadyRunning() STANDARD_OUT
    DEBUG: : PUMPCOMM TempBasalSettingResponsePacket init
    ERROR: PUMPCOMM Tempbasal start is rejected  when tempbasal is running

LogAlarmBatteryTest > toStringContainsAllFields() STARTED

LogAlarmBatteryTest > logKindConstantIsCorrect() STARTED

LogAlarmBatteryTest > parseCriticalLevel() STARTED

LogAlarmBatteryTest > parseWarningLevel() STARTED

LogAlarmBatteryTest > parseValidLogData() STARTED

LogInjectDualFailTest > parseLogDataWithUserStopReason() STARTED

LogInjectDualFailTest > toStringContainsAllFields() STARTED

LogInjectDualFailTest > logKindConstantIsCorrect() STARTED

LogInjectDualFailTest > parseLogDataWithEmergencyStopReason() STARTED

LogInjectDualFailTest > parseLogDataWithLowBatteryReason() STARTED

LogInjectDualFailTest > parseValidLogDataWithBlockageReason() STARTED

LogInjectDualFailTest > getInjectTimeShouldReturnUnsignedValue() STARTED

LogInjectDualFailTest > parseLogDataWithSystemResetReason() STARTED

LogInjectDualFailTest > parseLogDataWithLowInsulinReason() STARTED

LogInjectSquareFailTest > parseLogDataWithUserStopReason() STARTED

LogInjectSquareFailTest > toStringContainsAllFields() STARTED

AppConfirmSettingPacketTest > encodeShouldHandleDifferentRequestTypes() STANDARD_OUT
    DEBUG: : PUMPCOMM AppConfirmSettingPacket init
    DEBUG: : PUMPCOMM reqMsgType -> 6
    DEBUG: : PUMPCOMM otp -> 999999
    DEBUG: : PUMPCOMM AppConfirmSettingPacket init
    DEBUG: : PUMPCOMM reqMsgType -> 7
    DEBUG: : PUMPCOMM otp -> 999999
    DEBUG: : PUMPCOMM AppConfirmSettingPacket init
    DEBUG: : PUMPCOMM reqMsgType -> 8
    DEBUG: : PUMPCOMM otp -> 999999

AppConfirmSettingPacketTest > msgTypeShouldBeCorrect() STARTED

AppConfirmSettingPacketTest > msgTypeShouldBeCorrect() STANDARD_OUT
    DEBUG: : PUMPCOMM AppConfirmSettingPacket init

AppConfirmSettingPacketTest > friendlyNameShouldBeCorrect() STARTED

AppConfirmSettingPacketTest > friendlyNameShouldBeCorrect() STANDARD_OUT
    DEBUG: : PUMPCOMM AppConfirmSettingPacket init

AppConfirmSettingPacketTest > encodeShouldHandleVariousOTPValues() STARTED

AppConfirmSettingPacketTest > encodeShouldHandleVariousOTPValues() STANDARD_OUT
    DEBUG: : PUMPCOMM AppConfirmSettingPacket init
    DEBUG: : PUMPCOMM reqMsgType -> 10
    DEBUG: : PUMPCOMM otp -> 100000
    DEBUG: : PUMPCOMM AppConfirmSettingPacket init
    DEBUG: : PUMPCOMM reqMsgType -> 10
    DEBUG: : PUMPCOMM otp -> 123456
    DEBUG: : PUMPCOMM AppConfirmSettingPacket init
    DEBUG: : PUMPCOMM reqMsgType -> 10
    DEBUG: : PUMPCOMM otp -> 999999

AppConfirmSettingPacketTest > encodeShouldGenerateValidPacketWithOTP() STARTED

AppConfirmSettingPacketTest > encodeShouldGenerateValidPacketWithOTP() STANDARD_OUT
    DEBUG: : PUMPCOMM AppConfirmSettingPacket init
    DEBUG: : PUMPCOMM reqMsgType -> 10
    DEBUG: : PUMPCOMM otp -> 123456

BasalPauseSettingResponsePacketTest > handleMessageShouldFailOnDefectivePacket() STARTED

BasalPauseSettingResponsePacketTest > handleMessageShouldFailOnDefectivePacket() STANDARD_OUT
    DEBUG: : PUMPCOMM BasalPauseSettingResponsePacket Init
    DEBUG: : PUMPCOMM BasalPauseSettingResponsePacket Got some Error

BasalPauseSettingResponsePacketTest > msgTypeShouldBeCorrect() STARTED

BasalPauseSettingResponsePacketTest > msgTypeShouldBeCorrect() STANDARD_OUT
    DEBUG: : PUMPCOMM BasalPauseSettingResponsePacket Init

BasalPauseSettingResponsePacketTest > handleMessageShouldHandleLargeOtpNumber() STARTED

LogInjectSquareFailTest > logKindConstantIsCorrect() STARTED

LogInjectSquareFailTest > parseLogDataWithEmergencyStopReason() STARTED

BasalPauseSettingResponsePacketTest > handleMessageShouldHandleLargeOtpNumber() STANDARD_OUT
    DEBUG: : PUMPCOMM BasalPauseSettingResponsePacket Init
    DEBUG: : PUMPCOMM Result --> 0
    DEBUG: : PUMPCOMM otpNumber --> 999999

LogInjectSquareFailTest > parseLogDataWithLowBatteryReason() STARTED

LogInjectSquareFailTest > parseValidLogDataWithBlockageReason() STARTED

LogInjectSquareFailTest > getInjectTimeShouldReturnUnsignedValue() STARTED

LogInjectSquareFailTest > parseLogDataWithOtherReason() STARTED

LogInjectSquareFailTest > parseLogDataWithSystemResetReason() STARTED

LogInjectSquareFailTest > parseLogDataWithLowInsulinReason() STARTED

InjectionSnackSettingPacketTest > encodeShouldGenerateValidPacketForSnackBolus() STARTED

InjectionSnackSettingPacketTest > encodeShouldGenerateValidPacketForSnackBolus() STANDARD_OUT
    DEBUG: : PUMPCOMM InjectionSnackSettingPacket init 

InjectionSnackSettingPacketTest > encodeShouldHandleLargeSnackBolus() STARTED

InjectionSnackSettingPacketTest > encodeShouldHandleLargeSnackBolus() STANDARD_OUT
    DEBUG: : PUMPCOMM InjectionSnackSettingPacket init 

InjectionSnackSettingPacketTest > msgTypeShouldBeCorrect() STARTED

InjectionSnackSettingPacketTest > msgTypeShouldBeCorrect() STANDARD_OUT
    DEBUG: : PUMPCOMM InjectionSnackSettingPacket init 

InjectionSnackSettingPacketTest > friendlyNameShouldBeCorrect() STARTED

InjectionSnackSettingPacketTest > friendlyNameShouldBeCorrect() STANDARD_OUT
    DEBUG: : PUMPCOMM InjectionSnackSettingPacket init 

InjectionSnackSettingPacketTest > encodeShouldHandleSmallSnackBolus() STARTED

InjectionSnackSettingPacketTest > encodeShouldHandleSmallSnackBolus() STANDARD_OUT
    DEBUG: : PUMPCOMM InjectionSnackSettingPacket init 

LanguageSettingResponsePacketTest > handleMessageShouldFailOnDefectivePacket() STARTED

LanguageSettingResponsePacketTest > handleMessageShouldFailOnDefectivePacket() STANDARD_OUT
    DEBUG: : PUMPCOMM LanguageSettingResponsePacket init
    DEBUG: : PUMPCOMM LanguageSettingResponsePacket Got some Error

LanguageSettingResponsePacketTest > msgTypeShouldBeCorrect() STARTED

LanguageSettingResponsePacketTest > msgTypeShouldBeCorrect() STANDARD_OUT
    DEBUG: : PUMPCOMM LanguageSettingResponsePacket init

LanguageSettingResponsePacketTest > handleMessageShouldHandleLargeOtpNumber() STARTED

LanguageSettingResponsePacketTest > handleMessageShouldHandleLargeOtpNumber() STANDARD_OUT
    DEBUG: : PUMPCOMM LanguageSettingResponsePacket init
    DEBUG: : PUMPCOMM Result --> 0
    DEBUG: : PUMPCOMM otpNumber --> 999999

LanguageSettingResponsePacketTest > friendlyNameShouldBeCorrect() STARTED

LanguageSettingResponsePacketTest > friendlyNameShouldBeCorrect() STANDARD_OUT
    DEBUG: : PUMPCOMM LanguageSettingResponsePacket init

LanguageSettingResponsePacketTest > handleMessageShouldFailOnInvalidResult() STARTED

LanguageSettingResponsePacketTest > handleMessageShouldFailOnInvalidResult() STANDARD_OUT
    DEBUG: : PUMPCOMM LanguageSettingResponsePacket init
    ERROR: PUMPCOMM Packet CRC error

LanguageSettingResponsePacketTest > handleMessageShouldHandleZeroOtpNumber() STARTED

LanguageSettingResponsePacketTest > handleMessageShouldHandleZeroOtpNumber() STANDARD_OUT
    DEBUG: : PUMPCOMM LanguageSettingResponsePacket init
    DEBUG: : PUMPCOMM Result --> 0
    DEBUG: : PUMPCOMM otpNumber --> 0

LanguageSettingResponsePacketTest > handleMessageShouldParseOtpNumber() STARTED

LanguageSettingResponsePacketTest > handleMessageShouldParseOtpNumber() STANDARD_OUT
    DEBUG: : PUMPCOMM LanguageSettingResponsePacket init
    DEBUG: : PUMPCOMM Result --> 0
    DEBUG: : PUMPCOMM otpNumber --> 123456

SnackLimitInquirePacketTest > encodeShouldGenerateValidPacket() STARTED

SnackLimitInquirePacketTest > encodeShouldGenerateValidPacket() STANDARD_OUT
    DEBUG: : PUMPCOMM SnackLimitInquirePacket limit request

SnackLimitInquirePacketTest > friendlyNameShouldBeCorrect() STARTED

SnackLimitInquirePacketTest > friendlyNameShouldBeCorrect() STANDARD_OUT
    DEBUG: : PUMPCOMM SnackLimitInquirePacket limit request

TempBasalInquirePacketTest > encodeShouldGenerateValidPacket() STARTED

TempBasalInquirePacketTest > encodeShouldGenerateValidPacket() STANDARD_OUT
    DEBUG: : PUMPCOMM TempBasalInquirePacket Init

TempBasalInquirePacketTest > msgTypeShouldBeCorrect() STARTED

TempBasalInquirePacketTest > msgTypeShouldBeCorrect() STANDARD_OUT
    DEBUG: : PUMPCOMM TempBasalInquirePacket Init

TempBasalInquirePacketTest > friendlyNameShouldBeCorrect() STARTED

TempBasalInquirePacketTest > friendlyNameShouldBeCorrect() STANDARD_OUT
    DEBUG: : PUMPCOMM TempBasalInquirePacket Init

TimeInquireResponsePacketTest > handleMessageShouldParsePumpTime() STARTED

TimeInquireResponsePacketTest > handleMessageShouldParsePumpTime() STANDARD_OUT
    DEBUG: : PUMPCOMM TimeInquireResponsePacket init

TimeInquireResponsePacketTest > handleMessageShouldHandleEdgeTimeValues() STARTED

TimeInquireResponsePacketTest > handleMessageShouldHandleEdgeTimeValues() STANDARD_OUT
    DEBUG: : PUMPCOMM TimeInquireResponsePacket init

TimeInquireResponsePacketTest > msgTypeShouldBeCorrect() STARTED

TimeInquireResponsePacketTest > msgTypeShouldBeCorrect() STANDARD_OUT
    DEBUG: : PUMPCOMM TimeInquireResponsePacket init

TimeInquireResponsePacketTest > handleMessageShouldHandleMidnight() STARTED

TimeInquireResponsePacketTest > handleMessageShouldHandleMidnight() STANDARD_OUT
    DEBUG: : PUMPCOMM TimeInquireResponsePacket init

TimeInquireResponsePacketTest > friendlyNameShouldBeCorrect() STARTED

TimeInquireResponsePacketTest > friendlyNameShouldBeCorrect() STANDARD_OUT
    DEBUG: : PUMPCOMM TimeInquireResponsePacket init

TimeInquireResponsePacketTest > handleMessageShouldFailOnInvalidResult() STARTED

TimeInquireResponsePacketTest > handleMessageShouldFailOnInvalidResult() STANDARD_OUT
    DEBUG: : PUMPCOMM TimeInquireResponsePacket init
    ERROR: PUMPCOMM Packet CRC error

LogAlarmShortAgeTest > parseLogDataWithCriticalLevel() STARTED

LogAlarmShortAgeTest > parseLogDataWithWarningLevel() STARTED

LogAlarmShortAgeTest > toStringContainsAllFields() STARTED

LogAlarmShortAgeTest > logKindConstantIsCorrect() STARTED

LogAlarmShortAgeTest > parseValidLogDataWithInfoLevel() STARTED

LogAlarmShortAgeTest > parseLogDataWithStopAck() STARTED

LogAlarmShortAgeTest > parseLogDataWithLowRemaining() STARTED

LogAlarmShortAgeTest > parseLogDataWithHighRemaining() STARTED

LogAlarmShortAgeTest > parseLogDataWithMajorLevel() STARTED

LogInjectMealFailTest > parseLogDataWithUserStopReason() STARTED

LogInjectMealFailTest > toStringContainsAllFields() STARTED

LogInjectMealFailTest > logKindConstantIsCorrect() STARTED

LogResetSysV3Test > toStringContainsAllFields() STARTED

LogResetSysV3Test > logKindConstantIsCorrect() STARTED

LogResetSysV3Test > parseLogDataWithUnexpectedReset() STARTED

LogResetSysV3Test > parseLogDataWithBatteryChange() STARTED

LogResetSysV3Test > parseLogDataWithCalibration() STARTED

LogResetSysV3Test > parseLogDataWithEmergencyStopRelease() STARTED

LogResetSysV3Test > parseLogDataWithDifferentRconValues() STARTED

LogResetSysV3Test > parseLogDataWithLowBattery() STARTED

LogResetSysV3Test > parseValidLogDataWithFactoryReset() STARTED

LogTbStopV3Test > parseLogDataWithPercentageRate() STARTED

LogTbStopV3Test > toStringContainsAllFields() STARTED

LogTbStopV3Test > logKindConstantIsCorrect() STARTED

LogTbStopV3Test > parseLogDataWithAbsoluteRate() STARTED

LogTbStopV3Test > getTbInjectRateRatioShouldReturnUnsignedValue() STARTED

LogTbStopV3Test > parseValidLogDataWithComplete() STARTED

LogTbStopV3Test > parseLogDataWithOtherReason() STARTED

LogTbStopV3Test > parseLogDataWithEmergencyStop() STARTED

LogTbStopV3Test > parseLogDataWithUserStop() STARTED

LogInjectMealFailTest > parseLogDataWithDinnerTime() STARTED

LogInjectMealFailTest > parseLogDataWithLunchTime() STARTED

LogInjectMealFailTest > parseLogDataWithLowBatteryReason() STARTED

LogInjectMealFailTest > parseValidLogDataWithBlockageReason() STARTED

LogInjectMealFailTest > getInjectTimeShouldReturnUnsignedValue() STARTED

LogInjection1DayBasalTest > toStringContainsAllFields() STARTED

LogInjection1DayBasalTest > logKindConstantIsCorrect() STARTED

LogInjection1DayBasalTest > parseLogDataWithHighDailyBasal() STARTED

LogInjection1DayBasalTest > parseValidLogData() STARTED

LogInjection1DayBasalTest > parseLogDataWithLowDailyBasal() STARTED

LogInjection1DayBasalTest > parseLogDataWithModerateDailyBasal() STARTED

LogInjection1DayBasalTest > parseLogDataWithLowBattery() STARTED

LogSetSquareInjectionTest > parseLogDataWithLargeDose() STARTED

LogSetSquareInjectionTest > toStringContainsAllFields() STARTED

LogSetSquareInjectionTest > parseLogDataWithShortDuration() STARTED

LogSetSquareInjectionTest > logKindConstantIsCorrect() STARTED

LogSetSquareInjectionTest > parseLogDataWithMidDuration() STARTED

LogSetSquareInjectionTest > parseLogDataWithLongDuration() STARTED

LogSetSquareInjectionTest > parseLogDataWithSmallDose() STARTED

LogSetSquareInjectionTest > getInjectTimeShouldReturnUnsignedValue() STARTED

LogSetSquareInjectionTest > parseValidLogData() STARTED

LogSetSquareInjectionTest > parseLogDataWithLowBattery() STARTED

BasalPauseSettingResponsePacketTest > friendlyNameShouldBeCorrect() STARTED

BasalPauseSettingResponsePacketTest > friendlyNameShouldBeCorrect() STANDARD_OUT
    DEBUG: : PUMPCOMM BasalPauseSettingResponsePacket Init

BasalPauseSettingResponsePacketTest > handleMessageShouldFailOnInvalidResult() STARTED

BasalPauseSettingResponsePacketTest > handleMessageShouldFailOnInvalidResult() STANDARD_OUT
    DEBUG: : PUMPCOMM BasalPauseSettingResponsePacket Init
    ERROR: PUMPCOMM Packet CRC error

BasalPauseSettingResponsePacketTest > handleMessageShouldHandleZeroOtpNumber() STARTED

BasalPauseSettingResponsePacketTest > handleMessageShouldHandleZeroOtpNumber() STANDARD_OUT
    DEBUG: : PUMPCOMM BasalPauseSettingResponsePacket Init
    DEBUG: : PUMPCOMM Result --> 0
    DEBUG: : PUMPCOMM otpNumber --> 0

BasalPauseSettingResponsePacketTest > handleMessageShouldParseOtpNumber() STARTED

BasalPauseSettingResponsePacketTest > handleMessageShouldParseOtpNumber() STANDARD_OUT
    DEBUG: : PUMPCOMM BasalPauseSettingResponsePacket Init
    DEBUG: : PUMPCOMM Result --> 0
    DEBUG: : PUMPCOMM otpNumber --> 123456

BigAPSMainInfoInquireResponsePacketTest > handleMessageShouldFailOnDefectivePacket() STARTED

BigAPSMainInfoInquireResponsePacketTest > handleMessageShouldFailOnDefectivePacket() STANDARD_OUT
    DEBUG: : PUMPCOMM BigAPSMainInfoInquireResponsePacket init
    DEBUG: : PUMPCOMM BigAPSMainInfoInquireResponsePacket Got some Error

BigAPSMainInfoInquireResponsePacketTest > handleMessageShouldProcessValidResponse() STARTED

BigAPSMainInfoInquireResponsePacketTest > handleMessageShouldProcessValidResponse() STANDARD_OUT
    DEBUG: : PUMPCOMM BigAPSMainInfoInquireResponsePacket init
    DEBUG: : PUMPCOMM Pump time 1/1/24 12:00:00 PM
    DEBUG: : PUMPCOMM result > 0
    DEBUG: : PUMPCOMM systemRemainInsulin > 150.0
    DEBUG: : PUMPCOMM systemRemainBattery > 80
    DEBUG: : PUMPCOMM systemBasePattern > 1
    DEBUG: : PUMPCOMM systemTbStatus > 2
    DEBUG: : PUMPCOMM systemInjectionMealStatus > 2
    DEBUG: : PUMPCOMM systemInjectionSnackStatus > 2
    DEBUG: : PUMPCOMM systemInjectionSquareStatue > 2
    DEBUG: : PUMPCOMM systemInjectionDualStatus > 2
    DEBUG: : PUMPCOMM basePauseStatus > 2
    DEBUG: : PUMPCOMM year > 2024
    DEBUG: : PUMPCOMM month > 1
    DEBUG: : PUMPCOMM day > 1
    DEBUG: : PUMPCOMM hour > 12
    DEBUG: : PUMPCOMM minute > 0
    DEBUG: : PUMPCOMM second > 0
    DEBUG: : PUMPCOMM country > 1
    DEBUG: : PUMPCOMM productType > 1
    DEBUG: : PUMPCOMM makeYear > 24
    DEBUG: : PUMPCOMM makeMonth > 1
    DEBUG: : PUMPCOMM makeDay > 1
    DEBUG: : PUMPCOMM lotNo > 1
    DEBUG: : PUMPCOMM serialNo > 1
    DEBUG: : PUMPCOMM majorVersion > 2
    DEBUG: : PUMPCOMM minorVersion > 63
    DEBUG: : PUMPCOMM lastNum  > 0
    DEBUG: : PUMPCOMM wrappingCount > 0
    DEBUG: : PUMPCOMM speed > 0
    DEBUG: : PUMPCOMM tbStatus > 0
    DEBUG: : PUMPCOMM tbTime> 0
    DEBUG: : PUMPCOMM tbInjectRateRatio > 0
    DEBUG: : PUMPCOMM tbElapsedTime > 0
    DEBUG: : PUMPCOMM baseStatus > 0
    DEBUG: : PUMPCOMM baseHour > 0
    DEBUG: : PUMPCOMM baseAmount > 0.0
    DEBUG: : PUMPCOMM baseInjAmount > 0.0
    DEBUG: : PUMPCOMM mealKind > 0
    DEBUG: : PUMPCOMM mealStartTime > 0
    DEBUG: : PUMPCOMM mealStatus > 0
    DEBUG: : PUMPCOMM mealAmount > 0.0
    DEBUG: : PUMPCOMM mealInjAmount > 0.0
    DEBUG: : PUMPCOMM mealSpeed > 0
    DEBUG: : PUMPCOMM snackStatus > 0
    DEBUG: : PUMPCOMM snackAmount > 0.0
    DEBUG: : PUMPCOMM snackInjAmount > 0.0
    DEBUG: : PUMPCOMM snackSpeed > 0
    DEBUG: : PUMPCOMM squareStatus > 0
    DEBUG: : PUMPCOMM squareTime > 0
    DEBUG: : PUMPCOMM squareInjTime > 0
    DEBUG: : PUMPCOMM squareAmount > 0.0
    DEBUG: : PUMPCOMM squareInjAmount > 0.0
    DEBUG: : PUMPCOMM dualStatus > 0
    DEBUG: : PUMPCOMM dualAmount > 0.0
    DEBUG: : PUMPCOMM dualInjAmount > 0.0
    DEBUG: : PUMPCOMM dualSquareTime > 0
    DEBUG: : PUMPCOMM dualInjSquareTime > 0
    DEBUG: : PUMPCOMM dualSquareAmount > 0.0
    DEBUG: : PUMPCOMM dualInjSquareAmount> 0.0
    DEBUG: : PUMPCOMM recentKind1  > 0
    DEBUG: : PUMPCOMM recentTime1  > 0
    DEBUG: : PUMPCOMM recentAmount1 > 0.0
    DEBUG: : PUMPCOMM recentKind2  	> 0
    DEBUG: : PUMPCOMM recentTime2  	> 0
    DEBUG: : PUMPCOMM recentAmount2 > 0.0
    DEBUG: : PUMPCOMM todayBaseAmount > 0.0
    DEBUG: : PUMPCOMM todayMealAmount > 0.0
    DEBUG: : PUMPCOMM todaySnackAmount > 0.0
    DEBUG: : PUMPCOMM morningHour  > 0
    DEBUG: : PUMPCOMM morningAmount > 0.0
    DEBUG: : PUMPCOMM lunchHour  > 0
    DEBUG: : PUMPCOMM lunchAmount > 0.0
    DEBUG: : PUMPCOMM dinnerHour  > 0
    DEBUG: : PUMPCOMM dinnerAmount > 0.0
    DEBUG: : PUMPCOMM currentBasePattern > 0
    DEBUG: : PUMPCOMM currentBaseHour  > 0
    DEBUG: : PUMPCOMM currentBaseTbBeforeAmount > 0.0
    DEBUG: : PUMPCOMM currentBaseTbAfterAmount > 0.0
    DEBUG: : PUMPCOMM baseAmount1  > 0.0
    DEBUG: : PUMPCOMM baseAmount2  > 0.0
    DEBUG: : PUMPCOMM baseAmount3  > 0.0
    DEBUG: : PUMPCOMM baseAmount4  > 0.0
    DEBUG: : PUMPCOMM baseAmount5  > 0.0
    DEBUG: : PUMPCOMM baseAmount6  > 0.0
    DEBUG: : PUMPCOMM baseAmount7  > 0.0
    DEBUG: : PUMPCOMM baseAmount8  > 0.0
    DEBUG: : PUMPCOMM baseAmount9  > 0.0
    DEBUG: : PUMPCOMM baseAmount10 > 0.0
    DEBUG: : PUMPCOMM baseAmount11 > 0.0
    DEBUG: : PUMPCOMM baseAmount12 > 0.0
    DEBUG: : PUMPCOMM baseAmount13 > 0.0
    DEBUG: : PUMPCOMM baseAmount14 > 0.0
    DEBUG: : PUMPCOMM baseAmount15 > 0.0
    DEBUG: : PUMPCOMM baseAmount16 > 0.0
    DEBUG: : PUMPCOMM baseAmount17 > 0.0
    DEBUG: : PUMPCOMM baseAmount18 > 0.0
    DEBUG: : PUMPCOMM baseAmount19 > 0.0
    DEBUG: : PUMPCOMM baseAmount20 > 0.0
    DEBUG: : PUMPCOMM baseAmount21 > 0.0
    DEBUG: : PUMPCOMM baseAmount22 > 0.0
    DEBUG: : PUMPCOMM baseAmount23 > 0.0
    DEBUG: : PUMPCOMM baseAmount24 > 0.0
    DEBUG: : PUMPCOMM maxBasalPerHours > 0.0
    DEBUG: : PUMPCOMM maxBasal > 0.0
    DEBUG: : PUMPCOMM maxBolus > 0.0
    DEBUG: : PUMPCOMM maxBolusePerDay > 0.0
    DEBUG: : PUMPCOMM mealLimitTime > 0
    DEBUG: : PUMPCOMM beepAndAlarm > -1
    DEBUG: : PUMPCOMM alarmIntesity > -1
    DEBUG: : PUMPCOMM lcdOnTimeSec > 0
    DEBUG: : PUMPCOMM selectedLanguage > 0

BigAPSMainInfoInquireResponsePacketTest > msgTypeShouldBeCorrect() STARTED

BigAPSMainInfoInquireResponsePacketTest > msgTypeShouldBeCorrect() STANDARD_OUT
    DEBUG: : PUMPCOMM BigAPSMainInfoInquireResponsePacket init

BigAPSMainInfoInquireResponsePacketTest > friendlyNameShouldBeCorrect() STARTED

BigAPSMainInfoInquireResponsePacketTest > friendlyNameShouldBeCorrect() STANDARD_OUT
    DEBUG: : PUMPCOMM BigAPSMainInfoInquireResponsePacket init

BigAPSMainInfoInquireResponsePacketTest > handleMessageShouldFailOnInvalidResult() STARTED

BigAPSMainInfoInquireResponsePacketTest > handleMessageShouldFailOnInvalidResult() STANDARD_OUT
    DEBUG: : PUMPCOMM BigAPSMainInfoInquireResponsePacket init
    ERROR: PUMPCOMM Packet CRC error

BolusSpeedInquireResponsePacketTest > handleMessageShouldFailOnDefectivePacket() STARTED

BolusSpeedInquireResponsePacketTest > handleMessageShouldFailOnDefectivePacket() STANDARD_OUT
    DEBUG: : PUMPCOMM BolusSpeedInquireResponsePacket init
    DEBUG: : PUMPCOMM BolusSpeedInquireResponsePacket Got some Error

BolusSpeedInquireResponsePacketTest > msgTypeShouldBeCorrect() STARTED

BolusSpeedInquireResponsePacketTest > msgTypeShouldBeCorrect() STANDARD_OUT
    DEBUG: : PUMPCOMM BolusSpeedInquireResponsePacket init

BolusSpeedInquireResponsePacketTest > handleMessageShouldHandleMinSpeed() STARTED

BolusSpeedInquireResponsePacketTest > handleMessageShouldHandleMinSpeed() STANDARD_OUT
    DEBUG: : PUMPCOMM BolusSpeedInquireResponsePacket init
    DEBUG: : PUMPCOMM Result --> 0
    DEBUG: : PUMPCOMM bolusSpeed > 1

BolusSpeedInquireResponsePacketTest > friendlyNameShouldBeCorrect() STARTED

BolusSpeedInquireResponsePacketTest > friendlyNameShouldBeCorrect() STANDARD_OUT
    DEBUG: : PUMPCOMM BolusSpeedInquireResponsePacket init

BolusSpeedInquireResponsePacketTest > handleMessageShouldParseBolusSpeed() STARTED

BolusSpeedInquireResponsePacketTest > handleMessageShouldParseBolusSpeed() STANDARD_OUT
    DEBUG: : PUMPCOMM BolusSpeedInquireResponsePacket init
    DEBUG: : PUMPCOMM Result --> 0
    DEBUG: : PUMPCOMM bolusSpeed > 5

BolusSpeedInquireResponsePacketTest > handleMessageShouldFailOnInvalidResult() STARTED

BolusSpeedInquireResponsePacketTest > handleMessageShouldFailOnInvalidResult() STANDARD_OUT
    DEBUG: : PUMPCOMM BolusSpeedInquireResponsePacket init
    ERROR: PUMPCOMM Packet CRC error

BolusSpeedInquireResponsePacketTest > handleMessageShouldHandleAllSpeedLevels() STARTED

BolusSpeedInquireResponsePacketTest > handleMessageShouldHandleAllSpeedLevels() STANDARD_OUT
    DEBUG: : PUMPCOMM BolusSpeedInquireResponsePacket init
    DEBUG: : PUMPCOMM Result --> 0
    DEBUG: : PUMPCOMM bolusSpeed > 1
    DEBUG: : PUMPCOMM BolusSpeedInquireResponsePacket init
    DEBUG: : PUMPCOMM Result --> 0
    DEBUG: : PUMPCOMM bolusSpeed > 2
    DEBUG: : PUMPCOMM BolusSpeedInquireResponsePacket init
    DEBUG: : PUMPCOMM Result --> 0
    DEBUG: : PUMPCOMM bolusSpeed > 3
    DEBUG: : PUMPCOMM BolusSpeedInquireResponsePacket init
    DEBUG: : PUMPCOMM Result --> 0
    DEBUG: : PUMPCOMM bolusSpeed > 4
    DEBUG: : PUMPCOMM BolusSpeedInquireResponsePacket init
    DEBUG: : PUMPCOMM Result --> 0
    DEBUG: : PUMPCOMM bolusSpeed > 5
    DEBUG: : PUMPCOMM BolusSpeedInquireResponsePacket init
    DEBUG: : PUMPCOMM Result --> 0
    DEBUG: : PUMPCOMM bolusSpeed > 6
    DEBUG: : PUMPCOMM BolusSpeedInquireResponsePacket init
    DEBUG: : PUMPCOMM Result --> 0
    DEBUG: : PUMPCOMM bolusSpeed > 7
    DEBUG: : PUMPCOMM BolusSpeedInquireResponsePacket init
    DEBUG: : PUMPCOMM Result --> 0
    DEBUG: : PUMPCOMM bolusSpeed > 8

BolusSpeedInquireResponsePacketTest > handleMessageShouldHandleMaxSpeed() STARTED

BolusSpeedInquireResponsePacketTest > handleMessageShouldHandleMaxSpeed() STANDARD_OUT
    DEBUG: : PUMPCOMM BolusSpeedInquireResponsePacket init
    DEBUG: : PUMPCOMM Result --> 0
    DEBUG: : PUMPCOMM bolusSpeed > 8

DisplayTimeInquirePacketTest > encodeShouldGenerateValidPacket() STARTED

DisplayTimeInquirePacketTest > encodeShouldGenerateValidPacket() STANDARD_OUT
    DEBUG: : PUMPCOMM DisplayTimeInquirePacket request

DisplayTimeInquirePacketTest > friendlyNameShouldBeCorrect() STARTED

DisplayTimeInquirePacketTest > friendlyNameShouldBeCorrect() STANDARD_OUT
    DEBUG: : PUMPCOMM DisplayTimeInquirePacket request

InjectionBasalReportPacketTest > handleMessageShouldFailOnDefectivePacket() STARTED

InjectionBasalReportPacketTest > handleMessageShouldFailOnDefectivePacket() STANDARD_OUT
    DEBUG: : PUMPCOMM InjectionBasalReportPacket init 
    DEBUG: : PUMPCOMM InjectionBasalReportPacket Got some Error

InjectionBasalReportPacketTest > msgTypeShouldBeCorrect() STARTED

InjectionBasalReportPacketTest > msgTypeShouldBeCorrect() STANDARD_OUT
    DEBUG: : PUMPCOMM InjectionBasalReportPacket init 

InjectionBasalReportPacketTest > friendlyNameShouldBeCorrect() STARTED

InjectionBasalReportPacketTest > friendlyNameShouldBeCorrect() STANDARD_OUT
    DEBUG: : PUMPCOMM InjectionBasalReportPacket init 

InjectionBasalReportPacketTest > handleMessageShouldParseLife1Pattern() STARTED

InjectionBasalReportPacketTest > handleMessageShouldParseLife1Pattern() STANDARD_OUT
    DEBUG: : PUMPCOMM InjectionBasalReportPacket init 
    DEBUG: : PUMPCOMM Pump Report BasalPattern --> 2 (1:basic, 2: life1 , 3: life2 , 4: life3 , 5:dr1, 6:dr2) 

InjectionBasalReportPacketTest > handleMessageShouldParseBasicPattern() STARTED

InjectionBasalReportPacketTest > handleMessageShouldParseBasicPattern() STANDARD_OUT
    DEBUG: : PUMPCOMM InjectionBasalReportPacket init 
    DEBUG: : PUMPCOMM Pump Report BasalPattern --> 1 (1:basic, 2: life1 , 3: life2 , 4: life3 , 5:dr1, 6:dr2) 

InjectionBasalReportPacketTest > handleMessageShouldParseDr2Pattern() STARTED

InjectionBasalReportPacketTest > handleMessageShouldParseDr2Pattern() STANDARD_OUT
    DEBUG: : PUMPCOMM InjectionBasalReportPacket init 
    DEBUG: : PUMPCOMM Pump Report BasalPattern --> 6 (1:basic, 2: life1 , 3: life2 , 4: life3 , 5:dr1, 6:dr2) 

InjectionExtendedBolusResultReportPacketTest > handleMessageShouldFailOnDefectivePacket() STARTED

InjectionExtendedBolusResultReportPacketTest > handleMessageShouldFailOnDefectivePacket() STANDARD_OUT
    DEBUG: : PUMPCOMM InjectionExtendedBolusResultReportPacket init 
    DEBUG: : PUMPCOMM InjectionExtendedBolusResultReportPacket Got some Error

InjectionExtendedBolusResultReportPacketTest > msgTypeShouldBeCorrect() STARTED

InjectionExtendedBolusResultReportPacketTest > msgTypeShouldBeCorrect() STANDARD_OUT
    DEBUG: : PUMPCOMM InjectionExtendedBolusResultReportPacket init 

InjectionExtendedBolusResultReportPacketTest > friendlyNameShouldBeCorrect() STARTED

InjectionExtendedBolusResultReportPacketTest > friendlyNameShouldBeCorrect() STANDARD_OUT
    DEBUG: : PUMPCOMM InjectionExtendedBolusResultReportPacket init 

InjectionExtendedBolusResultReportPacketTest > handleMessageShouldHandlePartialDelivery() STARTED

InjectionExtendedBolusResultReportPacketTest > handleMessageShouldHandlePartialDelivery() STANDARD_OUT
    DEBUG: : PUMPCOMM InjectionExtendedBolusResultReportPacket init 
    DEBUG: : PUMPCOMM Result: 0
    DEBUG: : PUMPCOMM Extended bolus running: 9.0 U/h
    DEBUG: : PUMPCOMM Extended bolus duration: 90 min
    DEBUG: : PUMPCOMM Extended bolus so far: 45 min
    DEBUG: : PUMPCOMM Extended bolus delivered so far: 4.5 U

InjectionExtendedBolusResultReportPacketTest > handleMessageShouldHandleCompletedBolus() STARTED

InjectionExtendedBolusResultReportPacketTest > handleMessageShouldHandleCompletedBolus() STANDARD_OUT
    DEBUG: : PUMPCOMM InjectionExtendedBolusResultReportPacket init 
    DEBUG: : PUMPCOMM Result: 1
    DEBUG: : PUMPCOMM Extended bolus running: 10.0 U/h
    DEBUG: : PUMPCOMM Extended bolus duration: 120 min
    DEBUG: : PUMPCOMM Extended bolus so far: 120 min
    DEBUG: : PUMPCOMM Extended bolus delivered so far: 10.0 U

InjectionExtendedBolusResultReportPacketTest > handleMessageShouldProcessValidReport() STARTED

InjectionExtendedBolusResultReportPacketTest > handleMessageShouldProcessValidReport() STANDARD_OUT
    DEBUG: : PUMPCOMM InjectionExtendedBolusResultReportPacket init 
    DEBUG: : PUMPCOMM Result: 0
    DEBUG: : PUMPCOMM Extended bolus running: 5.0 U/h
    DEBUG: : PUMPCOMM Extended bolus duration: 60 min
    DEBUG: : PUMPCOMM Extended bolus so far: 30 min
    DEBUG: : PUMPCOMM Extended bolus delivered so far: 2.5 U

InjectionSnackInquirePacketTest > encodeShouldGenerateValidPacket() STARTED

InjectionSnackInquirePacketTest > encodeShouldGenerateValidPacket() STANDARD_OUT
    DEBUG: : PUMPCOMM InjectionSnackInquirePacket init 

InjectionSnackInquirePacketTest > friendlyNameShouldBeCorrect() STARTED

InjectionSnackInquirePacketTest > friendlyNameShouldBeCorrect() STANDARD_OUT
    DEBUG: : PUMPCOMM InjectionSnackInquirePacket init 

LanguageInquirePacketTest > encodeShouldGenerateValidPacket() STARTED

LanguageInquirePacketTest > encodeShouldGenerateValidPacket() STANDARD_OUT
    DEBUG: : PUMPCOMM LanguageInquirePacket init

LanguageInquirePacketTest > friendlyNameShouldBeCorrect() STARTED

LanguageInquirePacketTest > friendlyNameShouldBeCorrect() STANDARD_OUT
    DEBUG: : PUMPCOMM LanguageInquirePacket init

RejectReportPacketTest > handleMessageShouldFailOnDefectivePacket() STARTED

RejectReportPacketTest > handleMessageShouldFailOnDefectivePacket() STANDARD_OUT
    DEBUG: : PUMPCOMM RejectReportPacket init 
    DEBUG: : PUMPCOMM RejectReportPacket Got some Error

RejectReportPacketTest > friendlyNameShouldBeCorrect() STARTED

RejectReportPacketTest > friendlyNameShouldBeCorrect() STANDARD_OUT
    DEBUG: : PUMPCOMM RejectReportPacket init 

RejectReportPacketTest > handleMessageShouldProcessCancelReason() STARTED

RejectReportPacketTest > handleMessageShouldProcessCancelReason() STANDARD_OUT
    DEBUG: : PUMPCOMM RejectReportPacket init 
    DEBUG: : PUMPCOMM reqMsgType --> 82
    DEBUG: : PUMPCOMM Reject Reason --> 6 (6:cancel, 10:timeout) 

RejectReportPacketTest > handleMessageShouldProcessTimeoutReason() STARTED

RejectReportPacketTest > handleMessageShouldProcessTimeoutReason() STANDARD_OUT
    DEBUG: : PUMPCOMM RejectReportPacket init 
    DEBUG: : PUMPCOMM reqMsgType --> 69
    DEBUG: : PUMPCOMM Reject Reason --> 10 (6:cancel, 10:timeout) 

SoundInquireResponsePacketTest > handleMessageShouldHandleBeepOff() STARTED

SoundInquireResponsePacketTest > handleMessageShouldHandleBeepOff() STANDARD_OUT
    DEBUG: : PUMPCOMM SoundInquireResponsePacket init
    DEBUG: : PUMPCOMM Result --> 0
    DEBUG: : PUMPCOMM beepAndAlarm --> 0
    DEBUG: : PUMPCOMM alarmIntensity --> 0

SoundInquireResponsePacketTest > handleMessageShouldFailOnDefectivePacket() STARTED

SoundInquireResponsePacketTest > handleMessageShouldFailOnDefectivePacket() STANDARD_OUT
    DEBUG: : PUMPCOMM SoundInquireResponsePacket init
    DEBUG: : PUMPCOMM SoundInquireResponsePacket Got some Error

SoundInquireResponsePacketTest > handleMessageShouldParseSoundSettings() STARTED

SoundInquireResponsePacketTest > handleMessageShouldParseSoundSettings() STANDARD_OUT
    DEBUG: : PUMPCOMM SoundInquireResponsePacket init
    DEBUG: : PUMPCOMM Result --> 0
    DEBUG: : PUMPCOMM beepAndAlarm --> 1
    DEBUG: : PUMPCOMM alarmIntensity --> 3

SoundInquireResponsePacketTest > handleMessageShouldHandleMaxVolume() STARTED

SoundInquireResponsePacketTest > handleMessageShouldHandleMaxVolume() STANDARD_OUT
    DEBUG: : PUMPCOMM SoundInquireResponsePacket init
    DEBUG: : PUMPCOMM Result --> 0
    DEBUG: : PUMPCOMM beepAndAlarm --> 2
    DEBUG: : PUMPCOMM alarmIntensity --> 4

SoundInquireResponsePacketTest > msgTypeShouldBeCorrect() STARTED

SoundInquireResponsePacketTest > msgTypeShouldBeCorrect() STANDARD_OUT
    DEBUG: : PUMPCOMM SoundInquireResponsePacket init

SoundInquireResponsePacketTest > friendlyNameShouldBeCorrect() STARTED

SoundInquireResponsePacketTest > friendlyNameShouldBeCorrect() STANDARD_OUT
    DEBUG: : PUMPCOMM SoundInquireResponsePacket init

SoundInquireResponsePacketTest > handleMessageShouldFailOnInvalidResult() STARTED

SoundInquireResponsePacketTest > handleMessageShouldFailOnInvalidResult() STANDARD_OUT
    DEBUG: : PUMPCOMM SoundInquireResponsePacket init
    ERROR: PUMPCOMM Packet CRC error

TempBasalSettingPacketTest > msgTypeShouldBeCorrect() STARTED

TempBasalSettingPacketTest > msgTypeShouldBeCorrect() STANDARD_OUT
    DEBUG: : PUMPCOMM TempBasalSettingPacket Init

TempBasalSettingPacketTest > encodeShouldGenerateValidPacketForStoppingTempBasal() STARTED

TempBasalSettingPacketTest > encodeShouldGenerateValidPacketForStoppingTempBasal() STANDARD_OUT
    DEBUG: : PUMPCOMM TempBasalSettingPacket Init
    DEBUG: : PUMPCOMM          status --> 2 (1:tempbasal running, 2:tempbasal dismissed)
    DEBUG: : PUMPCOMM            time --> 0 ( value : 2~96 ( 2:30min, 3:45min....96:1440min )  30min ~ 24 hour, step 15min ) 
    DEBUG: : PUMPCOMM injectRateRatio --> 0 , toShort = 0
    DEBUG: : PUMPCOMM          tbDttm --> 946652400 

TempBasalSettingPacketTest > friendlyNameShouldBeCorrect() STARTED

TempBasalSettingPacketTest > friendlyNameShouldBeCorrect() STANDARD_OUT
    DEBUG: : PUMPCOMM TempBasalSettingPacket Init

TempBasalSettingPacketTest > encodeShouldGenerateValidPacketForAbsoluteTempBasal() STARTED

AppCancelSettingPacketTest > encodeShouldGenerateValidPacket() STANDARD_OUT
    DEBUG: : PUMPCOMM AppCancelSettingPacket init

TempBasalSettingPacketTest > encodeShouldGenerateValidPacketForAbsoluteTempBasal() STANDARD_OUT
    DEBUG: : PUMPCOMM TempBasalSettingPacket Init

AppCancelSettingPacketTest > encodeShouldHandleDifferentRequestTypes() STARTED

AppCancelSettingPacketTest > encodeShouldHandleDifferentRequestTypes() STANDARD_OUT
    DEBUG: : PUMPCOMM AppCancelSettingPacket init
    DEBUG: : PUMPCOMM AppCancelSettingPacket init
    DEBUG: : PUMPCOMM AppCancelSettingPacket init
    DEBUG: : PUMPCOMM AppCancelSettingPacket init

AppCancelSettingPacketTest > msgTypeShouldBeCorrect() STARTED

AppCancelSettingPacketTest > msgTypeShouldBeCorrect() STANDARD_OUT
    DEBUG: : PUMPCOMM AppCancelSettingPacket init

AppCancelSettingPacketTest > friendlyNameShouldBeCorrect() STARTED

TempBasalSettingPacketTest > encodeShouldGenerateValidPacketForAbsoluteTempBasal() STANDARD_OUT
    DEBUG: : PUMPCOMM          status --> 1 (1:tempbasal running, 2:tempbasal dismissed)
    DEBUG: : PUMPCOMM            time --> 8 ( value : 2~96 ( 2:30min, 3:45min....96:1440min )  30min ~ 24 hour, step 15min ) 
    DEBUG: : PUMPCOMM injectRateRatio --> 1350 , toShort = 1350
    DEBUG: : PUMPCOMM          tbDttm --> 946652400 

TempBasalSettingPacketTest > encodeShouldGenerateValidPacketForStartingTempBasal() STARTED

TempBasalSettingPacketTest > encodeShouldGenerateValidPacketForStartingTempBasal() STANDARD_OUT
    DEBUG: : PUMPCOMM TempBasalSettingPacket Init
    DEBUG: : PUMPCOMM          status --> 1 (1:tempbasal running, 2:tempbasal dismissed)
    DEBUG: : PUMPCOMM            time --> 16 ( value : 2~96 ( 2:30min, 3:45min....96:1440min )  30min ~ 24 hour, step 15min ) 
    DEBUG: : PUMPCOMM injectRateRatio --> 50150 , toShort = -15386
    DEBUG: : PUMPCOMM          tbDttm --> 946652400 

TimeSettingResponsePacketTest > handleMessageShouldFailOnDefectivePacket() STARTED

TimeSettingResponsePacketTest > handleMessageShouldFailOnDefectivePacket() STANDARD_OUT
    DEBUG: : PUMPCOMM TimeSettingResponsePacket init 
    DEBUG: : PUMPCOMM TimeSettingResponsePacket Got some Error

TimeSettingResponsePacketTest > msgTypeShouldBeCorrect() STARTED

TimeSettingResponsePacketTest > msgTypeShouldBeCorrect() STANDARD_OUT
    DEBUG: : PUMPCOMM TimeSettingResponsePacket init 

TimeSettingResponsePacketTest > handleMessageShouldHandleLargeOtpNumber() STARTED

TimeSettingResponsePacketTest > handleMessageShouldHandleLargeOtpNumber() STANDARD_OUT
    DEBUG: : PUMPCOMM TimeSettingResponsePacket init 
    DEBUG: : PUMPCOMM Result --> 0
    DEBUG: : PUMPCOMM otpNumber --> 999999

TimeSettingResponsePacketTest > friendlyNameShouldBeCorrect() STARTED

TimeSettingResponsePacketTest > friendlyNameShouldBeCorrect() STANDARD_OUT
    DEBUG: : PUMPCOMM TimeSettingResponsePacket init 

TimeSettingResponsePacketTest > handleMessageShouldFailOnInvalidResult() STARTED

TimeSettingResponsePacketTest > handleMessageShouldFailOnInvalidResult() STANDARD_OUT
    DEBUG: : PUMPCOMM TimeSettingResponsePacket init 
    ERROR: PUMPCOMM Packet CRC error

TimeSettingResponsePacketTest > handleMessageShouldHandleZeroOtpNumber() STARTED

TimeSettingResponsePacketTest > handleMessageShouldHandleZeroOtpNumber() STANDARD_OUT
    DEBUG: : PUMPCOMM TimeSettingResponsePacket init 
    DEBUG: : PUMPCOMM Result --> 0
    DEBUG: : PUMPCOMM otpNumber --> 0

TimeSettingResponsePacketTest > handleMessageShouldParseOtpNumber() STARTED

TimeSettingResponsePacketTest > handleMessageShouldParseOtpNumber() STANDARD_OUT
    DEBUG: : PUMPCOMM TimeSettingResponsePacket init 
    DEBUG: : PUMPCOMM Result --> 0
    DEBUG: : PUMPCOMM otpNumber --> 123456

LogChangeTubeSuccessTest > parseLogDataWithSmallPrimeAmount() STARTED

LogChangeTubeSuccessTest > toStringContainsAllFields() STARTED

LogChangeTubeSuccessTest > logKindConstantIsCorrect() STARTED

LogChangeTubeSuccessTest > parseLogDataWithFullReservoir() STARTED

LogChangeTubeSuccessTest > parseLogDataWithLowRemaining() STARTED

LogChangeTubeSuccessTest > parseValidLogData() STARTED

LogChangeTubeSuccessTest > parseLogDataWithLargePrimeAmount() STARTED

LogChangeTubeSuccessTest > parseLogDataWithLowBattery() STARTED

LogInjectNormalSuccessTest > parseExtractsTypeAndKindCorrectly() STARTED

LogInjectNormalSuccessTest > toStringContainsAllFields() STARTED

LogInjectNormalSuccessTest > logKindConstantIsCorrect() STARTED

LogInjectNormalSuccessTest > injectTimeHandlesUnsignedByte() STARTED

LogInjectNormalSuccessTest > parseLogWithDifferentValues() STARTED

LogInjectNormalSuccessTest > parseValidLogData() STARTED

LogInjectionDualNormalTest > parseLogDataWithLargeDose() STARTED

LogInjectionDualNormalTest > toStringContainsAllFields() STARTED

LogInjectionDualNormalTest > parseLogDataWithShortDuration() STARTED

LogInjectionDualNormalTest > logKindConstantIsCorrect() STARTED

LogInjectionDualNormalTest > parseLogDataWithLongDuration() STARTED

LogInjectionDualNormalTest > parseLogDataWithSmallDose() STARTED

LogInjectionDualNormalTest > getInjectTimeShouldReturnUnsignedValue() STARTED

LogInjectionDualNormalTest > parseValidLogData() STARTED

LogInjectionDualNormalTest > parseLogDataWithPartialInjection() STARTED

AppCancelSettingPacketTest > friendlyNameShouldBeCorrect() STANDARD_OUT
    DEBUG: : PUMPCOMM AppCancelSettingPacket init

BasalPauseReportPacketTest > handleMessageShouldHandleZeroStatus() STARTED

BasalPauseReportPacketTest > handleMessageShouldHandleZeroStatus() STANDARD_OUT
    DEBUG: : PUMPCOMM BasalPauseReportPacket init 
    DEBUG: : PUMPCOMM status --> 0

BasalPauseReportPacketTest > handleMessageShouldFailOnDefectivePacket() STARTED

BasalPauseReportPacketTest > handleMessageShouldFailOnDefectivePacket() STANDARD_OUT
    DEBUG: : PUMPCOMM BasalPauseReportPacket init 
    DEBUG: : PUMPCOMM BasalPauseReportPacket Got some Error

BasalPauseReportPacketTest > handleMessageShouldParseBasalPauseCancelStatus() STARTED

BasalPauseReportPacketTest > handleMessageShouldParseBasalPauseCancelStatus() STANDARD_OUT
    DEBUG: : PUMPCOMM BasalPauseReportPacket init 
    DEBUG: : PUMPCOMM status --> 2

BasalPauseReportPacketTest > msgTypeShouldBeCorrect() STARTED

BasalPauseReportPacketTest > msgTypeShouldBeCorrect() STANDARD_OUT
    DEBUG: : PUMPCOMM BasalPauseReportPacket init 

BasalPauseReportPacketTest > handleMessageShouldParseBasalPausedStatus() STARTED

BasalPauseReportPacketTest > handleMessageShouldParseBasalPausedStatus() STANDARD_OUT
    DEBUG: : PUMPCOMM BasalPauseReportPacket init 
    DEBUG: : PUMPCOMM status --> 1

BasalPauseReportPacketTest > friendlyNameShouldBeCorrect() STARTED

BasalPauseReportPacketTest > friendlyNameShouldBeCorrect() STANDARD_OUT
    DEBUG: : PUMPCOMM BasalPauseReportPacket init 

BatteryWarningReportPacketTest > handleMessageShouldParseBatteryWarning() STARTED

BatteryWarningReportPacketTest > handleMessageShouldParseBatteryWarning() STANDARD_OUT
    DEBUG: : PUMPCOMM BatteryWarningReportPacket init 
    DEBUG: : PUMPCOMM batteryWaningGrade --> 2 (1:info, 2: warning , 3: major , 4: critical)
    DEBUG: : PUMPCOMM batteryWaningProcess --> 2 (1:skip, 2: stop , 3: ignore ) 
    DEBUG: : PUMPCOMM batteryWaningRemain --> 30   (0~100%) )

BatteryWarningReportPacketTest > handleMessageShouldFailOnDefectivePacket() STARTED

BatteryWarningReportPacketTest > handleMessageShouldFailOnDefectivePacket() STANDARD_OUT
    DEBUG: : PUMPCOMM BatteryWarningReportPacket init 
    DEBUG: : PUMPCOMM BatteryWarningReportPacket Got some Error

BatteryWarningReportPacketTest > msgTypeShouldBeCorrect() STARTED

LogTbStartV3Test > toStringContainsAllFields() STARTED

LogTbStartV3Test > logKindConstantIsCorrect() STARTED

LogTbStartV3Test > parseShortDurationTempBasal() STARTED

LogTbStartV3Test > parseLogDataWithAbsoluteRate() STARTED

LogTbStartV3Test > parseLongDurationTempBasal() STARTED

LogTbStartV3Test > parseValidLogDataWithPercentage() STARTED

BatteryWarningReportPacketTest > msgTypeShouldBeCorrect() STANDARD_OUT
    DEBUG: : PUMPCOMM BatteryWarningReportPacket init 

BatteryWarningReportPacketTest > handleMessageShouldParseCriticalBattery() STARTED

BatteryWarningReportPacketTest > handleMessageShouldParseCriticalBattery() STANDARD_OUT
    DEBUG: : PUMPCOMM BatteryWarningReportPacket init 
    DEBUG: : PUMPCOMM batteryWaningGrade --> 4 (1:info, 2: warning , 3: major , 4: critical)
    DEBUG: : PUMPCOMM batteryWaningProcess --> 2 (1:skip, 2: stop , 3: ignore ) 
    DEBUG: : PUMPCOMM batteryWaningRemain --> 5   (0~100%) )

BatteryWarningReportPacketTest > handleMessageShouldParseInfoLevelBattery() STARTED

BatteryWarningReportPacketTest > handleMessageShouldParseInfoLevelBattery() STANDARD_OUT
    DEBUG: : PUMPCOMM BatteryWarningReportPacket init 
    DEBUG: : PUMPCOMM batteryWaningGrade --> 1 (1:info, 2: warning , 3: major , 4: critical)
    DEBUG: : PUMPCOMM batteryWaningProcess --> 1 (1:skip, 2: stop , 3: ignore ) 
    DEBUG: : PUMPCOMM batteryWaningRemain --> 50   (0~100%) )

BatteryWarningReportPacketTest > friendlyNameShouldBeCorrect() STARTED

BatteryWarningReportPacketTest > friendlyNameShouldBeCorrect() STANDARD_OUT
    DEBUG: : PUMPCOMM BatteryWarningReportPacket init 

BigMainInfoInquireResponsePacketTest > handleMessageShouldFailOnDefectivePacket() STARTED

BigMainInfoInquireResponsePacketTest > handleMessageShouldFailOnDefectivePacket() STANDARD_OUT
    DEBUG: : PUMPCOMM BigMainInfoInquireResponsePacket init
    DEBUG: : PUMPCOMM BigMainInfoInquireResponsePacket Got some Error

BigMainInfoInquireResponsePacketTest > msgTypeShouldBeCorrect() STARTED

BigMainInfoInquireResponsePacketTest > msgTypeShouldBeCorrect() STANDARD_OUT
    DEBUG: : PUMPCOMM BigMainInfoInquireResponsePacket init

BigMainInfoInquireResponsePacketTest > handleMessageShouldParseSpecificValues() STARTED

BigMainInfoInquireResponsePacketTest > handleMessageShouldParseSpecificValues() STANDARD_OUT
    DEBUG: : PUMPCOMM BigMainInfoInquireResponsePacket init
    DEBUG: : PUMPCOMM Pump time 3/15/24 02:30:45 PM
    DEBUG: : PUMPCOMM result > 0
    DEBUG: : PUMPCOMM systemRemainInsulin > 150.0
    DEBUG: : PUMPCOMM systemRemainBattery > 75
    DEBUG: : PUMPCOMM systemBasePattern > 1
    DEBUG: : PUMPCOMM systemTbStatus > 2
    DEBUG: : PUMPCOMM systemInjectionMealStatus > 2
    DEBUG: : PUMPCOMM systemInjectionSnackStatus > 2
    DEBUG: : PUMPCOMM systemInjectionSquareStatue > 2
    DEBUG: : PUMPCOMM systemInjectionDualStatus > 2
    DEBUG: : PUMPCOMM basePauseStatus > 2
    DEBUG: : PUMPCOMM year > 2024
    DEBUG: : PUMPCOMM month > 3
    DEBUG: : PUMPCOMM day > 15
    DEBUG: : PUMPCOMM hour > 14
    DEBUG: : PUMPCOMM minute > 30
    DEBUG: : PUMPCOMM second > 45
    DEBUG: : PUMPCOMM country > 0
    DEBUG: : PUMPCOMM productType > 1
    DEBUG: : PUMPCOMM makeYear > 22
    DEBUG: : PUMPCOMM makeMonth > 6
    DEBUG: : PUMPCOMM makeDay > 15
    DEBUG: : PUMPCOMM lotNo > 123
    DEBUG: : PUMPCOMM serialNo > 12345
    DEBUG: : PUMPCOMM majorVersion > 3
    DEBUG: : PUMPCOMM minorVersion > 42
    DEBUG: : PUMPCOMM lastNum  > 0
    DEBUG: : PUMPCOMM wrappingCount > 0
    DEBUG: : PUMPCOMM speed > 0
    DEBUG: : PUMPCOMM tbStatus > 0
    DEBUG: : PUMPCOMM tbTime> 0
    DEBUG: : PUMPCOMM tbInjectRateRatio > 0
    DEBUG: : PUMPCOMM tbElapsedTime > 0
    DEBUG: : PUMPCOMM baseStatus > 0
    DEBUG: : PUMPCOMM baseHour > 0
    DEBUG: : PUMPCOMM baseAmount > 0.0
    DEBUG: : PUMPCOMM baseInjAmount > 0.0
    DEBUG: : PUMPCOMM mealKind > 0
    DEBUG: : PUMPCOMM mealStartTime > 0
    DEBUG: : PUMPCOMM mealStatus > 0
    DEBUG: : PUMPCOMM mealAmount > 0.0
    DEBUG: : PUMPCOMM mealInjAmount > 0.0
    DEBUG: : PUMPCOMM mealSpeed > 0
    DEBUG: : PUMPCOMM snackStatus > 0
    DEBUG: : PUMPCOMM snackAmount > 0.0
    DEBUG: : PUMPCOMM snackInjAmount > 0.0
    DEBUG: : PUMPCOMM snackSpeed > 0
    DEBUG: : PUMPCOMM squareStatus > 0
    DEBUG: : PUMPCOMM squareTime > 0
    DEBUG: : PUMPCOMM squareInjTime > 0
    DEBUG: : PUMPCOMM squareAmount > 0.0
    DEBUG: : PUMPCOMM squareInjAmount > 0.0
    DEBUG: : PUMPCOMM dualStatus > 0
    DEBUG: : PUMPCOMM dualAmount > 0.0
    DEBUG: : PUMPCOMM dualInjAmount > 0.0
    DEBUG: : PUMPCOMM dualSquareTime > 0
    DEBUG: : PUMPCOMM dualInjSquareTime > 0
    DEBUG: : PUMPCOMM dualSquareAmount > 0.0
    DEBUG: : PUMPCOMM dualInjSquareAmount> 0.0
    DEBUG: : PUMPCOMM recentKind1  > 0
    DEBUG: : PUMPCOMM recentTime1  > 0
    DEBUG: : PUMPCOMM recentAmount1 > 0.0
    DEBUG: : PUMPCOMM recentKind2  	> 0
    DEBUG: : PUMPCOMM recentTime2  	> 0
    DEBUG: : PUMPCOMM recentAmount2 > 0.0
    DEBUG: : PUMPCOMM todayBaseAmount > 0.0
    DEBUG: : PUMPCOMM todayMealAmount > 0.0
    DEBUG: : PUMPCOMM todaySnackAmount > 0.0
    DEBUG: : PUMPCOMM morningHour  > 0
    DEBUG: : PUMPCOMM morningAmount > 0.0
    DEBUG: : PUMPCOMM lunchHour  > 0
    DEBUG: : PUMPCOMM lunchAmount > 0.0
    DEBUG: : PUMPCOMM dinnerHour  > 0
    DEBUG: : PUMPCOMM dinnerAmount > 0.0
    DEBUG: : PUMPCOMM currentBasePattern > 0
    DEBUG: : PUMPCOMM currentBaseHour  > 0
    DEBUG: : PUMPCOMM currentBaseTbBeforeAmount > 0.0
    DEBUG: : PUMPCOMM currentBaseTbAfterAmount > 0.0
    DEBUG: : PUMPCOMM baseAmount1  > 0.0
    DEBUG: : PUMPCOMM baseAmount2  > 0.0
    DEBUG: : PUMPCOMM baseAmount3  > 0.0
    DEBUG: : PUMPCOMM baseAmount4  > 0.0
    DEBUG: : PUMPCOMM baseAmount5  > 0.0
    DEBUG: : PUMPCOMM baseAmount6  > 0.0
    DEBUG: : PUMPCOMM baseAmount7  > 0.0
    DEBUG: : PUMPCOMM baseAmount8  > 0.0
    DEBUG: : PUMPCOMM baseAmount9  > 0.0
    DEBUG: : PUMPCOMM baseAmount10 > 0.0
    DEBUG: : PUMPCOMM baseAmount11 > 0.0
    DEBUG: : PUMPCOMM baseAmount12 > 0.0
    DEBUG: : PUMPCOMM baseAmount13 > 0.0
    DEBUG: : PUMPCOMM baseAmount14 > 0.0
    DEBUG: : PUMPCOMM baseAmount15 > 0.0
    DEBUG: : PUMPCOMM baseAmount16 > 0.0
    DEBUG: : PUMPCOMM baseAmount17 > 0.0
    DEBUG: : PUMPCOMM baseAmount18 > 0.0
    DEBUG: : PUMPCOMM baseAmount19 > 0.0
    DEBUG: : PUMPCOMM baseAmount20 > 0.0
    DEBUG: : PUMPCOMM baseAmount21 > 0.0
    DEBUG: : PUMPCOMM baseAmount22 > 0.0
    DEBUG: : PUMPCOMM baseAmount23 > 0.0
    DEBUG: : PUMPCOMM baseAmount24 > 0.0

BigMainInfoInquireResponsePacketTest > handleMessageShouldFailOnInvalidResult() STARTED

BigMainInfoInquireResponsePacketTest > handleMessageShouldFailOnInvalidResult() STANDARD_OUT
    DEBUG: : PUMPCOMM BigMainInfoInquireResponsePacket init
    ERROR: PUMPCOMM Packet CRC error

BigMainInfoInquireResponsePacketTest > handleMessageShouldParseBigMainInfo() STARTED

BigMainInfoInquireResponsePacketTest > handleMessageShouldParseBigMainInfo() STANDARD_OUT
    DEBUG: : PUMPCOMM BigMainInfoInquireResponsePacket init
    DEBUG: : PUMPCOMM Pump time 1/1/24 12:00:00 PM
    DEBUG: : PUMPCOMM result > 0
    DEBUG: : PUMPCOMM systemRemainInsulin > 100.0
    DEBUG: : PUMPCOMM systemRemainBattery > 80
    DEBUG: : PUMPCOMM systemBasePattern > 1
    DEBUG: : PUMPCOMM systemTbStatus > 2
    DEBUG: : PUMPCOMM systemInjectionMealStatus > 2
    DEBUG: : PUMPCOMM systemInjectionSnackStatus > 2
    DEBUG: : PUMPCOMM systemInjectionSquareStatue > 2
    DEBUG: : PUMPCOMM systemInjectionDualStatus > 2
    DEBUG: : PUMPCOMM basePauseStatus > 2
    DEBUG: : PUMPCOMM year > 2024
    DEBUG: : PUMPCOMM month > 1
    DEBUG: : PUMPCOMM day > 1
    DEBUG: : PUMPCOMM hour > 12
    DEBUG: : PUMPCOMM minute > 0
    DEBUG: : PUMPCOMM second > 0
    DEBUG: : PUMPCOMM country > 0
    DEBUG: : PUMPCOMM productType > 1
    DEBUG: : PUMPCOMM makeYear > 22
    DEBUG: : PUMPCOMM makeMonth > 6
    DEBUG: : PUMPCOMM makeDay > 15
    DEBUG: : PUMPCOMM lotNo > 123
    DEBUG: : PUMPCOMM serialNo > 12345
    DEBUG: : PUMPCOMM majorVersion > 3
    DEBUG: : PUMPCOMM minorVersion > 42
    DEBUG: : PUMPCOMM lastNum  > 0
    DEBUG: : PUMPCOMM wrappingCount > 0
    DEBUG: : PUMPCOMM speed > 0
    DEBUG: : PUMPCOMM tbStatus > 0
    DEBUG: : PUMPCOMM tbTime> 0
    DEBUG: : PUMPCOMM tbInjectRateRatio > 0
    DEBUG: : PUMPCOMM tbElapsedTime > 0
    DEBUG: : PUMPCOMM baseStatus > 0
    DEBUG: : PUMPCOMM baseHour > 0
    DEBUG: : PUMPCOMM baseAmount > 0.0
    DEBUG: : PUMPCOMM baseInjAmount > 0.0
    DEBUG: : PUMPCOMM mealKind > 0
    DEBUG: : PUMPCOMM mealStartTime > 0
    DEBUG: : PUMPCOMM mealStatus > 0
    DEBUG: : PUMPCOMM mealAmount > 0.0
    DEBUG: : PUMPCOMM mealInjAmount > 0.0
    DEBUG: : PUMPCOMM mealSpeed > 0
    DEBUG: : PUMPCOMM snackStatus > 0
    DEBUG: : PUMPCOMM snackAmount > 0.0
    DEBUG: : PUMPCOMM snackInjAmount > 0.0
    DEBUG: : PUMPCOMM snackSpeed > 0
    DEBUG: : PUMPCOMM squareStatus > 0
    DEBUG: : PUMPCOMM squareTime > 0
    DEBUG: : PUMPCOMM squareInjTime > 0
    DEBUG: : PUMPCOMM squareAmount > 0.0
    DEBUG: : PUMPCOMM squareInjAmount > 0.0
    DEBUG: : PUMPCOMM dualStatus > 0
    DEBUG: : PUMPCOMM dualAmount > 0.0
    DEBUG: : PUMPCOMM dualInjAmount > 0.0
    DEBUG: : PUMPCOMM dualSquareTime > 0
    DEBUG: : PUMPCOMM dualInjSquareTime > 0
    DEBUG: : PUMPCOMM dualSquareAmount > 0.0
    DEBUG: : PUMPCOMM dualInjSquareAmount> 0.0
    DEBUG: : PUMPCOMM recentKind1  > 0
    DEBUG: : PUMPCOMM recentTime1  > 0
    DEBUG: : PUMPCOMM recentAmount1 > 0.0
    DEBUG: : PUMPCOMM recentKind2  	> 0
    DEBUG: : PUMPCOMM recentTime2  	> 0
    DEBUG: : PUMPCOMM recentAmount2 > 0.0
    DEBUG: : PUMPCOMM todayBaseAmount > 0.0
    DEBUG: : PUMPCOMM todayMealAmount > 0.0
    DEBUG: : PUMPCOMM todaySnackAmount > 0.0
    DEBUG: : PUMPCOMM morningHour  > 0
    DEBUG: : PUMPCOMM morningAmount > 0.0
    DEBUG: : PUMPCOMM lunchHour  > 0
    DEBUG: : PUMPCOMM lunchAmount > 0.0
    DEBUG: : PUMPCOMM dinnerHour  > 0
    DEBUG: : PUMPCOMM dinnerAmount > 0.0
    DEBUG: : PUMPCOMM currentBasePattern > 0
    DEBUG: : PUMPCOMM currentBaseHour  > 0
    DEBUG: : PUMPCOMM currentBaseTbBeforeAmount > 0.0
    DEBUG: : PUMPCOMM currentBaseTbAfterAmount > 0.0
    DEBUG: : PUMPCOMM baseAmount1  > 0.0
    DEBUG: : PUMPCOMM baseAmount2  > 0.0
    DEBUG: : PUMPCOMM baseAmount3  > 0.0
    DEBUG: : PUMPCOMM baseAmount4  > 0.0
    DEBUG: : PUMPCOMM baseAmount5  > 0.0
    DEBUG: : PUMPCOMM baseAmount6  > 0.0
    DEBUG: : PUMPCOMM baseAmount7  > 0.0
    DEBUG: : PUMPCOMM baseAmount8  > 0.0
    DEBUG: : PUMPCOMM baseAmount9  > 0.0
    DEBUG: : PUMPCOMM baseAmount10 > 0.0
    DEBUG: : PUMPCOMM baseAmount11 > 0.0
    DEBUG: : PUMPCOMM baseAmount12 > 0.0
    DEBUG: : PUMPCOMM baseAmount13 > 0.0
    DEBUG: : PUMPCOMM baseAmount14 > 0.0
    DEBUG: : PUMPCOMM baseAmount15 > 0.0
    DEBUG: : PUMPCOMM baseAmount16 > 0.0
    DEBUG: : PUMPCOMM baseAmount17 > 0.0
    DEBUG: : PUMPCOMM baseAmount18 > 0.0
    DEBUG: : PUMPCOMM baseAmount19 > 0.0
    DEBUG: : PUMPCOMM baseAmount20 > 0.0
    DEBUG: : PUMPCOMM baseAmount21 > 0.0
    DEBUG: : PUMPCOMM baseAmount22 > 0.0
    DEBUG: : PUMPCOMM baseAmount23 > 0.0
    DEBUG: : PUMPCOMM baseAmount24 > 0.0

ConfirmReportPacketTest > handleMessageShouldFailOnDefectivePacket() STARTED

ConfirmReportPacketTest > handleMessageShouldFailOnDefectivePacket() STANDARD_OUT
    DEBUG: : PUMPCOMM ConfirmReportPacket init 
    DEBUG: : PUMPCOMM ConfirmReportPacket Got some Error

ConfirmReportPacketTest > msgTypeShouldBeCorrect() STARTED

ConfirmReportPacketTest > msgTypeShouldBeCorrect() STANDARD_OUT
    DEBUG: : PUMPCOMM ConfirmReportPacket init 

ConfirmReportPacketTest > friendlyNameShouldBeCorrect() STARTED

ConfirmReportPacketTest > friendlyNameShouldBeCorrect() STANDARD_OUT
    DEBUG: : PUMPCOMM ConfirmReportPacket init 

ConfirmReportPacketTest > handleMessageShouldParseConfirmReport() STARTED

ConfirmReportPacketTest > handleMessageShouldParseConfirmReport() STANDARD_OUT
    DEBUG: : PUMPCOMM ConfirmReportPacket init 
    DEBUG: : PUMPCOMM Pump Report Confirm reqMsgType --> 10

ConfirmReportPacketTest > handleMessageShouldHandleDifferentMessageTypes() STARTED

ConfirmReportPacketTest > handleMessageShouldHandleDifferentMessageTypes() STANDARD_OUT
    DEBUG: : PUMPCOMM ConfirmReportPacket init 
    DEBUG: : PUMPCOMM Pump Report Confirm reqMsgType --> 6
    DEBUG: : PUMPCOMM ConfirmReportPacket init 
    DEBUG: : PUMPCOMM Pump Report Confirm reqMsgType --> 7
    DEBUG: : PUMPCOMM ConfirmReportPacket init 
    DEBUG: : PUMPCOMM Pump Report Confirm reqMsgType --> 8
    DEBUG: : PUMPCOMM ConfirmReportPacket init 
    DEBUG: : PUMPCOMM Pump Report Confirm reqMsgType --> 10
    DEBUG: : PUMPCOMM ConfirmReportPacket init 
    DEBUG: : PUMPCOMM Pump Report Confirm reqMsgType --> 11

IncarnationInquirePacketTest > encodeShouldGenerateValidPacket() STARTED

IncarnationInquirePacketTest > encodeShouldGenerateValidPacket() STANDARD_OUT
    DEBUG: : PUMPCOMM IncarnationInquirePacket init

IncarnationInquirePacketTest > friendlyNameShouldBeCorrect() STARTED

IncarnationInquirePacketTest > friendlyNameShouldBeCorrect() STANDARD_OUT
    DEBUG: : PUMPCOMM IncarnationInquirePacket init

InjectionCancelSettingPacketTest > encodeShouldGenerateValidPacketForMealBolusCancel() STARTED

InjectionCancelSettingPacketTest > encodeShouldGenerateValidPacketForMealBolusCancel() STANDARD_OUT
    DEBUG: : PUMPCOMM InjectionCancelSettingPacket INIT

InjectionCancelSettingPacketTest > msgTypeShouldBeCorrect() STARTED

InjectionCancelSettingPacketTest > msgTypeShouldBeCorrect() STANDARD_OUT
    DEBUG: : PUMPCOMM InjectionCancelSettingPacket INIT

InjectionCancelSettingPacketTest > encodeShouldGenerateValidPacketForExtendedBolusCancel() STARTED

InjectionCancelSettingPacketTest > encodeShouldGenerateValidPacketForExtendedBolusCancel() STANDARD_OUT
    DEBUG: : PUMPCOMM InjectionCancelSettingPacket INIT

InjectionCancelSettingPacketTest > friendlyNameShouldBeCorrect() STARTED

InjectionCancelSettingPacketTest > friendlyNameShouldBeCorrect() STANDARD_OUT
    DEBUG: : PUMPCOMM InjectionCancelSettingPacket INIT

InjectionCancelSettingPacketTest > encodeShouldGenerateValidPacketForSnackBolusCancel() STARTED

InjectionCancelSettingPacketTest > encodeShouldGenerateValidPacketForSnackBolusCancel() STANDARD_OUT
    DEBUG: : PUMPCOMM InjectionCancelSettingPacket INIT

InjectionMealSettingResponsePacketTest > handleMessageShouldFailOnDefectivePacket() STARTED

InjectionMealSettingResponsePacketTest > handleMessageShouldFailOnDefectivePacket() STANDARD_OUT
    DEBUG: : PUMPCOMM InjectionMealSettingResponsePacket init 
    DEBUG: : PUMPCOMM InjectionMealSettingResponsePacket Got some Error

InjectionMealSettingResponsePacketTest > msgTypeShouldBeCorrect() STARTED

InjectionMealSettingResponsePacketTest > msgTypeShouldBeCorrect() STANDARD_OUT
    DEBUG: : PUMPCOMM InjectionMealSettingResponsePacket init 

InjectionMealSettingResponsePacketTest > handleMessageShouldHandleLargeOtpNumber() STARTED

InjectionMealSettingResponsePacketTest > handleMessageShouldHandleLargeOtpNumber() STANDARD_OUT
    DEBUG: : PUMPCOMM InjectionMealSettingResponsePacket init 
    DEBUG: : PUMPCOMM Result --> 0
    DEBUG: : PUMPCOMM otpNumber --> 999999

InjectionMealSettingResponsePacketTest > friendlyNameShouldBeCorrect() STARTED

InjectionMealSettingResponsePacketTest > friendlyNameShouldBeCorrect() STANDARD_OUT
    DEBUG: : PUMPCOMM InjectionMealSettingResponsePacket init 

InjectionMealSettingResponsePacketTest > handleMessageShouldFailOnInvalidResult() STARTED

InjectionMealSettingResponsePacketTest > handleMessageShouldFailOnInvalidResult() STANDARD_OUT
    DEBUG: : PUMPCOMM InjectionMealSettingResponsePacket init 
    ERROR: PUMPCOMM Packet CRC error

InjectionMealSettingResponsePacketTest > handleMessageShouldHandleZeroOtpNumber() STARTED

InjectionMealSettingResponsePacketTest > handleMessageShouldHandleZeroOtpNumber() STANDARD_OUT
    DEBUG: : PUMPCOMM InjectionMealSettingResponsePacket init 
    DEBUG: : PUMPCOMM Result --> 0
    DEBUG: : PUMPCOMM otpNumber --> 0

InjectionMealSettingResponsePacketTest > handleMessageShouldParseOtpNumber() STARTED

InjectionMealSettingResponsePacketTest > handleMessageShouldParseOtpNumber() STANDARD_OUT
    DEBUG: : PUMPCOMM InjectionMealSettingResponsePacket init 
    DEBUG: : PUMPCOMM Result --> 0
    DEBUG: : PUMPCOMM otpNumber --> 123456

InjectionSnackSettingResponsePacketTest > handleMessageShouldFailOnDefectivePacket() STARTED

InjectionSnackSettingResponsePacketTest > handleMessageShouldFailOnDefectivePacket() STANDARD_OUT
    DEBUG: : PUMPCOMM InjectionSnackSettingResponsePacket init 
    DEBUG: : PUMPCOMM InjectionSnackSettingResponsePacket Got some Error

InjectionSnackSettingResponsePacketTest > msgTypeShouldBeCorrect() STARTED

InjectionSnackSettingResponsePacketTest > msgTypeShouldBeCorrect() STANDARD_OUT
    DEBUG: : PUMPCOMM InjectionSnackSettingResponsePacket init 

InjectionSnackSettingResponsePacketTest > handleMessageShouldHandleLargeOtpNumber() STARTED

InjectionSnackSettingResponsePacketTest > handleMessageShouldHandleLargeOtpNumber() STANDARD_OUT
    DEBUG: : PUMPCOMM InjectionSnackSettingResponsePacket init 
    DEBUG: : PUMPCOMM Result --> 0
    DEBUG: : PUMPCOMM otpNumber --> 999999

InjectionSnackSettingResponsePacketTest > friendlyNameShouldBeCorrect() STARTED

InjectionSnackSettingResponsePacketTest > friendlyNameShouldBeCorrect() STANDARD_OUT
    DEBUG: : PUMPCOMM InjectionSnackSettingResponsePacket init 

InjectionSnackSettingResponsePacketTest > handleMessageShouldFailOnInvalidResult() STARTED

InjectionSnackSettingResponsePacketTest > handleMessageShouldFailOnInvalidResult() STANDARD_OUT
    DEBUG: : PUMPCOMM InjectionSnackSettingResponsePacket init 
    ERROR: PUMPCOMM Packet CRC error

InjectionSnackSettingResponsePacketTest > handleMessageShouldHandleZeroOtpNumber() STARTED

InjectionSnackSettingResponsePacketTest > handleMessageShouldHandleZeroOtpNumber() STANDARD_OUT
    DEBUG: : PUMPCOMM InjectionSnackSettingResponsePacket init 
    DEBUG: : PUMPCOMM Result --> 0
    DEBUG: : PUMPCOMM otpNumber --> 0

InjectionSnackSettingResponsePacketTest > handleMessageShouldParseOtpNumber() STARTED

InjectionSnackSettingResponsePacketTest > handleMessageShouldParseOtpNumber() STANDARD_OUT
    DEBUG: : PUMPCOMM InjectionSnackSettingResponsePacket init 
    DEBUG: : PUMPCOMM Result --> 0
    DEBUG: : PUMPCOMM otpNumber --> 123456

LogStatusInquirePacketTest > encodeShouldGenerateValidPacket() STARTED

LogStatusInquirePacketTest > encodeShouldGenerateValidPacket() STANDARD_OUT
    DEBUG: : PUMPCOMM LogStatusInquirePacket INIT

LogStatusInquirePacketTest > friendlyNameShouldBeCorrect() STARTED

LogStatusInquirePacketTest > friendlyNameShouldBeCorrect() STANDARD_OUT
    DEBUG: : PUMPCOMM LogStatusInquirePacket INIT

SnackLimitInquireResponsePacketTest > handleMessageShouldFailOnDefectivePacket() STARTED

SnackLimitInquireResponsePacketTest > handleMessageShouldFailOnDefectivePacket() STANDARD_OUT
    DEBUG: : PUMPCOMM SnackLimitInquireResponsePacket init
    DEBUG: : PUMPCOMM SnackLimitInquireResponsePacket Got some Error

SnackLimitInquireResponsePacketTest > handleMessageShouldParseBolusLimits() STARTED

SnackLimitInquireResponsePacketTest > handleMessageShouldParseBolusLimits() STANDARD_OUT
    DEBUG: : PUMPCOMM SnackLimitInquireResponsePacket init
    DEBUG: : PUMPCOMM Result --> 0
    DEBUG: : PUMPCOMM maxBolusesPerDay --> 50.0
    DEBUG: : PUMPCOMM maxBolus --> 10.0

SnackLimitInquireResponsePacketTest > msgTypeShouldBeCorrect() STARTED

SnackLimitInquireResponsePacketTest > msgTypeShouldBeCorrect() STANDARD_OUT
    DEBUG: : PUMPCOMM SnackLimitInquireResponsePacket init

SnackLimitInquireResponsePacketTest > handleMessageShouldHandleMaximumLimits() STARTED

SnackLimitInquireResponsePacketTest > handleMessageShouldHandleMaximumLimits() STANDARD_OUT
    DEBUG: : PUMPCOMM SnackLimitInquireResponsePacket init
    DEBUG: : PUMPCOMM Result --> 0
    DEBUG: : PUMPCOMM maxBolusesPerDay --> 200.0
    DEBUG: : PUMPCOMM maxBolus --> 25.0

SnackLimitInquireResponsePacketTest > friendlyNameShouldBeCorrect() STARTED

SnackLimitInquireResponsePacketTest > friendlyNameShouldBeCorrect() STANDARD_OUT
    DEBUG: : PUMPCOMM SnackLimitInquireResponsePacket init

SnackLimitInquireResponsePacketTest > handleMessageShouldFailOnInvalidResult() STARTED

SnackLimitInquireResponsePacketTest > handleMessageShouldFailOnInvalidResult() STANDARD_OUT
    DEBUG: : PUMPCOMM SnackLimitInquireResponsePacket init
    ERROR: PUMPCOMM Packet CRC error

SnackLimitInquireResponsePacketTest > handleMessageShouldHandleDecimalValues() STARTED

SnackLimitInquireResponsePacketTest > handleMessageShouldHandleDecimalValues() STANDARD_OUT
    DEBUG: : PUMPCOMM SnackLimitInquireResponsePacket init
    DEBUG: : PUMPCOMM Result --> 0
    DEBUG: : PUMPCOMM maxBolusesPerDay --> 38.75
    DEBUG: : PUMPCOMM maxBolus --> 7.55

SnackLimitInquireResponsePacketTest > handleMessageShouldHandleMinimumLimits() STARTED

SnackLimitInquireResponsePacketTest > handleMessageShouldHandleMinimumLimits() STANDARD_OUT
    DEBUG: : PUMPCOMM SnackLimitInquireResponsePacket init
    DEBUG: : PUMPCOMM Result --> 0
    DEBUG: : PUMPCOMM maxBolusesPerDay --> 5.0
    DEBUG: : PUMPCOMM maxBolus --> 0.5

SnackLimitInquireResponsePacketTest > handleMessageShouldHandleTypicalLimits() STARTED

SnackLimitInquireResponsePacketTest > handleMessageShouldHandleTypicalLimits() STANDARD_OUT
    DEBUG: : PUMPCOMM SnackLimitInquireResponsePacket init
    DEBUG: : PUMPCOMM Result --> 0
    DEBUG: : PUMPCOMM maxBolusesPerDay --> 100.0
    DEBUG: : PUMPCOMM maxBolus --> 15.0

TempBasalInquireResponsePacketTest > msgTypeShouldBeCorrect() STARTED

TempBasalInquireResponsePacketTest > msgTypeShouldBeCorrect() STANDARD_OUT
    DEBUG: : PUMPCOMM TempBasalInquireResponsePacket init

TempBasalInquireResponsePacketTest > friendlyNameShouldBeCorrect() STARTED

TempBasalInquireResponsePacketTest > friendlyNameShouldBeCorrect() STANDARD_OUT
    DEBUG: : PUMPCOMM TempBasalInquireResponsePacket init

TempBasalInquireResponsePacketTest > handleMessageShouldFailOnInvalidResult() STARTED

TempBasalInquireResponsePacketTest > handleMessageShouldFailOnInvalidResult() STANDARD_OUT
    DEBUG: : PUMPCOMM TempBasalInquireResponsePacket init
    ERROR: PUMPCOMM Packet CRC error

TempBasalInquireResponsePacketTest > handleMessageShouldHandleAbsoluteTempBasal() STARTED

TempBasalInquireResponsePacketTest > handleMessageShouldHandleAbsoluteTempBasal() STANDARD_OUT
    DEBUG: : PUMPCOMM TempBasalInquireResponsePacket init
    DEBUG: : PUMPCOMM Result --> 16
    DEBUG: : PUMPCOMM tbStatus > 1
    DEBUG: : PUMPCOMM tbTime> 8
    DEBUG: : PUMPCOMM tbInjectRateRatio > 1250
    DEBUG: : PUMPCOMM tbElapsedTime > 45

TempBasalInquireResponsePacketTest > handleMessageShouldParseTempBasalInfo() STARTED

TempBasalInquireResponsePacketTest > handleMessageShouldParseTempBasalInfo() STANDARD_OUT
    DEBUG: : PUMPCOMM TempBasalInquireResponsePacket init
    DEBUG: : PUMPCOMM Result --> 16
    DEBUG: : PUMPCOMM tbStatus > 1
    DEBUG: : PUMPCOMM tbTime> 6
    DEBUG: : PUMPCOMM tbInjectRateRatio > 50120
    DEBUG: : PUMPCOMM tbElapsedTime > 30

TempBasalInquireResponsePacketTest > handleMessageShouldHandleNoTempBasal() STARTED

TempBasalInquireResponsePacketTest > handleMessageShouldHandleNoTempBasal() STANDARD_OUT
    DEBUG: : PUMPCOMM TempBasalInquireResponsePacket init
    DEBUG: : PUMPCOMM Result --> 16
    DEBUG: : PUMPCOMM tbStatus > 2
    DEBUG: : PUMPCOMM tbTime> 0
    DEBUG: : PUMPCOMM tbInjectRateRatio > 0
    DEBUG: : PUMPCOMM tbElapsedTime > 0

TimeReportPacketTest > handleMessageShouldFailOnDefectivePacket() STARTED

TimeReportPacketTest > handleMessageShouldFailOnDefectivePacket() STANDARD_OUT
    DEBUG: : PUMPCOMM TimeReportPacket init 
    DEBUG: : PUMPCOMM TimeReportPacket Report Packet Got some Error

TimeReportPacketTest > msgTypeShouldBeCorrect() STARTED

TimeReportPacketTest > msgTypeShouldBeCorrect() STANDARD_OUT
    DEBUG: : PUMPCOMM TimeReportPacket init 

TimeReportPacketTest > handleMessageShouldHandleMaximumValues() STARTED

TimeReportPacketTest > handleMessageShouldHandleMaximumValues() STANDARD_OUT
    DEBUG: : PUMPCOMM TimeReportPacket init 
    DEBUG: : PUMPCOMM year   --> 99
    DEBUG: : PUMPCOMM month  --> 12
    DEBUG: : PUMPCOMM day    --> 31
    DEBUG: : PUMPCOMM hour   --> 23
    DEBUG: : PUMPCOMM minute --> 59
    DEBUG: : PUMPCOMM second --> 59

TimeReportPacketTest > friendlyNameShouldBeCorrect() STARTED

TimeReportPacketTest > friendlyNameShouldBeCorrect() STANDARD_OUT
    DEBUG: : PUMPCOMM TimeReportPacket init 

TimeReportPacketTest > handleMessageShouldHandleMinimumValues() STARTED

TimeReportPacketTest > handleMessageShouldHandleMinimumValues() STANDARD_OUT
    DEBUG: : PUMPCOMM TimeReportPacket init 
    DEBUG: : PUMPCOMM year   --> 0
    DEBUG: : PUMPCOMM month  --> 1
    DEBUG: : PUMPCOMM day    --> 1
    DEBUG: : PUMPCOMM hour   --> 0
    DEBUG: : PUMPCOMM minute --> 0
    DEBUG: : PUMPCOMM second --> 0

TimeReportPacketTest > handleMessageShouldParseTimeFields() STARTED

TimeReportPacketTest > handleMessageShouldParseTimeFields() STANDARD_OUT
    DEBUG: : PUMPCOMM TimeReportPacket init 
    DEBUG: : PUMPCOMM year   --> 25
    DEBUG: : PUMPCOMM month  --> 6
    DEBUG: : PUMPCOMM day    --> 15
    DEBUG: : PUMPCOMM hour   --> 14
    DEBUG: : PUMPCOMM minute --> 30
    DEBUG: : PUMPCOMM second --> 45

LogChangeInjectorSuccessTest > parseLogDataWithSmallPrimeAmount() STARTED

LogChangeInjectorSuccessTest > toStringContainsAllFields() STARTED

LogChangeInjectorSuccessTest > logKindConstantIsCorrect() STARTED

LogChangeInjectorSuccessTest > parseLogDataWithFullReservoir() STARTED

LogChangeInjectorSuccessTest > parseLogDataWithLowRemaining() STARTED

LogChangeInjectorSuccessTest > parseValidLogData() STARTED

LogChangeInjectorSuccessTest > parseLogDataWithLargePrimeAmount() STARTED

LogChangeInjectorSuccessTest > parseLogDataWithLowBattery() STARTED

LogInjectMealSuccessTest > parseLogWithLunchTime() STARTED

LogInjectMealSuccessTest > toStringContainsAllFields() STARTED

LogInjectMealSuccessTest > logKindConstantIsCorrect() STARTED

LogInjectMealSuccessTest > parseLogWithDinnerTime() STARTED

LogInjectMealSuccessTest > parseValidLogData() STARTED

LogInjection1DayTest > parseLogDataWithNoExtendedBolus() STARTED

LogInjection1DayTest > toStringContainsAllFields() STARTED

LogInjection1DayTest > logKindConstantIsCorrect() STARTED

LogInjection1DayTest > parseLogDataWithNoMealBolus() STARTED

LogInjection1DayTest > parseLogDataWithHighMealAmount() STARTED

LogInjection1DayTest > parseValidLogData() STARTED

LogInjection1DayTest > parseLogDataWithHighExtendedAmount() STARTED

LogInjection1DayTest > parseLogDataWithLowBattery() STARTED

LogSuspendReleaseV2Test > parseLogDataWithLife2Pattern() STARTED

LogSuspendReleaseV2Test > toStringContainsAllFields() STARTED

LogSuspendReleaseV2Test > logKindConstantIsCorrect() STARTED

LogSuspendReleaseV2Test > parseLogDataWithDr1Pattern() STARTED

LogSuspendReleaseV2Test > parseLogDataWithLife3Pattern() STARTED

LogSuspendReleaseV2Test > parseLogDataWithLife1Pattern() STARTED

LogSuspendReleaseV2Test > parseValidLogDataWithBasePattern() STARTED

LogSuspendReleaseV2Test > parseLogDataWithUnknownPattern() STARTED

LogSuspendReleaseV2Test > parseLogDataWithDr2Pattern() STARTED

LogSuspendReleaseV2Test > parseLogDataWithLowBattery() STARTED

> Task :pump:equil:hiltJavaCompileFullDebugUnitTest NO-SOURCE

> Task :pump:medtronic:testFullDebugUnitTest
    TBR Process List (Special): 58
    null - null  285 s (4)  1.7000000000000002 / 0.0
    null - 19.12.2021 13:30:27  605 s (10)  0.0
    null - 19.12.2021 13:50:31  1200 s (20)  0.0
    null - 19.12.2021 14:20:19  1784 s (29)  0.0
    null - 19.12.2021 14:50:14  1791 s (29)  0.0
    null - null  339 s (5)  1.85 / 0.0
    null - 19.12.2021 15:00:31  272 s (4)  0.0
    null - 19.12.2021 15:15:39  904 s (15)  0.0
    null - null  291 s (4)  1.55 / 0.0
    null - 19.12.2021 15:30:37  601 s (10)  0.0
    null - null  36 s (0)  0.8500000000000001 / 0.0
    null - null  258 s (4)  2.5 / 0.0
    null - null  312 s (5)  0.05 / 0.0
    null - null  267 s (4)  0.30000000000000004 / 0.0
    null - null  295 s (4)  0.6000000000000001 / 0.0
    null - null  310 s (5)  0.9500000000000001 / 0.0
    null - null  302 s (5)  1.1 / 0.0
    null - null  308 s (5)  1.55 / 0.0
    null - null  266 s (4)  0.1 / 0.0
    null - 19.12.2021 17:25:34  4526 s (75)  0.0
    null - null  300 s (5)  0.75 / 0.0
    null - null  297 s (4)  1.1500000000000001 / 0.0
    null - 19.12.2021 17:40:18  281 s (4)  0.0
    null - null  916 s (15)  1.1500000000000001 / 0.0
    null - 19.12.2021 18:25:28  1788 s (29)  0.0
    null - 19.12.2021 19:25:48  3616 s (60)  0.0
    null - 19.12.2021 20:51:07  5115 s (85)  0.0
    null - null  271 s (4)  1.2000000000000002 / 0.0
    null - null  292 s (4)  1.8 / 0.0
    null - null  276 s (4)  0.30000000000000004 / 0.0
    null - 19.12.2021 21:10:21  306 s (5)  0.0
    null - 19.12.2021 21:25:22  897 s (14)  0.0
    null - null  330 s (5)  0.9 / 0.0
    null - null  302 s (5)  0.4 / 0.0
    null - null  274 s (4)  0.55 / 0.0
    null - 19.12.2021 21:50:02  564 s (9)  0.0
    null - null  348 s (5)  0.55 / 0.0
    null - null  280 s (4)  1.3 / 0.0
    null - null  602 s (10)  2.45 / 0.0
    null - null  325 s (5)  0.5 / 0.0
    null - null  300 s (5)  0.1 / 0.0
    null - null  270 s (4)  0.7000000000000001 / 0.0
    null - null  300 s (5)  1.0 / 0.0
    null - null  630 s (10)  1.2000000000000002 / 0.0
    null - null  296 s (4)  0.05 / 0.0
    null - null  294 s (4)  0.35000000000000003 / 0.0
    null - null  547 s (9)  0.8500000000000001 / 0.0
    null - null  343 s (5)  0.05 / 0.0
    null - null  266 s (4)  0.8500000000000001 / 0.0
    null - null  627 s (10)  1.05 / 0.0
    null - null  254 s (4)  0.8500000000000001 / 0.0
    null - null  306 s (5)  0.5 / 0.0
    null - null  321 s (5)  0.05 / 0.0
    null - null  570 s (9)  0.30000000000000004 / 0.0
    null - null  380 s (6)  0.1 / 0.0
    null - 20.12.2021 00:50:47  1758 s (29)  0.0
    null - 20.12.2021 01:05:22  870 s (14)  0.0
    null  1800 s (30)  0.0

MedtronicHistoryDataUTest > createTBRProcessList() STARTED

MedtronicHistoryDataUTest > createTBRProcessList() STANDARD_OUT
    TBR Pre-Process List: [{"entryType":"TempBasalCombined","offset":0,"displayableValue":"","rawData":[],"sizes":[0,0,0],"head":[],"datetime":[],"body":[],"id":0,"atechDateTime":20211031013508,"decodedData":{"Object":{"insulinRate":1.1,"isPercent":false,"durationMinutes":30,"isActive":false}},"pumpId":0},{"entryType":"TempBasalCombined","offset":0,"displayableValue":"","rawData":[],"sizes":[0,0,0],"head":[],"datetime":[],"body":[],"id":0,"atechDateTime":20211031013947,"decodedData":{"Object":{"insulinRate":0.0,"isPercent":false,"durationMinutes":0,"isActive":false}},"pumpId":0},{"entryType":"TempBasalCombined","offset":0,"displayableValue":"","rawData":[],"sizes":[0,0,0],"head":[],"datetime":[],"body":[],"id":0,"atechDateTime":20211031013949,"decodedData":{"Object":{"insulinRate":1.1500000000000001,"isPercent":false,"durationMinutes":30,"isActive":false}},"pumpId":0},{"entryType":"TempBasalCombined","offset":0,"displayableValue":"","rawData":[],"sizes":[0,0,0],"head":[],"datetime":[],"body":[],"id":0,"atechDateTime":20211031014941,"decodedData":{"Object":{"insulinRate":0.0,"isPercent":false,"durationMinutes":0,"isActive":false}},"pumpId":0},{"entryType":"TempBasalCombined","offset":0,"displayableValue":"","rawData":[],"sizes":[0,0,0],"head":[],"datetime":[],"body":[],"id":0,"atechDateTime":20211031014943,"decodedData":{"Object":{"insulinRate":0.8,"isPercent":false,"durationMinutes":30,"isActive":false}},"pumpId":0},{"entryType":"TempBasalCombined","offset":0,"displayableValue":"","rawData":[],"sizes":[0,0,0],"head":[],"datetime":[],"body":[],"id":0,"atechDateTime":20211031015459,"decodedData":{"Object":{"insulinRate":0.0,"isPercent":false,"durationMinutes":0,"isActive":false}},"pumpId":0},{"entryType":"TempBasalCombined","offset":0,"displayableValue":"","rawData":[],"sizes":[0,0,0],"head":[],"datetime":[],"body":[],"id":0,"atechDateTime":20211031015505,"decodedData":{"Object":{"insulinRate":0.0,"isPercent":false,"durationMinutes":30,"isActive":false}},"pumpId":0},{"entryType":"TempBasalCombined","offset":0,"displayableValue":"","rawData":[],"sizes":[0,0,0],"head":[],"datetime":[],"body":[],"id":0,"atechDateTime":20211031015943,"decodedData":{"Object":{"insulinRate":0.0,"isPercent":false,"durationMinutes":0,"isActive":false}},"pumpId":0},{"entryType":"TempBasalCombined","offset":0,"displayableValue":"","rawData":[],"sizes":[0,0,0],"head":[],"datetime":[],"body":[],"id":0,"atechDateTime":20211031020445,"decodedData":{"Object":{"insulinRate":0.55,"isPercent":false,"durationMinutes":30,"isActive":false}},"pumpId":0},{"entryType":"TempBasalCombined","offset":0,"displayableValue":"","rawData":[],"sizes":[0,0,0],"head":[],"datetime":[],"body":[],"id":0,"atechDateTime":20211031020947,"decodedData":{"Object":{"insulinRate":0.0,"isPercent":false,"durationMinutes":0,"isActive":false}},"pumpId":0},{"entryType":"TempBasalCombined","offset":0,"displayableValue":"","rawData":[],"sizes":[0,0,0],"head":[],"datetime":[],"body":[],"id":0,"atechDateTime":20211031020948,"decodedData":{"Object":{"insulinRate":0.35000000000000003,"isPercent":false,"durationMinutes":30,"isActive":false}},"pumpId":0},{"entryType":"TempBasalCombined","offset":0,"displayableValue":"","rawData":[],"sizes":[0,0,0],"head":[],"datetime":[],"body":[],"id":0,"atechDateTime":20211031021456,"decodedData":{"Object":{"insulinRate":0.0,"isPercent":false,"durationMinutes":0,"isActive":false}},"pumpId":0},{"entryType":"TempBasalCombined","offset":0,"displayableValue":"","rawData":[],"sizes":[0,0,0],"head":[],"datetime":[],"body":[],"id":0,"atechDateTime":20211031021457,"decodedData":{"Object":{"insulinRate":2.3000000000000003,"isPercent":false,"durationMinutes":30,"isActive":false}},"pumpId":0},{"entryType":"TempBasalCombined","offset":0,"displayableValue":"","rawData":[],"sizes":[0,0,0],"head":[],"datetime":[],"body":[],"id":0,"atechDateTime":20211031022516,"decodedData":{"Object":{"insulinRate":0.0,"isPercent":false,"durationMinutes":0,"isActive":false}},"pumpId":0},{"entryType":"TempBasalCombined","offset":0,"displayableValue":"","rawData":[],"sizes":[0,0,0],"head":[],"datetime":[],"body":[],"id":0,"atechDateTime":20211031022518,"decodedData":{"Object":{"insulinRate":1.85,"isPercent":false,"durationMinutes":30,"isActive":false}},"pumpId":0},{"entryType":"TempBasalCombined","offset":0,"displayableValue":"","rawData":[],"sizes":[0,0,0],"head":[],"datetime":[],"body":[],"id":0,"atechDateTime":20211031022950,"decodedData":{"Object":{"insulinRate":0.0,"isPercent":false,"durationMinutes":0,"isActive":false}},"pumpId":0},{"entryType":"TempBasalCombined","offset":0,"displayableValue":"","rawData":[],"sizes":[0,0,0],"head":[],"datetime":[],"body":[],"id":0,"atechDateTime":20211031022951,"decodedData":{"Object":{"insulinRate":0.25,"isPercent":false,"durationMinutes":30,"isActive":false}},"pumpId":0},{"entryType":"TempBasalCombined","offset":0,"displayableValue":"","rawData":[],"sizes":[0,0,0],"head":[],"datetime":[],"body":[],"id":0,"atechDateTime":20211031023445,"decodedData":{"Object":{"insulinRate":0.0,"isPercent":false,"durationMinutes":0,"isActive":false}},"pumpId":0},{"entryType":"TempBasalCombined","offset":0,"displayableValue":"","rawData":[],"sizes":[0,0,0],"head":[],"datetime":[],"body":[],"id":0,"atechDateTime":20211031023447,"decodedData":{"Object":{"insulinRate":2.0500000000000003,"isPercent":false,"durationMinutes":30,"isActive":false}},"pumpId":0},{"entryType":"TempBasalCombined","offset":0,"displayableValue":"","rawData":[],"sizes":[0,0,0],"head":[],"datetime":[],"body":[],"id":0,"atechDateTime":20211031024516,"decodedData":{"Object":{"insulinRate":0.0,"isPercent":false,"durationMinutes":0,"isActive":false}},"pumpId":0},{"entryType":"TempBasalCombined","offset":0,"displayableValue":"","rawData":[],"sizes":[0,0,0],"head":[],"datetime":[],"body":[],"id":0,"atechDateTime":20211031024518,"decodedData":{"Object":{"insulinRate":2.75,"isPercent":false,"durationMinutes":30,"isActive":false}},"pumpId":0},{"entryType":"TempBasalCombined","offset":0,"displayableValue":"","rawData":[],"sizes":[0,0,0],"head":[],"datetime":[],"body":[],"id":0,"atechDateTime":20211031025016,"decodedData":{"Object":{"insulinRate":0.0,"isPercent":false,"durationMinutes":0,"isActive":false}},"pumpId":0},{"entryType":"TempBasalCombined","offset":0,"displayableValue":"","rawData":[],"sizes":[0,0,0],"head":[],"datetime":[],"body":[],"id":0,"atechDateTime":20211031025018,"decodedData":{"Object":{"insulinRate":0.1,"isPercent":false,"durationMinutes":30,"isActive":false}},"pumpId":0},{"entryType":"TempBasalCombined","offset":0,"displayableValue":"","rawData":[],"sizes":[0,0,0],"head":[],"datetime":[],"body":[],"id":0,"atechDateTime":20211031025445,"decodedData":{"Object":{"insulinRate":0.0,"isPercent":false,"durationMinutes":0,"isActive":false}},"pumpId":0},{"entryType":"TempBasalCombined","offset":0,"displayableValue":"","rawData":[],"sizes":[0,0,0],"head":[],"datetime":[],"body":[],"id":0,"atechDateTime":20211031025446,"decodedData":{"Object":{"insulinRate":2.75,"isPercent":false,"durationMinutes":30,"isActive":false}},"pumpId":0},{"entryType":"TempBasalCombined","offset":0,"displayableValue":"","rawData":[],"sizes":[0,0,0],"head":[],"datetime":[],"body":[],"id":0,"atechDateTime":20211031025947,"decodedData":{"Object":{"insulinRate":0.0,"isPercent":false,"durationMinutes":0,"isActive":false}},"pumpId":0},{"entryType":"TempBasalCombined","offset":0,"displayableValue":"","rawData":[],"sizes":[0,0,0],"head":[],"datetime":[],"body":[],"id":0,"atechDateTime":20211031030516,"decodedData":{"Object":{"insulinRate":2.85,"isPercent":false,"durationMinutes":30,"isActive":false}},"pumpId":0},{"entryType":"TempBasalCombined","offset":0,"displayableValue":"","rawData":[],"sizes":[0,0,0],"head":[],"datetime":[],"body":[],"id":0,"atechDateTime":20211031031007,"decodedData":{"Object":{"insulinRate":0.0,"isPercent":false,"durationMinutes":0,"isActive":false}},"pumpId":0},{"entryType":"TempBasalCombined","offset":0,"displayableValue":"","rawData":[],"sizes":[0,0,0],"head":[],"datetime":[],"body":[],"id":0,"atechDateTime":20211031031008,"decodedData":{"Object":{"insulinRate":0.05,"isPercent":false,"durationMinutes":30,"isActive":false}},"pumpId":0},{"entryType":"TempBasalCombined","offset":0,"displayableValue":"","rawData":[],"sizes":[0,0,0],"head":[],"datetime":[],"body":[],"id":0,"atechDateTime":20211031031511,"decodedData":{"Object":{"insulinRate":0.0,"isPercent":false,"durationMinutes":0,"isActive":false}},"pumpId":0},{"entryType":"TempBasalCombined","offset":0,"displayableValue":"","rawData":[],"sizes":[0,0,0],"head":[],"datetime":[],"body":[],"id":0,"atechDateTime":20211031031513,"decodedData":{"Object":{"insulinRate":2.1,"isPercent":false,"durationMinutes":30,"isActive":false}},"pumpId":0},{"entryType":"TempBasalCombined","offset":0,"displayableValue":"","rawData":[],"sizes":[0,0,0],"head":[],"datetime":[],"body":[],"id":0,"atechDateTime":20211031033516,"decodedData":{"Object":{"insulinRate":0.0,"isPercent":false,"durationMinutes":0,"isActive":false}},"pumpId":0},{"entryType":"TempBasalCombined","offset":0,"displayableValue":"","rawData":[],"sizes":[0,0,0],"head":[],"datetime":[],"body":[],"id":0,"atechDateTime":20211031033518,"decodedData":{"Object":{"insulinRate":3.1,"isPercent":false,"durationMinutes":30,"isActive":false}},"pumpId":0},{"entryType":"TempBasalCombined","offset":0,"displayableValue":"","rawData":[],"sizes":[0,0,0],"head":[],"datetime":[],"body":[],"id":0,"atechDateTime":20211031034950,"decodedData":{"Object":{"insulinRate":0.0,"isPercent":false,"durationMinutes":0,"isActive":false}},"pumpId":0},{"entryType":"TempBasalCombined","offset":0,"displayableValue":"","rawData":[],"sizes":[0,0,0],"head":[],"datetime":[],"body":[],"id":0,"atechDateTime":20211031034952,"decodedData":{"Object":{"insulinRate":0.35000000000000003,"isPercent":false,"durationMinutes":30,"isActive":false}},"pumpId":0},{"entryType":"TempBasalCombined","offset":0,"displayableValue":"","rawData":[],"sizes":[0,0,0],"head":[],"datetime":[],"body":[],"id":0,"atechDateTime":20211031035507,"decodedData":{"Object":{"insulinRate":0.0,"isPercent":false,"durationMinutes":0,"isActive":false}},"pumpId":0},{"entryType":"TempBasalCombined","offset":0,"displayableValue":"","rawData":[],"sizes":[0,0,0],"head":[],"datetime":[],"body":[],"id":0,"atechDateTime":20211031035508,"decodedData":{"Object":{"insulinRate":2.9000000000000004,"isPercent":false,"durationMinutes":30,"isActive":false}},"pumpId":0},{"entryType":"TempBasalCombined","offset":0,"displayableValue":"","rawData":[],"sizes":[0,0,0],"head":[],"datetime":[],"body":[],"id":0,"atechDateTime":20211031040016,"decodedData":{"Object":{"insulinRate":0.0,"isPercent":false,"durationMinutes":0,"isActive":false}},"pumpId":0},{"entryType":"TempBasalCombined","offset":0,"displayableValue":"","rawData":[],"sizes":[0,0,0],"head":[],"datetime":[],"body":[],"id":0,"atechDateTime":20211031040445,"decodedData":{"Object":{"insulinRate":0.2,"isPercent":false,"durationMinutes":30,"isActive":false}},"pumpId":0},{"entryType":"TempBasalCombined","offset":0,"displayableValue":"","rawData":[],"sizes":[0,0,0],"head":[],"datetime":[],"body":[],"id":0,"atechDateTime":20211031040947,"decodedData":{"Object":{"insulinRate":0.0,"isPercent":false,"durationMinutes":0,"isActive":false}},"pumpId":0},{"entryType":"TempBasalCombined","offset":0,"displayableValue":"","rawData":[],"sizes":[0,0,0],"head":[],"datetime":[],"body":[],"id":0,"atechDateTime":20211031040949,"decodedData":{"Object":{"insulinRate":0.0,"isPercent":false,"durationMinutes":30,"isActive":false}},"pumpId":0},{"entryType":"TempBasalCombined","offset":0,"displayableValue":"","rawData":[],"sizes":[0,0,0],"head":[],"datetime":[],"body":[],"id":0,"atechDateTime":20211031041444,"decodedData":{"Object":{"insulinRate":1.7000000000000002,"isPercent":false,"durationMinutes":30,"isActive":false}},"pumpId":0},{"entryType":"TempBasalCombined","offset":0,"displayableValue":"","rawData":[],"sizes":[0,0,0],"head":[],"datetime":[],"body":[],"id":0,"atechDateTime":20211031042442,"decodedData":{"Object":{"insulinRate":0.0,"isPercent":false,"durationMinutes":0,"isActive":false}},"pumpId":0},{"entryType":"TempBasalCombined","offset":0,"displayableValue":"","rawData":[],"sizes":[0,0,0],"head":[],"datetime":[],"body":[],"id":0,"atechDateTime":20211031042443,"decodedData":{"Object":{"insulinRate":0.05,"isPercent":false,"durationMinutes":30,"isActive":false}},"pumpId":0},{"entryType":"TempBasalCombined","offset":0,"displayableValue":"","rawData":[],"sizes":[0,0,0],"head":[],"datetime":[],"body":[],"id":0,"atechDateTime":20211031043016,"decodedData":{"Object":{"insulinRate":0.0,"isPercent":false,"durationMinutes":0,"isActive":false}},"pumpId":0},{"entryType":"TempBasalCombined","offset":0,"displayableValue":"","rawData":[],"sizes":[0,0,0],"head":[],"datetime":[],"body":[],"id":0,"atechDateTime":20211031043018,"decodedData":{"Object":{"insulinRate":2.2,"isPercent":false,"durationMinutes":30,"isActive":false}},"pumpId":0},{"entryType":"TempBasalCombined","offset":0,"displayableValue":"","rawData":[],"sizes":[0,0,0],"head":[],"datetime":[],"body":[],"id":0,"atechDateTime":20211031043445,"decodedData":{"Object":{"insulinRate":0.0,"isPercent":false,"durationMinutes":0,"isActive":false}},"pumpId":0},{"entryType":"TempBasalCombined","offset":0,"displayableValue":"","rawData":[],"sizes":[0,0,0],"head":[],"datetime":[],"body":[],"id":0,"atechDateTime":20211031043447,"decodedData":{"Object":{"insulinRate":1.35,"isPercent":false,"durationMinutes":30,"isActive":false}},"pumpId":0},{"entryType":"TempBasalCombined","offset":0,"displayableValue":"","rawData":[],"sizes":[0,0,0],"head":[],"datetime":[],"body":[],"id":0,"atechDateTime":20211031044443,"decodedData":{"Object":{"insulinRate":0.0,"isPercent":false,"durationMinutes":0,"isActive":false}},"pumpId":0},{"entryType":"TempBasalCombined","offset":0,"displayableValue":"","rawData":[],"sizes":[0,0,0],"head":[],"datetime":[],"body":[],"id":0,"atechDateTime":20211031044444,"decodedData":{"Object":{"insulinRate":1.85,"isPercent":false,"durationMinutes":30,"isActive":false}},"pumpId":0},{"entryType":"TempBasalCombined","offset":0,"displayableValue":"","rawData":[],"sizes":[0,0,0],"head":[],"datetime":[],"body":[],"id":0,"atechDateTime":20211031044941,"decodedData":{"Object":{"insulinRate":0.0,"isPercent":false,"durationMinutes":0,"isActive":false}},"pumpId":0},{"entryType":"TempBasalCombined","offset":0,"displayableValue":"","rawData":[],"sizes":[0,0,0],"head":[],"datetime":[],"body":[],"id":0,"atechDateTime":20211031044943,"decodedData":{"Object":{"insulinRate":1.35,"isPercent":false,"durationMinutes":30,"isActive":false}},"pumpId":0},{"entryType":"TempBasalCombined","offset":0,"displayableValue":"","rawData":[],"sizes":[0,0,0],"head":[],"datetime":[],"body":[],"id":0,"atechDateTime":20211031045444,"decodedData":{"Object":{"insulinRate":0.0,"isPercent":false,"durationMinutes":0,"isActive":false}},"pumpId":0},{"entryType":"TempBasalCombined","offset":0,"displayableValue":"","rawData":[],"sizes":[0,0,0],"head":[],"datetime":[],"body":[],"id":0,"atechDateTime":20211031045445,"decodedData":{"Object":{"insulinRate":0.8,"isPercent":false,"durationMinutes":30,"isActive":false}},"pumpId":0},{"entryType":"TempBasalCombined","offset":0,"displayableValue":"","rawData":[],"sizes":[0,0,0],"head":[],"datetime":[],"body":[],"id":0,"atechDateTime":20211031045951,"decodedData":{"Object":{"insulinRate":0.0,"isPercent":false,"durationMinutes":0,"isActive":false}},"pumpId":0},{"entryType":"TempBasalCombined","offset":0,"displayableValue":"","rawData":[],"sizes":[0,0,0],"head":[],"datetime":[],"body":[],"id":0,"atechDateTime":20211031050444,"decodedData":{"Object":{"insulinRate":2.35,"isPercent":false,"durationMinutes":30,"isActive":false}},"pumpId":0},{"entryType":"TempBasalCombined","offset":0,"displayableValue":"","rawData":[],"sizes":[0,0,0],"head":[],"datetime":[],"body":[],"id":0,"atechDateTime":20211031050946,"decodedData":{"Object":{"insulinRate":0.0,"isPercent":false,"durationMinutes":0,"isActive":false}},"pumpId":0},{"entryType":"TempBasalCombined","offset":0,"displayableValue":"","rawData":[],"sizes":[0,0,0],"head":[],"datetime":[],"body":[],"id":0,"atechDateTime":20211031050947,"decodedData":{"Object":{"insulinRate":3.1,"isPercent":false,"durationMinutes":30,"isActive":false}},"pumpId":0},{"entryType":"TempBasalCombined","offset":0,"displayableValue":"","rawData":[],"sizes":[0,0,0],"head":[],"datetime":[],"body":[],"id":0,"atechDateTime":20211031051516,"decodedData":{"Object":{"insulinRate":0.0,"isPercent":false,"durationMinutes":0,"isActive":false}},"pumpId":0},{"entryType":"TempBasalCombined","offset":0,"displayableValue":"","rawData":[],"sizes":[0,0,0],"head":[],"datetime":[],"body":[],"id":0,"atechDateTime":20211031051518,"decodedData":{"Object":{"insulinRate":0.5,"isPercent":false,"durationMinutes":30,"isActive":false}},"pumpId":0},{"entryType":"TempBasalCombined","offset":0,"displayableValue":"","rawData":[],"sizes":[0,0,0],"head":[],"datetime":[],"body":[],"id":0,"atechDateTime":20211031052007,"decodedData":{"Object":{"insulinRate":0.0,"isPercent":false,"durationMinutes":0,"isActive":false}},"pumpId":0},{"entryType":"TempBasalCombined","offset":0,"displayableValue":"","rawData":[],"sizes":[0,0,0],"head":[],"datetime":[],"body":[],"id":0,"atechDateTime":20211031052008,"decodedData":{"Object":{"insulinRate":0.0,"isPercent":false,"durationMinutes":30,"isActive":false}},"pumpId":0},{"entryType":"TempBasalCombined","offset":0,"displayableValue":"","rawData":[],"sizes":[0,0,0],"head":[],"datetime":[],"body":[],"id":0,"atechDateTime":20211031053444,"decodedData":{"Object":{"insulinRate":1.6,"isPercent":false,"durationMinutes":30,"isActive":false}},"pumpId":0},{"entryType":"TempBasalCombined","offset":0,"displayableValue":"","rawData":[],"sizes":[0,0,0],"head":[],"datetime":[],"body":[],"id":0,"atechDateTime":20211031053946,"decodedData":{"Object":{"insulinRate":0.0,"isPercent":false,"durationMinutes":0,"isActive":false}},"pumpId":0},{"entryType":"TempBasalCombined","offset":0,"displayableValue":"","rawData":[],"sizes":[0,0,0],"head":[],"datetime":[],"body":[],"id":0,"atechDateTime":20211031053947,"decodedData":{"Object":{"insulinRate":2.1,"isPercent":false,"durationMinutes":30,"isActive":false}},"pumpId":0},{"entryType":"TempBasalCombined","offset":0,"displayableValue":"","rawData":[],"sizes":[0,0,0],"head":[],"datetime":[],"body":[],"id":0,"atechDateTime":20211031054948,"decodedData":{"Object":{"insulinRate":0.0,"isPercent":false,"durationMinutes":0,"isActive":false}},"pumpId":0},{"entryType":"TempBasalCombined","offset":0,"displayableValue":"","rawData":[],"sizes":[0,0,0],"head":[],"datetime":[],"body":[],"id":0,"atechDateTime":20211031054949,"decodedData":{"Object":{"insulinRate":2.4000000000000004,"isPercent":false,"durationMinutes":30,"isActive":false}},"pumpId":0},{"entryType":"TempBasalCombined","offset":0,"displayableValue":"","rawData":[],"sizes":[0,0,0],"head":[],"datetime":[],"body":[],"id":0,"atechDateTime":20211031055945,"decodedData":{"Object":{"insulinRate":0.0,"isPercent":false,"durationMinutes":0,"isActive":false}},"pumpId":0},{"entryType":"TempBasalCombined","offset":0,"displayableValue":"","rawData":[],"sizes":[0,0,0],"head":[],"datetime":[],"body":[],"id":0,"atechDateTime":20211031060543,"decodedData":{"Object":{"insulinRate":1.1,"isPercent":false,"durationMinutes":30,"isActive":false}},"pumpId":0},{"entryType":"TempBasalCombined","offset":0,"displayableValue":"","rawData":[],"sizes":[0,0,0],"head":[],"datetime":[],"body":[],"id":0,"atechDateTime":20211031061014,"decodedData":{"Object":{"insulinRate":0.0,"isPercent":false,"durationMinutes":0,"isActive":false}},"pumpId":0},{"entryType":"TempBasalCombined","offset":0,"displayableValue":"","rawData":[],"sizes":[0,0,0],"head":[],"datetime":[],"body":[],"id":0,"atechDateTime":20211031061015,"decodedData":{"Object":{"insulinRate":0.25,"isPercent":false,"durationMinutes":30,"isActive":false}},"pumpId":0},{"entryType":"TempBasalCombined","offset":0,"displayableValue":"","rawData":[],"sizes":[0,0,0],"head":[],"datetime":[],"body":[],"id":0,"atechDateTime":20211031063513,"decodedData":{"Object":{"insulinRate":0.0,"isPercent":false,"durationMinutes":0,"isActive":false}},"pumpId":0},{"entryType":"TempBasalCombined","offset":0,"displayableValue":"","rawData":[],"sizes":[0,0,0],"head":[],"datetime":[],"body":[],"id":0,"atechDateTime":20211031063515,"decodedData":{"Object":{"insulinRate":2.35,"isPercent":false,"durationMinutes":30,"isActive":false}},"pumpId":0},{"entryType":"TempBasalCombined","offset":0,"displayableValue":"","rawData":[],"sizes":[0,0,0],"head":[],"datetime":[],"body":[],"id":0,"atechDateTime":20211031065013,"decodedData":{"Object":{"insulinRate":0.0,"isPercent":false,"durationMinutes":0,"isActive":false}},"pumpId":0},{"entryType":"TempBasalCombined","offset":0,"displayableValue":"","rawData":[],"sizes":[0,0,0],"head":[],"datetime":[],"body":[],"id":0,"atechDateTime":20211031065014,"decodedData":{"Object":{"insulinRate":0.15000000000000002,"isPercent":false,"durationMinutes":30,"isActive":false}},"pumpId":0},{"entryType":"TempBasalCombined","offset":0,"displayableValue":"","rawData":[],"sizes":[0,0,0],"head":[],"datetime":[],"body":[],"id":0,"atechDateTime":20211031065108,"decodedData":{"Object":{"insulinRate":0.0,"isPercent":false,"durationMinutes":0,"isActive":false}},"pumpId":0},{"entryType":"TempBasalCombined","offset":0,"displayableValue":"","rawData":[],"sizes":[0,0,0],"head":[],"datetime":[],"body":[],"id":0,"atechDateTime":20211031065110,"decodedData":{"Object":{"insulinRate":1.9000000000000001,"isPercent":false,"durationMinutes":30,"isActive":false}},"pumpId":0},{"entryType":"TempBasalCombined","offset":0,"displayableValue":"","rawData":[],"sizes":[0,0,0],"head":[],"datetime":[],"body":[],"id":0,"atechDateTime":20211031065445,"decodedData":{"Object":{"insulinRate":0.0,"isPercent":false,"durationMinutes":0,"isActive":false}},"pumpId":0},{"entryType":"TempBasalCombined","offset":0,"displayableValue":"","rawData":[],"sizes":[0,0,0],"head":[],"datetime":[],"body":[],"id":0,"atechDateTime":20211031065447,"decodedData":{"Object":{"insulinRate":0.1,"isPercent":false,"durationMinutes":30,"isActive":false}},"pumpId":0},{"entryType":"TempBasalCombined","offset":0,"displayableValue":"","rawData":[],"sizes":[0,0,0],"head":[],"datetime":[],"body":[],"id":0,"atechDateTime":20211031070015,"decodedData":{"Object":{"insulinRate":0.0,"isPercent":false,"durationMinutes":0,"isActive":false}},"pumpId":0},{"entryType":"TempBasalCombined","offset":0,"displayableValue":"","rawData":[],"sizes":[0,0,0],"head":[],"datetime":[],"body":[],"id":0,"atechDateTime":20211031070446,"decodedData":{"Object":{"insulinRate":1.35,"isPercent":false,"durationMinutes":30,"isActive":false}},"pumpId":0},{"entryType":"TempBasalCombined","offset":0,"displayableValue":"","rawData":[],"sizes":[0,0,0],"head":[],"datetime":[],"body":[],"id":0,"atechDateTime":20211031071456,"decodedData":{"Object":{"insulinRate":0.0,"isPercent":false,"durationMinutes":0,"isActive":false}},"pumpId":0},{"entryType":"TempBasalCombined","offset":0,"displayableValue":"","rawData":[],"sizes":[0,0,0],"head":[],"datetime":[],"body":[],"id":0,"atechDateTime":20211031071458,"decodedData":{"Object":{"insulinRate":0.35000000000000003,"isPercent":false,"durationMinutes":30,"isActive":false}},"pumpId":0},{"entryType":"TempBasalCombined","offset":0,"displayableValue":"","rawData":[],"sizes":[0,0,0],"head":[],"datetime":[],"body":[],"id":0,"atechDateTime":20211031071953,"decodedData":{"Object":{"insulinRate":0.0,"isPercent":false,"durationMinutes":0,"isActive":false}},"pumpId":0},{"entryType":"TempBasalCombined","offset":0,"displayableValue":"","rawData":[],"sizes":[0,0,0],"head":[],"datetime":[],"body":[],"id":0,"atechDateTime":20211031071955,"decodedData":{"Object":{"insulinRate":0.1,"isPercent":false,"durationMinutes":30,"isActive":false}},"pumpId":0},{"entryType":"TempBasalCombined","offset":0,"displayableValue":"","rawData":[],"sizes":[0,0,0],"head":[],"datetime":[],"body":[],"id":0,"atechDateTime":20211031072520,"decodedData":{"Object":{"insulinRate":0.0,"isPercent":false,"durationMinutes":0,"isActive":false}},"pumpId":0},{"entryType":"TempBasalCombined","offset":0,"displayableValue":"","rawData":[],"sizes":[0,0,0],"head":[],"datetime":[],"body":[],"id":0,"atechDateTime":20211031072522,"decodedData":{"Object":{"insulinRate":0.0,"isPercent":false,"durationMinutes":30,"isActive":false}},"pumpId":0},{"entryType":"TempBasalCombined","offset":0,"displayableValue":"","rawData":[],"sizes":[0,0,0],"head":[],"datetime":[],"body":[],"id":0,"atechDateTime":20211031073946,"decodedData":{"Object":{"insulinRate":2.0,"isPercent":false,"durationMinutes":30,"isActive":false}},"pumpId":0},{"entryType":"TempBasalCombined","offset":0,"displayableValue":"","rawData":[],"sizes":[0,0,0],"head":[],"datetime":[],"body":[],"id":0,"atechDateTime":20211031074444,"decodedData":{"Object":{"insulinRate":0.0,"isPercent":false,"durationMinutes":0,"isActive":false}},"pumpId":0},{"entryType":"TempBasalCombined","offset":0,"displayableValue":"","rawData":[],"sizes":[0,0,0],"head":[],"datetime":[],"body":[],"id":0,"atechDateTime":20211031074446,"decodedData":{"Object":{"insulinRate":3.1,"isPercent":false,"durationMinutes":30,"isActive":false}},"pumpId":0},{"entryType":"TempBasalCombined","offset":0,"displayableValue":"","rawData":[],"sizes":[0,0,0],"head":[],"datetime":[],"body":[],"id":0,"atechDateTime":20211031075514,"decodedData":{"Object":{"insulinRate":0.0,"isPercent":false,"durationMinutes":0,"isActive":false}},"pumpId":0},{"entryType":"TempBasalCombined","offset":0,"displayableValue":"","rawData":[],"sizes":[0,0,0],"head":[],"datetime":[],"body":[],"id":0,"atechDateTime":20211031075516,"decodedData":{"Object":{"insulinRate":0.1,"isPercent":false,"durationMinutes":30,"isActive":false}},"pumpId":0},{"entryType":"TempBasalCombined","offset":0,"displayableValue":"","rawData":[],"sizes":[0,0,0],"head":[],"datetime":[],"body":[],"id":0,"atechDateTime":20211031080017,"decodedData":{"Object":{"insulinRate":0.0,"isPercent":false,"durationMinutes":0,"isActive":false}},"pumpId":0},{"entryType":"TempBasalCombined","offset":0,"displayableValue":"","rawData":[],"sizes":[0,0,0],"head":[],"datetime":[],"body":[],"id":0,"atechDateTime":20211031080446,"decodedData":{"Object":{"insulinRate":0.1,"isPercent":false,"durationMinutes":30,"isActive":false}},"pumpId":0},{"entryType":"TempBasalCombined","offset":0,"displayableValue":"","rawData":[],"sizes":[0,0,0],"head":[],"datetime":[],"body":[],"id":0,"atechDateTime":20211031081448,"decodedData":{"Object":{"insulinRate":0.0,"isPercent":false,"durationMinutes":0,"isActive":false}},"pumpId":0},{"entryType":"TempBasalCombined","offset":0,"displayableValue":"","rawData":[],"sizes":[0,0,0],"head":[],"datetime":[],"body":[],"id":0,"atechDateTime":20211031081450,"decodedData":{"Object":{"insulinRate":0.55,"isPercent":false,"durationMinutes":30,"isActive":false}},"pumpId":0},{"entryType":"TempBasalCombined","offset":0,"displayableValue":"","rawData":[],"sizes":[0,0,0],"head":[],"datetime":[],"body":[],"id":0,"atechDateTime":20211031082946,"decodedData":{"Object":{"insulinRate":0.0,"isPercent":false,"durationMinutes":0,"isActive":false}},"pumpId":0},{"entryType":"TempBasalCombined","offset":0,"displayableValue":"","rawData":[],"sizes":[0,0,0],"head":[],"datetime":[],"body":[],"id":0,"atechDateTime":20211031082948,"decodedData":{"Object":{"insulinRate":2.4000000000000004,"isPercent":false,"durationMinutes":30,"isActive":false}},"pumpId":0},{"entryType":"TempBasalCombined","offset":0,"displayableValue":"","rawData":[],"sizes":[0,0,0],"head":[],"datetime":[],"body":[],"id":0,"atechDateTime":20211031084027,"decodedData":{"Object":{"insulinRate":0.0,"isPercent":false,"durationMinutes":0,"isActive":false}},"pumpId":0},{"entryType":"TempBasalCombined","offset":0,"displayableValue":"","rawData":[],"sizes":[0,0,0],"head":[],"datetime":[],"body":[],"id":0,"atechDateTime":20211031084028,"decodedData":{"Object":{"insulinRate":0.8,"isPercent":false,"durationMinutes":30,"isActive":false}},"pumpId":0},{"entryType":"TempBasalCombined","offset":0,"displayableValue":"","rawData":[],"sizes":[0,0,0],"head":[],"datetime":[],"body":[],"id":0,"atechDateTime":20211031084946,"decodedData":{"Object":{"insulinRate":0.0,"isPercent":false,"durationMinutes":0,"isActive":false}},"pumpId":0},{"entryType":"TempBasalCombined","offset":0,"displayableValue":"","rawData":[],"sizes":[0,0,0],"head":[],"datetime":[],"body":[],"id":0,"atechDateTime":20211031084948,"decodedData":{"Object":{"insulinRate":1.85,"isPercent":false,"durationMinutes":30,"isActive":false}},"pumpId":0},{"entryType":"TempBasalCombined","offset":0,"displayableValue":"","rawData":[],"sizes":[0,0,0],"head":[],"datetime":[],"body":[],"id":0,"atechDateTime":20211031085611,"decodedData":{"Object":{"insulinRate":0.0,"isPercent":false,"durationMinutes":0,"isActive":false}},"pumpId":0},{"entryType":"TempBasalCombined","offset":0,"displayableValue":"","rawData":[],"sizes":[0,0,0],"head":[],"datetime":[],"body":[],"id":0,"atechDateTime":20211031085613,"decodedData":{"Object":{"insulinRate":2.35,"isPercent":false,"durationMinutes":30,"isActive":false}},"pumpId":0},{"entryType":"TempBasalCombined","offset":0,"displayableValue":"","rawData":[],"sizes":[0,0,0],"head":[],"datetime":[],"body":[],"id":0,"atechDateTime":20211031085626,"decodedData":{"Object":{"insulinRate":0.0,"isPercent":false,"durationMinutes":0,"isActive":false}},"pumpId":0},{"entryType":"TempBasalCombined","offset":0,"displayableValue":"","rawData":[],"sizes":[0,0,0],"head":[],"datetime":[],"body":[],"id":0,"atechDateTime":20211031090049,"decodedData":{"Object":{"insulinRate":3.6,"isPercent":false,"durationMinutes":30,"isActive":false}},"pumpId":0},{"entryType":"TempBasalCombined","offset":0,"displayableValue":"","rawData":[],"sizes":[0,0,0],"head":[],"datetime":[],"body":[],"id":0,"atechDateTime":20211031090443,"decodedData":{"Object":{"insulinRate":0.0,"isPercent":false,"durationMinutes":0,"isActive":false}},"pumpId":0},{"entryType":"TempBasalCombined","offset":0,"displayableValue":"","rawData":[],"sizes":[0,0,0],"head":[],"datetime":[],"body":[],"id":0,"atechDateTime":20211031090444,"decodedData":{"Object":{"insulinRate":2.0,"isPercent":false,"durationMinutes":30,"isActive":false}},"pumpId":0},{"entryType":"TempBasalCombined","offset":0,"displayableValue":"","rawData":[],"sizes":[0,0,0],"head":[],"datetime":[],"body":[],"id":0,"atechDateTime":20211031091516,"decodedData":{"Object":{"insulinRate":0.0,"isPercent":false,"durationMinutes":0,"isActive":false}},"pumpId":0},{"entryType":"TempBasalCombined","offset":0,"displayableValue":"","rawData":[],"sizes":[0,0,0],"head":[],"datetime":[],"body":[],"id":0,"atechDateTime":20211031091518,"decodedData":{"Object":{"insulinRate":1.05,"isPercent":false,"durationMinutes":30,"isActive":false}},"pumpId":0},{"entryType":"TempBasalCombined","offset":0,"displayableValue":"","rawData":[],"sizes":[0,0,0],"head":[],"datetime":[],"body":[],"id":0,"atechDateTime":20211031091947,"decodedData":{"Object":{"insulinRate":0.0,"isPercent":false,"durationMinutes":0,"isActive":false}},"pumpId":0},{"entryType":"TempBasalCombined","offset":0,"displayableValue":"","rawData":[],"sizes":[0,0,0],"head":[],"datetime":[],"body":[],"id":0,"atechDateTime":20211031091949,"decodedData":{"Object":{"insulinRate":2.25,"isPercent":false,"durationMinutes":30,"isActive":false}},"pumpId":0},{"entryType":"TempBasalCombined","offset":0,"displayableValue":"","rawData":[],"sizes":[0,0,0],"head":[],"datetime":[],"body":[],"id":0,"atechDateTime":20211031093002,"decodedData":{"Object":{"insulinRate":0.0,"isPercent":false,"durationMinutes":0,"isActive":false}},"pumpId":0},{"entryType":"TempBasalCombined","offset":0,"displayableValue":"","rawData":[],"sizes":[0,0,0],"head":[],"datetime":[],"body":[],"id":0,"atechDateTime":20211031093004,"decodedData":{"Object":{"insulinRate":0.0,"isPercent":false,"durationMinutes":60,"isActive":false}},"pumpId":0},{"entryType":"TempBasalCombined","offset":0,"displayableValue":"","rawData":[],"sizes":[0,0,0],"head":[],"datetime":[],"body":[],"id":0,"atechDateTime":20211031095444,"decodedData":{"Object":{"insulinRate":2.0500000000000003,"isPercent":false,"durationMinutes":30,"isActive":false}},"pumpId":0},{"entryType":"TempBasalCombined","offset":0,"displayableValue":"","rawData":[],"sizes":[0,0,0],"head":[],"datetime":[],"body":[],"id":0,"atechDateTime":20211031095951,"decodedData":{"Object":{"insulinRate":0.0,"isPercent":false,"durationMinutes":0,"isActive":false}},"pumpId":0},{"entryType":"TempBasalCombined","offset":0,"displayableValue":"","rawData":[],"sizes":[0,0,0],"head":[],"datetime":[],"body":[],"id":0,"atechDateTime":20211031100522,"decodedData":{"Object":{"insulinRate":1.8,"isPercent":false,"durationMinutes":30,"isActive":false}},"pumpId":0},{"entryType":"TempBasalCombined","offset":0,"displayableValue":"","rawData":[],"sizes":[0,0,0],"head":[],"datetime":[],"body":[],"id":0,"atechDateTime":20211031100945,"decodedData":{"Object":{"insulinRate":0.0,"isPercent":false,"durationMinutes":0,"isActive":false}},"pumpId":0},{"entryType":"TempBasalCombined","offset":0,"displayableValue":"","rawData":[],"sizes":[0,0,0],"head":[],"datetime":[],"body":[],"id":0,"atechDateTime":20211031100947,"decodedData":{"Object":{"insulinRate":1.2000000000000002,"isPercent":false,"durationMinutes":30,"isActive":false}},"pumpId":0},{"entryType":"TempBasalCombined","offset":0,"displayableValue":"","rawData":[],"sizes":[0,0,0],"head":[],"datetime":[],"body":[],"id":0,"atechDateTime":20211031102448,"decodedData":{"Object":{"insulinRate":0.0,"isPercent":false,"durationMinutes":0,"isActive":false}},"pumpId":0},{"entryType":"TempBasalCombined","offset":0,"displayableValue":"","rawData":[],"sizes":[0,0,0],"head":[],"datetime":[],"body":[],"id":0,"atechDateTime":20211031102449,"decodedData":{"Object":{"insulinRate":1.5,"isPercent":false,"durationMinutes":30,"isActive":false}},"pumpId":0},{"entryType":"TempBasalCombined","offset":0,"displayableValue":"","rawData":[],"sizes":[0,0,0],"head":[],"datetime":[],"body":[],"id":0,"atechDateTime":20211031103019,"decodedData":{"Object":{"insulinRate":0.0,"isPercent":false,"durationMinutes":0,"isActive":false}},"pumpId":0},{"entryType":"TempBasalCombined","offset":0,"displayableValue":"","rawData":[],"sizes":[0,0,0],"head":[],"datetime":[],"body":[],"id":0,"atechDateTime":20211031103020,"decodedData":{"Object":{"insulinRate":0.6000000000000001,"isPercent":false,"durationMinutes":30,"isActive":false}},"pumpId":0},{"entryType":"TempBasalCombined","offset":0,"displayableValue":"","rawData":[],"sizes":[0,0,0],"head":[],"datetime":[],"body":[],"id":0,"atechDateTime":20211031103516,"decodedData":{"Object":{"insulinRate":0.0,"isPercent":false,"durationMinutes":0,"isActive":false}},"pumpId":0},{"entryType":"TempBasalCombined","offset":0,"displayableValue":"","rawData":[],"sizes":[0,0,0],"head":[],"datetime":[],"body":[],"id":0,"atechDateTime":20211031103517,"decodedData":{"Object":{"insulinRate":3.4000000000000004,"isPercent":false,"durationMinutes":30,"isActive":false}},"pumpId":0},{"entryType":"TempBasalCombined","offset":0,"displayableValue":"","rawData":[],"sizes":[0,0,0],"head":[],"datetime":[],"body":[],"id":0,"atechDateTime":20211031104100,"decodedData":{"Object":{"insulinRate":0.0,"isPercent":false,"durationMinutes":0,"isActive":false}},"pumpId":0},{"entryType":"TempBasalCombined","offset":0,"displayableValue":"","rawData":[],"sizes":[0,0,0],"head":[],"datetime":[],"body":[],"id":0,"atechDateTime":20211031104102,"decodedData":{"Object":{"insulinRate":5.3500000000000005,"isPercent":false,"durationMinutes":30,"isActive":false}},"pumpId":0},{"entryType":"TempBasalCombined","offset":0,"displayableValue":"","rawData":[],"sizes":[0,0,0],"head":[],"datetime":[],"body":[],"id":0,"atechDateTime":20211031104948,"decodedData":{"Object":{"insulinRate":0.0,"isPercent":false,"durationMinutes":0,"isActive":false}},"pumpId":0},{"entryType":"TempBasalCombined","offset":0,"displayableValue":"","rawData":[],"sizes":[0,0,0],"head":[],"datetime":[],"body":[],"id":0,"atechDateTime":20211031104949,"decodedData":{"Object":{"insulinRate":1.2000000000000002,"isPercent":false,"durationMinutes":30,"isActive":false}},"pumpId":0},{"entryType":"TempBasalCombined","offset":0,"displayableValue":"","rawData":[],"sizes":[0,0,0],"head":[],"datetime":[],"body":[],"id":0,"atechDateTime":20211031105944,"decodedData":{"Object":{"insulinRate":0.0,"isPercent":false,"durationMinutes":0,"isActive":false}},"pumpId":0},{"entryType":"TempBasalCombined","offset":0,"displayableValue":"","rawData":[],"sizes":[0,0,0],"head":[],"datetime":[],"body":[],"id":0,"atechDateTime":20211031110518,"decodedData":{"Object":{"insulinRate":1.9000000000000001,"isPercent":false,"durationMinutes":30,"isActive":false}},"pumpId":0},{"entryType":"TempBasalCombined","offset":0,"displayableValue":"","rawData":[],"sizes":[0,0,0],"head":[],"datetime":[],"body":[],"id":0,"atechDateTime":20211031111034,"decodedData":{"Object":{"insulinRate":0.0,"isPercent":false,"durationMinutes":0,"isActive":false}},"pumpId":0},{"entryType":"TempBasalCombined","offset":0,"displayableValue":"","rawData":[],"sizes":[0,0,0],"head":[],"datetime":[],"body":[],"id":0,"atechDateTime":20211031111035,"decodedData":{"Object":{"insulinRate":1.4500000000000002,"isPercent":false,"durationMinutes":30,"isActive":false}},"pumpId":0},{"entryType":"TempBasalCombined","offset":0,"displayableValue":"","rawData":[],"sizes":[0,0,0],"head":[],"datetime":[],"body":[],"id":0,"atechDateTime":20211031111448,"decodedData":{"Object":{"insulinRate":0.0,"isPercent":false,"durationMinutes":0,"isActive":false}},"pumpId":0},{"entryType":"TempBasalCombined","offset":0,"displayableValue":"","rawData":[],"sizes":[0,0,0],"head":[],"datetime":[],"body":[],"id":0,"atechDateTime":20211031111450,"decodedData":{"Object":{"insulinRate":0.0,"isPercent":false,"durationMinutes":30,"isActive":false}},"pumpId":0},{"entryType":"TempBasalCombined","offset":0,"displayableValue":"","rawData":[],"sizes":[0,0,0],"head":[],"datetime":[],"body":[],"id":0,"atechDateTime":20211031113015,"decodedData":{"Object":{"insulinRate":2.5,"isPercent":false,"durationMinutes":30,"isActive":false}},"pumpId":0},{"entryType":"TempBasalCombined","offset":0,"displayableValue":"","rawData":[],"sizes":[0,0,0],"head":[],"datetime":[],"body":[],"id":0,"atechDateTime":20211031114543,"decodedData":{"Object":{"insulinRate":0.0,"isPercent":false,"durationMinutes":0,"isActive":false}},"pumpId":0},{"entryType":"TempBasalCombined","offset":0,"displayableValue":"","rawData":[],"sizes":[0,0,0],"head":[],"datetime":[],"body":[],"id":0,"atechDateTime":20211031114544,"decodedData":{"Object":{"insulinRate":0.25,"isPercent":false,"durationMinutes":30,"isActive":false}},"pumpId":0},{"entryType":"TempBasalCombined","offset":0,"displayableValue":"","rawData":[],"sizes":[0,0,0],"head":[],"datetime":[],"body":[],"id":0,"atechDateTime":20211031115012,"decodedData":{"Object":{"insulinRate":0.0,"isPercent":false,"durationMinutes":0,"isActive":false}},"pumpId":0},{"entryType":"TempBasalCombined","offset":0,"displayableValue":"","rawData":[],"sizes":[0,0,0],"head":[],"datetime":[],"body":[],"id":0,"atechDateTime":20211031115013,"decodedData":{"Object":{"insulinRate":0.05,"isPercent":false,"durationMinutes":30,"isActive":false}},"pumpId":0},{"entryType":"TempBasalCombined","offset":0,"displayableValue":"","rawData":[],"sizes":[0,0,0],"head":[],"datetime":[],"body":[],"id":0,"atechDateTime":20211031115445,"decodedData":{"Object":{"insulinRate":0.0,"isPercent":false,"durationMinutes":0,"isActive":false}},"pumpId":0},{"entryType":"TempBasalCombined","offset":0,"displayableValue":"","rawData":[],"sizes":[0,0,0],"head":[],"datetime":[],"body":[],"id":0,"atechDateTime":20211031115446,"decodedData":{"Object":{"insulinRate":2.8000000000000003,"isPercent":false,"durationMinutes":30,"isActive":false}},"pumpId":0},{"entryType":"TempBasalCombined","offset":0,"displayableValue":"","rawData":[],"sizes":[0,0,0],"head":[],"datetime":[],"body":[],"id":0,"atechDateTime":20211031115949,"decodedData":{"Object":{"insulinRate":0.0,"isPercent":false,"durationMinutes":0,"isActive":false}},"pumpId":0},{"entryType":"TempBasalCombined","offset":0,"displayableValue":"","rawData":[],"sizes":[0,0,0],"head":[],"datetime":[],"body":[],"id":0,"atechDateTime":20211031120447,"decodedData":{"Object":{"insulinRate":3.25,"isPercent":false,"durationMinutes":30,"isActive":false}},"pumpId":0},{"entryType":"TempBasalCombined","offset":0,"displayableValue":"","rawData":[],"sizes":[0,0,0],"head":[],"datetime":[],"body":[],"id":0,"atechDateTime":20211031121446,"decodedData":{"Object":{"insulinRate":0.0,"isPercent":false,"durationMinutes":0,"isActive":false}},"pumpId":0},{"entryType":"TempBasalCombined","offset":0,"displayableValue":"","rawData":[],"sizes":[0,0,0],"head":[],"datetime":[],"body":[],"id":0,"atechDateTime":20211031121448,"decodedData":{"Object":{"insulinRate":3.5500000000000003,"isPercent":false,"durationMinutes":30,"isActive":false}},"pumpId":0},{"entryType":"TempBasalCombined","offset":0,"displayableValue":"","rawData":[],"sizes":[0,0,0],"head":[],"datetime":[],"body":[],"id":0,"atechDateTime":20211031121945,"decodedData":{"Object":{"insulinRate":0.0,"isPercent":false,"durationMinutes":0,"isActive":false}},"pumpId":0},{"entryType":"TempBasalCombined","offset":0,"displayableValue":"","rawData":[],"sizes":[0,0,0],"head":[],"datetime":[],"body":[],"id":0,"atechDateTime":20211031121947,"decodedData":{"Object":{"insulinRate":0.2,"isPercent":false,"durationMinutes":30,"isActive":false}},"pumpId":0},{"entryType":"TempBasalCombined","offset":0,"displayableValue":"","rawData":[],"sizes":[0,0,0],"head":[],"datetime":[],"body":[],"id":0,"atechDateTime":20211031122024,"decodedData":{"Object":{"insulinRate":0.0,"isPercent":false,"durationMinutes":0,"isActive":false}},"pumpId":0},{"entryType":"TempBasalCombined","offset":0,"displayableValue":"","rawData":[],"sizes":[0,0,0],"head":[],"datetime":[],"body":[],"id":0,"atechDateTime":20211031122026,"decodedData":{"Object":{"insulinRate":2.15,"isPercent":false,"durationMinutes":30,"isActive":false}},"pumpId":0},{"entryType":"TempBasalCombined","offset":0,"displayableValue":"","rawData":[],"sizes":[0,0,0],"head":[],"datetime":[],"body":[],"id":0,"atechDateTime":20211031122452,"decodedData":{"Object":{"insulinRate":0.0,"isPercent":false,"durationMinutes":0,"isActive":false}},"pumpId":0},{"entryType":"TempBasalCombined","offset":0,"displayableValue":"","rawData":[],"sizes":[0,0,0],"head":[],"datetime":[],"body":[],"id":0,"atechDateTime":20211031122453,"decodedData":{"Object":{"insulinRate":0.05,"isPercent":false,"durationMinutes":30,"isActive":false}},"pumpId":0},{"entryType":"TempBasalCombined","offset":0,"displayableValue":"","rawData":[],"sizes":[0,0,0],"head":[],"datetime":[],"body":[],"id":0,"atechDateTime":20211031122501,"decodedData":{"Object":{"insulinRate":0.0,"isPercent":false,"durationMinutes":0,"isActive":false}},"pumpId":0},{"entryType":"TempBasalCombined","offset":0,"displayableValue":"","rawData":[],"sizes":[0,0,0],"head":[],"datetime":[],"body":[],"id":0,"atechDateTime":20211031122503,"decodedData":{"Object":{"insulinRate":2.15,"isPercent":false,"durationMinutes":30,"isActive":false}},"pumpId":0},{"entryType":"TempBasalCombined","offset":0,"displayableValue":"","rawData":[],"sizes":[0,0,0],"head":[],"datetime":[],"body":[],"id":0,"atechDateTime":20211031123445,"decodedData":{"Object":{"insulinRate":0.0,"isPercent":false,"durationMinutes":0,"isActive":false}},"pumpId":0},{"entryType":"TempBasalCombined","offset":0,"displayableValue":"","rawData":[],"sizes":[0,0,0],"head":[],"datetime":[],"body":[],"id":0,"atechDateTime":20211031123447,"decodedData":{"Object":{"insulinRate":2.95,"isPercent":false,"durationMinutes":30,"isActive":false}},"pumpId":0},{"entryType":"TempBasalCombined","offset":0,"displayableValue":"","rawData":[],"sizes":[0,0,0],"head":[],"datetime":[],"body":[],"id":0,"atechDateTime":20211031123947,"decodedData":{"Object":{"insulinRate":0.0,"isPercent":false,"durationMinutes":0,"isActive":false}},"pumpId":0},{"entryType":"TempBasalCombined","offset":0,"displayableValue":"","rawData":[],"sizes":[0,0,0],"head":[],"datetime":[],"body":[],"id":0,"atechDateTime":20211031123949,"decodedData":{"Object":{"insulinRate":3.6,"isPercent":false,"durationMinutes":30,"isActive":false}},"pumpId":0},{"entryType":"TempBasalCombined","offset":0,"displayableValue":"","rawData":[],"sizes":[0,0,0],"head":[],"datetime":[],"body":[],"id":0,"atechDateTime":20211031124118,"decodedData":{"Object":{"insulinRate":0.0,"isPercent":false,"durationMinutes":0,"isActive":false}},"pumpId":0},{"entryType":"TempBasalCombined","offset":0,"displayableValue":"","rawData":[],"sizes":[0,0,0],"head":[],"datetime":[],"body":[],"id":0,"atechDateTime":20211031124119,"decodedData":{"Object":{"insulinRate":0.0,"isPercent":false,"durationMinutes":60,"isActive":false}},"pumpId":0}]
    DEBUG: : PUMP TBR  List (before filter): [{"entryType":"TempBasalCombined","atechDateTime":20211031013508,"decodedData":{"Object":{"insulinRate":1.1,"isPercent":false,"durationMinutes":30}}},{"entryType":"TempBasalCombined","atechDateTime":20211031013947,"decodedData":{"Object":{"insulinRate":0.0,"isPercent":false,"durationMinutes":0}}},{"entryType":"TempBasalCombined","atechDateTime":20211031013949,"decodedData":{"Object":{"insulinRate":1.1500000000000001,"isPercent":false,"durationMinutes":30}}},{"entryType":"TempBasalCombined","atechDateTime":20211031014941,"decodedData":{"Object":{"insulinRate":0.0,"isPercent":false,"durationMinutes":0}}},{"entryType":"TempBasalCombined","atechDateTime":20211031014943,"decodedData":{"Object":{"insulinRate":0.8,"isPercent":false,"durationMinutes":30}}},{"entryType":"TempBasalCombined","atechDateTime":20211031015459,"decodedData":{"Object":{"insulinRate":0.0,"isPercent":false,"durationMinutes":0}}},{"entryType":"TempBasalCombined","atechDateTime":20211031015505,"decodedData":{"Object":{"insulinRate":0.0,"isPercent":false,"durationMinutes":30}}},{"entryType":"TempBasalCombined","atechDateTime":20211031015943,"decodedData":{"Object":{"insulinRate":0.0,"isPercent":false,"durationMinutes":0}}},{"entryType":"TempBasalCombined","atechDateTime":20211031020445,"decodedData":{"Object":{"insulinRate":0.55,"isPercent":false,"durationMinutes":30}}},{"entryType":"TempBasalCombined","atechDateTime":20211031020947,"decodedData":{"Object":{"insulinRate":0.0,"isPercent":false,"durationMinutes":0}}},{"entryType":"TempBasalCombined","atechDateTime":20211031020948,"decodedData":{"Object":{"insulinRate":0.35000000000000003,"isPercent":false,"durationMinutes":30}}},{"entryType":"TempBasalCombined","atechDateTime":20211031021456,"decodedData":{"Object":{"insulinRate":0.0,"isPercent":false,"durationMinutes":0}}},{"entryType":"TempBasalCombined","atechDateTime":20211031021457,"decodedData":{"Object":{"insulinRate":2.3000000000000003,"isPercent":false,"durationMinutes":30}}},{"entryType":"TempBasalCombined","atechDateTime":20211031022516,"decodedData":{"Object":{"insulinRate":0.0,"isPercent":false,"durationMinutes":0}}},{"entryType":"TempBasalCombined","atechDateTime":20211031022518,"decodedData":{"Object":{"insulinRate":1.85,"isPercent":false,"durationMinutes":30}}},{"entryType":"TempBasalCombined","atechDateTime":20211031022950,"decodedData":{"Object":{"insulinRate":0.0,"isPercent":false,"durationMinutes":0}}},{"entryType":"TempBasalCombined","atechDateTime":20211031022951,"decodedData":{"Object":{"insulinRate":0.25,"isPercent":false,"durationMinutes":30}}},{"entryType":"TempBasalCombined","atechDateTime":20211031023445,"decodedData":{"Object":{"insulinRate":0.0,"isPercent":false,"durationMinutes":0}}},{"entryType":"TempBasalCombined","atechDateTime":20211031023447,"decodedData":{"Object":{"insulinRate":2.0500000000000003,"isPercent":false,"durationMinutes":30}}},{"entryType":"TempBasalCombined","atechDateTime":20211031024516,"decodedData":{"Object":{"insulinRate":0.0,"isPercent":false,"durationMinutes":0}}},{"entryType":"TempBasalCombined","atechDateTime":20211031024518,"decodedData":{"Object":{"insulinRate":2.75,"isPercent":false,"durationMinutes":30}}},{"entryType":"TempBasalCombined","atechDateTime":20211031025016,"decodedData":{"Object":{"insulinRate":0.0,"isPercent":false,"durationMinutes":0}}},{"entryType":"TempBasalCombined","atechDateTime":20211031025018,"decodedData":{"Object":{"insulinRate":0.1,"isPercent":false,"durationMinutes":30}}},{"entryType":"TempBasalCombined","atechDateTime":20211031025445,"decodedData":{"Object":{"insulinRate":0.0,"isPercent":false,"durationMinutes":0}}},{"entryType":"TempBasalCombined","atechDateTime":20211031025446,"decodedData":{"Object":{"insulinRate":2.75,"isPercent":false,"durationMinutes":30}}},{"entryType":"TempBasalCombined","atechDateTime":20211031025947,"decodedData":{"Object":{"insulinRate":0.0,"isPercent":false,"durationMinutes":0}}},{"entryType":"TempBasalCombined","atechDateTime":20211031030516,"decodedData":{"Object":{"insulinRate":2.85,"isPercent":false,"durationMinutes":30}}},{"entryType":"TempBasalCombined","atechDateTime":20211031031007,"decodedData":{"Object":{"insulinRate":0.0,"isPercent":false,"durationMinutes":0}}},{"entryType":"TempBasalCombined","atechDateTime":20211031031008,"decodedData":{"Object":{"insulinRate":0.05,"isPercent":false,"durationMinutes":30}}},{"entryType":"TempBasalCombined","atechDateTime":20211031031511,"decodedData":{"Object":{"insulinRate":0.0,"isPercent":false,"durationMinutes":0}}},{"entryType":"TempBasalCombined","atechDateTime":20211031031513,"decodedData":{"Object":{"insulinRate":2.1,"isPercent":false,"durationMinutes":30}}},{"entryType":"TempBasalCombined","atechDateTime":20211031033516,"decodedData":{"Object":{"insulinRate":0.0,"isPercent":false,"durationMinutes":0}}},{"entryType":"TempBasalCombined","atechDateTime":20211031033518,"decodedData":{"Object":{"insulinRate":3.1,"isPercent":false,"durationMinutes":30}}},{"entryType":"TempBasalCombined","atechDateTime":20211031034950,"decodedData":{"Object":{"insulinRate":0.0,"isPercent":false,"durationMinutes":0}}},{"entryType":"TempBasalCombined","atechDateTime":20211031034952,"decodedData":{"Object":{"insulinRate":0.35000000000000003,"isPercent":false,"durationMinutes":30}}},{"entryType":"TempBasalCombined","atechDateTime":20211031035507,"decodedData":{"Object":{"insulinRate":0.0,"isPercent":false,"durationMinutes":0}}},{"entryType":"TempBasalCombined","atechDateTime":20211031035508,"decodedData":{"Object":{"insulinRate":2.9000000000000004,"isPercent":false,"durationMinutes":30}}},{"entryType":"TempBasalCombined","atechDateTime":20211031040016,"decodedData":{"Object":{"insulinRate":0.0,"isPercent":false,"durationMinutes":0}}},{"entryType":"TempBasalCombined","atechDateTime":20211031040445,"decodedData":{"Object":{"insulinRate":0.2,"isPercent":false,"durationMinutes":30}}},{"entryType":"TempBasalCombined","atechDateTime":20211031040947,"decodedData":{"Object":{"insulinRate":0.0,"isPercent":false,"durationMinutes":0}}},{"entryType":"TempBasalCombined","atechDateTime":20211031040949,"decodedData":{"Object":{"insulinRate":0.0,"isPercent":false,"durationMinutes":30}}},{"entryType":"TempBasalCombined","atechDateTime":20211031041444,"decodedData":{"Object":{"insulinRate":1.7000000000000002,"isPercent":false,"durationMinutes":30}}},{"entryType":"TempBasalCombined","atechDateTime":20211031042442,"decodedData":{"Object":{"insulinRate":0.0,"isPercent":false,"durationMinutes":0}}},{"entryType":"TempBasalCombined","atechDateTime":20211031042443,"decodedData":{"Object":{"insulinRate":0.05,"isPercent":false,"durationMinutes":30}}},{"entryType":"TempBasalCombined","atechDateTime":20211031043016,"decodedData":{"Object":{"insulinRate":0.0,"isPercent":false,"durationMinutes":0}}},{"entryType":"TempBasalCombined","atechDateTime":20211031043018,"decodedData":{"Object":{"insulinRate":2.2,"isPercent":false,"durationMinutes":30}}},{"entryType":"TempBasalCombined","atechDateTime":20211031043445,"decodedData":{"Object":{"insulinRate":0.0,"isPercent":false,"durationMinutes":0}}},{"entryType":"TempBasalCombined","atechDateTime":20211031043447,"decodedData":{"Object":{"insulinRate":1.35,"isPercent":false,"durationMinutes":30}}},{"entryType":"TempBasalCombined","atechDateTime":20211031044443,"decodedData":{"Object":{"insulinRate":0.0,"isPercent":false,"durationMinutes":0}}},{"entryType":"TempBasalCombined","atechDateTime":20211031044444,"decodedData":{"Object":{"insulinRate":1.85,"isPercent":false,"durationMinutes":30}}},{"entryType":"TempBasalCombined","atechDateTime":20211031044941,"decodedData":{"Object":{"insulinRate":0.0,"isPercent":false,"durationMinutes":0}}},{"entryType":"TempBasalCombined","atechDateTime":20211031044943,"decodedData":{"Object":{"insulinRate":1.35,"isPercent":false,"durationMinutes":30}}},{"entryType":"TempBasalCombined","atechDateTime":20211031045444,"decodedData":{"Object":{"insulinRate":0.0,"isPercent":false,"durationMinutes":0}}},{"entryType":"TempBasalCombined","atechDateTime":20211031045445,"decodedData":{"Object":{"insulinRate":0.8,"isPercent":false,"durationMinutes":30}}},{"entryType":"TempBasalCombined","atechDateTime":20211031045951,"decodedData":{"Object":{"insulinRate":0.0,"isPercent":false,"durationMinutes":0}}},{"entryType":"TempBasalCombined","atechDateTime":20211031050444,"decodedData":{"Object":{"insulinRate":2.35,"isPercent":false,"durationMinutes":30}}},{"entryType":"TempBasalCombined","atechDateTime":20211031050946,"decodedData":{"Object":{"insulinRate":0.0,"isPercent":false,"durationMinutes":0}}},{"entryType":"TempBasalCombined","atechDateTime":20211031050947,"decodedData":{"Object":{"insulinRate":3.1,"isPercent":false,"durationMinutes":30}}},{"entryType":"TempBasalCombined","atechDateTime":20211031051516,"decodedData":{"Object":{"insulinRate":0.0,"isPercent":false,"durationMinutes":0}}},{"entryType":"TempBasalCombined","atechDateTime":20211031051518,"decodedData":{"Object":{"insulinRate":0.5,"isPercent":false,"durationMinutes":30}}},{"entryType":"TempBasalCombined","atechDateTime":20211031052007,"decodedData":{"Object":{"insulinRate":0.0,"isPercent":false,"durationMinutes":0}}},{"entryType":"TempBasalCombined","atechDateTime":20211031052008,"decodedData":{"Object":{"insulinRate":0.0,"isPercent":false,"durationMinutes":30}}},{"entryType":"TempBasalCombined","atechDateTime":20211031053444,"decodedData":{"Object":{"insulinRate":1.6,"isPercent":false,"durationMinutes":30}}},{"entryType":"TempBasalCombined","atechDateTime":20211031053946,"decodedData":{"Object":{"insulinRate":0.0,"isPercent":false,"durationMinutes":0}}},{"entryType":"TempBasalCombined","atechDateTime":20211031053947,"decodedData":{"Object":{"insulinRate":2.1,"isPercent":false,"durationMinutes":30}}},{"entryType":"TempBasalCombined","atechDateTime":20211031054948,"decodedData":{"Object":{"insulinRate":0.0,"isPercent":false,"durationMinutes":0}}},{"entryType":"TempBasalCombined","atechDateTime":20211031054949,"decodedData":{"Object":{"insulinRate":2.4000000000000004,"isPercent":false,"durationMinutes":30}}},{"entryType":"TempBasalCombined","atechDateTime":20211031055945,"decodedData":{"Object":{"insulinRate":0.0,"isPercent":false,"durationMinutes":0}}},{"entryType":"TempBasalCombined","atechDateTime":20211031060543,"decodedData":{"Object":{"insulinRate":1.1,"isPercent":false,"durationMinutes":30}}},{"entryType":"TempBasalCombined","atechDateTime":20211031061014,"decodedData":{"Object":{"insulinRate":0.0,"isPercent":false,"durationMinutes":0}}},{"entryType":"TempBasalCombined","atechDateTime":20211031061015,"decodedData":{"Object":{"insulinRate":0.25,"isPercent":false,"durationMinutes":30}}},{"entryType":"TempBasalCombined","atechDateTime":20211031063513,"decodedData":{"Object":{"insulinRate":0.0,"isPercent":false,"durationMinutes":0}}},{"entryType":"TempBasalCombined","atechDateTime":20211031063515,"decodedData":{"Object":{"insulinRate":2.35,"isPercent":false,"durationMinutes":30}}},{"entryType":"TempBasalCombined","atechDateTime":20211031065013,"decodedData":{"Object":{"insulinRate":0.0,"isPercent":false,"durationMinutes":0}}},{"entryType":"TempBasalCombined","atechDateTime":20211031065014,"decodedData":{"Object":{"insulinRate":0.15000000000000002,"isPercent":false,"durationMinutes":30}}},{"entryType":"TempBasalCombined","atechDateTime":20211031065108,"decodedData":{"Object":{"insulinRate":0.0,"isPercent":false,"durationMinutes":0}}},{"entryType":"TempBasalCombined","atechDateTime":20211031065110,"decodedData":{"Object":{"insulinRate":1.9000000000000001,"isPercent":false,"durationMinutes":30}}},{"entryType":"TempBasalCombined","atechDateTime":20211031065445,"decodedData":{"Object":{"insulinRate":0.0,"isPercent":false,"durationMinutes":0}}},{"entryType":"TempBasalCombined","atechDateTime":20211031065447,"decodedData":{"Object":{"insulinRate":0.1,"isPercent":false,"durationMinutes":30}}},{"entryType":"TempBasalCombined","atechDateTime":20211031070015,"decodedData":{"Object":{"insulinRate":0.0,"isPercent":false,"durationMinutes":0}}},{"entryType":"TempBasalCombined","atechDateTime":20211031070446,"decodedData":{"Object":{"insulinRate":1.35,"isPercent":false,"durationMinutes":30}}},{"entryType":"TempBasalCombined","atechDateTime":20211031071456,"decodedData":{"Object":{"insulinRate":0.0,"isPercent":false,"durationMinutes":0}}},{"entryType":"TempBasalCombined","atechDateTime":20211031071458,"decodedData":{"Object":{"insulinRate":0.35000000000000003,"isPercent":false,"durationMinutes":30}}},{"entryType":"TempBasalCombined","atechDateTime":20211031071953,"decodedData":{"Object":{"insulinRate":0.0,"isPercent":false,"durationMinutes":0}}},{"entryType":"TempBasalCombined","atechDateTime":20211031071955,"decodedData":{"Object":{"insulinRate":0.1,"isPercent":false,"durationMinutes":30}}},{"entryType":"TempBasalCombined","atechDateTime":20211031072520,"decodedData":{"Object":{"insulinRate":0.0,"isPercent":false,"durationMinutes":0}}},{"entryType":"TempBasalCombined","atechDateTime":20211031072522,"decodedData":{"Object":{"insulinRate":0.0,"isPercent":false,"durationMinutes":30}}},{"entryType":"TempBasalCombined","atechDateTime":20211031073946,"decodedData":{"Object":{"insulinRate":2.0,"isPercent":false,"durationMinutes":30}}},{"entryType":"TempBasalCombined","atechDateTime":20211031074444,"decodedData":{"Object":{"insulinRate":0.0,"isPercent":false,"durationMinutes":0}}},{"entryType":"TempBasalCombined","atechDateTime":20211031074446,"decodedData":{"Object":{"insulinRate":3.1,"isPercent":false,"durationMinutes":30}}},{"entryType":"TempBasalCombined","atechDateTime":20211031075514,"decodedData":{"Object":{"insulinRate":0.0,"isPercent":false,"durationMinutes":0}}},{"entryType":"TempBasalCombined","atechDateTime":20211031075516,"decodedData":{"Object":{"insulinRate":0.1,"isPercent":false,"durationMinutes":30}}},{"entryType":"TempBasalCombined","atechDateTime":20211031080017,"decodedData":{"Object":{"insulinRate":0.0,"isPercent":false,"durationMinutes":0}}},{"entryType":"TempBasalCombined","atechDateTime":20211031080446,"decodedData":{"Object":{"insulinRate":0.1,"isPercent":false,"durationMinutes":30}}},{"entryType":"TempBasalCombined","atechDateTime":20211031081448,"decodedData":{"Object":{"insulinRate":0.0,"isPercent":false,"durationMinutes":0}}},{"entryType":"TempBasalCombined","atechDateTime":20211031081450,"decodedData":{"Object":{"insulinRate":0.55,"isPercent":false,"durationMinutes":30}}},{"entryType":"TempBasalCombined","atechDateTime":20211031082946,"decodedData":{"Object":{"insulinRate":0.0,"isPercent":false,"durationMinutes":0}}},{"entryType":"TempBasalCombined","atechDateTime":20211031082948,"decodedData":{"Object":{"insulinRate":2.4000000000000004,"isPercent":false,"durationMinutes":30}}},{"entryType":"TempBasalCombined","atechDateTime":20211031084027,"decodedData":{"Object":{"insulinRate":0.0,"isPercent":false,"durationMinutes":0}}},{"entryType":"TempBasalCombined","atechDateTime":20211031084028,"decodedData":{"Object":{"insulinRate":0.8,"isPercent":false,"durationMinutes":30}}},{"entryType":"TempBasalCombined","atechDateTime":20211031084946,"decodedData":{"Object":{"insulinRate":0.0,"isPercent":false,"durationMinutes":0}}},{"entryType":"TempBasalCombined","atechDateTime":20211031084948,"decodedData":{"Object":{"insulinRate":1.85,"isPercent":false,"durationMinutes":30}}},{"entryType":"TempBasalCombined","atechDateTime":20211031085611,"decodedData":{"Object":{"insulinRate":0.0,"isPercent":false,"durationMinutes":0}}},{"entryType":"TempBasalCombined","atechDateTime":20211031085613,"decodedData":{"Object":{"insulinRate":2.35,"isPercent":false,"durationMinutes":30}}},{"entryType":"TempBasalCombined","atechDateTime":20211031085626,"decodedData":{"Object":{"insulinRate":0.0,"isPercent":false,"durationMinutes":0}}},{"entryType":"TempBasalCombined","atechDateTime":20211031090049,"decodedData":{"Object":{"insulinRate":3.6,"isPercent":false,"durationMinutes":30}}},{"entryType":"TempBasalCombined","atechDateTime":20211031090443,"decodedData":{"Object":{"insulinRate":0.0,"isPercent":false,"durationMinutes":0}}},{"entryType":"TempBasalCombined","atechDateTime":20211031090444,"decodedData":{"Object":{"insulinRate":2.0,"isPercent":false,"durationMinutes":30}}},{"entryType":"TempBasalCombined","atechDateTime":20211031091516,"decodedData":{"Object":{"insulinRate":0.0,"isPercent":false,"durationMinutes":0}}},{"entryType":"TempBasalCombined","atechDateTime":20211031091518,"decodedData":{"Object":{"insulinRate":1.05,"isPercent":false,"durationMinutes":30}}},{"entryType":"TempBasalCombined","atechDateTime":20211031091947,"decodedData":{"Object":{"insulinRate":0.0,"isPercent":false,"durationMinutes":0}}},{"entryType":"TempBasalCombined","atechDateTime":20211031091949,"decodedData":{"Object":{"insulinRate":2.25,"isPercent":false,"durationMinutes":30}}},{"entryType":"TempBasalCombined","atechDateTime":20211031093002,"decodedData":{"Object":{"insulinRate":0.0,"isPercent":false,"durationMinutes":0}}},{"entryType":"TempBasalCombined","atechDateTime":20211031093004,"decodedData":{"Object":{"insulinRate":0.0,"isPercent":false,"durationMinutes":60}}},{"entryType":"TempBasalCombined","atechDateTime":20211031095444,"decodedData":{"Object":{"insulinRate":2.0500000000000003,"isPercent":false,"durationMinutes":30}}},{"entryType":"TempBasalCombined","atechDateTime":20211031095951,"decodedData":{"Object":{"insulinRate":0.0,"isPercent":false,"durationMinutes":0}}},{"entryType":"TempBasalCombined","atechDateTime":20211031100522,"decodedData":{"Object":{"insulinRate":1.8,"isPercent":false,"durationMinutes":30}}},{"entryType":"TempBasalCombined","atechDateTime":20211031100945,"decodedData":{"Object":{"insulinRate":0.0,"isPercent":false,"durationMinutes":0}}},{"entryType":"TempBasalCombined","atechDateTime":20211031100947,"decodedData":{"Object":{"insulinRate":1.2000000000000002,"isPercent":false,"durationMinutes":30}}},{"entryType":"TempBasalCombined","atechDateTime":20211031102448,"decodedData":{"Object":{"insulinRate":0.0,"isPercent":false,"durationMinutes":0}}},{"entryType":"TempBasalCombined","atechDateTime":20211031102449,"decodedData":{"Object":{"insulinRate":1.5,"isPercent":false,"durationMinutes":30}}},{"entryType":"TempBasalCombined","atechDateTime":20211031103019,"decodedData":{"Object":{"insulinRate":0.0,"isPercent":false,"durationMinutes":0}}},{"entryType":"TempBasalCombined","atechDateTime":20211031103020,"decodedData":{"Object":{"insulinRate":0.6000000000000001,"isPercent":false,"durationMinutes":30}}},{"entryType":"TempBasalCombined","atechDateTime":20211031103516,"decodedData":{"Object":{"insulinRate":0.0,"isPercent":false,"durationMinutes":0}}},{"entryType":"TempBasalCombined","atechDateTime":20211031103517,"decodedData":{"Object":{"insulinRate":3.4000000000000004,"isPercent":false,"durationMinutes":30}}},{"entryType":"TempBasalCombined","atechDateTime":20211031104100,"decodedData":{"Object":{"insulinRate":0.0,"isPercent":false,"durationMinutes":0}}},{"entryType":"TempBasalCombined","atechDateTime":20211031104102,"decodedData":{"Object":{"insulinRate":5.3500000000000005,"isPercent":false,"durationMinutes":30}}},{"entryType":"TempBasalCombined","atechDateTime":20211031104948,"decodedData":{"Object":{"insulinRate":0.0,"isPercent":false,"durationMinutes":0}}},{"entryType":"TempBasalCombined","atechDateTime":20211031104949,"decodedData":{"Object":{"insulinRate":1.2000000000000002,"isPercent":false,"durationMinutes":30}}},{"entryType":"TempBasalCombined","atechDateTime":20211031105944,"decodedData":{"Object":{"insulinRate":0.0,"isPercent":false,"durationMinutes":0}}},{"entryType":"TempBasalCombined","atechDateTime":20211031110518,"decodedData":{"Object":{"insulinRate":1.9000000000000001,"isPercent":false,"durationMinutes":30}}},{"entryType":"TempBasalCombined","atechDateTime":20211031111034,"decodedData":{"Object":{"insulinRate":0.0,"isPercent":false,"durationMinutes":0}}},{"entryType":"TempBasalCombined","atechDateTime":20211031111035,"decodedData":{"Object":{"insulinRate":1.4500000000000002,"isPercent":false,"durationMinutes":30}}},{"entryType":"TempBasalCombined","atechDateTime":20211031111448,"decodedData":{"Object":{"insulinRate":0.0,"isPercent":false,"durationMinutes":0}}},{"entryType":"TempBasalCombined","atechDateTime":20211031111450,"decodedData":{"Object":{"insulinRate":0.0,"isPercent":false,"durationMinutes":30}}},{"entryType":"TempBasalCombined","atechDateTime":20211031113015,"decodedData":{"Object":{"insulinRate":2.5,"isPercent":false,"durationMinutes":30}}},{"entryType":"TempBasalCombined","atechDateTime":20211031114543,"decodedData":{"Object":{"insulinRate":0.0,"isPercent":false,"durationMinutes":0}}},{"entryType":"TempBasalCombined","atechDateTime":20211031114544,"decodedData":{"Object":{"insulinRate":0.25,"isPercent":false,"durationMinutes":30}}},{"entryType":"TempBasalCombined","atechDateTime":20211031115012,"decodedData":{"Object":{"insulinRate":0.0,"isPercent":false,"durationMinutes":0}}},{"entryType":"TempBasalCombined","atechDateTime":20211031115013,"decodedData":{"Object":{"insulinRate":0.05,"isPercent":false,"durationMinutes":30}}},{"entryType":"TempBasalCombined","atechDateTime":20211031115445,"decodedData":{"Object":{"insulinRate":0.0,"isPercent":false,"durationMinutes":0}}},{"entryType":"TempBasalCombined","atechDateTime":20211031115446,"decodedData":{"Object":{"insulinRate":2.8000000000000003,"isPercent":false,"durationMinutes":30}}},{"entryType":"TempBasalCombined","atechDateTime":20211031115949,"decodedData":{"Object":{"insulinRate":0.0,"isPercent":false,"durationMinutes":0}}},{"entryType":"TempBasalCombined","atechDateTime":20211031120447,"decodedData":{"Object":{"insulinRate":3.25,"isPercent":false,"durationMinutes":30}}},{"entryType":"TempBasalCombined","atechDateTime":20211031121446,"decodedData":{"Object":{"insulinRate":0.0,"isPercent":false,"durationMinutes":0}}},{"entryType":"TempBasalCombined","atechDateTime":20211031121448,"decodedData":{"Object":{"insulinRate":3.5500000000000003,"isPercent":false,"durationMinutes":30}}},{"entryType":"TempBasalCombined","atechDateTime":20211031121945,"decodedData":{"Object":{"insulinRate":0.0,"isPercent":false,"durationMinutes":0}}},{"entryType":"TempBasalCombined","atechDateTime":20211031121947,"decodedData":{"Object":{"insulinRate":0.2,"isPercent":false,"durationMinutes":30}}},{"entryType":"TempBasalCombined","atechDateTime":20211031122024,"decodedData":{"Object":{"insulinRate":0.0,"isPercent":false,"durationMinutes":0}}},{"entryType":"TempBasalCombined","atechDateTime":20211031122026,"decodedData":{"Object":{"insulinRate":2.15,"isPercent":false,"durationMinutes":30}}},{"entryType":"TempBasalCombined","atechDateTime":20211031122452,"decodedData":{"Object":{"insulinRate":0.0,"isPercent":false,"durationMinutes":0}}},{"entryType":"TempBasalCombined","atechDateTime":20211031122453,"decodedData":{"Object":{"insulinRate":0.05,"isPercent":false,"durationMinutes":30}}},{"entryType":"TempBasalCombined","atechDateTime":20211031122501,"decodedData":{"Object":{"insulinRate":0.0,"isPercent":false,"durationMinutes":0}}},{"entryType":"TempBasalCombined","atechDateTime":20211031122503,"decodedData":{"Object":{"insulinRate":2.15,"isPercent":false,"durationMinutes":30}}},{"entryType":"TempBasalCombined","atechDateTime":20211031123445,"decodedData":{"Object":{"insulinRate":0.0,"isPercent":false,"durationMinutes":0}}},{"entryType":"TempBasalCombined","atechDateTime":20211031123447,"decodedData":{"Object":{"insulinRate":2.95,"isPercent":false,"durationMinutes":30}}},{"entryType":"TempBasalCombined","atechDateTime":20211031123947,"decodedData":{"Object":{"insulinRate":0.0,"isPercent":false,"durationMinutes":0}}},{"entryType":"TempBasalCombined","atechDateTime":20211031123949,"decodedData":{"Object":{"insulinRate":3.6,"isPercent":false,"durationMinutes":30}}},{"entryType":"TempBasalCombined","atechDateTime":20211031124118,"decodedData":{"Object":{"insulinRate":0.0,"isPercent":false,"durationMinutes":0}}},{"entryType":"TempBasalCombined","atechDateTime":20211031124119,"decodedData":{"Object":{"insulinRate":0.0,"isPercent":false,"durationMinutes":60}}}]
    TBR Process List: 83
    null - null  279 s (4)  1.1 / 0.0
    null - null  592 s (9)  1.1500000000000001 / 0.0
    null - null  316 s (5)  0.8 / 0.0
    null - null  278 s (4)  0.0 / 0.0
    null - null  302 s (5)  0.55 / 0.0
    null - null  308 s (5)  0.35000000000000003 / 0.0
    null - null  619 s (10)  2.3000000000000003 / 0.0
    null - null  272 s (4)  1.85 / 0.0
    null - null  294 s (4)  0.25 / 0.0
    null - null  629 s (10)  2.0500000000000003 / 0.0
    null - null  298 s (4)  2.75 / 0.0
    null - null  267 s (4)  0.1 / 0.0
    null - null  301 s (5)  2.75 / 0.0
    null - null  291 s (4)  2.85 / 0.0
    null - null  303 s (5)  0.05 / 0.0
    null - null  1203 s (20)  2.1 / 0.0
    null - null  872 s (14)  3.1 / 0.0
    null - null  315 s (5)  0.35000000000000003 / 0.0
    null - null  308 s (5)  2.9000000000000004 / 0.0
    null - null  302 s (5)  0.2 / 0.0
    null - 31.10.2021 04:14:42  291 s (4)  0.0
    null - null  598 s (9)  1.7000000000000002 / 0.0
    null - null  333 s (5)  0.05 / 0.0
    null - null  267 s (4)  2.2 / 0.0
    null - null  596 s (9)  1.35 / 0.0
    null - null  297 s (4)  1.85 / 0.0
    null - null  301 s (5)  1.35 / 0.0
    null - null  306 s (5)  0.8 / 0.0
    null - null  302 s (5)  2.35 / 0.0
    null - null  329 s (5)  3.1 / 0.0
    null - null  289 s (4)  0.5 / 0.0
    null - 31.10.2021 05:34:42  872 s (14)  0.0
    null - null  302 s (5)  1.6 / 0.0
    null - null  601 s (10)  2.1 / 0.0
    null - null  596 s (9)  2.4000000000000004 / 0.0
    null - null  271 s (4)  1.1 / 0.0
    null - null  1498 s (24)  0.25 / 0.0
    null - null  898 s (14)  2.35 / 0.0
    null - null  54 s (0)  0.15000000000000002 / 0.0
    null - null  215 s (3)  1.9000000000000001 / 0.0
    null - null  328 s (5)  0.1 / 0.0
    null - null  610 s (10)  1.35 / 0.0
    null - null  295 s (4)  0.35000000000000003 / 0.0
    null - null  325 s (5)  0.1 / 0.0
    null - 31.10.2021 07:39:44  860 s (14)  0.0
    null - null  298 s (4)  2.0 / 0.0
    null - null  628 s (10)  3.1 / 0.0
    null - null  301 s (5)  0.1 / 0.0
    null - null  602 s (10)  0.1 / 0.0
    null - null  896 s (14)  0.55 / 0.0
    null - null  639 s (10)  2.4000000000000004 / 0.0
    null - null  558 s (9)  0.8 / 0.0
    null - null  383 s (6)  1.85 / 0.0
    null - null  13 s (0)  2.35 / 0.0
    null - null  234 s (3)  3.6 / 0.0
    null - null  632 s (10)  2.0 / 0.0
    null - null  269 s (4)  1.05 / 0.0
    null - null  613 s (10)  2.25 / 0.0
    null - 31.10.2021 09:54:42  1476 s (24)  0.0
    null - null  307 s (5)  2.0500000000000003 / 0.0
    null - null  263 s (4)  1.8 / 0.0
    null - null  901 s (15)  1.2000000000000002 / 0.0
    null - null  330 s (5)  1.5 / 0.0
    null - null  296 s (4)  0.6000000000000001 / 0.0
    null - null  343 s (5)  3.4000000000000004 / 0.0
    null - null  526 s (8)  5.3500000000000005 / 0.0
    null - null  595 s (9)  1.2000000000000002 / 0.0
    null - null  316 s (5)  1.9000000000000001 / 0.0
    null - null  253 s (4)  1.4500000000000002 / 0.0
    null - 31.10.2021 11:30:13  921 s (15)  0.0
    null - null  928 s (15)  2.5 / 0.0
    null - null  268 s (4)  0.25 / 0.0
    null - null  272 s (4)  0.05 / 0.0
    null - null  303 s (5)  2.8000000000000003 / 0.0
    null - null  599 s (9)  3.25 / 0.0
    null - null  297 s (4)  3.5500000000000003 / 0.0
    null - null  37 s (0)  0.2 / 0.0
    null - null  266 s (4)  2.15 / 0.0
    null - null  8 s (0)  0.05 / 0.0
    null - null  582 s (9)  2.15 / 0.0
    null - null  300 s (5)  2.95 / 0.0
    null - null  89 s (1)  3.6 / 0.0
    null  3600 s (60)  0.0

MedtronicPumpHistoryDecoderUTest > historyProblem_476_OpossumGit() STARTED

> Task :pump:eopatch:hiltJavaCompileFullDebugUnitTest NO-SOURCE

> Task :ui:testFullDebugUnitTest

SceneSerializerTest > emptyList_serializesToEmptyArray() STARTED

> Task :pump:danars-emulator:testFullDebugUnitTest

BLECommRSv3IntegrationTest > connect completes RSv3 handshake and sets connected() STARTED

> Task :pump:equil:transformFullDebugUnitTestClassesWithAsm

> Task :ui:testFullDebugUnitTest

ActiveSceneStateTest > remainingMs_halfwayThrough_returnsHalf() STARTED

ActiveSceneStateTest > endsAt_indefinite_returnsNull() STARTED

SceneSerializerTest > unknownActionType_skipped() STARTED

ActiveSceneStateTest > remainingMs_indefinite_returnsNull() STARTED

ActiveSceneStateTest > isExpired_indefinite_returnsFalse() STARTED

ActiveSceneStateTest > remainingMs_expired_returnsZero() STARTED

ActiveSceneStateTest > isExpired_afterEnd_returnsTrue() STARTED

ActiveSceneStateTest > isExpired_beforeEnd_returnsFalse() STARTED

ActiveSceneStateTest > endsAt_withDuration_returnsCorrectTime() STARTED

SceneSerializerTest > isEnabled_missingField_defaultsTrue() STARTED

SceneSerializerTest > sceneEndAction_notification_roundTrip() STARTED

SceneSerializerTest > roundTrip_multipleScenes() STARTED

SceneSerializerTest > loopMode_allModes_roundTrip() STARTED

SceneSerializerTest > isEnabled_roundTrip() STARTED

SceneSerializerTest > sceneEndAction_chainScene_roundTrip() STARTED

SceneSerializerTest > tempTarget_allReasons_roundTrip() STARTED

SceneSerializerTest > invalidJson_returnsEmptyList() STARTED

SceneSerializerTest > emptyString_deserializesToEmptyList() STARTED

SceneSerializerTest > roundTrip_singleScene() STARTED

> Task :pump:danar:testFullDebugUnitTest

MsgBolusProgressTest > runTest() STARTED

> Task :plugins:source:compileFullDebugKotlin

> Task :pump:danars:testFullDebugUnitTest

DanaRSPluginTest > percentBasalRateShouldBeLimited() STANDARD_OUT
    DEBUG: : CORE Starting: AnyString
    DEBUG: : PUMP DanaRPump reset
    DEBUG: : CONSTRAINTS Setting because of smaller value 2147483647 -> 200 (limitingpercentrate)[DanaRS]
    DEBUG: : CONSTRAINTS Limiting original value: 2147483647 to 200. Reason: DanaRS: limitingpercentrate
    DEBUG: : CONSTRAINTS Limiting original value: 2147483647 to 200. Reason: DanaRS: limitingpercentrate

DanaRSPluginTest > basalRateShouldBeLimited() STARTED

DanaRSPluginTest > basalRateShouldBeLimited() STANDARD_OUT
    DEBUG: : CORE Starting: AnyString
    DEBUG: : PUMP DanaRPump reset
    DEBUG: : CONSTRAINTS Setting because of smaller value 1.7976931348623157E308 -> 0.8 (limitingbasalratio)[DanaRS]
    DEBUG: : CONSTRAINTS Limiting original value: 1.7976931348623157E308 to 0.8. Reason: DanaRS: limitingbasalratio
    DEBUG: : CONSTRAINTS Limiting original value: 1.7976931348623157E308 to 0.8. Reason: DanaRS: limitingbasalratio

DanaRsMessageHashTableTest > throwErrorForUnknownMessage() STARTED

DanaRsMessageHashTableTest > throwErrorForUnknownMessage() STANDARD_OUT
    DEBUG: : PUMPCOMM New message
    DEBUG: : PUMPCOMM New message
    DEBUG: : PUMPCOMM New message

DanaRsMessageHashTableTest > findMessage() STARTED

DanaRsMessageHashTableTest > findMessage() STANDARD_OUT
    DEBUG: : PUMPCOMM New message
    DEBUG: : PUMPCOMM New message
    DEBUG: : PUMPCOMM New message
    DEBUG: : PUMPCOMM New message

DanaRsPacketBasalSetCancelTemporaryBasalTest > runTest() STARTED

DanaRsPacketBasalSetCancelTemporaryBasalTest > runTest() STANDARD_OUT
    DEBUG: : PUMPCOMM Canceling temp basal
    DEBUG: : PUMPCOMM Result OK
    ERROR: Result Error: 1

DanaRsPacketBolusGetStepBolusInformationTest > runTest() STARTED

DanaRsPacketBolusGetStepBolusInformationTest > runTest() STANDARD_OUT
    DEBUG: : PUMPCOMM New message
    DEBUG: : PUMPCOMM Result: 2
    DEBUG: : PUMPCOMM BolusType: 3
    DEBUG: : PUMPCOMM Initial bolus amount: 6.0 U
    DEBUG: : PUMPCOMM Last bolus time: 5/9/26 01:20 PM
    DEBUG: : PUMPCOMM Last bolus amount: 12.5
    DEBUG: : PUMPCOMM Max bolus: 25.0 U
    DEBUG: : PUMPCOMM Bolus step: 1.0 U

DanaRsPacketGeneralGetPumpCheckTest > runTest() STARTED

DanaRsPacketGeneralGetPumpCheckTest > runTest() STANDARD_OUT
    DEBUG: : PUMPCOMM New message
    DEBUG: : PUMPCOMM New message
    DEBUG: : PUMPCOMM Model: 00 
    DEBUG: : PUMPCOMM Protocol: 00 
    DEBUG: : PUMPCOMM Product Code: 00 

DanaRsPacketHistoryBolusTest > runTest() STARTED

DanaRsPacketHistoryBolusTest > runTest() STANDARD_OUT
    DEBUG: : PUMPCOMM New message
    DEBUG: : PUMPCOMM Loading event history from: 5/9/26 11:59 AM

DanaRsPacketNotifyAlarmTest > runTest() STARTED

DanaRsPacketNotifyAlarmTest > runTest() STANDARD_OUT
    DEBUG: : PUMPCOMM New message
    DEBUG: : PUMPCOMM Error detected: 

BleEncryptionTest > standardFlow() STARTED

BleEncryptionTest > rsV3Flow() STARTED

BleEncryptionTest > ble5Flow() STARTED

> Task :pump:equil-emulator:compileFullDebugUnitTestKotlin

> Task :pump:danars-emulator:testFullDebugUnitTest

BLECommIntegrationTest > getBasalRate reads basal profile from emulator() STARTED

> Task :pump:equil-emulator:compileFullDebugUnitTestJavaWithJavac NO-SOURCE

> Task :ui:testFullDebugUnitTest

IDsExtensionKtTest > isPumpHistory() STARTED

> Task :pump:equil-emulator:processFullDebugUnitTestJavaRes

> Task :pump:medtronic:testFullDebugUnitTest

MedtronicPumpHistoryDecoderUTest > historyProblem_476_OpossumGit() STANDARD_OUT
    DEBUG: History Page Length:1024
    DEBUG: : PUMPBTCOMM CRC ok.
    INFO: PUMPCOMM STATISTICS OF PUMP DECODE
    INFO: PUMPCOMM     OK             - 32
    DEBUG: PumpHistoryEntries: 41
    DEBUG: PumpHistoryEntry [type=ChangeBasalProfile_O [8  , 0x08], DT: 13.04.2021 13:05:16, length=2,5,145(152), head=07, datetime=50 05 0D 4D 15, body=00 18 00 08 14 00 0E 10 00 14 08 00 1E 12 00 26 16 00 2B 1A 00 00 00 00 00 00 00 00 00 00 00 00 00 00 00 00 00 00 00 00 00 00 00 00 00 00 00 00 00 00 00 00 00 00 00 00 00 00 00 00 00 00 00 00 00 00 00 00 00 00 00 00 00 00 00 00 00 00 00 00 00 00 00 00 00 00 00 00 00 00 00 00 00 00 00 00 00 00 00 00 00 00 00 00 00 00 00 00 00 00 00 00 00 00 00 00 00 00 00 00 00 00 00 00 00 00 00 00 00 00 00 00 00 00 00 00 00 00 00 00 00 00 00 00 00, rawData=08 07 50 05 0D 4D 15 00 18 00 08 14 00 0E 10 00 14 08 00 1E 12 00 26 16 00 2B 1A 00 00 00 00 00 00 00 00 00 00 00 00 00 00 00 00 00 00 00 00 00 00 00 00 00 00 00 00 00 00 00 00 00 00 00 00 00 00 00 00 00 00 00 00 00 00 00 00 00 00 00 00 00 00 00 00 00 00 00 00 00 00 00 00 00 00 00 00 00 00 00 00 00 00 00 00 00 00 00 00 00 00 00 00 00 00 00 00 00 00 00 00 00 00 00 00 00 00 00 00 00 00 00 00 00 00 00 00 00 00 00 00 00 00 00 00 00 00 00 00 00 00 00 00 00]
    DEBUG: PumpHistoryEntry [type=ChangeBasalProfile_N [9  , 0x09], DT: 13.04.2021 13:05:16, length=2,5,145(152), head=18, datetime=50 05 0D 4D 15, body=00 18 00 02 18 00 04 18 00 06 18 00 08 14 00 0A 14 00 0C 14 00 0E 10 00 10 10 00 12 10 00 14 08 00 16 08 00 18 08 00 1A 08 00 1C 08 00 1E 14 00 20 14 00 22 14 00 24 14 00 26 16 00 28 16 00 2A 16 00 2C 1C 00 2E 1C 00 00 00 00 00 00 00 00 00 00 00 00 00 00 00 00 00 00 00 00 00 00 00 00 00 00 00 00 00 00 00 00 00 00 00 00 00 00 00 00 00 00 00 00 00 00 00 00 00 00 00 00 00 00 00 00 00 00 00 00 00 00 00 00 00 00 00 00 00 00 00 00 00 00, rawData=09 18 50 05 0D 4D 15 00 18 00 02 18 00 04 18 00 06 18 00 08 14 00 0A 14 00 0C 14 00 0E 10 00 10 10 00 12 10 00 14 08 00 16 08 00 18 08 00 1A 08 00 1C 08 00 1E 14 00 20 14 00 22 14 00 24 14 00 26 16 00 28 16 00 2A 16 00 2C 1C 00 2E 1C 00 00 00 00 00 00 00 00 00 00 00 00 00 00 00 00 00 00 00 00 00 00 00 00 00 00 00 00 00 00 00 00 00 00 00 00 00 00 00 00 00 00 00 00 00 00 00 00 00 00 00 00 00 00 00 00 00 00 00 00 00 00 00 00 00 00 00 00 00 00 00 00 00 00]
    DEBUG: PumpHistoryEntry [type=Bolus                [1  , 0x01], DT: 13.04.2021 13:09:04, length=4,5,0(9), head=04 04 00, datetime=44 09 4D 4D 15, rawData=01 04 04 00 44 09 4D 4D 15]
    DEBUG: PumpHistoryEntry [type=TempBasalRate        [51 , 0x33], DT: 13.04.2021 13:21:23, length=2,5,1(8), data=]
    DEBUG: PumpHistoryEntry [type=TempBasalDuration    [22 , 0x16], DT: 13.04.2021 13:21:23, length=2,5,0(7), data=No data]
    DEBUG: PumpHistoryEntry [type=TempBasalRate        [51 , 0x33], DT: 13.04.2021 13:21:55, length=2,5,1(8), data=]
    DEBUG: PumpHistoryEntry [type=TempBasalDuration    [22 , 0x16], DT: 13.04.2021 13:21:55, length=2,5,0(7), data=No data]
    DEBUG: PumpHistoryEntry [type=TempBasalRate        [51 , 0x33], DT: 13.04.2021 13:22:29, length=2,5,1(8), data=]
    DEBUG: PumpHistoryEntry [type=TempBasalDuration    [22 , 0x16], DT: 13.04.2021 13:22:29, length=2,5,0(7), data=No data]
    DEBUG: PumpHistoryEntry [type=TempBasalRate        [51 , 0x33], DT: 13.04.2021 13:26:33, length=2,5,1(8), data=]
    DEBUG: PumpHistoryEntry [type=TempBasalDuration    [22 , 0x16], DT: 13.04.2021 13:26:33, length=2,5,0(7), data=No data]
    DEBUG: PumpHistoryEntry [type=SaveSettings         [93 , 0x5D], DT: 13.04.2021 13:49:30, length=2,5,0(7), data=No data]
    DEBUG: PumpHistoryEntry [type=BatteryChange        [26 , 0x1A], DT: 13.04.2021 13:49:46, length=2,5,0(7), data={isRemoved=true}]
    DEBUG: PumpHistoryEntry [type=NoDeliveryAlarm      [6  , 0x06], DT: 13.04.2021 13:49:46, length=4,5,0(9), data=]
    DEBUG: PumpHistoryEntry [type=ClearAlarm           [12 , 0x0C], DT: 01.01.2005 00:00:17, length=2,5,0(7), data=No data]
    DEBUG: PumpHistoryEntry [type=ChangeTimeFormat     [100, 0x64], DT: 01.01.2005 00:00:19, length=2,5,0(7), data=No data]
    DEBUG: PumpHistoryEntry [type=ChangeTime           [23 , 0x17], DT: 01.01.2005 00:01:10, length=2,5,0(7), data=No data]
    DEBUG: PumpHistoryEntry [type=NewTimeSet           [24 , 0x18], DT: 13.04.2021 21:57:00, length=2,5,0(7), data=No data]
    DEBUG: PumpHistoryEntry [type=Rewind               [33 , 0x21], DT: 13.04.2021 22:04:19, length=2,5,0(7), data=No data]
    DEBUG: PumpHistoryEntry [type=Prime                [3  , 0x03], DT: 13.04.2021 22:09:23, length=5,5,0(10), head=00 00 00 58, datetime=57 09 36 0D 15, rawData=03 00 00 00 58 57 09 36 0D 15]
    DEBUG: PumpHistoryEntry [type=SaveSettings         [93 , 0x5D], DT: 13.04.2021 22:10:56, length=2,5,0(7), data=No data]
    DEBUG: PumpHistoryEntry [type=ChangeTimeFormat     [100, 0x64], DT: 13.04.2021 22:10:56, length=2,5,0(7), data=No data]
    DEBUG: PumpHistoryEntry [type=ChangeMaxBasal       [44 , 0x2C], DT: 13.04.2021 22:10:56, length=2,5,0(7), data=No data]
    DEBUG: PumpHistoryEntry [type=ChangeMaxBolus       [36 , 0x24], DT: 13.04.2021 22:10:56, length=2,5,0(7), data=No data]
    DEBUG: PumpHistoryEntry [type=ChangeAlarmNotifyMod [99 , 0x63], DT: 13.04.2021 22:10:56, length=2,5,0(7), data=No data]
    DEBUG: PumpHistoryEntry [type=SetAutoOff           [27 , 0x1B], DT: 13.04.2021 22:10:56, length=2,5,0(7), data=No data]
    DEBUG: PumpHistoryEntry [type=ChangeReservoirWarni [101, 0x65], DT: 13.04.2021 22:10:56, length=2,5,0(7), data=No data]
    DEBUG: PumpHistoryEntry [type=ChangeAlarmClockEnab [97 , 0x61], DT: 13.04.2021 22:10:56, length=2,5,0(7), data=No data]
    DEBUG: PumpHistoryEntry [type=ChangeAlarmClockTime [50 , 0x32], DT: 13.04.2021 22:10:56, length=2,5,0(7), data=No data]
    DEBUG: PumpHistoryEntry [type=ChangeBolusReminderE [102, 0x66], DT: 13.04.2021 22:10:56, length=2,5,0(7), data=No data]
    DEBUG: PumpHistoryEntry [type=ChangeParadigmID     [60 , 0x3C], DT: 13.04.2021 22:10:56, length=2,5,14(21), data=]
    DEBUG: PumpHistoryEntry [type=EnableDisableRemote  [38 , 0x26], DT: 13.04.2021 22:10:56, length=2,5,14(21), data=]
    DEBUG: PumpHistoryEntry [type=ChangeBGReminderEnab [96 , 0x60], DT: 13.04.2021 22:10:56, length=2,5,0(7), data=No data]
    DEBUG: PumpHistoryEntry [type=ChangeChildBlockEnab [35 , 0x23], DT: 13.04.2021 22:10:56, length=2,5,0(7), data=No data]
    DEBUG: PumpHistoryEntry [type=ChangeVariableBolus  [94 , 0x5E], DT: 13.04.2021 22:10:56, length=2,5,0(7), data=No data]
    DEBUG: PumpHistoryEntry [type=BolusWizardEnabled   [45 , 0x2D], DT: 13.04.2021 22:10:56, length=2,5,0(7), data=No data]
    DEBUG: PumpHistoryEntry [type=BolusWizardSetup     [90 , 0x5A], DT: 13.04.2021 22:10:56, length=2,5,117(124), data=]
    DEBUG: PumpHistoryEntry [type=ChangeTempBasalType  [98 , 0x62], DT: 13.04.2021 22:10:56, length=2,5,0(7), data=No data]
    DEBUG: PumpHistoryEntry [type=ChangeAudioBolus     [95 , 0x5F], DT: 13.04.2021 22:10:56, length=2,5,0(7), data=No data]
    DEBUG: PumpHistoryEntry [type=BolusWizardSetup512  [79 , 0x4F], DT: 13.04.2021 22:10:56, length=2,5,32(39), data=]
    DEBUG: PumpHistoryEntry [type=ChangeBasalProfile_O [8  , 0x08], DT: 13.04.2021 22:10:56, length=2,5,145(152), head=18, datetime=78 0A 16 8D 15, body=00 18 00 02 18 00 04 18 00 06 18 00 08 14 00 0A 14 00 0C 14 00 0E 10 00 10 10 00 12 10 00 14 08 00 16 08 00 18 08 00 1A 08 00 1C 08 00 1E 14 00 20 14 00 22 14 00 24 14 00 26 16 00 28 16 00 2A 16 00 2C 1C 00 2E 1C 00 00 00 00 00 00 00 00 00 00 00 00 00 00 00 00 00 00 00 00 00 00 00 00 00 00 00 00 00 00 00 00 00 00 00 00 00 00 00 00 00 00 00 00 00 00 00 00 00 00 00 00 00 00 00 00 00 00 00 00 00 00 00 00 00 00 00 00 00 00 00 00 00 00, rawData=08 18 78 0A 16 8D 15 00 18 00 02 18 00 04 18 00 06 18 00 08 14 00 0A 14 00 0C 14 00 0E 10 00 10 10 00 12 10 00 14 08 00 16 08 00 18 08 00 1A 08 00 1C 08 00 1E 14 00 20 14 00 22 14 00 24 14 00 26 16 00 28 16 00 2A 16 00 2C 1C 00 2E 1C 00 00 00 00 00 00 00 00 00 00 00 00 00 00 00 00 00 00 00 00 00 00 00 00 00 00 00 00 00 00 00 00 00 00 00 00 00 00 00 00 00 00 00 00 00 00 00 00 00 00 00 00 00 00 00 00 00 00 00 00 00 00 00 00 00 00 00 00 00 00 00 00 00 00]

MedtronicPumpHistoryDecoderUTest > historyProblem_423_duzy78() STARTED

MedtronicPumpHistoryDecoderUTest > historyProblem_423_duzy78() STANDARD_OUT
    DEBUG: History Page Length:1024
    DEBUG: : PUMPBTCOMM CRC ok.
    INFO: PUMPCOMM STATISTICS OF PUMP DECODE
    INFO: PUMPCOMM     OK             - 8
    DEBUG: PumpHistoryEntries: 131
    DEBUG: PumpHistoryEntry [type=TempBasalDuration    [22 , 0x16], DT: 17.03.2021 14:16:08, length=2,5,0(7), data=No data]
    DEBUG: PumpHistoryEntry [type=TempBasalRate        [51 , 0x33], DT: 17.03.2021 14:16:10, length=2,5,1(8), data=]
    DEBUG: PumpHistoryEntry [type=TempBasalDuration    [22 , 0x16], DT: 17.03.2021 14:16:10, length=2,5,0(7), data=No data]
    DEBUG: PumpHistoryEntry [type=TempBasalRate        [51 , 0x33], DT: 17.03.2021 14:31:07, length=2,5,1(8), data=]
    DEBUG: PumpHistoryEntry [type=TempBasalDuration    [22 , 0x16], DT: 17.03.2021 14:31:07, length=2,5,0(7), data=No data]
    DEBUG: PumpHistoryEntry [type=TempBasalRate        [51 , 0x33], DT: 17.03.2021 14:31:09, length=2,5,1(8), data=]
    DEBUG: PumpHistoryEntry [type=TempBasalDuration    [22 , 0x16], DT: 17.03.2021 14:31:09, length=2,5,0(7), data=No data]
    DEBUG: PumpHistoryEntry [type=TempBasalRate        [51 , 0x33], DT: 17.03.2021 14:45:37, length=2,5,1(8), data=]
    DEBUG: PumpHistoryEntry [type=TempBasalDuration    [22 , 0x16], DT: 17.03.2021 14:45:37, length=2,5,0(7), data=No data]
    DEBUG: PumpHistoryEntry [type=TempBasalRate        [51 , 0x33], DT: 17.03.2021 14:45:39, length=2,5,1(8), data=]
    DEBUG: PumpHistoryEntry [type=TempBasalDuration    [22 , 0x16], DT: 17.03.2021 14:45:39, length=2,5,0(7), data=No data]
    DEBUG: PumpHistoryEntry [type=TempBasalRate        [51 , 0x33], DT: 17.03.2021 14:52:07, length=2,5,1(8), data=]
    DEBUG: PumpHistoryEntry [type=TempBasalDuration    [22 , 0x16], DT: 17.03.2021 14:52:07, length=2,5,0(7), data=No data]
    DEBUG: PumpHistoryEntry [type=TempBasalRate        [51 , 0x33], DT: 17.03.2021 14:52:09, length=2,5,1(8), data=]
    DEBUG: PumpHistoryEntry [type=TempBasalDuration    [22 , 0x16], DT: 17.03.2021 14:52:09, length=2,5,0(7), data=No data]
    DEBUG: PumpHistoryEntry [type=TempBasalRate        [51 , 0x33], DT: 17.03.2021 15:21:37, length=2,5,1(8), data=]
    DEBUG: PumpHistoryEntry [type=TempBasalDuration    [22 , 0x16], DT: 17.03.2021 15:21:37, length=2,5,0(7), data=No data]
    DEBUG: PumpHistoryEntry [type=Bolus                [1  , 0x01], DT: 17.03.2021 15:21:48, length=4,5,0(9), head=3C 3C 00, datetime=30 D5 4F 51 15, rawData=01 3C 3C 00 30 D5 4F 51 15]
    DEBUG: PumpHistoryEntry [type=TempBasalRate        [51 , 0x33], DT: 17.03.2021 15:55:37, length=2,5,1(8), data=]
    DEBUG: PumpHistoryEntry [type=TempBasalDuration    [22 , 0x16], DT: 17.03.2021 15:55:37, length=2,5,0(7), data=No data]
    DEBUG: PumpHistoryEntry [type=TempBasalRate        [51 , 0x33], DT: 17.03.2021 16:06:07, length=2,5,1(8), data=]
    DEBUG: PumpHistoryEntry [type=TempBasalDuration    [22 , 0x16], DT: 17.03.2021 16:06:07, length=2,5,0(7), data=No data]
    DEBUG: PumpHistoryEntry [type=TempBasalRate        [51 , 0x33], DT: 17.03.2021 16:06:09, length=2,5,1(8), data=]
    DEBUG: PumpHistoryEntry [type=TempBasalDuration    [22 , 0x16], DT: 17.03.2021 16:06:09, length=2,5,0(7), data=No data]
    DEBUG: PumpHistoryEntry [type=TempBasalRate        [51 , 0x33], DT: 17.03.2021 16:40:37, length=2,5,1(8), data=]
    DEBUG: PumpHistoryEntry [type=TempBasalDuration    [22 , 0x16], DT: 17.03.2021 16:40:37, length=2,5,0(7), data=No data]
    DEBUG: PumpHistoryEntry [type=TempBasalRate        [51 , 0x33], DT: 17.03.2021 17:15:36, length=2,5,1(8), data=]
    DEBUG: PumpHistoryEntry [type=TempBasalDuration    [22 , 0x16], DT: 17.03.2021 17:15:36, length=2,5,0(7), data=No data]
    DEBUG: PumpHistoryEntry [type=TempBasalRate        [51 , 0x33], DT: 17.03.2021 17:36:35, length=2,5,1(8), data=]
    DEBUG: PumpHistoryEntry [type=TempBasalDuration    [22 , 0x16], DT: 17.03.2021 17:36:35, length=2,5,0(7), data=No data]
    DEBUG: PumpHistoryEntry [type=TempBasalRate        [51 , 0x33], DT: 17.03.2021 17:36:37, length=2,5,1(8), data=]
    DEBUG: PumpHistoryEntry [type=TempBasalDuration    [22 , 0x16], DT: 17.03.2021 17:36:37, length=2,5,0(7), data=No data]
    DEBUG: PumpHistoryEntry [type=TempBasalRate        [51 , 0x33], DT: 17.03.2021 17:40:35, length=2,5,1(8), data=]
    DEBUG: PumpHistoryEntry [type=TempBasalDuration    [22 , 0x16], DT: 17.03.2021 17:40:35, length=2,5,0(7), data=No data]
    DEBUG: PumpHistoryEntry [type=TempBasalRate        [51 , 0x33], DT: 17.03.2021 17:40:37, length=2,5,1(8), data=]
    DEBUG: PumpHistoryEntry [type=TempBasalDuration    [22 , 0x16], DT: 17.03.2021 17:40:37, length=2,5,0(7), data=No data]
    DEBUG: PumpHistoryEntry [type=TempBasalRate        [51 , 0x33], DT: 17.03.2021 17:46:25, length=2,5,1(8), data=]
    DEBUG: PumpHistoryEntry [type=TempBasalDuration    [22 , 0x16], DT: 17.03.2021 17:46:25, length=2,5,0(7), data=No data]
    DEBUG: PumpHistoryEntry [type=TempBasalRate        [51 , 0x33], DT: 17.03.2021 17:46:27, length=2,5,1(8), data=]
    DEBUG: PumpHistoryEntry [type=TempBasalDuration    [22 , 0x16], DT: 17.03.2021 17:46:27, length=2,5,0(7), data=No data]
    DEBUG: PumpHistoryEntry [type=TempBasalRate        [51 , 0x33], DT: 17.03.2021 17:50:35, length=2,5,1(8), data=]
    DEBUG: PumpHistoryEntry [type=TempBasalDuration    [22 , 0x16], DT: 17.03.2021 17:50:35, length=2,5,0(7), data=No data]
    DEBUG: PumpHistoryEntry [type=TempBasalRate        [51 , 0x33], DT: 17.03.2021 17:50:37, length=2,5,1(8), data=]
    DEBUG: PumpHistoryEntry [type=TempBasalDuration    [22 , 0x16], DT: 17.03.2021 17:50:37, length=2,5,0(7), data=No data]
    DEBUG: PumpHistoryEntry [type=TempBasalRate        [51 , 0x33], DT: 17.03.2021 18:00:36, length=2,5,1(8), data=]
    DEBUG: PumpHistoryEntry [type=TempBasalDuration    [22 , 0x16], DT: 17.03.2021 18:00:36, length=2,5,0(7), data=No data]
    DEBUG: PumpHistoryEntry [type=TempBasalRate        [51 , 0x33], DT: 17.03.2021 18:00:37, length=2,5,1(8), data=]
    DEBUG: PumpHistoryEntry [type=TempBasalDuration    [22 , 0x16], DT: 17.03.2021 18:00:37, length=2,5,0(7), data=No data]
    DEBUG: PumpHistoryEntry [type=TempBasalRate        [51 , 0x33], DT: 17.03.2021 18:15:35, length=2,5,1(8), data=]
    DEBUG: PumpHistoryEntry [type=TempBasalDuration    [22 , 0x16], DT: 17.03.2021 18:15:35, length=2,5,0(7), data=No data]
    DEBUG: PumpHistoryEntry [type=TempBasalRate        [51 , 0x33], DT: 17.03.2021 18:15:37, length=2,5,1(8), data=]
    DEBUG: PumpHistoryEntry [type=TempBasalDuration    [22 , 0x16], DT: 17.03.2021 18:15:37, length=2,5,0(7), data=No data]
    DEBUG: PumpHistoryEntry [type=TempBasalRate        [51 , 0x33], DT: 17.03.2021 18:25:35, length=2,5,1(8), data=]
    DEBUG: PumpHistoryEntry [type=TempBasalDuration    [22 , 0x16], DT: 17.03.2021 18:25:35, length=2,5,0(7), data=No data]
    DEBUG: PumpHistoryEntry [type=TempBasalRate        [51 , 0x33], DT: 17.03.2021 18:25:37, length=2,5,1(8), data=]
    DEBUG: PumpHistoryEntry [type=TempBasalDuration    [22 , 0x16], DT: 17.03.2021 18:25:37, length=2,5,0(7), data=No data]
    DEBUG: PumpHistoryEntry [type=TempBasalRate        [51 , 0x33], DT: 17.03.2021 18:41:35, length=2,5,1(8), data=]
    DEBUG: PumpHistoryEntry [type=TempBasalDuration    [22 , 0x16], DT: 17.03.2021 18:41:35, length=2,5,0(7), data=No data]
    DEBUG: PumpHistoryEntry [type=TempBasalRate        [51 , 0x33], DT: 17.03.2021 18:41:37, length=2,5,1(8), data=]
    DEBUG: PumpHistoryEntry [type=TempBasalDuration    [22 , 0x16], DT: 17.03.2021 18:41:37, length=2,5,0(7), data=No data]
    DEBUG: PumpHistoryEntry [type=Bolus                [1  , 0x01], DT: 17.03.2021 19:02:16, length=4,5,0(9), head=16 16 00, datetime=10 C2 53 51 15, rawData=01 16 16 00 10 C2 53 51 15]
    DEBUG: PumpHistoryEntry [type=TempBasalRate        [51 , 0x33], DT: 17.03.2021 19:15:36, length=2,5,1(8), data=]
    DEBUG: PumpHistoryEntry [type=TempBasalDuration    [22 , 0x16], DT: 17.03.2021 19:15:36, length=2,5,0(7), data=No data]
    DEBUG: PumpHistoryEntry [type=TempBasalRate        [51 , 0x33], DT: 17.03.2021 19:46:04, length=2,5,1(8), data=]
    DEBUG: PumpHistoryEntry [type=TempBasalDuration    [22 , 0x16], DT: 17.03.2021 19:46:04, length=2,5,0(7), data=No data]
    DEBUG: PumpHistoryEntry [type=Bolus                [1  , 0x01], DT: 17.03.2021 19:48:59, length=4,5,0(9), head=14 14 00, datetime=3B F0 53 51 15, rawData=01 14 14 00 3B F0 53 51 15]
    DEBUG: PumpHistoryEntry [type=TempBasalRate        [51 , 0x33], DT: 17.03.2021 20:00:34, length=2,5,1(8), data=]
    DEBUG: PumpHistoryEntry [type=TempBasalDuration    [22 , 0x16], DT: 17.03.2021 20:00:34, length=2,5,0(7), data=No data]
    DEBUG: PumpHistoryEntry [type=TempBasalRate        [51 , 0x33], DT: 17.03.2021 20:00:36, length=2,5,1(8), data=]
    DEBUG: PumpHistoryEntry [type=TempBasalDuration    [22 , 0x16], DT: 17.03.2021 20:00:36, length=2,5,0(7), data=No data]
    DEBUG: PumpHistoryEntry [type=TempBasalRate        [51 , 0x33], DT: 17.03.2021 20:31:03, length=2,5,1(8), data=]
    DEBUG: PumpHistoryEntry [type=TempBasalDuration    [22 , 0x16], DT: 17.03.2021 20:31:03, length=2,5,0(7), data=No data]
    DEBUG: PumpHistoryEntry [type=SuspendPump          [30 , 0x1E], DT: 17.03.2021 20:33:55, length=2,5,0(7), data=No data]
    DEBUG: PumpHistoryEntry [type=ResumePump           [31 , 0x1F], DT: 17.03.2021 20:46:01, length=2,5,0(7), data=No data]
    DEBUG: PumpHistoryEntry [type=TempBasalRate        [51 , 0x33], DT: 17.03.2021 21:06:03, length=2,5,1(8), data=]
    DEBUG: PumpHistoryEntry [type=TempBasalDuration    [22 , 0x16], DT: 17.03.2021 21:06:03, length=2,5,0(7), data=No data]
    DEBUG: PumpHistoryEntry [type=TempBasalRate        [51 , 0x33], DT: 17.03.2021 21:25:32, length=2,5,1(8), data=]
    DEBUG: PumpHistoryEntry [type=TempBasalDuration    [22 , 0x16], DT: 17.03.2021 21:25:32, length=2,5,0(7), data=No data]
    DEBUG: PumpHistoryEntry [type=TempBasalRate        [51 , 0x33], DT: 17.03.2021 21:25:34, length=2,5,1(8), data=]
    DEBUG: PumpHistoryEntry [type=TempBasalDuration    [22 , 0x16], DT: 17.03.2021 21:25:34, length=2,5,0(7), data=No data]
    DEBUG: PumpHistoryEntry [type=BGReceived512        [57 , 0x39], DT: 17.03.2021 21:31:14, length=2,5,3(10), head=14, datetime=0E DF 35 71 15, body=83 92 40, rawData=39 14 0E DF 35 71 15 83 92 40]
    DEBUG: PumpHistoryEntry [type=Bolus                [1  , 0x01], DT: 17.03.2021 21:32:55, length=4,5,0(9), head=0B 0B 00, datetime=37 E0 55 51 15, rawData=01 0B 0B 00 37 E0 55 51 15]
    DEBUG: PumpHistoryEntry [type=TempBasalRate        [51 , 0x33], DT: 17.03.2021 21:35:33, length=2,5,1(8), data=]
    DEBUG: PumpHistoryEntry [type=TempBasalDuration    [22 , 0x16], DT: 17.03.2021 21:35:33, length=2,5,0(7), data=No data]
    DEBUG: PumpHistoryEntry [type=TempBasalRate        [51 , 0x33], DT: 17.03.2021 21:35:34, length=2,5,1(8), data=]
    DEBUG: PumpHistoryEntry [type=TempBasalDuration    [22 , 0x16], DT: 17.03.2021 21:35:34, length=2,5,0(7), data=No data]
    DEBUG: PumpHistoryEntry [type=TempBasalRate        [51 , 0x33], DT: 17.03.2021 21:40:33, length=2,5,1(8), data=]
    DEBUG: PumpHistoryEntry [type=TempBasalDuration    [22 , 0x16], DT: 17.03.2021 21:40:33, length=2,5,0(7), data=No data]
    DEBUG: PumpHistoryEntry [type=TempBasalRate        [51 , 0x33], DT: 17.03.2021 21:40:35, length=2,5,1(8), data=]
    DEBUG: PumpHistoryEntry [type=TempBasalDuration    [22 , 0x16], DT: 17.03.2021 21:40:35, length=2,5,0(7), data=No data]
    DEBUG: PumpHistoryEntry [type=TempBasalRate        [51 , 0x33], DT: 17.03.2021 21:45:32, length=2,5,1(8), data=]
    DEBUG: PumpHistoryEntry [type=TempBasalDuration    [22 , 0x16], DT: 17.03.2021 21:45:32, length=2,5,0(7), data=No data]
    DEBUG: PumpHistoryEntry [type=TempBasalRate        [51 , 0x33], DT: 17.03.2021 21:45:34, length=2,5,1(8), data=]
    DEBUG: PumpHistoryEntry [type=TempBasalDuration    [22 , 0x16], DT: 17.03.2021 21:45:34, length=2,5,0(7), data=No data]
    DEBUG: PumpHistoryEntry [type=TempBasalRate        [51 , 0x33], DT: 17.03.2021 21:56:03, length=2,5,1(8), data=]
    DEBUG: PumpHistoryEntry [type=TempBasalDuration    [22 , 0x16], DT: 17.03.2021 21:56:03, length=2,5,0(7), data=No data]
    DEBUG: PumpHistoryEntry [type=TempBasalRate        [51 , 0x33], DT: 17.03.2021 21:56:05, length=2,5,1(8), data=]
    DEBUG: PumpHistoryEntry [type=TempBasalDuration    [22 , 0x16], DT: 17.03.2021 21:56:05, length=2,5,0(7), data=No data]
    DEBUG: PumpHistoryEntry [type=TempBasalRate        [51 , 0x33], DT: 17.03.2021 22:11:01, length=2,5,1(8), data=]
    DEBUG: PumpHistoryEntry [type=TempBasalDuration    [22 , 0x16], DT: 17.03.2021 22:11:01, length=2,5,0(7), data=No data]
    DEBUG: PumpHistoryEntry [type=TempBasalRate        [51 , 0x33], DT: 17.03.2021 22:11:03, length=2,5,1(8), data=]
    DEBUG: PumpHistoryEntry [type=TempBasalDuration    [22 , 0x16], DT: 17.03.2021 22:11:03, length=2,5,0(7), data=No data]
    DEBUG: PumpHistoryEntry [type=TempBasalRate        [51 , 0x33], DT: 17.03.2021 22:45:32, length=2,5,1(8), data=]
    DEBUG: PumpHistoryEntry [type=TempBasalDuration    [22 , 0x16], DT: 17.03.2021 22:45:32, length=2,5,0(7), data=No data]
    DEBUG: PumpHistoryEntry [type=TempBasalRate        [51 , 0x33], DT: 17.03.2021 22:56:02, length=2,5,1(8), data=]
    DEBUG: PumpHistoryEntry [type=TempBasalDuration    [22 , 0x16], DT: 17.03.2021 22:56:02, length=2,5,0(7), data=No data]
    DEBUG: PumpHistoryEntry [type=TempBasalRate        [51 , 0x33], DT: 17.03.2021 22:56:04, length=2,5,1(8), data=]
    DEBUG: PumpHistoryEntry [type=TempBasalDuration    [22 , 0x16], DT: 17.03.2021 22:56:04, length=2,5,0(7), data=No data]
    DEBUG: PumpHistoryEntry [type=TempBasalRate        [51 , 0x33], DT: 17.03.2021 23:10:31, length=2,5,1(8), data=]
    DEBUG: PumpHistoryEntry [type=TempBasalDuration    [22 , 0x16], DT: 17.03.2021 23:10:31, length=2,5,0(7), data=No data]
    DEBUG: PumpHistoryEntry [type=TempBasalRate        [51 , 0x33], DT: 17.03.2021 23:10:33, length=2,5,1(8), data=]
    DEBUG: PumpHistoryEntry [type=TempBasalDuration    [22 , 0x16], DT: 17.03.2021 23:10:33, length=2,5,0(7), data=No data]
    DEBUG: PumpHistoryEntry [type=TempBasalRate        [51 , 0x33], DT: 17.03.2021 23:20:31, length=2,5,1(8), data=]
    DEBUG: PumpHistoryEntry [type=TempBasalDuration    [22 , 0x16], DT: 17.03.2021 23:20:31, length=2,5,0(7), data=No data]
    DEBUG: PumpHistoryEntry [type=TempBasalRate        [51 , 0x33], DT: 17.03.2021 23:20:33, length=2,5,1(8), data=]
    DEBUG: PumpHistoryEntry [type=TempBasalDuration    [22 , 0x16], DT: 17.03.2021 23:20:33, length=2,5,0(7), data=No data]
    DEBUG: PumpHistoryEntry [type=TempBasalRate        [51 , 0x33], DT: 17.03.2021 23:46:21, length=2,5,1(8), data=]
    DEBUG: PumpHistoryEntry [type=TempBasalDuration    [22 , 0x16], DT: 17.03.2021 23:46:21, length=2,5,0(7), data=No data]
    DEBUG: PumpHistoryEntry [type=TempBasalRate        [51 , 0x33], DT: 17.03.2021 23:46:23, length=2,5,1(8), data=]
    DEBUG: PumpHistoryEntry [type=TempBasalDuration    [22 , 0x16], DT: 17.03.2021 23:46:23, length=2,5,0(7), data=No data]
    DEBUG: PumpHistoryEntry [type=EndResultTotals      [7  , 0x07], DT: 17.03.2021 23:59:59, length=5,2,0(7), head=00 00 08 0A, datetime=31 95, rawData=07 00 00 08 0A 31 95]
    DEBUG: PumpHistoryEntry [type=DailyTotals515       [108, 0x6C], DT: 17.03.2021 23:59:59, length=1,2,35(38), datetime=31 95, body=05 00 A1 A1 A1 01 00 00 08 0A 04 8E 39 03 7C 2B 00 00 03 7C 2B 00 00 00 00 00 00 03 7C 64 07 00 00 00 07, rawData=6C 31 95 05 00 A1 A1 A1 01 00 00 08 0A 04 8E 39 03 7C 2B 00 00 03 7C 2B 00 00 00 00 00 00 03 7C 64 07 00 00 00 07]
    DEBUG: PumpHistoryEntry [type=TempBasalRate        [51 , 0x33], DT: 18.03.2021 00:01:05, length=2,5,1(8), data=]
    DEBUG: PumpHistoryEntry [type=TempBasalDuration    [22 , 0x16], DT: 18.03.2021 00:01:05, length=2,5,0(7), data=No data]
    DEBUG: PumpHistoryEntry [type=TempBasalRate        [51 , 0x33], DT: 18.03.2021 00:01:07, length=2,5,1(8), data=]
    DEBUG: PumpHistoryEntry [type=TempBasalDuration    [22 , 0x16], DT: 18.03.2021 00:01:07, length=2,5,0(7), data=No data]
    DEBUG: PumpHistoryEntry [type=TempBasalRate        [51 , 0x33], DT: 18.03.2021 00:11:01, length=2,5,1(8), data=]
    DEBUG: PumpHistoryEntry [type=TempBasalDuration    [22 , 0x16], DT: 18.03.2021 00:11:01, length=2,5,0(7), data=No data]
    DEBUG: PumpHistoryEntry [type=TempBasalRate        [51 , 0x33], DT: 18.03.2021 00:11:03, length=2,5,1(8), data=]
    DEBUG: PumpHistoryEntry [type=TempBasalDuration    [22 , 0x16], DT: 18.03.2021 00:11:03, length=2,5,0(7), data=No data]
    DEBUG: PumpHistoryEntry [type=TempBasalRate        [51 , 0x33], DT: 18.03.2021 00:30:30, length=2,5,1(8), data=]

MedtronicPumpHistoryDecoderUTest > historyProblem_148_amunhateb() STARTED

MedtronicPumpHistoryDecoderUTest > historyProblem_148_amunhateb() STANDARD_OUT
    DEBUG: History Page Length:1024
    DEBUG: : PUMPBTCOMM CRC ok.
    INFO: PUMPCOMM STATISTICS OF PUMP DECODE
    INFO: PUMPCOMM     OK             - 12
    DEBUG: PumpHistoryEntries: 20
    DEBUG: PumpHistoryEntry [type=BolusWizardSetup     [90 , 0x5A], DT: 03.03.2021 12:52:32, length=2,5,117(124), data=]
    DEBUG: PumpHistoryEntry [type=Bolus                [1  , 0x01], DT: 03.03.2021 13:30:37, length=4,5,0(9), head=12 12 00, datetime=25 DE 2D 43 15, rawData=01 12 12 00 25 DE 2D 43 15]
    DEBUG: PumpHistoryEntry [type=Bolus                [1  , 0x01], DT: 03.03.2021 13:42:38, length=4,5,0(9), head=50 50 00, datetime=26 EA 2D 43 15, rawData=01 50 50 00 26 EA 2D 43 15]
    DEBUG: PumpHistoryEntry [type=Bolus                [1  , 0x01], DT: 03.03.2021 20:09:44, length=4,5,0(9), head=4B 4B 00, datetime=2C C9 34 43 15, rawData=01 4B 4B 00 2C C9 34 43 15]
    DEBUG: PumpHistoryEntry [type=ChangeTempBasalType  [98 , 0x62], DT: 03.03.2021 23:11:47, length=2,5,0(7), data=No data]
    DEBUG: PumpHistoryEntry [type=Bolus                [1  , 0x01], DT: 03.03.2021 23:30:22, length=4,5,0(9), head=33 33 00, datetime=16 DE 37 43 15, rawData=01 33 33 00 16 DE 37 43 15]
    DEBUG: PumpHistoryEntry [type=EndResultTotals      [7  , 0x07], DT: 03.03.2021 23:59:59, length=5,2,0(7), head=00 00 07 FE, datetime=23 95, rawData=07 00 00 07 FE 23 95]
    DEBUG: PumpHistoryEntry [type=DailyTotals522       [109, 0x6D], DT: 03.03.2021 23:59:59, length=1,2,41(44), datetime=23 95, body=0A 08 00 2B 00 00 00 00 07 FE 03 8E 2C 04 70 38 00 00 04 70 38 00 00 00 00 00 00 04 70 64 06 00 00 00 06 08 00 2B 00 00 00, rawData=6D 23 95 0A 08 00 2B 00 00 00 00 07 FE 03 8E 2C 04 70 38 00 00 04 70 38 00 00 00 00 00 00 04 70 64 06 00 00 00 06 08 00 2B 00 00 00]
    DEBUG: PumpHistoryEntry [type=ChangeMaxBasal       [44 , 0x2C], DT: 04.03.2021 01:35:47, length=2,5,0(7), data=No data]
    DEBUG: PumpHistoryEntry [type=TempBasalRate        [51 , 0x33], DT: 04.03.2021 04:39:47, length=2,5,1(8), data=]
    DEBUG: PumpHistoryEntry [type=TempBasalDuration    [22 , 0x16], DT: 04.03.2021 04:39:47, length=2,5,0(7), data=No data]
    DEBUG: PumpHistoryEntry [type=TempBasalRate        [51 , 0x33], DT: 04.03.2021 06:02:59, length=2,5,1(8), data=]
    DEBUG: PumpHistoryEntry [type=TempBasalDuration    [22 , 0x16], DT: 04.03.2021 06:02:59, length=2,5,0(7), data=No data]
    DEBUG: PumpHistoryEntry [type=ChangeBasalProfile_O [8  , 0x08], DT: 04.03.2021 11:27:23, length=2,5,145(152), head=08, datetime=17 DB 0B 44 15, body=00 26 00 06 26 00 0C 26 00 12 28 00 18 26 00 1E 26 00 24 24 00 2A 26 00 00 00 00 00 00 00 00 00 00 00 00 00 00 00 00 00 00 00 00 00 00 00 00 00 00 00 00 00 00 00 00 00 00 00 00 00 00 00 00 00 00 00 00 00 00 00 00 00 00 00 00 00 00 00 00 00 00 00 00 00 00 00 00 00 00 00 00 00 00 00 00 00 00 00 00 00 00 00 00 00 00 00 00 00 00 00 00 00 00 00 00 00 00 00 00 00 00 00 00 00 00 00 00 00 00 00 00 00 00 00 00 00 00 00 00 00 00 00 00 00 00, rawData=08 08 17 DB 0B 44 15 00 26 00 06 26 00 0C 26 00 12 28 00 18 26 00 1E 26 00 24 24 00 2A 26 00 00 00 00 00 00 00 00 00 00 00 00 00 00 00 00 00 00 00 00 00 00 00 00 00 00 00 00 00 00 00 00 00 00 00 00 00 00 00 00 00 00 00 00 00 00 00 00 00 00 00 00 00 00 00 00 00 00 00 00 00 00 00 00 00 00 00 00 00 00 00 00 00 00 00 00 00 00 00 00 00 00 00 00 00 00 00 00 00 00 00 00 00 00 00 00 00 00 00 00 00 00 00 00 00 00 00 00 00 00 00 00 00 00 00 00 00 00 00 00 00 00]
    DEBUG: PumpHistoryEntry [type=ChangeBasalProfile_N [9  , 0x09], DT: 04.03.2021 11:27:23, length=2,5,145(152), head=18, datetime=17 DB 0B 44 15, body=00 26 00 02 26 00 04 26 00 06 24 00 08 24 00 0A 24 00 0C 26 00 0E 26 00 10 26 00 12 28 00 14 28 00 16 28 00 18 26 00 1A 26 00 1C 26 00 1E 26 00 20 26 00 22 26 00 24 24 00 26 24 00 28 24 00 2A 26 00 2C 26 00 2E 26 00 00 00 00 00 00 00 00 00 00 00 00 00 00 00 00 00 00 00 00 00 00 00 00 00 00 00 00 00 00 00 00 00 00 00 00 00 00 00 00 00 00 00 00 00 00 00 00 00 00 00 00 00 00 00 00 00 00 00 00 00 00 00 00 00 00 00 00 00 00 00 00 00 00, rawData=09 18 17 DB 0B 44 15 00 26 00 02 26 00 04 26 00 06 24 00 08 24 00 0A 24 00 0C 26 00 0E 26 00 10 26 00 12 28 00 14 28 00 16 28 00 18 26 00 1A 26 00 1C 26 00 1E 26 00 20 26 00 22 26 00 24 24 00 26 24 00 28 24 00 2A 26 00 2C 26 00 2E 26 00 00 00 00 00 00 00 00 00 00 00 00 00 00 00 00 00 00 00 00 00 00 00 00 00 00 00 00 00 00 00 00 00 00 00 00 00 00 00 00 00 00 00 00 00 00 00 00 00 00 00 00 00 00 00 00 00 00 00 00 00 00 00 00 00 00 00 00 00 00 00 00 00 00]
    DEBUG: PumpHistoryEntry [type=Bolus                [1  , 0x01], DT: 04.03.2021 11:41:40, length=4,5,0(9), head=45 45 00, datetime=28 E9 2B 44 15, rawData=01 45 45 00 28 E9 2B 44 15]
    DEBUG: PumpHistoryEntry [type=LowBattery           [25 , 0x19], DT: 04.03.2021 13:01:00, length=2,5,0(7), data=No data]
    DEBUG: PumpHistoryEntry [type=BatteryChange        [26 , 0x1A], DT: 04.03.2021 13:03:21, length=2,5,0(7), data={isRemoved=true}]
    DEBUG: PumpHistoryEntry [type=BatteryChange        [26 , 0x1A], DT: 04.03.2021 13:03:51, length=2,5,0(7), data={isRemoved=false}]
    DEBUG: PumpHistoryEntry [type=Bolus                [1  , 0x01], DT: 04.03.2021 14:12:07, length=4,5,0(9), head=28 28 00, datetime=07 CC 2E 44 15, rawData=01 28 28 00 07 CC 2E 44 15]

MedtronicUtilInstanceUTest > test getCurrentCommand initially returns null() STARTED

MedtronicUtilInstanceUTest > test buildCommandPayload with single parameter() STARTED

MedtronicUtilInstanceUTest > test buildCommandPayload with single parameter() STANDARD_OUT
    DEBUG: : PUMPCOMM buildCommandPayload [A7 12 34 56 6F 01 AB]

MedtronicUtilInstanceUTest > test setCurrentCommand with null frame number() STARTED

MedtronicUtilInstanceUTest > test getBolusStrokes for 40-stroke pump with medium amount uses scroll rate 2() STARTED

MedtronicUtilInstanceUTest > test setCurrentCommand with page and frame numbers() STARTED

MedtronicUtilInstanceUTest > test getBasalProfileFrames with empty data() STARTED

MedtronicUtilInstanceUTest > test setCurrentCommand can be set to null() STARTED

MedtronicUtilInstanceUTest > test gsonInstance is properly initialized() STARTED

MedtronicUtilInstanceUTest > test buildCommandPayload with no parameters() STARTED

MedtronicUtilInstanceUTest > test buildCommandPayload with no parameters() STANDARD_OUT
    DEBUG: : PUMPCOMM buildCommandPayload [A7 12 34 56 8D 00]

MedtronicUtilInstanceUTest > test getBolusStrokes for 40-stroke pump with small amount() STARTED

MedtronicUtilInstanceUTest > test settings can be set and retrieved() STARTED

MedtronicUtilInstanceUTest > test medtronicPumpModel getter() STARTED

MedtronicUtilInstanceUTest > test medtronicPumpModel setter() STARTED

MedtronicUtilInstanceUTest > test getBasalProfileFrames with all zero data() STARTED

MedtronicUtilInstanceUTest > test getBolusStrokes for 10-stroke pump with larger amount() STARTED

MedtronicUtilInstanceUTest > test setCurrentCommand does not change if same command() STARTED

MedtronicUtilInstanceUTest > test setCurrentCommand stores command() STARTED

MedtronicUtilInstanceUTest > test getBolusStrokes for 40-stroke pump with large amount uses scroll rate 4() STARTED

MedtronicUtilInstanceUTest > test getBasalProfileFrames with small data() STARTED

MedtronicUtilInstanceUTest > test getBolusStrokes for 10-stroke pump with small amount() STARTED

MedtronicUtilInstanceUTest > test dismissNotification calls notificationManager dismiss() STARTED

MedtronicUtilInstanceUTest > test getBasalProfileFrames with exactly 64 bytes() STARTED

MedtronicUtilInstanceUTest > test getBasalProfileFrames with data requiring two frames() STARTED

MedtronicUtilInstanceUTest > test pumpTime can be set and retrieved() STARTED

MedtronicUtilInstanceUTest > test isModelSet flag can be set and read() STARTED

MedtronicUtilInstanceUTest > test buildCommandPayload with multiple parameters() STARTED

MedtronicUtilInstanceUTest > test buildCommandPayload with multiple parameters() STANDARD_OUT
    DEBUG: : PUMPCOMM buildCommandPayload [A7 AA BB CC 4C 04 01 02 03 04]

> Task :pump:medtrum:javaPreCompileFullDebugUnitTest

> Task :pump:danars-emulator:testFullDebugUnitTest

BLECommRSv3IntegrationTest > connect completes RSv3 handshake and sets connected() STANDARD_OUT
    DEBUG: : PUMPBTCOMM Initializing BLEComm.
    DEBUG: : PUMPBTCOMM Trying to create a new connection from: test
    DEBUG: : PUMPBTCOMM onConnectionStateChange
    DEBUG: : PUMPBTCOMM onServicesDiscovered
    DEBUG: : PUMPBTCOMM >>>>> ENCRYPTION__PUMP_CHECK (0x00) A5 A5 0C E4  F2 C8 AD BA  AD D5 C2 AD  D7 A6 D4 0C  C6 5A 5A 
    DEBUG: : PUMPBTCOMM <<<<< ENCRYPTION__PUMP_CHECK V3 (OK) 02 00 4F 4B  00 05 00 05  42 
    DEBUG: : PUMPBTCOMM >>>>> ENCRYPTION__TIME_INFORMATION A5 A5 03 E4  F3 9D E5 B3  5A 5A 
    DEBUG: : PUMPBTCOMM <<<<< ENCRYPTION__TIME_INFORMATION 02 01 00 
    DEBUG: : PUMPBTCOMM Connect !!

BLECommRSv3IntegrationTest > multiple commands work in sequence with RSv3() STARTED

BLECommRSv3IntegrationTest > multiple commands work in sequence with RSv3() STANDARD_OUT
    DEBUG: : PUMPBTCOMM Initializing BLEComm.
    DEBUG: : PUMPBTCOMM Trying to create a new connection from: test
    DEBUG: : PUMPBTCOMM onConnectionStateChange
    DEBUG: : PUMPBTCOMM onServicesDiscovered
    DEBUG: : PUMPBTCOMM >>>>> ENCRYPTION__PUMP_CHECK (0x00) A5 A5 0C E4  F2 C8 AD BA  AD D5 C2 AD  D7 A6 D4 0C  C6 5A 5A 
    DEBUG: : PUMPBTCOMM <<<<< ENCRYPTION__PUMP_CHECK V3 (OK) 02 00 4F 4B  00 05 00 05  42 
    DEBUG: : PUMPBTCOMM >>>>> ENCRYPTION__TIME_INFORMATION A5 A5 03 E4  F3 9D E5 B3  5A 5A 
    DEBUG: : PUMPBTCOMM <<<<< ENCRYPTION__TIME_INFORMATION 02 01 00 
    DEBUG: : PUMPBTCOMM Connect !!
    DEBUG: : PUMPCOMM Requesting active profile
    DEBUG: : PUMPBTCOMM >>>>> BASAL__GET_PROFILE_NUMBER B2 63  
    DEBUG: : PUMPBTCOMM <<<<< BASAL__GET_PROFILE_NUMBER B2 63 01 
    DEBUG: : PUMPCOMM Active profile: 1
    DEBUG: : PUMPBTCOMM handleMessage done BASAL__GET_PROFILE_NUMBER setting received on thread Test worker
    DEBUG: : PUMPBTCOMM notifyAll BASAL__GET_PROFILE_NUMBER processedMessage===message: true
    DEBUG: : PUMPBTCOMM already received BASAL__GET_PROFILE_NUMBER (no wait needed)
    DEBUG: : PUMPCOMM New message: APS Temp basal start
    DEBUG: : PUMPCOMM APS Temp basal start percent: 120 duration 15 min
    DEBUG: : PUMPBTCOMM >>>>> BASAL__APS_SET_TEMPORARY_BASAL B2 C1  78 00 96 
    DEBUG: : PUMPBTCOMM <<<<< BASAL__APS_SET_TEMPORARY_BASAL B2 C1 00 
    DEBUG: : PUMPCOMM Set APS temp basal start result: 0
    DEBUG: : PUMPBTCOMM handleMessage done BASAL__APS_SET_TEMPORARY_BASAL setting received on thread Test worker
    DEBUG: : PUMPBTCOMM notifyAll BASAL__APS_SET_TEMPORARY_BASAL processedMessage===message: true
    DEBUG: : PUMPBTCOMM already received BASAL__APS_SET_TEMPORARY_BASAL (no wait needed)
    DEBUG: : PUMPCOMM New message
    DEBUG: : PUMPBTCOMM >>>>> REVIEW__INITIAL_SCREEN_INFORMATION B2 02  
    DEBUG: : PUMPBTCOMM <<<<< REVIEW__INITIAL_SCREEN_INFORMATION B2 02 10 F4  01 C4 09 98  3A 64 00 78  50 00 00 00  00 00 00 
    DEBUG: : PUMPCOMM ErrorState: NONE
    DEBUG: : PUMPCOMM Pump suspended: false
    DEBUG: : PUMPCOMM Temp basal in progress: true
    DEBUG: : PUMPCOMM Extended in progress: false
    DEBUG: : PUMPCOMM Dual in progress: false
    DEBUG: : PUMPCOMM Daily units: 5.0
    DEBUG: : PUMPCOMM Max daily units: 25
    DEBUG: : PUMPCOMM Reservoir remaining units: 150.0
    DEBUG: : PUMPCOMM Battery: 80
    DEBUG: : PUMPCOMM Current basal: 1.0
    DEBUG: : PUMPCOMM Temp basal percent: 120
    DEBUG: : PUMPCOMM Extended absolute rate: 0.0
    DEBUG: : PUMPBTCOMM handleMessage done REVIEW__INITIAL_SCREEN_INFORMATION setting received on thread Test worker
    DEBUG: : PUMPBTCOMM notifyAll REVIEW__INITIAL_SCREEN_INFORMATION processedMessage===message: true
    DEBUG: : PUMPBTCOMM already received REVIEW__INITIAL_SCREEN_INFORMATION (no wait needed)
    DEBUG: : PUMPCOMM New message
    DEBUG: : PUMPBTCOMM >>>>> ETC__KEEP_CONNECTION B2 FF  
    DEBUG: : PUMPBTCOMM <<<<< ETC__KEEP_CONNECTION B2 FF 00 
    DEBUG: : PUMPCOMM Result OK
    DEBUG: : PUMPBTCOMM handleMessage done ETC__KEEP_CONNECTION setting received on thread Test worker
    DEBUG: : PUMPBTCOMM notifyAll ETC__KEEP_CONNECTION processedMessage===message: true
    DEBUG: : PUMPBTCOMM already received ETC__KEEP_CONNECTION (no wait needed)
    DEBUG: : PUMPCOMM Requesting pump time
    DEBUG: : PUMPBTCOMM >>>>> OPTION__GET_PUMP_TIME B2 70  
    DEBUG: : PUMPBTCOMM <<<<< OPTION__GET_PUMP_TIME B2 70 1A 05  09 0B 3B 05  
    DEBUG: : PUMPCOMM Pump time null
    DEBUG: : PUMPBTCOMM handleMessage done OPTION__GET_PUMP_TIME setting received on thread Test worker
    DEBUG: : PUMPBTCOMM notifyAll OPTION__GET_PUMP_TIME processedMessage===message: true
    DEBUG: : PUMPBTCOMM already received OPTION__GET_PUMP_TIME (no wait needed)

BLECommRSv3IntegrationTest > initialScreenInformation works with RSv3 encryption() STARTED

BLECommRSv3IntegrationTest > initialScreenInformation works with RSv3 encryption() STANDARD_OUT
    DEBUG: : PUMPBTCOMM Initializing BLEComm.
    DEBUG: : PUMPBTCOMM Trying to create a new connection from: test
    DEBUG: : PUMPBTCOMM onConnectionStateChange
    DEBUG: : PUMPBTCOMM onServicesDiscovered
    DEBUG: : PUMPBTCOMM >>>>> ENCRYPTION__PUMP_CHECK (0x00) A5 A5 0C E4  F2 C8 AD BA  AD D5 C2 AD  D7 A6 D4 0C  C6 5A 5A 
    DEBUG: : PUMPBTCOMM <<<<< ENCRYPTION__PUMP_CHECK V3 (OK) 02 00 4F 4B  00 05 00 05  42 
    DEBUG: : PUMPBTCOMM >>>>> ENCRYPTION__TIME_INFORMATION A5 A5 03 E4  F3 9D E5 B3  5A 5A 
    DEBUG: : PUMPBTCOMM <<<<< ENCRYPTION__TIME_INFORMATION 02 01 00 
    DEBUG: : PUMPBTCOMM Connect !!
    DEBUG: : PUMPCOMM New message
    DEBUG: : PUMPBTCOMM >>>>> REVIEW__INITIAL_SCREEN_INFORMATION B2 02  
    DEBUG: : PUMPBTCOMM <<<<< REVIEW__INITIAL_SCREEN_INFORMATION B2 02 00 F4  01 C4 09 20  4E 96 00 00  3C 00 00 00  00 00 00 
    DEBUG: : PUMPCOMM ErrorState: NONE
    DEBUG: : PUMPCOMM Pump suspended: false
    DEBUG: : PUMPCOMM Temp basal in progress: false
    DEBUG: : PUMPCOMM Extended in progress: false
    DEBUG: : PUMPCOMM Dual in progress: false
    DEBUG: : PUMPCOMM Daily units: 5.0
    DEBUG: : PUMPCOMM Max daily units: 25
    DEBUG: : PUMPCOMM Reservoir remaining units: 200.0
    DEBUG: : PUMPCOMM Battery: 60
    DEBUG: : PUMPCOMM Current basal: 1.5
    DEBUG: : PUMPCOMM Temp basal percent: 0
    DEBUG: : PUMPCOMM Extended absolute rate: 0.0
    DEBUG: : PUMPBTCOMM handleMessage done REVIEW__INITIAL_SCREEN_INFORMATION setting received on thread Test worker
    DEBUG: : PUMPBTCOMM notifyAll REVIEW__INITIAL_SCREEN_INFORMATION processedMessage===message: true
    DEBUG: : PUMPBTCOMM already received REVIEW__INITIAL_SCREEN_INFORMATION (no wait needed)

BLECommRSv3IntegrationTest > RSv3 handshake reads hwModel from pump() STARTED

BLECommRSv3IntegrationTest > RSv3 handshake reads hwModel from pump() STANDARD_OUT
    DEBUG: : PUMPBTCOMM Initializing BLEComm.
    DEBUG: : PUMPBTCOMM Trying to create a new connection from: test
    DEBUG: : PUMPBTCOMM onConnectionStateChange
    DEBUG: : PUMPBTCOMM onServicesDiscovered
    DEBUG: : PUMPBTCOMM >>>>> ENCRYPTION__PUMP_CHECK (0x00) A5 A5 0C E4  F2 C8 AD BA  AD D5 C2 AD  D7 A6 D4 0C  C6 5A 5A 
    DEBUG: : PUMPBTCOMM <<<<< ENCRYPTION__PUMP_CHECK V3 (OK) 02 00 4F 4B  00 05 00 05  42 
    DEBUG: : PUMPBTCOMM >>>>> ENCRYPTION__TIME_INFORMATION A5 A5 03 E4  F3 9D E5 B3  5A 5A 
    DEBUG: : PUMPBTCOMM <<<<< ENCRYPTION__TIME_INFORMATION 02 01 00 
    DEBUG: : PUMPBTCOMM Connect !!

BLECommRSv3IntegrationTest > RSv3 handshake sets ignoreUserPassword() STARTED

BLECommRSv3IntegrationTest > RSv3 handshake sets ignoreUserPassword() STANDARD_OUT
    DEBUG: : PUMPBTCOMM Initializing BLEComm.
    DEBUG: : PUMPBTCOMM Trying to create a new connection from: test
    DEBUG: : PUMPBTCOMM onConnectionStateChange
    DEBUG: : PUMPBTCOMM onServicesDiscovered
    DEBUG: : PUMPBTCOMM >>>>> ENCRYPTION__PUMP_CHECK (0x00) A5 A5 0C E4  F2 C8 AD BA  AD D5 C2 AD  D7 A6 D4 0C  C6 5A 5A 
    DEBUG: : PUMPBTCOMM <<<<< ENCRYPTION__PUMP_CHECK V3 (OK) 02 00 4F 4B  00 05 00 05  42 
    DEBUG: : PUMPBTCOMM >>>>> ENCRYPTION__TIME_INFORMATION A5 A5 03 E4  F3 9D E5 B3  5A 5A 
    DEBUG: : PUMPBTCOMM <<<<< ENCRYPTION__TIME_INFORMATION 02 01 00 
    DEBUG: : PUMPBTCOMM Connect !!

BLECommRSv3IntegrationTest > temp basal set and cancel with RSv3 encryption() STARTED

BLECommRSv3IntegrationTest > temp basal set and cancel with RSv3 encryption() STANDARD_OUT
    DEBUG: : PUMPBTCOMM Initializing BLEComm.
    DEBUG: : PUMPBTCOMM Trying to create a new connection from: test
    DEBUG: : PUMPBTCOMM onConnectionStateChange
    DEBUG: : PUMPBTCOMM onServicesDiscovered
    DEBUG: : PUMPBTCOMM >>>>> ENCRYPTION__PUMP_CHECK (0x00) A5 A5 0C E4  F2 C8 AD BA  AD D5 C2 AD  D7 A6 D4 0C  C6 5A 5A 
    DEBUG: : PUMPBTCOMM <<<<< ENCRYPTION__PUMP_CHECK V3 (OK) 02 00 4F 4B  00 05 00 05  42 
    DEBUG: : PUMPBTCOMM >>>>> ENCRYPTION__TIME_INFORMATION A5 A5 03 E4  F3 9D E5 B3  5A 5A 
    DEBUG: : PUMPBTCOMM <<<<< ENCRYPTION__TIME_INFORMATION 02 01 00 
    DEBUG: : PUMPBTCOMM Connect !!
    DEBUG: : PUMPCOMM New message: APS Temp basal start
    DEBUG: : PUMPCOMM APS Temp basal start percent: 150 duration 15 min
    DEBUG: : PUMPBTCOMM >>>>> BASAL__APS_SET_TEMPORARY_BASAL B2 C1  96 00 96 
    DEBUG: : PUMPBTCOMM <<<<< BASAL__APS_SET_TEMPORARY_BASAL B2 C1 00 
    DEBUG: : PUMPCOMM Set APS temp basal start result: 0
    DEBUG: : PUMPBTCOMM handleMessage done BASAL__APS_SET_TEMPORARY_BASAL setting received on thread Test worker
    DEBUG: : PUMPBTCOMM notifyAll BASAL__APS_SET_TEMPORARY_BASAL processedMessage===message: true
    DEBUG: : PUMPBTCOMM already received BASAL__APS_SET_TEMPORARY_BASAL (no wait needed)
    DEBUG: : PUMPCOMM Canceling temp basal
    DEBUG: : PUMPBTCOMM >>>>> BASAL__CANCEL_TEMPORARY_BASAL B2 62  
    DEBUG: : PUMPBTCOMM <<<<< BASAL__CANCEL_TEMPORARY_BASAL B2 62 00 
    DEBUG: : PUMPCOMM Result OK
    DEBUG: : PUMPBTCOMM handleMessage done BASAL__CANCEL_TEMPORARY_BASAL setting received on thread Test worker
    DEBUG: : PUMPBTCOMM notifyAll BASAL__CANCEL_TEMPORARY_BASAL processedMessage===message: true
    DEBUG: : PUMPBTCOMM already received BASAL__CANCEL_TEMPORARY_BASAL (no wait needed)

BLECommRSv3IntegrationTest > getProfileNumber works with RSv3 encryption() STARTED

BLECommRSv3IntegrationTest > getProfileNumber works with RSv3 encryption() STANDARD_OUT
    DEBUG: : PUMPBTCOMM Initializing BLEComm.
    DEBUG: : PUMPBTCOMM Trying to create a new connection from: test
    DEBUG: : PUMPBTCOMM onConnectionStateChange
    DEBUG: : PUMPBTCOMM onServicesDiscovered
    DEBUG: : PUMPBTCOMM >>>>> ENCRYPTION__PUMP_CHECK (0x00) A5 A5 0C E4  F2 C8 AD BA  AD D5 C2 AD  D7 A6 D4 0C  C6 5A 5A 
    DEBUG: : PUMPBTCOMM <<<<< ENCRYPTION__PUMP_CHECK V3 (OK) 02 00 4F 4B  00 05 00 05  42 
    DEBUG: : PUMPBTCOMM >>>>> ENCRYPTION__TIME_INFORMATION A5 A5 03 E4  F3 9D E5 B3  5A 5A 
    DEBUG: : PUMPBTCOMM <<<<< ENCRYPTION__TIME_INFORMATION 02 01 00 
    DEBUG: : PUMPBTCOMM Connect !!
    DEBUG: : PUMPCOMM Requesting active profile
    DEBUG: : PUMPBTCOMM >>>>> BASAL__GET_PROFILE_NUMBER B2 63  
    DEBUG: : PUMPBTCOMM <<<<< BASAL__GET_PROFILE_NUMBER B2 63 03 
    DEBUG: : PUMPCOMM Active profile: 3
    DEBUG: : PUMPBTCOMM handleMessage done BASAL__GET_PROFILE_NUMBER setting received on thread Test worker
    DEBUG: : PUMPBTCOMM notifyAll BASAL__GET_PROFILE_NUMBER processedMessage===message: true
    DEBUG: : PUMPBTCOMM already received BASAL__GET_PROFILE_NUMBER (no wait needed)

> Task :pump:diaconn:testFullDebugUnitTest

DiaconnG8PluginTest > isInitializedShouldReturnTrueWhenPumpIsConnected() STARTED

> Task :pump:medtrum:packageFullDebugUnitTestForUnitTest

> Task :plugins:source:compileFullDebugKotlin
w: file:///C:/Users/craig/StudioProjects/AndroidAPS/AndroidAPSApril26/plugins/source/src/main/kotlin/app/aaps/plugins/source/EversensePlugin.kt:486:35 The corresponding parameter in the supertype 'EversenseScanCallback' is named 'var0'. This may cause problems when calling this function with named arguments.
w: file:///C:/Users/craig/StudioProjects/AndroidAPS/AndroidAPSApril26/plugins/source/src/main/kotlin/app/aaps/plugins/source/activities/EversenseStatusActivity.kt:116:35 The corresponding parameter in the supertype 'EversenseScanCallback' is named 'var0'. This may cause problems when calling this function with named arguments.

> Task :pump:medtrum:kspFullDebugUnitTestKotlin
> Task :pump:eopatch:transformFullDebugUnitTestClassesWithAsm

> Task :plugins:sync:compileFullDebugUnitTestKotlin
w: file:///C:/Users/craig/StudioProjects/AndroidAPS/AndroidAPSApril26/plugins/sync/src/test/kotlin/app/aaps/plugins/sync/garmin/LoopHubTest.kt:227:13 'fun <reified R : Any> onGeneric(noinline methodCall: suspend EffectiveProfile.() -> R?): OngoingStubbing<R>' is deprecated. Use on { mock.methodCall() } instead.
w: file:///C:/Users/craig/StudioProjects/AndroidAPS/AndroidAPSApril26/plugins/sync/src/test/kotlin/app/aaps/plugins/sync/garmin/LoopHubTest.kt:290:13 'fun <reified R : Any> onGeneric(noinline methodCall: suspend Constraint<Int>.() -> R?): OngoingStubbing<R>' is deprecated. Use on { mock.methodCall() } instead.

> Task :pump:equil:testFullDebugUnitTest

> Task :pump:danar:testFullDebugUnitTest

MsgBolusProgressTest > runTest() STANDARD_OUT
    DEBUG: : PUMPCOMM New message
    DEBUG: : PUMPCOMM Delivered insulin so far: 1.0

MsgHistoryAlarmTest > runTest() STARTED

MsgHistoryAlarmTest > runTest() STANDARD_OUT
    DEBUG: : PUMPCOMM New message
    DEBUG: : PUMPCOMM New message

MsgHistoryDailyInsulinTest > runTest() STARTED

MsgHistoryDailyInsulinTest > runTest() STANDARD_OUT
    DEBUG: : PUMPCOMM New message
    DEBUG: : PUMPCOMM New message

MsgHistoryRefillTest > runTest() STARTED

MsgHistoryRefillTest > runTest() STANDARD_OUT
    DEBUG: : PUMPCOMM New message
    DEBUG: : PUMPCOMM New message

MsgPCCommStartTest > runTest() STARTED

MsgPCCommStartTest > runTest() STANDARD_OUT
    DEBUG: : PUMPCOMM New message
    DEBUG: : PUMPCOMM PC comm start received

MsgSetExtendedBolusStopTest > runTest() STARTED

MsgSetExtendedBolusStopTest > runTest() STANDARD_OUT
    DEBUG: : PUMPBTCOMM New message
    DEBUG: : PUMPBTCOMM Set extended bolus stop result: 7 ERROR!!!

MsgSettingBasalProfileAllTest > runTest() STARTED

MsgSettingBasalProfileAllTest > runTest() STANDARD_OUT
    DEBUG: : PUMPCOMM New message
    DEBUG: : PUMPCOMM position 1 index 0
    DEBUG: : PUMPCOMM position 1 index 1
    DEBUG: : PUMPCOMM position 1 index 2
    DEBUG: : PUMPCOMM position 1 index 3
    DEBUG: : PUMPCOMM position 1 index 4
    DEBUG: : PUMPCOMM position 1 index 5
    DEBUG: : PUMPCOMM position 1 index 6
    DEBUG: : PUMPCOMM position 1 index 7
    DEBUG: : PUMPCOMM position 1 index 8
    DEBUG: : PUMPCOMM position 1 index 9
    DEBUG: : PUMPCOMM position 1 index 10
    DEBUG: : PUMPCOMM position 1 index 11
    DEBUG: : PUMPCOMM position 1 index 12
    DEBUG: : PUMPCOMM position 1 index 13
    DEBUG: : PUMPCOMM position 1 index 14
    DEBUG: : PUMPCOMM position 1 index 15
    DEBUG: : PUMPCOMM position 1 index 16
    DEBUG: : PUMPCOMM position 1 index 17
    DEBUG: : PUMPCOMM position 1 index 18
    DEBUG: : PUMPCOMM position 1 index 19
    DEBUG: : PUMPCOMM position 1 index 20
    DEBUG: : PUMPCOMM position 1 index 21
    DEBUG: : PUMPCOMM position 1 index 22
    DEBUG: : PUMPCOMM position 1 index 23
    DEBUG: : PUMPCOMM position 1 index 0
    DEBUG: : PUMPCOMM position 1 index 1
    DEBUG: : PUMPCOMM position 1 index 2
    DEBUG: : PUMPCOMM position 1 index 3
    DEBUG: : PUMPCOMM position 1 index 4
    DEBUG: : PUMPCOMM position 1 index 5
    DEBUG: : PUMPCOMM position 1 index 6
    DEBUG: : PUMPCOMM position 1 index 7
    DEBUG: : PUMPCOMM position 1 index 8
    DEBUG: : PUMPCOMM position 1 index 9
    DEBUG: : PUMPCOMM position 1 index 10
    DEBUG: : PUMPCOMM position 1 index 11
    DEBUG: : PUMPCOMM position 1 index 12
    DEBUG: : PUMPCOMM position 1 index 13
    DEBUG: : PUMPCOMM position 1 index 14
    DEBUG: : PUMPCOMM position 1 index 15
    DEBUG: : PUMPCOMM position 1 index 16
    DEBUG: : PUMPCOMM position 1 index 17
    DEBUG: : PUMPCOMM position 1 index 18
    DEBUG: : PUMPCOMM position 1 index 19
    DEBUG: : PUMPCOMM position 1 index 20
    DEBUG: : PUMPCOMM position 1 index 21
    DEBUG: : PUMPCOMM position 1 index 22
    DEBUG: : PUMPCOMM position 1 index 23
    DEBUG: : PUMPCOMM position 1 index 0
    DEBUG: : PUMPCOMM position 1 index 1
    DEBUG: : PUMPCOMM position 1 index 2
    DEBUG: : PUMPCOMM position 1 index 3
    DEBUG: : PUMPCOMM position 1 index 4
    DEBUG: : PUMPCOMM position 1 index 5
    DEBUG: : PUMPCOMM position 1 index 6
    DEBUG: : PUMPCOMM position 1 index 7
    DEBUG: : PUMPCOMM position 1 index 8
    DEBUG: : PUMPCOMM position 1 index 9
    DEBUG: : PUMPCOMM position 1 index 10
    DEBUG: : PUMPCOMM position 1 index 11
    DEBUG: : PUMPCOMM position 1 index 12
    DEBUG: : PUMPCOMM position 1 index 13
    DEBUG: : PUMPCOMM position 1 index 14
    DEBUG: : PUMPCOMM position 1 index 15
    DEBUG: : PUMPCOMM position 1 index 16
    DEBUG: : PUMPCOMM position 1 index 17
    DEBUG: : PUMPCOMM position 1 index 18
    DEBUG: : PUMPCOMM position 1 index 19
    DEBUG: : PUMPCOMM position 1 index 20
    DEBUG: : PUMPCOMM position 1 index 21
    DEBUG: : PUMPCOMM position 1 index 22
    DEBUG: : PUMPCOMM position 1 index 23
    DEBUG: : PUMPCOMM position 1 index 0
    DEBUG: : PUMPCOMM position 1 index 1
    DEBUG: : PUMPCOMM position 1 index 2
    DEBUG: : PUMPCOMM position 1 index 3
    DEBUG: : PUMPCOMM position 1 index 4
    DEBUG: : PUMPCOMM position 1 index 5
    DEBUG: : PUMPCOMM position 1 index 6
    DEBUG: : PUMPCOMM position 1 index 7
    DEBUG: : PUMPCOMM position 1 index 8
    DEBUG: : PUMPCOMM position 1 index 9
    DEBUG: : PUMPCOMM position 1 index 10
    DEBUG: : PUMPCOMM position 1 index 11
    DEBUG: : PUMPCOMM position 1 index 12
    DEBUG: : PUMPCOMM position 1 index 13
    DEBUG: : PUMPCOMM position 1 index 14
    DEBUG: : PUMPCOMM position 1 index 15
    DEBUG: : PUMPCOMM position 1 index 16
    DEBUG: : PUMPCOMM position 1 index 17
    DEBUG: : PUMPCOMM position 1 index 18
    DEBUG: : PUMPCOMM position 1 index 19
    DEBUG: : PUMPCOMM position 1 index 20
    DEBUG: : PUMPCOMM position 1 index 21
    DEBUG: : PUMPCOMM position 1 index 22
    DEBUG: : PUMPCOMM position 1 index 23
    DEBUG: : PUMPCOMM Basal profile 0: 00:00 : 0.0
    DEBUG: : PUMPCOMM Basal profile 0: 00:30 : 0.0
    DEBUG: : PUMPCOMM Basal profile 0: 01:00 : 0.0
    DEBUG: : PUMPCOMM Basal profile 0: 01:30 : 0.0
    DEBUG: : PUMPCOMM Basal profile 0: 02:00 : 0.0
    DEBUG: : PUMPCOMM Basal profile 0: 02:30 : 0.0
    DEBUG: : PUMPCOMM Basal profile 0: 03:00 : 0.0
    DEBUG: : PUMPCOMM Basal profile 0: 03:30 : 0.0
    DEBUG: : PUMPCOMM Basal profile 0: 04:00 : 0.0
    DEBUG: : PUMPCOMM Basal profile 0: 04:30 : 0.0
    DEBUG: : PUMPCOMM Basal profile 0: 05:00 : 0.0
    DEBUG: : PUMPCOMM Basal profile 0: 05:30 : 0.0
    DEBUG: : PUMPCOMM Basal profile 0: 06:00 : 0.0
    DEBUG: : PUMPCOMM Basal profile 0: 06:30 : 0.0
    DEBUG: : PUMPCOMM Basal profile 0: 07:00 : 0.0
    DEBUG: : PUMPCOMM Basal profile 0: 07:30 : 0.0
    DEBUG: : PUMPCOMM Basal profile 0: 08:00 : 0.0
    DEBUG: : PUMPCOMM Basal profile 0: 08:30 : 0.0
    DEBUG: : PUMPCOMM Basal profile 0: 09:00 : 0.0
    DEBUG: : PUMPCOMM Basal profile 0: 09:30 : 0.0
    DEBUG: : PUMPCOMM Basal profile 0: 10:00 : 0.0
    DEBUG: : PUMPCOMM Basal profile 0: 10:30 : 0.0
    DEBUG: : PUMPCOMM Basal profile 0: 11:00 : 0.0
    DEBUG: : PUMPCOMM Basal profile 0: 11:30 : 0.0
    DEBUG: : PUMPCOMM Basal profile 1: 00:00 : 2.57
    DEBUG: : PUMPCOMM Basal profile 1: 00:30 : 2.57
    DEBUG: : PUMPCOMM Basal profile 1: 01:00 : 2.57
    DEBUG: : PUMPCOMM Basal profile 1: 01:30 : 2.57
    DEBUG: : PUMPCOMM Basal profile 1: 02:00 : 2.57
    DEBUG: : PUMPCOMM Basal profile 1: 02:30 : 2.57
    DEBUG: : PUMPCOMM Basal profile 1: 03:00 : 2.57
    DEBUG: : PUMPCOMM Basal profile 1: 03:30 : 2.57
    DEBUG: : PUMPCOMM Basal profile 1: 04:00 : 2.57
    DEBUG: : PUMPCOMM Basal profile 1: 04:30 : 2.57
    DEBUG: : PUMPCOMM Basal profile 1: 05:00 : 2.57
    DEBUG: : PUMPCOMM Basal profile 1: 05:30 : 2.57
    DEBUG: : PUMPCOMM Basal profile 1: 06:00 : 2.57
    DEBUG: : PUMPCOMM Basal profile 1: 06:30 : 2.57
    DEBUG: : PUMPCOMM Basal profile 1: 07:00 : 2.57
    DEBUG: : PUMPCOMM Basal profile 1: 07:30 : 2.57
    DEBUG: : PUMPCOMM Basal profile 1: 08:00 : 2.57
    DEBUG: : PUMPCOMM Basal profile 1: 08:30 : 2.57
    DEBUG: : PUMPCOMM Basal profile 1: 09:00 : 2.57
    DEBUG: : PUMPCOMM Basal profile 1: 09:30 : 2.57
    DEBUG: : PUMPCOMM Basal profile 1: 10:00 : 2.57
    DEBUG: : PUMPCOMM Basal profile 1: 10:30 : 2.57
    DEBUG: : PUMPCOMM Basal profile 1: 11:00 : 2.57
    DEBUG: : PUMPCOMM Basal profile 1: 11:30 : 2.57
    DEBUG: : PUMPCOMM Basal profile 2: 00:00 : 0.0
    DEBUG: : PUMPCOMM Basal profile 2: 00:30 : 0.0
    DEBUG: : PUMPCOMM Basal profile 2: 01:00 : 0.0
    DEBUG: : PUMPCOMM Basal profile 2: 01:30 : 0.0
    DEBUG: : PUMPCOMM Basal profile 2: 02:00 : 0.0
    DEBUG: : PUMPCOMM Basal profile 2: 02:30 : 0.0
    DEBUG: : PUMPCOMM Basal profile 2: 03:00 : 0.0
    DEBUG: : PUMPCOMM Basal profile 2: 03:30 : 0.0
    DEBUG: : PUMPCOMM Basal profile 2: 04:00 : 0.0
    DEBUG: : PUMPCOMM Basal profile 2: 04:30 : 0.0
    DEBUG: : PUMPCOMM Basal profile 2: 05:00 : 0.0
    DEBUG: : PUMPCOMM Basal profile 2: 05:30 : 0.0
    DEBUG: : PUMPCOMM Basal profile 2: 06:00 : 0.0
    DEBUG: : PUMPCOMM Basal profile 2: 06:30 : 0.0
    DEBUG: : PUMPCOMM Basal profile 2: 07:00 : 0.0
    DEBUG: : PUMPCOMM Basal profile 2: 07:30 : 0.0
    DEBUG: : PUMPCOMM Basal profile 2: 08:00 : 0.0
    DEBUG: : PUMPCOMM Basal profile 2: 08:30 : 0.0
    DEBUG: : PUMPCOMM Basal profile 2: 09:00 : 0.0
    DEBUG: : PUMPCOMM Basal profile 2: 09:30 : 0.0
    DEBUG: : PUMPCOMM Basal profile 2: 10:00 : 0.0
    DEBUG: : PUMPCOMM Basal profile 2: 10:30 : 0.0
    DEBUG: : PUMPCOMM Basal profile 2: 11:00 : 0.0
    DEBUG: : PUMPCOMM Basal profile 2: 11:30 : 0.0
    DEBUG: : PUMPCOMM Basal profile 3: 00:00 : 0.0
    DEBUG: : PUMPCOMM Basal profile 3: 00:30 : 0.0
    DEBUG: : PUMPCOMM Basal profile 3: 01:00 : 0.0
    DEBUG: : PUMPCOMM Basal profile 3: 01:30 : 0.0
    DEBUG: : PUMPCOMM Basal profile 3: 02:00 : 0.0
    DEBUG: : PUMPCOMM Basal profile 3: 02:30 : 0.0
    DEBUG: : PUMPCOMM Basal profile 3: 03:00 : 0.0
    DEBUG: : PUMPCOMM Basal profile 3: 03:30 : 0.0
    DEBUG: : PUMPCOMM Basal profile 3: 04:00 : 0.0
    DEBUG: : PUMPCOMM Basal profile 3: 04:30 : 0.0
    DEBUG: : PUMPCOMM Basal profile 3: 05:00 : 0.0
    DEBUG: : PUMPCOMM Basal profile 3: 05:30 : 0.0
    DEBUG: : PUMPCOMM Basal profile 3: 06:00 : 0.0
    DEBUG: : PUMPCOMM Basal profile 3: 06:30 : 0.0
    DEBUG: : PUMPCOMM Basal profile 3: 07:00 : 0.0
    DEBUG: : PUMPCOMM Basal profile 3: 07:30 : 0.0
    DEBUG: : PUMPCOMM Basal profile 3: 08:00 : 0.0
    DEBUG: : PUMPCOMM Basal profile 3: 08:30 : 0.0
    DEBUG: : PUMPCOMM Basal profile 3: 09:00 : 0.0
    DEBUG: : PUMPCOMM Basal profile 3: 09:30 : 0.0
    DEBUG: : PUMPCOMM Basal profile 3: 10:00 : 0.0
    DEBUG: : PUMPCOMM Basal profile 3: 10:30 : 0.0
    DEBUG: : PUMPCOMM Basal profile 3: 11:00 : 0.0
    DEBUG: : PUMPCOMM Basal profile 3: 11:30 : 0.0

MsgSettingProfileRatiosTest > runTest() STARTED

MsgSettingProfileRatiosTest > runTest() STANDARD_OUT
    DEBUG: : PUMPCOMM New message
    DEBUG: : PUMPCOMM Pump units (saved): MGDL
    DEBUG: : PUMPCOMM Current pump CIR: 1799
    DEBUG: : PUMPCOMM Current pump CF: 1799.0
    DEBUG: : PUMPCOMM Current pump AI: 17.99
    DEBUG: : PUMPCOMM Current pump target: 1799.0
    DEBUG: : PUMPCOMM Current pump AIDR: 7

MsgStatusProfileTest > runTest() STARTED

MsgStatusProfileTest > runTest() STANDARD_OUT
    DEBUG: : PUMPCOMM New message
    DEBUG: : PUMPCOMM Pump units (saved): MGDL
    DEBUG: : PUMPCOMM Current pump CIR: 1799
    DEBUG: : PUMPCOMM Current pump CF: 1799.0
    DEBUG: : PUMPCOMM Current pump AI: 17.99
    DEBUG: : PUMPCOMM Current pump target: 1799.0
    DEBUG: : PUMPCOMM Current pump AIDR: 0

DanaRExecutionServiceTest > testHighTempBasal() STARTED

DanaRExecutionServiceTest > testExtendedBolusStop_notConnected() STARTED

DanaRExecutionServiceTest > testTempBasal_notConnected() STARTED

DanaRExecutionServiceTest > testExtendedBolus_notConnected() STARTED

DanaRExecutionServiceTest > testBolus_notConnected() STARTED

DanaRExecutionServiceTest > testTempBasalShortDuration() STARTED

DanaRExecutionServiceTest > testTempBasalStop_notConnected() STARTED

DanaRExecutionServiceTest > testSetUserOptions_notConnected() STARTED

DanaRExecutionServiceTest > testUpdateBasalsInPump_notConnected() STARTED

MsgCheckValueRv2Test > runTest() STARTED

MsgCheckValueRv2Test > runTest() STANDARD_OUT
    DEBUG: : PUMPCOMM New message
    DEBUG: : PUMPCOMM New firmware confirmed
    DEBUG: : PUMPCOMM Model: 03 
    DEBUG: : PUMPCOMM Protocol: 02 
    DEBUG: : PUMPCOMM Product Code: 03 

CRCTest > getCrc16Test() STARTED

> Task :pump:equil-emulator:testFullDebugUnitTest

EquilEmulatorTransportTest > discoverServices should trigger services discovered() STARTED

EquilEmulatorTransportTest > full 3-phase round trip through transport() STARTED

EquilEmulatorTransportTest > disconnect should work without error() STARTED

EquilEmulatorTransportTest > sending framed packets should produce response packets() STARTED

EquilEmulatorTransportTest > connect should trigger connection callback() STARTED

EquilEmulatorTransportTest > scanner should emit device() STARTED

EquilEmulatorTransportTest > enableNotifications should trigger descriptor written() STARTED

> Task :pump:medtronic:testFullDebugUnitTest

BasalProfileUTest > test basal profile from history format() STARTED

> Task :pump:danars-emulator:testFullDebugUnitTest

BLECommIntegrationTest > getBasalRate reads basal profile from emulator() STANDARD_OUT
    DEBUG: : PUMPBTCOMM Initializing BLEComm.
    DEBUG: : PUMPBTCOMM Trying to create a new connection from: test
    DEBUG: : PUMPBTCOMM onConnectionStateChange
    DEBUG: : PUMPBTCOMM onServicesDiscovered
    DEBUG: : PUMPBTCOMM >>>>> ENCRYPTION__PUMP_CHECK (0x00) A5 A5 0C E4  F2 C8 AD BA  AD D5 C2 AD  D7 A6 D4 0C  C6 5A 5A 
    DEBUG: : PUMPBTCOMM <<<<< ENCRYPTION__PUMP_CHECK (OK) 02 00 4F 4B  
    DEBUG: : PUMPBTCOMM Using stored pairing key: ABCD
    DEBUG: : PUMPBTCOMM >>>>> ENCRYPTION__CHECK_PASSKEY A5 A5 04 E4  22 42 5C 3B  B0 5A 5A 
    DEBUG: : PUMPBTCOMM <<<<< ENCRYPTION__CHECK_PASSKEY 02 D0 00 
    DEBUG: : PUMPBTCOMM >>>>> ENCRYPTION__TIME_INFORMATION A5 A5 02 E4  F3 94 75 5A  5A 
    DEBUG: : PUMPBTCOMM <<<<< ENCRYPTION__TIME_INFORMATION 02 01 1A 05  09 0B 3B 1C  87 0D 
    DEBUG: : PUMPBTCOMM Pump user password: 0000
    DEBUG: : EVENTS Sending EventPumpStatusChanged[error=,performingAction=,secondsElapsed=0,status=CONNECTED]
    DEBUG: : PUMPBTCOMM RS connected and status read
    DEBUG: : PUMPCOMM Requesting basal rates
    DEBUG: : PUMPBTCOMM >>>>> BASAL__GET_BASAL_RATE B2 67  
    DEBUG: : PUMPBTCOMM <<<<< BASAL__GET_BASAL_RATE B2 67 2C 01  01 32 00 3C  00 46 00 50  00 5A 00 64  00 6E 00 78  00 82 00 8C  00 96 00 A0  00 AA 00 B4  00 BE 00 C8  00 D2 00 DC  00 E5 00 F0  00 FA 00 04  01 0E 01 18  01 
    DEBUG: : PUMPCOMM Max basal: 3.0 U
    DEBUG: : PUMPCOMM Basal step: 0.01 U
    DEBUG: : PUMPCOMM Basal 00h: 0.5
    DEBUG: : PUMPCOMM Basal 01h: 0.6
    DEBUG: : PUMPCOMM Basal 02h: 0.7
    DEBUG: : PUMPCOMM Basal 03h: 0.8
    DEBUG: : PUMPCOMM Basal 04h: 0.9
    DEBUG: : PUMPCOMM Basal 05h: 1.0
    DEBUG: : PUMPCOMM Basal 06h: 1.1
    DEBUG: : PUMPCOMM Basal 07h: 1.2
    DEBUG: : PUMPCOMM Basal 08h: 1.3
    DEBUG: : PUMPCOMM Basal 09h: 1.4
    DEBUG: : PUMPCOMM Basal 10h: 1.5
    DEBUG: : PUMPCOMM Basal 11h: 1.6
    DEBUG: : PUMPCOMM Basal 12h: 1.7
    DEBUG: : PUMPCOMM Basal 13h: 1.8
    DEBUG: : PUMPCOMM Basal 14h: 1.9
    DEBUG: : PUMPCOMM Basal 15h: 2.0
    DEBUG: : PUMPCOMM Basal 16h: 2.1
    DEBUG: : PUMPCOMM Basal 17h: 2.2
    DEBUG: : PUMPCOMM Basal 18h: 2.29
    DEBUG: : PUMPCOMM Basal 19h: 2.4
    DEBUG: : PUMPCOMM Basal 20h: 2.5
    DEBUG: : PUMPCOMM Basal 21h: 2.6
    DEBUG: : PUMPCOMM Basal 22h: 2.7
    DEBUG: : PUMPCOMM Basal 23h: 2.8
    DEBUG: : PUMPBTCOMM handleMessage done BASAL__GET_BASAL_RATE setting received on thread Test worker
    DEBUG: : PUMPBTCOMM notifyAll BASAL__GET_BASAL_RATE processedMessage===message: true
    DEBUG: : PUMPBTCOMM already received BASAL__GET_BASAL_RATE (no wait needed)
    DEBUG: : PUMPBTCOMM disconnect from: test cleanup

BLECommIntegrationTest > getBolusStepInformation reads bolus settings() STARTED

BLECommIntegrationTest > getBolusStepInformation reads bolus settings() STANDARD_OUT
    DEBUG: : PUMPBTCOMM Initializing BLEComm.
    DEBUG: : PUMPBTCOMM Trying to create a new connection from: test
    DEBUG: : PUMPBTCOMM onConnectionStateChange
    DEBUG: : PUMPBTCOMM onServicesDiscovered
    DEBUG: : PUMPBTCOMM >>>>> ENCRYPTION__PUMP_CHECK (0x00) A5 A5 0C E4  F2 C8 AD BA  AD D5 C2 AD  D7 A6 D4 0C  C6 5A 5A 
    DEBUG: : PUMPBTCOMM <<<<< ENCRYPTION__PUMP_CHECK (OK) 02 00 4F 4B  
    DEBUG: : PUMPBTCOMM Using stored pairing key: ABCD
    DEBUG: : PUMPBTCOMM >>>>> ENCRYPTION__CHECK_PASSKEY A5 A5 04 E4  22 42 5C 3B  B0 5A 5A 
    DEBUG: : PUMPBTCOMM <<<<< ENCRYPTION__CHECK_PASSKEY 02 D0 00 
    DEBUG: : PUMPBTCOMM >>>>> ENCRYPTION__TIME_INFORMATION A5 A5 02 E4  F3 94 75 5A  5A 
    DEBUG: : PUMPBTCOMM <<<<< ENCRYPTION__TIME_INFORMATION 02 01 1A 05  09 0B 3B 1D  87 0D 
    DEBUG: : PUMPBTCOMM Pump user password: 0000
    DEBUG: : EVENTS Sending EventPumpStatusChanged[error=,performingAction=,secondsElapsed=0,status=CONNECTED]
    DEBUG: : PUMPBTCOMM RS connected and status read
    DEBUG: : PUMPCOMM New message
    DEBUG: : PUMPBTCOMM >>>>> BOLUS__GET_STEP_BOLUS_INFORMATION B2 40  
    DEBUG: : PUMPBTCOMM <<<<< BOLUS__GET_STEP_BOLUS_INFORMATION B2 40 00 00  00 00 14 00  5E 01 DC 05  05 
    DEBUG: : PUMPCOMM Result: 0
    DEBUG: : PUMPCOMM BolusType: 0
    DEBUG: : PUMPCOMM Initial bolus amount: 0.0 U
    DEBUG: : PUMPCOMM Last bolus time: null
    DEBUG: : PUMPCOMM Last bolus amount: 3.5
    DEBUG: : PUMPCOMM Max bolus: 15.0 U
    DEBUG: : PUMPCOMM Bolus step: 0.05 U
    DEBUG: : PUMPBTCOMM handleMessage done BOLUS__GET_STEP_BOLUS_INFORMATION setting received on thread Test worker
    DEBUG: : PUMPBTCOMM notifyAll BOLUS__GET_STEP_BOLUS_INFORMATION processedMessage===message: true
    DEBUG: : PUMPBTCOMM already received BOLUS__GET_STEP_BOLUS_INFORMATION (no wait needed)
    DEBUG: : PUMPBTCOMM disconnect from: test cleanup

BLECommIntegrationTest > keepConnection succeeds() STARTED

BLECommIntegrationTest > keepConnection succeeds() STANDARD_OUT
    DEBUG: : PUMPBTCOMM Initializing BLEComm.
    DEBUG: : PUMPBTCOMM Trying to create a new connection from: test
    DEBUG: : PUMPBTCOMM onConnectionStateChange
    DEBUG: : PUMPBTCOMM onServicesDiscovered
    DEBUG: : PUMPBTCOMM >>>>> ENCRYPTION__PUMP_CHECK (0x00) A5 A5 0C E4  F2 C8 AD BA  AD D5 C2 AD  D7 A6 D4 0C  C6 5A 5A 
    DEBUG: : PUMPBTCOMM <<<<< ENCRYPTION__PUMP_CHECK (OK) 02 00 4F 4B  
    DEBUG: : PUMPBTCOMM Using stored pairing key: ABCD
    DEBUG: : PUMPBTCOMM >>>>> ENCRYPTION__CHECK_PASSKEY A5 A5 04 E4  22 42 5C 3B  B0 5A 5A 
    DEBUG: : PUMPBTCOMM <<<<< ENCRYPTION__CHECK_PASSKEY 02 D0 00 
    DEBUG: : PUMPBTCOMM >>>>> ENCRYPTION__TIME_INFORMATION A5 A5 02 E4  F3 94 75 5A  5A 
    DEBUG: : PUMPBTCOMM <<<<< ENCRYPTION__TIME_INFORMATION 02 01 1A 05  09 0B 3B 20  87 0D 
    DEBUG: : PUMPBTCOMM Pump user password: 0000
    DEBUG: : EVENTS Sending EventPumpStatusChanged[error=,performingAction=,secondsElapsed=0,status=CONNECTED]
    DEBUG: : PUMPBTCOMM RS connected and status read
    DEBUG: : PUMPCOMM New message
    DEBUG: : PUMPBTCOMM >>>>> ETC__KEEP_CONNECTION B2 FF  
    DEBUG: : PUMPBTCOMM <<<<< ETC__KEEP_CONNECTION B2 FF 00 
    DEBUG: : PUMPCOMM Result OK
    DEBUG: : PUMPBTCOMM handleMessage done ETC__KEEP_CONNECTION setting received on thread Test worker
    DEBUG: : PUMPBTCOMM notifyAll ETC__KEEP_CONNECTION processedMessage===message: true
    DEBUG: : PUMPBTCOMM already received ETC__KEEP_CONNECTION (no wait needed)
    DEBUG: : PUMPBTCOMM disconnect from: test cleanup

BLECommIntegrationTest > setPumpUTCAndTimeZone sets time on emulator() STARTED

BLECommIntegrationTest > setPumpUTCAndTimeZone sets time on emulator() STANDARD_OUT
    DEBUG: : PUMPBTCOMM Initializing BLEComm.
    DEBUG: : PUMPBTCOMM Trying to create a new connection from: test
    DEBUG: : PUMPBTCOMM onConnectionStateChange
    DEBUG: : PUMPBTCOMM onServicesDiscovered
    DEBUG: : PUMPBTCOMM >>>>> ENCRYPTION__PUMP_CHECK (0x00) A5 A5 0C E4  F2 C8 AD BA  AD D5 C2 AD  D7 A6 D4 0C  C6 5A 5A 
    DEBUG: : PUMPBTCOMM <<<<< ENCRYPTION__PUMP_CHECK (OK) 02 00 4F 4B  
    DEBUG: : PUMPBTCOMM Using stored pairing key: ABCD
    DEBUG: : PUMPBTCOMM >>>>> ENCRYPTION__CHECK_PASSKEY A5 A5 04 E4  22 42 5C 3B  B0 5A 5A 
    DEBUG: : PUMPBTCOMM <<<<< ENCRYPTION__CHECK_PASSKEY 02 D0 00 
    DEBUG: : PUMPBTCOMM >>>>> ENCRYPTION__TIME_INFORMATION A5 A5 02 E4  F3 94 75 5A  5A 
    DEBUG: : PUMPBTCOMM <<<<< ENCRYPTION__TIME_INFORMATION 02 01 1A 05  09 0B 3B 21  87 0D 
    DEBUG: : PUMPBTCOMM Pump user password: 0000
    DEBUG: : EVENTS Sending EventPumpStatusChanged[error=,performingAction=,secondsElapsed=0,status=CONNECTED]
    DEBUG: : PUMPBTCOMM RS connected and status read
    DEBUG: : PUMPCOMM Setting UTC pump time null ZoneOffset: 0
    DEBUG: : PUMPBTCOMM >>>>> OPTION__SET_PUMP_UTC_AND_TIMEZONE B2 79  1A 05 09 0F  3B 21 02 
    DEBUG: : PUMPBTCOMM <<<<< OPTION__SET_PUMP_UTC_AND_TIMEZONE B2 79 00 
    DEBUG: : PUMPCOMM Result OK
    DEBUG: : PUMPBTCOMM handleMessage done OPTION__SET_PUMP_UTC_AND_TIMEZONE setting received on thread Test worker
    DEBUG: : PUMPBTCOMM notifyAll OPTION__SET_PUMP_UTC_AND_TIMEZONE processedMessage===message: true
    DEBUG: : PUMPBTCOMM already received OPTION__SET_PUMP_UTC_AND_TIMEZONE (no wait needed)
    DEBUG: : PUMPBTCOMM disconnect from: test cleanup

BLECommIntegrationTest > initialScreenInformation reads pump status() STARTED

BLECommIntegrationTest > initialScreenInformation reads pump status() STANDARD_OUT
    DEBUG: : PUMPBTCOMM Initializing BLEComm.
    DEBUG: : PUMPBTCOMM Trying to create a new connection from: test
    DEBUG: : PUMPBTCOMM onConnectionStateChange
    DEBUG: : PUMPBTCOMM onServicesDiscovered
    DEBUG: : PUMPBTCOMM >>>>> ENCRYPTION__PUMP_CHECK (0x00) A5 A5 0C E4  F2 C8 AD BA  AD D5 C2 AD  D7 A6 D4 0C  C6 5A 5A 
    DEBUG: : PUMPBTCOMM <<<<< ENCRYPTION__PUMP_CHECK (OK) 02 00 4F 4B  
    DEBUG: : PUMPBTCOMM Using stored pairing key: ABCD
    DEBUG: : PUMPBTCOMM >>>>> ENCRYPTION__CHECK_PASSKEY A5 A5 04 E4  22 42 5C 3B  B0 5A 5A 
    DEBUG: : PUMPBTCOMM <<<<< ENCRYPTION__CHECK_PASSKEY 02 D0 00 
    DEBUG: : PUMPBTCOMM >>>>> ENCRYPTION__TIME_INFORMATION A5 A5 02 E4  F3 94 75 5A  5A 
    DEBUG: : PUMPBTCOMM <<<<< ENCRYPTION__TIME_INFORMATION 02 01 1A 05  09 0B 3B 22  87 0D 
    DEBUG: : PUMPBTCOMM Pump user password: 0000
    DEBUG: : EVENTS Sending EventPumpStatusChanged[error=,performingAction=,secondsElapsed=0,status=CONNECTED]
    DEBUG: : PUMPBTCOMM RS connected and status read
    DEBUG: : PUMPCOMM New message
    DEBUG: : PUMPBTCOMM >>>>> REVIEW__INITIAL_SCREEN_INFORMATION B2 02  
    DEBUG: : PUMPBTCOMM <<<<< REVIEW__INITIAL_SCREEN_INFORMATION B2 02 00 D2  04 C4 09 39  30 55 00 00  4B 00 00 FA  00 00 00 
    DEBUG: : PUMPCOMM ErrorState: NONE
    DEBUG: : PUMPCOMM Pump suspended: false
    DEBUG: : PUMPCOMM Temp basal in progress: false
    DEBUG: : PUMPCOMM Extended in progress: false
    DEBUG: : PUMPCOMM Dual in progress: false
    DEBUG: : PUMPCOMM Daily units: 12.34
    DEBUG: : PUMPCOMM Max daily units: 25
    DEBUG: : PUMPCOMM Reservoir remaining units: 123.45
    DEBUG: : PUMPCOMM Battery: 75
    DEBUG: : PUMPCOMM Current basal: 0.85
    DEBUG: : PUMPCOMM Temp basal percent: 0
    DEBUG: : PUMPCOMM Extended absolute rate: 0.0
    DEBUG: : PUMPBTCOMM handleMessage done REVIEW__INITIAL_SCREEN_INFORMATION setting received on thread Test worker
    DEBUG: : PUMPBTCOMM notifyAll REVIEW__INITIAL_SCREEN_INFORMATION processedMessage===message: true
    DEBUG: : PUMPBTCOMM already received REVIEW__INITIAL_SCREEN_INFORMATION (no wait needed)
    DEBUG: : PUMPBTCOMM disconnect from: test cleanup

BLECommIntegrationTest > extendedBolusCancel clears emulator state() STARTED

BLECommIntegrationTest > extendedBolusCancel clears emulator state() STANDARD_OUT
    DEBUG: : PUMPBTCOMM Initializing BLEComm.
    DEBUG: : PUMPBTCOMM Trying to create a new connection from: test
    DEBUG: : PUMPBTCOMM onConnectionStateChange
    DEBUG: : PUMPBTCOMM onServicesDiscovered
    DEBUG: : PUMPBTCOMM >>>>> ENCRYPTION__PUMP_CHECK (0x00) A5 A5 0C E4  F2 C8 AD BA  AD D5 C2 AD  D7 A6 D4 0C  C6 5A 5A 
    DEBUG: : PUMPBTCOMM <<<<< ENCRYPTION__PUMP_CHECK (OK) 02 00 4F 4B  
    DEBUG: : PUMPBTCOMM Using stored pairing key: ABCD
    DEBUG: : PUMPBTCOMM >>>>> ENCRYPTION__CHECK_PASSKEY A5 A5 04 E4  22 42 5C 3B  B0 5A 5A 
    DEBUG: : PUMPBTCOMM <<<<< ENCRYPTION__CHECK_PASSKEY 02 D0 00 
    DEBUG: : PUMPBTCOMM >>>>> ENCRYPTION__TIME_INFORMATION A5 A5 02 E4  F3 94 75 5A  5A 
    DEBUG: : PUMPBTCOMM <<<<< ENCRYPTION__TIME_INFORMATION 02 01 1A 05  09 0B 3B 23  87 0D 
    DEBUG: : PUMPBTCOMM Pump user password: 0000
    DEBUG: : EVENTS Sending EventPumpStatusChanged[error=,performingAction=,secondsElapsed=0,status=CONNECTED]
    DEBUG: : PUMPBTCOMM RS connected and status read
    DEBUG: : PUMPCOMM Extended bolus start : 0.0 U half-hours: 0
    DEBUG: : PUMPBTCOMM >>>>> BOLUS__SET_EXTENDED_BOLUS B2 47  96 00 06 
    DEBUG: : PUMPBTCOMM <<<<< BOLUS__SET_EXTENDED_BOLUS B2 47 00 
    DEBUG: : PUMPCOMM Result OK
    DEBUG: : PUMPBTCOMM handleMessage done BOLUS__SET_EXTENDED_BOLUS setting received on thread Test worker
    DEBUG: : PUMPBTCOMM notifyAll BOLUS__SET_EXTENDED_BOLUS processedMessage===message: true
    DEBUG: : PUMPBTCOMM already received BOLUS__SET_EXTENDED_BOLUS (no wait needed)
    DEBUG: : PUMPCOMM Cancel extended bolus
    DEBUG: : PUMPBTCOMM >>>>> BOLUS__SET_EXTENDED_BOLUS_CANCEL B2 49  
    DEBUG: : PUMPBTCOMM <<<<< BOLUS__SET_EXTENDED_BOLUS_CANCEL B2 49 00 
    DEBUG: : PUMPCOMM Result OK
    DEBUG: : PUMPBTCOMM handleMessage done BOLUS__SET_EXTENDED_BOLUS_CANCEL setting received on thread Test worker
    DEBUG: : PUMPBTCOMM notifyAll BOLUS__SET_EXTENDED_BOLUS_CANCEL processedMessage===message: true
    DEBUG: : PUMPBTCOMM already received BOLUS__SET_EXTENDED_BOLUS_CANCEL (no wait needed)
    DEBUG: : PUMPBTCOMM disconnect from: test cleanup

BLECommIntegrationTest > extendedBolus reflected in initialScreenInformation() STARTED

BLECommIntegrationTest > extendedBolus reflected in initialScreenInformation() STANDARD_OUT
    DEBUG: : PUMPBTCOMM Initializing BLEComm.
    DEBUG: : PUMPBTCOMM Trying to create a new connection from: test
    DEBUG: : PUMPBTCOMM onConnectionStateChange
    DEBUG: : PUMPBTCOMM onServicesDiscovered
    DEBUG: : PUMPBTCOMM >>>>> ENCRYPTION__PUMP_CHECK (0x00) A5 A5 0C E4  F2 C8 AD BA  AD D5 C2 AD  D7 A6 D4 0C  C6 5A 5A 
    DEBUG: : PUMPBTCOMM <<<<< ENCRYPTION__PUMP_CHECK (OK) 02 00 4F 4B  
    DEBUG: : PUMPBTCOMM Using stored pairing key: ABCD
    DEBUG: : PUMPBTCOMM >>>>> ENCRYPTION__CHECK_PASSKEY A5 A5 04 E4  22 42 5C 3B  B0 5A 5A 
    DEBUG: : PUMPBTCOMM <<<<< ENCRYPTION__CHECK_PASSKEY 02 D0 00 
    DEBUG: : PUMPBTCOMM >>>>> ENCRYPTION__TIME_INFORMATION A5 A5 02 E4  F3 94 75 5A  5A 
    DEBUG: : PUMPBTCOMM <<<<< ENCRYPTION__TIME_INFORMATION 02 01 1A 05  09 0B 3B 23  87 0D 
    DEBUG: : PUMPBTCOMM Pump user password: 0000
    DEBUG: : EVENTS Sending EventPumpStatusChanged[error=,performingAction=,secondsElapsed=0,status=CONNECTED]
    DEBUG: : PUMPBTCOMM RS connected and status read
    DEBUG: : PUMPCOMM Extended bolus start : 0.0 U half-hours: 0
    DEBUG: : PUMPBTCOMM >>>>> BOLUS__SET_EXTENDED_BOLUS B2 47  64 00 02 
    DEBUG: : PUMPBTCOMM <<<<< BOLUS__SET_EXTENDED_BOLUS B2 47 00 
    DEBUG: : PUMPCOMM Result OK
    DEBUG: : PUMPBTCOMM handleMessage done BOLUS__SET_EXTENDED_BOLUS setting received on thread Test worker
    DEBUG: : PUMPBTCOMM notifyAll BOLUS__SET_EXTENDED_BOLUS processedMessage===message: true
    DEBUG: : PUMPBTCOMM already received BOLUS__SET_EXTENDED_BOLUS (no wait needed)
    DEBUG: : PUMPCOMM New message
    DEBUG: : PUMPBTCOMM >>>>> REVIEW__INITIAL_SCREEN_INFORMATION B2 02  
    DEBUG: : PUMPBTCOMM <<<<< REVIEW__INITIAL_SCREEN_INFORMATION B2 02 04 F4  01 C4 09 98  3A 64 00 00  50 64 00 00  00 00 00 
    DEBUG: : PUMPCOMM ErrorState: NONE
    DEBUG: : PUMPCOMM Pump suspended: false
    DEBUG: : PUMPCOMM Temp basal in progress: false
    DEBUG: : PUMPCOMM Extended in progress: true
    DEBUG: : PUMPCOMM Dual in progress: false
    DEBUG: : PUMPCOMM Daily units: 5.0
    DEBUG: : PUMPCOMM Max daily units: 25
    DEBUG: : PUMPCOMM Reservoir remaining units: 150.0
    DEBUG: : PUMPCOMM Battery: 80
    DEBUG: : PUMPCOMM Current basal: 1.0
    DEBUG: : PUMPCOMM Temp basal percent: 0
    DEBUG: : PUMPCOMM Extended absolute rate: 1.0
    DEBUG: : PUMPBTCOMM handleMessage done REVIEW__INITIAL_SCREEN_INFORMATION setting received on thread Test worker
    DEBUG: : PUMPBTCOMM notifyAll REVIEW__INITIAL_SCREEN_INFORMATION processedMessage===message: true
    DEBUG: : PUMPBTCOMM already received REVIEW__INITIAL_SCREEN_INFORMATION (no wait needed)
    DEBUG: : PUMPBTCOMM disconnect from: test cleanup

BLECommIntegrationTest > extendedBolus sets emulator state() STARTED

BLECommIntegrationTest > extendedBolus sets emulator state() STANDARD_OUT
    DEBUG: : PUMPBTCOMM Initializing BLEComm.
    DEBUG: : PUMPBTCOMM Trying to create a new connection from: test
    DEBUG: : PUMPBTCOMM onConnectionStateChange
    DEBUG: : PUMPBTCOMM onServicesDiscovered
    DEBUG: : PUMPBTCOMM >>>>> ENCRYPTION__PUMP_CHECK (0x00) A5 A5 0C E4  F2 C8 AD BA  AD D5 C2 AD  D7 A6 D4 0C  C6 5A 5A 
    DEBUG: : PUMPBTCOMM <<<<< ENCRYPTION__PUMP_CHECK (OK) 02 00 4F 4B  
    DEBUG: : PUMPBTCOMM Using stored pairing key: ABCD
    DEBUG: : PUMPBTCOMM >>>>> ENCRYPTION__CHECK_PASSKEY A5 A5 04 E4  22 42 5C 3B  B0 5A 5A 
    DEBUG: : PUMPBTCOMM <<<<< ENCRYPTION__CHECK_PASSKEY 02 D0 00 
    DEBUG: : PUMPBTCOMM >>>>> ENCRYPTION__TIME_INFORMATION A5 A5 02 E4  F3 94 75 5A  5A 
    DEBUG: : PUMPBTCOMM <<<<< ENCRYPTION__TIME_INFORMATION 02 01 1A 05  09 0B 3B 23  87 0D 
    DEBUG: : PUMPBTCOMM Pump user password: 0000
    DEBUG: : EVENTS Sending EventPumpStatusChanged[error=,performingAction=,secondsElapsed=0,status=CONNECTED]
    DEBUG: : PUMPBTCOMM RS connected and status read
    DEBUG: : PUMPCOMM Extended bolus start : 0.0 U half-hours: 0
    DEBUG: : PUMPBTCOMM >>>>> BOLUS__SET_EXTENDED_BOLUS B2 47  C8 00 04 
    DEBUG: : PUMPBTCOMM <<<<< BOLUS__SET_EXTENDED_BOLUS B2 47 00 
    DEBUG: : PUMPCOMM Result OK
    DEBUG: : PUMPBTCOMM handleMessage done BOLUS__SET_EXTENDED_BOLUS setting received on thread Test worker
    DEBUG: : PUMPBTCOMM notifyAll BOLUS__SET_EXTENDED_BOLUS processedMessage===message: true
    DEBUG: : PUMPBTCOMM already received BOLUS__SET_EXTENDED_BOLUS (no wait needed)
    DEBUG: : PUMPBTCOMM disconnect from: test cleanup

BLECommIntegrationTest > getPumpTime reads pump time() STARTED

BLECommIntegrationTest > getPumpTime reads pump time() STANDARD_OUT
    DEBUG: : PUMPBTCOMM Initializing BLEComm.
    DEBUG: : PUMPBTCOMM Trying to create a new connection from: test
    DEBUG: : PUMPBTCOMM onConnectionStateChange
    DEBUG: : PUMPBTCOMM onServicesDiscovered
    DEBUG: : PUMPBTCOMM >>>>> ENCRYPTION__PUMP_CHECK (0x00) A5 A5 0C E4  F2 C8 AD BA  AD D5 C2 AD  D7 A6 D4 0C  C6 5A 5A 
    DEBUG: : PUMPBTCOMM <<<<< ENCRYPTION__PUMP_CHECK (OK) 02 00 4F 4B  
    DEBUG: : PUMPBTCOMM Using stored pairing key: ABCD
    DEBUG: : PUMPBTCOMM >>>>> ENCRYPTION__CHECK_PASSKEY A5 A5 04 E4  22 42 5C 3B  B0 5A 5A 
    DEBUG: : PUMPBTCOMM <<<<< ENCRYPTION__CHECK_PASSKEY 02 D0 00 
    DEBUG: : PUMPBTCOMM >>>>> ENCRYPTION__TIME_INFORMATION A5 A5 02 E4  F3 94 75 5A  5A 
    DEBUG: : PUMPBTCOMM <<<<< ENCRYPTION__TIME_INFORMATION 02 01 1A 05  09 0B 3B 23  87 0D 
    DEBUG: : PUMPBTCOMM Pump user password: 0000
    DEBUG: : EVENTS Sending EventPumpStatusChanged[error=,performingAction=,secondsElapsed=0,status=CONNECTED]
    DEBUG: : PUMPBTCOMM RS connected and status read
    DEBUG: : PUMPCOMM Requesting pump time
    DEBUG: : PUMPBTCOMM >>>>> OPTION__GET_PUMP_TIME B2 70  
    DEBUG: : PUMPBTCOMM <<<<< OPTION__GET_PUMP_TIME B2 70 1A 05  09 0B 3B 23  
    DEBUG: : PUMPCOMM Pump time null
    DEBUG: : PUMPBTCOMM handleMessage done OPTION__GET_PUMP_TIME setting received on thread Test worker
    DEBUG: : PUMPBTCOMM notifyAll OPTION__GET_PUMP_TIME processedMessage===message: true
    DEBUG: : PUMPBTCOMM already received OPTION__GET_PUMP_TIME (no wait needed)
    DEBUG: : PUMPBTCOMM disconnect from: test cleanup

BLECommIntegrationTest > getShippingInformation reads serial number and country() STARTED

BLECommIntegrationTest > getShippingInformation reads serial number and country() STANDARD_OUT
    DEBUG: : PUMPBTCOMM Initializing BLEComm.
    DEBUG: : PUMPBTCOMM Trying to create a new connection from: test
    DEBUG: : PUMPBTCOMM onConnectionStateChange
    DEBUG: : PUMPBTCOMM onServicesDiscovered
    DEBUG: : PUMPBTCOMM >>>>> ENCRYPTION__PUMP_CHECK (0x00) A5 A5 0C E4  F2 C8 AD BA  AD D5 C2 AD  D7 A6 D4 0C  C6 5A 5A 
    DEBUG: : PUMPBTCOMM <<<<< ENCRYPTION__PUMP_CHECK (OK) 02 00 4F 4B  
    DEBUG: : PUMPBTCOMM Using stored pairing key: ABCD
    DEBUG: : PUMPBTCOMM >>>>> ENCRYPTION__CHECK_PASSKEY A5 A5 04 E4  22 42 5C 3B  B0 5A 5A 
    DEBUG: : PUMPBTCOMM <<<<< ENCRYPTION__CHECK_PASSKEY 02 D0 00 
    DEBUG: : PUMPBTCOMM >>>>> ENCRYPTION__TIME_INFORMATION A5 A5 02 E4  F3 94 75 5A  5A 
    DEBUG: : PUMPBTCOMM <<<<< ENCRYPTION__TIME_INFORMATION 02 01 1A 05  09 0B 3B 23  87 0D 
    DEBUG: : PUMPBTCOMM Pump user password: 0000
    DEBUG: : EVENTS Sending EventPumpStatusChanged[error=,performingAction=,secondsElapsed=0,status=CONNECTED]
    DEBUG: : PUMPBTCOMM RS connected and status read
    DEBUG: : PUMPCOMM New message
    DEBUG: : PUMPBTCOMM >>>>> REVIEW__GET_SHIPPING_INFORMATION B2 20  
    DEBUG: : PUMPBTCOMM <<<<< REVIEW__GET_SHIPPING_INFORMATION B2 20 41 41  41 31 32 33  34 35 42 42  49 4E 54 18  01 01 00 00  
    DEBUG: : PUMPCOMM Serial number: AAA12345BB
    DEBUG: : PUMPCOMM Shipping date: null
    DEBUG: : PUMPCOMM Shipping country: INT
    DEBUG: : PUMPBTCOMM handleMessage done REVIEW__GET_SHIPPING_INFORMATION setting received on thread Test worker
    DEBUG: : PUMPBTCOMM notifyAll REVIEW__GET_SHIPPING_INFORMATION processedMessage===message: true
    DEBUG: : PUMPBTCOMM already received REVIEW__GET_SHIPPING_INFORMATION (no wait needed)
    DEBUG: : PUMPBTCOMM disconnect from: test cleanup

BLECommIntegrationTest > multiple commands work in sequence after handshake() STARTED

> Task :pump:rileylink:kspFullDebugUnitTestKotlin

> Task :pump:diaconn:testFullDebugUnitTest

AppCancelSettingResponsePacketTest > handleMessageShouldFailOnDefectivePacket() STARTED

DiaconnG8PluginTest > isInitializedShouldReturnTrueWhenPumpIsConnected() STANDARD_OUT
    DEBUG: : PUMP Diaconn G8 Pump reset

DiaconnG8PluginTest > extendedBolusAmountShouldBeLimited() STARTED

DiaconnG8PluginTest > extendedBolusAmountShouldBeLimited() STANDARD_OUT
    DEBUG: : CORE Starting: null
    DEBUG: : PUMP Diaconn G8 Pump reset
    DEBUG: : CONSTRAINTS Setting because of smaller value 1.7976931348623157E308 -> 5.0 (Limiting bolus to 5.0 U because of pump limit)[DiaconnG8]
    DEBUG: : CONSTRAINTS Limiting original value: 1.7976931348623157E308 to 5.0. Reason: DiaconnG8: Limiting bolus to 5.0 U because of pump limit

DiaconnG8PluginTest > percentBasalRateShouldBeLimited() STARTED

DiaconnG8PluginTest > percentBasalRateShouldBeLimited() STANDARD_OUT
    DEBUG: : CORE Starting: null
    DEBUG: : PUMP Diaconn G8 Pump reset
    DEBUG: : CONSTRAINTS Setting because of smaller value 2147483647 -> 200 (Limiting max percent rate to 200% because of pump limit)[DiaconnG8]
    DEBUG: : CONSTRAINTS Limiting original value: 2147483647 to 200. Reason: DiaconnG8: Limiting max percent rate to 200% because of pump limit
    DEBUG: : CONSTRAINTS Limiting original value: 2147483647 to 200. Reason: DiaconnG8: Limiting max percent rate to 200% because of pump limit

DiaconnG8PluginTest > isInitializedShouldReturnFalseWhenNotConnected() STARTED

DiaconnG8PluginTest > bolusAmountShouldBeLimited() STARTED

DiaconnG8PluginTest > bolusAmountShouldBeLimited() STANDARD_OUT
    DEBUG: : CORE Starting: null
    DEBUG: : PUMP Diaconn G8 Pump reset
    DEBUG: : CONSTRAINTS Setting because of smaller value 1.7976931348623157E308 -> 5.0 (Limiting bolus to 5.0 U because of pump limit)[DiaconnG8]
    DEBUG: : CONSTRAINTS Limiting original value: 1.7976931348623157E308 to 5.0. Reason: DiaconnG8: Limiting bolus to 5.0 U because of pump limit
    DEBUG: : CONSTRAINTS Limiting original value: 1.7976931348623157E308 to 5.0. Reason: DiaconnG8: Limiting bolus to 5.0 U because of pump limit

DiaconnG8PluginTest > basalRateShouldBeLimited() STARTED

DiaconnG8PluginTest > basalRateShouldBeLimited() STANDARD_OUT
    DEBUG: : CORE Starting: null
    DEBUG: : PUMP Diaconn G8 Pump reset
    DEBUG: : CONSTRAINTS Setting because of smaller value 1.7976931348623157E308 -> 0.8 (Limiting max basal rate to 0.80 U/h because of pump limit)[DiaconnG8]
    DEBUG: : CONSTRAINTS Limiting original value: 1.7976931348623157E308 to 0.8. Reason: DiaconnG8: Limiting max basal rate to 0.80 U/h because of pump limit
    DEBUG: : CONSTRAINTS Limiting original value: 1.7976931348623157E308 to 0.8. Reason: DiaconnG8: Limiting max basal rate to 0.80 U/h because of pump limit

DiaconnG8PluginTest > percentBasalRateShouldBePositive() STARTED

DiaconnG8PluginTest > percentBasalRateShouldBePositive() STANDARD_OUT
    DEBUG: : CORE Starting: null
    DEBUG: : PUMP Diaconn G8 Pump reset
    DEBUG: : CONSTRAINTS Setting because of greater value -10 -> 0 (Limiting max percent rate to 0% because of it must be positive value)[DiaconnG8]
    DEBUG: : CONSTRAINTS Limiting original value: -10 to 0. Reason: DiaconnG8: Limiting max percent rate to 0% because of it must be positive value

BasalLimitInquirePacketTest > encodeShouldGenerateValidPacket() STARTED

BasalLimitInquirePacketTest > encodeShouldGenerateValidPacket() STANDARD_OUT
    DEBUG: : PUMPCOMM BasalLimitInquirePacket init

BasalLimitInquirePacketTest > friendlyNameShouldBeCorrect() STARTED

BasalLimitInquirePacketTest > friendlyNameShouldBeCorrect() STANDARD_OUT
    DEBUG: : PUMPCOMM BasalLimitInquirePacket init

BasalSettingReportPacketTest > handleMessageShouldFailOnDefectivePacket() STARTED

BasalSettingReportPacketTest > handleMessageShouldFailOnDefectivePacket() STANDARD_OUT
    DEBUG: : PUMPCOMM BasalSettingReportPacket init 
    DEBUG: : PUMPCOMM BasalSettingReportPacket Got some Error

BasalSettingReportPacketTest > msgTypeShouldBeCorrect() STARTED

BasalSettingReportPacketTest > msgTypeShouldBeCorrect() STANDARD_OUT
    DEBUG: : PUMPCOMM BasalSettingReportPacket init 

BasalSettingReportPacketTest > handleMessageShouldHandleSuccessResult() STARTED

BasalSettingReportPacketTest > handleMessageShouldHandleSuccessResult() STANDARD_OUT
    DEBUG: : PUMPCOMM BasalSettingReportPacket init 
    DEBUG: : PUMPCOMM Result --> 1

BasalSettingReportPacketTest > friendlyNameShouldBeCorrect() STARTED

BasalSettingReportPacketTest > friendlyNameShouldBeCorrect() STANDARD_OUT
    DEBUG: : PUMPCOMM BasalSettingReportPacket init 

BasalSettingReportPacketTest > handleMessageShouldHandleFailureResult() STARTED

BasalSettingReportPacketTest > handleMessageShouldHandleFailureResult() STANDARD_OUT
    DEBUG: : PUMPCOMM BasalSettingReportPacket init 
    DEBUG: : PUMPCOMM Result --> 0

BasalSettingReportPacketTest > handleMessageShouldProcessValidReport() STARTED

BasalSettingReportPacketTest > handleMessageShouldProcessValidReport() STANDARD_OUT
    DEBUG: : PUMPCOMM BasalSettingReportPacket init 
    DEBUG: : PUMPCOMM Result --> 1

BigLogInquireResponsePacketTest > handleMessageShouldHandleZeroResult() STARTED

BigLogInquireResponsePacketTest > handleMessageShouldHandleZeroResult() STANDARD_OUT
    DEBUG: : PUMPCOMM BigLogInquireResponsePacket init
    ERROR: PUMPCOMM System error.

BigLogInquireResponsePacketTest > handleMessageShouldFailOnDefectivePacket() STARTED

BigLogInquireResponsePacketTest > handleMessageShouldFailOnDefectivePacket() STANDARD_OUT
    DEBUG: : PUMPCOMM BigLogInquireResponsePacket init
    DEBUG: : PUMPCOMM BigLogInquireResponsePacket Got some Error

BigLogInquireResponsePacketTest > handleMessageShouldProcessValidResponse() STARTED

BigLogInquireResponsePacketTest > handleMessageShouldProcessValidResponse() STANDARD_OUT
    DEBUG: : PUMPCOMM BigLogInquireResponsePacket init

BigLogInquireResponsePacketTest > handleMessageShouldFailOnParameterError() STARTED

BigLogInquireResponsePacketTest > handleMessageShouldFailOnParameterError() STANDARD_OUT
    DEBUG: : PUMPCOMM BigLogInquireResponsePacket init
    ERROR: PUMPCOMM Parameter error.

BigLogInquireResponsePacketTest > handleMessageShouldHandleMaxResult() STARTED

BigLogInquireResponsePacketTest > handleMessageShouldHandleMaxResult() STANDARD_OUT
    DEBUG: : PUMPCOMM BigLogInquireResponsePacket init
    ERROR: PUMPCOMM System error.

BigLogInquireResponsePacketTest > handleMessageShouldFailOnInvalidSopByte() STARTED

BigLogInquireResponsePacketTest > handleMessageShouldFailOnInvalidSopByte() STANDARD_OUT
    DEBUG: : PUMPCOMM BigLogInquireResponsePacket init
    DEBUG: : PUMPCOMM BigLogInquireResponsePacket Got some Error

BigLogInquireResponsePacketTest > handleMessageShouldFailOnInvalidCrc() STARTED

BigLogInquireResponsePacketTest > handleMessageShouldFailOnInvalidCrc() STANDARD_OUT
    DEBUG: : PUMPCOMM BigLogInquireResponsePacket init
    DEBUG: : PUMPCOMM BigLogInquireResponsePacket Got some Error

BigLogInquireResponsePacketTest > handleMessageShouldFailOnSystemError() STARTED

BigLogInquireResponsePacketTest > handleMessageShouldFailOnSystemError() STANDARD_OUT
    DEBUG: : PUMPCOMM BigLogInquireResponsePacket init
    ERROR: PUMPCOMM System error.

BigLogInquireResponsePacketTest > handleMessageShouldFailOnInvalidPacketSize() STARTED

BigLogInquireResponsePacketTest > handleMessageShouldFailOnInvalidPacketSize() STANDARD_OUT
    DEBUG: : PUMPCOMM BigLogInquireResponsePacket init
    DEBUG: : PUMPCOMM BigLogInquireResponsePacket Got some Error

BolusSpeedSettingReportPacketTest > handleMessageShouldFailOnDefectivePacket() STARTED

BolusSpeedSettingReportPacketTest > handleMessageShouldFailOnDefectivePacket() STANDARD_OUT
    DEBUG: : PUMPCOMM BolusSpeedSettingReportPacket init 
    DEBUG: : PUMPCOMM BolusSpeedSettingReportPacket Report Packet Got some Error

BolusSpeedSettingReportPacketTest > msgTypeShouldBeCorrect() STARTED

BolusSpeedSettingReportPacketTest > msgTypeShouldBeCorrect() STANDARD_OUT
    DEBUG: : PUMPCOMM BolusSpeedSettingReportPacket init 

BolusSpeedSettingReportPacketTest > handleMessageShouldHandleMinSpeed() STARTED

BolusSpeedSettingReportPacketTest > handleMessageShouldHandleMinSpeed() STANDARD_OUT
    DEBUG: : PUMPCOMM BolusSpeedSettingReportPacket init 
    DEBUG: : PUMPCOMM bolusSpeed   --> 1

BolusSpeedSettingReportPacketTest > friendlyNameShouldBeCorrect() STARTED

BolusSpeedSettingReportPacketTest > friendlyNameShouldBeCorrect() STANDARD_OUT
    DEBUG: : PUMPCOMM BolusSpeedSettingReportPacket init 

BolusSpeedSettingReportPacketTest > handleMessageShouldHandleAllSpeedLevels() STARTED

BolusSpeedSettingReportPacketTest > handleMessageShouldHandleAllSpeedLevels() STANDARD_OUT
    DEBUG: : PUMPCOMM BolusSpeedSettingReportPacket init 
    DEBUG: : PUMPCOMM bolusSpeed   --> 1
    DEBUG: : PUMPCOMM BolusSpeedSettingReportPacket init 
    DEBUG: : PUMPCOMM bolusSpeed   --> 2
    DEBUG: : PUMPCOMM BolusSpeedSettingReportPacket init 
    DEBUG: : PUMPCOMM bolusSpeed   --> 3
    DEBUG: : PUMPCOMM BolusSpeedSettingReportPacket init 
    DEBUG: : PUMPCOMM bolusSpeed   --> 4
    DEBUG: : PUMPCOMM BolusSpeedSettingReportPacket init 
    DEBUG: : PUMPCOMM bolusSpeed   --> 5
    DEBUG: : PUMPCOMM BolusSpeedSettingReportPacket init 
    DEBUG: : PUMPCOMM bolusSpeed   --> 6
    DEBUG: : PUMPCOMM BolusSpeedSettingReportPacket init 
    DEBUG: : PUMPCOMM bolusSpeed   --> 7
    DEBUG: : PUMPCOMM BolusSpeedSettingReportPacket init 
    DEBUG: : PUMPCOMM bolusSpeed   --> 8

BolusSpeedSettingReportPacketTest > handleMessageShouldHandleMaxSpeed() STARTED

BolusSpeedSettingReportPacketTest > handleMessageShouldHandleMaxSpeed() STANDARD_OUT
    DEBUG: : PUMPCOMM BolusSpeedSettingReportPacket init 
    DEBUG: : PUMPCOMM bolusSpeed   --> 8

BolusSpeedSettingReportPacketTest > handleMessageShouldProcessValidReport() STARTED

BolusSpeedSettingReportPacketTest > handleMessageShouldProcessValidReport() STANDARD_OUT
    DEBUG: : PUMPCOMM BolusSpeedSettingReportPacket init 
    DEBUG: : PUMPCOMM bolusSpeed   --> 5

DisplayTimeoutSettingPacketTest > encodeShouldHandle30SecTimeout() STARTED

DisplayTimeoutSettingPacketTest > encodeShouldHandle30SecTimeout() STANDARD_OUT
    DEBUG: : PUMPCOMM DisplayTimeoutSettingPacket init

DisplayTimeoutSettingPacketTest > encodeShouldHandle50SecTimeout() STARTED

DisplayTimeoutSettingPacketTest > encodeShouldHandle50SecTimeout() STANDARD_OUT
    DEBUG: : PUMPCOMM DisplayTimeoutSettingPacket init

DisplayTimeoutSettingPacketTest > msgTypeShouldBeCorrect() STARTED

DisplayTimeoutSettingPacketTest > msgTypeShouldBeCorrect() STANDARD_OUT
    DEBUG: : PUMPCOMM DisplayTimeoutSettingPacket init

DisplayTimeoutSettingPacketTest > friendlyNameShouldBeCorrect() STARTED

DisplayTimeoutSettingPacketTest > friendlyNameShouldBeCorrect() STANDARD_OUT
    DEBUG: : PUMPCOMM DisplayTimeoutSettingPacket init

DisplayTimeoutSettingPacketTest > encodeShouldGenerateValidPacketWithType() STARTED

DisplayTimeoutSettingPacketTest > encodeShouldGenerateValidPacketWithType() STANDARD_OUT
    DEBUG: : PUMPCOMM DisplayTimeoutSettingPacket init

InjectionBasalSettingResponsePacketTest > handleMessageShouldFailOnDefectivePacket() STARTED

InjectionBasalSettingResponsePacketTest > handleMessageShouldFailOnDefectivePacket() STANDARD_OUT
    DEBUG: : PUMPCOMM InjectionBasalSettingResponsePacket init 
    DEBUG: : PUMPCOMM InjectionBasalSettingResponsePacket Got some Error

InjectionBasalSettingResponsePacketTest > msgTypeShouldBeCorrect() STARTED

InjectionBasalSettingResponsePacketTest > msgTypeShouldBeCorrect() STANDARD_OUT
    DEBUG: : PUMPCOMM InjectionBasalSettingResponsePacket init 

InjectionBasalSettingResponsePacketTest > handleMessageShouldHandleLargeOtpNumber() STARTED

InjectionBasalSettingResponsePacketTest > handleMessageShouldHandleLargeOtpNumber() STANDARD_OUT
    DEBUG: : PUMPCOMM InjectionBasalSettingResponsePacket init 
    DEBUG: : PUMPCOMM Result --> 0
    DEBUG: : PUMPCOMM otpNumber --> 999999

InjectionBasalSettingResponsePacketTest > friendlyNameShouldBeCorrect() STARTED

InjectionBasalSettingResponsePacketTest > friendlyNameShouldBeCorrect() STANDARD_OUT
    DEBUG: : PUMPCOMM InjectionBasalSettingResponsePacket init 

InjectionBasalSettingResponsePacketTest > handleMessageShouldFailOnInvalidResult() STARTED

InjectionBasalSettingResponsePacketTest > handleMessageShouldFailOnInvalidResult() STANDARD_OUT
    DEBUG: : PUMPCOMM InjectionBasalSettingResponsePacket init 
    ERROR: PUMPCOMM Packet CRC error

InjectionBasalSettingResponsePacketTest > handleMessageShouldHandleZeroOtpNumber() STARTED

InjectionBasalSettingResponsePacketTest > handleMessageShouldHandleZeroOtpNumber() STANDARD_OUT
    DEBUG: : PUMPCOMM InjectionBasalSettingResponsePacket init 
    DEBUG: : PUMPCOMM Result --> 0
    DEBUG: : PUMPCOMM otpNumber --> 0

InjectionBasalSettingResponsePacketTest > handleMessageShouldParseOtpNumber() STARTED

InjectionBasalSettingResponsePacketTest > handleMessageShouldParseOtpNumber() STANDARD_OUT
    DEBUG: : PUMPCOMM InjectionBasalSettingResponsePacket init 
    DEBUG: : PUMPCOMM Result --> 0
    DEBUG: : PUMPCOMM otpNumber --> 123456

InjectionExtendedBolusSettingResponsePacketTest > handleMessageShouldFailOnDefectivePacket() STARTED

InjectionExtendedBolusSettingResponsePacketTest > handleMessageShouldFailOnDefectivePacket() STANDARD_OUT
    DEBUG: : PUMPCOMM InjectionExtendedBolusSettingResponsePacket init 
    DEBUG: : PUMPCOMM InjectionExtendedBolusSettingResponsePacket Got some Error

InjectionExtendedBolusSettingResponsePacketTest > msgTypeShouldBeCorrect() STARTED

InjectionExtendedBolusSettingResponsePacketTest > msgTypeShouldBeCorrect() STANDARD_OUT
    DEBUG: : PUMPCOMM InjectionExtendedBolusSettingResponsePacket init 

InjectionExtendedBolusSettingResponsePacketTest > handleMessageShouldHandleLargeOtpNumber() STARTED

InjectionExtendedBolusSettingResponsePacketTest > handleMessageShouldHandleLargeOtpNumber() STANDARD_OUT
    DEBUG: : PUMPCOMM InjectionExtendedBolusSettingResponsePacket init 
    DEBUG: : PUMPCOMM Result --> 0
    DEBUG: : PUMPCOMM otpNumber --> 999999

InjectionExtendedBolusSettingResponsePacketTest > friendlyNameShouldBeCorrect() STARTED

InjectionExtendedBolusSettingResponsePacketTest > friendlyNameShouldBeCorrect() STANDARD_OUT
    DEBUG: : PUMPCOMM InjectionExtendedBolusSettingResponsePacket init 

InjectionExtendedBolusSettingResponsePacketTest > handleMessageShouldFailOnInvalidResult() STARTED

InjectionExtendedBolusSettingResponsePacketTest > handleMessageShouldFailOnInvalidResult() STANDARD_OUT
    DEBUG: : PUMPCOMM InjectionExtendedBolusSettingResponsePacket init 
    ERROR: PUMPCOMM Packet CRC error

InjectionExtendedBolusSettingResponsePacketTest > handleMessageShouldHandleZeroOtpNumber() STARTED

InjectionExtendedBolusSettingResponsePacketTest > handleMessageShouldHandleZeroOtpNumber() STANDARD_OUT
    DEBUG: : PUMPCOMM InjectionExtendedBolusSettingResponsePacket init 
    DEBUG: : PUMPCOMM Result --> 0
    DEBUG: : PUMPCOMM otpNumber --> 0

InjectionExtendedBolusSettingResponsePacketTest > handleMessageShouldParseOtpNumber() STARTED

InjectionExtendedBolusSettingResponsePacketTest > handleMessageShouldParseOtpNumber() STANDARD_OUT
    DEBUG: : PUMPCOMM InjectionExtendedBolusSettingResponsePacket init 
    DEBUG: : PUMPCOMM Result --> 0
    DEBUG: : PUMPCOMM otpNumber --> 123456

InjectionSnackResultReportPacketTest > handleMessageShouldFailOnDefectivePacket() STARTED

InjectionSnackResultReportPacketTest > handleMessageShouldFailOnDefectivePacket() STANDARD_OUT
    DEBUG: : PUMPCOMM InjectionSnackResultReportPacket init 
    DEBUG: : PUMPCOMM InjectionSnackResultReportPacket Got some Error

InjectionSnackResultReportPacketTest > msgTypeShouldBeCorrect() STARTED

InjectionSnackResultReportPacketTest > msgTypeShouldBeCorrect() STANDARD_OUT
    DEBUG: : PUMPCOMM InjectionSnackResultReportPacket init 

InjectionSnackResultReportPacketTest > friendlyNameShouldBeCorrect() STARTED

InjectionSnackResultReportPacketTest > friendlyNameShouldBeCorrect() STANDARD_OUT
    DEBUG: : PUMPCOMM InjectionSnackResultReportPacket init 

InjectionSnackResultReportPacketTest > handleMessageShouldHandleSmallBolus() STARTED

InjectionSnackResultReportPacketTest > handleMessageShouldHandleSmallBolus() STANDARD_OUT
    DEBUG: : PUMPCOMM InjectionSnackResultReportPacket init 
    DEBUG: : PUMPCOMM Result --> 0
    DEBUG: : PUMPCOMM bolusAmountToBeDelivered --> 0.5
    DEBUG: : PUMPCOMM lastBolusAmount --> 0.5
    DEBUG: : PUMPCOMM lastBolusTime --> 1656358822000
    DEBUG: : PUMPCOMM delivered --> 0.5
    DEBUG: : PUMPCOMM bolusDone --> true

InjectionSnackResultReportPacketTest > handleMessageShouldHandleLargeBolus() STARTED

InjectionSnackResultReportPacketTest > handleMessageShouldHandleLargeBolus() STANDARD_OUT
    DEBUG: : PUMPCOMM InjectionSnackResultReportPacket init 
    DEBUG: : PUMPCOMM Result --> 0
    DEBUG: : PUMPCOMM bolusAmountToBeDelivered --> 15.0
    DEBUG: : PUMPCOMM lastBolusAmount --> 15.0
    DEBUG: : PUMPCOMM lastBolusTime --> 1656358822000
    DEBUG: : PUMPCOMM delivered --> 15.0
    DEBUG: : PUMPCOMM bolusDone --> true

InjectionSnackResultReportPacketTest > handleMessageShouldHandleUserCancellation() STARTED

InjectionSnackResultReportPacketTest > handleMessageShouldHandleUserCancellation() STANDARD_OUT
    DEBUG: : PUMPCOMM InjectionSnackResultReportPacket init 
    DEBUG: : PUMPCOMM Result --> 1
    DEBUG: : PUMPCOMM bolusAmountToBeDelivered --> 10.0
    DEBUG: : PUMPCOMM lastBolusAmount --> 4.5
    DEBUG: : PUMPCOMM lastBolusTime --> 1656358822000
    DEBUG: : PUMPCOMM delivered --> 4.5
    DEBUG: : PUMPCOMM bolusDone --> true

InjectionSnackResultReportPacketTest > handleMessageShouldProcessValidReport() STARTED

InjectionSnackResultReportPacketTest > handleMessageShouldProcessValidReport() STANDARD_OUT
    DEBUG: : PUMPCOMM InjectionSnackResultReportPacket init 
    DEBUG: : PUMPCOMM Result --> 0
    DEBUG: : PUMPCOMM bolusAmountToBeDelivered --> 5.0
    DEBUG: : PUMPCOMM lastBolusAmount --> 5.0
    DEBUG: : PUMPCOMM lastBolusTime --> 1656358822000
    DEBUG: : PUMPCOMM delivered --> 5.0
    DEBUG: : PUMPCOMM bolusDone --> true

LanguageSettingPacketTest > msgTypeShouldBeCorrect() STARTED

LanguageSettingPacketTest > msgTypeShouldBeCorrect() STANDARD_OUT
    DEBUG: : PUMPCOMM LanguageSettingPacket init

LanguageSettingPacketTest > encodeShouldHandleChineseLanguage() STARTED

LanguageSettingPacketTest > encodeShouldHandleChineseLanguage() STANDARD_OUT
    DEBUG: : PUMPCOMM LanguageSettingPacket init

LanguageSettingPacketTest > friendlyNameShouldBeCorrect() STARTED

LanguageSettingPacketTest > friendlyNameShouldBeCorrect() STANDARD_OUT
    DEBUG: : PUMPCOMM LanguageSettingPacket init

LanguageSettingPacketTest > encodeShouldHandleEnglishLanguage() STARTED

LanguageSettingPacketTest > encodeShouldHandleEnglishLanguage() STANDARD_OUT
    DEBUG: : PUMPCOMM LanguageSettingPacket init

LanguageSettingPacketTest > encodeShouldHandleKoreanLanguage() STARTED

LanguageSettingPacketTest > encodeShouldHandleKoreanLanguage() STANDARD_OUT
    DEBUG: : PUMPCOMM LanguageSettingPacket init

LanguageSettingPacketTest > encodeShouldGenerateValidPacketWithType() STARTED

LanguageSettingPacketTest > encodeShouldGenerateValidPacketWithType() STANDARD_OUT
    DEBUG: : PUMPCOMM LanguageSettingPacket init

SerialNumInquireResponsePacketTest > handleMessageShouldFailOnDefectivePacket() STARTED

SerialNumInquireResponsePacketTest > handleMessageShouldFailOnDefectivePacket() STANDARD_OUT
    DEBUG: : PUMPCOMM SerialNumInquireResponsePacket init
    DEBUG: : PUMPCOMM SerialNumInquireResponsePacket Got some Error

SerialNumInquireResponsePacketTest > msgTypeShouldBeCorrect() STARTED

SerialNumInquireResponsePacketTest > msgTypeShouldBeCorrect() STANDARD_OUT
    DEBUG: : PUMPCOMM SerialNumInquireResponsePacket init

SerialNumInquireResponsePacketTest > friendlyNameShouldBeCorrect() STARTED

SerialNumInquireResponsePacketTest > friendlyNameShouldBeCorrect() STANDARD_OUT
    DEBUG: : PUMPCOMM SerialNumInquireResponsePacket init

SerialNumInquireResponsePacketTest > handleMessageShouldFailOnInvalidResult() STARTED

SerialNumInquireResponsePacketTest > handleMessageShouldFailOnInvalidResult() STANDARD_OUT
    DEBUG: : PUMPCOMM SerialNumInquireResponsePacket init
    ERROR: PUMPCOMM Packet CRC error

SerialNumInquireResponsePacketTest > handleMessageShouldParseSerialNumberCorrectly() STARTED

SerialNumInquireResponsePacketTest > handleMessageShouldParseSerialNumberCorrectly() STANDARD_OUT
    DEBUG: : PUMPCOMM SerialNumInquireResponsePacket init
    DEBUG: : PUMPCOMM Result       --> 0
    DEBUG: : PUMPCOMM country      --> 0
    DEBUG: : PUMPCOMM productType  --> 1
    DEBUG: : PUMPCOMM makeYear     --> 22
    DEBUG: : PUMPCOMM makeMonth    --> 6
    DEBUG: : PUMPCOMM makeDay      --> 15
    DEBUG: : PUMPCOMM lotNo        --> 123
    DEBUG: : PUMPCOMM serialNo     --> 12345
    DEBUG: : PUMPCOMM majorVersion --> 3
    DEBUG: : PUMPCOMM minorVersion --> 42

SoundSettingResponsePacketTest > handleMessageShouldFailOnDefectivePacket() STARTED

SoundSettingResponsePacketTest > handleMessageShouldFailOnDefectivePacket() STANDARD_OUT
    DEBUG: : PUMPCOMM SoundSettingResponsePacket init
    DEBUG: : PUMPCOMM SoundSettingResponsePacket Got some Error

SoundSettingResponsePacketTest > msgTypeShouldBeCorrect() STARTED

SoundSettingResponsePacketTest > msgTypeShouldBeCorrect() STANDARD_OUT
    DEBUG: : PUMPCOMM SoundSettingResponsePacket init

SoundSettingResponsePacketTest > handleMessageShouldHandleLargeOtpNumber() STARTED

SoundSettingResponsePacketTest > handleMessageShouldHandleLargeOtpNumber() STANDARD_OUT
    DEBUG: : PUMPCOMM SoundSettingResponsePacket init
    DEBUG: : PUMPCOMM Result --> 0
    DEBUG: : PUMPCOMM otpNumber --> 999999

SoundSettingResponsePacketTest > friendlyNameShouldBeCorrect() STARTED

SoundSettingResponsePacketTest > friendlyNameShouldBeCorrect() STANDARD_OUT
    DEBUG: : PUMPCOMM SoundSettingResponsePacket init

SoundSettingResponsePacketTest > handleMessageShouldFailOnInvalidResult() STARTED

SoundSettingResponsePacketTest > handleMessageShouldFailOnInvalidResult() STANDARD_OUT
    DEBUG: : PUMPCOMM SoundSettingResponsePacket init
    ERROR: PUMPCOMM Packet CRC error

SoundSettingResponsePacketTest > handleMessageShouldHandleZeroOtpNumber() STARTED

SoundSettingResponsePacketTest > handleMessageShouldHandleZeroOtpNumber() STANDARD_OUT
    DEBUG: : PUMPCOMM SoundSettingResponsePacket init
    DEBUG: : PUMPCOMM Result --> 0
    DEBUG: : PUMPCOMM otpNumber --> 0

SoundSettingResponsePacketTest > handleMessageShouldParseOtpNumber() STARTED

SoundSettingResponsePacketTest > handleMessageShouldParseOtpNumber() STANDARD_OUT
    DEBUG: : PUMPCOMM SoundSettingResponsePacket init
    DEBUG: : PUMPCOMM Result --> 0
    DEBUG: : PUMPCOMM otpNumber --> 123456

TimeInquirePacketTest > encodeShouldGenerateValidPacket() STARTED

TimeInquirePacketTest > encodeShouldGenerateValidPacket() STANDARD_OUT
    DEBUG: : PUMPCOMM TimeInquirePacket init

TimeInquirePacketTest > friendlyNameShouldBeCorrect() STARTED

TimeInquirePacketTest > friendlyNameShouldBeCorrect() STANDARD_OUT
    DEBUG: : PUMPCOMM TimeInquirePacket init

LogAlarmBlockTest > parseLogDataWithCriticalLevel() STARTED

LogAlarmBlockTest > parseLogDataWithWarningLevel() STARTED

LogAlarmBlockTest > parseLogDataWithInsulinChangeReason() STARTED

LogAlarmBlockTest > toStringContainsAllFields() STARTED

LogAlarmBlockTest > logKindConstantIsCorrect() STARTED

LogAlarmBlockTest > parseLogDataWithSquareReason() STARTED

LogAlarmBlockTest > parseLogDataWithTubeChangeReason() STARTED

LogAlarmBlockTest > parseValidLogDataWithInfoLevel() STARTED

LogAlarmBlockTest > parseLogDataWithDualReason() STARTED

LogAlarmBlockTest > parseLogDataWithMealReason() STARTED

LogAlarmBlockTest > parseLogDataWithMajorLevel() STARTED

LogAlarmBlockTest > parseLogDataWithSnackReason() STARTED

LogInjectDualSuccessTest > parseLogDataWithLargeDose() STARTED

LogInjectDualSuccessTest > toStringContainsAllFields() STARTED

LogInjectDualSuccessTest > parseLogDataWithShortDuration() STARTED

LogInjectDualSuccessTest > logKindConstantIsCorrect() STARTED

LogInjectDualSuccessTest > parseLogDataWithLongDuration() STARTED

LogInjectDualSuccessTest > parseLogDataWithSmallDose() STARTED

LogInjectDualSuccessTest > getInjectTimeShouldReturnUnsignedValue() STARTED

LogInjectDualSuccessTest > parseValidLogData() STARTED

LogInjectDualSuccessTest > parseLogDataWithLowBattery() STARTED

LogInjectSquareSuccessTest > parseLogDataWithLargeDose() STARTED

LogInjectSquareSuccessTest > toStringContainsAllFields() STARTED

LogInjectSquareSuccessTest > parseLogDataWithShortDuration() STARTED

> Task :pump:medtrum:generateFullDebugUnitTestConfig
> Task :pump:medtrum:compileFullDebugUnitTestKotlin
> Task :pump:rileylink:processFullDebugUnitTestManifest

> Task :pump:danars-emulator:testFullDebugUnitTest

BLECommIntegrationTest > multiple commands work in sequence after handshake() STANDARD_OUT
    DEBUG: : PUMPBTCOMM Initializing BLEComm.
    DEBUG: : PUMPBTCOMM Trying to create a new connection from: test
    DEBUG: : PUMPBTCOMM onConnectionStateChange
    DEBUG: : PUMPBTCOMM onServicesDiscovered
    DEBUG: : PUMPBTCOMM >>>>> ENCRYPTION__PUMP_CHECK (0x00) A5 A5 0C E4  F2 C8 AD BA  AD D5 C2 AD  D7 A6 D4 0C  C6 5A 5A 
    DEBUG: : PUMPBTCOMM <<<<< ENCRYPTION__PUMP_CHECK (OK) 02 00 4F 4B  
    DEBUG: : PUMPBTCOMM Using stored pairing key: ABCD
    DEBUG: : PUMPBTCOMM >>>>> ENCRYPTION__CHECK_PASSKEY A5 A5 04 E4  22 42 5C 3B  B0 5A 5A 
    DEBUG: : PUMPBTCOMM <<<<< ENCRYPTION__CHECK_PASSKEY 02 D0 00 
    DEBUG: : PUMPBTCOMM >>>>> ENCRYPTION__TIME_INFORMATION A5 A5 02 E4  F3 94 75 5A  5A 
    DEBUG: : PUMPBTCOMM <<<<< ENCRYPTION__TIME_INFORMATION 02 01 1A 05  09 0B 3B 24  87 0D 
    DEBUG: : PUMPBTCOMM Pump user password: 0000
    DEBUG: : EVENTS Sending EventPumpStatusChanged[error=,performingAction=,secondsElapsed=0,status=CONNECTED]
    DEBUG: : PUMPBTCOMM RS connected and status read
    DEBUG: : PUMPCOMM Requesting active profile
    DEBUG: : PUMPBTCOMM >>>>> BASAL__GET_PROFILE_NUMBER B2 63  
    DEBUG: : PUMPBTCOMM <<<<< BASAL__GET_PROFILE_NUMBER B2 63 01 
    DEBUG: : PUMPCOMM Active profile: 1
    DEBUG: : PUMPBTCOMM handleMessage done BASAL__GET_PROFILE_NUMBER setting received on thread Test worker
    DEBUG: : PUMPBTCOMM notifyAll BASAL__GET_PROFILE_NUMBER processedMessage===message: true
    DEBUG: : PUMPBTCOMM already received BASAL__GET_PROFILE_NUMBER (no wait needed)
    DEBUG: : PUMPCOMM New message: APS Temp basal start
    DEBUG: : PUMPCOMM APS Temp basal start percent: 120 duration 15 min
    DEBUG: : PUMPBTCOMM >>>>> BASAL__APS_SET_TEMPORARY_BASAL B2 C1  78 00 96 
    DEBUG: : PUMPBTCOMM <<<<< BASAL__APS_SET_TEMPORARY_BASAL B2 C1 00 
    DEBUG: : PUMPCOMM Set APS temp basal start result: 0
    DEBUG: : PUMPBTCOMM handleMessage done BASAL__APS_SET_TEMPORARY_BASAL setting received on thread Test worker
    DEBUG: : PUMPBTCOMM notifyAll BASAL__APS_SET_TEMPORARY_BASAL processedMessage===message: true
    DEBUG: : PUMPBTCOMM already received BASAL__APS_SET_TEMPORARY_BASAL (no wait needed)
    DEBUG: : PUMPCOMM New message
    DEBUG: : PUMPBTCOMM >>>>> REVIEW__INITIAL_SCREEN_INFORMATION B2 02  
    DEBUG: : PUMPBTCOMM <<<<< REVIEW__INITIAL_SCREEN_INFORMATION B2 02 10 F4  01 C4 09 98  3A 64 00 78  50 00 00 00  00 00 00 
    DEBUG: : PUMPCOMM ErrorState: NONE
    DEBUG: : PUMPCOMM Pump suspended: false
    DEBUG: : PUMPCOMM Temp basal in progress: true
    DEBUG: : PUMPCOMM Extended in progress: false
    DEBUG: : PUMPCOMM Dual in progress: false
    DEBUG: : PUMPCOMM Daily units: 5.0
    DEBUG: : PUMPCOMM Max daily units: 25
    DEBUG: : PUMPCOMM Reservoir remaining units: 150.0
    DEBUG: : PUMPCOMM Battery: 80
    DEBUG: : PUMPCOMM Current basal: 1.0
    DEBUG: : PUMPCOMM Temp basal percent: 120
    DEBUG: : PUMPCOMM Extended absolute rate: 0.0
    DEBUG: : PUMPBTCOMM handleMessage done REVIEW__INITIAL_SCREEN_INFORMATION setting received on thread Test worker
    DEBUG: : PUMPBTCOMM notifyAll REVIEW__INITIAL_SCREEN_INFORMATION processedMessage===message: true
    DEBUG: : PUMPBTCOMM already received REVIEW__INITIAL_SCREEN_INFORMATION (no wait needed)
    DEBUG: : PUMPCOMM Canceling temp basal
    DEBUG: : PUMPBTCOMM >>>>> BASAL__CANCEL_TEMPORARY_BASAL B2 62  
    DEBUG: : PUMPBTCOMM <<<<< BASAL__CANCEL_TEMPORARY_BASAL B2 62 00 
    DEBUG: : PUMPCOMM Result OK
    DEBUG: : PUMPBTCOMM handleMessage done BASAL__CANCEL_TEMPORARY_BASAL setting received on thread Test worker
    DEBUG: : PUMPBTCOMM notifyAll BASAL__CANCEL_TEMPORARY_BASAL processedMessage===message: true
    DEBUG: : PUMPBTCOMM already received BASAL__CANCEL_TEMPORARY_BASAL (no wait needed)
    DEBUG: : PUMPCOMM New message
    DEBUG: : PUMPBTCOMM >>>>> ETC__KEEP_CONNECTION B2 FF  
    DEBUG: : PUMPBTCOMM <<<<< ETC__KEEP_CONNECTION B2 FF 00 
    DEBUG: : PUMPCOMM Result OK
    DEBUG: : PUMPBTCOMM handleMessage done ETC__KEEP_CONNECTION setting received on thread Test worker
    DEBUG: : PUMPBTCOMM notifyAll ETC__KEEP_CONNECTION processedMessage===message: true
    DEBUG: : PUMPBTCOMM already received ETC__KEEP_CONNECTION (no wait needed)
    DEBUG: : PUMPBTCOMM disconnect from: test cleanup

BLECommIntegrationTest > getCIRCFArray reads non-24h CIR and CF() STARTED

BLECommIntegrationTest > getCIRCFArray reads non-24h CIR and CF() STANDARD_OUT
    DEBUG: : PUMPBTCOMM Initializing BLEComm.
    DEBUG: : PUMPBTCOMM Trying to create a new connection from: test
    DEBUG: : PUMPBTCOMM onConnectionStateChange
    DEBUG: : PUMPBTCOMM onServicesDiscovered
    DEBUG: : PUMPBTCOMM >>>>> ENCRYPTION__PUMP_CHECK (0x00) A5 A5 0C E4  F2 C8 AD BA  AD D5 C2 AD  D7 A6 D4 0C  C6 5A 5A 
    DEBUG: : PUMPBTCOMM <<<<< ENCRYPTION__PUMP_CHECK (OK) 02 00 4F 4B  
    DEBUG: : PUMPBTCOMM Using stored pairing key: ABCD
    DEBUG: : PUMPBTCOMM >>>>> ENCRYPTION__CHECK_PASSKEY A5 A5 04 E4  22 42 5C 3B  B0 5A 5A 
    DEBUG: : PUMPBTCOMM <<<<< ENCRYPTION__CHECK_PASSKEY 02 D0 00 
    DEBUG: : PUMPBTCOMM >>>>> ENCRYPTION__TIME_INFORMATION A5 A5 02 E4  F3 94 75 5A  5A 
    DEBUG: : PUMPBTCOMM <<<<< ENCRYPTION__TIME_INFORMATION 02 01 1A 05  09 0B 3B 25  87 0D 
    DEBUG: : PUMPBTCOMM Pump user password: 0000
    DEBUG: : EVENTS Sending EventPumpStatusChanged[error=,performingAction=,secondsElapsed=0,status=CONNECTED]
    DEBUG: : PUMPBTCOMM RS connected and status read
    DEBUG: : PUMPCOMM New message
    DEBUG: : PUMPBTCOMM >>>>> BOLUS__GET_CIR_CF_ARRAY B2 4E  
    DEBUG: : PUMPBTCOMM <<<<< BOLUS__GET_CIR_CF_ARRAY B2 4E 00 00  0A 00 0A 00  0A 00 0A 00  0A 00 0A 00  0A 00 1E 00  1E 00 1E 00  1E 00 1E 00  1E 00 1E 00  00 00 00 00  00 00 00 00  00 00 00 00  00 00 00 00  00 00 00 
    DEBUG: : PUMPCOMM Language: 0
    DEBUG: : PUMPCOMM Pump units: MGDL
    DEBUG: : PUMPCOMM Current pump morning CIR: 10
    DEBUG: : PUMPCOMM Current pump morning CF: 30.0
    DEBUG: : PUMPCOMM Current pump afternoon CIR: 10
    DEBUG: : PUMPCOMM Current pump afternoon CF: 30.0
    DEBUG: : PUMPCOMM Current pump evening CIR: 10
    DEBUG: : PUMPCOMM Current pump evening CF: 30.0
    DEBUG: : PUMPCOMM Current pump night CIR: 10
    DEBUG: : PUMPCOMM Current pump night CF: 30.0
    DEBUG: : PUMPCOMM cir02: 10
    DEBUG: : PUMPCOMM cir04: 10
    DEBUG: : PUMPCOMM cir06: 10
    DEBUG: : PUMPCOMM cf02: 30.0
    DEBUG: : PUMPCOMM cf04: 30.0
    DEBUG: : PUMPCOMM cf06: 30.0
    DEBUG: : PUMPBTCOMM handleMessage done BOLUS__GET_CIR_CF_ARRAY setting received on thread Test worker
    DEBUG: : PUMPBTCOMM notifyAll BOLUS__GET_CIR_CF_ARRAY processedMessage===message: true
    DEBUG: : PUMPBTCOMM already received BOLUS__GET_CIR_CF_ARRAY (no wait needed)
    DEBUG: : PUMPBTCOMM disconnect from: test cleanup

BLECommIntegrationTest > getBolusOption reads extended bolus enabled flag() STARTED

BLECommIntegrationTest > getBolusOption reads extended bolus enabled flag() STANDARD_OUT
    DEBUG: : PUMPBTCOMM Initializing BLEComm.
    DEBUG: : PUMPBTCOMM Trying to create a new connection from: test
    DEBUG: : PUMPBTCOMM onConnectionStateChange
    DEBUG: : PUMPBTCOMM onServicesDiscovered
    DEBUG: : PUMPBTCOMM >>>>> ENCRYPTION__PUMP_CHECK (0x00) A5 A5 0C E4  F2 C8 AD BA  AD D5 C2 AD  D7 A6 D4 0C  C6 5A 5A 
    DEBUG: : PUMPBTCOMM <<<<< ENCRYPTION__PUMP_CHECK (OK) 02 00 4F 4B  
    DEBUG: : PUMPBTCOMM Using stored pairing key: ABCD
    DEBUG: : PUMPBTCOMM >>>>> ENCRYPTION__CHECK_PASSKEY A5 A5 04 E4  22 42 5C 3B  B0 5A 5A 
    DEBUG: : PUMPBTCOMM <<<<< ENCRYPTION__CHECK_PASSKEY 02 D0 00 
    DEBUG: : PUMPBTCOMM >>>>> ENCRYPTION__TIME_INFORMATION A5 A5 02 E4  F3 94 75 5A  5A 
    DEBUG: : PUMPBTCOMM <<<<< ENCRYPTION__TIME_INFORMATION 02 01 1A 05  09 0B 3B 25  87 0D 
    DEBUG: : PUMPBTCOMM Pump user password: 0000
    DEBUG: : EVENTS Sending EventPumpStatusChanged[error=,performingAction=,secondsElapsed=0,status=CONNECTED]
    DEBUG: : PUMPBTCOMM RS connected and status read
    DEBUG: : PUMPCOMM New message
    DEBUG: : PUMPBTCOMM >>>>> BOLUS__GET_BOLUS_OPTION B2 50  
    DEBUG: : PUMPBTCOMM <<<<< BOLUS__GET_BOLUS_OPTION B2 50 01 00  00 00 00 00  00 00 00 00  00 00 00 00  00 00 00 00  00 00 
    DEBUG: : PUMPCOMM Extended bolus enabled: true
    DEBUG: : PUMPCOMM Missed bolus config: 0
    DEBUG: : PUMPCOMM missedBolus01StartHour: 0
    DEBUG: : PUMPCOMM missedBolus01StartMin: 0
    DEBUG: : PUMPCOMM missedBolus01EndHour: 0
    DEBUG: : PUMPCOMM missedBolus01EndMin: 0
    DEBUG: : PUMPCOMM missedBolus02StartHour: 0
    DEBUG: : PUMPCOMM missedBolus02StartMin: 0
    DEBUG: : PUMPCOMM missedBolus02EndHour: 0
    DEBUG: : PUMPCOMM missedBolus02EndMin: 0
    DEBUG: : PUMPCOMM missedBolus03StartHour: 0
    DEBUG: : PUMPCOMM missedBolus03StartMin: 0
    DEBUG: : PUMPCOMM missedBolus03EndHour: 0
    DEBUG: : PUMPCOMM missedBolus03EndMin: 0
    DEBUG: : PUMPCOMM missedBolus04StartHour: 0
    DEBUG: : PUMPCOMM missedBolus04StartMin: 0
    DEBUG: : PUMPCOMM missedBolus04EndHour: 0
    DEBUG: : PUMPCOMM missedBolus04EndMin: 0
    DEBUG: : PUMPBTCOMM handleMessage done BOLUS__GET_BOLUS_OPTION setting received on thread Test worker
    DEBUG: : PUMPBTCOMM notifyAll BOLUS__GET_BOLUS_OPTION processedMessage===message: true
    DEBUG: : PUMPBTCOMM already received BOLUS__GET_BOLUS_OPTION (no wait needed)
    DEBUG: : PUMPBTCOMM disconnect from: test cleanup

BLECommIntegrationTest > getProfileNumber reads active profile from emulator() STARTED

BLECommIntegrationTest > getProfileNumber reads active profile from emulator() STANDARD_OUT
    DEBUG: : PUMPBTCOMM Initializing BLEComm.
    DEBUG: : PUMPBTCOMM Trying to create a new connection from: test
    DEBUG: : PUMPBTCOMM onConnectionStateChange
    DEBUG: : PUMPBTCOMM onServicesDiscovered
    DEBUG: : PUMPBTCOMM >>>>> ENCRYPTION__PUMP_CHECK (0x00) A5 A5 0C E4  F2 C8 AD BA  AD D5 C2 AD  D7 A6 D4 0C  C6 5A 5A 
    DEBUG: : PUMPBTCOMM <<<<< ENCRYPTION__PUMP_CHECK (OK) 02 00 4F 4B  
    DEBUG: : PUMPBTCOMM Using stored pairing key: ABCD
    DEBUG: : PUMPBTCOMM >>>>> ENCRYPTION__CHECK_PASSKEY A5 A5 04 E4  22 42 5C 3B  B0 5A 5A 
    DEBUG: : PUMPBTCOMM <<<<< ENCRYPTION__CHECK_PASSKEY 02 D0 00 
    DEBUG: : PUMPBTCOMM >>>>> ENCRYPTION__TIME_INFORMATION A5 A5 02 E4  F3 94 75 5A  5A 
    DEBUG: : PUMPBTCOMM <<<<< ENCRYPTION__TIME_INFORMATION 02 01 1A 05  09 0B 3B 25  87 0D 
    DEBUG: : PUMPBTCOMM Pump user password: 0000
    DEBUG: : EVENTS Sending EventPumpStatusChanged[error=,performingAction=,secondsElapsed=0,status=CONNECTED]
    DEBUG: : PUMPBTCOMM RS connected and status read
    DEBUG: : PUMPCOMM Requesting active profile
    DEBUG: : PUMPBTCOMM >>>>> BASAL__GET_PROFILE_NUMBER B2 63  
    DEBUG: : PUMPBTCOMM <<<<< BASAL__GET_PROFILE_NUMBER B2 63 02 
    DEBUG: : PUMPCOMM Active profile: 2
    DEBUG: : PUMPBTCOMM handleMessage done BASAL__GET_PROFILE_NUMBER setting received on thread Test worker
    DEBUG: : PUMPBTCOMM notifyAll BASAL__GET_PROFILE_NUMBER processedMessage===message: true
    DEBUG: : PUMPBTCOMM already received BASAL__GET_PROFILE_NUMBER (no wait needed)
    DEBUG: : PUMPBTCOMM disconnect from: test cleanup

BLECommIntegrationTest > setTemporaryBasal changes emulator state() STARTED

BLECommIntegrationTest > setTemporaryBasal changes emulator state() STANDARD_OUT
    DEBUG: : PUMPBTCOMM Initializing BLEComm.
    DEBUG: : PUMPBTCOMM Trying to create a new connection from: test
    DEBUG: : PUMPBTCOMM onConnectionStateChange
    DEBUG: : PUMPBTCOMM onServicesDiscovered
    DEBUG: : PUMPBTCOMM >>>>> ENCRYPTION__PUMP_CHECK (0x00) A5 A5 0C E4  F2 C8 AD BA  AD D5 C2 AD  D7 A6 D4 0C  C6 5A 5A 
    DEBUG: : PUMPBTCOMM <<<<< ENCRYPTION__PUMP_CHECK (OK) 02 00 4F 4B  
    DEBUG: : PUMPBTCOMM Using stored pairing key: ABCD
    DEBUG: : PUMPBTCOMM >>>>> ENCRYPTION__CHECK_PASSKEY A5 A5 04 E4  22 42 5C 3B  B0 5A 5A 
    DEBUG: : PUMPBTCOMM <<<<< ENCRYPTION__CHECK_PASSKEY 02 D0 00 
    DEBUG: : PUMPBTCOMM >>>>> ENCRYPTION__TIME_INFORMATION A5 A5 02 E4  F3 94 75 5A  5A 
    DEBUG: : PUMPBTCOMM <<<<< ENCRYPTION__TIME_INFORMATION 02 01 1A 05  09 0B 3B 25  87 0D 
    DEBUG: : PUMPBTCOMM Pump user password: 0000
    DEBUG: : EVENTS Sending EventPumpStatusChanged[error=,performingAction=,secondsElapsed=0,status=CONNECTED]
    DEBUG: : PUMPBTCOMM RS connected and status read
    DEBUG: : PUMPCOMM New message: APS Temp basal start
    DEBUG: : PUMPCOMM APS Temp basal start percent: 150 duration 15 min
    DEBUG: : PUMPBTCOMM >>>>> BASAL__APS_SET_TEMPORARY_BASAL B2 C1  96 00 96 
    DEBUG: : PUMPBTCOMM <<<<< BASAL__APS_SET_TEMPORARY_BASAL B2 C1 00 
    DEBUG: : PUMPCOMM Set APS temp basal start result: 0
    DEBUG: : PUMPBTCOMM handleMessage done BASAL__APS_SET_TEMPORARY_BASAL setting received on thread Test worker
    DEBUG: : PUMPBTCOMM notifyAll BASAL__APS_SET_TEMPORARY_BASAL processedMessage===message: true
    DEBUG: : PUMPBTCOMM already received BASAL__APS_SET_TEMPORARY_BASAL (no wait needed)
    DEBUG: : PUMPBTCOMM disconnect from: test cleanup

BLECommIntegrationTest > full readPumpStatus-like sequence() STARTED

BLECommIntegrationTest > full readPumpStatus-like sequence() STANDARD_OUT
    DEBUG: : PUMPBTCOMM Initializing BLEComm.
    DEBUG: : PUMPBTCOMM Trying to create a new connection from: test
    DEBUG: : PUMPBTCOMM onConnectionStateChange
    DEBUG: : PUMPBTCOMM onServicesDiscovered
    DEBUG: : PUMPBTCOMM >>>>> ENCRYPTION__PUMP_CHECK (0x00) A5 A5 0C E4  F2 C8 AD BA  AD D5 C2 AD  D7 A6 D4 0C  C6 5A 5A 
    DEBUG: : PUMPBTCOMM <<<<< ENCRYPTION__PUMP_CHECK (OK) 02 00 4F 4B  
    DEBUG: : PUMPBTCOMM Using stored pairing key: ABCD
    DEBUG: : PUMPBTCOMM >>>>> ENCRYPTION__CHECK_PASSKEY A5 A5 04 E4  22 42 5C 3B  B0 5A 5A 
    DEBUG: : PUMPBTCOMM <<<<< ENCRYPTION__CHECK_PASSKEY 02 D0 00 
    DEBUG: : PUMPBTCOMM >>>>> ENCRYPTION__TIME_INFORMATION A5 A5 02 E4  F3 94 75 5A  5A 
    DEBUG: : PUMPBTCOMM <<<<< ENCRYPTION__TIME_INFORMATION 02 01 1A 05  09 0B 3B 26  87 0D 
    DEBUG: : PUMPBTCOMM Pump user password: 0000
    DEBUG: : EVENTS Sending EventPumpStatusChanged[error=,performingAction=,secondsElapsed=0,status=CONNECTED]
    DEBUG: : PUMPBTCOMM RS connected and status read
    DEBUG: : PUMPCOMM New message
    DEBUG: : PUMPBTCOMM >>>>> REVIEW__INITIAL_SCREEN_INFORMATION B2 02  
    DEBUG: : PUMPBTCOMM <<<<< REVIEW__INITIAL_SCREEN_INFORMATION B2 02 00 F4  01 C4 09 10  27 64 00 00  55 00 00 00  00 00 00 
    DEBUG: : PUMPCOMM ErrorState: NONE
    DEBUG: : PUMPCOMM Pump suspended: false
    DEBUG: : PUMPCOMM Temp basal in progress: false
    DEBUG: : PUMPCOMM Extended in progress: false
    DEBUG: : PUMPCOMM Dual in progress: false
    DEBUG: : PUMPCOMM Daily units: 5.0
    DEBUG: : PUMPCOMM Max daily units: 25
    DEBUG: : PUMPCOMM Reservoir remaining units: 100.0
    DEBUG: : PUMPCOMM Battery: 85
    DEBUG: : PUMPCOMM Current basal: 1.0
    DEBUG: : PUMPCOMM Temp basal percent: 0
    DEBUG: : PUMPCOMM Extended absolute rate: 0.0
    DEBUG: : PUMPBTCOMM handleMessage done REVIEW__INITIAL_SCREEN_INFORMATION setting received on thread Test worker
    DEBUG: : PUMPBTCOMM notifyAll REVIEW__INITIAL_SCREEN_INFORMATION processedMessage===message: true
    DEBUG: : PUMPBTCOMM already received REVIEW__INITIAL_SCREEN_INFORMATION (no wait needed)
    DEBUG: : PUMPCOMM New message
    DEBUG: : PUMPBTCOMM >>>>> REVIEW__GET_SHIPPING_INFORMATION B2 20  
    DEBUG: : PUMPBTCOMM <<<<< REVIEW__GET_SHIPPING_INFORMATION B2 20 55 48  48 30 30 30  30 32 54 49  49 4E 54 18  01 01 00 00  
    DEBUG: : PUMPCOMM Serial number: UHH00002TI
    DEBUG: : PUMPCOMM Shipping date: null
    DEBUG: : PUMPCOMM Shipping country: INT
    DEBUG: : PUMPBTCOMM handleMessage done REVIEW__GET_SHIPPING_INFORMATION setting received on thread Test worker
    DEBUG: : PUMPBTCOMM notifyAll REVIEW__GET_SHIPPING_INFORMATION processedMessage===message: true
    DEBUG: : PUMPBTCOMM already received REVIEW__GET_SHIPPING_INFORMATION (no wait needed)
    DEBUG: : PUMPCOMM New message
    DEBUG: : PUMPBTCOMM >>>>> REVIEW__GET_PUMP_CHECK B2 21  
    DEBUG: : PUMPBTCOMM <<<<< REVIEW__GET_PUMP_CHECK B2 21 05 05  02 
    DEBUG: : PUMPCOMM Model: 05 
    DEBUG: : PUMPCOMM Protocol: 05 
    DEBUG: : PUMPCOMM Product Code: 02 
    DEBUG: : PUMPBTCOMM handleMessage done REVIEW__GET_PUMP_CHECK setting received on thread Test worker
    DEBUG: : PUMPBTCOMM notifyAll REVIEW__GET_PUMP_CHECK processedMessage===message: true
    DEBUG: : PUMPBTCOMM already received REVIEW__GET_PUMP_CHECK (no wait needed)
    DEBUG: : PUMPCOMM Requesting active profile
    DEBUG: : PUMPBTCOMM >>>>> BASAL__GET_PROFILE_NUMBER B2 63  
    DEBUG: : PUMPBTCOMM <<<<< BASAL__GET_PROFILE_NUMBER B2 63 00 
    DEBUG: : PUMPCOMM Active profile: 0
    DEBUG: : PUMPBTCOMM handleMessage done BASAL__GET_PROFILE_NUMBER setting received on thread Test worker
    DEBUG: : PUMPBTCOMM notifyAll BASAL__GET_PROFILE_NUMBER processedMessage===message: true
    DEBUG: : PUMPBTCOMM already received BASAL__GET_PROFILE_NUMBER (no wait needed)
    DEBUG: : PUMPCOMM Requesting basal rates
    DEBUG: : PUMPBTCOMM >>>>> BASAL__GET_BASAL_RATE B2 67  
    DEBUG: : PUMPBTCOMM <<<<< BASAL__GET_BASAL_RATE B2 67 2C 01  01 64 00 64  00 64 00 64  00 64 00 64  00 64 00 64  00 64 00 64  00 64 00 64  00 64 00 64  00 64 00 64  00 64 00 64  00 64 00 64  00 64 00 64  00 64 00 64  00 
    DEBUG: : PUMPCOMM Max basal: 3.0 U
    DEBUG: : PUMPCOMM Basal step: 0.01 U
    DEBUG: : PUMPCOMM Basal 00h: 1.0
    DEBUG: : PUMPCOMM Basal 01h: 1.0
    DEBUG: : PUMPCOMM Basal 02h: 1.0
    DEBUG: : PUMPCOMM Basal 03h: 1.0
    DEBUG: : PUMPCOMM Basal 04h: 1.0
    DEBUG: : PUMPCOMM Basal 05h: 1.0
    DEBUG: : PUMPCOMM Basal 06h: 1.0
    DEBUG: : PUMPCOMM Basal 07h: 1.0
    DEBUG: : PUMPCOMM Basal 08h: 1.0
    DEBUG: : PUMPCOMM Basal 09h: 1.0
    DEBUG: : PUMPCOMM Basal 10h: 1.0
    DEBUG: : PUMPCOMM Basal 11h: 1.0
    DEBUG: : PUMPCOMM Basal 12h: 1.0
    DEBUG: : PUMPCOMM Basal 13h: 1.0
    DEBUG: : PUMPCOMM Basal 14h: 1.0
    DEBUG: : PUMPCOMM Basal 15h: 1.0
    DEBUG: : PUMPCOMM Basal 16h: 1.0
    DEBUG: : PUMPCOMM Basal 17h: 1.0
    DEBUG: : PUMPCOMM Basal 18h: 1.0
    DEBUG: : PUMPCOMM Basal 19h: 1.0
    DEBUG: : PUMPCOMM Basal 20h: 1.0
    DEBUG: : PUMPCOMM Basal 21h: 1.0
    DEBUG: : PUMPCOMM Basal 22h: 1.0
    DEBUG: : PUMPCOMM Basal 23h: 1.0
    DEBUG: : PUMPBTCOMM handleMessage done BASAL__GET_BASAL_RATE setting received on thread Test worker
    DEBUG: : PUMPBTCOMM notifyAll BASAL__GET_BASAL_RATE processedMessage===message: true
    DEBUG: : PUMPBTCOMM already received BASAL__GET_BASAL_RATE (no wait needed)
    DEBUG: : PUMPCOMM New message
    DEBUG: : PUMPBTCOMM >>>>> BOLUS__GET_STEP_BOLUS_INFORMATION B2 40  
    DEBUG: : PUMPBTCOMM <<<<< BOLUS__GET_STEP_BOLUS_INFORMATION B2 40 00 00  00 00 14 00  00 00 E8 03  05 
    DEBUG: : PUMPCOMM Result: 0
    DEBUG: : PUMPCOMM BolusType: 0
    DEBUG: : PUMPCOMM Initial bolus amount: 0.0 U
    DEBUG: : PUMPCOMM Last bolus time: null
    DEBUG: : PUMPCOMM Last bolus amount: 0.0
    DEBUG: : PUMPCOMM Max bolus: 10.0 U
    DEBUG: : PUMPCOMM Bolus step: 0.05 U
    DEBUG: : PUMPBTCOMM handleMessage done BOLUS__GET_STEP_BOLUS_INFORMATION setting received on thread Test worker
    DEBUG: : PUMPBTCOMM notifyAll BOLUS__GET_STEP_BOLUS_INFORMATION processedMessage===message: true
    DEBUG: : PUMPBTCOMM already received BOLUS__GET_STEP_BOLUS_INFORMATION (no wait needed)
    DEBUG: : PUMPCOMM Requesting user settings
    DEBUG: : PUMPBTCOMM >>>>> OPTION__GET_USER_OPTION B2 72  
    DEBUG: : PUMPBTCOMM <<<<< OPTION__GET_USER_OPTION B2 72 00 00  00 05 05 00  00 00 14 0F  00 00 00 00  00 00 00 00  64 00 00 00  
    DEBUG: : PUMPCOMM timeDisplayType24: true
    DEBUG: : PUMPCOMM buttonScrollOnOff: false
    DEBUG: : PUMPCOMM beepAndAlarm: 0
    DEBUG: : PUMPCOMM lcdOnTimeSec: 5
    DEBUG: : PUMPCOMM backlightOnTimeSec: 5
    DEBUG: : PUMPCOMM selectedLanguage: 0
    DEBUG: : PUMPCOMM Pump units: MGDL
    DEBUG: : PUMPCOMM shutdownHour: 0
    DEBUG: : PUMPCOMM lowReservoirRate: 20
    DEBUG: : PUMPCOMM cannulaVolume: 15
    DEBUG: : PUMPCOMM refillAmount: 0
    DEBUG: : PUMPCOMM selectableLanguage1: 0
    DEBUG: : PUMPCOMM selectableLanguage2: 0
    DEBUG: : PUMPCOMM selectableLanguage3: 0
    DEBUG: : PUMPCOMM selectableLanguage4: 0
    DEBUG: : PUMPCOMM selectableLanguage5: 0
    DEBUG: : PUMPCOMM target: 100
    DEBUG: : PUMPBTCOMM handleMessage done OPTION__GET_USER_OPTION setting received on thread Test worker
    DEBUG: : PUMPBTCOMM notifyAll OPTION__GET_USER_OPTION processedMessage===message: true
    DEBUG: : PUMPBTCOMM already received OPTION__GET_USER_OPTION (no wait needed)
    DEBUG: : PUMPCOMM Requesting pump time
    DEBUG: : PUMPBTCOMM >>>>> OPTION__GET_PUMP_TIME B2 70  
    DEBUG: : PUMPBTCOMM <<<<< OPTION__GET_PUMP_TIME B2 70 1A 05  09 0B 3B 26  
    DEBUG: : PUMPCOMM Pump time null
    DEBUG: : PUMPBTCOMM handleMessage done OPTION__GET_PUMP_TIME setting received on thread Test worker
    DEBUG: : PUMPBTCOMM notifyAll OPTION__GET_PUMP_TIME processedMessage===message: true
    DEBUG: : PUMPBTCOMM already received OPTION__GET_PUMP_TIME (no wait needed)
    DEBUG: : PUMPBTCOMM disconnect from: test cleanup

BLECommIntegrationTest > getCalculationInformation reads target values() STARTED

BLECommIntegrationTest > getCalculationInformation reads target values() STANDARD_OUT
    DEBUG: : PUMPBTCOMM Initializing BLEComm.
    DEBUG: : PUMPBTCOMM Trying to create a new connection from: test
    DEBUG: : PUMPBTCOMM onConnectionStateChange
    DEBUG: : PUMPBTCOMM onServicesDiscovered
    DEBUG: : PUMPBTCOMM >>>>> ENCRYPTION__PUMP_CHECK (0x00) A5 A5 0C E4  F2 C8 AD BA  AD D5 C2 AD  D7 A6 D4 0C  C6 5A 5A 
    DEBUG: : PUMPBTCOMM <<<<< ENCRYPTION__PUMP_CHECK (OK) 02 00 4F 4B  
    DEBUG: : PUMPBTCOMM Using stored pairing key: ABCD
    DEBUG: : PUMPBTCOMM >>>>> ENCRYPTION__CHECK_PASSKEY A5 A5 04 E4  22 42 5C 3B  B0 5A 5A 
    DEBUG: : PUMPBTCOMM <<<<< ENCRYPTION__CHECK_PASSKEY 02 D0 00 
    DEBUG: : PUMPBTCOMM >>>>> ENCRYPTION__TIME_INFORMATION A5 A5 02 E4  F3 94 75 5A  5A 
    DEBUG: : PUMPBTCOMM <<<<< ENCRYPTION__TIME_INFORMATION 02 01 1A 05  09 0B 3B 27  87 0D 
    DEBUG: : PUMPBTCOMM Pump user password: 0000
    DEBUG: : EVENTS Sending EventPumpStatusChanged[error=,performingAction=,secondsElapsed=0,status=CONNECTED]
    DEBUG: : PUMPBTCOMM RS connected and status read
    DEBUG: : PUMPCOMM New message
    DEBUG: : PUMPBTCOMM >>>>> BOLUS__GET_CALCULATION_INFORMATION B2 4B  
    DEBUG: : PUMPBTCOMM <<<<< BOLUS__GET_CALCULATION_INFORMATION B2 4B 00 00  00 00 00 78  00 0A 00 1E  00 00 00 00  
    DEBUG: : PUMPCOMM Result: 0
    DEBUG: : PUMPCOMM Pump units: MGDL
    DEBUG: : PUMPCOMM Current BG: 0.0
    DEBUG: : PUMPCOMM Carbs: 0
    DEBUG: : PUMPCOMM Current target: 120.0
    DEBUG: : PUMPCOMM Current CIR: 10
    DEBUG: : PUMPCOMM Current CF: 30.0
    DEBUG: : PUMPCOMM Pump IOB: 0.0
    DEBUG: : PUMPBTCOMM handleMessage done BOLUS__GET_CALCULATION_INFORMATION setting received on thread Test worker
    DEBUG: : PUMPBTCOMM notifyAll BOLUS__GET_CALCULATION_INFORMATION processedMessage===message: true
    DEBUG: : PUMPBTCOMM already received BOLUS__GET_CALCULATION_INFORMATION (no wait needed)
    DEBUG: : PUMPBTCOMM disconnect from: test cleanup

BLECommIntegrationTest > setProfileBasalRate uploads profile to emulator() STARTED

BLECommIntegrationTest > setProfileBasalRate uploads profile to emulator() STANDARD_OUT
    DEBUG: : PUMPBTCOMM Initializing BLEComm.
    DEBUG: : PUMPBTCOMM Trying to create a new connection from: test
    DEBUG: : PUMPBTCOMM onConnectionStateChange
    DEBUG: : PUMPBTCOMM onServicesDiscovered
    DEBUG: : PUMPBTCOMM >>>>> ENCRYPTION__PUMP_CHECK (0x00) A5 A5 0C E4  F2 C8 AD BA  AD D5 C2 AD  D7 A6 D4 0C  C6 5A 5A 
    DEBUG: : PUMPBTCOMM <<<<< ENCRYPTION__PUMP_CHECK (OK) 02 00 4F 4B  
    DEBUG: : PUMPBTCOMM Using stored pairing key: ABCD
    DEBUG: : PUMPBTCOMM >>>>> ENCRYPTION__CHECK_PASSKEY A5 A5 04 E4  22 42 5C 3B  B0 5A 5A 
    DEBUG: : PUMPBTCOMM <<<<< ENCRYPTION__CHECK_PASSKEY 02 D0 00 
    DEBUG: : PUMPBTCOMM >>>>> ENCRYPTION__TIME_INFORMATION A5 A5 02 E4  F3 94 75 5A  5A 
    DEBUG: : PUMPBTCOMM <<<<< ENCRYPTION__TIME_INFORMATION 02 01 1A 05  09 0B 3B 27  87 0D 
    DEBUG: : PUMPBTCOMM Pump user password: 0000
    DEBUG: : EVENTS Sending EventPumpStatusChanged[error=,performingAction=,secondsElapsed=0,status=CONNECTED]
    DEBUG: : PUMPBTCOMM RS connected and status read
    DEBUG: : PUMPCOMM Setting new basal rates for profile 0
    DEBUG: : PUMPBTCOMM >>>>> BASAL__SET_PROFILE_BASAL_RATE B2 66  01 32 00 37  00 3C 00 41  00 46 00 4B  00 50 00 55  00 5A 00 5F  00 64 00 69  00 6E 00 72  00 78 00 7D  00 82 00 87  00 8C 00 91  00 96 00 9B  00 A0 00 A5  00 
    DEBUG: : PUMPBTCOMM waiting for reply BASAL__SET_PROFILE_BASAL_RATE on thread Test worker
    DEBUG: : PUMPBTCOMM <<<<< BASAL__SET_PROFILE_BASAL_RATE B2 66 00 
    DEBUG: : PUMPCOMM Result OK
    DEBUG: : PUMPBTCOMM handleMessage done BASAL__SET_PROFILE_BASAL_RATE setting received on thread Thread-174
    DEBUG: : PUMPBTCOMM notifyAll BASAL__SET_PROFILE_BASAL_RATE processedMessage===message: true
    DEBUG: : PUMPBTCOMM wait finished BASAL__SET_PROFILE_BASAL_RATE isReceived=true on thread Test worker
    DEBUG: : PUMPBTCOMM disconnect from: test cleanup

BLECommIntegrationTest > password is extracted correctly from handshake() STARTED

BLECommIntegrationTest > password is extracted correctly from handshake() STANDARD_OUT
    DEBUG: : PUMPBTCOMM Initializing BLEComm.
    DEBUG: : PUMPBTCOMM Trying to create a new connection from: test
    DEBUG: : PUMPBTCOMM onConnectionStateChange
    DEBUG: : PUMPBTCOMM onServicesDiscovered
    DEBUG: : PUMPBTCOMM >>>>> ENCRYPTION__PUMP_CHECK (0x00) A5 A5 0C E4  F2 C8 AD BA  AD D5 C2 AD  D7 A6 D4 0C  C6 5A 5A 
    DEBUG: : PUMPBTCOMM <<<<< ENCRYPTION__PUMP_CHECK (OK) 02 00 4F 4B  
    DEBUG: : PUMPBTCOMM Using stored pairing key: ABCD
    DEBUG: : PUMPBTCOMM >>>>> ENCRYPTION__CHECK_PASSKEY A5 A5 04 E4  22 42 5C 3B  B0 5A 5A 
    DEBUG: : PUMPBTCOMM <<<<< ENCRYPTION__CHECK_PASSKEY 02 D0 00 
    DEBUG: : PUMPBTCOMM >>>>> ENCRYPTION__TIME_INFORMATION A5 A5 02 E4  F3 94 75 5A  5A 
    DEBUG: : PUMPBTCOMM <<<<< ENCRYPTION__TIME_INFORMATION 02 01 1A 05  09 0B 3B 27  87 0D 
    DEBUG: : PUMPBTCOMM Pump user password: 0000
    DEBUG: : EVENTS Sending EventPumpStatusChanged[error=,performingAction=,secondsElapsed=0,status=CONNECTED]
    DEBUG: : PUMPBTCOMM RS connected and status read
    DEBUG: : PUMPBTCOMM disconnect from: test cleanup

BLECommIntegrationTest > historyEvents with no history returns done() STARTED

BLECommIntegrationTest > historyEvents with no history returns done() STANDARD_OUT
    DEBUG: : PUMPBTCOMM Initializing BLEComm.
    DEBUG: : PUMPBTCOMM Trying to create a new connection from: test
    DEBUG: : PUMPBTCOMM onConnectionStateChange
    DEBUG: : PUMPBTCOMM onServicesDiscovered
    DEBUG: : PUMPBTCOMM >>>>> ENCRYPTION__PUMP_CHECK (0x00) A5 A5 0C E4  F2 C8 AD BA  AD D5 C2 AD  D7 A6 D4 0C  C6 5A 5A 
    DEBUG: : PUMPBTCOMM <<<<< ENCRYPTION__PUMP_CHECK (OK) 02 00 4F 4B  
    DEBUG: : PUMPBTCOMM Using stored pairing key: ABCD
    DEBUG: : PUMPBTCOMM >>>>> ENCRYPTION__CHECK_PASSKEY A5 A5 04 E4  22 42 5C 3B  B0 5A 5A 
    DEBUG: : PUMPBTCOMM <<<<< ENCRYPTION__CHECK_PASSKEY 02 D0 00 
    DEBUG: : PUMPBTCOMM >>>>> ENCRYPTION__TIME_INFORMATION A5 A5 02 E4  F3 94 75 5A  5A 
    DEBUG: : PUMPBTCOMM <<<<< ENCRYPTION__TIME_INFORMATION 02 01 1A 05  09 0B 3B 27  87 0D 
    DEBUG: : PUMPBTCOMM Pump user password: 0000
    DEBUG: : EVENTS Sending EventPumpStatusChanged[error=,performingAction=,secondsElapsed=0,status=CONNECTED]
    DEBUG: : PUMPBTCOMM RS connected and status read
    DEBUG: : PUMPCOMM Loading event history from: null
    DEBUG: : PUMPBTCOMM >>>>> APS_HISTORY_EVENTS B2 C2  00 01 01 00  00 00 
    DEBUG: : PUMPBTCOMM <<<<< APS_HISTORY_EVENTS B2 C2 FF 
    DEBUG: : PUMPCOMM Last record received
    DEBUG: : PUMPBTCOMM handleMessage done APS_HISTORY_EVENTS setting received on thread Test worker
    DEBUG: : PUMPBTCOMM notifyAll APS_HISTORY_EVENTS processedMessage===message: true
    DEBUG: : PUMPBTCOMM already received APS_HISTORY_EVENTS (no wait needed)
    DEBUG: : PUMPBTCOMM disconnect from: test cleanup

BLECommIntegrationTest > bolusStart delivers bolus to emulator() STARTED

BLECommIntegrationTest > bolusStart delivers bolus to emulator() STANDARD_OUT
    DEBUG: : PUMPBTCOMM Initializing BLEComm.
    DEBUG: : PUMPBTCOMM Trying to create a new connection from: test
    DEBUG: : PUMPBTCOMM onConnectionStateChange
    DEBUG: : PUMPBTCOMM onServicesDiscovered
    DEBUG: : PUMPBTCOMM >>>>> ENCRYPTION__PUMP_CHECK (0x00) A5 A5 0C E4  F2 C8 AD BA  AD D5 C2 AD  D7 A6 D4 0C  C6 5A 5A 
    DEBUG: : PUMPBTCOMM <<<<< ENCRYPTION__PUMP_CHECK (OK) 02 00 4F 4B  
    DEBUG: : PUMPBTCOMM Using stored pairing key: ABCD
    DEBUG: : PUMPBTCOMM >>>>> ENCRYPTION__CHECK_PASSKEY A5 A5 04 E4  22 42 5C 3B  B0 5A 5A 
    DEBUG: : PUMPBTCOMM <<<<< ENCRYPTION__CHECK_PASSKEY 02 D0 00 
    DEBUG: : PUMPBTCOMM >>>>> ENCRYPTION__TIME_INFORMATION A5 A5 02 E4  F3 94 75 5A  5A 
    DEBUG: : PUMPBTCOMM <<<<< ENCRYPTION__TIME_INFORMATION 02 01 1A 05  09 0B 3B 27  87 0D 
    DEBUG: : PUMPBTCOMM Pump user password: 0000
    DEBUG: : EVENTS Sending EventPumpStatusChanged[error=,performingAction=,secondsElapsed=0,status=CONNECTED]
    DEBUG: : PUMPBTCOMM RS connected and status read
    DEBUG: : PUMPCOMM Bolus start : 2.5 speed: 0
    DEBUG: : PUMPBTCOMM >>>>> BOLUS__SET_STEP_BOLUS_START B2 4A  FA 00 00 
    DEBUG: : PUMPBTCOMM <<<<< BOLUS__SET_STEP_BOLUS_START B2 4A 00 
    DEBUG: : PUMPCOMM Result OK
    DEBUG: : PUMPBTCOMM handleMessage done BOLUS__SET_STEP_BOLUS_START setting received on thread Test worker
    DEBUG: : PUMPBTCOMM notifyAll BOLUS__SET_STEP_BOLUS_START processedMessage===message: true
    DEBUG: : PUMPBTCOMM already received BOLUS__SET_STEP_BOLUS_START (no wait needed)
    DEBUG: : PUMPBTCOMM disconnect from: test cleanup

BLECommIntegrationTest > bolusStop succeeds() STARTED

BLECommIntegrationTest > bolusStop succeeds() STANDARD_OUT
    DEBUG: : PUMPBTCOMM Initializing BLEComm.
    DEBUG: : PUMPBTCOMM Trying to create a new connection from: test
    DEBUG: : PUMPBTCOMM onConnectionStateChange
    DEBUG: : PUMPBTCOMM onServicesDiscovered
    DEBUG: : PUMPBTCOMM >>>>> ENCRYPTION__PUMP_CHECK (0x00) A5 A5 0C E4  F2 C8 AD BA  AD D5 C2 AD  D7 A6 D4 0C  C6 5A 5A 
    DEBUG: : PUMPBTCOMM <<<<< ENCRYPTION__PUMP_CHECK (OK) 02 00 4F 4B  
    DEBUG: : PUMPBTCOMM Using stored pairing key: ABCD
    DEBUG: : PUMPBTCOMM >>>>> ENCRYPTION__CHECK_PASSKEY A5 A5 04 E4  22 42 5C 3B  B0 5A 5A 
    DEBUG: : PUMPBTCOMM <<<<< ENCRYPTION__CHECK_PASSKEY 02 D0 00 
    DEBUG: : PUMPBTCOMM >>>>> ENCRYPTION__TIME_INFORMATION A5 A5 02 E4  F3 94 75 5A  5A 
    DEBUG: : PUMPBTCOMM <<<<< ENCRYPTION__TIME_INFORMATION 02 01 1A 05  09 0B 3B 28  87 0D 
    DEBUG: : PUMPBTCOMM Pump user password: 0000
    DEBUG: : EVENTS Sending EventPumpStatusChanged[error=,performingAction=,secondsElapsed=0,status=CONNECTED]
    DEBUG: : PUMPBTCOMM RS connected and status read
    DEBUG: : PUMPCOMM Bolus start : 1.0 speed: 0
    DEBUG: : PUMPBTCOMM >>>>> BOLUS__SET_STEP_BOLUS_START B2 4A  64 00 00 
    DEBUG: : PUMPBTCOMM <<<<< BOLUS__SET_STEP_BOLUS_START B2 4A 00 
    DEBUG: : PUMPCOMM Result OK
    DEBUG: : PUMPBTCOMM handleMessage done BOLUS__SET_STEP_BOLUS_START setting received on thread Test worker
    DEBUG: : PUMPBTCOMM notifyAll BOLUS__SET_STEP_BOLUS_START processedMessage===message: true
    DEBUG: : PUMPBTCOMM already received BOLUS__SET_STEP_BOLUS_START (no wait needed)
    DEBUG: : PUMPBTCOMM >>>>> BOLUS__SET_STEP_BOLUS_STOP B2 44  
    DEBUG: : PUMPBTCOMM <<<<< BOLUS__SET_STEP_BOLUS_STOP B2 44 00 
    DEBUG: : PUMPCOMM Result OK
    DEBUG: : PUMPBTCOMM handleMessage done BOLUS__SET_STEP_BOLUS_STOP setting received on thread Test worker
    DEBUG: : PUMPBTCOMM notifyAll BOLUS__SET_STEP_BOLUS_STOP processedMessage===message: true
    DEBUG: : PUMPBTCOMM already received BOLUS__SET_STEP_BOLUS_STOP (no wait needed)
    DEBUG: : PUMPBTCOMM disconnect from: test cleanup
    ERROR: PUMPBTCOMM Unknown message received C3 02 FA 00  
    ERROR: PUMPBTCOMM Unknown message received C3 02 64 00  
    ERROR: PUMPBTCOMM Unknown message received C3 01 64 00  

BLECommIntegrationTest > get24CIRCFArray reads 24-hour CIR and CF from emulator() STARTED

> Task :plugins:source:compileFullDebugJavaWithJavac

> Task :pump:equil:testFullDebugUnitTest

EquilBLETest > connecting should be false initially() STARTED

EquilBLECallbackTest > disconnect should reset autoScan() STARTED

AlarmModeTest > valueOf should return correct enum() STARTED

> Task :plugins:source:processFullDebugJavaRes

> Task :pump:danars-emulator:testFullDebugUnitTest

BLECommIntegrationTest > get24CIRCFArray reads 24-hour CIR and CF from emulator() STANDARD_OUT
    DEBUG: : PUMPBTCOMM Initializing BLEComm.
    DEBUG: : PUMPBTCOMM Trying to create a new connection from: test
    DEBUG: : PUMPBTCOMM onConnectionStateChange
    DEBUG: : PUMPBTCOMM onServicesDiscovered
    DEBUG: : PUMPBTCOMM >>>>> ENCRYPTION__PUMP_CHECK (0x00) A5 A5 0C E4  F2 C8 AD BA  AD D5 C2 AD  D7 A6 D4 0C  C6 5A 5A 
    DEBUG: : PUMPBTCOMM <<<<< ENCRYPTION__PUMP_CHECK (OK) 02 00 4F 4B  
    DEBUG: : PUMPBTCOMM Using stored pairing key: ABCD
    DEBUG: : PUMPBTCOMM >>>>> ENCRYPTION__CHECK_PASSKEY A5 A5 04 E4  22 42 5C 3B  B0 5A 5A 
    DEBUG: : PUMPBTCOMM <<<<< ENCRYPTION__CHECK_PASSKEY 02 D0 00 
    DEBUG: : PUMPBTCOMM >>>>> ENCRYPTION__TIME_INFORMATION A5 A5 02 E4  F3 94 75 5A  5A 
    DEBUG: : PUMPBTCOMM <<<<< ENCRYPTION__TIME_INFORMATION 02 01 1A 05  09 0B 3B 28  87 0D 
    DEBUG: : PUMPBTCOMM Pump user password: 0000
    DEBUG: : EVENTS Sending EventPumpStatusChanged[error=,performingAction=,secondsElapsed=0,status=CONNECTED]
    DEBUG: : PUMPBTCOMM RS connected and status read
    DEBUG: : PUMPCOMM New message
    DEBUG: : PUMPBTCOMM >>>>> BOLUS__GET_24_ CIR_CF_ARRAY B2 52  
    DEBUG: : PUMPBTCOMM <<<<< BOLUS__GET_24_ CIR_CF_ARRAY B2 52 00 0A  00 0B 00 0C  00 0D 00 0E  00 0F 00 10  00 11 00 12  00 13 00 14  00 15 00 16  00 17 00 18  00 19 00 1A  00 1B 00 1C  00 1D 00 1E  00 1F 00 20  00 21 00 1E  00 20 00 22  00 24 00 26  00 28 00 2A  00 2C 00 2E  00 30 00 32  00 34 00 36  00 38 00 3A  00 3C 00 3E  00 40 00 42  00 44 00 46  00 48 00 4A  00 4C 00 
    DEBUG: : PUMPCOMM 0: CIR: 10.0  CF: 30.0
    DEBUG: : PUMPCOMM 1: CIR: 11.0  CF: 32.0
    DEBUG: : PUMPCOMM 2: CIR: 12.0  CF: 34.0
    DEBUG: : PUMPCOMM 3: CIR: 13.0  CF: 36.0
    DEBUG: : PUMPCOMM 4: CIR: 14.0  CF: 38.0
    DEBUG: : PUMPCOMM 5: CIR: 15.0  CF: 40.0
    DEBUG: : PUMPCOMM 6: CIR: 16.0  CF: 42.0
    DEBUG: : PUMPCOMM 7: CIR: 17.0  CF: 44.0
    DEBUG: : PUMPCOMM 8: CIR: 18.0  CF: 46.0
    DEBUG: : PUMPCOMM 9: CIR: 19.0  CF: 48.0
    DEBUG: : PUMPCOMM 10: CIR: 20.0  CF: 50.0
    DEBUG: : PUMPCOMM 11: CIR: 21.0  CF: 52.0
    DEBUG: : PUMPCOMM 12: CIR: 22.0  CF: 54.0
    DEBUG: : PUMPCOMM 13: CIR: 23.0  CF: 56.0
    DEBUG: : PUMPCOMM 14: CIR: 24.0  CF: 58.0
    DEBUG: : PUMPCOMM 15: CIR: 25.0  CF: 60.0
    DEBUG: : PUMPCOMM 16: CIR: 26.0  CF: 62.0
    DEBUG: : PUMPCOMM 17: CIR: 27.0  CF: 64.0
    DEBUG: : PUMPCOMM 18: CIR: 28.0  CF: 66.0
    DEBUG: : PUMPCOMM 19: CIR: 29.0  CF: 68.0
    DEBUG: : PUMPCOMM 20: CIR: 30.0  CF: 70.0
    DEBUG: : PUMPCOMM 21: CIR: 31.0  CF: 72.0
    DEBUG: : PUMPCOMM 22: CIR: 32.0  CF: 74.0
    DEBUG: : PUMPCOMM 23: CIR: 33.0  CF: 76.0
    DEBUG: : PUMPCOMM Pump units: MGDL
    DEBUG: : PUMPBTCOMM handleMessage done BOLUS__GET_24_ CIR_CF_ARRAY setting received on thread Test worker
    DEBUG: : PUMPBTCOMM notifyAll BOLUS__GET_24_ CIR_CF_ARRAY processedMessage===message: true
    DEBUG: : PUMPBTCOMM already received BOLUS__GET_24_ CIR_CF_ARRAY (no wait needed)
    DEBUG: : PUMPBTCOMM disconnect from: test cleanup

BLECommIntegrationTest > setUserOption writes user settings to emulator() STARTED

BLECommIntegrationTest > setUserOption writes user settings to emulator() STANDARD_OUT
    DEBUG: : PUMPBTCOMM Initializing BLEComm.
    DEBUG: : PUMPBTCOMM Trying to create a new connection from: test
    DEBUG: : PUMPBTCOMM onConnectionStateChange
    DEBUG: : PUMPBTCOMM onServicesDiscovered
    DEBUG: : PUMPBTCOMM >>>>> ENCRYPTION__PUMP_CHECK (0x00) A5 A5 0C E4  F2 C8 AD BA  AD D5 C2 AD  D7 A6 D4 0C  C6 5A 5A 
    DEBUG: : PUMPBTCOMM <<<<< ENCRYPTION__PUMP_CHECK (OK) 02 00 4F 4B  
    DEBUG: : PUMPBTCOMM Using stored pairing key: ABCD
    DEBUG: : PUMPBTCOMM >>>>> ENCRYPTION__CHECK_PASSKEY A5 A5 04 E4  22 42 5C 3B  B0 5A 5A 
    DEBUG: : PUMPBTCOMM <<<<< ENCRYPTION__CHECK_PASSKEY 02 D0 00 
    DEBUG: : PUMPBTCOMM >>>>> ENCRYPTION__TIME_INFORMATION A5 A5 02 E4  F3 94 75 5A  5A 
    DEBUG: : PUMPBTCOMM <<<<< ENCRYPTION__TIME_INFORMATION 02 01 1A 05  09 0B 3B 29  87 0D 
    DEBUG: : PUMPBTCOMM Pump user password: 0000
    DEBUG: : EVENTS Sending EventPumpStatusChanged[error=,performingAction=,secondsElapsed=0,status=CONNECTED]
    DEBUG: : PUMPBTCOMM RS connected and status read
    DEBUG: : PUMPCOMM Setting user settings
    DEBUG: : PUMPCOMM UserOptions:1778342381 s ago
    timeDisplayType24:false
    buttonScroll:false
    beepAndAlarm:0
    lcdOnTimeSec:15
    backlight:10
    danaRPumpUnits:0
    lowReservoir:10
    cannulaVolume:20
    refillAmount:0
    target:0
    DEBUG: : PUMPBTCOMM >>>>> OPTION__SET_USER_OPTION B2 73  01 00 00 0F  0A 01 00 00  0A 14 00 00  00 
    DEBUG: : PUMPBTCOMM waiting for reply OPTION__SET_USER_OPTION on thread Test worker
    DEBUG: : PUMPBTCOMM <<<<< OPTION__SET_USER_OPTION B2 73 00 
    DEBUG: : PUMPCOMM Result OK
    DEBUG: : PUMPBTCOMM handleMessage done OPTION__SET_USER_OPTION setting received on thread Thread-226
    DEBUG: : PUMPBTCOMM notifyAll OPTION__SET_USER_OPTION processedMessage===message: true
    DEBUG: : PUMPBTCOMM wait finished OPTION__SET_USER_OPTION isReceived=true on thread Test worker
    DEBUG: : PUMPBTCOMM disconnect from: test cleanup

BLECommIntegrationTest > getUserOption reads pump settings() STARTED

BLECommIntegrationTest > getUserOption reads pump settings() STANDARD_OUT
    DEBUG: : PUMPBTCOMM Initializing BLEComm.
    DEBUG: : PUMPBTCOMM Trying to create a new connection from: test
    DEBUG: : PUMPBTCOMM onConnectionStateChange
    DEBUG: : PUMPBTCOMM onServicesDiscovered
    DEBUG: : PUMPBTCOMM >>>>> ENCRYPTION__PUMP_CHECK (0x00) A5 A5 0C E4  F2 C8 AD BA  AD D5 C2 AD  D7 A6 D4 0C  C6 5A 5A 
    DEBUG: : PUMPBTCOMM <<<<< ENCRYPTION__PUMP_CHECK (OK) 02 00 4F 4B  
    DEBUG: : PUMPBTCOMM Using stored pairing key: ABCD
    DEBUG: : PUMPBTCOMM >>>>> ENCRYPTION__CHECK_PASSKEY A5 A5 04 E4  22 42 5C 3B  B0 5A 5A 
    DEBUG: : PUMPBTCOMM <<<<< ENCRYPTION__CHECK_PASSKEY 02 D0 00 
    DEBUG: : PUMPBTCOMM >>>>> ENCRYPTION__TIME_INFORMATION A5 A5 02 E4  F3 94 75 5A  5A 
    DEBUG: : PUMPBTCOMM <<<<< ENCRYPTION__TIME_INFORMATION 02 01 1A 05  09 0B 3B 2A  87 0D 
    DEBUG: : PUMPBTCOMM Pump user password: 0000
    DEBUG: : EVENTS Sending EventPumpStatusChanged[error=,performingAction=,secondsElapsed=0,status=CONNECTED]
    DEBUG: : PUMPBTCOMM RS connected and status read
    DEBUG: : PUMPCOMM Requesting user settings
    DEBUG: : PUMPBTCOMM >>>>> OPTION__GET_USER_OPTION B2 72  
    DEBUG: : PUMPBTCOMM <<<<< OPTION__GET_USER_OPTION B2 72 00 00  00 0A 08 00  00 00 0F 14  00 00 00 00  00 00 00 00  64 00 00 00  
    DEBUG: : PUMPCOMM timeDisplayType24: true
    DEBUG: : PUMPCOMM buttonScrollOnOff: false
    DEBUG: : PUMPCOMM beepAndAlarm: 0
    DEBUG: : PUMPCOMM lcdOnTimeSec: 10
    DEBUG: : PUMPCOMM backlightOnTimeSec: 8
    DEBUG: : PUMPCOMM selectedLanguage: 0
    DEBUG: : PUMPCOMM Pump units: MGDL
    DEBUG: : PUMPCOMM shutdownHour: 0
    DEBUG: : PUMPCOMM lowReservoirRate: 15
    DEBUG: : PUMPCOMM cannulaVolume: 20
    DEBUG: : PUMPCOMM refillAmount: 0
    DEBUG: : PUMPCOMM selectableLanguage1: 0
    DEBUG: : PUMPCOMM selectableLanguage2: 0
    DEBUG: : PUMPCOMM selectableLanguage3: 0
    DEBUG: : PUMPCOMM selectableLanguage4: 0
    DEBUG: : PUMPCOMM selectableLanguage5: 0
    DEBUG: : PUMPCOMM target: 100
    DEBUG: : PUMPBTCOMM handleMessage done OPTION__GET_USER_OPTION setting received on thread Test worker
    DEBUG: : PUMPBTCOMM notifyAll OPTION__GET_USER_OPTION processedMessage===message: true
    DEBUG: : PUMPBTCOMM already received OPTION__GET_USER_OPTION (no wait needed)
    DEBUG: : PUMPBTCOMM disconnect from: test cleanup

BLECommIntegrationTest > profile upload and activate round-trip() STARTED

BLECommIntegrationTest > profile upload and activate round-trip() STANDARD_OUT
    DEBUG: : PUMPBTCOMM Initializing BLEComm.
    DEBUG: : PUMPBTCOMM Trying to create a new connection from: test
    DEBUG: : PUMPBTCOMM onConnectionStateChange
    DEBUG: : PUMPBTCOMM onServicesDiscovered
    DEBUG: : PUMPBTCOMM >>>>> ENCRYPTION__PUMP_CHECK (0x00) A5 A5 0C E4  F2 C8 AD BA  AD D5 C2 AD  D7 A6 D4 0C  C6 5A 5A 
    DEBUG: : PUMPBTCOMM <<<<< ENCRYPTION__PUMP_CHECK (OK) 02 00 4F 4B  
    DEBUG: : PUMPBTCOMM Using stored pairing key: ABCD
    DEBUG: : PUMPBTCOMM >>>>> ENCRYPTION__CHECK_PASSKEY A5 A5 04 E4  22 42 5C 3B  B0 5A 5A 
    DEBUG: : PUMPBTCOMM <<<<< ENCRYPTION__CHECK_PASSKEY 02 D0 00 
    DEBUG: : PUMPBTCOMM >>>>> ENCRYPTION__TIME_INFORMATION A5 A5 02 E4  F3 94 75 5A  5A 
    DEBUG: : PUMPBTCOMM <<<<< ENCRYPTION__TIME_INFORMATION 02 01 1A 05  09 0B 3B 2A  87 0D 
    DEBUG: : PUMPBTCOMM Pump user password: 0000
    DEBUG: : EVENTS Sending EventPumpStatusChanged[error=,performingAction=,secondsElapsed=0,status=CONNECTED]
    DEBUG: : PUMPBTCOMM RS connected and status read
    DEBUG: : PUMPCOMM Setting new basal rates for profile 0
    DEBUG: : PUMPBTCOMM >>>>> BASAL__SET_PROFILE_BASAL_RATE B2 66  01 50 00 64  00 64 00 64  00 64 00 64  00 64 00 64  00 64 00 64  00 64 00 64  00 78 00 64  00 64 00 64  00 64 00 64  00 64 00 64  00 64 00 64  00 64 00 64  00 
    DEBUG: : PUMPBTCOMM waiting for reply BASAL__SET_PROFILE_BASAL_RATE on thread Test worker
    DEBUG: : PUMPBTCOMM <<<<< BASAL__SET_PROFILE_BASAL_RATE B2 66 00 
    DEBUG: : PUMPCOMM Result OK
    DEBUG: : PUMPBTCOMM handleMessage done BASAL__SET_PROFILE_BASAL_RATE setting received on thread Thread-245
    DEBUG: : PUMPBTCOMM notifyAll BASAL__SET_PROFILE_BASAL_RATE processedMessage===message: true
    DEBUG: : PUMPBTCOMM wait finished BASAL__SET_PROFILE_BASAL_RATE isReceived=true on thread Test worker
    DEBUG: : PUMPCOMM Setting profile number 0
    DEBUG: : PUMPBTCOMM >>>>> BASAL__SET_PROFILE_NUMBER B2 64  01 
    DEBUG: : PUMPBTCOMM <<<<< BASAL__SET_PROFILE_NUMBER B2 64 00 
    DEBUG: : PUMPCOMM Result OK
    DEBUG: : PUMPBTCOMM handleMessage done BASAL__SET_PROFILE_NUMBER setting received on thread Test worker
    DEBUG: : PUMPBTCOMM notifyAll BASAL__SET_PROFILE_NUMBER processedMessage===message: true
    DEBUG: : PUMPBTCOMM already received BASAL__SET_PROFILE_NUMBER (no wait needed)
    DEBUG: : PUMPCOMM Requesting active profile
    DEBUG: : PUMPBTCOMM >>>>> BASAL__GET_PROFILE_NUMBER B2 63  
    DEBUG: : PUMPBTCOMM <<<<< BASAL__GET_PROFILE_NUMBER B2 63 01 
    DEBUG: : PUMPCOMM Active profile: 1
    DEBUG: : PUMPBTCOMM handleMessage done BASAL__GET_PROFILE_NUMBER setting received on thread Test worker
    DEBUG: : PUMPBTCOMM notifyAll BASAL__GET_PROFILE_NUMBER processedMessage===message: true
    DEBUG: : PUMPBTCOMM already received BASAL__GET_PROFILE_NUMBER (no wait needed)
    DEBUG: : PUMPCOMM Requesting basal rates
    DEBUG: : PUMPBTCOMM >>>>> BASAL__GET_BASAL_RATE B2 67  
    DEBUG: : PUMPBTCOMM <<<<< BASAL__GET_BASAL_RATE B2 67 2C 01  01 50 00 64  00 64 00 64  00 64 00 64  00 64 00 64  00 64 00 64  00 64 00 64  00 78 00 64  00 64 00 64  00 64 00 64  00 64 00 64  00 64 00 64  00 64 00 64  00 
    DEBUG: : PUMPCOMM Max basal: 3.0 U
    DEBUG: : PUMPCOMM Basal step: 0.01 U
    DEBUG: : PUMPCOMM Basal 00h: 0.8
    DEBUG: : PUMPCOMM Basal 01h: 1.0
    DEBUG: : PUMPCOMM Basal 02h: 1.0
    DEBUG: : PUMPCOMM Basal 03h: 1.0
    DEBUG: : PUMPCOMM Basal 04h: 1.0
    DEBUG: : PUMPCOMM Basal 05h: 1.0
    DEBUG: : PUMPCOMM Basal 06h: 1.0
    DEBUG: : PUMPCOMM Basal 07h: 1.0
    DEBUG: : PUMPCOMM Basal 08h: 1.0
    DEBUG: : PUMPCOMM Basal 09h: 1.0
    DEBUG: : PUMPCOMM Basal 10h: 1.0
    DEBUG: : PUMPCOMM Basal 11h: 1.0
    DEBUG: : PUMPCOMM Basal 12h: 1.2
    DEBUG: : PUMPCOMM Basal 13h: 1.0
    DEBUG: : PUMPCOMM Basal 14h: 1.0
    DEBUG: : PUMPCOMM Basal 15h: 1.0
    DEBUG: : PUMPCOMM Basal 16h: 1.0
    DEBUG: : PUMPCOMM Basal 17h: 1.0
    DEBUG: : PUMPCOMM Basal 18h: 1.0
    DEBUG: : PUMPCOMM Basal 19h: 1.0
    DEBUG: : PUMPCOMM Basal 20h: 1.0
    DEBUG: : PUMPCOMM Basal 21h: 1.0
    DEBUG: : PUMPCOMM Basal 22h: 1.0
    DEBUG: : PUMPCOMM Basal 23h: 1.0
    DEBUG: : PUMPBTCOMM handleMessage done BASAL__GET_BASAL_RATE setting received on thread Test worker
    DEBUG: : PUMPBTCOMM notifyAll BASAL__GET_BASAL_RATE processedMessage===message: true
    DEBUG: : PUMPBTCOMM already received BASAL__GET_BASAL_RATE (no wait needed)
    DEBUG: : PUMPBTCOMM disconnect from: test cleanup

BLECommIntegrationTest > cancelTemporaryBasal clears emulator state() STARTED

BLECommIntegrationTest > cancelTemporaryBasal clears emulator state() STANDARD_OUT
    DEBUG: : PUMPBTCOMM Initializing BLEComm.
    DEBUG: : PUMPBTCOMM Trying to create a new connection from: test
    DEBUG: : PUMPBTCOMM onConnectionStateChange
    DEBUG: : PUMPBTCOMM onServicesDiscovered
    DEBUG: : PUMPBTCOMM >>>>> ENCRYPTION__PUMP_CHECK (0x00) A5 A5 0C E4  F2 C8 AD BA  AD D5 C2 AD  D7 A6 D4 0C  C6 5A 5A 
    DEBUG: : PUMPBTCOMM <<<<< ENCRYPTION__PUMP_CHECK (OK) 02 00 4F 4B  
    DEBUG: : PUMPBTCOMM Using stored pairing key: ABCD
    DEBUG: : PUMPBTCOMM >>>>> ENCRYPTION__CHECK_PASSKEY A5 A5 04 E4  22 42 5C 3B  B0 5A 5A 
    DEBUG: : PUMPBTCOMM <<<<< ENCRYPTION__CHECK_PASSKEY 02 D0 00 
    DEBUG: : PUMPBTCOMM >>>>> ENCRYPTION__TIME_INFORMATION A5 A5 02 E4  F3 94 75 5A  5A 
    DEBUG: : PUMPBTCOMM <<<<< ENCRYPTION__TIME_INFORMATION 02 01 1A 05  09 0B 3B 2A  87 0D 
    DEBUG: : PUMPBTCOMM Pump user password: 0000
    DEBUG: : EVENTS Sending EventPumpStatusChanged[error=,performingAction=,secondsElapsed=0,status=CONNECTED]
    DEBUG: : PUMPBTCOMM RS connected and status read
    DEBUG: : PUMPCOMM New message: APS Temp basal start
    DEBUG: : PUMPCOMM APS Temp basal start percent: 200 duration 15 min
    DEBUG: : PUMPBTCOMM >>>>> BASAL__APS_SET_TEMPORARY_BASAL B2 C1  C8 00 96 
    DEBUG: : PUMPBTCOMM <<<<< BASAL__APS_SET_TEMPORARY_BASAL B2 C1 00 
    DEBUG: : PUMPCOMM Set APS temp basal start result: 0
    DEBUG: : PUMPBTCOMM handleMessage done BASAL__APS_SET_TEMPORARY_BASAL setting received on thread Test worker
    DEBUG: : PUMPBTCOMM notifyAll BASAL__APS_SET_TEMPORARY_BASAL processedMessage===message: true
    DEBUG: : PUMPBTCOMM already received BASAL__APS_SET_TEMPORARY_BASAL (no wait needed)
    DEBUG: : PUMPCOMM Canceling temp basal
    DEBUG: : PUMPBTCOMM >>>>> BASAL__CANCEL_TEMPORARY_BASAL B2 62  
    DEBUG: : PUMPBTCOMM <<<<< BASAL__CANCEL_TEMPORARY_BASAL B2 62 00 
    DEBUG: : PUMPCOMM Result OK
    DEBUG: : PUMPBTCOMM handleMessage done BASAL__CANCEL_TEMPORARY_BASAL setting received on thread Test worker
    DEBUG: : PUMPBTCOMM notifyAll BASAL__CANCEL_TEMPORARY_BASAL processedMessage===message: true
    DEBUG: : PUMPBTCOMM already received BASAL__CANCEL_TEMPORARY_BASAL (no wait needed)
    DEBUG: : PUMPBTCOMM disconnect from: test cleanup

BLECommIntegrationTest > connect completes v1 handshake and sets connected() STARTED

BLECommIntegrationTest > connect completes v1 handshake and sets connected() STANDARD_OUT
    DEBUG: : PUMPBTCOMM Initializing BLEComm.
    DEBUG: : PUMPBTCOMM Trying to create a new connection from: test
    DEBUG: : PUMPBTCOMM onConnectionStateChange
    DEBUG: : PUMPBTCOMM onServicesDiscovered
    DEBUG: : PUMPBTCOMM >>>>> ENCRYPTION__PUMP_CHECK (0x00) A5 A5 0C E4  F2 C8 AD BA  AD D5 C2 AD  D7 A6 D4 0C  C6 5A 5A 
    DEBUG: : PUMPBTCOMM <<<<< ENCRYPTION__PUMP_CHECK (OK) 02 00 4F 4B  
    DEBUG: : PUMPBTCOMM Using stored pairing key: ABCD
    DEBUG: : PUMPBTCOMM >>>>> ENCRYPTION__CHECK_PASSKEY A5 A5 04 E4  22 42 5C 3B  B0 5A 5A 
    DEBUG: : PUMPBTCOMM <<<<< ENCRYPTION__CHECK_PASSKEY 02 D0 00 
    DEBUG: : PUMPBTCOMM >>>>> ENCRYPTION__TIME_INFORMATION A5 A5 02 E4  F3 94 75 5A  5A 
    DEBUG: : PUMPBTCOMM <<<<< ENCRYPTION__TIME_INFORMATION 02 01 1A 05  09 0B 3B 2A  87 0D 
    DEBUG: : PUMPBTCOMM Pump user password: 0000
    DEBUG: : EVENTS Sending EventPumpStatusChanged[error=,performingAction=,secondsElapsed=0,status=CONNECTED]
    DEBUG: : PUMPBTCOMM RS connected and status read
    DEBUG: : PUMPBTCOMM disconnect from: test cleanup

BLECommIntegrationTest > getPumpUTCAndTimeZone reads UTC time and zone offset() STARTED

BLECommIntegrationTest > getPumpUTCAndTimeZone reads UTC time and zone offset() STANDARD_OUT
    DEBUG: : PUMPBTCOMM Initializing BLEComm.
    DEBUG: : PUMPBTCOMM Trying to create a new connection from: test
    DEBUG: : PUMPBTCOMM onConnectionStateChange
    DEBUG: : PUMPBTCOMM onServicesDiscovered
    DEBUG: : PUMPBTCOMM >>>>> ENCRYPTION__PUMP_CHECK (0x00) A5 A5 0C E4  F2 C8 AD BA  AD D5 C2 AD  D7 A6 D4 0C  C6 5A 5A 
    DEBUG: : PUMPBTCOMM <<<<< ENCRYPTION__PUMP_CHECK (OK) 02 00 4F 4B  
    DEBUG: : PUMPBTCOMM Using stored pairing key: ABCD
    DEBUG: : PUMPBTCOMM >>>>> ENCRYPTION__CHECK_PASSKEY A5 A5 04 E4  22 42 5C 3B  B0 5A 5A 
    DEBUG: : PUMPBTCOMM <<<<< ENCRYPTION__CHECK_PASSKEY 02 D0 00 
    DEBUG: : PUMPBTCOMM >>>>> ENCRYPTION__TIME_INFORMATION A5 A5 02 E4  F3 94 75 5A  5A 
    DEBUG: : PUMPBTCOMM <<<<< ENCRYPTION__TIME_INFORMATION 02 01 1A 05  09 0B 3B 2A  87 0D 
    DEBUG: : PUMPBTCOMM Pump user password: 0000
    DEBUG: : EVENTS Sending EventPumpStatusChanged[error=,performingAction=,secondsElapsed=0,status=CONNECTED]
    DEBUG: : PUMPBTCOMM RS connected and status read
    DEBUG: : PUMPCOMM New message
    DEBUG: : PUMPBTCOMM >>>>> REVIEW__GET_PUMP_CHECK B2 21  
    DEBUG: : PUMPBTCOMM <<<<< REVIEW__GET_PUMP_CHECK B2 21 07 05  02 
    DEBUG: : PUMPCOMM Model: 07 
    DEBUG: : PUMPCOMM Protocol: 05 
    DEBUG: : PUMPCOMM Product Code: 02 
    DEBUG: : PUMPBTCOMM handleMessage done REVIEW__GET_PUMP_CHECK setting received on thread Test worker
    DEBUG: : PUMPBTCOMM notifyAll REVIEW__GET_PUMP_CHECK processedMessage===message: true
    DEBUG: : PUMPBTCOMM already received REVIEW__GET_PUMP_CHECK (no wait needed)
    DEBUG: : PUMPCOMM Requesting pump UTC time
    DEBUG: : PUMPBTCOMM >>>>> OPTION__GET_PUMP_UTC_AND_TIMEZONE B2 78  
    DEBUG: : PUMPBTCOMM <<<<< OPTION__GET_PUMP_UTC_AND_TIMEZONE B2 78 1A 05  09 0F 3B 2A  03 
    DEBUG: : PUMPCOMM Pump time null ZoneOffset: 3
    DEBUG: : PUMPBTCOMM handleMessage done OPTION__GET_PUMP_UTC_AND_TIMEZONE setting received on thread Test worker
    DEBUG: : PUMPBTCOMM notifyAll OPTION__GET_PUMP_UTC_AND_TIMEZONE processedMessage===message: true
    DEBUG: : PUMPBTCOMM already received OPTION__GET_PUMP_UTC_AND_TIMEZONE (no wait needed)
    DEBUG: : PUMPBTCOMM disconnect from: test cleanup

BLECommIntegrationTest > setProfileNumber activates profile on emulator() STARTED

BLECommIntegrationTest > setProfileNumber activates profile on emulator() STANDARD_OUT
    DEBUG: : PUMPBTCOMM Initializing BLEComm.
    DEBUG: : PUMPBTCOMM Trying to create a new connection from: test
    DEBUG: : PUMPBTCOMM onConnectionStateChange
    DEBUG: : PUMPBTCOMM onServicesDiscovered
    DEBUG: : PUMPBTCOMM >>>>> ENCRYPTION__PUMP_CHECK (0x00) A5 A5 0C E4  F2 C8 AD BA  AD D5 C2 AD  D7 A6 D4 0C  C6 5A 5A 
    DEBUG: : PUMPBTCOMM <<<<< ENCRYPTION__PUMP_CHECK (OK) 02 00 4F 4B  
    DEBUG: : PUMPBTCOMM Using stored pairing key: ABCD
    DEBUG: : PUMPBTCOMM >>>>> ENCRYPTION__CHECK_PASSKEY A5 A5 04 E4  22 42 5C 3B  B0 5A 5A 
    DEBUG: : PUMPBTCOMM <<<<< ENCRYPTION__CHECK_PASSKEY 02 D0 00 
    DEBUG: : PUMPBTCOMM >>>>> ENCRYPTION__TIME_INFORMATION A5 A5 02 E4  F3 94 75 5A  5A 
    DEBUG: : PUMPBTCOMM <<<<< ENCRYPTION__TIME_INFORMATION 02 01 1A 05  09 0B 3B 2A  87 0D 
    DEBUG: : PUMPBTCOMM Pump user password: 0000
    DEBUG: : EVENTS Sending EventPumpStatusChanged[error=,performingAction=,secondsElapsed=0,status=CONNECTED]
    DEBUG: : PUMPBTCOMM RS connected and status read
    DEBUG: : PUMPCOMM Setting profile number 0
    DEBUG: : PUMPBTCOMM >>>>> BASAL__SET_PROFILE_NUMBER B2 64  02 
    DEBUG: : PUMPBTCOMM <<<<< BASAL__SET_PROFILE_NUMBER B2 64 00 
    DEBUG: : PUMPCOMM Result OK
    DEBUG: : PUMPBTCOMM handleMessage done BASAL__SET_PROFILE_NUMBER setting received on thread Test worker
    DEBUG: : PUMPBTCOMM notifyAll BASAL__SET_PROFILE_NUMBER processedMessage===message: true
    DEBUG: : PUMPBTCOMM already received BASAL__SET_PROFILE_NUMBER (no wait needed)
    DEBUG: : PUMPBTCOMM disconnect from: test cleanup

> Task :plugins:sync:processFullDebugUnitTestJavaRes
> Task :plugins:sync:compileFullDebugUnitTestJavaWithJavac NO-SOURCE
> Task :plugins:sync:hiltSyncFullDebugUnitTest

> Task :pump:medtronic:testFullDebugUnitTest

BasalProfileUTest > test getProfilesByHour with complex basal profile() STARTED

BasalProfileUTest > test simple basal profile with two rates() STARTED

BasalProfileUTest > test empty basal profile with single zero entry() STARTED

BasalProfileUTest > test verify accepts valid basal profile() STARTED

BasalProfileUTest > test empty basal profile with terminator() STARTED

BasalProfileUTest > test empty basal profile with terminator() STANDARD_OUT
    WARN: PUMPCOMM Raw Data is empty.

BasalProfileUTest > test basal profile entries are correctly parsed() STARTED

> Task :plugins:sync:hiltAggregateDepsFullDebugUnitTest
> Task :plugins:sync:hiltJavaCompileFullDebugUnitTest NO-SOURCE

> Task :pump:danars-emulator:testFullDebugUnitTest

BLECommIntegrationTest > getPumpCheck reads hardware model and protocol() STARTED

BLECommIntegrationTest > getPumpCheck reads hardware model and protocol() STANDARD_OUT
    DEBUG: : PUMPBTCOMM Initializing BLEComm.
    DEBUG: : PUMPBTCOMM Trying to create a new connection from: test
    DEBUG: : PUMPBTCOMM onConnectionStateChange
    DEBUG: : PUMPBTCOMM onServicesDiscovered
    DEBUG: : PUMPBTCOMM >>>>> ENCRYPTION__PUMP_CHECK (0x00) A5 A5 0C E4  F2 C8 AD BA  AD D5 C2 AD  D7 A6 D4 0C  C6 5A 5A 
    DEBUG: : PUMPBTCOMM <<<<< ENCRYPTION__PUMP_CHECK (OK) 02 00 4F 4B  
    DEBUG: : PUMPBTCOMM Using stored pairing key: ABCD
    DEBUG: : PUMPBTCOMM >>>>> ENCRYPTION__CHECK_PASSKEY A5 A5 04 E4  22 42 5C 3B  B0 5A 5A 
    DEBUG: : PUMPBTCOMM <<<<< ENCRYPTION__CHECK_PASSKEY 02 D0 00 
    DEBUG: : PUMPBTCOMM >>>>> ENCRYPTION__TIME_INFORMATION A5 A5 02 E4  F3 94 75 5A  5A 
    DEBUG: : PUMPBTCOMM <<<<< ENCRYPTION__TIME_INFORMATION 02 01 1A 05  09 0B 3B 2B  87 0D 
    DEBUG: : PUMPBTCOMM Pump user password: 0000
    DEBUG: : EVENTS Sending EventPumpStatusChanged[error=,performingAction=,secondsElapsed=0,status=CONNECTED]
    DEBUG: : PUMPBTCOMM RS connected and status read
    DEBUG: : PUMPCOMM New message
    DEBUG: : PUMPBTCOMM >>>>> REVIEW__GET_PUMP_CHECK B2 21  
    DEBUG: : PUMPBTCOMM <<<<< REVIEW__GET_PUMP_CHECK B2 21 05 0A  02 
    DEBUG: : PUMPCOMM Model: 05 
    DEBUG: : PUMPCOMM Protocol: 0A 
    DEBUG: : PUMPCOMM Product Code: 02 
    DEBUG: : PUMPBTCOMM handleMessage done REVIEW__GET_PUMP_CHECK setting received on thread Test worker
    DEBUG: : PUMPBTCOMM notifyAll REVIEW__GET_PUMP_CHECK processedMessage===message: true
    DEBUG: : PUMPBTCOMM already received REVIEW__GET_PUMP_CHECK (no wait needed)
    DEBUG: : PUMPBTCOMM disconnect from: test cleanup

BLECommIntegrationTest > temp basal reflected in initialScreenInformation() STARTED

BLECommIntegrationTest > temp basal reflected in initialScreenInformation() STANDARD_OUT
    DEBUG: : PUMPBTCOMM Initializing BLEComm.
    DEBUG: : PUMPBTCOMM Trying to create a new connection from: test
    DEBUG: : PUMPBTCOMM onConnectionStateChange
    DEBUG: : PUMPBTCOMM onServicesDiscovered
    DEBUG: : PUMPBTCOMM >>>>> ENCRYPTION__PUMP_CHECK (0x00) A5 A5 0C E4  F2 C8 AD BA  AD D5 C2 AD  D7 A6 D4 0C  C6 5A 5A 
    DEBUG: : PUMPBTCOMM <<<<< ENCRYPTION__PUMP_CHECK (OK) 02 00 4F 4B  
    DEBUG: : PUMPBTCOMM Using stored pairing key: ABCD
    DEBUG: : PUMPBTCOMM >>>>> ENCRYPTION__CHECK_PASSKEY A5 A5 04 E4  22 42 5C 3B  B0 5A 5A 
    DEBUG: : PUMPBTCOMM <<<<< ENCRYPTION__CHECK_PASSKEY 02 D0 00 
    DEBUG: : PUMPBTCOMM >>>>> ENCRYPTION__TIME_INFORMATION A5 A5 02 E4  F3 94 75 5A  5A 
    DEBUG: : PUMPBTCOMM <<<<< ENCRYPTION__TIME_INFORMATION 02 01 1A 05  09 0B 3B 2B  87 0D 
    DEBUG: : PUMPBTCOMM Pump user password: 0000
    DEBUG: : EVENTS Sending EventPumpStatusChanged[error=,performingAction=,secondsElapsed=0,status=CONNECTED]
    DEBUG: : PUMPBTCOMM RS connected and status read
    DEBUG: : PUMPCOMM New message: APS Temp basal start
    DEBUG: : PUMPCOMM APS Temp basal start percent: 130 duration 15 min
    DEBUG: : PUMPBTCOMM >>>>> BASAL__APS_SET_TEMPORARY_BASAL B2 C1  82 00 96 
    DEBUG: : PUMPBTCOMM <<<<< BASAL__APS_SET_TEMPORARY_BASAL B2 C1 00 
    DEBUG: : PUMPCOMM Set APS temp basal start result: 0
    DEBUG: : PUMPBTCOMM handleMessage done BASAL__APS_SET_TEMPORARY_BASAL setting received on thread Test worker
    DEBUG: : PUMPBTCOMM notifyAll BASAL__APS_SET_TEMPORARY_BASAL processedMessage===message: true
    DEBUG: : PUMPBTCOMM already received BASAL__APS_SET_TEMPORARY_BASAL (no wait needed)
    DEBUG: : PUMPCOMM New message
    DEBUG: : PUMPBTCOMM >>>>> REVIEW__INITIAL_SCREEN_INFORMATION B2 02  
    DEBUG: : PUMPBTCOMM <<<<< REVIEW__INITIAL_SCREEN_INFORMATION B2 02 10 F4  01 C4 09 98  3A 64 00 82  50 00 00 00  00 00 00 
    DEBUG: : PUMPCOMM ErrorState: NONE
    DEBUG: : PUMPCOMM Pump suspended: false
    DEBUG: : PUMPCOMM Temp basal in progress: true
    DEBUG: : PUMPCOMM Extended in progress: false
    DEBUG: : PUMPCOMM Dual in progress: false
    DEBUG: : PUMPCOMM Daily units: 5.0
    DEBUG: : PUMPCOMM Max daily units: 25
    DEBUG: : PUMPCOMM Reservoir remaining units: 150.0
    DEBUG: : PUMPCOMM Battery: 80
    DEBUG: : PUMPCOMM Current basal: 1.0
    DEBUG: : PUMPCOMM Temp basal percent: 130
    DEBUG: : PUMPCOMM Extended absolute rate: 0.0
    DEBUG: : PUMPBTCOMM handleMessage done REVIEW__INITIAL_SCREEN_INFORMATION setting received on thread Test worker
    DEBUG: : PUMPBTCOMM notifyAll REVIEW__INITIAL_SCREEN_INFORMATION processedMessage===message: true
    DEBUG: : PUMPBTCOMM already received REVIEW__INITIAL_SCREEN_INFORMATION (no wait needed)
    DEBUG: : PUMPBTCOMM disconnect from: test cleanup

> Task :pump:rileylink:javaPreCompileFullDebugUnitTest
> Task :pump:rileylink:generateFullDebugUnitTestAssets UP-TO-DATE

> Task :pump:diaconn:testFullDebugUnitTest

LogInjectSquareSuccessTest > logKindConstantIsCorrect() STARTED

LogInjectSquareSuccessTest > parseLogDataWithLongDuration() STARTED

LogInjectSquareSuccessTest > parseLogDataWithSmallDose() STARTED

LogInjectSquareSuccessTest > getInjectTimeShouldReturnUnsignedValue() STARTED

LogInjectSquareSuccessTest > parseValidLogData() STARTED

LogInjectSquareSuccessTest > parseLogDataWithLowBattery() STARTED

LogSetDualInjectionTest > parseLogDataWithLargeDose() STARTED

LogSetDualInjectionTest > toStringContainsAllFields() STARTED

LogSetDualInjectionTest > parseLogDataWithShortDuration() STARTED

LogSetDualInjectionTest > logKindConstantIsCorrect() STARTED

LogSetDualInjectionTest > parseLogDataWithMidDuration() STARTED

LogSetDualInjectionTest > parseLogDataWithLongDuration() STARTED

LogSetDualInjectionTest > parseLogDataWithSmallDose() STARTED

LogSetDualInjectionTest > getInjectTimeShouldReturnUnsignedValue() STARTED

LogSetDualInjectionTest > parseValidLogData() STARTED

PumpLogUtilTest > isPumpVersionGeShouldCompareMajorVersions() STARTED

PumpLogUtilTest > getTypeShouldHandleFromHexString() STARTED

PumpLogUtilTest > getKindShouldHandleFromHexString() STARTED

PumpLogUtilTest > isPumpVersionGeShouldHandleVersionsWithNonDigits() STARTED

PumpLogUtilTest > getTypeShouldExtractUpperTwoBits() STARTED

PumpLogUtilTest > hexStringToByteArrayShouldHandleEmptyString() STARTED

PumpLogUtilTest > isPumpVersionGeShouldCompareMinorVersionsWhenMajorEqual() STARTED

PumpLogUtilTest > hexStringToByteArrayShouldConvertValidHexString() STARTED

PumpLogUtilTest > getDttmShouldConvertTimestampFromByteBuffer() STARTED

PumpLogUtilTest > getKindShouldExtractLowerSixBits() STARTED

PumpLogUtilTest > getDttmShouldConvertTimestampFromHexString() STARTED

AppCancelSettingResponsePacketTest > handleMessageShouldFailOnDefectivePacket() STANDARD_OUT
    DEBUG: : PUMPCOMM AppCancelSettingResPacket init 
    DEBUG: : PUMPCOMM AppCancelSettingResponsePacket Got some Error

AppCancelSettingResponsePacketTest > msgTypeShouldBeCorrect() STARTED

AppCancelSettingResponsePacketTest > msgTypeShouldBeCorrect() STANDARD_OUT
    DEBUG: : PUMPCOMM AppCancelSettingResPacket init 

AppCancelSettingResponsePacketTest > friendlyNameShouldBeCorrect() STARTED

AppCancelSettingResponsePacketTest > friendlyNameShouldBeCorrect() STANDARD_OUT
    DEBUG: : PUMPCOMM AppCancelSettingResPacket init 

AppCancelSettingResponsePacketTest > handleMessageShouldFailOnInvalidResult() STARTED

AppCancelSettingResponsePacketTest > handleMessageShouldFailOnInvalidResult() STANDARD_OUT
    DEBUG: : PUMPCOMM AppCancelSettingResPacket init 
    ERROR: PUMPCOMM Packet CRC error

AppCancelSettingResponsePacketTest > handleMessageShouldSucceedOnValidResult() STARTED

AppCancelSettingResponsePacketTest > handleMessageShouldSucceedOnValidResult() STANDARD_OUT
    DEBUG: : PUMPCOMM AppCancelSettingResPacket init 
    DEBUG: : PUMPCOMM Result --> 0

BasalPauseSettingPacketTest > encodeShouldGenerateValidPacketForPauseBasal() STARTED

BasalPauseSettingPacketTest > encodeShouldGenerateValidPacketForPauseBasal() STANDARD_OUT
    DEBUG: : PUMPCOMM BasalPauseSettingPacket Init

BasalPauseSettingPacketTest > msgTypeShouldBeCorrect() STARTED

BasalPauseSettingPacketTest > msgTypeShouldBeCorrect() STANDARD_OUT
    DEBUG: : PUMPCOMM BasalPauseSettingPacket Init

BasalPauseSettingPacketTest > encodeShouldGenerateValidPacketForResumeBasal() STARTED

BasalPauseSettingPacketTest > encodeShouldGenerateValidPacketForResumeBasal() STANDARD_OUT
    DEBUG: : PUMPCOMM BasalPauseSettingPacket Init

BasalPauseSettingPacketTest > friendlyNameShouldBeCorrect() STARTED

BasalPauseSettingPacketTest > friendlyNameShouldBeCorrect() STANDARD_OUT
    DEBUG: : PUMPCOMM BasalPauseSettingPacket Init

BigAPSMainInfoInquirePacketTest > encodeShouldGenerateValidPacket() STARTED

BigAPSMainInfoInquirePacketTest > encodeShouldGenerateValidPacket() STANDARD_OUT
    DEBUG: : PUMPCOMM BigAPSMainInfoInquirePacket init

BigAPSMainInfoInquirePacketTest > friendlyNameShouldBeCorrect() STARTED

BigAPSMainInfoInquirePacketTest > friendlyNameShouldBeCorrect() STANDARD_OUT
    DEBUG: : PUMPCOMM BigAPSMainInfoInquirePacket init

BolusSpeedInquirePacketTest > encodeShouldGenerateValidPacket() STARTED

BolusSpeedInquirePacketTest > encodeShouldGenerateValidPacket() STANDARD_OUT
    DEBUG: : PUMPCOMM BolusSpeedInquirePacket init 

BolusSpeedInquirePacketTest > friendlyNameShouldBeCorrect() STARTED

BolusSpeedInquirePacketTest > friendlyNameShouldBeCorrect() STANDARD_OUT
    DEBUG: : PUMPCOMM BolusSpeedInquirePacket init 

DiaconnG8PacketTest > getCRCShouldCalculateCorrectly() STARTED

DiaconnG8PacketTest > getShortToIntShouldHandleLittleEndian() STARTED

DiaconnG8PacketTest > defectShouldDetectWrongLength() STARTED

DiaconnG8PacketTest > defectShouldHandleBigPackets() STARTED

DiaconnG8PacketTest > prefixDecodeShouldPositionBufferCorrectly() STARTED

DiaconnG8PacketTest > defectShouldDetectWrongCRC() STARTED

DiaconnG8PacketTest > defectShouldDetectWrongSOP() STARTED

DiaconnG8PacketTest > toHexShouldFormatCorrectly() STARTED

DiaconnG8PacketTest > getByteToIntShouldHandleUnsignedValues() STARTED

DiaconnG8PacketTest > constantsShouldBeCorrect() STARTED

DiaconnG8PacketTest > getIntToIntShouldHandleLittleEndian() STARTED

DiaconnG8PacketTest > defectShouldPassValidPacket() STARTED

DiaconnG8PacketTest > toNarrowHexShouldFormatCorrectly() STARTED

IncarnationInquireResponsePacketTest > handleMessageShouldFailOnDefectivePacket() STARTED

IncarnationInquireResponsePacketTest > handleMessageShouldFailOnDefectivePacket() STANDARD_OUT
    DEBUG: : PUMPCOMM IncarnationInquireResponsePacket init
    DEBUG: : PUMPCOMM IncarnationInquireResponsePacket Got some Error

IncarnationInquireResponsePacketTest > msgTypeShouldBeCorrect() STARTED

IncarnationInquireResponsePacketTest > msgTypeShouldBeCorrect() STANDARD_OUT
    DEBUG: : PUMPCOMM IncarnationInquireResponsePacket init

IncarnationInquireResponsePacketTest > handleMessageShouldParseIncarnationNumber() STARTED

IncarnationInquireResponsePacketTest > handleMessageShouldParseIncarnationNumber() STANDARD_OUT
    DEBUG: : PUMPCOMM IncarnationInquireResponsePacket init
    DEBUG: : PUMPCOMM Result --> 16
    DEBUG: : PUMPCOMM pumpIncarnationNum > 12345

IncarnationInquireResponsePacketTest > friendlyNameShouldBeCorrect() STARTED

IncarnationInquireResponsePacketTest > friendlyNameShouldBeCorrect() STANDARD_OUT
    DEBUG: : PUMPCOMM IncarnationInquireResponsePacket init

IncarnationInquireResponsePacketTest > handleMessageShouldFailOnInvalidResult() STARTED

IncarnationInquireResponsePacketTest > handleMessageShouldFailOnInvalidResult() STANDARD_OUT
    DEBUG: : PUMPCOMM IncarnationInquireResponsePacket init
    ERROR: PUMPCOMM Packet CRC error

IncarnationInquireResponsePacketTest > handleMessageShouldHandleZeroIncarnation() STARTED

IncarnationInquireResponsePacketTest > handleMessageShouldHandleZeroIncarnation() STANDARD_OUT
    DEBUG: : PUMPCOMM IncarnationInquireResponsePacket init
    DEBUG: : PUMPCOMM Result --> 16
    DEBUG: : PUMPCOMM pumpIncarnationNum > 0

IncarnationInquireResponsePacketTest > handleMessageShouldHandleMaxIncarnationNumber() STARTED

IncarnationInquireResponsePacketTest > handleMessageShouldHandleMaxIncarnationNumber() STANDARD_OUT
    DEBUG: : PUMPCOMM IncarnationInquireResponsePacket init
    DEBUG: : PUMPCOMM Result --> 16
    DEBUG: : PUMPCOMM pumpIncarnationNum > 65535

IncarnationInquireResponsePacketTest > handleMessageShouldHandleLargeIncarnationNumber() STARTED

IncarnationInquireResponsePacketTest > handleMessageShouldHandleLargeIncarnationNumber() STANDARD_OUT
    DEBUG: : PUMPCOMM IncarnationInquireResponsePacket init
    DEBUG: : PUMPCOMM Result --> 16
    DEBUG: : PUMPCOMM pumpIncarnationNum > 65000

InjectionCancelSettingResponsePacketTest > handleMessageShouldFailOnDefectivePacket() STARTED

InjectionCancelSettingResponsePacketTest > handleMessageShouldFailOnDefectivePacket() STANDARD_OUT
    DEBUG: : PUMPCOMM InjectionCancelSettingResponsePacket init 
    DEBUG: : PUMPCOMM InjectionCancelSettingResponsePacket Got some Error

InjectionCancelSettingResponsePacketTest > msgTypeShouldBeCorrect() STARTED

InjectionCancelSettingResponsePacketTest > msgTypeShouldBeCorrect() STANDARD_OUT
    DEBUG: : PUMPCOMM InjectionCancelSettingResponsePacket init 

InjectionCancelSettingResponsePacketTest > handleMessageShouldHandleLargeOtpNumber() STARTED

InjectionCancelSettingResponsePacketTest > handleMessageShouldHandleLargeOtpNumber() STANDARD_OUT
    DEBUG: : PUMPCOMM InjectionCancelSettingResponsePacket init 
    DEBUG: : PUMPCOMM Result --> 0
    DEBUG: : PUMPCOMM otpNumber --> 999999

InjectionCancelSettingResponsePacketTest > friendlyNameShouldBeCorrect() STARTED

InjectionCancelSettingResponsePacketTest > friendlyNameShouldBeCorrect() STANDARD_OUT
    DEBUG: : PUMPCOMM InjectionCancelSettingResponsePacket init 

InjectionCancelSettingResponsePacketTest > handleMessageShouldFailOnInvalidResult() STARTED

InjectionCancelSettingResponsePacketTest > handleMessageShouldFailOnInvalidResult() STANDARD_OUT
    DEBUG: : PUMPCOMM InjectionCancelSettingResponsePacket init 
    ERROR: PUMPCOMM Packet CRC error

InjectionCancelSettingResponsePacketTest > handleMessageShouldHandleZeroOtpNumber() STARTED

InjectionCancelSettingResponsePacketTest > handleMessageShouldHandleZeroOtpNumber() STANDARD_OUT
    DEBUG: : PUMPCOMM InjectionCancelSettingResponsePacket init 
    DEBUG: : PUMPCOMM Result --> 0
    DEBUG: : PUMPCOMM otpNumber --> 0

InjectionCancelSettingResponsePacketTest > handleMessageShouldParseOtpNumber() STARTED

InjectionCancelSettingResponsePacketTest > handleMessageShouldParseOtpNumber() STANDARD_OUT
    DEBUG: : PUMPCOMM InjectionCancelSettingResponsePacket init 
    DEBUG: : PUMPCOMM Result --> 0
    DEBUG: : PUMPCOMM otpNumber --> 123456

InjectionProgressReportPacketTest > handleMessageShouldFailOnDefectivePacket() STARTED

InjectionProgressReportPacketTest > handleMessageShouldFailOnDefectivePacket() STANDARD_OUT
    DEBUG: : PUMPCOMM InjectionProgressReportPacket init 
    DEBUG: : PUMPCOMM InjectionProgressReportPacket Got some Error

InjectionProgressReportPacketTest > handleMessageShouldParseSmallBolus() STARTED

InjectionProgressReportPacketTest > handleMessageShouldParseSmallBolus() STANDARD_OUT
    DEBUG: : PUMPCOMM InjectionProgressReportPacket init 
    DEBUG: : PUMPCOMM bolusingSetAmount --> 0.5
    DEBUG: : PUMPCOMM bolusingInjAmount --> 0.1
    DEBUG: : PUMPCOMM bolusingSpeed --> 3
    DEBUG: : PUMPCOMM bolusingInjProgress --> 20

InjectionProgressReportPacketTest > msgTypeShouldBeCorrect() STARTED

InjectionProgressReportPacketTest > msgTypeShouldBeCorrect() STANDARD_OUT
    DEBUG: : PUMPCOMM InjectionProgressReportPacket init 

InjectionProgressReportPacketTest > friendlyNameShouldBeCorrect() STARTED

InjectionProgressReportPacketTest > friendlyNameShouldBeCorrect() STANDARD_OUT
    DEBUG: : PUMPCOMM InjectionProgressReportPacket init 

InjectionProgressReportPacketTest > handleMessageShouldParseCompletedBolus() STARTED

InjectionProgressReportPacketTest > handleMessageShouldParseCompletedBolus() STANDARD_OUT
    DEBUG: : PUMPCOMM InjectionProgressReportPacket init 
    DEBUG: : PUMPCOMM bolusingSetAmount --> 10.0
    DEBUG: : PUMPCOMM bolusingInjAmount --> 10.0
    DEBUG: : PUMPCOMM bolusingSpeed --> 8
    DEBUG: : PUMPCOMM bolusingInjProgress --> 100

InjectionProgressReportPacketTest > handleMessageShouldParseBolusProgress() STARTED

InjectionProgressReportPacketTest > handleMessageShouldParseBolusProgress() STANDARD_OUT
    DEBUG: : PUMPCOMM InjectionProgressReportPacket init 
    DEBUG: : PUMPCOMM bolusingSetAmount --> 5.0
    DEBUG: : PUMPCOMM bolusingInjAmount --> 2.5
    DEBUG: : PUMPCOMM bolusingSpeed --> 5
    DEBUG: : PUMPCOMM bolusingInjProgress --> 50

InsulinLackReportPacketTest > handleMessageShouldFailOnDefectivePacket() STARTED

InsulinLackReportPacketTest > handleMessageShouldFailOnDefectivePacket() STANDARD_OUT
    DEBUG: : PUMPCOMM InsulinLackReportPacket init 
    DEBUG: : PUMPCOMM InsulinLackReportPacket Got some Error

InsulinLackReportPacketTest > handleMessageShouldHandleFullInsulinLevel() STARTED

InsulinLackReportPacketTest > handleMessageShouldHandleFullInsulinLevel() STANDARD_OUT
    DEBUG: : PUMPCOMM InsulinLackReportPacket init 
    DEBUG: : PUMPCOMM insulinWarningGrade --> 1 (1:info, 2: warning , 3: major , 4: critical)
    DEBUG: : PUMPCOMM insulinWarningProcess --> 3 (1:skip, 2: stop , 3: ignore ) 
    DEBUG: : PUMPCOMM insulinWarningRemain --> 100 (0~100%) 

InsulinLackReportPacketTest > msgTypeShouldBeCorrect() STARTED

InsulinLackReportPacketTest > msgTypeShouldBeCorrect() STANDARD_OUT
    DEBUG: : PUMPCOMM InsulinLackReportPacket init 

InsulinLackReportPacketTest > friendlyNameShouldBeCorrect() STARTED

InsulinLackReportPacketTest > friendlyNameShouldBeCorrect() STANDARD_OUT
    DEBUG: : PUMPCOMM InsulinLackReportPacket init 

InsulinLackReportPacketTest > handleMessageShouldHandleCriticalWarning() STARTED

InsulinLackReportPacketTest > handleMessageShouldHandleCriticalWarning() STANDARD_OUT
    DEBUG: : PUMPCOMM InsulinLackReportPacket init 
    DEBUG: : PUMPCOMM insulinWarningGrade --> 4 (1:info, 2: warning , 3: major , 4: critical)
    DEBUG: : PUMPCOMM insulinWarningProcess --> 2 (1:skip, 2: stop , 3: ignore ) 
    DEBUG: : PUMPCOMM insulinWarningRemain --> 0 (0~100%) 

InsulinLackReportPacketTest > handleMessageShouldParseInsulinWarningFields() STARTED

InsulinLackReportPacketTest > handleMessageShouldParseInsulinWarningFields() STANDARD_OUT
    DEBUG: : PUMPCOMM InsulinLackReportPacket init 
    DEBUG: : PUMPCOMM insulinWarningGrade --> 2 (1:info, 2: warning , 3: major , 4: critical)
    DEBUG: : PUMPCOMM insulinWarningProcess --> 1 (1:skip, 2: stop , 3: ignore ) 
    DEBUG: : PUMPCOMM insulinWarningRemain --> 50 (0~100%) 

LogStatusInquireResponsePacketTest > handleMessageShouldHandleMultipleWrappings() STARTED

LogStatusInquireResponsePacketTest > handleMessageShouldHandleMultipleWrappings() STANDARD_OUT
    DEBUG: : PUMPCOMM LogStatusInquireResponsePacket init
    DEBUG: : PUMPCOMM Result --> 16
    DEBUG: : PUMPCOMM pumpLastLogNum > 32000
    DEBUG: : PUMPCOMM pumpWrappingCount> 100

LogStatusInquireResponsePacketTest > handleMessageShouldFailOnDefectivePacket() STARTED

LogStatusInquireResponsePacketTest > handleMessageShouldFailOnDefectivePacket() STANDARD_OUT
    DEBUG: : PUMPCOMM LogStatusInquireResponsePacket init
    DEBUG: : PUMPCOMM LogStatusInquireResponsePacket Got some Error

LogStatusInquireResponsePacketTest > msgTypeShouldBeCorrect() STARTED

LogStatusInquireResponsePacketTest > msgTypeShouldBeCorrect() STANDARD_OUT
    DEBUG: : PUMPCOMM LogStatusInquireResponsePacket init

LogStatusInquireResponsePacketTest > handleMessageShouldParseLogStatus() STARTED

LogStatusInquireResponsePacketTest > handleMessageShouldParseLogStatus() STANDARD_OUT
    DEBUG: : PUMPCOMM LogStatusInquireResponsePacket init
    DEBUG: : PUMPCOMM Result --> 16
    DEBUG: : PUMPCOMM pumpLastLogNum > 1500
    DEBUG: : PUMPCOMM pumpWrappingCount> 5

LogStatusInquireResponsePacketTest > friendlyNameShouldBeCorrect() STARTED

LogStatusInquireResponsePacketTest > friendlyNameShouldBeCorrect() STANDARD_OUT
    DEBUG: : PUMPCOMM LogStatusInquireResponsePacket init

LogStatusInquireResponsePacketTest > handleMessageShouldFailOnInvalidResult() STARTED

LogStatusInquireResponsePacketTest > handleMessageShouldFailOnInvalidResult() STANDARD_OUT
    DEBUG: : PUMPCOMM LogStatusInquireResponsePacket init
    ERROR: PUMPCOMM Packet CRC error

LogStatusInquireResponsePacketTest > handleMessageShouldHandleLargeLogNumber() STARTED

LogStatusInquireResponsePacketTest > handleMessageShouldHandleLargeLogNumber() STANDARD_OUT
    DEBUG: : PUMPCOMM LogStatusInquireResponsePacket init
    DEBUG: : PUMPCOMM Result --> 16
    DEBUG: : PUMPCOMM pumpLastLogNum > 50000
    DEBUG: : PUMPCOMM pumpWrappingCount> 10

LogStatusInquireResponsePacketTest > handleMessageShouldHandleMaxLogNumber() STARTED

LogStatusInquireResponsePacketTest > handleMessageShouldHandleMaxLogNumber() STANDARD_OUT
    DEBUG: : PUMPCOMM LogStatusInquireResponsePacket init
    DEBUG: : PUMPCOMM Result --> 16
    DEBUG: : PUMPCOMM pumpLastLogNum > 65535
    DEBUG: : PUMPCOMM pumpWrappingCount> 255

LogStatusInquireResponsePacketTest > handleMessageShouldHandleZeroLogNumber() STARTED

LogStatusInquireResponsePacketTest > handleMessageShouldHandleZeroLogNumber() STANDARD_OUT
    DEBUG: : PUMPCOMM LogStatusInquireResponsePacket init
    DEBUG: : PUMPCOMM Result --> 16
    DEBUG: : PUMPCOMM pumpLastLogNum > 0
    DEBUG: : PUMPCOMM pumpWrappingCount> 0

SoundInquirePacketTest > encodeShouldGenerateValidPacket() STARTED

SoundInquirePacketTest > encodeShouldGenerateValidPacket() STANDARD_OUT
    DEBUG: : PUMPCOMM SoundInquirePacket request

SoundInquirePacketTest > friendlyNameShouldBeCorrect() STARTED

SoundInquirePacketTest > friendlyNameShouldBeCorrect() STANDARD_OUT
    DEBUG: : PUMPCOMM SoundInquirePacket request

TempBasalReportPacketTest > handleMessageShouldHandleHighStatusValue() STARTED

TempBasalReportPacketTest > handleMessageShouldHandleHighStatusValue() STANDARD_OUT
    DEBUG: : PUMPCOMM TempBasalReportPacket init 
    DEBUG: : PUMPCOMM tbStatus > 255
    DEBUG: : PUMPCOMM tbTime> 0
    DEBUG: : PUMPCOMM tbInjectRateRatio > 0

TempBasalReportPacketTest > handleMessageShouldFailOnDefectivePacket() STARTED

TempBasalReportPacketTest > handleMessageShouldFailOnDefectivePacket() STANDARD_OUT
    DEBUG: : PUMPCOMM TempBasalReportPacket init 
    DEBUG: : PUMPCOMM TempBasalReportPacket Got some Error

TempBasalReportPacketTest > msgTypeShouldBeCorrect() STARTED

TempBasalReportPacketTest > msgTypeShouldBeCorrect() STANDARD_OUT
    DEBUG: : PUMPCOMM TempBasalReportPacket init 

TempBasalReportPacketTest > handleMessageShouldParseTempBasalInactiveStatus() STARTED

TempBasalReportPacketTest > handleMessageShouldParseTempBasalInactiveStatus() STANDARD_OUT
    DEBUG: : PUMPCOMM TempBasalReportPacket init 
    DEBUG: : PUMPCOMM tbStatus > 0
    DEBUG: : PUMPCOMM tbTime> 0
    DEBUG: : PUMPCOMM tbInjectRateRatio > 0

TempBasalReportPacketTest > friendlyNameShouldBeCorrect() STARTED

TempBasalReportPacketTest > friendlyNameShouldBeCorrect() STANDARD_OUT
    DEBUG: : PUMPCOMM TempBasalReportPacket init 

TempBasalReportPacketTest > handleMessageShouldParseTempBasalActiveStatus() STARTED

TempBasalReportPacketTest > handleMessageShouldParseTempBasalActiveStatus() STANDARD_OUT
    DEBUG: : PUMPCOMM TempBasalReportPacket init 
    DEBUG: : PUMPCOMM tbStatus > 1
    DEBUG: : PUMPCOMM tbTime> 0
    DEBUG: : PUMPCOMM tbInjectRateRatio > 0

TimeSettingPacketTest > encodeShouldHandleTimeZoneOffset() STARTED

TimeSettingPacketTest > encodeShouldHandleTimeZoneOffset() STANDARD_OUT
    DEBUG: : PUMPCOMM Time Sync between Phone and Pump

TimeSettingPacketTest > msgTypeShouldBeCorrect() STARTED

TimeSettingPacketTest > msgTypeShouldBeCorrect() STANDARD_OUT
    DEBUG: : PUMPCOMM Time Sync between Phone and Pump

TimeSettingPacketTest > friendlyNameShouldBeCorrect() STARTED

TimeSettingPacketTest > friendlyNameShouldBeCorrect() STANDARD_OUT
    DEBUG: : PUMPCOMM Time Sync between Phone and Pump

TimeSettingPacketTest > encodeShouldHandleNegativeTimeZoneOffset() STARTED

TimeSettingPacketTest > encodeShouldHandleNegativeTimeZoneOffset() STANDARD_OUT
    DEBUG: : PUMPCOMM Time Sync between Phone and Pump

TimeSettingPacketTest > encodeShouldHandleDifferentDatesAndTimes() STARTED

TimeSettingPacketTest > encodeShouldHandleDifferentDatesAndTimes() STANDARD_OUT
    DEBUG: : PUMPCOMM Time Sync between Phone and Pump
    DEBUG: : PUMPCOMM Time Sync between Phone and Pump
    DEBUG: : PUMPCOMM Time Sync between Phone and Pump

TimeSettingPacketTest > encodeShouldGenerateValidPacketForTimeSync() STARTED

TimeSettingPacketTest > encodeShouldGenerateValidPacketForTimeSync() STANDARD_OUT
    DEBUG: : PUMPCOMM Time Sync between Phone and Pump

LogChangeNeedleSuccessTest > parseLogDataWithSmallPrimeAmount() STARTED

LogChangeNeedleSuccessTest > toStringContainsAllFields() STARTED

LogChangeNeedleSuccessTest > logKindConstantIsCorrect() STARTED

LogChangeNeedleSuccessTest > parseLogDataWithFullReservoir() STARTED

LogChangeNeedleSuccessTest > parseLogDataWithLowRemaining() STARTED

LogChangeNeedleSuccessTest > parseValidLogData() STARTED

LogChangeNeedleSuccessTest > parseLogDataWithLargePrimeAmount() STARTED

LogChangeNeedleSuccessTest > parseLogDataWithLowBattery() STARTED

LogInjectNormalFailTest > parseLogDataWithUserStopReason() STARTED

LogInjectNormalFailTest > toStringContainsAllFields() STARTED

LogInjectNormalFailTest > logKindConstantIsCorrect() STARTED

LogInjectNormalFailTest > parseLogDataWithEmergencyStopReason() STARTED

LogInjectNormalFailTest > parseLogDataWithLowBatteryReason() STARTED

LogInjectNormalFailTest > parseValidLogDataWithBlockageReason() STARTED

LogInjectNormalFailTest > getInjectTimeShouldReturnUnsignedValue() STARTED

LogInjectNormalFailTest > parseLogDataWithOtherReason() STARTED

LogInjectNormalFailTest > parseLogDataWithSystemResetReason() STARTED

LogInjectNormalFailTest > parseLogDataWithLowInsulinReason() STARTED

LogInjection1HourBasalTest > parseLogDataWithHighBasalRate() STARTED

LogInjection1HourBasalTest > toStringContainsAllFields() STARTED

LogInjection1HourBasalTest > logKindConstantIsCorrect() STARTED

LogInjection1HourBasalTest > parseLogDataWithTempBasalIncrease() STARTED

LogInjection1HourBasalTest > parseValidLogData() STARTED

LogInjection1HourBasalTest > parseLogDataWithTempBasalDecrease() STARTED

LogInjection1HourBasalTest > parseLogDataWithLowBasalRate() STARTED

LogInjection1HourBasalTest > parseLogDataWithNoTempBasal() STARTED

LogSuspendV2Test > parseLogDataWithLife2Pattern() STARTED

LogSuspendV2Test > toStringContainsAllFields() STARTED

LogSuspendV2Test > logKindConstantIsCorrect() STARTED

LogSuspendV2Test > parseLogDataWithDr1Pattern() STARTED

LogSuspendV2Test > parseLogDataWithLife3Pattern() STARTED

LogSuspendV2Test > parseLogDataWithLife1Pattern() STARTED

LogSuspendV2Test > parseValidLogDataWithBasePattern() STARTED

LogSuspendV2Test > parseLogDataWithUnknownPattern() STARTED

LogSuspendV2Test > parseLogDataWithDr2Pattern() STARTED

LogSuspendV2Test > parseLogDataWithLowBattery() STARTED

> Task :pump:rileylink:mergeFullDebugUnitTestAssets

> Task :pump:equil:testFullDebugUnitTest

AlarmModeTest > command values should be sequential() STARTED

AlarmModeTest > all modes should have correct command values() STARTED

AlarmModeTest > all enum values should be accessible() STARTED

AlarmModeTest > fromInt should return TONE_AND_SHAKE for invalid values() STARTED

AlarmModeTest > enum toString should return name() STARTED

AlarmModeTest > enum ordinal values should be stable() STARTED

AlarmModeTest > fromInt roundtrip should work correctly() STARTED

AlarmModeTest > fromInt should return correct mode for valid values() STARTED

BluetoothConnectionStateTest > valueOf should return correct enum() STARTED

BluetoothConnectionStateTest > connection lifecycle states should be ordered logically() STARTED

BluetoothConnectionStateTest > all enum values should be accessible() STARTED

BluetoothConnectionStateTest > enum toString should return name() STARTED

BluetoothConnectionStateTest > all states should be unique() STARTED

BluetoothConnectionStateTest > enum ordinal values should be stable() STARTED

CrcTest > different CRC methods should work independently() STARTED

CrcTest > crc8Maxim should return 0 for empty array() STARTED

CrcTest > getCRC should produce valid hex string convertible bytes() STARTED

CrcTest > crc8Maxim should detect data corruption() STARTED

CrcTest > getCRC should detect single bit flip() STARTED

CrcTest > getCRC should handle large data arrays() STARTED

CrcTest > crc8Maxim should handle large data arrays() STARTED

CrcTest > getCRC should handle single byte() STARTED

CrcTest > crc8Maxim should produce different results for different data() STARTED

CrcTest > crc8Maxim consistency check with known patterns() STARTED

CrcTest > getCRC should handle all 0xFF() STARTED

CrcTest > getCRC consistency check with known patterns() STARTED

CrcTest > getCRC should produce different results for different data() STARTED

CrcTest > crc8Maxim should handle single byte() STARTED

CrcTest > getCRC should be deterministic() STARTED

CrcTest > crc8Maxim should calculate correct CRC for simple data() STARTED

CrcTest > getCRC should handle empty array() STARTED

CrcTest > getCRC should return 2-byte CRC() STARTED

CrcTest > crc8Maxim should handle all zero bytes() STARTED

CrcTest > getCRC should handle all zeros() STARTED

CrcTest > crc8Maxim should handle all 0xFF bytes() STARTED

CrcTest > crc8Maxim should be deterministic() STARTED

CrcTest > crc8Maxim should be in valid byte range() STARTED

CmdBasalSetTest > getEventType should return SET_BASAL_PROFILE() STARTED

EquilBLETest > macAddress can be changed() STARTED

EquilBLETest > TIME_OUT_WHAT constant should have correct value() STARTED

EquilBLETest > macAddress should be null initially() STARTED

EquilBLETest > constants should be different values() STARTED

EquilBLETest > isConnected should be false initially() STARTED

EquilBLETest > macAddress can be set() STARTED

EquilBLETest > TIME_OUT_CONNECT_WHAT constant should have correct value() STARTED

EquilBLETest > isConnected can be set() STARTED

EquilBLETest > multiple EquilBLE instances should have independent state() STARTED

EquilBLETest > connecting can be set() STARTED

EquilBLETest > TIME_OUT_WHAT should equal 18 in decimal() STARTED

EquilBLETest > TIME_OUT_CONNECT_WHAT should equal 19 in decimal() STARTED

EquilBLETest > isConnected state can toggle() STARTED

BasalScheduleEntryTest > constructor should set rate and startTime() STARTED

EquilBLECallbackTest > disconnect should reset autoScan() STANDARD_OUT
    DEBUG: : PUMPBTCOMM initGatt======= 
    DEBUG: : PUMPBTCOMM Closing GATT connection
    DEBUG: : EVENTS Sending EventPumpStatusChanged[error=,performingAction=,secondsElapsed=0,status=DISCONNECTED]

EquilBLECallbackTest > onDescriptorWritten should call ready when baseCmd is null() STARTED

EquilBLECallbackTest > onDescriptorWritten should call ready when baseCmd is null() STANDARD_OUT
    DEBUG: : PUMPBTCOMM initGatt======= 
    DEBUG: : PUMPBTCOMM onDescriptorWritten: Wrote GATT Descriptor successfully.
    DEBUG: : PUMPBTCOMM ready: ===null

EquilBLECallbackTest > unBond should delegate to bleTransport adapter() STARTED

EquilBLECallbackTest > unBond should delegate to bleTransport adapter() STANDARD_OUT
    DEBUG: : PUMPBTCOMM initGatt======= 

EquilBLECallbackTest > onConnectionStateChanged false should call disconnect() STARTED

EquilBLECallbackTest > onConnectionStateChanged false should call disconnect() STANDARD_OUT
    DEBUG: : PUMPBTCOMM initGatt======= 
    DEBUG: : PUMPBTCOMM onConnectionStateChanged connected=false
    DEBUG: : PUMPBTCOMM Closing GATT connection
    DEBUG: : EVENTS Sending EventPumpStatusChanged[error=,performingAction=,secondsElapsed=0,status=DISCONNECTED]

EquilBLECallbackTest > init should register onGattError133 callback() STARTED

EquilBLECallbackTest > init should register onGattError133 callback() STANDARD_OUT
    DEBUG: : PUMPBTCOMM initGatt======= 

BasalScheduleEntryTest > equals should fail for different rates() STARTED

BasalScheduleEntryTest > hashCode should differ for different entries() STARTED

BasalScheduleEntryTest > equals should fail for different start times() STARTED

BasalScheduleEntryTest > toString should include both properties() STARTED

BasalScheduleEntryTest > equals should work for identical entries() STARTED

BasalScheduleEntryTest > data class should handle precise decimal rates() STARTED

BasalScheduleEntryTest > data class should handle end of day start time() STARTED

BasalScheduleEntryTest > hashCode should be consistent with equals() STARTED

BasalScheduleEntryTest > copy should create independent copy() STARTED

BasalScheduleEntryTest > copy with both parameters changed should work() STARTED

BasalScheduleEntryTest > copy with startTime change should work() STARTED

BasalScheduleEntryTest > data class should support various start times() STARTED

BasalScheduleEntryTest > data class should support various rates() STARTED

BasalScheduleEntryTest > copy with rate change should work() STARTED

BasalScheduleEntryTest > data class should handle midnight start time() STARTED

EquilIntPreferenceKeyTest > EquilTone should have correct min value() STARTED

EquilIntPreferenceKeyTest > valueOf should return correct enum() STARTED

EquilIntPreferenceKeyTest > enum ordinal value should be stable() STARTED

EquilIntPreferenceKeyTest > EquilTone default value should be within min max range() STARTED

EquilIntPreferenceKeyTest > EquilTone should have correct key() STARTED

EquilIntPreferenceKeyTest > EquilTone should have no dependencies() STARTED

EquilIntPreferenceKeyTest > EquilTone should have correct default value() STARTED

EquilIntPreferenceKeyTest > all enum values should be accessible() STARTED

EquilIntPreferenceKeyTest > EquilTone should have correct calculatedDefaultValue() STARTED

EquilIntPreferenceKeyTest > EquilTone should not hide parent screen() STARTED

EquilIntPreferenceKeyTest > EquilTone should have correct engineeringModeOnly() STARTED

EquilIntPreferenceKeyTest > EquilTone should be exportable() STARTED

EquilIntPreferenceKeyTest > EquilTone range should be valid for alarm mode values() STARTED

EquilIntPreferenceKeyTest > EquilTone should be shown in all modes() STARTED

EquilIntPreferenceKeyTest > EquilTone should have correct defaultedBySM() STARTED

EquilIntPreferenceKeyTest > EquilTone should have correct max value() STARTED

EquilIntPreferenceKeyTest > key string should follow naming convention() STARTED

EquilIntPreferenceKeyTest > EquilTone min should be less than or equal to max() STARTED

EquilResponseTest > add should handle multiple buffers() STARTED

EquilResponseTest > hasError should return false when error_message is null() STARTED

EquilResponseTest > constructor should set cmdCreateTime() STARTED

EquilResponseTest > hasError should return true for empty error message() STARTED

EquilResponseTest > error_message should be clearable() STARTED

EquilResponseTest > multiple EquilResponse instances should be independent() STARTED

EquilResponseTest > add should work with buffers of different sizes() STARTED

EquilResponseTest > add should work with buffers containing data() STARTED

EquilResponseTest > error_message should be null initially() STARTED

EquilResponseTest > delay should be modifiable() STARTED

EquilResponseTest > error_message should be settable() STARTED

EquilResponseTest > shouldDelay should return false when delay is negative() STARTED

EquilResponseTest > hasError should return true when error_message is set() STARTED

EquilResponseTest > shouldDelay should return true when delay is positive() STARTED

EquilResponseTest > shouldDelay should return false when delay is zero() STARTED

EquilResponseTest > add should add buffer to send list() STARTED

EquilResponseTest > delay should have default value of 20() STARTED

EquilResponseTest > send list should be empty initially() STARTED

EquilResponseTest > send list should support LinkedList operations() STARTED

EquilResponseTest > add should maintain order of buffers() STARTED

CmdAlarmSetTest > getEventType should return SET_ALARM_SHAKE for SHAKE mode() STARTED

EquilPumpPluginTest > isConnected should return true() STARTED

EquilBLECallbackTest > unBond with null should not call removeBond() STARTED

EquilBLECallbackTest > unBond with null should not call removeBond() STANDARD_OUT
    DEBUG: : PUMPBTCOMM initGatt======= 

EquilBLECallbackTest > onConnectionStateChanged false without baseCmd should not crash() STARTED

EquilBLECallbackTest > onConnectionStateChanged false without baseCmd should not crash() STANDARD_OUT
    DEBUG: : PUMPBTCOMM initGatt======= 
    DEBUG: : PUMPBTCOMM onConnectionStateChanged connected=false
    DEBUG: : PUMPBTCOMM Closing GATT connection
    DEBUG: : EVENTS Sending EventPumpStatusChanged[error=,performingAction=,secondsElapsed=0,status=DISCONNECTED]

EquilBLECallbackTest > onServicesDiscovered true should call enableNotifications() STARTED

EquilBLECallbackTest > onServicesDiscovered true should call enableNotifications() STANDARD_OUT
    DEBUG: : PUMPBTCOMM initGatt======= 

EquilBLECallbackTest > onServicesDiscovered true should call requestConnectionPriority HIGH() STARTED

EquilBLECallbackTest > onServicesDiscovered true should call requestConnectionPriority HIGH() STANDARD_OUT
    DEBUG: : PUMPBTCOMM initGatt======= 

EquilBLECallbackTest > onConnectionStateChanged true should set isConnected() STARTED

EquilBLECallbackTest > onConnectionStateChanged true should set isConnected() STANDARD_OUT
    DEBUG: : PUMPBTCOMM initGatt======= 
    DEBUG: : PUMPBTCOMM onConnectionStateChanged connected=true

EquilBLECallbackTest > disconnect should set bluetoothConnectionState to DISCONNECTED() STARTED

EquilBLECallbackTest > disconnect should set bluetoothConnectionState to DISCONNECTED() STANDARD_OUT
    DEBUG: : PUMPBTCOMM initGatt======= 
    DEBUG: : PUMPBTCOMM Closing GATT connection
    DEBUG: : EVENTS Sending EventPumpStatusChanged[error=,performingAction=,secondsElapsed=0,status=DISCONNECTED]

EquilBLECallbackTest > onConnectionStateChanged false should clear connecting() STARTED

EquilBLECallbackTest > onConnectionStateChanged false should clear connecting() STANDARD_OUT
    DEBUG: : PUMPBTCOMM initGatt======= 
    DEBUG: : PUMPBTCOMM onConnectionStateChanged connected=false
    DEBUG: : PUMPBTCOMM Closing GATT connection
    DEBUG: : EVENTS Sending EventPumpStatusChanged[error=,performingAction=,secondsElapsed=0,status=DISCONNECTED]

EquilBLECallbackTest > onConnectionStateChanged true should call discoverServices() STARTED

EquilBLECallbackTest > onConnectionStateChanged true should call discoverServices() STANDARD_OUT
    DEBUG: : PUMPBTCOMM initGatt======= 
    DEBUG: : PUMPBTCOMM onConnectionStateChanged connected=true

EquilBLECallbackTest > disconnect should call gatt disconnect and close() STARTED

EquilBLECallbackTest > disconnect should call gatt disconnect and close() STANDARD_OUT
    DEBUG: : PUMPBTCOMM initGatt======= 
    DEBUG: : PUMPBTCOMM Closing GATT connection
    DEBUG: : EVENTS Sending EventPumpStatusChanged[error=,performingAction=,secondsElapsed=0,status=DISCONNECTED]

EquilBLECallbackTest > onConnectionStateChanged true should set bluetoothConnectionState to CONNECTED() STARTED

EquilBLECallbackTest > onConnectionStateChanged true should set bluetoothConnectionState to CONNECTED() STANDARD_OUT
    DEBUG: : PUMPBTCOMM initGatt======= 
    DEBUG: : PUMPBTCOMM onConnectionStateChanged connected=true

EquilBLECallbackTest > onServicesDiscovered false should not call enableNotifications() STARTED

EquilBLECallbackTest > onServicesDiscovered false should not call enableNotifications() STANDARD_OUT
    DEBUG: : PUMPBTCOMM initGatt======= 
    DEBUG: : PUMPBTCOMM onServicesDiscovered failed

EquilBLECallbackTest > init should register listener on transport() STARTED

EquilBLECallbackTest > init should register listener on transport() STANDARD_OUT
    DEBUG: : PUMPBTCOMM initGatt======= 

EquilBLECallbackTest > onCharacteristicChanged should call requestConnectionPriority() STARTED

EquilBLECallbackTest > onCharacteristicChanged should call requestConnectionPriority() STANDARD_OUT
    DEBUG: : PUMPBTCOMM initGatt======= 
    DEBUG: : PUMPBTCOMM decode=====0102

EquilBLECallbackTest > init should set macAddress from equilManager() STARTED

EquilBLECallbackTest > init should set macAddress from equilManager() STANDARD_OUT
    DEBUG: : PUMPBTCOMM initGatt======= 

EquilBLECallbackTest > stopScan should delegate to scanner() STARTED

EquilBLECallbackTest > stopScan should delegate to scanner() STANDARD_OUT
    DEBUG: : PUMPBTCOMM initGatt======= 

ActivationProgressTest > COMPLETED should be final state() STARTED

ActivationProgressTest > valueOf should return correct enum() STARTED

ActivationProgressTest > ordinals should increment sequentially() STARTED

ActivationProgressTest > all enum values should be accessible() STARTED

ActivationProgressTest > enum toString should return name() STARTED

ActivationProgressTest > enum ordinal values should be stable() STARTED

ActivationProgressTest > NONE should be initial state() STARTED

ActivationProgressTest > enum should represent activation sequence() STARTED

EquilBooleanKeyTest > valueOf should return correct enum() STARTED

EquilBooleanKeyTest > all keys should be exportable() STARTED

EquilBooleanKeyTest > all default values should be false() STARTED

EquilBooleanKeyTest > all enum values should be accessible() STARTED

EquilBooleanKeyTest > BasalSet should have correct properties() STARTED

EquilBooleanKeyTest > enum ordinal values should be stable() STARTED

EquilBooleanKeyTest > all keys should have unique key strings() STARTED

EquilBooleanKeyTest > AlarmBattery10 should have correct properties() STARTED

EquilBooleanKeyTest > key strings should follow naming convention() STARTED

EquilBooleanKeyTest > AlarmInsulin5 should have correct properties() STARTED

EquilBooleanKeyTest > AlarmInsulin10 should have correct properties() STARTED

EquilPacketCodecTest > buildPackets then parseModel should round-trip correctly() STARTED

EquilPacketCodecTest > isEnd should return false when bit 7 is not set() STARTED

EquilPacketCodecTest > setEndBit should set bit 7() STARTED

EquilPacketCodecTest > validatePacket should reject invalid CRC8() STARTED

EquilPacketCodecTest > validatePacket should accept different offset() STARTED

EquilPacketCodecTest > buildPackets with large ciphertext should create multiple packets() STARTED

EquilPacketCodecTest > getIndex should extract lower 6 bits() STARTED

EquilPacketCodecTest > setEndBit and clearEndBit should be inverse for bit 7() STARTED

EquilPacketCodecTest > validatePacket should accept valid CRC8() STARTED

EquilPacketCodecTest > buildPackets should create valid packets with CRC8() STARTED

EquilPacketCodecTest > validatePacket should reject duplicate offset() STARTED

EquilPacketCodecTest > clearEndBit should clear bit 7() STARTED

EquilPacketCodecTest > buildPackets with empty ciphertext should still produce valid packets() STARTED

EquilPacketCodecTest > isEnd should return true when bit 7 is set() STARTED

EquilPacketCodecTest > getIndex should work for all 6-bit values() STARTED

EquilPacketCodecTest > isEnd should correctly identify all end packets() STARTED

EquilPacketCodecTest > bit manipulation should preserve other bits() STARTED

BaseSettingTest > port should have default value() STARTED

CmdAlarmSetTest > constructor should store mode() STARTED

CmdAlarmSetTest > getNextData should return byte array with correct structure() STARTED

CmdAlarmSetTest > getEventType should return SET_ALARM_TONE for TONE mode() STARTED

CmdBasalSetTest > basalSchedule property should be accessible() STARTED

CmdBasalSetTest > profile property should be accessible() STARTED

CmdBasalSetTest > decodeConfirmData should update preferences() STARTED

CmdBasalSetTest > getNextData should return byte array with correct structure() STARTED

CmdBasalSetTest > decodeConfirmData should be thread-safe() STARTED

CmdBasalSetTest > getFirstData should handle multiple basal entries() STARTED

CmdBasalSetTest > getFirstData should handle multiple basal entries() STANDARD_OUT
    DEBUG: : PUMPCOMM 0==CmdBasalSet==0.5====1.0===80===80.0
    DEBUG: : PUMPCOMM 1==CmdBasalSet==0.75====1.5===120===120.0
    DEBUG: : PUMPCOMM 2==CmdBasalSet==0.4====0.8===64===64.0
    DEBUG: : PUMPCOMM 3==CmdBasalSet==1.0====2.0===160===160.0

CmdBasalSetTest > getFirstData should contain index bytes and command header() STARTED

CmdAlarmSetTest > getEventType should return SET_ALARM_TONE_AND_SHAK for TONE_AND_SHAKE mode() STARTED

CmdAlarmSetTest > getEventType should return null for unknown mode() STARTED

CmdAlarmSetTest > getFirstData should have correct command bytes() STARTED

CmdAlarmSetTest > decodeConfirmData should set cmdSuccess to true() STARTED

CmdAlarmSetTest > getFirstData should return byte array with correct structure() STARTED

CmdAlarmSetTest > getEventType should return SET_ALARM_MUTE for MUTE mode() STARTED

CmdHistoryGetTest > decodeConfirmData should not call decodeHistory when currentIndex is 0() STARTED

CmdBasalSetTest > getFirstData should contain index bytes and command header() STANDARD_OUT
    DEBUG: : PUMPCOMM 0==CmdBasalSet==0.5====1.0===80===80.0
    DEBUG: : PUMPCOMM 1==CmdBasalSet==0.75====1.5===120===120.0
    DEBUG: : PUMPCOMM 2==CmdBasalSet==0.4====0.8===64===64.0

CmdBasalSetTest > getFirstData should encode basal schedule entries() STARTED

CmdBasalSetTest > getFirstData should encode basal schedule entries() STANDARD_OUT
    DEBUG: : PUMPCOMM 0==CmdBasalSet==0.5====1.0===80===80.0

CmdBasalSetTest > getFirstData and getNextData should increment pumpReqIndex() STARTED

CmdHistoryGetTest > decodeConfirmData should not call decodeHistory when currentIndex is 0() STANDARD_OUT
    DEBUG: : PUMPCOMM CmdHistoryGet{battery=0, medicine=0, rate=0, largeRate=0000, date=11/27/22 11:27:24 PM, index=0, port=0505, type=0, level=0, parm=0}

CmdHistoryGetTest > toString should return formatted string() STARTED

CmdBasalSetTest > getFirstData and getNextData should increment pumpReqIndex() STANDARD_OUT
    DEBUG: : PUMPCOMM 0==CmdBasalSet==0.5====1.0===80===80.0
    DEBUG: : PUMPCOMM 1==CmdBasalSet==0.75====1.5===120===120.0
    DEBUG: : PUMPCOMM 2==CmdBasalSet==0.4====0.8===64===64.0

CmdBasalSetTest > getFirstData should return byte array() STARTED

CmdHistoryGetTest > createTime should be set() STARTED

CmdBasalSetTest > getFirstData should return byte array() STANDARD_OUT
    DEBUG: : PUMPCOMM 0==CmdBasalSet==0.5====1.0===80===80.0
    DEBUG: : PUMPCOMM 1==CmdBasalSet==0.75====1.5===120===120.0

CmdHistoryGetTest > getNextData should return byte array with correct structure() STARTED

CmdHistoryGetTest > getNextData should return byte array with correct structure() STANDARD_OUT
    DEBUG: : PUMPBTCOMM currentIndex===0

CmdHistoryGetTest > constructor should store currentIndex() STARTED

CmdBasalSetTest > getFirstData should return byte array() STANDARD_OUT
    DEBUG: : PUMPCOMM 2==CmdBasalSet==0.4====0.8===64===64.0

CmdBasalSetTest > decodeConfirmData should set cmdSuccess to true() STARTED

CmdBasalSetTest > getFirstData should divide rates by 2 before encoding() STARTED

CmdBasalSetTest > getFirstData should divide rates by 2 before encoding() STANDARD_OUT
    DEBUG: : PUMPCOMM 0==CmdBasalSet==1.0====2.0===160===160.0

CmdInsulinGetTest > decodeConfirmData should parse insulin and set to equilManager() STARTED

BaseSettingTest > response should be null initially() STARTED

BaseSettingTest > port should have default value from BaseCmd() STARTED

BaseSettingTest > config flag should be false initially() STARTED

BaseSettingTest > createTime with custom value should be stored() STARTED

BaseSettingTest > decodeConfirmData should be called by subclass() STARTED

BaseSettingTest > enacted should be true by default() STARTED

CmdHistoryGetTest > constructor should set port to 0505() STARTED

CmdHistoryGetTest > getEventType should return null() STARTED

CmdHistoryGetTest > getFirstData should have correct command bytes() STARTED

CmdHistoryGetTest > getFirstData should have correct command bytes() STANDARD_OUT
    DEBUG: : PUMPBTCOMM getReqData2===0E000000020100000000

CmdHistoryGetTest > getFirstData should increment pumpReqIndex() STARTED

CmdHistoryGetTest > getFirstData should increment pumpReqIndex() STANDARD_OUT
    DEBUG: : PUMPBTCOMM getReqData2===0F000000020100000000

CmdHistoryGetTest > decodeConfirmData should parse history data when currentIndex is not 0() STARTED

CmdHistoryGetTest > decodeConfirmData should parse history data when currentIndex is not 0() STANDARD_OUT
    DEBUG: : PUMPCOMM CmdHistoryGet{battery=100, medicine=50, rate=0, largeRate=0000, date=7/12/23 09:57:24 AM, index=0, port=0505, type=0, level=0, parm=0}

BaseSettingTest > getEventType should return correct type() STARTED

BaseSettingTest > getReqData should increment pumpReqIndex() STARTED

CmdHistoryGetTest > decodeConfirmData should set cmdSuccess to true() STARTED

BaseSettingTest > createTime should be set from constructor() STARTED

CmdHistoryGetTest > decodeConfirmData should set cmdSuccess to true() STANDARD_OUT
    DEBUG: : PUMPCOMM CmdHistoryGet{battery=0, medicine=0, rate=0, largeRate=0000, date=11/27/02 11:27:24 PM, index=0, port=0505, type=0, level=0, parm=0}

CmdHistoryGetTest > getFirstData should return byte array with correct structure() STARTED

BaseSettingTest > statusDescription should be class name() STARTED

CmdHistoryGetTest > getFirstData should return byte array with correct structure() STANDARD_OUT
    DEBUG: : PUMPBTCOMM getReqData2===10000000020100000000

CmdHistoryGetTest > getNextData should have correct command bytes() STARTED

CmdHistoryGetTest > getNextData should have correct command bytes() STANDARD_OUT
    DEBUG: : PUMPBTCOMM currentIndex===0

CmdHistoryGetTest > getNextData should increment pumpReqIndex() STARTED

CmdHistoryGetTest > getNextData should increment pumpReqIndex() STANDARD_OUT
    DEBUG: : PUMPBTCOMM currentIndex===0

CmdResistanceGetTest > decodeConfirmData should handle boundary value of 500() STARTED

BaseSettingTest > cmdSuccess should be true initially (enacted default)() STARTED

BaseSettingTest > getReqData should not call getFirstData() STARTED

BaseSettingTest > decodeConfirmData should be callable() STARTED

BaseSettingTest > responseCmd and decodeModel should round-trip an EquilCmdModel() STARTED

CmdInsulinGetTest > decodeConfirmData should handle different insulin values() STARTED

BaseSettingTest > runCode should be null initially() STARTED

BaseSettingTest > getNextData should be callable() STARTED

BaseSettingTest > multiple getReqData calls should increment index each time() STARTED

BaseSettingTest > getNextData should be called by subclass() STARTED

BaseSettingTest > timeout values should be set() STARTED

CmdInsulinGetTest > createTime should be set() STARTED

CmdInsulinGetTest > getNextData should return byte array with correct structure() STARTED

CmdInsulinGetTest > constructor should set port to 0505() STARTED

CmdInsulinGetTest > getEventType should return null() STARTED

CmdInsulinGetTest > getFirstData should have correct command bytes() STARTED

CmdInsulinGetTest > getFirstData should increment pumpReqIndex() STARTED

BaseSettingTest > runPwd should be null initially() STARTED

CmdInsulinGetTest > multiple getFirstData calls should increment index each time() STARTED

BaseSettingTest > getEventType should return correct event type() STARTED

CmdInsulinGetTest > decodeConfirmData should set cmdSuccess to true() STARTED

BaseSettingTest > cmdSuccess should be false initially() STARTED

CmdInsulinGetTest > getFirstData should return byte array with correct structure() STARTED

BaseSettingTest > isEnd flag should be false initially() STARTED

CmdInsulinGetTest > getNextData should have correct command bytes() STARTED

BaseSettingTest > getFirstData should be called by subclass() STARTED

BaseSettingTest > getEquilResponse should produce valid framed packets() STARTED

BaseSettingTest > getReqData should return byte array with correct structure() STARTED

CmdExtendedBolusSetTest > getEventType should return SET_EXTENDED_BOLUS when not cancelled() STARTED

CmdExtendedBolusSetTest > constructor should calculate step from insulin() STARTED

CmdExtendedBolusSetTest > getEventType should return CANCEL_EXTENDED_BOLUS when cancelled() STARTED

CmdExtendedBolusSetTest > constructor should calculate pumpTime from duration() STARTED

CmdInsulinGetTest > getNextData should increment pumpReqIndex() STARTED

CmdSettingSetTest > constructor should handle different maxBasal values() STARTED

CmdSettingSetTest > createTime should be set() STARTED

CmdSettingSetTest > getNextData should return byte array with correct structure() STARTED

CmdSettingSetTest > getEventType should return null() STARTED

CmdSettingSetTest > constructor should calculate bolusThresholdStep from maxBolus() STARTED

CmdSettingSetTest > lowAlarm should be initialized to 0() STARTED

CmdExtendedBolusSetTest > constructor should store insulin value() STARTED

CmdExtendedBolusSetTest > constructor should store cancel flag() STARTED

CmdExtendedBolusSetTest > step calculation should handle different insulin values() STARTED

CmdExtendedBolusSetTest > getNextData should return byte array with correct structure() STARTED

CmdExtendedBolusSetTest > pumpTime calculation should handle different durations() STARTED

CmdExtendedBolusSetTest > constructor should handle zero insulin() STARTED

CmdExtendedBolusSetTest > getFirstData should have correct command bytes() STARTED

CmdExtendedBolusSetTest > getFirstData should increment pumpReqIndex() STARTED

CmdExtendedBolusSetTest > decodeConfirmData should set cmdSuccess to true() STARTED

CmdExtendedBolusSetTest > getFirstData should return byte array with correct structure() STARTED

CmdSettingSetTest > getFirstData should have correct command bytes() STARTED

CmdSettingSetTest > getFirstData should have correct command bytes() STANDARD_OUT
    DEBUG: : PUMPCOMM CmdSettingSet data===1B0000000105000000000000000040060000F00A080020034006====0.0===0

CmdSettingSetTest > isPairStep should return true() STARTED

CmdSettingSetTest > getFirstData should increment pumpReqIndex() STARTED

CmdSettingSetTest > getFirstData should increment pumpReqIndex() STANDARD_OUT
    DEBUG: : PUMPCOMM CmdSettingSet data===1C0000000105000000000000000040060000F00A080020034006====0.0===0

CmdSettingSetTest > constructor should calculate basalThresholdStep from maxBasal() STARTED

CmdSettingSetTest > decodeConfirmData should set cmdSuccess to true() STARTED

CmdSettingSetTest > getFirstData should return byte array with correct structure() STARTED

CmdSettingSetTest > getFirstData should return byte array with correct structure() STANDARD_OUT
    DEBUG: : PUMPCOMM CmdSettingSet data===1D0000000105000000000000000040060000F00A080020034006====0.0===0

CmdSettingSetTest > getNextData should have correct command bytes() STARTED

CmdSettingSetTest > getNextData should increment pumpReqIndex() STARTED

CmdSettingSetTest > constructor should handle different maxBolus values() STARTED

CmdExtendedBolusSetTest > getNextData should have correct command bytes() STARTED

PumpEventTest > getEventStringRes should handle all port 5 events() STARTED

PumpEventTest > getEventStringRes should return null for unknown event() STARTED

CmdResistanceGetTest > decodeConfirmData should handle boundary value of 500() STANDARD_OUT
    DEBUG: : PUMPCOMM CmdResistanceGet: resistance=500, threshold=500, enacted=true (pin REACHED piston)

CmdResistanceGetTest > createTime should be set() STARTED

CmdResistanceGetTest > getNextData should return byte array with correct structure() STARTED

CmdResistanceGetTest > decodeConfirmData should set enacted to false when resistance is less than 500() STARTED

CmdExtendedBolusSetTest > getNextData should increment pumpReqIndex() STARTED

CmdExtendedBolusSetTest > constructor should store duration value() STARTED

CmdPairTest > getEventType should return INITIALIZE_EQUIL() STARTED

CmdPairTest > getEventType should return INITIALIZE_EQUIL() STANDARD_OUT
    DEBUG: : PUMPCOMM sn===0T0e0s0t0D0e0v0i0c0e

CmdPairTest > sn should trim whitespace() STARTED

CmdPairTest > sn should trim whitespace() STANDARD_OUT
    DEBUG: : PUMPCOMM sn===0T0e0s0t0D0e0v0i0c0e

CmdPairTest > randomPassword should be null initially() STARTED

CmdPairTest > randomPassword should be null initially() STANDARD_OUT
    DEBUG: : PUMPCOMM sn===0T0e0s0t0D0e0v0i0c0e

CmdPairTest > createTime should be set() STARTED

CmdPairTest > createTime should be set() STANDARD_OUT
    DEBUG: : PUMPCOMM sn===0T0e0s0t0D0e0v0i0c0e

CmdPairTest > multiple getEquilResponse calls should generate different random passwords() STARTED

CmdPairTest > multiple getEquilResponse calls should generate different random passwords() STANDARD_OUT
    DEBUG: : PUMPCOMM sn===0T0e0s0t0D0e0v0i0c0e
    DEBUG: : PUMPCOMM pwd==0B611A87FA0BF99F85D080A4B91F5A9A6FB577DEC8E8D284D9A6CD13EB576D79
    DEBUG: : PUMPCOMM data==B0EB6308060F79D685D6269DC048E32E49F2CB4127B40CFA757866850278793F1387FAE8494FDF3BF95640BBBACF0590DBD6FB1503CCFADAED701CADA76B0C8A
    DEBUG: : PUMPCOMM pwd==0B611A87FA0BF99F85D080A4B91F5A9A6FB577DEC8E8D284D9A6CD13EB576D79
    DEBUG: : PUMPCOMM data==B0EB6308060F79D685D6269DC048E32E49F2CB4127B40CFA757866850278793FDCAD60C45B72629D8A0B8F61BEF9FC8F03ED067CCCBEEC08F52CF5D0506F04C5

CmdPairTest > getEquilResponse should generate random password() STARTED

CmdPairTest > getEquilResponse should generate random password() STANDARD_OUT
    DEBUG: : PUMPCOMM sn===0T0e0s0t0D0e0v0i0c0e
    DEBUG: : PUMPCOMM pwd==0B611A87FA0BF99F85D080A4B91F5A9A6FB577DEC8E8D284D9A6CD13EB576D79
    DEBUG: : PUMPCOMM data==B0EB6308060F79D685D6269DC048E32E49F2CB4127B40CFA757866850278793FC2FEF5E3A734C6216D8E7920A2CB46CBE120EA119971115F2B17448C47B7FD0A

CmdPairTest > getEquilResponse should set response field() STARTED

CmdPairTest > getEquilResponse should set response field() STANDARD_OUT
    DEBUG: : PUMPCOMM sn===0T0e0s0t0D0e0v0i0c0e
    DEBUG: : PUMPCOMM pwd==0B611A87FA0BF99F85D080A4B91F5A9A6FB577DEC8E8D284D9A6CD13EB576D79
    DEBUG: : PUMPCOMM data==B0EB6308060F79D685D6269DC048E32E49F2CB4127B40CFA757866850278793F824422B383E860965B7FA2463805C4B5C942321DC449F7E96FA1DF9DDDF96C89

CmdPairTest > constructor should set port to 0E0E() STARTED

CmdPairTest > constructor should set port to 0E0E() STANDARD_OUT
    DEBUG: : PUMPCOMM sn===0T0e0s0t0D0e0v0i0c0e

CmdPairTest > getNextEquilResponse should return same as getEquilResponse() STARTED

PumpEventTest > getEventStringRes should return null for placeholder event() STARTED

PumpEventTest > getEventStringRes should return correct resource for known events() STARTED

PumpEventTest > getEventStringRes should handle all port 4 events() STARTED

CmdPairTest > getNextEquilResponse should return same as getEquilResponse() STANDARD_OUT
    DEBUG: : PUMPCOMM sn===0T0e0s0t0D0e0v0i0c0e
    DEBUG: : PUMPCOMM pwd==0B611A87FA0BF99F85D080A4B91F5A9A6FB577DEC8E8D284D9A6CD13EB576D79
    DEBUG: : PUMPCOMM data==B0EB6308060F79D685D6269DC048E32E49F2CB4127B40CFA757866850278793F9412B0464CC03E852266958F44F3A703569A323C008C35698CA7909CD19C05B2

CmdPairTest > ERROR_PWD should be 64 characters() STARTED

CmdResistanceGetTest > decodeConfirmData should set enacted to false when resistance is less than 500() STANDARD_OUT
    DEBUG: : PUMPCOMM CmdResistanceGet: resistance=100, threshold=500, enacted=false (pin NOT reached piston)

CmdResistanceGetTest > constructor should set port to 1515() STARTED

CmdPairTest > isEnd should be false initially() STARTED

CmdPairTest > isEnd should be false initially() STANDARD_OUT
    DEBUG: : PUMPCOMM sn===0T0e0s0t0D0e0v0i0c0e

CmdPairTest > getEquilResponse should return EquilResponse() STARTED

CmdPairTest > getEquilResponse should return EquilResponse() STANDARD_OUT
    DEBUG: : PUMPCOMM sn===0T0e0s0t0D0e0v0i0c0e
    DEBUG: : PUMPCOMM pwd==0B611A87FA0BF99F85D080A4B91F5A9A6FB577DEC8E8D284D9A6CD13EB576D79
    DEBUG: : PUMPCOMM data==B0EB6308060F79D685D6269DC048E32E49F2CB4127B40CFA757866850278793F3F9B7E4B8F5392DF644D2A33851943E7148AA5425656C44AB4B1BD6E938486BA

CmdPairTest > should handle different device names() STARTED

CmdPairTest > should handle different device names() STANDARD_OUT
    DEBUG: : PUMPCOMM sn===0D0e0v0i0c0e01
    DEBUG: : PUMPCOMM sn===0D0e0v0i0c0e02

CmdPairTest > constructor should convert sn with convertString() STARTED

CmdPairTest > constructor should convert sn with convertString() STANDARD_OUT
    DEBUG: : PUMPCOMM sn===0A0B0C

CmdPairTest > constructor should process sn from name() STARTED

CmdPairTest > constructor should process sn from name() STANDARD_OUT
    DEBUG: : PUMPCOMM sn===0T0e0s0t0D0e0v0i0c0e

CmdPairTest > should handle empty device name after prefix() STARTED

CmdPairTest > should handle empty device name after prefix() STANDARD_OUT
    DEBUG: : PUMPCOMM sn===

CmdPairTest > ERROR_PWD should be all zeros() STARTED

CmdPairTest > cmdSuccess should be false initially() STARTED

CmdResistanceGetTest > decodeConfirmData should set enacted to true when resistance is 500 or more() STARTED

CmdResistanceGetTest > decodeConfirmData should set enacted to true when resistance is 500 or more() STANDARD_OUT
    DEBUG: : PUMPCOMM CmdResistanceGet: resistance=500, threshold=500, enacted=true (pin REACHED piston)

CmdResistanceGetTest > getEventType should return null() STARTED

CmdResistanceGetTest > getFirstData should have correct command bytes() STARTED

CmdResistanceGetTest > getFirstData should increment pumpReqIndex() STARTED

CmdPairTest > cmdSuccess should be false initially() STANDARD_OUT
    DEBUG: : PUMPCOMM sn===0T0e0s0t0D0e0v0i0c0e

CmdPairTest > ERROR_PWD constant should have correct value() STARTED

CmdResistanceGetTest > multiple getFirstData calls should increment index each time() STARTED

CmdResistanceGetTest > decodeConfirmData should set cmdSuccess to true() STARTED

CmdResistanceGetTest > decodeConfirmData should set cmdSuccess to true() STANDARD_OUT
    DEBUG: : PUMPCOMM CmdResistanceGet: resistance=0, threshold=500, enacted=false (pin NOT reached piston)

CmdResistanceGetTest > getFirstData should return byte array with correct structure() STARTED

CmdPairTest > address should be stored correctly() STARTED

CmdPairTest > address should be stored correctly() STANDARD_OUT
    DEBUG: : PUMPCOMM sn===0T0e0s0t0D0e0v0i0c0e

CmdPairTest > constructor should store address() STARTED

CmdResistanceGetTest > getNextData should have correct command bytes() STARTED

CmdPairTest > constructor should store address() STANDARD_OUT
    DEBUG: : PUMPCOMM sn===0T0e0s0t0D0e0v0i0c0e

CmdPairTest > config should be false initially() STARTED

CmdPairTest > config should be false initially() STANDARD_OUT
    DEBUG: : PUMPCOMM sn===0T0e0s0t0D0e0v0i0c0e

CmdResistanceGetTest > getNextData should increment pumpReqIndex() STARTED

CmdTimeSetTest > getFirstData should include time bytes() STARTED

CmdTimeSetTest > createTime should be set() STARTED

CmdTimeSetTest > getNextData should return byte array with correct structure() STARTED

CmdTimeSetTest > getEventType should return SET_TIME() STARTED

CmdTimeSetTest > constructor should set port to 0505() STARTED

CmdTimeSetTest > getNextData should have correct byte pattern() STARTED

CmdTimeSetTest > getFirstData should increment pumpReqIndex() STARTED

CmdTimeSetTest > multiple getFirstData calls should increment index each time() STARTED

CmdTimeSetTest > decodeConfirmData should set cmdSuccess to true() STARTED

CmdTimeSetTest > getFirstData should return byte array with correct structure() STARTED

CmdTimeSetTest > getNextData should increment pumpReqIndex() STARTED

CmdTempBasalSetTest > constructor should calculate step from insulin rate() STARTED

CmdTempBasalSetTest > constructor should handle different insulin rates() STARTED

CmdTempBasalSetTest > constructor should handle zero insulin rate() STARTED

CmdTempBasalSetTest > getNextData should return byte array with correct structure() STARTED

CmdTempBasalSetTest > step calculation should handle fractional insulin rates() STARTED

CmdTempBasalSetTest > cancel flag should be false by default() STARTED

CmdTempBasalSetTest > insulin and duration should be stored() STARTED

CmdTempBasalSetTest > getEventType should return CANCEL_TEMPORARY_BASAL when cancelled() STARTED

CmdTempBasalSetTest > getFirstData should have correct command bytes() STARTED

CmdTempBasalSetTest > getFirstData should have correct command bytes() STANDARD_OUT
    DEBUG: : PUMPCOMM step===80=====1800

CmdTempBasalSetTest > getFirstData should increment pumpReqIndex() STARTED

CmdTempBasalSetTest > getFirstData should increment pumpReqIndex() STANDARD_OUT
    DEBUG: : PUMPCOMM step===80=====1800

CmdTempBasalSetTest > decodeConfirmData should set cmdSuccess to true() STARTED

CmdTempBasalSetTest > getEventType should return SET_TEMPORARY_BASAL when not cancelled() STARTED

CmdTempBasalSetTest > getFirstData should return byte array with correct structure() STARTED

CmdTempBasalSetTest > getFirstData should return byte array with correct structure() STANDARD_OUT
    DEBUG: : PUMPCOMM step===80=====1800

CmdTempBasalSetTest > getNextData should have correct command bytes() STARTED

CmdTempBasalSetTest > getNextData should increment pumpReqIndex() STARTED

CmdTempBasalSetTest > constructor should convert duration to seconds() STARTED

> Task :pump:medtrum:processFullDebugUnitTestJavaRes

> Task :pump:eopatch:testFullDebugUnitTest

AlarmStateTest > states should follow logical lifecycle order() STARTED

AlarmStateTest > should contain all expected states() STARTED

AlarmStateTest > should have exactly three states() STARTED

AlarmStateTest > HANDLE should be third state() STARTED

AlarmStateTest > ordinal values should be sequential() STARTED

AlarmStateTest > REGISTER should be first state() STARTED

AlarmStateTest > FIRED should be second state() STARTED

AlarmStateTest > all states should be distinct() STARTED

AlarmStateTest > should support valueOf() STARTED

AlarmCategoryTest > should have exactly three categories() STARTED

AlarmCategoryTest > ALERT should be third category() STARTED

AlarmCategoryTest > all categories should be distinct() STARTED

AlarmCategoryTest > ALARM should be second category() STARTED

AlarmCategoryTest > should contain all expected categories() STARTED

AlarmCategoryTest > NONE should be first category() STARTED

AlarmCategoryTest > ordinal values should be sequential() STARTED

AlarmCategoryTest > should support valueOf() STARTED

UnitOrPercentTest > P should represent percent() STARTED

UnitOrPercentTest > values should be distinct() STARTED

UnitOrPercentTest > U should represent units() STARTED

UnitOrPercentTest > should have two values() STARTED

UnitOrPercentTest > should support valueOf() STARTED

PatchAeCodeTest > create should set aeValue() STARTED

PatchAeCodeTest > create should set values correctly for zero() STARTED

PatchAeCodeTest > different instances should be independent() STARTED

BaseResponseTest > toString should contain resultCode() STARTED

BaseResponseTest > constructor with error code should not be success() STARTED

BaseResponseTest > convertSecondToMilli should convert correctly() STARTED

BaseResponseTest > default constructor should set SUCCESS() STARTED

BaseResponseTest > timestamp should be set to current time() STARTED

AlarmsTest > AlarmItem should store alarm details() STARTED

AlarmsTest > triggerTimeMilli should be calculated correctly() STARTED

AlarmsTest > unregister should not fail for non-existent alarm() STARTED

AlarmsTest > observe should return observable() STARTED

AlarmsTest > getOccuredAlarmTimestamp should return current time for non-occurred alarm() STARTED

AlarmsTest > handle should remove alarm from occurred() STARTED

AlarmsTest > init should have empty alarm collections() STARTED

AlarmsTest > register should replace existing alarm() STARTED

AlarmsTest > occurred should move alarm from registered to occurred() STARTED

AlarmsTest > clear should remove all alarms() STARTED

AlarmsTest > toString should contain alarm state() STARTED

AlarmsTest > alarm lifecycle should work correctly() STARTED

AlarmsTest > register should add alarm to registered map() STARTED

AlarmsTest > getOccuredAlarmTimestamp should return trigger time for occurred alarm() STARTED

AlarmsTest > isOccurring should return true for occurred alarm() STARTED

AlarmsTest > update should copy alarms from other instance() STARTED

AlarmsTest > occurred should not duplicate if already occurring() STARTED

AlarmsTest > isOccurring should return false for non-occurred alarm() STARTED

AlarmsTest > unregister should remove alarm from registered map() STARTED

AlarmsTest > multiple alarms can be registered simultaneously() STARTED

AlarmsTest > occurred should not add if alarm not registered() STARTED

AlarmsTest > handle should not fail for non-occurred alarm() STARTED

AlarmsTest > AlarmItem toString should contain alarm details() STARTED

PatchConfigTest > patchFirmwareVersionString should return null when version is null() STARTED

PatchConfigTest > update should copy all fields from other config() STARTED

PatchConfigTest > patchFirmwareVersionString should parse version correctly() STARTED

PatchConfigTest > updateLifecycle ACTIVATED should set activation timestamp() STARTED

PatchConfigTest > updateDeactivated should clear all patch data() STARTED

PatchConfigTest > updatetDisconnectedTime should set disconnect timestamp() STARTED

PatchConfigTest > updateLifecycle should update lifecycle event() STARTED

PatchConfigTest > isDeactivated should return false when mac address exists() STARTED

PatchConfigTest > equals should return false for different configs() STARTED

PatchConfigTest > toString should contain key information() STARTED

PatchConfigTest > updateNormalBasalResumed should clear pause finish time() STARTED

PatchConfigTest > init should set default values() STARTED

PatchConfigTest > insulinInjectionAmount should calculate correctly() STARTED

PatchConfigTest > hashCode should be consistent() STARTED

PatchConfigTest > incSeq should not increment when seq15 is negative() STARTED

PatchConfigTest > updateNormalBasalPaused should set pause finish time() STARTED

PatchConfigTest > incSeq should increment seq15() STARTED

PatchConfigTest > isActivated should return true when lifecycle is activated() STARTED

PatchConfigTest > isExpired should return true when expired() STARTED

PatchConfigTest > isInBasalPausedTime should return true when paused() STARTED

PatchConfigTest > equals should return true for identical configs() STARTED

PatchConfigTest > isExpired should return false when not expired() STARTED

PatchConfigTest > isInBasalPausedTime should return false when pause expired() STARTED

PatchConfigTest > patchFirmwareVersionString should return full version if less than 3 dots() STARTED

PatchConfigTest > expireTimestamp should be calculated from wakeup time() STARTED

PatchConfigTest > hasMacAddress should return true when mac address is set() STARTED

PatchConfigTest > updateLifecycle SHUTDOWN should deactivate patch() STARTED

PatchConfigTest > isInBasalPausedTime should return false when not paused() STARTED

PatchConfigTest > updateLifecycle should not update if same lifecycle() STARTED

PatchConfigTest > incSeq should wrap around at 0x7FFF() STARTED

PatchConfigTest > hasMacAddress should return false when mac address is null() STARTED

PatchConfigTest > isDeactivated should return true when no mac address() STARTED

PatchConfigTest > basalInjectionAmount should calculate correctly() STARTED

PatchConfigTest > bolusInjectionAmount should sum standard and extended bolus() STARTED

TempBasalTest > endTimestamp should calculate correctly when started() STARTED

TempBasalTest > createPercent should create temp basal with percent rate() STARTED

TempBasalTest > doseUnitText should format correctly() STARTED

TempBasalTest > initObject should reset all values() STARTED

TempBasalTest > createAbsolute should create temp basal with absolute rate() STARTED

TempBasalTest > toString should contain key information() STARTED

TempBasalTest > running flag should be mutable() STARTED

TempBasalTest > endTimestamp should be zero when not started() STARTED

> Task :pump:virtual:processFullDebugUnitTestManifest
> Task :plugins:source:transformFullDebugClassesWithAsm
> Task :pump:medtrum:compileFullDebugUnitTestJavaWithJavac NO-SOURCE
> Task :pump:medtrum:hiltSyncFullDebugUnitTest
> Task :pump:virtual:kspFullDebugUnitTestKotlin

> Task :pump:equil:testFullDebugUnitTest

GattAttributesTest > NRF_UART_WRITE should have correct UUID() STARTED

> Task :pump:rileylink:processFullDebugUnitTestResources
> Task :pump:virtual:generateFullDebugUnitTestAssets UP-TO-DATE
> Task :plugins:source:bundleLibRuntimeToJarFullDebug

> Task :pump:equil:testFullDebugUnitTest

GattAttributesTest > characteristicConfigDescriptor should have correct UUID() STARTED

GattAttributesTest > NRF_UART_NOTIFY should be valid UUID format() STARTED

GattAttributesTest > SERVICE_RADIO should have correct UUID() STARTED

GattAttributesTest > NRF_UART_NOTIFY should have correct UUID() STARTED

GattAttributesTest > SERVICE_RADIO should be valid UUID format() STARTED

GattAttributesTest > characteristicConfigDescriptor should be valid UUID() STARTED

GattAttributesTest > all UUIDs should be lowercase() STARTED

GattAttributesTest > NRF_UART_WRITE should be valid UUID format() STARTED

GattAttributesTest > NRF_UART_NOTIFY and NRF_UART_WRITE should be the same() STARTED

BasalScheduleTest > schedule with many entries should work correctly() STARTED

BasalScheduleTest > mapProfileToBasalSchedule should create schedule with 24 entries() STARTED

BolusProfileTest > timestamp should handle various values() STARTED

BasalScheduleTest > single entry schedule should work correctly() STARTED

BasalScheduleTest > rateAt should return correct rate for exact time match() STARTED

BasalScheduleTest > constructor should require first entry to start at zero() STARTED

BasalScheduleTest > rateAt should handle end of day correctly() STARTED

BasalScheduleTest > constructor should require non-empty entries() STARTED

BasalScheduleTest > rateAt should return correct rate for time between entries() STARTED

BasalScheduleTest > rateAt should throw exception for duration longer than 24 hours() STARTED

> Task :shared:impl:preFullDebugUnitTestBuild UP-TO-DATE

> Task :pump:eopatch:testFullDebugUnitTest

FloatFormattersTest > insulin formatter should handle small values() STARTED

FloatFormattersTest > insulin formatter should handle negative values() STARTED

FloatFormattersTest > insulin formatter should handle large values() STARTED

FloatFormattersTest > insulin formatter should handle zero() STARTED

FloatFormattersTest > insulin formatter should format with correct precision() STARTED

FloatFormattersTest > insulin formatter with unit should include unit() STARTED

GsonHelperTest > should serialize complex objects() STARTED

GsonHelperTest > sharedGson should return same instance on multiple calls() STARTED

GsonHelperTest > should serialize and deserialize normal values() STARTED

GsonHelperTest > should handle null values() STARTED

GsonHelperTest > sharedGson should return non-null Gson instance() STARTED

GsonHelperTest > should serialize special floating point values() STARTED

PreferenceManagerTest > interface should define getPatchWakeupTimestamp method() STARTED

IPatchManagerTest > interface should define setConnection method() STARTED

> Task :pump:equil-emulator:testFullDebugUnitTest

EquilPumpEmulatorTest > insulin get returns current level() STARTED

> Task :plugins:sync:transformFullDebugUnitTestClassesWithAsm

> Task :pump:equil:testFullDebugUnitTest

BasalScheduleTest > rateAt should throw exception for negative duration() STARTED

BasalScheduleTest > hashCode should be consistent with equals() STARTED

BasalScheduleTest > getEntries should return copy of entries() STARTED

BasalScheduleTest > mapProfileToBasalSchedule should have entries at hourly intervals() STARTED

BasalScheduleTest > mapProfileToBasalSchedule should start at midnight() STARTED

BasalScheduleTest > equals should return false for schedules with different entries() STARTED

BasalScheduleTest > rateAt should handle minutes correctly() STARTED

BasalScheduleTest > mapProfileToBasalSchedule should use correct rates from profile() STARTED

BasalScheduleTest > rateAt should accept exactly 24 hours() STARTED

BasalScheduleTest > equals should return true for schedules with same entries() STARTED

BasalScheduleTest > constructor should accept valid entries() STARTED

AESUtilTest > generateRandomIV should create IV of correct length() STARTED

AESUtilTest > getEquilPassWord should return 32 byte key() STARTED

AESUtilTest > decrypt should handle byte array data() STARTED

EquilPumpPluginTest > toDuration should handle seconds() STARTED

AESUtilTest > aesEncrypt should handle null password gracefully() STARTED

AESUtilTest > decrypt should handle various data sizes() STARTED

AESUtilTest > aesEncrypt should encrypt data successfully() STARTED

AESUtilTest > decrypt should throw IllegalStateException when tag is null() STARTED

AESUtilTest > aesEncrypt should handle null data gracefully() STARTED

AESUtilTest > decrypt should decrypt data encrypted with aesEncrypt() STARTED

AESUtilTest > generateRandomIV should create unique IVs() STARTED

AESUtilTest > encryption roundtrip should work with special characters() STARTED

AESUtilTest > decrypt should fail with wrong password() STARTED

AESUtilTest > decrypt should throw IllegalStateException when ciphertext is null() STARTED

AESUtilTest > decrypt should throw IllegalStateException when IV is null() STARTED

AESUtilTest > getEquilPassWord should generate different keys for different passwords() STARTED

AESUtilTest > encryption roundtrip should work with unicode characters() STARTED

AESUtilTest > aesEncrypt should produce different ciphertext for same data due to random IV() STARTED

AESUtilTest > encryption roundtrip should preserve empty data() STARTED

AESUtilTest > aesEncrypt should produce different ciphertext for same data with different passwords() STARTED

EquilPumpPluginTest > indexEquilReadStatus can be changed() STARTED

EquilPumpPluginTest > toDuration should handle hour boundaries() STARTED

AESUtilTest > getEquilPassWord should generate consistent keys for same password() STARTED

UtilsTest > convertByteArray should convert mutable list to byte array() STARTED

UtilsTest > concat should concatenate byte arrays() STARTED

UtilsTest > bytesToHex with ByteArray should handle empty array() STARTED

UtilsTest > intToBytes should convert int to 4 bytes little-endian() STARTED

UtilsTest > bytes2Int should convert 4 bytes to int little-endian() STARTED

UtilsTest > bytesToHex with MutableList should handle null() STARTED

UtilsTest > intToTwoBytes should handle various values() STARTED

UtilsTest > hexStringToBytes and bytesToHex should be inverse operations() STARTED

UtilsTest > basalToByteArray should encode various rates correctly() STARTED

UtilsTest > concat should handle empty arrays() STARTED

UtilsTest > basalToByteArray2 should encode basal rate low byte first() STARTED

UtilsTest > decodeSpeedToUH double roundtrip should be accurate() STARTED

UtilsTest > generateRandomPassword should create password of correct length() STARTED

UtilsTest > concat should handle multiple arrays() STARTED

UtilsTest > internalDecodeSpeedToUH should decode speed correctly() STARTED

UtilsTest > decodeSpeedToUS should decode speed to units per second() STARTED

UtilsTest > bytesToHex with MutableList should convert bytes to hex string() STARTED

UtilsTest > decodeSpeedToUHT should return double correctly() STARTED

UtilsTest > hexStringToBytes should convert hex string to bytes() STARTED

UtilsTest > bytes2Int should handle various byte arrays() STARTED

UtilsTest > intToTwoBytes should convert int to 2 bytes little-endian() STARTED

UtilsTest > generateRandomPassword should create unique passwords() STARTED

EquilPumpPluginTest > BASAL_STEP_DURATION should be 30 minutes() STARTED

UtilsTest > hexStringToBytes should handle lowercase hex() STARTED

UtilsTest > bytesToHex with ByteArray should convert bytes to hex string() STARTED

UtilsTest > basalToByteArray2 should encode various rates correctly() STARTED

UtilsTest > decodeSpeedToUH double should encode rate correctly() STARTED

UtilsTest > hexStringToBytes roundtrip with various strings() STARTED

UtilsTest > intToBytes and bytes2Int should be inverse operations() STARTED

UtilsTest > bytesToHex with ByteArray should handle null() STARTED

UtilsTest > decodeSpeedToUH int should decode speed correctly() STARTED

UtilsTest > intToBytes should handle various values() STARTED

UtilsTest > internalDecodeSpeedToUH2 should return BigDecimal correctly() STARTED

UtilsTest > basalToByteArray should encode basal rate high byte first() STARTED

UtilsTest > hexStringToBytes should handle various hex strings() STARTED

UtilsTest > bytesToInt should convert two bytes to int correctly() STARTED

EquilPumpPluginTest > lastBolusTime should return null() STARTED

EquilPumpPluginTest > tempActivationProgress can be changed() STARTED

CmdBasalGetTest > constructor should store profile() STARTED

EquilPumpPluginTest > canHandleDST should return false() STARTED

EquilPumpPluginTest > toDuration should convert DateTime to Duration correctly() STARTED

EquilPumpPluginTest > isConnecting should return false() STARTED

EquilPumpPluginTest > pumpDescription should have correct pump type() STARTED

EquilPumpPluginTest > toDuration at end of day should return correct duration() STARTED

EquilPumpPluginTest > toDuration at midnight should return zero duration() STARTED

EquilPumpPluginTest > isBatteryChangeLoggingEnabled should return false() STARTED

EquilPumpPluginTest > isInitialized should delegate to equilManager() STARTED

EquilPumpPluginTest > isFakingTempsByExtendedBoluses should return false() STARTED

EquilPumpPluginTest > pumpDescription should be initialized() STARTED

EquilPumpPluginTest > model should return EQUIL pump type() STARTED

EquilPumpPluginTest > manufacturer should return Equil() STARTED

EquilPumpPluginTest > isHandshakeInProgress should return false() STARTED

EquilPumpPluginTest > tempActivationProgress should be NONE initially() STARTED

EquilPumpPluginTest > indexEquilReadStatus should be 5 initially() STARTED

EquilPumpPluginTest > lastBolusAmount should return null() STARTED

EquilPumpPluginTest > toDuration should only consider time of day() STARTED

EquilPumpPluginTest > isBusy should return false() STARTED

RunModeTest > valueOf should return correct enum() STARTED

RunModeTest > all modes should have correct command values() STARTED

RunModeTest > command values should be unique except for expected overlaps() STARTED

RunModeTest > all enum values should be accessible() STARTED

RunModeTest > enum toString should return name() STARTED

RunModeTest > enum ordinal values should be stable() STARTED

EventEquilAlarmTest > constructor should set tips() STARTED

EventEquilAlarmTest > tips should be settable() STARTED

EventEquilAlarmTest > tips should handle various alarm messages() STARTED

EventEquilAlarmTest > tips should be mutable() STARTED

EventEquilAlarmTest > tips should handle empty string() STARTED

EventEquilAlarmTest > tips should handle long messages() STARTED

EventEquilAlarmTest > multiple instances should be independent() STARTED

EventEquilAlarmTest > tips should handle special characters() STARTED

EquilManagerTest > getEquilError should return empty string for unknown event() STARTED

EquilManagerTest > equilState should be null initially() STARTED

EquilManagerTest > getEquilError should handle port 5 events() STARTED

EquilManagerTest > getEquilError should return correct error for valid event() STARTED

EquilManagerTest > getEquilError should distinguish port type level combinations() STARTED

EquilManagerTest > getEquilError should handle shutdown events() STARTED

CmdDevicesOldGetTest > createTime should be set() STARTED

CmdDevicesOldGetTest > getEquilResponse should initialize response and return non-null() STARTED

CmdDevicesOldGetTest > decodeConfirmData should parse firmware version correctly() STARTED

CmdDevicesOldGetTest > decodeConfirmData should parse firmware version correctly() FAILED
    org.opentest4j.AssertionFailedError: expected: <true> but was: <false>
        at app//org.junit.jupiter.api.AssertionFailureBuilder.build(AssertionFailureBuilder.java:158)
        at app//org.junit.jupiter.api.AssertionFailureBuilder.buildAndThrow(AssertionFailureBuilder.java:139)
        at app//org.junit.jupiter.api.AssertTrue.failNotTrue(AssertTrue.java:69)
        at app//org.junit.jupiter.api.AssertTrue.assertTrue(AssertTrue.java:41)
        at app//org.junit.jupiter.api.AssertTrue.assertTrue(AssertTrue.java:35)
        at app//org.junit.jupiter.api.Assertions.assertTrue(Assertions.java:195)
        at app//app.aaps.pump.equil.manager.command.CmdDevicesOldGetTest.decodeConfirmData should parse firmware version correctly(CmdDevicesOldGetTest.kt:164)

CmdDevicesOldGetTest > getNextData should return byte array with correct structure() STARTED

CmdDevicesOldGetTest > getEquilResponse should return 14 byte buffer() STARTED

CmdDevicesOldGetTest > constructor should set port to 0E0E() STARTED

CmdDevicesOldGetTest > getEventType should return null() STARTED

CmdDevicesOldGetTest > should handle different address formats() STARTED

CmdDevicesOldGetTest > getEquilResponse should return EquilResponse() STARTED

CmdDevicesOldGetTest > getFirstData should have correct command bytes() STARTED

CmdDevicesOldGetTest > getFirstData should increment pumpReqIndex() STARTED

CmdDevicesOldGetTest > multiple getFirstData calls should increment index each time() STARTED

CmdDevicesOldGetTest > isSupport should check firmware version() STARTED

CmdDevicesOldGetTest > getFirstData should return byte array with correct structure() STARTED

CmdDevicesOldGetTest > getNextData should have correct command bytes() STARTED

CmdDevicesOldGetTest > getNextData should increment pumpReqIndex() STARTED

> Task :pump:virtual:javaPreCompileFullDebugUnitTest

> Task :pump:eopatch:testFullDebugUnitTest

EopatchPumpPluginBolusTest > getPumpStatus should do nothing when not activated() STARTED

CommonUtilsTest > getRemainHourMin should handle zero time() STARTED

CommonUtilsTest > nearlyEqual should handle small values near zero() STARTED

CommonUtilsTest > isStringEmpty should return false for non-empty string() STARTED

CommonUtilsTest > dispose should handle multiple disposables() STARTED

> Task :shared:impl:checkFullDebugUnitTestAarMetadata

> Task :pump:equil:testFullDebugUnitTest

CmdDevicesOldGetTest > decodeConfirmData should parse firmware version() STARTED

CmdDevicesOldGetTest > decodeConfirmData should parse firmware version() STANDARD_OUT
    DEBUG: : PUMPCOMM CmdDevicesOldGet====0000000000000000000000000000000000000105=====0===1.5====true

CmdDevicesOldGetTest > constructor should store address() STARTED

CmdModelSetTest > getMode should return SUSPEND for other values() STARTED

CmdModelSetTest > getNextData should return byte array with correct structure() STARTED

CmdModelSetTest > getEventType should return SUSPEND_DELIVERY for SUSPEND mode() STARTED

CmdModelSetTest > getMode should return RUN for mode 1() STARTED

CmdModelSetTest > getMode should return RUN for mode 2() STARTED

CmdModelSetTest > getFirstData should have correct command bytes() STARTED

CmdModelSetTest > getFirstData should increment pumpReqIndex() STARTED

CmdModelSetTest > getFirstData should increment pumpReqIndex() STANDARD_OUT
    DEBUG: : PUMPCOMM CmdDevicesOldGet====0000000000000000000000000000000000000505=====0===5.5====false

CmdModelSetTest > constructor should store mode value() STARTED

CmdModelSetTest > getMode should return SUSPEND for mode 0() STARTED

CmdModelSetTest > decodeConfirmData should set cmdSuccess to true() STARTED

CmdModelSetTest > getFirstData should return byte array with correct structure() STARTED

CmdModelSetTest > getNextData should have correct command bytes() STARTED

CmdModelSetTest > getNextData should increment pumpReqIndex() STARTED

CmdModelSetTest > getEventType should return null for invalid mode() STARTED

CmdModelSetTest > getEventType should return RESUME_DELIVERY for RUN mode() STARTED

CmdTempBasalGetTest > decodeConfirmData should parse time from data() STARTED

CmdTempBasalGetTest > decodeConfirmData should parse time from data() STANDARD_OUT
    DEBUG: : PUMPCOMM CmdTempBasalGet===0====134676480

CmdTempBasalGetTest > createTime should be set() STARTED

CmdTempBasalGetTest > getNextData should return byte array with correct structure() STARTED

CmdTempBasalGetTest > getEventType should return null() STARTED

CmdTempBasalGetTest > decodeConfirmData should parse step from data() STARTED

CmdTempBasalGetTest > decodeConfirmData should parse step from data() STANDARD_OUT
    DEBUG: : PUMPCOMM CmdTempBasalGet===1677721600====0

CmdTempBasalGetTest > getFirstData should have correct command bytes() STARTED

CmdTempBasalGetTest > getFirstData should increment pumpReqIndex() STARTED

CmdTempBasalGetTest > multiple getFirstData calls should increment index each time() STARTED

CmdTempBasalGetTest > decodeConfirmData should set cmdSuccess to true() STARTED

CmdTempBasalGetTest > decodeConfirmData should set cmdSuccess to true() STANDARD_OUT
    DEBUG: : PUMPCOMM CmdTempBasalGet===0====0

CmdTempBasalGetTest > decodeConfirmData should set cmdSuccess to true() FAILED
    org.opentest4j.AssertionFailedError: expected: <true> but was: <false>
        at app//org.junit.jupiter.api.AssertionFailureBuilder.build(AssertionFailureBuilder.java:158)
        at app//org.junit.jupiter.api.AssertionFailureBuilder.buildAndThrow(AssertionFailureBuilder.java:139)
        at app//org.junit.jupiter.api.AssertTrue.failNotTrue(AssertTrue.java:69)
        at app//org.junit.jupiter.api.AssertTrue.assertTrue(AssertTrue.java:41)
        at app//org.junit.jupiter.api.AssertTrue.assertTrue(AssertTrue.java:35)
        at app//org.junit.jupiter.api.Assertions.assertTrue(Assertions.java:195)
        at app//app.aaps.pump.equil.manager.command.CmdTempBasalGetTest.decodeConfirmData should set cmdSuccess to true(CmdTempBasalGetTest.kt:146)

CmdTempBasalGetTest > getFirstData should return byte array with correct structure() STARTED

CmdTempBasalGetTest > getNextData should have correct command bytes() STARTED

CmdTempBasalGetTest > getNextData should increment pumpReqIndex() STARTED

CmdTempBasalGetTest > constructor should initialize time to 0() STARTED

BolusProfileTest > properties should be overwritable() STARTED

BolusProfileTest > all properties should be mutable independently() STARTED

BolusProfileTest > stop flag should be settable() STARTED

BolusProfileTest > insulin should handle various values() STARTED

BolusProfileTest > multiple instances should be independent() STARTED

BolusProfileTest > default values should be initialized correctly() STARTED

BolusProfileTest > insulin should handle precise decimal values() STARTED

BolusProfileTest > timestamp should be settable() STARTED

BolusProfileTest > insulin should be settable() STARTED

EquilHistoryEntryGroupTest > all groups should have resource IDs() STARTED

CmdBasalGetTest > getNextData should return byte array with correct structure() STARTED

CmdBasalGetTest > getEventType should return null() STARTED

CmdBasalGetTest > getFirstData should have correct command bytes() STARTED

CmdBasalGetTest > decodeConfirmData should set cmdSuccess to true() STARTED

> Task :shared:impl:mapFullDebugUnitTestSourceSetPaths

> Task :pump:equil-emulator:testFullDebugUnitTest

EquilPumpEmulatorTest > setting set updates thresholds() STARTED

EquilPumpEmulatorTest > time set updates pump time() STARTED

EquilPumpEmulatorTest > full 3-phase round trip() STARTED

EquilPumpEmulatorTest > basal set updates profile() STARTED

EquilPumpEmulatorTest > phase 3 - confirmation returns ack() STARTED

EquilPumpEmulatorTest > running mode get returns current mode() STARTED

EquilPumpEmulatorTest > pair initial returns device and password keys() STARTED

EquilPumpEmulatorTest > reset returns to initial phase() STARTED

EquilPumpEmulatorTest > after pairing completes emulator is ready for normal commands() STARTED

EquilPumpEmulatorTest > pair confirm completes pairing and returns null() STARTED

EquilPumpEmulatorTest > temp basal get returns step and duration() STARTED

EquilPumpEmulatorTest > history get returns event data() STARTED

EquilPumpEmulatorTest > temp basal cancel clears state() STARTED

EquilPumpEmulatorTest > extended bolus set updates state() STARTED

EquilPumpEmulatorTest > phase 1 - initial request returns session key() STARTED

EquilPumpEmulatorTest > bolus set updates state() STARTED

EquilPumpEmulatorTest > alarm set updates mode() STARTED

EquilPumpEmulatorTest > phase 2 - command after initial() STARTED

EquilPumpEmulatorTest > temp basal set updates state() STARTED

EquilPumpEmulatorTest > extended bolus cancel clears state() STARTED

> Task :shared:tests:kspFullDebugUnitTestKotlin NO-SOURCE
> Task :shared:tests:preFullDebugUnitTestBuild UP-TO-DATE

> Task :pump:equil:testFullDebugUnitTest

CmdBasalGetTest > decodeConfirmData should set cmdSuccess to true() STANDARD_OUT
    DEBUG: : PUMPCOMM CmdBasalGet==00000000000000000000000000000000000000000000000000000000000000000000000000000000000000000000000000000000000000000000000000000000000000000000000000000000000000000000000000000000000000000000000000000000

CmdBasalGetTest > decodeConfirmData should set cmdSuccess to true() FAILED
    org.opentest4j.AssertionFailedError: expected: <true> but was: <false>
        at app//org.junit.jupiter.api.AssertionFailureBuilder.build(AssertionFailureBuilder.java:158)
        at app//org.junit.jupiter.api.AssertionFailureBuilder.buildAndThrow(AssertionFailureBuilder.java:139)
        at app//org.junit.jupiter.api.AssertTrue.failNotTrue(AssertTrue.java:69)
        at app//org.junit.jupiter.api.AssertTrue.assertTrue(AssertTrue.java:41)
        at app//org.junit.jupiter.api.AssertTrue.assertTrue(AssertTrue.java:35)
        at app//org.junit.jupiter.api.Assertions.assertTrue(Assertions.java:195)
        at app//app.aaps.pump.equil.manager.command.CmdBasalGetTest.decodeConfirmData should set cmdSuccess to true(CmdBasalGetTest.kt:85)

CmdBasalGetTest > getFirstData should return byte array with correct structure() STARTED

CmdInsulinChangeTest > decodeConfirmData should parse status and set to equilManager() STARTED

CmdInsulinChangeTest > decodeConfirmData should parse status and set to equilManager() STANDARD_OUT
    DEBUG: : PUMPCOMM status====1====00000000000001000000

CmdInsulinChangeTest > decodeConfirmData should parse status and set to equilManager() FAILED
    Wanted but not invoked:
    equilManager.setInsulinChange(1);
    -> at app.aaps.pump.equil.manager.EquilManager.setInsulinChange(EquilManager.kt:670)
    Actually, there were zero interactions with this mock.
        at app//app.aaps.pump.equil.manager.EquilManager.setInsulinChange(EquilManager.kt:670)
        at app//app.aaps.pump.equil.manager.command.CmdInsulinChangeTest.decodeConfirmData should parse status and set to equilManager(CmdInsulinChangeTest.kt:102)

CmdInsulinChangeTest > getEventType should return CHANGE_INSULIN() STARTED

CmdInsulinChangeTest > createTime should be set() STARTED

CmdInsulinChangeTest > getNextData should return byte array with correct structure() STARTED

CmdInsulinChangeTest > decodeConfirmData should handle different status values() STARTED

CmdInsulinChangeTest > decodeConfirmData should handle different status values() STANDARD_OUT
    DEBUG: : PUMPCOMM CmdBasalGet==500050005000500050005000500050005000500050005000500050005000500050005000500050005000500050005000500050005000500050005000500050005000500050005000500050005000500050005000500050005000500050005000====
    ==00000000000000000000000000000000000000000000000000000000000000000000000000000000000000000000000000000000000000000000000000000000000000000000000000000000000000000000000000000000000000000000
    DEBUG: : PUMPCOMM status====255====000000000000FF000000

CmdInsulinChangeTest > getFirstData should have correct command bytes() STARTED

CmdInsulinChangeTest > getFirstData should increment pumpReqIndex() STARTED

CmdInsulinChangeTest > decodeConfirmData should set cmdSuccess to true() STARTED

CmdInsulinChangeTest > decodeConfirmData should set cmdSuccess to true() STANDARD_OUT
    DEBUG: : PUMPCOMM status====0====00000000000000000000

CmdInsulinChangeTest > getFirstData should return byte array with correct structure() STARTED

CmdInsulinChangeTest > getNextData should have correct command bytes() STARTED

CmdInsulinChangeTest > getNextData should increment pumpReqIndex() STARTED

CmdRunningModeGetTest > createTime should be set() STARTED

CmdRunningModeGetTest > decodeConfirmData should handle different mode values() STARTED

CmdRunningModeGetTest > decodeConfirmData should handle different mode values() STANDARD_OUT
    DEBUG: : PUMPCOMM CmdRunningModeGet====255

CmdRunningModeGetTest > getNextData should return byte array with correct structure() STARTED

CmdRunningModeGetTest > getEventType should return null() STARTED

CmdRunningModeGetTest > getFirstData should have correct command bytes() STARTED

CmdRunningModeGetTest > getFirstData should increment pumpReqIndex() STARTED

CmdRunningModeGetTest > multiple getFirstData calls should increment index each time() STARTED

CmdRunningModeGetTest > decodeConfirmData should parse mode and set to equilManager() STARTED

CmdRunningModeGetTest > decodeConfirmData should parse mode and set to equilManager() STANDARD_OUT
    DEBUG: : PUMPCOMM CmdRunningModeGet====5

CmdRunningModeGetTest > decodeConfirmData should set cmdSuccess to true() STARTED

CmdRunningModeGetTest > decodeConfirmData should set cmdSuccess to true() STANDARD_OUT
    DEBUG: : PUMPCOMM CmdRunningModeGet====0

> Task :pump:rileylink:packageFullDebugUnitTestForUnitTest

> Task :pump:eopatch:testFullDebugUnitTest

PreferenceManagerTest > interface should define isInitDone method() STARTED

PreferenceManagerTest > interface should define patchState property() STARTED

PreferenceManagerTest > interface should define updatePatchLifeCycle method() STARTED

PreferenceManagerTest > interface should define bolusCurrent property with getter and setter() STARTED

PreferenceManagerTest > interface should define init method() STARTED

PreferenceManagerTest > interface should define updatePatchState method() STARTED

PreferenceManagerTest > interface should define flush methods() STARTED

PreferenceManagerTest > interface should define setSharedKey method() STARTED

PreferenceManagerTest > interface should define seq15 methods() STARTED

PreferenceManagerTest > interface should define observe methods() STARTED

AppConstantTest > INSULIN_UNIT_P should be 0_05f() STARTED

PreferenceManagerTest > interface should define setMacAddress method() STARTED

PatchStepTest > activation steps should be in logical order() STARTED

PatchStepTest > should contain all expected steps() STARTED

AppConstantTest > OFF should be 0() STARTED

AppConstantTest > INSULIN_DURATION_MIN should be 2_0f() STARTED

AppConstantTest > DAY_START_MINUTE should be 0() STARTED

AppConstantTest > BOLUS_ACTIVE_EXTENDED_WAIT should be 0x2() STARTED

AppConstantTest > DAY_END_MINUTE should be 1440 (24 hours)() STARTED

AppConstantTest > segment constants should be consistent() STARTED

AppConstantTest > SEGMENT_COUNT_MAX should equal SEGMENT_MAX_SIZE_48() STARTED

AppConstantTest > day time range should be valid() STARTED

AppConstantTest > basal constants should be consistent() STARTED

AppConstantTest > INSULIN_UNIT_STEP_U should equal INSULIN_UNIT_P() STARTED

AppConstantTest > BASAL_RATE_PER_HOUR_MIN should equal BASAL_MIN_AMOUNT() STARTED

AppConstantTest > SEGMENT_MAX_SIZE_48 should be 48() STARTED

AppConstantTest > PUMP_DURATION_MILLI should be 4 seconds() STARTED

AppConstantTest > ON should be 1() STARTED

AppConstantTest > BOLUS_UNIT_STEP should equal INSULIN_UNIT_STEP_U() STARTED

AppConstantTest > insulin unit constants should be consistent() STARTED

AppConstantTest > BASAL_MIN_AMOUNT should be 0_05f() STARTED

EoPatchRxBusTest > should not receive events after unsubscribe() STARTED

EoPatchRxBusTest > should filter events by type() STARTED

EoPatchRxBusTest > should handle multiple events of same type() STARTED

EoPatchRxBusTest > should handle publishing Any type() STARTED

EoPatchRxBusTest > should handle different event types independently() STARTED

EoPatchRxBusTest > should only receive events published after subscription() STARTED

EoPatchRxBusTest > should support multiple subscribers for same event type() STARTED

EoPatchRxBusTest > listen should return Observable() STARTED

EoPatchRxBusTest > should publish and receive events() STARTED

IAlarmManagerTest > interface should define init method() STARTED

IPatchManagerTest > interface should define addBolusToHistory method() STARTED

PatchStepTest > should contain all expected steps() FAILED
    value of      : getEntries()
    unexpected (1): PROFILE_GATE
    ---
    expected      : [SAFE_DEACTIVATION, MANUALLY_TURNING_OFF_ALARM, DISCARDED, DISCARDED_FOR_CHANGE, DISCARDED_FROM_ALARM, WAKE_UP, CONNECT_NEW, SELECT_INSULIN, REMOVE_NEEDLE_CAP, SITE_LOCATION, REMOVE_PROTECTION_TAPE, SAFETY_CHECK, ROTATE_KNOB, ROTATE_KNOB_NEEDLE_INSERTION_ERROR, BASAL_SCHEDULE, SETTING_REMINDER_TIME, CHECK_CONNECTION, CANCEL, COMPLETE, BACK_TO_HOME, FINISH]
    but was       : [SAFE_DEACTIVATION, MANUALLY_TURNING_OFF_ALARM, DISCARDED, DISCARDED_FOR_CHANGE, DISCARDED_FROM_ALARM, PROFILE_GATE, WAKE_UP, CONNECT_NEW, SELECT_INSULIN, REMOVE_NEEDLE_CAP, SITE_LOCATION, REMOVE_PROTECTION_TAPE, SAFETY_CHECK, ROTATE_KNOB, ROTATE_KNOB_NEEDLE_INSERTION_ERROR, BASAL_SCHEDULE, SETTING_REMINDER_TIME, CHECK_CONNECTION, CANCEL, COMPLETE, BACK_TO_HOME, FINISH]
        at app//app.aaps.pump.eopatch.code.PatchStepTest.should contain all expected steps(PatchStepTest.kt:15)

PatchStepTest > only SAFE_DEACTIVATION should have isSafeDeactivation true() STARTED

PatchStepTest > FINISH should be last step() STARTED

PatchStepTest > should have expected number of steps() STARTED

PatchStepTest > should have expected number of steps() FAILED
    value of    : getEntries().size()
    expected    : 21
    but was     : 22
    iterable was: [SAFE_DEACTIVATION, MANUALLY_TURNING_OFF_ALARM, DISCARDED, DISCARDED_FOR_CHANGE, DISCARDED_FROM_ALARM, PROFILE_GATE, WAKE_UP, CONNECT_NEW, SELECT_INSULIN, REMOVE_NEEDLE_CAP, SITE_LOCATION, REMOVE_PROTECTION_TAPE, SAFETY_CHECK, ROTATE_KNOB, ROTATE_KNOB_NEEDLE_INSERTION_ERROR, BASAL_SCHEDULE, SETTING_REMINDER_TIME, CHECK_CONNECTION, CANCEL, COMPLETE, BACK_TO_HOME, FINISH]
        at app//app.aaps.pump.eopatch.code.PatchStepTest.should have expected number of steps(PatchStepTest.kt:10)

PatchStepTest > only CHECK_CONNECTION should have isCheckConnection true() STARTED

BolusTypeTest > valueOf should return correct enum() STARTED

BolusTypeTest > should have exactly 3 values() STARTED

BolusTypeTest > enum values should have correct indices() STARTED

FloatAdjustersTest > ROUND2_BASAL_RATE should round to nearest 0_05 step() STARTED

FloatAdjustersTest > FLOOR2_INSULIN should floor to 0_05 steps() STARTED

FloatAdjustersTest > adjusters should handle zero() STARTED

FloatAdjustersTest > FLOOR2_BASAL_RATE should floor to 0_05 steps() STARTED

FloatAdjustersTest > CEIL2_BASAL_RATE should ceil to 0_05 steps() STARTED

FloatAdjustersTest > FLOOR2_BOLUS should behave same as FLOOR2_INSULIN() STARTED

FloatAdjustersTest > ROUND2_INSULIN should round to nearest 0_05 step() STARTED

FloatAdjustersTest > adjusters should handle larger values() STARTED

NormalBasalTest > maxDoseUnitPerHour should return maximum from all segments() STARTED

NormalBasalTest > create should initialize with correct default values() STARTED

NormalBasalTest > getSegmentDoseUnitPerHour should return correct dose for time() STARTED

NormalBasalTest > currentSegmentDoseUnitPerHour should return dose for current time() STARTED

NormalBasalTest > maxDoseUnitPerHour should handle empty list() STARTED

NormalBasalTest > hasSegments should return false when list is empty() STARTED

NormalBasalTest > hasSegments should return true when list is not empty() STARTED

NormalBasalTest > toString should contain key information() STARTED

NormalBasalTest > isFullSegment should return true for complete 24 hour schedule() STARTED

NormalBasalTest > updateNormalBasalIndex should detect segment change() STARTED

NormalBasalTest > doseUnitPerDay should calculate total daily insulin() STARTED

NormalBasalTest > doseUnitPerSegmentArray should return correct array size() STARTED

NormalBasalTest > isFullSegment should return false for incomplete schedule() STARTED

NormalBasalTest > status setter should reset segment index when stopped() STARTED

NormalBasalTest > startTime should return timestamp for current segment() STARTED

NormalBasalTest > getMaxBasal should find maximum in duration window() STARTED

NormalBasalTest > create with dose should set first segment dose() STARTED

TempBasalManagerTest > updateBasalRunning should clone temp basal() STARTED

IPatchManagerTest > interface should define changeBuzzerSetting method() STARTED

IPatchManagerTest > interface should define patchActivation method() STARTED

TempBasalManagerTest > toString should contain key information() STARTED

TempBasalManagerTest > updateBasalStopped should set running to false() STARTED

TempBasalManagerTest > updateBasalRunning should set started basal() STARTED

TempBasalManagerTest > clear should reset all values() STARTED

TempBasalManagerTest > update should copy values from other manager() STARTED

TempBasalManagerTest > unit should be mutable() STARTED

TempBasalManagerTest > init should have no started basal() STARTED

IPatchManagerTest > interface should define checkActivationProcess method() STARTED

IPatchManagerTest > interface should define init method() STARTED

IPatchManagerTest > interface should define updatePatchState method() STARTED

IPatchManagerTest > interface should define scan method() STARTED

IPatchManagerTest > interface should define changeReminderSetting method() STARTED

PatchLifecycleTest > activation lifecycle has highest rawValue() STARTED

PatchLifecycleTest > rawValue should be unique for each lifecycle() STARTED

PatchLifecycleTest > rawValue should match expected values() STARTED

PatchLifecycleTest > shutdown lifecycle has lowest rawValue() STARTED

PatchLifecycleTest > all lifecycle values should be accessible() STARTED

PatchLifecycleTest > isActivated should return true only for ACTIVATED() STARTED

PatchLifecycleTest > lifecycle progression should be in ascending order() STARTED

PatchLifecycleTest > isShutdown should return true only for SHUTDOWN() STARTED

PumpCounterTest > getPumpCountShort should cap at Short MAX_VALUE() STARTED

PumpCounterTest > getPumpCountShort should return correct short for normal dose() STARTED

PumpCounterTest > getPumpCount should convert dose to pump cycles() STARTED

PumpCounterTest > getPumpCount should handle fractional doses() STARTED

PumpCounterTest > getPumpCount should return 0 for negative dose() STARTED

PumpCounterTest > getPumpCount should return 0 for zero dose() STARTED

NotificationTest > InfoNotification isBolusDone should detect finished bolus() STARTED

NotificationTest > InfoNotification getRemain should return target minus injected() STARTED

NotificationTest > InfoNotification isBolusRegAct should detect active bolus() STARTED

NotificationTest > AlarmNotification curIndex 0 should give lastFinished -1() STARTED

NotificationTest > AlarmNotification should parse curIndex and lastFinishedIndex() STARTED

NotificationTest > InfoNotification getInjected should return correct values() STARTED

NotificationTest > InfoNotification should parse counters from BaseNotification() STARTED

CoreCommonUtilsTest > nearlyEqual should return true for values within epsilon() STARTED

CoreCommonUtilsTest > nearlyEqual should handle subnormal numbers() STARTED

CoreCommonUtilsTest > nearlyEqual should handle infinities() STARTED

CoreCommonUtilsTest > nearlyEqual should return true for identical values() STARTED

CoreCommonUtilsTest > nearlyEqual should handle zeros() STARTED

CoreCommonUtilsTest > nearlyEqual should return false for values outside epsilon() STARTED

NormalBasalManagerTest > observe should return observable() STARTED

> Task :pump:rileylink:generateFullDebugUnitTestConfig

> Task :pump:equil:testFullDebugUnitTest

CmdRunningModeGetTest > getFirstData should return byte array with correct structure() STARTED

CmdRunningModeGetTest > getNextData should have correct command bytes() STARTED

CmdRunningModeGetTest > getNextData should increment pumpReqIndex() STARTED

CmdUnPairTest > clear1 should return non-null response() STARTED

CmdUnPairTest > response should be null initially() STARTED

CmdUnPairTest > sn should trim whitespace() STARTED

CmdUnPairTest > createTime should be set() STARTED

EquilHistoryEntryGroupTest > valueOf should return correct enum() STARTED

CmdUnPairTest > convertString should process sn correctly() STARTED

EquilHistoryEntryGroupTest > resource IDs should be unique() STARTED

CmdUnPairTest > multiple clear1 calls should generate different random passwords() STARTED

CmdUnPairTest > config flag should be false initially() STARTED

CmdUnPairTest > password should be stored() STARTED

CmdUnPairTest > enacted should be true by default() STARTED

CmdUnPairTest > should handle different passwords() STARTED

CmdUnPairTest > getEquilResponse should set response field() STARTED

CmdUnPairTest > constructor should set port to 0E0E() STARTED

CmdUnPairTest > getEquilResponse should call clear1() STARTED

CmdUnPairTest > getNextEquilResponse should return same as getEquilResponse() STARTED

CmdUnPairTest > clear1 should return EquilResponse() STARTED

CmdUnPairTest > runCode should be null initially() STARTED

CmdUnPairTest > should handle different device names() STARTED

CmdUnPairTest > constructor should convert sn with convertString() STARTED

CmdUnPairTest > clear1 should generate random password() STARTED

EquilHistoryEntryGroupTest > all enum values should be accessible() STARTED

EquilHistoryEntryGroupTest > getTranslatedList should return all groups() STARTED

EquilHistoryEntryGroupTest > enum ordinal values should be stable() STARTED

EquilHistoryEntryGroupTest > toString should return translated string() STARTED

CmdUnPairTest > constructor should process sn from name() STARTED

EquilCmdModelTest > toString with partial data should work() STARTED

CmdUnPairTest > runPwd should be null initially() STARTED

CmdUnPairTest > should handle empty device name after prefix() STARTED

CmdUnPairTest > cmdSuccess should be false initially() STARTED

CmdUnPairTest > isEnd flag should be false initially() STARTED

CmdUnPairTest > getEventType should return UNPAIR_EQUIL() STARTED

EquilCmdModelTest > code should be settable() STARTED

EquilCmdModelTest > all properties should be independently settable() STARTED

EquilCmdModelTest > toString should include all properties() STARTED

EquilCmdModelTest > toString should have expected format() STARTED

EquilCmdModelTest > ciphertext should be settable() STARTED

EquilCmdModelTest > toString should handle null values() STARTED

EquilCmdModelTest > properties should handle lowercase hex strings() STARTED

EquilCmdModelTest > default values should be null() STARTED

EquilCmdModelTest > properties should be mutable() STARTED

EquilCmdModelTest > properties should handle hex strings() STARTED

EquilCmdModelTest > properties should handle empty strings() STARTED

EquilCmdModelTest > tag should be settable() STARTED

EquilCmdModelTest > iv should be settable() STARTED

EquilCmdModelTest > multiple instances should be independent() STARTED

EquilCmdModelTest > properties can be set to null() STARTED

EquilCmdModelTest > properties should handle long strings() STARTED

BaseCmdTest > convertString with single character() STARTED

BaseCmdTest > convertString with long string() STARTED

BaseCmdTest > isPairStep should return false by default() STARTED

BaseCmdTest > isEnd should return false when bit 7 is not set() STARTED

BaseCmdTest > convertString should prepend 0 to each character() STARTED

BaseCmdTest > getIndex should work with various byte values() STARTED

BaseCmdTest > convertString should handle special characters() STARTED

BaseCmdTest > getIndex should extract lower 6 bits() STARTED

BaseCmdTest > isEnd should correctly identify end packets() STARTED

BaseCmdTest > companion object values should be initialized() STARTED

> Task :shared:tests:mapFullDebugUnitTestSourceSetPaths
> Task :shared:impl:generateFullDebugUnitTestResources
> Task :shared:tests:generateFullDebugUnitTestResources
> Task :shared:impl:kspFullDebugUnitTestKotlin
> Task :pump:virtual:processFullDebugUnitTestResources
> Task :plugins:source:bundleLibCompileToJarFullDebug
> Task :pump:medtrum:hiltAggregateDepsFullDebugUnitTest
> Task :pump:rileylink:compileFullDebugUnitTestKotlin
> Task :pump:virtual:mergeFullDebugUnitTestAssets
> Task :pump:rileylink:compileFullDebugUnitTestJavaWithJavac NO-SOURCE

> Task :pump:equil:testFullDebugUnitTest

BaseCmdTest > isEnd should return true when bit 7 is set() STARTED

CmdDevicesGetTest > decodeConfirmData should parse firmware version and set to equilManager() STARTED

CmdDevicesGetTest > decodeConfirmData should parse firmware version and set to equilManager() STANDARD_OUT
    DEBUG: : PUMPCOMM CmdGetDevices====0000000000000000000000000000000000000105=====0===1.5

CmdDevicesGetTest > getNextData should return byte array with correct structure() STARTED

CmdDevicesGetTest > constructor should set port to 0000() STARTED

CmdDevicesGetTest > getFirstData should have correct command bytes() STARTED

CmdDevicesGetTest > getFirstData should return byte array with correct structure() STARTED

CmdDevicesGetTest > getEventType should return READ_DEVICES() STARTED

CmdLargeBasalSetTest > constructor should calculate step from insulin() STARTED

CmdLargeBasalSetTest > constructor should store insulin value() STARTED

CmdLargeBasalSetTest > step calculation should handle different insulin values() STARTED

CmdLargeBasalSetTest > getNextData should return byte array with correct structure() STARTED

CmdLargeBasalSetTest > constructor should calculate stepTime from insulin() STARTED

CmdLargeBasalSetTest > getEventType should return CANCEL_BOLUS for zero insulin() STARTED

CmdLargeBasalSetTest > constructor should handle zero insulin() STARTED

CmdLargeBasalSetTest > getFirstData should have correct command bytes() STARTED

CmdLargeBasalSetTest > getFirstData should have correct command bytes() STANDARD_OUT
    DEBUG: : PUMPCOMM step===160=====40

CmdLargeBasalSetTest > getFirstData should increment pumpReqIndex() STARTED

CmdLargeBasalSetTest > getFirstData should increment pumpReqIndex() STANDARD_OUT
    DEBUG: : PUMPCOMM step===160=====40

CmdLargeBasalSetTest > decodeConfirmData should set cmdSuccess to true() STARTED

CmdLargeBasalSetTest > getFirstData should return byte array with correct structure() STARTED

CmdLargeBasalSetTest > getFirstData should return byte array with correct structure() STANDARD_OUT
    DEBUG: : PUMPCOMM step===160=====40

CmdLargeBasalSetTest > getNextData should have correct command bytes() STARTED

CmdLargeBasalSetTest > getNextData should increment pumpReqIndex() STARTED

CmdLargeBasalSetTest > getEventType should return SET_BOLUS for non-zero insulin() STARTED

CmdStepSetTest > constructor should store step value() STARTED

CmdStepSetTest > createTime should be set() STARTED

CmdStepSetTest > getNextData should return byte array with correct structure() STARTED

CmdStepSetTest > step can be large value() STARTED

CmdStepSetTest > getEventType should return null() STARTED

CmdStepSetTest > getFirstData should have correct command bytes() STARTED

CmdStepSetTest > getFirstData should have correct command bytes() STANDARD_OUT
    DEBUG: : PUMPCOMM CmdStepSet: Sending pin movement command, step=100, sendConfig=true

CmdStepSetTest > getFirstData should increment pumpReqIndex() STARTED

CmdStepSetTest > getFirstData should increment pumpReqIndex() STANDARD_OUT
    DEBUG: : PUMPCOMM CmdStepSet: Sending pin movement command, step=100, sendConfig=true

CmdStepSetTest > multiple getFirstData calls should increment index each time() STARTED

CmdStepSetTest > multiple getFirstData calls should increment index each time() STANDARD_OUT
    DEBUG: : PUMPCOMM CmdStepSet: Sending pin movement command, step=100, sendConfig=true
    DEBUG: : PUMPCOMM CmdStepSet: Sending pin movement command, step=100, sendConfig=true

CmdStepSetTest > step can be zero() STARTED

CmdStepSetTest > constructor should store sendConfig flag() STARTED

CmdStepSetTest > decodeConfirmData should set cmdSuccess to true() STARTED

CmdStepSetTest > decodeConfirmData should set cmdSuccess to true() STANDARD_OUT
    DEBUG: : PUMPCOMM CmdStepSet: Pin movement command completed successfully, step=100

CmdStepSetTest > getFirstData should return byte array with correct structure() STARTED

CmdStepSetTest > getFirstData should return byte array with correct structure() STANDARD_OUT
    DEBUG: : PUMPCOMM CmdStepSet: Sending pin movement command, step=100, sendConfig=true

CmdStepSetTest > getNextData should have correct command bytes() STARTED

CmdStepSetTest > getNextData should increment pumpReqIndex() STARTED

CmdModeAndHistoryGetTest > should implement CustomCommand interface() STARTED

CmdModeAndHistoryGetTest > multiple instances should have same statusDescription() STARTED

CmdModeAndHistoryGetTest > statusDescription should return correct value() STARTED

651 tests completed, 4 failed

> Task :pump:rileylink:processFullDebugUnitTestJavaRes

> Task :pump:eopatch:testFullDebugUnitTest

CommonUtilsTest > dispose should handle null disposables() STARTED

CommonUtilsTest > nearlyEqual should return true for equal floats() STARTED

CommonUtilsTest > dateString should format millis correctly() STARTED

CommonUtilsTest > isStringEmpty should return true for null() STARTED

CommonUtilsTest > nearlyEqual should return false for significantly different floats() STARTED

CommonUtilsTest > clone should create deep copy() STARTED

CommonUtilsTest > nearlyEqual should return true for nearly equal floats() STARTED

CommonUtilsTest > isStringEmpty should return true for empty string() STARTED

CommonUtilsTest > hasText CharSequence should return false for null() STARTED

CommonUtilsTest > nearlyEqual should handle zero values() STARTED

CommonUtilsTest > hasText CharSequence should return false for empty() STARTED

CommonUtilsTest > dispose should dispose single disposable() STARTED

CommonUtilsTest > hasText should return false for whitespace only string() STARTED

CommonUtilsTest > hasText CharSequence should return true for non-empty() STARTED

CommonUtilsTest > dateString should return empty for zero millis() STARTED

CommonUtilsTest > dispose should handle mix of null and non-null disposables() STARTED

CommonUtilsTest > hasText should return true for non-empty string() STARTED

CommonUtilsTest > getRemainHourMin should handle negative time() STARTED

CommonUtilsTest > dispose should handle already disposed disposable() STARTED

CommonUtilsTest > dateString with calendar should format correctly() STARTED

CommonUtilsTest > hasText should return false for null string() STARTED

CommonUtilsTest > hasText should return false for empty string() STARTED

CommonUtilsTest > getRemainHourMin should calculate hours and minutes correctly() STARTED

CommonUtilsTest > getRemainHourMin should handle exact hours() STARTED

EopatchPumpPluginTest > batteryLevel should return null when not activated() STARTED

EopatchPumpPluginBolusTest > setTempBasalPercent should fail when normal basal not active() STARTED

IAlarmManagerTest > interface should define restartAll method() STARTED

BasalStatusTest > all status values should be accessible() STARTED

BasalStatusTest > rawValue should match expected values() STARTED

BasalStatusTest > isSuspended should return true only for SUSPENDED() STARTED

BasalStatusTest > rawValue should be unique for each status() STARTED

EopatchPumpPluginBolusTest > setTempBasalPercent should fail when normal basal not active() STANDARD_OUT
    INFO: PUMP setTempBasalPercent - percent: 150, durationInMinutes: 60, enforceNew: false
    INFO: PUMP setTempBasalPercent - normal basal is not active

BasalStatusTest > isStopped should return true only for STOPPED() STARTED

BasalStatusTest > isStarted should return true only for STARTED() STARTED

BytesConverterTest > toUInt from two bytes should combine unsigned() STARTED

BytesConverterTest > toInt with offset should read from correct position() STARTED

BytesConverterTest > toInt from byte array should combine 4 bytes big-endian() STARTED

BytesConverterTest > toInt from two bytes should combine signed() STARTED

BytesConverterTest > toUInt from single byte should return unsigned value() STARTED

BytesConverterTest > toInt with offset should return -1 for insufficient length() STARTED

BytesConverterTest > toInt from byte array should return -1 for short array() STARTED

BytesConverterTest > toInt from byte array should handle negative bytes() STARTED

BytesConverterTest > toUInt with offset should treat first byte as unsigned() STARTED

BytesConverterTest > toInt from single byte should return signed value() STARTED

PatchBleResultCodeTest > SUCCESS isSuccess should return true() STARTED

PatchBleResultCodeTest > should have all expected values() STARTED

EopatchPumpPluginBolusTest > setTempBasalAbsolute should fail when normal basal not active() STARTED

EopatchPumpPluginBolusTest > setTempBasalAbsolute should fail when normal basal not active() STANDARD_OUT
    INFO: PUMP setTempBasalAbsolute - absoluteRate: 1.5, durationInMinutes: 60, enforceNew: false

PatchBleResultCodeTest > non-SUCCESS isSuccess should return false() STARTED

PatchBleResultCodeTest > valueOf should work() STARTED

ResponseClassesTest > BasalHistoryIndexResponse with curIndex 0 should give -1 lastFinished() STARTED

EopatchPumpPluginBolusTest > setTempBasalAbsolute should fail when normal basal not active() STANDARD_OUT
    INFO: PUMP setTempBasalAbsolute - normal basal is not active

EopatchPumpPluginBolusTest > getPumpStatus should update last data time when activated() STARTED

NormalBasalManagerTest > setNormalBasal should convert profile to basal segments() STARTED

ResponseClassesTest > ComboBolusStopResponse error constructor should zero amounts() STARTED

ResponseClassesTest > BatteryVoltageLevelPairingResponse should return VOLTAGE_MIN on error() STARTED

ResponseClassesTest > LotNumberResponse should store lot number() STARTED

ResponseClassesTest > SerialNumberResponse should store serial() STARTED

ResponseClassesTest > ComboBolusStartResponse should store ids() STARTED

ResponseClassesTest > PatchBooleanResponse success should have SUCCESS code() STARTED

ResponseClassesTest > BolusResponse should store id() STARTED

ResponseClassesTest > BolusStopResponse should calculate remain amount() STARTED

ResponseClassesTest > BolusStopResponse error constructor should zero amounts() STARTED

ResponseClassesTest > UpdateConnectionResponse should copy state bytes() STARTED

ResponseClassesTest > BasalHistoryResponse should store seq and dose values() STARTED

ResponseClassesTest > FirmwareVersionResponse failure should return null version() STARTED

ResponseClassesTest > BondingResponse should store state() STARTED

ResponseClassesTest > ModelNameResponse should parse null-terminated bytes() STARTED

ResponseClassesTest > BasalStopResponse should store values() STARTED

ResponseClassesTest > GlobalTimeResponse should convert seconds to millis() STARTED

ResponseClassesTest > ModelNameResponse failure should give empty string() STARTED

ResponseClassesTest > PatchInternalSuspendTimeResponse should store total seconds() STARTED

ResponseClassesTest > TempBasalScheduleSetResponse should store result code() STARTED

ResponseClassesTest > KeyResponse should store key and code() STARTED

ResponseClassesTest > PumpDurationResponse should store durations() STARTED

ResponseClassesTest > BasalHistoryIndexResponse should calculate lastFinishedIndex() STARTED

ResponseClassesTest > BasalScheduleSetResponse should store result code() STARTED

ResponseClassesTest > TempBasalFinishTimeResponse should store finish time() STARTED

ResponseClassesTest > TemperatureResponse should always return TEST_SUCCESS() STARTED

ResponseClassesTest > KeyResponse create from bytes should extract 15-bit sequence() STARTED

ResponseClassesTest > WakeUpTimeResponse should convert to millis() STARTED

ResponseClassesTest > BolusFinishTimeResponse should convert seconds to millis() STARTED

ResponseClassesTest > AeCodeResponse should return alarm codes() STARTED

ResponseClassesTest > FirmwareVersionResponse should format version string() STARTED

ResponseClassesTest > BolusResponse with error code should propagate() STARTED

ResponseClassesTest > BasalHistoryIndexResponse with curIndex 0xFFFF should give -1 lastFinished() STARTED

NormalBasalManagerTest > isEqual should return false for different dose values() STARTED

NormalBasalManagerTest > updateBasalSuspended should set status to suspended() STARTED

ResponseClassesTest > ComboBolusStopResponse should store amounts() STARTED

ResponseClassesTest > PatchBooleanResponse failure should have UNKNOWN_ERROR code() STARTED

ResponseClassesTest > BatteryVoltageLevelPairingResponse should return TEST_SUCCESS when no error() STARTED

BasalSegmentTest > create should create basal segment with correct values() STARTED

BasalSegmentTest > segments should handle late night hours() STARTED

BasalSegmentTest > startIndex and endIndex should be calculated correctly() STARTED

BasalSegmentTest > isEmpty should return true when dose is zero() STARTED

BasalSegmentTest > constructor should reject invalid start time() STARTED

BasalSegmentTest > constructor should reject negative dose() STARTED

BasalSegmentTest > constructor should reject non-30-minute-aligned times() STARTED

BasalSegmentTest > deep should create exact copy() STARTED

BasalSegmentTest > constructor should reject invalid end time() STARTED

BasalSegmentTest > segments should handle midnight boundary() STARTED

BasalSegmentTest > isEmpty should return false when dose is non-zero() STARTED

BasalSegmentTest > equalValue should return true for same dose() STARTED

BasalSegmentTest > duplicate should create new segment with same dose() STARTED

BasalSegmentTest > equalValue should return false for different dose() STARTED

BasalSegmentTest > create with only dose should create full day segment() STARTED

PatchLifecycleEventTest > createRemoveNeedleCap should create remove needle cap event() STARTED

PatchLifecycleEventTest > isRotateKnob should be true only for ROTATE_KNOB() STARTED

PatchLifecycleEventTest > isBasalSetting should be true only for BASAL_SETTING() STARTED

PatchLifecycleEventTest > isSafetyCheck should be true only for SAFETY_CHECK() STARTED

PatchLifecycleEventTest > createBasalSetting should create basal setting event() STARTED

PatchLifecycleEventTest > isActivated should be true only for ACTIVATED() STARTED

EopatchPumpPluginBolusTest > getPumpStatus should update last data time when activated() STANDARD_OUT
    DEBUG: Acknowledged AAPS getPumpStatus request

NormalBasalManagerTest > isEqual should return true for matching profile() STARTED

EopatchPumpPluginBolusTest > timezoneOrDSTChanged should not throw exception() STARTED

PatchLifecycleEventTest > toString should contain key information() STARTED

PatchLifecycleEventTest > create should create event with specified lifecycle() STARTED

PatchLifecycleEventTest > createShutdown should create shutdown event() STARTED

PatchLifecycleEventTest > createRotateKnob should create rotate knob event() STARTED

PatchLifecycleEventTest > isShutdown should be true only for SHUTDOWN() STARTED

PatchLifecycleEventTest > isSubStepRunning should be true for intermediate steps() STARTED

PatchLifecycleEventTest > isSubStepRunning should be false for SHUTDOWN and ACTIVATED() STARTED

PatchLifecycleEventTest > createActivated should create activated event() STARTED

PatchLifecycleEventTest > timestamp should be set on creation() STARTED

PatchLifecycleEventTest > createRemoveProtectionTape should create remove protection tape event() STARTED

PatchLifecycleEventTest > createSafetyCheck should create safety check event() STARTED

PatchLifecycleEventTest > default constructor should create shutdown event() STARTED

PatchLifecycleEventTest > constructor with lifecycle should set lifecycle correctly() STARTED

PatchLifecycleEventTest > createBonded should create bonded event() STARTED

PatchLifecycleEventTest > initObject should reset to shutdown() STARTED

NormalBasalManagerTest > convertProfileToNormalBasal should create new basal without modifying manager() STARTED

NormalBasalManagerTest > updateBasalSelected should set status to selected() STARTED

EopatchPumpPluginBolusTest > cancelExtendedBolus should return success when not active() STARTED

NormalBasalManagerTest > convertProfileToNormalBasal should handle single segment profile() STARTED

NormalBasalManagerTest > toString should contain key information() STARTED

NormalBasalManagerTest > convertProfileToNormalBasal should wrap last segment to 1440 minutes() STARTED

NormalBasalManagerTest > isSuspended should return false when not suspended() STARTED

NormalBasalManagerTest > isStarted should return true when status is started() STARTED

NormalBasalManagerTest > isEqual should return false for null profile() STARTED

NormalBasalManagerTest > status transitions should work correctly() STARTED

NormalBasalManagerTest > updateForDeactivation should set status to selected() STARTED

NormalBasalManagerTest > update should copy basal from other manager() STARTED

NormalBasalManagerTest > isEqual should return false for different segment count() STARTED

NormalBasalManagerTest > isEqual should return false for different segment times() STARTED

NormalBasalManagerTest > init should have normal basal with selected status() STARTED

NormalBasalManagerTest > setNormalBasal should clear existing segments() STARTED

NormalBasalManagerTest > updateBasalPaused should set status to paused() STARTED

SegmentsEntityTest > hasSegments should return true when segments exist() STARTED

SegmentsEntityTest > getEmptySegment should return gap at start if first segment doesn't start at 0() STARTED

SegmentsEntityTest > isValid should return true when all segments are non-empty() STARTED

SegmentsEntityTest > isValid should return false for empty list when allowEmpty is false() STARTED

SegmentsEntityTest > copiedSegmentList should return copy of list() STARTED

SegmentsEntityTest > deepCopiedSegmentList should return deep copy() STARTED

EopatchPumpPluginBolusTest > cancelExtendedBolus should return success when not active() STANDARD_OUT
    DEBUG: : PUMP cancelExtendedBolus - nothing stops

SegmentsEntityTest > segmentCount should return correct count() STARTED

SegmentsEntityTest > getEmptySegment should return full day for empty list() STARTED

EopatchPumpPluginBolusTest > deliverTreatment should require carbs equal to 0() STARTED

SegmentsEntityTest > isFullSegment should return false for empty list() STARTED

SegmentsEntityTest > isFullSegment should return true for complete 24 hour coverage() STARTED

SegmentsEntityTest > isFullSegment should return false for gaps in coverage() STARTED

SegmentsEntityTest > isValid should return true for empty list when allowEmpty is true() STARTED

SegmentsEntityTest > eachSegmentItem should iterate over all segment items() STARTED

SegmentsEntityTest > isValid should return false when list contains empty segment() STARTED

SegmentsEntityTest > hasSegments should return false when empty() STARTED

SegmentsEntityTest > isFullSegment should return false for incomplete coverage() STARTED

SegmentsEntityTest > getEmptySegment should return gap between segments() STARTED

SegmentsEntityTest > eachSegmentItem should provide correct segment for each index() STARTED

SegmentsEntityTest > eachSegmentItem should stop when function returns false() STARTED

SegmentsEntityTest > multiple segments should form continuous day coverage() STARTED

SegmentsEntityTest > getEmptySegment should return last gap when full coverage() STARTED

SegmentsEntityTest > getEmptySegment should return gap at end if only one segment() STARTED

EopatchPumpPluginBolusTest > stopConnecting should not throw exception() STARTED

EopatchPumpPluginBolusTest > finishHandshaking should not throw exception() STARTED

EopatchPumpPluginBolusTest > cancelTempBasal should return success when TBR already false() STARTED

EopatchPumpPluginBolusTest > cancelTempBasal should return success when TBR already false() STANDARD_OUT
    DEBUG: : PUMP cancelTempBasal - TBR already false.

EopatchPumpPluginBolusTest > loadTDDs should return empty result() STARTED

EopatchPumpPluginBolusTest > disconnect should log and not throw exception() STARTED

EopatchPumpPluginBolusTest > disconnect should log and not throw exception() STANDARD_OUT
    DEBUG: : PUMP EOPatch disconnect - reason:test reason

EopatchPumpPluginBolusTest > setTempBasalPercent should fail when percent is 0() STARTED

EopatchPumpPluginBolusTest > setTempBasalPercent should fail when percent is 0() STANDARD_OUT
    INFO: PUMP setTempBasalPercent - percent: 0, durationInMinutes: 60, enforceNew: false
    INFO: PUMP setTempBasalPercent - normal basal is not active

EopatchPumpPluginBolusTest > deliverTreatment should require insulin greater than 0() STARTED

EopatchPumpPluginBolusTest > executeCustomCommand should return null() STARTED

IAlarmProcessTest > all constants should be distinct() STARTED

IAlarmProcessTest > ALARM_UNHANDLED constant should be 0() STARTED

IAlarmProcessTest > ALARM_HANDLED constant should be 2() STARTED

IAlarmProcessTest > ALARM_HANDLED_BUT_NEED_STOP_BEEP constant should be 3() STARTED

BolusExDurationTest > milli should convert minutes to milliseconds correctly() STARTED

BolusExDurationTest > ofRaw should return correct duration for valid minute values() STARTED

BolusExDurationTest > hour should be calculated correctly from minutes() STARTED

BolusExDurationTest > all enum values should be accessible() STARTED

BolusExDurationTest > durations should be in ascending order() STARTED

BolusExDurationTest > minute should match enum name() STARTED

BolusExDurationTest > index should be sequential() STARTED

BolusExDurationTest > ofRaw should return OFF for invalid values() STARTED

BolusExDurationTest > all durations should be in 30 minute increments() STARTED

MacVerifierTest > invalid characters should return false() STARTED

MacVerifierTest > wrong length should return false() STARTED

MacVerifierTest > valid MAC address should return true() STARTED

MacVerifierTest > null should return false() STARTED

MacVerifierTest > missing colons should return false() STARTED

IPatchConstantTest > SERVICE_TIME_MILLI should be 12 hours() STARTED

IPatchConstantTest > BASAL_SEQ_MAX should be 1153() STARTED

IPatchConstantTest > NOW_BOLUS_ID should be 0xEFFE() STARTED

IPatchConstantTest > BASAL_HISTORY_SIZE_BIG should be 220() STARTED

IPatchConstantTest > BOLUS_EXTENDED_DURATION_STEP should be 30() STARTED

IPatchConstantTest > EXT_BOLUS_ID should be 0xEFFF() STARTED

IPatchConstantTest > WARRANTY_OPERATING_LIFE_MILLI should be 84 hours() STARTED

BleConnectionStateTest > isConnected should be true only for CONNECTED() STARTED

BleConnectionStateTest > isConnecting should be true only for CONNECTING() STARTED

BleConnectionStateTest > should have exactly 5 values() STARTED

BolusCurrentTest > Bolus toString should show NONE when no history() STARTED

BolusCurrentTest > observe should return observable() STARTED

BolusCurrentTest > BolusCurrent equals should compare both boluses() STARTED

BolusCurrentTest > endTimestamp should return correct timestamp() STARTED

BolusCurrentTest > totalDoseU should return sum of injected and remain() STARTED

BolusCurrentTest > clearAll should reset both boluses() STARTED

BolusCurrentTest > injected should return correct amount for bolus type() STARTED

BolusCurrentTest > Bolus hashCode should be consistent() STARTED

BolusCurrentTest > startNowBolus should initialize now bolus() STARTED

BolusCurrentTest > endTimeSynced should return sync status() STARTED

BolusCurrentTest > duration should return bolus duration() STARTED

BolusCurrentTest > remain should return correct amount for bolus type() STARTED

BolusCurrentTest > totalDoseU getter should return total dose() STARTED

BolusCurrentTest > setEndTimeSynced should update sync status() STARTED

BolusCurrentTest > Bolus equals should return false for different values() STARTED

BolusCurrentTest > toString should contain both boluses() STARTED

BolusCurrentTest > updateBolusFromPatch should update injected and remain() STARTED

BolusCurrentTest > Bolus update should calculate insulin units correctly() STARTED

BolusCurrentTest > startTimestamp should return correct timestamp() STARTED

BolusCurrentTest > startExtBolus should initialize extended bolus() STARTED

BolusCurrentTest > historyId should return correct id for bolus type() STARTED

BolusCurrentTest > init should have empty bolus() STARTED

BolusCurrentTest > BolusCurrent hashCode should be consistent() STARTED

BolusCurrentTest > Bolus equals should compare all fields() STARTED

BolusCurrentTest > Bolus toString should show details when active() STARTED

BolusCurrentTest > clearBolus should reset bolus to default state() STARTED

BolusCurrentTest > Bolus updateTimeStamp should update timestamps() STARTED

PatchStateTest > update from other PatchState should copy data() STARTED

PatchStateTest > equalState should return false for different states() STARTED

PatchStateTest > create should initialize state with correct size() STARTED

PatchStateTest > observe should return observable() STARTED

PatchStateTest > create should handle null bytes() STARTED

PatchStateTest > batteryLevel should calculate correctly for low battery() STARTED

PatchStateTest > isNormalBasalPaused should return true when registered but not active() STARTED

PatchStateTest > update should set timestamp() STARTED

PatchStateTest > toString should not throw exception() STARTED

PatchStateTest > default constructor should create empty state() STARTED

PatchStateTest > isBolusActive should return true when any bolus is active() STARTED

PatchStateTest > hashCode should be consistent() STARTED

PatchStateTest > update with 17 bytes should pad correctly() STARTED

PatchStateTest > isNewAlertAlarm should return true when bit is set() STARTED

PatchStateTest > isTempBasalActive should return true when temp basal conditions met() STARTED

PatchStateTest > remainedInsulin should return correct value() STARTED

PatchStateTest > equals should work correctly() STARTED

PatchStateTest > isCriticalAlarm should return true when bit is set() STARTED

PatchStateTest > clear should reset state() STARTED

PatchStateTest > isExtBolusActive should return true when ext bolus active and not done() STARTED

PatchStateTest > batteryLevel should calculate correctly for full battery() STARTED

PatchStateTest > equalState should return true for identical states() STARTED

PatchStateTest > isNowBolusActive should return true when bolus active and not done() STARTED

PatchStateTest > isNormalBasalRunning should return true when registered and active() STARTED

> Task :pump:medtrum:hiltJavaCompileFullDebugUnitTest NO-SOURCE

> Task :plugins:sync:testFullDebugUnitTest

DeltaVarEncodedListTest > decodeUneven() STARTED

DeltaVarEncodedListTest > decode() STARTED

DeltaVarEncodedListTest > decodeInt1() STARTED

DeltaVarEncodedListTest > decodeInt2() STARTED

DeltaVarEncodedListTest > decodeInt3() STARTED

DeltaVarEncodedListTest > add1() STARTED

DeltaVarEncodedListTest > add2() STARTED

DeltaVarEncodedListTest > add3() STARTED

DeltaVarEncodedListTest > empty() STARTED

DeltaVarEncodedListTest > decodeInt() STARTED

DeltaVarEncodedListTest > decodePairs() STARTED

DeltaVarEncodedListTest > encoding2() STARTED

DeltaVarEncodedListTest > encoding() STARTED

LoopHubTest > testPostCarbs() STARTED

> Task :pump:combov2:comboctl:preFullDebugUnitTestBuild UP-TO-DATE
> Task :pump:equil:testFullDebugUnitTest FAILED

> Task :plugins:sync:testFullDebugUnitTest

GarminSerializerTest > testSerializeDeserializeString() STARTED

> Task :pump:combov2:comboctl:checkFullDebugUnitTestAarMetadata
> Task :pump:combov2:comboctl:mapFullDebugUnitTestSourceSetPaths
> Task :pump:combov2:comboctl:generateFullDebugUnitTestResources

> Task :pump:eopatch:testFullDebugUnitTest

EopatchPumpPluginTest > plugin should be of type PUMP() STARTED

EopatchPumpPluginTest > baseBasalRate should return 0 when basal is paused() STARTED

EopatchPumpPluginTest > connect should update last data time() STARTED

EopatchPumpPluginTest > connect should update last data time() STANDARD_OUT
    DEBUG: : PUMP EOPatch connect - reason:test reason

EopatchPumpPluginTest > isSuspended should return true when basal is paused() STARTED

EopatchPumpPluginTest > isThisProfileSet should use normalBasalManager() STARTED

EopatchPumpPluginTest > isThisProfileSet should use normalBasalManager() STANDARD_OUT
    INFO: PUMP Is this profile set? true

EopatchPumpPluginTest > baseBasalRate should return 0 when not activated() STARTED

EopatchPumpPluginTest > isBusy should always return false() STARTED

EopatchPumpPluginTest > canHandleDST should return false() STARTED

EopatchPumpPluginTest > isInitialized should return true when connected and activated() STARTED

EopatchPumpPluginTest > isInitialized should return false when not connected() STARTED

EopatchPumpPluginTest > manufacturer should return Eoflow() STARTED

EopatchPumpPluginTest > isSuspended should return false when basal is not paused() STARTED

EopatchPumpPluginTest > isHandshakeInProgress should always return false() STARTED

EopatchPumpPluginTest > requiredPermissions should include bluetooth permissions() STARTED

EopatchPumpPluginTest > isConnected should return connection state when activated() STARTED

EopatchPumpPluginTest > isInitialized should return false when not activated() STARTED

EopatchPumpPluginTest > isConnected should return true when deactivated() STARTED

EopatchPumpPluginTest > model should return EOFLOW_EOPATCH2() STARTED

EopatchPumpPluginTest > isFakingTempsByExtendedBoluses should return false() STARTED

EopatchPumpPluginTest > serialNumber should return patch serial number() STARTED

EopatchPumpPluginTest > plugin name should be set() STARTED

EopatchPumpPluginTest > isConnecting should return connection state() STARTED

EopatchPumpPluginTest > getCustomActions should return null() STARTED

EopatchPumpPluginTest > requiredPermissions should include SCHEDULE_EXACT_ALARM as special() STARTED

EopatchPumpPluginTest > pumpDescription should be initialized() STARTED

EopatchPumpPluginTest > reservoirLevel should return patch state value when activated() STARTED

EopatchPumpPluginTest > reservoirLevel should return 0 when not activated() STARTED

IAlarmRegistryTest > add method should have default parameter for isFirst() STARTED

IAlarmRegistryTest > interface should define remove method() STARTED

IAlarmRegistryTest > interface should define add method with PatchAeCode set() STARTED

IAlarmRegistryTest > interface should define add method with AlarmCode() STARTED

DeactivationStatusTest > FORCE_DEACTIVATED should be deactivated() STARTED

DeactivationStatusTest > FORCE_DEACTIVATED should be third status() STARTED

DeactivationStatusTest > DEACTIVATION_FAILED should not be deactivated() STARTED

DeactivationStatusTest > DEACTIVATION_FAILED should be first status() STARTED

DeactivationStatusTest > all statuses should be distinct() STARTED

DeactivationStatusTest > NORMAL_DEACTIVATED should be deactivated() STARTED

DeactivationStatusTest > ordinal values should be sequential() STARTED

DeactivationStatusTest > should have exactly three statuses() STARTED

DeactivationStatusTest > of should handle all combinations correctly() STARTED

DeactivationStatusTest > of should return DEACTIVATION_FAILED when success is false and forced is false() STARTED

DeactivationStatusTest > of should return NORMAL_DEACTIVATED when success is true() STARTED

DeactivationStatusTest > should contain all expected statuses() STARTED

DeactivationStatusTest > NORMAL_DEACTIVATED should be second status() STARTED

DeactivationStatusTest > should support valueOf() STARTED

DeactivationStatusTest > of should return FORCE_DEACTIVATED when success is false and forced is true() STARTED

PatchFuncTest > should have correct noCrypt flags() STARTED

PatchFuncTest > most functions should have noCrypt false() STARTED

PatchFuncTest > valueOf should resolve known functions() STARTED

PatchExceptionsTest > PatchDisconnectedException should be an Exception() STARTED

PatchExceptionsTest > NoActivatedPatchException should be an Exception() STARTED

PatchSelfTestResultTest > valueOf should return correct enum() STARTED

PatchSelfTestResultTest > should have exactly 3 values() STARTED

JoinedSegmentTest > should initialize with correct start and end minutes for last segment of day() STARTED

JoinedSegmentTest > should initialize no field to 0() STARTED

JoinedSegmentTest > should have 30 minute duration() STARTED

JoinedSegmentTest > should allow setting doseUnitPerHour field() STARTED

JoinedSegmentTest > should initialize doseUnitPerHour to 0() STARTED

JoinedSegmentTest > multiple segments should have sequential time ranges() STARTED

JoinedSegmentTest > should allow setting no field() STARTED

JoinedSegmentTest > should use TIME_BASE constant for segment size() STARTED

JoinedSegmentTest > should initialize with correct start and end minutes for index 0() STARTED

JoinedSegmentTest > should initialize with correct start and end minutes for index 1() STARTED

JoinedSegmentTest > should initialize with correct start and end minutes for index 10() STARTED

JoinedSegmentTest > should handle edge case of index 0() STARTED

SegmentEntityTest > startIndex should be based on TIME_BASE() STARTED

SegmentEntityTest > isSame should return true for identical segments() STARTED

SegmentEntityTest > hasSame should return false when neither start nor end matches() STARTED

SegmentEntityTest > isOverlapped should return false for non-overlapping segments() STARTED

SegmentEntityTest > isSame should return false for different segments() STARTED

SegmentEntityTest > canCover should return false when segment does not cover target at all() STARTED

SegmentEntityTest > isMinuteIncluding should return false for minutes outside range() STARTED

SegmentEntityTest > isCoveredBy should return true when covered by target() STARTED

SegmentEntityTest > canCover should return true when segments are identical() STARTED

SegmentEntityTest > splitBy should return one segment when target is at start() STARTED

SegmentEntityTest > getDuration should return correct duration() STARTED

SegmentEntityTest > isMinuteIncluding should return true for minutes within range() STARTED

SegmentEntityTest > canCover should return false when segment only partially covers target() STARTED

SegmentEntityTest > isOverlapped should return true for overlapping segments() STARTED

SegmentEntityTest > splitBy should return null when not covering with validCheck() STARTED

SegmentEntityTest > isOverlapped should return true when one segment covers another() STARTED

SegmentEntityTest > getDuration should work for different time ranges() STARTED

SegmentEntityTest > includes should return false for JoinedSegment outside range() STARTED

SegmentEntityTest > isPartiallyNotFullyIncluding should return false when one fully covers another() STARTED

SegmentEntityTest > includes should return true for JoinedSegment within range() STARTED

SegmentEntityTest > subtract should adjust end when target overlaps from right() STARTED

SegmentEntityTest > hasSame should return true when start or end matches() STARTED

SegmentEntityTest > subtract should adjust start when target overlaps from left() STARTED

SegmentEntityTest > isCoveredBy should return false when not covered() STARTED

SegmentEntityTest > splitBy should return two segments when covering target() STARTED

SegmentEntityTest > isPartiallyNotFullyIncluding should return false for non-overlapping segments() STARTED

SegmentEntityTest > canCover should return true when segment fully covers target() STARTED

SegmentEntityTest > subtract with validCheck should not modify when not partially overlapping() STARTED

SegmentEntityTest > TIME_BASE should be 30 minutes() STARTED

SegmentEntityTest > splitBy should return one segment when target is at end() STARTED

SegmentEntityTest > isPartiallyNotFullyIncluding should return true for partial overlap() STARTED

580 tests completed, 2 failed

> Task :shared:tests:checkFullDebugUnitTestAarMetadata

> Task :plugins:sync:testFullDebugUnitTest

GarminSerializerTest > testSerializeDeserializeAllPrimitiveTypes() STARTED

GarminSerializerTest > testSerializeDeserializeInteger() STARTED

GarminSerializerTest > testSerializeDeserializeMap() STARTED

GarminSerializerTest > testSerializeDeserializeNull() STARTED

GarminSerializerTest > tesSerializeDeserializeArray() STARTED

GarminSerializerTest > testSerializeDeserializeMapNested() STARTED

HttpServerTest > testParseRequest_Get() STARTED

NsIncomingDataProcessorTest > processTreatments with zero temp basal stores it() STARTED

GarminPluginTest > testOnGetBloodGlucose_Wait() STARTED

> Task :pump:virtual:packageFullDebugUnitTestForUnitTest

> Task :pump:rileylink:testFullDebugUnitTest

FrequencyScanResultsTest > sort handles empty list() STARTED

FrequencyScanResultsTest > can set best frequency() STARTED

FrequencyScanResultsTest > sort uses frequency as tiebreaker when RSSI is equal with large differences() STARTED

FrequencyScanResultsTest > initial state has empty trials list() STARTED

FrequencyScanResultsTest > sort orders by average RSSI ascending() STARTED

FrequencyScanResultsTest > realistic US pump frequency scan() STARTED

FrequencyScanResultsTest > trials list is mutable() STARTED

FrequencyScanResultsTest > complete scan workflow() STARTED

FrequencyScanResultsTest > initial state has zero dateTime() STARTED

FrequencyScanResultsTest > can add multiple trials() STARTED

FrequencyScanResultsTest > can set dateTime() STARTED

FrequencyScanResultsTest > initial state has zero best frequency() STARTED

FrequencyScanResultsTest > sort handles single trial() STARTED

FrequencyScanResultsTest > can add trial to results() STARTED

FrequencyScanResultsTest > sort with negative and positive frequencies() STARTED

RileyLinkFirmwareVersionTest > defaultToLowestMajorVersionTest() STARTED

RileyLinkFirmwareVersionTest > testIsSameVersion() STARTED

RileyLinkFirmwareVersionTest > getFamilyMembersRecursiveTest() STARTED

> Task :pump:omnipod:common:preFullDebugUnitTestBuild UP-TO-DATE

> Task :plugins:sync:testFullDebugUnitTest

HttpServerTest > testReadBody() STARTED

HttpServerTest > testRequest() STARTED

HttpServerTest > testRequest() STANDARD_OUT
    INFO: GARMIN Register: '/foo'
    INFO: GARMIN accept connections on /127.0.0.1:28895
    INFO: GARMIN accept /127.0.0.1:59797
    ERROR: Server crashed java.net.SocketException: Socket closed

HttpServerTest > testParseRequest_PostBody() STARTED

HttpServerTest > testParseRequest_PostEmptyBody() STARTED

HttpServerTest > testRequest_NotFound() STARTED

HttpServerTest > testRequest_NotFound() STANDARD_OUT
    INFO: GARMIN accept connections on /127.0.0.1:28895
    INFO: GARMIN accept /127.0.0.1:59798
    ERROR: GARMIN request path not found '/foo'
    ERROR: Server crashed java.net.SocketException: Socket closed

HttpServerTest > testParseRequest_PostBodyContentLength() STARTED

HttpServerTest > testReadBody_MoreContentThanLength() STARTED

LoopHubTest > testPostCarbs() STANDARD_OUT
    INFO: GARMIN post 100 g carbohydrates

LoopHubTest > testDisconnectPump() STARTED

LoopHubTest > testGetGlucoseValues() STARTED

LoopHubTest > testIsTemporaryProfileTrue() STARTED

NSClientViewModelTest > zero queue size is formatted as zero() STARTED

LoopHubTest > testTemporaryBasalNoRun() STARTED

LoopHubTest > testTemporaryBasalAbsolute() STARTED

LoopHubTest > testGlucoseRangeMgDl() STARTED

LoopHubTest > testStoreHeartRate() STARTED

> Task :pump:omnipod:common:checkFullDebugUnitTestAarMetadata
> Task :pump:eopatch:testFullDebugUnitTest FAILED
> Task :pump:omnipod:common:mapFullDebugUnitTestSourceSetPaths

> Task :plugins:sync:testFullDebugUnitTest

LoopHubTest > testCarbsOnBoard() STARTED

LoopHubTest > testInsulinOnBoard() STARTED

LoopHubTest > testIsConnected() STARTED

NSClientViewModelTest > loadInitialData reads NsPaused from preferences() STARTED

NSClientViewModelTest > url flow updates uiState() STARTED

NSClientViewModelTest > initial uiState has defaults from flows() STARTED

LoopHubTest > testIsTemporaryProfileFalse() STARTED

NSClientViewModelTest > logList flow updates uiState() STARTED

NSClientViewModelTest > positive queue size is formatted as number() STARTED

LoopHubTest > testGlucoseRangeMmolL() STARTED

NSClientViewModelTest > status flow updates uiState() STARTED

LoopHubTest > testConnectPump() STARTED

NSClientViewModelTest > negative queue size shows UNAVAILABLE() STARTED

NSClientViewModelTest > updatePaused sets paused in uiState() STARTED

LoopHubTest > testTemporaryBasal() STARTED

DataSyncSelectorV3Test > processChangedCarbsWithNewCarbsTest() STARTED

LoopHubTest > testCurrentProfile() STARTED

LoopHubTest > testBasalOnBoard() STARTED

LoopHubTest > testCurrentProfileName() STARTED

LoopHubTest > testGlucoseUnit() STARTED

GVExtensionTest > contentEqualsTo ignores differences in id and nightscoutId() STARTED

GVExtensionTest > onlyNsIdAdded returns false if previous GV already had a nightscoutId() STARTED

GVExtensionTest > contentEqualsTo returns false if timestamp differs() STARTED

GVExtensionTest > onlyNsIdAdded returns false if content is not equal() STARTED

GVExtensionTest > contentEqualsTo returns false if trendArrow differs() STARTED

GVExtensionTest > contentEqualsTo returns false if sourceSensor differs() STARTED

GVExtensionTest > contentEqualsTo returns false if value differs() STARTED

GVExtensionTest > onlyNsIdAdded returns true for the exact intended scenario() STARTED

GVExtensionTest > onlyNsIdAdded returns false if current GV does not have a nightscoutId() STARTED

GVExtensionTest > contentEqualsTo returns true for identical GV objects() STARTED

GVExtensionTest > contentEqualsTo returns false if isValid differs() STARTED

GVExtensionTest > onlyNsIdAdded returns false if the local id is the same() STARTED

NSClientV3PluginTest > updateLatestBgReceivedIfNewer IGNORES timestamp after a first load() STARTED

> Task :shared:impl:mergeFullDebugUnitTestResources
> Task :shared:tests:mergeFullDebugUnitTestResources
> Task :shared:impl:processFullDebugUnitTestManifest

> Task :pump:rileylink:testFullDebugUnitTest

SendAndListenTest > getRaw with firmware v2 uses 16-bit for delay() STARTED

> Task :pump:omnipod:common:generateFullDebugUnitTestResources
> Task :shared:impl:generateFullDebugUnitTestAssets UP-TO-DATE
> Task :shared:impl:mergeFullDebugUnitTestAssets

> Task :shared:tests:mergeFullDebugUnitTestResources
C:\Users\craig\StudioProjects\AndroidAPS\AndroidAPSApril26\core\ui\build\intermediates\packaged_res\fullDebug\packageFullDebugResources\values\values.xml:755:4: Multiple substitutions specified in non-positional format of string resource string/scene_wizard_info_luteal_phase. Did you mean to add the formatted="false" attribute?
C:\Users\craig\StudioProjects\AndroidAPS\AndroidAPSApril26\core\ui\build\intermediates\packaged_res\fullDebug\packageFullDebugResources\values\values.xml:759:4: Multiple substitutions specified in non-positional format of string resource string/scene_wizard_info_sick_day. Did you mean to add the formatted="false" attribute?
C:\Users\craig\StudioProjects\AndroidAPS\AndroidAPSApril26\core\ui\build\intermediates\packaged_res\fullDebug\packageFullDebugResources\values\values.xml:768:4: Multiple substitutions specified in non-positional format of string resource string/scene_wizard_profile_info. Did you mean to add the formatted="false" attribute?
C:\Users\craig\StudioProjects\AndroidAPS\AndroidAPSApril26\core\ui\build\intermediates\packaged_res\fullDebug\packageFullDebugResources\values-ru-rRU\values-ru-rRU.xml:406:4: Multiple substitutions specified in non-positional format of string resource string/temp_basal_percent_rate. Did you mean to add the formatted="false" attribute?
C:\Users\craig\StudioProjects\AndroidAPS\AndroidAPSApril26\core\ui\build\intermediates\packaged_res\fullDebug\packageFullDebugResources\values-zh-rCN\values-zh-rCN.xml:726:4: Multiple substitutions specified in non-positional format of string resource string/scene_wizard_info_luteal_phase. Did you mean to add the formatted="false" attribute?
C:\Users\craig\StudioProjects\AndroidAPS\AndroidAPSApril26\core\ui\build\intermediates\packaged_res\fullDebug\packageFullDebugResources\values-zh-rCN\values-zh-rCN.xml:730:4: Multiple substitutions specified in non-positional format of string resource string/scene_wizard_info_sick_day. Did you mean to add the formatted="false" attribute?
C:\Users\craig\StudioProjects\AndroidAPS\AndroidAPSApril26\core\ui\build\intermediates\packaged_res\fullDebug\packageFullDebugResources\values-zh-rCN\values-zh-rCN.xml:739:4: Multiple substitutions specified in non-positional format of string resource string/scene_wizard_profile_info. Did you mean to add the formatted="false" attribute?

> Task :shared:impl:javaPreCompileFullDebugUnitTest
> Task :pump:virtual:compileFullDebugUnitTestKotlin
> Task :pump:virtual:compileFullDebugUnitTestJavaWithJavac NO-SOURCE

> Task :plugins:sync:testFullDebugUnitTest

NSClientV3PluginTest > nsAddTemporaryBasal() STARTED

NSClientV3PluginTest > nsAddEffectiveProfileSwitch() STARTED

NSClientV3PluginTest > nsAddEntries() STARTED

NSClientV3PluginTest > resetToFullSync should clear sync timestamps and reset initialLoadFinished flag() STARTED

NSClientV3PluginTest > nsAddRunningModeTest() STARTED

NSClientV3PluginTest > nsAddExtendedBolus() STARTED

> Task :shared:tests:processFullDebugUnitTestManifest
> Task :pump:virtual:processFullDebugUnitTestJavaRes
> Task :pump:omnipod:dash:generateFullDebugUnitTestAssets UP-TO-DATE
> Task :pump:omnipod:dash:preFullDebugUnitTestBuild UP-TO-DATE

> Task :pump:rileylink:testFullDebugUnitTest

SendAndListenTest > command with repeat count sends multiple times() STARTED

SendAndListenTest > command with different send and listen channels() STARTED

SendAndListenTest > getRaw firmware v2 structure is correct size() STARTED

SendAndListenTest > getRaw with firmware v2 includes preamble extension() STARTED

SendAndListenTest > getRaw encodes timeout as 4 bytes big-endian() STARTED

SendAndListenTest > realistic pump communication scenario() STARTED

SendAndListenTest > getCommandType returns SendAndListen() STARTED

SendAndListenTest > getRaw with maximum values() STARTED

SendAndListenTest > getRaw with zero values() STARTED

SendAndListenTest > getRaw with firmware v1 uses byte for delay() STARTED

SendAndListenTest > getRaw appends encoded packet data() STARTED

SendAndListenTest > getRaw with null firmware version defaults to v2 format() STARTED

SendAndListenTest > getRaw firmware v1 structure is correct size() STARTED

RFSpyResponseTest > isOK returns true for 0xDD Success() STARTED

RFSpyResponseTest > toString returns response description for interrupted() STARTED

RFSpyResponseTest > looksLikeRadioPacket returns false for 2 bytes() STARTED

RFSpyResponseTest > isInvalidParam returns false for other byte() STARTED

RFSpyResponseTest > realistic radio packet scenario() STARTED

> Task :pump:medtrum:transformFullDebugUnitTestClassesWithAsm
> Task :shared:tests:javaPreCompileFullDebugUnitTest
> Task :shared:tests:generateFullDebugUnitTestAssets UP-TO-DATE
> Task :pump:omnipod:dash:mergeFullDebugUnitTestAssets

> Task :plugins:sync:testFullDebugUnitTest

NSClientV3PluginTest > updateLatestBgReceivedIfNewer SETS timestamp during a first load() STARTED

NSClientV3PluginTest > handleClearAlarm does nothing when plugin is disabled() STARTED

NSClientV3PluginTest > nsAddTherapyEvent() STARTED

NSClientV3PluginTest > handleClearAlarm delegates to service when plugin and upload are enabled() STARTED

NSClientV3PluginTest > handleClearAlarm delegates to service when plugin and upload are enabled() STANDARD_OUT
    DEBUG: : CORE Starting: null
    DEBUG: : EVENTS Sending EventSWSyncStatus[status=Block]

DataSyncSelectorV3Test > bgUploadEnabledTest() STARTED

DataSyncSelectorV3Test > processChangedBolusesWhenPausedTest() STARTED

DataSyncSelectorV3Test > processChangedBolusesWithNewBolusTest() STARTED

DataSyncSelectorV3Test > doUploadWhenUploadDisabledTest() STARTED

NSClientV3PluginTest > nsAddDeviceStatus() STARTED

DataSyncSelectorV3Test > processChangedTherapyEventsWhenPausedTest() STARTED

DataSyncSelectorV3Test > processChangedBolusesWithExistingBolusTest() STARTED

DataSyncSelectorV3Test > processChangedExtendedBolusesWhenPausedTest() STARTED

DataSyncSelectorV3Test > processChangedBolusesWithEmptyQueueTest() STARTED

NSClientV3PluginTest > nsAddProfile() STARTED

NSClientV3PluginTest > isFirstLoad returns false when collection timestamp is greater than 0() STARTED

NSClientV3PluginTest > handleClearAlarm does nothing and logs when upload is disabled() STARTED

NSClientV3PluginTest > nsAddBolusCalculatorResult() STARTED

DataSyncSelectorV3Test > processChangedEffectiveProfileSwitchesWhenPausedTest() STARTED

DataSyncSelectorV3Test > processChangedCarbsAfterDbResetTest() STARTED

DataSyncSelectorV3Test > processChangedCarbsAfterDbResetTest() STANDARD_OUT
    INFO: NSCLIENT Resetting startId: 1 lastDbId: 0

DataSyncSelectorV3Test > processChangedBolusesWithBolusFromNSTest() STARTED

NSClientV3PluginTest > isFirstLoad returns correct value for mixed state() STARTED

DataSyncSelectorV3Test > processChangedBolusesWithBolusFromNSTest() STANDARD_OUT
    INFO: NSCLIENT Ignoring Bolus. Loaded from NS: 6 

DataSyncSelectorV3Test > doUploadCalculatesQueueCountersTest() STARTED

NSClientV3PluginTest > isFirstLoad returns true when collection timestamp is 0() STARTED

NSClientV3PluginTest > nsAddProfileSwitch() STARTED

NSClientV3PluginTest > nsAddBolus() STARTED

DataSyncSelectorV3Test > doUploadCalculatesQueueCountersTest() STANDARD_OUT
    DEBUG: : NSCLIENT Remaining: QueueCounter(bolusesRemaining=100, carbsRemaining=200, bcrRemaining=50, ttsRemaining=75, gvsRemaining=500, tesRemaining=30, dssRemaining=10, tbrsRemaining=40, ebsRemaining=20, pssRemaining=15, epssRemaining=60, rmsRemaining=5)

DataSyncSelectorV3Test > bgUploadEnabledWhenBothConditionsFalseTest() STARTED

NSClientV3PluginTest > nsAddCarbs() STARTED

DataSyncSelectorV3Test > processChangedBolusesAfterDbResetTest() STARTED

DataSyncSelectorV3Test > processChangedBolusesAfterDbResetTest() STANDARD_OUT
    INFO: NSCLIENT Resetting startId: 1 lastDbId: 0

DataSyncSelectorV3Test > processChangedDeviceStatusesWhenPausedTest() STARTED

DataSyncSelectorV3Test > processChangedCarbsWithMultipleCarbsTest() STARTED

DataSyncSelectorV3Test > processChangedBolusesWithMultipleBolusesTest() STARTED

NSClientV3PluginTest > nsAddTemporaryTarget() STARTED

DataSyncSelectorV3Test > processChangedProfileSwitchesAfterDbResetTest() STARTED

DataSyncSelectorV3Test > processChangedProfileSwitchesAfterDbResetTest() STANDARD_OUT
    INFO: NSCLIENT Resetting startId: 1 lastDbId: 0

DataSyncSelectorV3Test > processChangedCarbsWhenNsUpdateFailsTest() STARTED

NSClientV3PluginTest > updateLatestTreatmentReceivedIfNewer IGNORES timestamp after a first load() STARTED

NSClientV3PluginTest > updateLatestTreatmentReceivedIfNewer SETS timestamp during a first load() STARTED

NSClientV3PluginTest > nsAddFood() STARTED

DataSyncSelectorV3Test > confirmLastTest() STARTED

DataSyncSelectorV3Test > queueSizeTest() STARTED

DataSyncSelectorV3Test > doUploadWithPartialSyncTest() STARTED

ExtendedBolusExtensionKtTest > toExtendedBolus() STARTED

TemporaryTargetExtensionKtTest > toTemporaryTarget() STARTED

DataSyncSelectorV3Test > doUploadWithPartialSyncTest() STANDARD_OUT
    DEBUG: : NSCLIENT Remaining: QueueCounter(bolusesRemaining=50, carbsRemaining=0, bcrRemaining=0, ttsRemaining=0, gvsRemaining=0, tesRemaining=0, dssRemaining=0, tbrsRemaining=0, ebsRemaining=0, pssRemaining=0, epssRemaining=0, rmsRemaining=0)

DataSyncSelectorV3Test > processChangedBolusCalculatorResultsWhenPausedTest() STARTED

LoadDeviceStatusWorkerTest > successful load clears lastOperationError() STARTED

DataSyncSelectorV3Test > processChangedGlucoseValuesAfterDbResetTest() STARTED

DataSyncSelectorV3Test > processChangedGlucoseValuesAfterDbResetTest() STANDARD_OUT
    INFO: NSCLIENT Resetting startId: 1 lastDbId: 0

DataSyncSelectorV3Test > processChangedTempTargetsWhenPausedTest() STARTED

> Task :pump:omnipod:dash:checkFullDebugUnitTestAarMetadata

> Task :shared:tests:mergeFullDebugUnitTestResources
C:\Users\craig\StudioProjects\AndroidAPS\AndroidAPSApril26\core\ui\build\intermediates\packaged_res\fullDebug\packageFullDebugResources\values-it-rIT\values-it-rIT.xml:727:4: Multiple substitutions specified in non-positional format of string resource string/scene_wizard_info_luteal_phase. Did you mean to add the formatted="false" attribute?
C:\Users\craig\StudioProjects\AndroidAPS\AndroidAPSApril26\core\ui\build\intermediates\packaged_res\fullDebug\packageFullDebugResources\values-it-rIT\values-it-rIT.xml:731:4: Multiple substitutions specified in non-positional format of string resource string/scene_wizard_info_sick_day. Did you mean to add the formatted="false" attribute?
C:\Users\craig\StudioProjects\AndroidAPS\AndroidAPSApril26\core\ui\build\intermediates\packaged_res\fullDebug\packageFullDebugResources\values-it-rIT\values-it-rIT.xml:740:4: Multiple substitutions specified in non-positional format of string resource string/scene_wizard_profile_info. Did you mean to add the formatted="false" attribute?
C:\Users\craig\StudioProjects\AndroidAPS\AndroidAPSApril26\core\ui\build\intermediates\packaged_res\fullDebug\packageFullDebugResources\values-ro-rRO\values-ro-rRO.xml:730:4: Multiple substitutions specified in non-positional format of string resource string/scene_wizard_info_luteal_phase. Did you mean to add the formatted="false" attribute?
C:\Users\craig\StudioProjects\AndroidAPS\AndroidAPSApril26\core\ui\build\intermediates\packaged_res\fullDebug\packageFullDebugResources\values-ro-rRO\values-ro-rRO.xml:734:4: Multiple substitutions specified in non-positional format of string resource string/scene_wizard_info_sick_day. Did you mean to add the formatted="false" attribute?
C:\Users\craig\StudioProjects\AndroidAPS\AndroidAPSApril26\core\ui\build\intermediates\packaged_res\fullDebug\packageFullDebugResources\values-ro-rRO\values-ro-rRO.xml:743:4: Multiple substitutions specified in non-positional format of string resource string/scene_wizard_profile_info. Did you mean to add the formatted="false" attribute?
C:\Users\craig\StudioProjects\AndroidAPS\AndroidAPSApril26\core\ui\build\intermediates\packaged_res\fullDebug\packageFullDebugResources\values-zh-rTW\values-zh-rTW.xml:724:4: Multiple substitutions specified in non-positional format of string resource string/scene_wizard_info_luteal_phase. Did you mean to add the formatted="false" attribute?
C:\Users\craig\StudioProjects\AndroidAPS\AndroidAPSApril26\core\ui\build\intermediates\packaged_res\fullDebug\packageFullDebugResources\values-zh-rTW\values-zh-rTW.xml:728:4: Multiple substitutions specified in non-positional format of string resource string/scene_wizard_info_sick_day. Did you mean to add the formatted="false" attribute?
C:\Users\craig\StudioProjects\AndroidAPS\AndroidAPSApril26\core\ui\build\intermediates\packaged_res\fullDebug\packageFullDebugResources\values-zh-rTW\values-zh-rTW.xml:737:4: Multiple substitutions specified in non-positional format of string resource string/scene_wizard_profile_info. Did you mean to add the formatted="false" attribute?
C:\Users\craig\StudioProjects\AndroidAPS\AndroidAPSApril26\core\interfaces\build\intermediates\packaged_res\fullDebug\packageFullDebugResources\values-es-rES\values-es-rES.xml:30:4: Multiple substitutions specified in non-positional format of string resource string/half_basal_exercise_target_summary. Did you mean to add the formatted="false" attribute?
C:\Users\craig\StudioProjects\AndroidAPS\AndroidAPSApril26\core\ui\build\intermediates\packaged_res\fullDebug\packageFullDebugResources\values-es-rES\values-es-rES.xml:727:4: Multiple substitutions specified in non-positional format of string resource string/scene_wizard_info_luteal_phase. Did you mean to add the formatted="false" attribute?
C:\Users\craig\StudioProjects\AndroidAPS\AndroidAPSApril26\core\ui\build\intermediates\packaged_res\fullDebug\packageFullDebugResources\values-es-rES\values-es-rES.xml:731:4: Multiple substitutions specified in non-positional format of string resource string/scene_wizard_info_sick_day. Did you mean to add the formatted="false" attribute?
C:\Users\craig\StudioProjects\AndroidAPS\AndroidAPSApril26\core\ui\build\intermediates\packaged_res\fullDebug\packageFullDebugResources\values-es-rES\values-es-rES.xml:740:4: Multiple substitutions specified in non-positional format of string resource string/scene_wizard_profile_info. Did you mean to add the formatted="false" attribute?
C:\Users\craig\StudioProjects\AndroidAPS\AndroidAPSApril26\core\ui\build\intermediates\packaged_res\fullDebug\packageFullDebugResources\values-fr-rFR\values-fr-rFR.xml:727:4: Multiple substitutions specified in non-positional format of string resource string/scene_wizard_info_luteal_phase. Did you mean to add the formatted="false" attribute?
C:\Users\craig\StudioProjects\AndroidAPS\AndroidAPSApril26\core\ui\build\intermediates\packaged_res\fullDebug\packageFullDebugResources\values-fr-rFR\values-fr-rFR.xml:731:4: Multiple substitutions specified in non-positional format of string resource string/scene_wizard_info_sick_day. Did you mean to add the formatted="false" attribute?
C:\Users\craig\StudioProjects\AndroidAPS\AndroidAPSApril26\core\ui\build\intermediates\packaged_res\fullDebug\packageFullDebugResources\values-fr-rFR\values-fr-rFR.xml:740:4: Multiple substitutions specified in non-positional format of string resource string/scene_wizard_profile_info. Did you mean to add the formatted="false" attribute?
C:\Users\craig\StudioProjects\AndroidAPS\AndroidAPSApril26\core\ui\build\intermediates\packaged_res\fullDebug\packageFullDebugResources\values-vi-rVN\values-vi-rVN.xml:724:4: Multiple substitutions specified in non-positional format of string resource string/scene_wizard_info_luteal_phase. Did you mean to add the formatted="false" attribute?
C:\Users\craig\StudioProjects\AndroidAPS\AndroidAPSApril26\core\ui\build\intermediates\packaged_res\fullDebug\packageFullDebugResources\values-vi-rVN\values-vi-rVN.xml:728:4: Multiple substitutions specified in non-positional format of string resource string/scene_wizard_info_sick_day. Did you mean to add the formatted="false" attribute?
C:\Users\craig\StudioProjects\AndroidAPS\AndroidAPSApril26\core\ui\build\intermediates\packaged_res\fullDebug\packageFullDebugResources\values-vi-rVN\values-vi-rVN.xml:737:4: Multiple substitutions specified in non-positional format of string resource string/scene_wizard_profile_info. Did you mean to add the formatted="false" attribute?

> Task :pump:virtual:generateFullDebugUnitTestConfig
> Task :shared:tests:mergeFullDebugUnitTestAssets
> Task :pump:omnipod:dash:mapFullDebugUnitTestSourceSetPaths

> Task :pump:rileylink:testFullDebugUnitTest

RFSpyResponseTest > with returns self for chaining() STARTED

RFSpyResponseTest > wasTimeout returns true for 0xaa single byte() STARTED

RFSpyResponseTest > wasInterrupted returns true for 0xbb single byte() STARTED

RFSpyResponseTest > multiple response code checks are mutually exclusive for invalid param() STARTED

RFSpyResponseTest > looksLikeRadioPacket returns true for many bytes() STARTED

RFSpyResponseTest > realistic timeout scenario() STARTED

RFSpyResponseTest > wasInterrupted returns true for 0xbb two bytes() STARTED

RFSpyResponseTest > realistic unknown command scenario() STARTED

RFSpyResponseTest > isOK returns true for 0x01 OldSuccess() STARTED

RFSpyResponseTest > isOK returns false for more than 2 bytes() STARTED

RFSpyResponseTest > looksLikeRadioPacket returns false for empty array() STARTED

RFSpyResponseTest > realistic invalid param scenario() STARTED

RFSpyResponseTest > wasInterrupted returns false for other single byte() STARTED

RFSpyResponseTest > looksLikeRadioPacket returns true for 3 bytes() STARTED

RFSpyResponseTest > toString returns empty for unknown response code() STARTED

RFSpyResponseTest > realistic success scenario() STARTED

RFSpyResponseTest > multiple response code checks are mutually exclusive for success() STARTED

RFSpyResponseTest > toString returns response description for success() STARTED

RFSpyResponseTest > getRadioResponse returns RadioResponse for radio packet() STARTED

RFSpyResponseTest > toString returns response description for old success() STARTED

RFSpyResponseTest > wasNoResponseFromRileyLink returns true for empty array() STARTED

RFSpyResponseTest > wasTimeout returns true for 0xaa two bytes() STARTED

RFSpyResponseTest > multiple response code checks are mutually exclusive for timeout() STARTED

RFSpyResponseTest > wasTimeout returns false for other single byte() STARTED

RFSpyResponseTest > toString returns response description for timeout() STARTED

RFSpyResponseTest > isUnknownCommand returns false for other byte() STARTED

RFSpyResponseTest > with sets command and raw data() STARTED

RFSpyResponseTest > looksLikeRadioPacket returns false for 1 byte() STARTED

RFSpyResponseTest > getRadioResponse returns RadioResponse for non-radio packet() STARTED

RFSpyResponseTest > isOK returns true for 0x01 with two bytes() STARTED

RFSpyResponseTest > wasInterrupted returns false for more than 2 bytes() STARTED

RFSpyResponseTest > isInvalidParam returns true for 0x11 single byte() STARTED

RFSpyResponseTest > multiple response code checks are mutually exclusive for interrupted() STARTED

RFSpyResponseTest > isOK returns true for 0xDD with two bytes() STARTED

RFSpyResponseTest > isUnknownCommand returns true for 0x22 two bytes() STARTED

RFSpyResponseTest > isOK returns false for other codes() STARTED

RFSpyResponseTest > multiple response code checks are mutually exclusive for unknown command() STARTED

RFSpyResponseTest > isUnknownCommand returns true for 0x22 single byte() STARTED

RFSpyResponseTest > wasNoResponseFromRileyLink returns false for non-empty array() STARTED

RFSpyResponseTest > toString returns Radio packet for data longer than 2 bytes() STARTED

RFSpyResponseTest > wasTimeout returns false for more than 2 bytes() STARTED

RFSpyResponseTest > isInvalidParam returns true for 0x11 two bytes() STARTED

> Task :pump:omnipod:eros:generateFullDebugUnitTestAssets UP-TO-DATE
> Task :pump:omnipod:eros:preFullDebugUnitTestBuild UP-TO-DATE
> Task :pump:omnipod:dash:generateFullDebugUnitTestResources

> Task :plugins:sync:testFullDebugUnitTest

DataSyncSelectorV3Test > confirmMethodsDoNotUpdateWhenIdIsEqualTest() STARTED

DataSyncSelectorV3Test > processChangedCarbsWithExistingCarbsTest() STARTED

DataSyncSelectorV3Test > processChangedExtendedBolusesAfterDbResetTest() STARTED

DataSyncSelectorV3Test > processChangedExtendedBolusesAfterDbResetTest() STANDARD_OUT
    INFO: NSCLIENT Resetting startId: 1 lastDbId: 0

DataSyncSelectorV3Test > resetToNextFullSyncTest() STARTED

DataSyncSelectorV3Test > processChangedTherapyEventsAfterDbResetTest() STARTED

DataSyncSelectorV3Test > processChangedTherapyEventsAfterDbResetTest() STANDARD_OUT
    INFO: NSCLIENT Resetting startId: 1 lastDbId: 0

DataSyncSelectorV3Test > processChangedRunningModesAfterDbResetTest() STARTED

> Task :pump:combov2:comboctl:processFullDebugUnitTestManifest
> Task :pump:omnipod:common:kspFullDebugUnitTestKotlin
> Task :pump:combov2:comboctl:mergeFullDebugUnitTestResources
C:\Users\craig\StudioProjects\AndroidAPS\AndroidAPSApril26\core\ui\build\intermediates\packaged_res\fullDebug\packageFullDebugResources\values-it-rIT\values-it-rIT.xml:727:4: Multiple substitutions specified in non-positional format of string resource string/scene_wizard_info_luteal_phase. Did you mean to add the formatted="false" attribute?
C:\Users\craig\StudioProjects\AndroidAPS\AndroidAPSApril26\core\ui\build\intermediates\packaged_res\fullDebug\packageFullDebugResources\values-it-rIT\values-it-rIT.xml:731:4: Multiple substitutions specified in non-positional format of string resource string/scene_wizard_info_sick_day. Did you mean to add the formatted="false" attribute?
C:\Users\craig\StudioProjects\AndroidAPS\AndroidAPSApril26\core\ui\build\intermediates\packaged_res\fullDebug\packageFullDebugResources\values-it-rIT\values-it-rIT.xml:740:4: Multiple substitutions specified in non-positional format of string resource string/scene_wizard_profile_info. Did you mean to add the formatted="false" attribute?
C:\Users\craig\StudioProjects\AndroidAPS\AndroidAPSApril26\core\interfaces\build\intermediates\packaged_res\fullDebug\packageFullDebugResources\values-es-rES\values-es-rES.xml:30:4: Multiple substitutions specified in non-positional format of string resource string/half_basal_exercise_target_summary. Did you mean to add the formatted="false" attribute?
C:\Users\craig\StudioProjects\AndroidAPS\AndroidAPSApril26\core\ui\build\intermediates\packaged_res\fullDebug\packageFullDebugResources\values-es-rES\values-es-rES.xml:727:4: Multiple substitutions specified in non-positional format of string resource string/scene_wizard_info_luteal_phase. Did you mean to add the formatted="false" attribute?
C:\Users\craig\StudioProjects\AndroidAPS\AndroidAPSApril26\core\ui\build\intermediates\packaged_res\fullDebug\packageFullDebugResources\values-es-rES\values-es-rES.xml:731:4: Multiple substitutions specified in non-positional format of string resource string/scene_wizard_info_sick_day. Did you mean to add the formatted="false" attribute?
C:\Users\craig\StudioProjects\AndroidAPS\AndroidAPSApril26\core\ui\build\intermediates\packaged_res\fullDebug\packageFullDebugResources\values-es-rES\values-es-rES.xml:740:4: Multiple substitutions specified in non-positional format of string resource string/scene_wizard_profile_info. Did you mean to add the formatted="false" attribute?
C:\Users\craig\StudioProjects\AndroidAPS\AndroidAPSApril26\core\ui\build\intermediates\packaged_res\fullDebug\packageFullDebugResources\values-ro-rRO\values-ro-rRO.xml:730:4: Multiple substitutions specified in non-positional format of string resource string/scene_wizard_info_luteal_phase. Did you mean to add the formatted="false" attribute?
C:\Users\craig\StudioProjects\AndroidAPS\AndroidAPSApril26\core\ui\build\intermediates\packaged_res\fullDebug\packageFullDebugResources\values-ro-rRO\values-ro-rRO.xml:734:4: Multiple substitutions specified in non-positional format of string resource string/scene_wizard_info_sick_day. Did you mean to add the formatted="false" attribute?
C:\Users\craig\StudioProjects\AndroidAPS\AndroidAPSApril26\core\ui\build\intermediates\packaged_res\fullDebug\packageFullDebugResources\values-ro-rRO\values-ro-rRO.xml:743:4: Multiple substitutions specified in non-positional format of string resource string/scene_wizard_profile_info. Did you mean to add the formatted="false" attribute?
C:\Users\craig\StudioProjects\AndroidAPS\AndroidAPSApril26\core\ui\build\intermediates\packaged_res\fullDebug\packageFullDebugResources\values-zh-rTW\values-zh-rTW.xml:724:4: Multiple substitutions specified in non-positional format of string resource string/scene_wizard_info_luteal_phase. Did you mean to add the formatted="false" attribute?
C:\Users\craig\StudioProjects\AndroidAPS\AndroidAPSApril26\core\ui\build\intermediates\packaged_res\fullDebug\packageFullDebugResources\values-zh-rTW\values-zh-rTW.xml:728:4: Multiple substitutions specified in non-positional format of string resource string/scene_wizard_info_sick_day. Did you mean to add the formatted="false" attribute?
C:\Users\craig\StudioProjects\AndroidAPS\AndroidAPSApril26\core\ui\build\intermediates\packaged_res\fullDebug\packageFullDebugResources\values-zh-rTW\values-zh-rTW.xml:737:4: Multiple substitutions specified in non-positional format of string resource string/scene_wizard_profile_info. Did you mean to add the formatted="false" attribute?
C:\Users\craig\StudioProjects\AndroidAPS\AndroidAPSApril26\core\ui\build\intermediates\packaged_res\fullDebug\packageFullDebugResources\values-fr-rFR\values-fr-rFR.xml:727:4: Multiple substitutions specified in non-positional format of string resource string/scene_wizard_info_luteal_phase. Did you mean to add the formatted="false" attribute?
C:\Users\craig\StudioProjects\AndroidAPS\AndroidAPSApril26\core\ui\build\intermediates\packaged_res\fullDebug\packageFullDebugResources\values-fr-rFR\values-fr-rFR.xml:731:4: Multiple substitutions specified in non-positional format of string resource string/scene_wizard_info_sick_day. Did you mean to add the formatted="false" attribute?
C:\Users\craig\StudioProjects\AndroidAPS\AndroidAPSApril26\core\ui\build\intermediates\packaged_res\fullDebug\packageFullDebugResources\values-fr-rFR\values-fr-rFR.xml:740:4: Multiple substitutions specified in non-positional format of string resource string/scene_wizard_profile_info. Did you mean to add the formatted="false" attribute?
C:\Users\craig\StudioProjects\AndroidAPS\AndroidAPSApril26\core\ui\build\intermediates\packaged_res\fullDebug\packageFullDebugResources\values-vi-rVN\values-vi-rVN.xml:724:4: Multiple substitutions specified in non-positional format of string resource string/scene_wizard_info_luteal_phase. Did you mean to add the formatted="false" attribute?
C:\Users\craig\StudioProjects\AndroidAPS\AndroidAPSApril26\core\ui\build\intermediates\packaged_res\fullDebug\packageFullDebugResources\values-vi-rVN\values-vi-rVN.xml:728:4: Multiple substitutions specified in non-positional format of string resource string/scene_wizard_info_sick_day. Did you mean to add the formatted="false" attribute?
C:\Users\craig\StudioProjects\AndroidAPS\AndroidAPSApril26\core\ui\build\intermediates\packaged_res\fullDebug\packageFullDebugResources\values-vi-rVN\values-vi-rVN.xml:737:4: Multiple substitutions specified in non-positional format of string resource string/scene_wizard_profile_info. Did you mean to add the formatted="false" attribute?

> Task :pump:combov2:comboctl:javaPreCompileFullDebugUnitTest
> Task :pump:combov2:comboctl:generateFullDebugUnitTestAssets UP-TO-DATE

> Task :plugins:sync:testFullDebugUnitTest

DataSyncSelectorV3Test > processChangedRunningModesAfterDbResetTest() STANDARD_OUT
    INFO: NSCLIENT Resetting startId: 1 lastDbId: 0

DataSyncSelectorV3Test > processChangedBolusesWithOnlyNsIdChangedTest() STARTED

DataSyncSelectorV3Test > processChangedBolusesWithOnlyNsIdChangedTest() STANDARD_OUT
    INFO: NSCLIENT Ignoring Bolus. Only NS id changed: 5 

DataSyncSelectorV3Test > processChangedTempTargetsAfterDbResetTest() STARTED

DataSyncSelectorV3Test > processChangedTempTargetsAfterDbResetTest() STANDARD_OUT
    INFO: NSCLIENT Resetting startId: 1 lastDbId: 0

DataSyncSelectorV3Test > processChangedBolusesWhenNsAddFailsTest() STARTED

DataSyncSelectorV3Test > confirmProfileStoreAlwaysUpdatesTest() STARTED

DataSyncSelectorV3Test > processChangedTemporaryBasalsWhenPausedTest() STARTED

DataSyncSelectorV3Test > confirmMethodsDoNotUpdateWhenIdIsLessTest() STARTED

DataSyncSelectorV3Test > processChangedDeviceStatusesAfterDbResetTest() STARTED

DataSyncSelectorV3Test > processChangedDeviceStatusesAfterDbResetTest() STANDARD_OUT
    INFO: NSCLIENT Resetting startId: 1 lastDbId: 0

DataSyncSelectorV3Test > processChangedProfileSwitchesWhenPausedTest() STARTED

LoadDeviceStatusWorkerTest > successful load clears lastOperationError() STANDARD_OUT
    DEBUG: DEVICESTATUSES: []

LoadDeviceStatusWorkerTest > successful load with data returns success() STARTED

LoadDeviceStatusWorkerTest > successful load with data returns success() STANDARD_OUT
    DEBUG: DEVICESTATUSES: [NSDeviceStatus(app=null, identifier=null, srvCreated=null, srvModified=null, createdAt=null, date=1656358821000, uploaderBattery=80, isCharging=true, device=test-device, uploader=null, pump=null, openaps=null, configuration=null)]

LoadDeviceStatusWorkerTest > successful load with empty data returns success() STARTED

LoadDeviceStatusWorkerTest > successful load with empty data returns success() STANDARD_OUT
    DEBUG: DEVICESTATUSES: []

DataSyncSelectorV3Test > processChangedProfileStoreWhenPausedTest() STARTED

LoadDeviceStatusWorkerTest > handles multiple device statuses() STARTED

LoadDeviceStatusWorkerTest > handles multiple device statuses() STANDARD_OUT
    DEBUG: DEVICESTATUSES: [NSDeviceStatus(app=null, identifier=null, srvCreated=null, srvModified=null, createdAt=null, date=1656358821000, uploaderBattery=80, isCharging=true, device=test-device-1, uploader=null, pump=null, openaps=null, configuration=null), NSDeviceStatus(app=null, identifier=null, srvCreated=null, srvModified=null, createdAt=null, date=1656358820000, uploaderBattery=75, isCharging=true, device=test-device-2, uploader=null, pump=null, openaps=null, configuration=null)]

LoadDeviceStatusWorkerTest > error handling returns failure and sets lastOperationError() STARTED

LoadDeviceStatusWorkerTest > error handling returns failure and sets lastOperationError() STANDARD_OUT
    ERROR: Error:  java.lang.RuntimeException: Network error

LoadDeviceStatusWorkerTest > notInitializedAndroidClient returns failure() STARTED

GarminSimulatorClientTest > receiveMessage() STARTED

DataSyncSelectorV3Test > processChangedTemporaryBasalsAfterDbResetTest() STARTED

LoadDeviceStatusWorkerTest > initialLoadFinished remains true once set() STARTED

LoadDeviceStatusWorkerTest > initialLoadFinished remains true once set() STANDARD_OUT
    DEBUG: DEVICESTATUSES: []

LoadDeviceStatusWorkerTest > sets initialLoadFinished to true() STARTED

LoadDeviceStatusWorkerTest > sets initialLoadFinished to true() STANDARD_OUT
    DEBUG: DEVICESTATUSES: []

DataSyncSelectorV3Test > processChangedTemporaryBasalsAfterDbResetTest() STANDARD_OUT
    INFO: NSCLIENT Resetting startId: 1 lastDbId: 0

LoadDeviceStatusWorkerTest > loads data from last 7 minutes() STARTED

DataSyncSelectorV3Test > processChangedCarbsWhenPausedTest() STARTED

LoadDeviceStatusWorkerTest > loads data from last 7 minutes() STANDARD_OUT
    DEBUG: DEVICESTATUSES: []

DataSyncSelectorV3Test > processChangedRunningModesWhenPausedTest() STARTED

SmsCommunicatorPluginTest > processBasalTest() STARTED

DataSyncSelectorV3Test > processChangedEffectiveProfileSwitchesAfterDbResetTest() STARTED

DataSyncSelectorV3Test > processChangedEffectiveProfileSwitchesAfterDbResetTest() STANDARD_OUT
    INFO: NSCLIENT Resetting startId: 1 lastDbId: 0

DataSyncSelectorV3Test > processChangedBolusCalculatorResultsAfterDbResetTest() STARTED

DataSyncSelectorV3Test > processChangedBolusCalculatorResultsAfterDbResetTest() STANDARD_OUT
    INFO: NSCLIENT Resetting startId: 1 lastDbId: 0

DataSyncSelectorV3Test > doUploadWhenPausedTest() STARTED

EffectiveProfileSwitchExtensionKtTest > toEffectiveProfileSwitch() STARTED

TemporaryBasalExtensionKtTest > toTemporaryBasal() STARTED

LoadBgWorkerTest > test304ResponseStopsLoading() STARTED

GarminSimulatorClientTest > receiveMessage() STANDARD_OUT
    INFO: GARMIN bind to /127.0.0.1:0
    INFO: GARMIN accept /127.0.0.1:51558
    INFO: GARMIN D[Sim@/127.0.0.1:51558/1] reading
    INFO: GARMIN D[Sim@/127.0.0.1:51558/1] read 3 bytes
    INFO: GARMIN D[Sim@/127.0.0.1:51558/1] reading

SmsCommunicatorPluginTest > processBasalTest() STANDARD_OUT
    DEBUG: : CORE Starting: null
    DEBUG: : SMS Found allowed number: 1234
    DEBUG: : SMS Found allowed number: 5678
    DEBUG: : SMS SMS from 1234: BASAL
    DEBUG: : SMS Sending SMS to 1234: Remote command is not allowed
    DEBUG: : SMS SMS from 1234: BASAL
    DEBUG: : SMS Sending SMS to 1234: Wrong format
    DEBUG: : SMS SMS from 1234: BASAL CANCEL

NsIncomingDataProcessorTest > processTreatments with zero temp basal stores it() STANDARD_OUT
    DEBUG: : NSCLIENT Received NS treatment: NSTemporaryBasal(date=1656356422000, device=null, identifier=basal_id_zero, units=null, srvModified=null, srvCreated=null, utcOffset=null, subject=null, isReadOnly=false, isValid=true, eventType=TEMPORARY_BASAL, notes=Suspend, pumpId=null, endId=null, pumpType=null, pumpSerial=null, app=null, duration=1800000, rate=0.0, isAbsolute=false, type=NORMAL, percent=-100.0, absolute=0.0, extendedEmulated=null)

SmsCommunicatorPluginTest > processBasalTest() STANDARD_OUT
    DEBUG: : SMS Sending SMS to 1234: To stop temp basal reply with code from Authenticator app for: User followed by PIN
    DEBUG: : SMS SMS from 1234: from Authenticator app for: User followed by PIN
    DEBUG: : SMS Processing confirmed SMS: BASAL CANCEL
    DEBUG: : SMS Sending SMS to 1234: Temp basal canceled
    Virtual Pump
    DEBUG: : SMS Sending SMS to 5678: Temp basal canceled
    Virtual Pump
    DEBUG: : SMS SMS from 1234: BASAL a%

NsIncomingDataProcessorTest > processSgvs returns false when NSClient is disabled and not full sync() STARTED

NsIncomingDataProcessorTest > processFood handles empty list and array without error() STARTED

SmsCommunicatorPluginTest > processBasalTest() STANDARD_OUT
    DEBUG: : SMS Sending SMS to 1234: Wrong format
    DEBUG: : SMS SMS from 1234: BASAL 10% 0
    DEBUG: : SMS Sending SMS to 1234: TBR duration must be a multiple of 30 minutes and greater than 0.
    DEBUG: : SMS SMS from 1234: BASAL 20% 20
    DEBUG: : SMS Sending SMS to 1234: TBR duration must be a multiple of 30 minutes and greater than 0.
    DEBUG: : SMS SMS from 1234: BASAL 20% 30

NsIncomingDataProcessorTest > processFood handles empty list and array without error() STANDARD_OUT
    DEBUG: : NSCLIENT Received Food Data: []
    DEBUG: : NSCLIENT Received Food Data: []

NsIncomingDataProcessorTest > processFood with V1 remove action creates invalidation entry() STARTED

SmsCommunicatorPluginTest > processBasalTest() STANDARD_OUT
    DEBUG: : SMS Sending SMS to 1234: To start basal 20% for 30 min reply with code from Authenticator app for: User followed by PIN
    DEBUG: : SMS SMS from 1234: from Authenticator app for: User followed by PIN
    DEBUG: : SMS Processing confirmed SMS: BASAL 20% 30

NsIncomingDataProcessorTest > processFood with V1 remove action creates invalidation entry() STANDARD_OUT
    DEBUG: : NSCLIENT Received Food Data: [{"action":"remove","_id":"food_to_delete_id","type":"food"}]

SmsCommunicatorPluginTest > processBasalTest() STANDARD_OUT
    DEBUG: : SMS Sending SMS to 1234: Temp basal 20% for 30 min started successfully
    Virtual Pump
    DEBUG: : SMS Sending SMS to 5678: Temp basal 20% for 30 min started successfully
    Virtual Pump

NsIncomingDataProcessorTest > processFood with V1 JSONArray data stores it() STARTED

SmsCommunicatorPluginTest > processBasalTest() STANDARD_OUT
    DEBUG: : SMS SMS from 1234: BASAL a
    DEBUG: : SMS Sending SMS to 1234: Wrong format
    DEBUG: : SMS SMS from 1234: BASAL 1 0
    DEBUG: : SMS Sending SMS to 1234: TBR duration must be a multiple of 30 minutes and greater than 0.
    DEBUG: : SMS SMS from 1234: BASAL 1 20
    DEBUG: : SMS Sending SMS to 1234: TBR duration must be a multiple of 30 minutes and greater than 0.
    DEBUG: : SMS SMS from 1234: BASAL 1 30

NsIncomingDataProcessorTest > processFood with V1 JSONArray data stores it() STANDARD_OUT
    DEBUG: : NSCLIENT Received Food Data: [{"carbs":10,"portion":1,"name":"pizza","created_at":"2022-06-27T18:55:22.000Z","_id":"food_json_id","type":"food"}]

SmsCommunicatorPluginTest > processBasalTest() STANDARD_OUT
    DEBUG: : SMS Sending SMS to 1234: To start basal 1.00U/h for 30 min reply with code from Authenticator app for: User followed by PIN
    DEBUG: : SMS SMS from 1234: from Authenticator app for: User followed by PIN
    DEBUG: : SMS Processing confirmed SMS: BASAL 1 30

NsIncomingDataProcessorTest > processTreatments ignores offline event if preference is disabled() STARTED

SmsCommunicatorPluginTest > processBasalTest() STANDARD_OUT
    DEBUG: : SMS Sending SMS to 1234: Temp basal 1.00U/h for 30 min started successfully
    Virtual Pump
    DEBUG: : SMS Sending SMS to 5678: Temp basal 1.00U/h for 30 min started successfully
    Virtual Pump

SmsCommunicatorPluginTest > isAllowedNumberTest() STARTED

NsIncomingDataProcessorTest > processTreatments ignores offline event if preference is disabled() STANDARD_OUT
    DEBUG: : NSCLIENT Received NS treatment: NSOfflineEvent(date=1656272422000, device=null, identifier=offline_id, units=null, srvModified=null, srvCreated=null, utcOffset=null, subject=null, isReadOnly=false, isValid=true, eventType=APS_OFFLINE, notes=Device was offline, pumpId=null, endId=null, pumpType=null, pumpSerial=null, app=null, duration=60000, originalDuration=60000, reason=OTHER, mode=UNKNOWN, autoForced=false, reasons=null)

SmsCommunicatorPluginTest > isAllowedNumberTest() STANDARD_OUT
    DEBUG: : CORE Starting: null
    DEBUG: : SMS Found allowed number: 1234
    DEBUG: : SMS Found allowed number: 5678

NsIncomingDataProcessorTest > processSgvs with V1 valid data stores glucose values() STARTED

NsIncomingDataProcessorTest > processSgvs with V1 valid data stores glucose values() STANDARD_OUT
    DEBUG: : NSCLIENT Received NS Data: [{"mgdl":120,"filtered":122000,"mills":1656358642000,"_id":"test_id","device":"G6-Reader","direction":"Flat"}]

SmsCommunicatorPluginTest > processProfileTest() STARTED

NsIncomingDataProcessorTest > processProfile with newer remote profile loads it from store() STARTED

SmsCommunicatorPluginTest > processProfileTest() STANDARD_OUT
    DEBUG: : CORE Starting: null
    DEBUG: : SMS Found allowed number: 1234
    DEBUG: : SMS Found allowed number: 5678

NsIncomingDataProcessorTest > processProfile with newer remote profile loads it from store() STANDARD_OUT
    DEBUG: : PROFILE Received profileStore: createdAt: 0 Local last modification: 1656272422000
    DEBUG: : PROFILE Received profileStore: {}

NsIncomingDataProcessorTest > processTreatments with valid temp basal stores it() STARTED

NsIncomingDataProcessorTest > processTreatments with valid temp basal stores it() STANDARD_OUT
    DEBUG: : NSCLIENT Received NS treatment: NSTemporaryBasal(date=1656356122000, device=null, identifier=basal_id, units=null, srvModified=null, srvCreated=null, utcOffset=null, subject=null, isReadOnly=false, isValid=true, eventType=TEMPORARY_BASAL, notes=Activity basal, pumpId=null, endId=null, pumpType=null, pumpSerial=null, app=null, duration=1800000, rate=0.5, isAbsolute=true, type=NORMAL, percent=0.0, absolute=0.5, extendedEmulated=null)

SmsCommunicatorPluginTest > processProfileTest() STANDARD_OUT
    DEBUG: : SMS SMS from 1234: PROFILE

NsIncomingDataProcessorTest > processTreatments with valid profile switch stores it() STARTED

SmsCommunicatorPluginTest > processProfileTest() STANDARD_OUT
    DEBUG: : SMS Sending SMS to 1234: Remote command is not allowed
    DEBUG: : SMS SMS from 1234: PROFILE
    DEBUG: : SMS Sending SMS to 1234: Wrong format
    DEBUG: : SMS SMS from 1234: PROFILE LIST
    DEBUG: : SMS Sending SMS to 1234: Not configured
    DEBUG: : SMS SMS from 1234: PROFILE STATUS
    DEBUG: : SMS Sending SMS to 1234: someProfile
    DEBUG: : SMS SMS from 1234: PROFILE LIST
    DEBUG: : SMS Sending SMS to 1234: 1. someProfile
    DEBUG: : SMS SMS from 1234: PROFILE 2
    DEBUG: : SMS Sending SMS to 1234: Wrong format
    DEBUG: : SMS SMS from 1234: PROFILE 1 0
    DEBUG: : SMS Sending SMS to 1234: Wrong format
    DEBUG: : SMS SMS from 1234: PROFILE 0
    DEBUG: : SMS Sending SMS to 1234: Wrong format
    DEBUG: : SMS SMS from 1234: PROFILE 1
    DEBUG: : SMS Sending SMS to 1234: To switch profile to someProfile 100% reply with code from Authenticator app for: User followed by PIN

NsIncomingDataProcessorTest > processTreatments with valid profile switch stores it() STANDARD_OUT
    DEBUG: : NSCLIENT Received NS treatment: NSProfileSwitch(date=1656355222000, device=null, identifier=profile_switch_id, units=null, srvModified=null, srvCreated=null, utcOffset=null, subject=null, isReadOnly=false, isValid=true, eventType=PROFILE_SWITCH, notes=Switched to Workout profile, pumpId=null, endId=null, pumpType=null, pumpSerial=null, app=null, profileJson={"target_low":[{"timeAsSeconds":0,"time":"00:00","value":4.5}],"sens":[{"timeAsSeconds":0,"time":"00:00","value":3},{"timeAsSeconds":7200,"time":"02:00","value":3.4}],"carbratio":[{"timeAsSeconds":0,"time":"00:00","value":30}],"timezone":"America\/Cuiaba","target_high":[{"timeAsSeconds":0,"time":"00:00","value":7}],"units":"mmol","iCfg":{"insulinNickname":"","insulinPeakTime":3600000,"concentration":1,"insulinEndTime":32400000,"insulinLabel":"Fake"},"basal":[{"timeAsSeconds":0,"time":"00:00","value":1}]}, profile=Workout, originalProfileName=Workout, timeShift=0, percentage=100, duration=0, originalDuration=0, iCfg=NSICfg(insulinLabel=Fake, insulinEndTime=32400000, insulinPeakTime=3600000, concentration=1.0))

NsIncomingDataProcessorTest > processTreatments with valid bolus entry stores it() STARTED

LoadBgWorkerTest > test304ResponseStopsLoading() STANDARD_OUT
    DEBUG: : NSCLIENT lastLoadedSrvModified: 1656358821000

NsIncomingDataProcessorTest > processTreatments with valid bolus entry stores it() STANDARD_OUT
    DEBUG: : NSCLIENT Received NS treatment: NSBolus(date=1656357622000, device=null, identifier=bolus_id, units=null, srvModified=null, srvCreated=null, utcOffset=null, subject=null, isReadOnly=false, isValid=true, eventType=CORRECTION_BOLUS, notes=Manual bolus, pumpId=null, endId=null, pumpType=null, pumpSerial=null, app=null, insulin=2.5, type=NORMAL, isBasalInsulin=false, iCfg=NSICfg(insulinLabel=Fake, insulinEndTime=32400000, insulinPeakTime=3600000, concentration=1.0))

NsIncomingDataProcessorTest > processTreatments ignores extended bolus if preference is disabled() STARTED

NsIncomingDataProcessorTest > processTreatments ignores extended bolus if preference is disabled() STANDARD_OUT
    DEBUG: : NSCLIENT Received NS treatment: NSExtendedBolus(date=1656351622000, device=null, identifier=extended_bolus_id, units=null, srvModified=null, srvCreated=null, utcOffset=null, subject=null, isReadOnly=false, isValid=true, eventType=COMBO_BOLUS, notes=Pizza bolus, pumpId=null, endId=null, pumpType=null, pumpSerial=null, app=null, duration=7200000, enteredinsulin=3.0, isEmulatingTempBasal=false, rate=1.5)

NsIncomingDataProcessorTest > processFood ignores non-food types in V1 JSONArray() STARTED

NsIncomingDataProcessorTest > processFood ignores non-food types in V1 JSONArray() STANDARD_OUT
    DEBUG: : NSCLIENT Received Food Data: [{"carbs":10,"created_at":"2022-06-27T19:40:22.000Z","_id":"some_other_id","type":"not_food"}]

NsIncomingDataProcessorTest > processTreatments with valid carb entry stores it() STARTED

SmsCommunicatorPluginTest > processProfileTest() STANDARD_OUT
    DEBUG: : SMS SMS from 1234: PROFILE 1 90

NsIncomingDataProcessorTest > processTreatments with valid carb entry stores it() STANDARD_OUT
    DEBUG: : NSCLIENT Received NS treatment: NSCarbs(date=1656358222000, device=null, identifier=carb_id, units=null, srvModified=null, srvCreated=null, utcOffset=null, subject=null, isReadOnly=false, isValid=true, eventType=CARBS_CORRECTION, notes=null, pumpId=null, endId=null, pumpType=null, pumpSerial=null, app=null, carbs=20.0, duration=0)

SmsCommunicatorPluginTest > processProfileTest() STANDARD_OUT
    DEBUG: : SMS Sending SMS to 1234: To switch profile to someProfile 90% reply with code from Authenticator app for: User followed by PIN
    DEBUG: : SMS SMS from 1234: from Authenticator app for: User followed by PIN
    DEBUG: : SMS Processing confirmed SMS: PROFILE 1 90

NsIncomingDataProcessorTest > processSgvs ignores SGV with future timestamp() STARTED

SmsCommunicatorPluginTest > processProfileTest() STANDARD_OUT
    DEBUG: : SMS Sending SMS to 1234: Profile switch created

SmsCommunicatorPluginTest > processExtendedTest() STARTED

NsIncomingDataProcessorTest > processSgvs ignores SGV with future timestamp() STANDARD_OUT
    DEBUG: : NSCLIENT Received NS Data: [NSSgvV3(date=1656359122000, device=share2, identifier=abcdef, srvModified=null, srvCreated=null, utcOffset=null, subject=null, isReadOnly=false, isValid=true, sgv=140.0, units=MG_DL, direction=FORTY_FIVE_UP, noise=1.0, filtered=132.0, unfiltered=131.0)]

SmsCommunicatorPluginTest > processExtendedTest() STANDARD_OUT
    DEBUG: : CORE Starting: null
    DEBUG: : SMS Found allowed number: 1234
    DEBUG: : SMS Found allowed number: 5678

LoadBgWorkerTest > test304ResponseStopsLoading() STANDARD_OUT
    DEBUG: : NSCLIENT SGVS: [NSSgvV3(date=10000, device=AAPS-DexcomG6, identifier=nightscoutId, srvModified=null, srvCreated=null, utcOffset=-240, subject=null, isReadOnly=false, isValid=true, sgv=99.0, units=MG_DL, direction=DOUBLE_UP, noise=1.0, filtered=101.0, unfiltered=0.0)]

NsIncomingDataProcessorTest > processSgvs ignores SGV with future timestamp() STANDARD_OUT
    DEBUG: : NSCLIENT Ignoring record with wrong timestamp: GV(id=0, version=0, dateCreated=-1, isValid=true, referenceId=null, ids=IDs(nightscoutSystemId=null, nightscoutId=abcdef, pumpType=null, pumpSerial=null, temporaryId=null, pumpId=null, startId=null, endId=null), timestamp=1656359122000, utcOffset=0, raw=132.0, value=140.0, trendArrow=FORTY_FIVE_UP, noise=1.0, sourceSensor=UNKNOWN)

NsIncomingDataProcessorTest > processSgvs with V3 valid data stores glucose values() STARTED

NsIncomingDataProcessorTest > processSgvs with V3 valid data stores glucose values() STANDARD_OUT
    DEBUG: : NSCLIENT Received NS Data: [NSSgvV3(date=1656358702000, device=share2, identifier=abcdef, srvModified=null, srvCreated=null, utcOffset=null, subject=null, isReadOnly=false, isValid=true, sgv=130.0, units=MG_DL, direction=FORTY_FIVE_UP, noise=1.0, filtered=132.0, unfiltered=131.0)]

NsIncomingDataProcessorTest > processTreatments with valid extended bolus stores it() STARTED

NsIncomingDataProcessorTest > processTreatments with valid extended bolus stores it() STANDARD_OUT
    DEBUG: : NSCLIENT Received NS treatment: NSExtendedBolus(date=1656351622000, device=null, identifier=extended_bolus_id, units=null, srvModified=null, srvCreated=null, utcOffset=null, subject=null, isReadOnly=false, isValid=true, eventType=COMBO_BOLUS, notes=Pizza bolus, pumpId=null, endId=null, pumpType=null, pumpSerial=null, app=null, duration=7200000, enteredinsulin=3.0, isEmulatingTempBasal=false, rate=1.5)

NsIncomingDataProcessorTest > processTreatments with valid offline event stores it when preferences are enabled() STARTED

NsIncomingDataProcessorTest > processTreatments with valid offline event stores it when preferences are enabled() STANDARD_OUT
    DEBUG: : NSCLIENT Received NS treatment: NSOfflineEvent(date=1656272422000, device=null, identifier=offline_id, units=null, srvModified=null, srvCreated=null, utcOffset=null, subject=null, isReadOnly=false, isValid=true, eventType=APS_OFFLINE, notes=Device was offline, pumpId=null, endId=null, pumpType=null, pumpSerial=null, app=null, duration=60000, originalDuration=60000, reason=OTHER, mode=UNKNOWN, autoForced=false, reasons=null)

SmsCommunicatorPluginTest > processExtendedTest() STANDARD_OUT
    DEBUG: : SMS SMS from 1234: EXTENDED
    DEBUG: : SMS Sending SMS to 1234: Remote command is not allowed
    DEBUG: : SMS SMS from 1234: EXTENDED
    DEBUG: : SMS Sending SMS to 1234: Wrong format
    DEBUG: : SMS SMS from 1234: EXTENDED CANCEL
    DEBUG: : SMS Sending SMS to 1234: To stop extended bolus reply with code from Authenticator app for: User followed by PIN
    DEBUG: : SMS SMS from 1234: from Authenticator app for: User followed by PIN
    DEBUG: : SMS Processing confirmed SMS: EXTENDED CANCEL

NsIncomingDataProcessorTest > processTreatments with invalid temp target is ignored() STARTED

SmsCommunicatorPluginTest > processExtendedTest() STANDARD_OUT
    DEBUG: : SMS Sending SMS to 1234: Extended bolus canceled
    Virtual Pump
    DEBUG: : SMS Sending SMS to 5678: Extended bolus canceled
    Virtual Pump
    DEBUG: : SMS SMS from 1234: EXTENDED a%
    DEBUG: : SMS Sending SMS to 1234: Wrong format
    DEBUG: : SMS SMS from 1234: EXTENDED 1 0
    DEBUG: : SMS Sending SMS to 1234: Wrong format
    DEBUG: : SMS SMS from 1234: EXTENDED 1 20

NsIncomingDataProcessorTest > processTreatments with invalid temp target is ignored() STANDARD_OUT
    DEBUG: : NSCLIENT Received NS treatment: NSTemporaryTarget(date=1656357022000, device=null, identifier=tt_id, units=MG_DL, srvModified=null, srvCreated=null, utcOffset=null, subject=null, isReadOnly=false, isValid=true, eventType=TEMPORARY_TARGET, notes=Exercise TT, pumpId=null, endId=null, pumpType=null, pumpSerial=null, app=null, duration=3600000, targetBottom=140.0, targetTop=0.0, reason=ACTIVITY)
    DEBUG: : NSCLIENT Ignored TemporaryTarget NSTemporaryTarget(date=1656357022000, device=null, identifier=tt_id, units=MG_DL, srvModified=null, srvCreated=null, utcOffset=null, subject=null, isReadOnly=false, isValid=true, eventType=TEMPORARY_TARGET, notes=Exercise TT, pumpId=null, endId=null, pumpType=null, pumpSerial=null, app=null, duration=3600000, targetBottom=140.0, targetTop=0.0, reason=ACTIVITY)

NsIncomingDataProcessorTest > processTreatments ignores effective profile switch if preference is disabled() STARTED

SmsCommunicatorPluginTest > processExtendedTest() STANDARD_OUT
    DEBUG: : SMS Sending SMS to 1234: To start extended bolus 1.00U for 20 min reply with code from Authenticator app for: User followed by PIN
    DEBUG: : SMS SMS from 1234: from Authenticator app for: User followed by PIN
    DEBUG: : SMS Processing confirmed SMS: EXTENDED 1 20

NsIncomingDataProcessorTest > processTreatments ignores effective profile switch if preference is disabled() STANDARD_OUT
    DEBUG: : NSCLIENT Received NS treatment: NSEffectiveProfileSwitch(date=1656355222000, device=null, identifier=profile_switch_id, units=null, srvModified=null, srvCreated=null, utcOffset=null, subject=null, isReadOnly=false, isValid=true, eventType=PROFILE_SWITCH, notes=Switched to Workout profile, pumpId=null, endId=null, pumpType=null, pumpSerial=null, app=null, profileJson={"target_low":[{"timeAsSeconds":0,"time":"00:00","value":4.5}],"sens":[{"timeAsSeconds":0,"time":"00:00","value":3},{"timeAsSeconds":7200,"time":"02:00","value":3.4}],"carbratio":[{"timeAsSeconds":0,"time":"00:00","value":30}],"timezone":"America\/Cuiaba","target_high":[{"timeAsSeconds":0,"time":"00:00","value":7}],"units":"mmol","iCfg":{"insulinNickname":"","insulinPeakTime":3600000,"concentration":1,"insulinEndTime":32400000,"insulinLabel":"Fake"},"basal":[{"timeAsSeconds":0,"time":"00:00","value":1}]}, originalProfileName=Workout, originalCustomizedName=Workout, originalTimeshift=0, originalPercentage=100, originalDuration=0, originalEnd=0, originalPsId=null, iCfg=NSICfg(insulinLabel=Fake, insulinEndTime=32400000, insulinPeakTime=3600000, concentration=1.0))

NsIncomingDataProcessorTest > processTreatments ignores carbs if preference is disabled() STARTED

NsIncomingDataProcessorTest > processTreatments ignores carbs if preference is disabled() STANDARD_OUT
    DEBUG: : NSCLIENT Received NS treatment: NSCarbs(date=1656358822000, device=null, identifier=carb_id, units=null, srvModified=null, srvCreated=null, utcOffset=null, subject=null, isReadOnly=false, isValid=true, eventType=CARBS_CORRECTION, notes=null, pumpId=null, endId=null, pumpType=null, pumpSerial=null, app=null, carbs=20.0, duration=0)

SmsCommunicatorPluginTest > processExtendedTest() STANDARD_OUT
    DEBUG: : SMS Sending SMS to 1234: Extended bolus 1.00U for 20 min started successfully
    Virtual Pump
    DEBUG: : SMS Sending SMS to 5678: Extended bolus 1.00U for 20 min started successfully
    Virtual Pump

NsIncomingDataProcessorTest > processFood with V3 list data stores it() STARTED

SmsCommunicatorPluginTest > requiredPermissions should include sms permissions() STARTED

NsIncomingDataProcessorTest > processFood with V3 list data stores it() STANDARD_OUT
    DEBUG: : NSCLIENT Received Food Data: [NSFood(date=1656357022000, device=null, identifier=food_id_1, units=null, srvModified=null, srvCreated=null, subject=null, isReadOnly=false, isValid=true, app=null, name=sandwich, category=null, subCategory=null, portion=1.0, carbs=30, fat=null, protein=null, energy=null, unit=piece, gi=null)]

SmsCommunicatorPluginTest > requiredPermissions should include sms permissions() STANDARD_OUT
    DEBUG: : CORE Starting: null

NsIncomingDataProcessorTest > processTreatments ignores invalid effective profile switch() STARTED

SmsCommunicatorPluginTest > requiredPermissions should include sms permissions() STANDARD_OUT
    DEBUG: : SMS Found allowed number: 1234
    DEBUG: : SMS Found allowed number: 5678

NsIncomingDataProcessorTest > processTreatments ignores invalid effective profile switch() STANDARD_OUT
    DEBUG: : NSCLIENT Received NS treatment: NSEffectiveProfileSwitch(date=1656355222000, device=null, identifier=profile_switch_id, units=null, srvModified=null, srvCreated=null, utcOffset=null, subject=null, isReadOnly=false, isValid=true, eventType=PROFILE_SWITCH, notes=Switched to Workout profile, pumpId=null, endId=null, pumpType=null, pumpSerial=null, app=null, profileJson={}, originalProfileName=Workout, originalCustomizedName=Workout, originalTimeshift=0, originalPercentage=100, originalDuration=0, originalEnd=0, originalPsId=null, iCfg=NSICfg(insulinLabel=Fake, insulinEndTime=32400000, insulinPeakTime=3600000, concentration=1.0))

NsIncomingDataProcessorTest > processProfile does not load if preference is disabled() STARTED

NsIncomingDataProcessorTest > processTreatments ignores temp basal if preference is disabled() STARTED

SmsCommunicatorPluginTest > processBolusTest() STARTED

NsIncomingDataProcessorTest > processTreatments ignores temp basal if preference is disabled() STANDARD_OUT
    DEBUG: : NSCLIENT Received NS treatment: NSTemporaryBasal(date=1656356122000, device=null, identifier=basal_id, units=null, srvModified=null, srvCreated=null, utcOffset=null, subject=null, isReadOnly=false, isValid=true, eventType=TEMPORARY_BASAL, notes=null, pumpId=null, endId=null, pumpType=null, pumpSerial=null, app=null, duration=30, rate=0.0, isAbsolute=true, type=NORMAL, percent=0.0, absolute=0.5, extendedEmulated=null)

SmsCommunicatorPluginTest > processBolusTest() STANDARD_OUT
    DEBUG: : CORE Starting: null
    DEBUG: : SMS Found allowed number: 1234
    DEBUG: : SMS Found allowed number: 5678

NsIncomingDataProcessorTest > processTreatments with valid temp target stores it() STARTED

NsIncomingDataProcessorTest > processTreatments with valid temp target stores it() STANDARD_OUT
    DEBUG: : NSCLIENT Received NS treatment: NSTemporaryTarget(date=1656357022000, device=null, identifier=tt_id, units=MG_DL, srvModified=null, srvCreated=null, utcOffset=null, subject=null, isReadOnly=false, isValid=true, eventType=TEMPORARY_TARGET, notes=Exercise TT, pumpId=null, endId=null, pumpType=null, pumpSerial=null, app=null, duration=3600000, targetBottom=140.0, targetTop=140.0, reason=ACTIVITY)

NsIncomingDataProcessorTest > processTreatments ignores invalid profile switch() STARTED

SmsCommunicatorPluginTest > processBolusTest() STANDARD_OUT
    DEBUG: : SMS SMS from 1234: BOLUS
    DEBUG: : SMS Sending SMS to 1234: Remote command is not allowed
    DEBUG: : SMS SMS from 1234: BOLUS
    DEBUG: : SMS Sending SMS to 1234: Wrong format
    DEBUG: : SMS SMS from 1234: BOLUS 1
    DEBUG: : SMS Sending SMS to 1234: Remote bolus not available. Try again later.

NsIncomingDataProcessorTest > processTreatments ignores invalid profile switch() STANDARD_OUT
    DEBUG: : NSCLIENT Received NS treatment: NSProfileSwitch(date=1656355222000, device=null, identifier=profile_switch_id, units=null, srvModified=null, srvCreated=null, utcOffset=null, subject=null, isReadOnly=false, isValid=true, eventType=PROFILE_SWITCH, notes=Switched to Workout profile, pumpId=null, endId=null, pumpType=null, pumpSerial=null, app=null, profileJson={}, profile=Workout, originalProfileName=Workout, timeShift=0, percentage=100, duration=0, originalDuration=0, iCfg=NSICfg(insulinLabel=Fake, insulinEndTime=32400000, insulinPeakTime=3600000, concentration=1.0))

NsIncomingDataProcessorTest > processTreatments ignores temp target if preference is disabled() STARTED

SmsCommunicatorPluginTest > processBolusTest() STANDARD_OUT
    DEBUG: : SMS SMS from 1234: BOLUS 0
    DEBUG: : SMS Sending SMS to 1234: Wrong format
    DEBUG: : SMS SMS from 1234: BOLUS a
    DEBUG: : SMS Sending SMS to 1234: Wrong format
    DEBUG: : SMS SMS from 1234: BOLUS 1

NsIncomingDataProcessorTest > processTreatments ignores temp target if preference is disabled() STANDARD_OUT
    DEBUG: : NSCLIENT Received NS treatment: NSTemporaryTarget(date=1656357022000, device=null, identifier=tt_id, units=MG_DL, srvModified=null, srvCreated=null, utcOffset=null, subject=null, isReadOnly=false, isValid=true, eventType=TEMPORARY_TARGET, notes=null, pumpId=null, endId=null, pumpType=null, pumpSerial=null, app=null, duration=30, targetBottom=150.0, targetTop=150.0, reason=ACTIVITY)

NsIncomingDataProcessorTest > processTreatments with valid effective profile switch stores it() STARTED

SmsCommunicatorPluginTest > processBolusTest() STANDARD_OUT
    DEBUG: : SMS Sending SMS to 1234: To deliver bolus 1.00U reply with code from Authenticator app for: User followed by PIN
    DEBUG: : SMS SMS from 1234: from Authenticator app for: User followed by PIN
    DEBUG: : SMS Processing confirmed SMS: BOLUS 1

NsIncomingDataProcessorTest > processTreatments with valid effective profile switch stores it() STANDARD_OUT
    DEBUG: : NSCLIENT Received NS treatment: NSEffectiveProfileSwitch(date=1656355222000, device=null, identifier=profile_switch_id, units=null, srvModified=null, srvCreated=null, utcOffset=null, subject=null, isReadOnly=false, isValid=true, eventType=PROFILE_SWITCH, notes=Switched to Workout profile, pumpId=null, endId=null, pumpType=null, pumpSerial=null, app=null, profileJson={"target_low":[{"timeAsSeconds":0,"time":"00:00","value":4.5}],"sens":[{"timeAsSeconds":0,"time":"00:00","value":3},{"timeAsSeconds":7200,"time":"02:00","value":3.4}],"carbratio":[{"timeAsSeconds":0,"time":"00:00","value":30}],"timezone":"America\/Cuiaba","target_high":[{"timeAsSeconds":0,"time":"00:00","value":7}],"units":"mmol","iCfg":{"insulinNickname":"","insulinPeakTime":3600000,"concentration":1,"insulinEndTime":32400000,"insulinLabel":"Fake"},"basal":[{"timeAsSeconds":0,"time":"00:00","value":1}]}, originalProfileName=Workout, originalCustomizedName=Workout, originalTimeshift=0, originalPercentage=100, originalDuration=0, originalEnd=0, originalPsId=null, iCfg=NSICfg(insulinLabel=Fake, insulinEndTime=32400000, insulinPeakTime=3600000, concentration=1.0))

SmsCommunicatorPluginTest > processBolusTest() STANDARD_OUT
    DEBUG: : SMS Sending SMS to 1234: Bolus 1.00U delivered successfully
    Virtual Pump
    DEBUG: : SMS Sending SMS to 5678: Bolus 1.00U delivered successfully
    Virtual Pump

NsIncomingDataProcessorTest > processTreatments ignores profile switch if preference is disabled() STARTED

SmsCommunicatorPluginTest > processBolusTest() STANDARD_OUT
    DEBUG: : SMS SMS from 1234: BOLUS 1
    DEBUG: : SMS Sending SMS to 1234: Pump suspended
    DEBUG: : SMS SMS from 1234: BOLUS 1 a
    DEBUG: : SMS Sending SMS to 1234: Wrong format

NsIncomingDataProcessorTest > processTreatments ignores profile switch if preference is disabled() STANDARD_OUT
    DEBUG: : NSCLIENT Received NS treatment: NSProfileSwitch(date=1656355222000, device=null, identifier=profile_switch_id, units=null, srvModified=null, srvCreated=null, utcOffset=null, subject=null, isReadOnly=false, isValid=true, eventType=PROFILE_SWITCH, notes=Switched to Workout profile, pumpId=null, endId=null, pumpType=null, pumpSerial=null, app=null, profileJson={"target_low":[{"timeAsSeconds":0,"time":"00:00","value":4.5}],"sens":[{"timeAsSeconds":0,"time":"00:00","value":3},{"timeAsSeconds":7200,"time":"02:00","value":3.4}],"carbratio":[{"timeAsSeconds":0,"time":"00:00","value":30}],"timezone":"America\/Cuiaba","target_high":[{"timeAsSeconds":0,"time":"00:00","value":7}],"units":"mmol","iCfg":{"insulinNickname":"","insulinPeakTime":3600000,"concentration":1,"insulinEndTime":32400000,"insulinLabel":"Fake"},"basal":[{"timeAsSeconds":0,"time":"00:00","value":1}]}, profile=Workout, originalProfileName=Workout, timeShift=0, percentage=100, duration=0, originalDuration=0, iCfg=NSICfg(insulinLabel=Fake, insulinEndTime=32400000, insulinPeakTime=3600000, concentration=1.0))

SmsCommunicatorPluginTest > processBolusTest() STANDARD_OUT
    DEBUG: : SMS SMS from 1234: BOLUS 1 MEAL

CarbsExtensionKtTest > toCarbs() STARTED

SmsCommunicatorPluginTest > processBolusTest() STANDARD_OUT
    DEBUG: : SMS Sending SMS to 1234: To deliver meal bolus 1.00U reply with code from Authenticator app for: User followed by PIN.
    DEBUG: : SMS SMS from 1234: from Authenticator app for: User followed by PIN
    DEBUG: : SMS Processing confirmed SMS: BOLUS 1 MEAL

GarminSimulatorClientTest > receiveMessage() STANDARD_OUT
    INFO: GARMIN D[Sim@/127.0.0.1:51558/1] read -1 bytes
    INFO: GARMIN disconnect Sim@/127.0.0.1:51558

SmsCommunicatorPluginTest > processBolusTest() STANDARD_OUT
    DEBUG: : SMS Sending SMS to 1234: Meal Bolus 1.00U delivered successfully
    Virtual Pump
    Target 5.0 for 45 minutes
    DEBUG: : SMS Sending SMS to 5678: Meal Bolus 1.00U delivered successfully
    Virtual Pump
    Target 5.0 for 45 minutes

SmsCommunicatorPluginTest > processCarbsTest() STARTED

GarminSimulatorClientTest > sendMessage() STARTED

SmsCommunicatorPluginTest > processCarbsTest() STANDARD_OUT
    DEBUG: : CORE Starting: null
    DEBUG: : SMS Found allowed number: 1234
    DEBUG: : SMS Found allowed number: 5678
    DEBUG: : SMS SMS from 1234: CARBS
    DEBUG: : SMS Sending SMS to 1234: Remote command is not allowed
    DEBUG: : SMS SMS from 1234: CARBS
    DEBUG: : SMS Sending SMS to 1234: Wrong format
    DEBUG: : SMS SMS from 1234: CARBS 0
    DEBUG: : SMS Sending SMS to 1234: Wrong format
    DEBUG: : SMS SMS from 1234: CARBS 1
    DEBUG: : SMS Sending SMS to 1234: To enter 1g at 03:01AM reply with code from Authenticator app for: User followed by PIN
    DEBUG: : SMS SMS from 1234: from Authenticator app for: User followed by PIN
    DEBUG: : SMS Processing confirmed SMS: CARBS 1
    DEBUG: : SMS Sending SMS to 1234: Carbs 1g entered successfully
    Virtual Pump
    DEBUG: : SMS Sending SMS to 5678: Carbs 1g entered successfully
    Virtual Pump
    DEBUG: : SMS SMS from 1234: CARBS 1 a
    DEBUG: : SMS Sending SMS to 1234: Wrong format
    DEBUG: : SMS SMS from 1234: CARBS 1 00
    DEBUG: : SMS Sending SMS to 1234: Wrong format
    DEBUG: : SMS SMS from 1234: CARBS 1 12:01

ProfileSwitchExtensionKtTest > toProfileSwitch() STARTED

GarminSimulatorClientTest > sendMessage() STANDARD_OUT
    INFO: GARMIN bind to /127.0.0.1:0

GarminPluginTest > testOnGetBloodGlucose_Wait() STANDARD_OUT
    INFO: GARMIN average heart rate 99 BPM 1970-01-01T00:16:41Z to 1970-01-01T00:33:21Z
    DEBUG: : GARMIN waiting for new glucose (delay=PT5M30S)

LoadBgWorkerTest > testThereAreNewerDataFirstLoadEmptyReturn() STARTED

GarminSimulatorClientTest > sendMessage() STANDARD_OUT
    INFO: GARMIN accept /127.0.0.1:51562
    INFO: GARMIN sending 3 bytes to D[Sim@/127.0.0.1:51562/1]

SmsCommunicatorPluginTest > processCarbsTest() STANDARD_OUT
    DEBUG: : SMS Sending SMS to 1234: To enter 1g at 12:01PM reply with code from Authenticator app for: User followed by PIN
    DEBUG: : SMS SMS from 1234: from Authenticator app for: User followed by PIN
    DEBUG: : SMS Processing confirmed SMS: CARBS 1 12:01
    DEBUG: : SMS Sending SMS to 1234: Carbs 1g entered successfully
    Virtual Pump
    DEBUG: : SMS Sending SMS to 5678: Carbs 1g entered successfully
    Virtual Pump
    DEBUG: : SMS SMS from 1234: CARBS 1 3:01AM
    DEBUG: : SMS Sending SMS to 1234: To enter 1g at 03:01AM reply with code from Authenticator app for: User followed by PIN
    DEBUG: : SMS SMS from 1234: from Authenticator app for: User followed by PIN
    DEBUG: : SMS Processing confirmed SMS: CARBS 1 3:01AM
    DEBUG: : SMS Sending SMS to 1234: Carbs 1g entered successfully
    Virtual Pump
    DEBUG: : SMS Sending SMS to 5678: Carbs 1g entered successfully
    Virtual Pump

GarminPluginTest > requestHandler_KeyRequiredAndProvided() STARTED

SmsCommunicatorPluginTest > processSettingsTest() STARTED

SmsCommunicatorPluginTest > processSettingsTest() STANDARD_OUT
    DEBUG: : CORE Starting: null
    DEBUG: : SMS Found allowed number: 1234
    DEBUG: : SMS Found allowed number: 5678

SmsCommunicatorPluginTest > processCalTest() STARTED

SmsCommunicatorPluginTest > processCalTest() STANDARD_OUT
    DEBUG: : CORE Starting: null
    DEBUG: : SMS Found allowed number: 1234
    DEBUG: : SMS Found allowed number: 5678

GarminPluginTest > requestHandler_KeyRequiredAndProvided() STANDARD_OUT
    INFO: GARMIN get from Mock for SocketAddress, hashCode: 1256775177 resp , req: http://foo?key=foo
    INFO: GARMIN get from Mock for SocketAddress, hashCode: 1256775177 resp , req: http://foo?key=foo, result: OK

GarminPluginTest > testOnConnectPump_Disconnect() STARTED

SmsCommunicatorPluginTest > processCalTest() STANDARD_OUT
    DEBUG: : SMS SMS from 1234: CAL
    DEBUG: : SMS Sending SMS to 1234: Remote command is not allowed
    DEBUG: : SMS SMS from 1234: CAL
    DEBUG: : SMS Sending SMS to 1234: Wrong format
    DEBUG: : SMS SMS from 1234: CAL 0
    DEBUG: : SMS Sending SMS to 1234: Wrong format
    DEBUG: : SMS SMS from 1234: CAL 1

GarminPluginTest > requestHandler_NoKey() STARTED

SmsCommunicatorPluginTest > processCalTest() STANDARD_OUT
    DEBUG: : SMS Sending SMS to 1234: To send calibration 1.00 reply with code from Authenticator app for: User followed by PIN
    DEBUG: : SMS SMS from 1234: from Authenticator app for: User followed by PIN
    DEBUG: : SMS Processing confirmed SMS: CAL 1
    DEBUG: : SMS Sending SMS to 1234: Calibration sent. Receiving must be enabled in xDrip.
    DEBUG: : SMS Sending SMS to 5678: Calibration sent. Receiving must be enabled in xDrip.

SmsCommunicatorPluginTest > isCommandTest() STARTED

GarminPluginTest > requestHandler_NoKey() STANDARD_OUT
    INFO: GARMIN get from Mock for SocketAddress, hashCode: 101392412 resp , req: http://foo?
    INFO: GARMIN get from Mock for SocketAddress, hashCode: 101392412 resp , req: http://foo?, result: OK

GarminPluginTest > testGetGlucoseValues_NoLast() STARTED

SmsCommunicatorPluginTest > isCommandTest() STANDARD_OUT
    DEBUG: : CORE Starting: null
    DEBUG: : SMS Found allowed number: 1234
    DEBUG: : SMS Found allowed number: 5678

LoadProfileStoreWorkerTest > first load uses getLastProfileStore() STARTED

GarminPluginTest > onConnectDevice() STARTED

SmsCommunicatorPluginTest > isCommandTest() STANDARD_OUT
    DEBUG: : SMS Sending SMS to 1234: RequestText

SmsCommunicatorPluginTest > sendNotificationToAllNumbers() STARTED

SmsCommunicatorPluginTest > sendNotificationToAllNumbers() STANDARD_OUT
    DEBUG: : CORE Starting: null
    DEBUG: : SMS Found allowed number: 1234
    DEBUG: : SMS Found allowed number: 5678
    DEBUG: : SMS Sending SMS to 1234: abc
    DEBUG: : SMS Sending SMS to 5678: abc

SmsCommunicatorPluginTest > processSmsTest() STARTED

SmsCommunicatorPluginTest > processSmsTest() STANDARD_OUT
    DEBUG: : CORE Starting: null
    DEBUG: : SMS Found allowed number: 1234
    DEBUG: : SMS Found allowed number: 5678
    DEBUG: : SMS Ignoring SMS from: 12. Sender not allowed
    DEBUG: : SMS SMS from 1234: UNKNOWN
    DEBUG: : SMS SMS from 1234: BG
    DEBUG: : GLUCOSE sizeRecords==0
    DEBUG: : SMS Sending SMS to 1234: Last BG: 100.0 -25246115min ago, IOB: 0.00U, COB: 10(2)g
    DEBUG: : SMS SMS from 1234: LOOP STATUS
    DEBUG: : SMS Sending SMS to 1234: Remote command is not allowed
    DEBUG: : SMS SMS from 1234: LOOP STATUS

LoadBgWorkerTest > testLoadEnabledWhenAcceptCgmDataIsTrue() STARTED

SmsCommunicatorPluginTest > processSmsTest() STANDARD_OUT
    DEBUG: : SMS Sending SMS to 1234: Loop is disabled

GarminPluginTest > onConnectDevice() STANDARD_OUT
    INFO: GARMIN onConnectDevice D[Edge/1] sending glucose

SmsCommunicatorPluginTest > processSmsTest() STANDARD_OUT
    DEBUG: : SMS SMS from 1234: LOOP STATUS
    DEBUG: : SMS Sending SMS to 1234: Suspended (10 m)

GarminPluginTest > requestHandler_KeyProvided() STARTED

SmsCommunicatorPluginTest > processSmsTest() STANDARD_OUT
    DEBUG: : SMS SMS from 1234: LOOP STATUS
    DEBUG: : SMS Sending SMS to 1234: Loop is enabled - Closed Loop
    DEBUG: : SMS SMS from 1234: LOOP STATUS
    DEBUG: : SMS Sending SMS to 1234: Loop is enabled - Open Loop
    DEBUG: : SMS SMS from 1234: LOOP STATUS

GarminPluginTest > requestHandler_KeyProvided() STANDARD_OUT
    INFO: GARMIN get from Mock for SocketAddress, hashCode: 1674105818 resp , req: http://foo?key=foo
    INFO: GARMIN get from Mock for SocketAddress, hashCode: 1674105818 resp , req: http://foo?key=foo, result: OK

GarminPluginTest > testReceiveHeartRate_UriTestIsTrue() STARTED

SmsCommunicatorPluginTest > processSmsTest() STANDARD_OUT
    DEBUG: : SMS Sending SMS to 1234: Loop is enabled - Low Glucose Suspend

Gradle Test Executor 122 STANDARD_OUT
    INFO: GARMIN D[Sim@/127.0.0.1:51562/1] reading
    INFO: GARMIN D[Sim@/127.0.0.1:51562/1] read -1 bytes
    INFO: GARMIN disconnect Sim@/127.0.0.1:51562

SmsCommunicatorPluginTest > processSmsTest() STANDARD_OUT
    DEBUG: : SMS SMS from 1234: LOOP
    DEBUG: : SMS Sending SMS to 1234: Wrong format

GarminPluginTest > testReceiveHeartRate_UriTestIsTrue() STANDARD_OUT
    INFO: GARMIN average heart rate 99 BPM 1970-01-01T00:16:41Z to 1970-01-01T00:33:21Z

SmsCommunicatorPluginTest > processSmsTest() STANDARD_OUT
    DEBUG: : SMS SMS from 1234: LOOP RESUME

GarminPluginTest > requestHandler_KeyRequired() STARTED

LoadBgWorkerTest > testStoreGlucoseValuesToDbIsCalled() STARTED

SmsCommunicatorPluginTest > processSmsTest() STANDARD_OUT
    DEBUG: : SMS Sending SMS to 1234: To resume loop reply with code from Authenticator app for: User followed by PIN
    DEBUG: : SMS SMS from 1234: LOOP RESUME
    DEBUG: : SMS Sending SMS to 1234: Remote command is not possible
    DEBUG: : SMS SMS from 1234: from Authenticator app for: User followed by PIN
    DEBUG: : SMS Processing confirmed SMS: LOOP RESUME
    DEBUG: : SMS Sending SMS to 1234: Loop resumed
    DEBUG: : SMS Sending SMS to 5678: Loop resumed
    DEBUG: : SMS SMS from 1234: LOOP SUSPEND 1 2
    DEBUG: : SMS Sending SMS to 1234: Wrong format
    DEBUG: : SMS SMS from 1234: LOOP SUSPEND 0
    DEBUG: : SMS Sending SMS to 1234: Wrong duration
    DEBUG: : SMS SMS from 1234: LOOP SUSPEND 100

StoreDataForDbImplTest > updateNsIds calls persistenceLayer for boluses() STARTED

LoadBgWorkerTest > notInitializedAndroidClient() STARTED

SmsCommunicatorPluginTest > processSmsTest() STANDARD_OUT
    DEBUG: : SMS Sending SMS to 1234: To suspend loop for 100 minutes reply with code from Authenticator app for: User followed by PIN
    DEBUG: : SMS SMS from 1234: from Authenticator app for: User followed by PIN
    DEBUG: : SMS Processing confirmed SMS: LOOP SUSPEND 100
    DEBUG: : SMS Sending SMS to 1234: Loop suspended Temp basal canceled
    DEBUG: : SMS Sending SMS to 5678: Loop suspended Temp basal canceled
    DEBUG: : SMS SMS from 1234: LOOP SUSPEND 200

GarminPluginTest > requestHandler_KeyRequired() STANDARD_OUT
    WARN: GARMIN Invalid AAPS Key from Mock for SocketAddress, hashCode: 1041229455, got 'null' want 'foo' http://foo?

LoadBgWorkerTest > testSuccessfulLoadClearsLastOperationError() STARTED

SmsCommunicatorPluginTest > processSmsTest() STANDARD_OUT
    DEBUG: : SMS Sending SMS to 1234: To suspend loop for 180 minutes reply with code from Authenticator app for: User followed by PIN
    DEBUG: : SMS SMS from 5678: from Authenticator app for: User followed by PIN
    DEBUG: : SMS SMS from 1234: XXXX
    DEBUG: : SMS Wrong code
    DEBUG: : SMS Sending SMS to 1234: Wrong code. Command cancelled.
    DEBUG: : SMS SMS from 1234: from Authenticator app for: User followed by PIN
    DEBUG: : SMS SMS from 1234: LOOP SUSPEND 200
    DEBUG: : SMS Sending SMS to 1234: Remote command is not possible
    DEBUG: : SMS SMS from 1234: LOOP BLABLA
    DEBUG: : SMS Sending SMS to 1234: Wrong format
    DEBUG: : SMS SMS from 1234: LOOP CLOSED

LoadBgWorkerTest > testLoadEnabledDuringFullSync() STARTED

SmsCommunicatorPluginTest > processSmsTest() STANDARD_OUT
    DEBUG: : SMS Sending SMS to 1234: In order to switch Loop mode to Closed loop reply with code from Authenticator app for: User followed by PIN
    DEBUG: : SMS SMS from 1234: from Authenticator app for: User followed by PIN
    DEBUG: : SMS Processing confirmed SMS: LOOP CLOSED
    DEBUG: : SMS Sending SMS to 1234: Current loop mode: Closed Loop
    DEBUG: : SMS Sending SMS to 5678: Current loop mode: Closed Loop
    DEBUG: : SMS SMS from 1234: LOOP CLOSED
    DEBUG: : SMS Sending SMS to 1234: Remote command is not possible
    DEBUG: : SMS SMS from 1234: LOOP LGS

LoadBgWorkerTest > testSubsequentLoadWithData() STARTED

SmsCommunicatorPluginTest > processSmsTest() STANDARD_OUT
    DEBUG: : SMS Sending SMS to 1234: In order to switch Loop mode to LGS (Low Glucose Suspend) reply with code from Authenticator app for: User followed by PIN
    DEBUG: : SMS SMS from 1234: from Authenticator app for: User followed by PIN
    DEBUG: : SMS Processing confirmed SMS: LOOP LGS
    DEBUG: : SMS Sending SMS to 1234: Current loop mode: Low Glucose Suspend
    DEBUG: : SMS Sending SMS to 5678: Current loop mode: Low Glucose Suspend
    DEBUG: : SMS SMS from 1234: LOOP LGS

LoadBgWorkerTest > testSubsequentLoadWithData() STANDARD_OUT
    DEBUG: : NSCLIENT lastLoadedSrvModified: 1656358821000

SmsCommunicatorPluginTest > processSmsTest() STANDARD_OUT
    DEBUG: : SMS Sending SMS to 1234: Remote command is not possible

LoadBgWorkerTest > testSubsequentLoadWithData() STANDARD_OUT
    DEBUG: : NSCLIENT SGVS: [NSSgvV3(date=10000, device=AAPS-DexcomG6, identifier=nightscoutId, srvModified=null, srvCreated=null, utcOffset=-240, subject=null, isReadOnly=false, isValid=true, sgv=99.0, units=MG_DL, direction=DOUBLE_UP, noise=1.0, filtered=101.0, unfiltered=0.0)]

SmsCommunicatorPluginTest > processSmsTest() STANDARD_OUT
    DEBUG: : SMS SMS from 1234: AAPSCLIENT RESTART
    DEBUG: : EVENTS Sending EventNSClientRestart[]

LoadBgWorkerTest > testErrorHandling() STARTED

SmsCommunicatorPluginTest > processSmsTest() STANDARD_OUT
    DEBUG: : SMS Sending SMS to 1234: AAPSCLIENT RESTART SENT
    DEBUG: : SMS SMS from 1234: AAPSCLIENT BLA BLA
    DEBUG: : SMS Sending SMS to 1234: Wrong format
    DEBUG: : SMS SMS from 1234: AAPSCLIENT BLABLA
    DEBUG: : SMS Sending SMS to 1234: Wrong format
    DEBUG: : SMS SMS from 1234: PUMP
    DEBUG: : SMS Sending SMS to 1234: Virtual Pump
    DEBUG: : SMS SMS from 1234: PUMP CONNECT 1 2
    DEBUG: : SMS Sending SMS to 1234: Wrong format
    DEBUG: : SMS SMS from 1234: PUMP BLABLA
    DEBUG: : SMS Sending SMS to 1234: Wrong format
    DEBUG: : SMS SMS from 1234: PUMP CONNECT

LoadBgWorkerTest > testErrorHandling() STANDARD_OUT
    ERROR: Error:  java.lang.RuntimeException: Network error

LoadBgWorkerTest > testThereAreNewerDataFirstLoadListReturn() STARTED

SmsCommunicatorPluginTest > processSmsTest() STANDARD_OUT
    DEBUG: : SMS Sending SMS to 1234: To connect pump reply with code from Authenticator app for: User followed by PIN
    DEBUG: : SMS SMS from 1234: from Authenticator app for: User followed by PIN
    DEBUG: : SMS Processing confirmed SMS: PUMP CONNECT
    DEBUG: : SMS Sending SMS to 1234: Pump reconnected
    DEBUG: : SMS SMS from 1234: PUMP DISCONNECT 1 2
    DEBUG: : SMS Sending SMS to 1234: Wrong format
    DEBUG: : SMS SMS from 1234: PUMP DISCONNECT 0
    DEBUG: : SMS Sending SMS to 1234: Wrong duration
    DEBUG: : SMS SMS from 1234: PUMP DISCONNECT 30

LoadBgWorkerTest > testSubsequentLoadWithEmptyReturn() STARTED

SmsCommunicatorPluginTest > processSmsTest() STANDARD_OUT
    DEBUG: : SMS Sending SMS to 1234: To disconnect pump for 30 minutes reply with code from Authenticator app for: User followed by PIN
    DEBUG: : SMS SMS from 1234: from Authenticator app for: User followed by PIN
    DEBUG: : SMS Processing confirmed SMS: PUMP DISCONNECT 30
    DEBUG: : SMS Sending SMS to 1234: Pump disconnected
    DEBUG: : SMS SMS from 1234: PUMP DISCONNECT 200
    DEBUG: : SMS Sending SMS to 1234: To disconnect pump for 120 minutes reply with code from Authenticator app for: User followed by PIN
    DEBUG: : SMS SMS from 1234: from Authenticator app for: User followed by PIN
    DEBUG: : SMS Processing confirmed SMS: PUMP DISCONNECT 200
    DEBUG: : SMS Sending SMS to 1234: Pump disconnected
    DEBUG: : SMS SMS from 1234: RESTART
    DEBUG: : SMS Sending SMS to 1234: To restart AAPS reply with code from Authenticator app for: User followed by PIN
    DEBUG: : SMS SMS from 1234: from Authenticator app for: User followed by PIN
    DEBUG: : SMS Processing confirmed SMS: RESTART
    DEBUG: : SMS Sending SMS to 1234: AAPS is restarting
    DEBUG: : SMS SMS from 1234: RESTART
    DEBUG: : SMS Sending SMS to 1234: To restart AAPS reply with code from Authenticator app for: User followed by PIN
    DEBUG: : SMS SMS from 1234: WRONG_CODE
    DEBUG: : SMS Wrong code
    DEBUG: : SMS Sending SMS to 1234: Wrong code. Command cancelled.
    DEBUG: : SMS SMS from 1234: HELP
    DEBUG: : SMS Sending SMS to 1234: BG, LOOP, AAPSCLIENT, PUMP, BASAL, BOLUS, EXTENDED, CAL, PROFILE, TARGET, SMS, CARBS, HELP, RESTART
    DEBUG: : SMS SMS from 1234: HELP PUMP
    DEBUG: : SMS Sending SMS to 1234: PUMP
    PUMP CONNECT
    PUMP DISCONNECT 30

    DEBUG: : SMS SMS from 1234: SMS
    DEBUG: : SMS Sending SMS to 1234: Wrong format
    DEBUG: : SMS SMS from 1234: SMS DISABLE
    DEBUG: : SMS Sending SMS to 1234: To disable the SMS Remote Service reply with code from Authenticator app for: User followed by PIN.\n\nKeep in mind that you\'ll able to reactivate it directly from the AAPS master smartphone only.
    DEBUG: : SMS SMS from 1234: from Authenticator app for: User followed by PIN
    DEBUG: : SMS Processing confirmed SMS: SMS DISABLE
    DEBUG: : SMS Sending SMS to 1234: SMS Remote Service stopped. To reactivate it, use AAPS on master smartphone.
    DEBUG: : SMS Sending SMS to 5678: SMS Remote Service stopped. To reactivate it, use AAPS on master smartphone.

LoadBgWorkerTest > testSubsequentLoadWithEmptyReturn() STANDARD_OUT
    DEBUG: : NSCLIENT lastLoadedSrvModified: 1656358821000
    DEBUG: : NSCLIENT SGVS: []

LoadBgWorkerTest > testNoLoadNeeded() STARTED

SmsCommunicatorPluginTest > processSmsTest() STANDARD_OUT
    DEBUG: : SMS SMS from 1234: TARGET
    DEBUG: : SMS Sending SMS to 1234: Wrong format
    DEBUG: : SMS SMS from 1234: TARGET MEAL
    DEBUG: : SMS Sending SMS to 1234: To set the Temp Target MEAL reply with code from Authenticator app for: User followed by PIN
    DEBUG: : SMS SMS from 1234: from Authenticator app for: User followed by PIN
    DEBUG: : SMS Processing confirmed SMS: TARGET MEAL
    DEBUG: : SMS Sending SMS to 1234: Target 90 for 45 minutes set successfully
    DEBUG: : SMS Sending SMS to 5678: Target 90 for 45 minutes set successfully
    DEBUG: : SMS SMS from 1234: TARGET STOP
    DEBUG: : SMS Sending SMS to 1234: To cancel Temp Target reply with code from Authenticator app for: User followed by PIN
    DEBUG: : SMS SMS from 1234: from Authenticator app for: User followed by PIN
    DEBUG: : SMS Processing confirmed SMS: TARGET STOP
    DEBUG: : SMS Sending SMS to 1234: Temp Target canceled successfully
    DEBUG: : SMS Sending SMS to 5678: Temp Target canceled successfully

TizenPluginTest > prepareDataTestAPS() STARTED

LoadBgWorkerTest > notEnabledNSClientSource() STARTED

GarminPluginTest > onSgv() STARTED

GarminPluginTest > onSgv() STANDARD_OUT
    INFO: GARMIN average heart rate 0 BPM 1970-01-01T00:00:00Z to 1970-01-01T00:00:00Z
    INFO: GARMIN average heart rate 0 BPM 1970-01-01T00:00:00Z to 1970-01-01T00:00:00Z
    INFO: GARMIN average heart rate 0 BPM 1970-01-01T00:00:00Z to 1970-01-01T00:00:00Z

GarminPluginTest > testOnConnectPump_Connect() STARTED

GarminPluginTest > onSgv_NoDelta() STARTED

GarminPluginTest > onSgv_NoDelta() STANDARD_OUT
    INFO: GARMIN average heart rate 0 BPM 1970-01-01T00:00:00Z to 1970-01-01T00:00:00Z

GarminPluginTest > testReceiveHeartRateMap() STARTED

GarminPluginTest > testReceiveHeartRateMap() STANDARD_OUT
    INFO: GARMIN average heart rate 80 BPM 1970-01-01T00:16:41Z to 1970-01-01T00:33:21Z

GarminPluginTest > testReceiveHeartRateUri() STARTED

GarminPluginTest > testReceiveHeartRateUri() STANDARD_OUT
    INFO: GARMIN average heart rate 99 BPM 1970-01-01T00:16:41Z to 1970-01-01T00:33:21Z

GarminPluginTest > setupHttpServer_enabled() STARTED

GarminPluginTest > setupHttpServer_enabled() STANDARD_OUT
    INFO: GARMIN starting HTTP server on 28892
    INFO: GARMIN Register: '/get'
    INFO: GARMIN Register: '/carbs'
    INFO: GARMIN Register: '/connect'
    INFO: GARMIN Register: '/sgv.json'

LoadTreatmentsWorkerTest > subsequent load with data updates lastLoadedSrvModified() STARTED

LoadTreatmentsWorkerTest > subsequent load with data updates lastLoadedSrvModified() STANDARD_OUT
    DEBUG: : NSCLIENT lastLoadedSrvModified: 1656358821000
    DEBUG: : NSCLIENT TREATMENTS: [NSCarbs(date=10000, device=null, identifier=nightscoutId, units=null, srvModified=null, srvCreated=null, utcOffset=-240, subject=null, isReadOnly=false, isValid=true, eventType=MEAL_BOLUS, notes=null, pumpId=null, endId=null, pumpType=null, pumpSerial=null, app=null, carbs=20.0, duration=null)]

LoadTreatmentsWorkerTest > successful load clears lastOperationError() STARTED

GarminPluginTest > setupHttpServer_enabled() STANDARD_OUT
    INFO: GARMIN accept connections on /127.0.0.1:28892

LoadTreatmentsWorkerTest > subsequent load uses getTreatmentsModifiedSince() STARTED

GarminPluginTest > setupHttpServer_enabled() STANDARD_OUT
    INFO: GARMIN accept /127.0.0.1:52534
    INFO: GARMIN get from /127.0.0.1:52534 resp , req: /get
    INFO: GARMIN average heart rate 0 BPM 1970-01-01T00:00:00Z to 1970-01-01T00:00:00Z
    INFO: GARMIN get from /127.0.0.1:52534 resp , req: /get, result: {"encodedGlucose":"","remainingInsulin":0.0,"remainingBasalInsulin":0.0,"glucoseUnit":"mmoll","temporaryBasalRate":0.0,"profile":"D","connected":false}
    INFO: GARMIN starting HTTP server on 28893
    ERROR: Server crashed java.net.SocketException: Socket closed
    INFO: GARMIN Register: '/get'
    INFO: GARMIN Register: '/carbs'
    INFO: GARMIN Register: '/connect'
    INFO: GARMIN Register: '/sgv.json'
    INFO: GARMIN accept connections on /127.0.0.1:28893
    INFO: GARMIN accept /127.0.0.1:52535
    INFO: GARMIN get from /127.0.0.1:52535 resp , req: /get
    INFO: GARMIN average heart rate 0 BPM 1970-01-01T00:00:00Z to 1970-01-01T00:00:00Z
    INFO: GARMIN get from /127.0.0.1:52535 resp , req: /get, result: {"encodedGlucose":"","remainingInsulin":0.0,"remainingBasalInsulin":0.0,"glucoseUnit":"mmoll","temporaryBasalRate":0.0,"profile":"D","connected":false}
    INFO: GARMIN stopping HTTP server
    ERROR: Server crashed java.net.SocketException: Socket closed

LoadTreatmentsWorkerTest > subsequent load uses getTreatmentsModifiedSince() STANDARD_OUT
    DEBUG: : NSCLIENT lastLoadedSrvModified: 1656358821000
    DEBUG: : NSCLIENT TREATMENTS: []

GarminPluginTest > setupHttpServer_enabled() STANDARD_OUT
    INFO: GARMIN Stop

LoadTreatmentsWorkerTest > first load with data returns success() STARTED

GarminPluginTest > setupHttpServer_disabled() STARTED

GarminPluginTest > testOnPostCarbs() STARTED

GarminPluginTest > testGetGlucoseValues_NoNewLast() STARTED

LoadTreatmentsWorkerTest > subsequent load with empty return ends loading() STARTED

GarminPluginTest > testGetGlucoseValues_NoNewLast() STANDARD_OUT
    INFO: GARMIN onNewBloodGlucose Wed Dec 31 20:00:10 BOT 1969

GarminPluginTest > onSgv_NoGlucose() STARTED

LoadTreatmentsWorkerTest > subsequent load with empty return ends loading() STANDARD_OUT
    DEBUG: : NSCLIENT lastLoadedSrvModified: 1656358821000
    DEBUG: : NSCLIENT TREATMENTS: []

LoadTreatmentsWorkerTest > storeTreatmentsToDb is called with fullSync flag during full sync() STARTED

GarminPluginTest > onSgv_NoGlucose() STANDARD_OUT
    INFO: GARMIN average heart rate 0 BPM 1970-01-01T00:00:00Z to 1970-01-01T00:00:00Z

GarminPluginTest > testOnGetBloodGlucose() STARTED

LoadTreatmentsWorkerTest > no load needed when server has no newer data() STARTED

GarminPluginTest > testOnGetBloodGlucose() STANDARD_OUT
    INFO: GARMIN average heart rate 99 BPM 1970-01-01T00:16:41Z to 1970-01-01T00:33:21Z

NSSgvTest > returns null for properties with incorrect data types() STARTED

NSSgvTest > parses all fields from a complete and valid JSON object() STARTED

LoadTreatmentsWorkerTest > storeTreatmentsToDb is called at the end() STARTED

TizenPluginTest > prepareDataTestAAPSClient() STARTED

NSSgvTest > returns null for properties that are explicitly set to JSON null() STARTED

NSSgvTest > returns null for all properties when JSON object is empty() STARTED

NSSgvTest > handles JSON with only a subset of fields() STARTED

ReceiverDelegateTest > testCalculateStatusChargingState() STARTED

LoadProfileStoreWorkerTest > first load uses getLastProfileStore() STANDARD_OUT
    DEBUG: : NSCLIENT lastLoadedSrvModified: 1656358821000

LoadTreatmentsWorkerTest > error handling returns failure and sets lastOperationError() STARTED

LoadProfileStoreWorkerTest > first load uses getLastProfileStore() STANDARD_OUT
    DEBUG: : NSCLIENT PROFILE: {"srvModified":1656358821000,"defaultProfile":"Default","store":{}}

LoadTreatmentsWorkerTest > error handling returns failure and sets lastOperationError() STANDARD_OUT
    ERROR: Error:  java.lang.RuntimeException: Network error

LoadTreatmentsWorkerTest > notInitializedAndroidClient returns failure() STARTED

LoadProfileStoreWorkerTest > processes only last profile when multiple returned() STARTED

LoadTreatmentsWorkerTest > 304 response stops loading() STARTED

LoadTreatmentsWorkerTest > 304 response stops loading() STANDARD_OUT
    DEBUG: : NSCLIENT lastLoadedSrvModified: 1656358821000
    DEBUG: : NSCLIENT TREATMENTS: [NSCarbs(date=10000, device=null, identifier=nightscoutId, units=null, srvModified=null, srvCreated=null, utcOffset=-240, subject=null, isReadOnly=false, isValid=true, eventType=MEAL_BOLUS, notes=null, pumpId=null, endId=null, pumpType=null, pumpSerial=null, app=null, carbs=20.0, duration=null)]

LoadTreatmentsWorkerTest > first load uses getTreatmentsNewerThan() STARTED

LoadTreatmentsWorkerTest > first load uses getTreatmentsNewerThan() STANDARD_OUT
    DEBUG: : NSCLIENT TREATMENTS: []

LoadProfileStoreWorkerTest > processes only last profile when multiple returned() STANDARD_OUT
    DEBUG: : NSCLIENT lastLoadedSrvModified: 1656358821500
    DEBUG: : NSCLIENT PROFILE: {"srvModified":1656358821500,"defaultProfile":"Profile2","store":{}}

LoadTreatmentsWorkerTest > first load with empty return updates lastLoadedSrvModified() STARTED

LoadProfileStoreWorkerTest > updates lastLoadedSrvModified from created_at when srvModified not available() STARTED

SmsActionTest > runIsInvokedAndPumpCommandFlagIsExposed() STARTED

LoadProfileStoreWorkerTest > updates lastLoadedSrvModified from created_at when srvModified not available() STANDARD_OUT
    DEBUG: : NSCLIENT lastLoadedSrvModified: null
    DEBUG: : NSCLIENT PROFILE: {"created_at":"2022-06-27T19:40:21.700Z","defaultProfile":"Default","store":{}}

TidepoolViewModelTest > connectionStatus flow updates uiState with status name() STARTED

LoadProfileStoreWorkerTest > handles empty profile list() STARTED

LoadProfileStoreWorkerTest > error handling returns failure() STARTED

TidepoolViewModelTest > initial state reflects NONE status() STARTED

TidepoolViewModelTest > logList flow updates uiState() STARTED

TidepoolViewModelTest > loadInitialData delegates to repository with authFlowOut connectionStatus() STARTED

> Task :pump:omnipod:common:processFullDebugUnitTestManifest

> Task :pump:rileylink:testFullDebugUnitTest

RFSpyTest > testGetFirmwareVersion() STARTED

SetPreambleTest > realistic scenario - typical preamble extension() STARTED

SetPreambleTest > constructor throws NotImplementedException for firmware v1() STARTED

SetPreambleTest > getRaw returns correct format for large preamble value() STARTED

SetPreambleTest > boundary value - one below minimum invalid() STARTED

SetPreambleTest > boundary value - exactly at maximum() STARTED

SetPreambleTest > getRaw returns correct format for zero preamble() STARTED

SetPreambleTest > getRaw with firmware v2_0() STARTED

SetPreambleTest > getRaw with firmware v2_2() STARTED

SetPreambleTest > constructor throws IllegalArgumentException for negative preamble() STARTED

SetPreambleTest > getRaw returns correct format for medium preamble value() STARTED

SetPreambleTest > getCommandType returns SetPreamble() STARTED

SetPreambleTest > constructor accepts preamble value 0() STARTED

SetPreambleTest > getRaw with firmware v3() STARTED

SetPreambleTest > getRaw returns correct format for maximum preamble value() STARTED

SetPreambleTest > preamble value 257 encodes correctly() STARTED

SetPreambleTest > works with all v2 and higher firmware versions() STARTED

SetPreambleTest > boundary value - one above maximum invalid() STARTED

SetPreambleTest > getRaw returns correct format for small preamble value() STARTED

SetPreambleTest > constructor throws IllegalArgumentException for preamble greater than 0xFFFF() STARTED

SetPreambleTest > constructor accepts preamble value 0xFFFF() STARTED

SetPreambleTest > preamble value 256 encodes correctly() STARTED

SetPreambleTest > realistic scenario - disable preamble extension() STARTED

RadioResponseTest > getPayload returns empty array initially() STARTED

RadioResponseTest > init with empty payload() STARTED

RadioResponseTest > init with null data does nothing() STARTED

RadioResponseTest > init with FourByteSixByteRileyLink returns raw payload() STARTED

RadioResponseTest > init with too short data does nothing() STARTED

RadioResponseTest > with sets command correctly() STARTED

RadioResponseTest > init with FourByteSixByteLocal decodes payload() STARTED

RadioResponseTest > isValid returns false when decoding fails() STARTED

RadioResponseTest > init with firmware v1 parses rssi correctly() STARTED

RadioResponseTest > init handles negative byte values correctly() STARTED

RadioResponseTest > isValid returns true for non-SendAndListen command() STARTED

RadioResponseTest > init with Manchester encoding returns payload correctly() STARTED

RadioResponseTest > init with firmware v2 parses rssi correctly() STARTED

RadioResponseTest > isValid returns true when CRC matches() STARTED

CRCTest > crc8 is deterministic() STARTED

CRCTest > crc8 realistic pump message scenario() STARTED

CRCTest > calculate16CCITT of single byte() STARTED

CRCTest > crc8 of all ones() STARTED

CRCTest > calculate16CCITT returns 2 bytes() STARTED

CRCTest > crc8 with partial length calculation() STARTED

CRCTest > crc8lookup table second entry is 155() STARTED

CRCTest > calculate16CCITT of null returns valid CRC() STARTED

CRCTest > crc8 with zero length returns 0() STARTED

CRCTest > crc8 of known values for pump data() STARTED

CRCTest > calculate16CCITT of large packet() STARTED

CRCTest > crc8lookup table last entry is 123() STARTED

CRCTest > crc8 of sequential bytes() STARTED

CRCTest > crc8 of multiple bytes() STARTED

CRCTest > calculate16CCITT changes with different data() STARTED

CRCTest > crc8lookup table first entry is 0() STARTED

CRCTest > calculate16CCITT of typical pump packet() STARTED

CRCTest > calculate16CCITT is deterministic() STARTED

CRCTest > calculate16CCITT handles negative byte values correctly() STARTED

CRCTest > crc8 with length longer than array uses full array() STARTED

CRCTest > crc8 handles negative byte values correctly() STARTED

CRCTest > crc8 of single non-zero byte() STARTED

CRCTest > calculate16CCITT of empty array returns initial CRC() STARTED

CRCTest > crc8 with specified length shorter than array() STARTED

CRCTest > crc8lookup table has 256 entries() STARTED

CRCTest > crc8 matches lookup table for single byte() STARTED

CRCTest > calculate16CCITT realistic packet scenario() STARTED

CRCTest > crc8 changes with different data() STARTED

CRCTest > crc8 of null data returns 0() STARTED

CRCTest > crc8 of single byte() STARTED

CRCTest > crc8 of empty array returns 0() STARTED

CRCTest > crc8 of all zeros() STARTED

> Task :pump:combov2:comboctl:mergeFullDebugUnitTestAssets
> Task :pump:omnipod:common:generateFullDebugUnitTestAssets UP-TO-DATE

> Task :plugins:sync:testFullDebugUnitTest

StoreDataForDbImplTest > updateNsIds calls persistenceLayer for temporary basals() STARTED

StoreDataForDbImplTest > updateDeletedTreatmentsInDb does NOT invalidate temp basal when preference is disabled() STARTED

LoadProfileStoreWorkerTest > error handling returns failure() STANDARD_OUT
    ERROR: Error:  java.lang.RuntimeException: Network error

StoreDataForDbImplTest > updateNsIds calls persistenceLayer for device statuses() STARTED

StoreDataForDbImplTest > updateNsIds calls persistenceLayer for bolus calculator results() STARTED

LoadProfileStoreWorkerTest > subsequent load uses getProfileModifiedSince() STARTED

StoreDataForDbImplTest > updateDeletedTreatmentsInDb invalidates bolus when preference is enabled() STARTED

ReceiverDelegateTest > testCalculateStatusNetworkState() STARTED

StoreDataForDbImplTest > updateDeletedTreatmentsInDb does NOT invalidate running mode when preference is disabled() STARTED

StoreDataForDbImplTest > updateDeletedTreatmentsInDb always invalidates bolus calculator result() STARTED

StoreDataForDbImplTest > updateDeletedTreatmentsInDb invalidates profile switch when preference is enabled() STARTED

StoreDataForDbImplTest > addToGlucoseValues during processing lands in the next call() STARTED

StoreDataForDbImplTest > updateNsIds calls persistenceLayer for effective profile switches() STARTED

StoreDataForDbImplTest > storeFoodsToDb calls persistenceLayer and clears list() STARTED

BolusExtensionKtTest > toBolus() STARTED

StoreDataForDbImplTest > updateDeletedTreatmentsInDb does NOT invalidate carb when preference is disabled() STARTED

LoadProfileStoreWorkerTest > subsequent load uses getProfileModifiedSince() STANDARD_OUT
    DEBUG: : NSCLIENT lastLoadedSrvModified: 1656358821000
    DEBUG: : NSCLIENT PROFILE: {"defaultProfile":"Default","store":{}}

StoreDataForDbImplTest > updateNsIds calls persistenceLayer for temporary targets() STARTED

LoadProfileStoreWorkerTest > notInitializedAndroidClient returns failure() STARTED

StoreDataForDbImplTest > updateDeletedTreatmentsInDb invalidates carb when preference is enabled() STARTED

GlucoseValueExtensionKtTest > toGlucoseValue() STARTED

> Task :shared:impl:mergeFullDebugUnitTestResources
C:\Users\craig\StudioProjects\AndroidAPS\AndroidAPSApril26\core\interfaces\build\intermediates\packaged_res\fullDebug\packageFullDebugResources\values-ru-rRU\values-ru-rRU.xml:76:4: Multiple substitutions specified in non-positional format of string resource string/temp_basal_percent_rate. Did you mean to add the formatted="false" attribute?

> Task :pump:omnipod:common:javaPreCompileFullDebugUnitTest

> Task :pump:combov2:comboctl:mergeFullDebugUnitTestResources
C:\Users\craig\StudioProjects\AndroidAPS\AndroidAPSApril26\core\ui\build\intermediates\packaged_res\fullDebug\packageFullDebugResources\values\values.xml:755:4: Multiple substitutions specified in non-positional format of string resource string/scene_wizard_info_luteal_phase. Did you mean to add the formatted="false" attribute?
C:\Users\craig\StudioProjects\AndroidAPS\AndroidAPSApril26\core\ui\build\intermediates\packaged_res\fullDebug\packageFullDebugResources\values\values.xml:759:4: Multiple substitutions specified in non-positional format of string resource string/scene_wizard_info_sick_day. Did you mean to add the formatted="false" attribute?
C:\Users\craig\StudioProjects\AndroidAPS\AndroidAPSApril26\core\ui\build\intermediates\packaged_res\fullDebug\packageFullDebugResources\values\values.xml:768:4: Multiple substitutions specified in non-positional format of string resource string/scene_wizard_profile_info. Did you mean to add the formatted="false" attribute?
C:\Users\craig\StudioProjects\AndroidAPS\AndroidAPSApril26\core\ui\build\intermediates\packaged_res\fullDebug\packageFullDebugResources\values-ru-rRU\values-ru-rRU.xml:406:4: Multiple substitutions specified in non-positional format of string resource string/temp_basal_percent_rate. Did you mean to add the formatted="false" attribute?
C:\Users\craig\StudioProjects\AndroidAPS\AndroidAPSApril26\core\ui\build\intermediates\packaged_res\fullDebug\packageFullDebugResources\values-zh-rCN\values-zh-rCN.xml:726:4: Multiple substitutions specified in non-positional format of string resource string/scene_wizard_info_luteal_phase. Did you mean to add the formatted="false" attribute?
C:\Users\craig\StudioProjects\AndroidAPS\AndroidAPSApril26\core\ui\build\intermediates\packaged_res\fullDebug\packageFullDebugResources\values-zh-rCN\values-zh-rCN.xml:730:4: Multiple substitutions specified in non-positional format of string resource string/scene_wizard_info_sick_day. Did you mean to add the formatted="false" attribute?
C:\Users\craig\StudioProjects\AndroidAPS\AndroidAPSApril26\core\ui\build\intermediates\packaged_res\fullDebug\packageFullDebugResources\values-zh-rCN\values-zh-rCN.xml:739:4: Multiple substitutions specified in non-positional format of string resource string/scene_wizard_profile_info. Did you mean to add the formatted="false" attribute?

> Task :pump:omnipod:eros:mergeFullDebugUnitTestAssets
> Task :pump:omnipod:common:mergeFullDebugUnitTestAssets

> Task :pump:omnipod:common:mergeFullDebugUnitTestResources
C:\Users\craig\StudioProjects\AndroidAPS\AndroidAPSApril26\core\ui\build\intermediates\packaged_res\fullDebug\packageFullDebugResources\values\values.xml:755:4: Multiple substitutions specified in non-positional format of string resource string/scene_wizard_info_luteal_phase. Did you mean to add the formatted="false" attribute?
C:\Users\craig\StudioProjects\AndroidAPS\AndroidAPSApril26\core\ui\build\intermediates\packaged_res\fullDebug\packageFullDebugResources\values\values.xml:759:4: Multiple substitutions specified in non-positional format of string resource string/scene_wizard_info_sick_day. Did you mean to add the formatted="false" attribute?
C:\Users\craig\StudioProjects\AndroidAPS\AndroidAPSApril26\core\ui\build\intermediates\packaged_res\fullDebug\packageFullDebugResources\values\values.xml:768:4: Multiple substitutions specified in non-positional format of string resource string/scene_wizard_profile_info. Did you mean to add the formatted="false" attribute?
C:\Users\craig\StudioProjects\AndroidAPS\AndroidAPSApril26\core\ui\build\intermediates\packaged_res\fullDebug\packageFullDebugResources\values-ru-rRU\values-ru-rRU.xml:406:4: Multiple substitutions specified in non-positional format of string resource string/temp_basal_percent_rate. Did you mean to add the formatted="false" attribute?
C:\Users\craig\StudioProjects\AndroidAPS\AndroidAPSApril26\core\ui\build\intermediates\packaged_res\fullDebug\packageFullDebugResources\values-zh-rCN\values-zh-rCN.xml:726:4: Multiple substitutions specified in non-positional format of string resource string/scene_wizard_info_luteal_phase. Did you mean to add the formatted="false" attribute?
C:\Users\craig\StudioProjects\AndroidAPS\AndroidAPSApril26\core\ui\build\intermediates\packaged_res\fullDebug\packageFullDebugResources\values-zh-rCN\values-zh-rCN.xml:730:4: Multiple substitutions specified in non-positional format of string resource string/scene_wizard_info_sick_day. Did you mean to add the formatted="false" attribute?
C:\Users\craig\StudioProjects\AndroidAPS\AndroidAPSApril26\core\ui\build\intermediates\packaged_res\fullDebug\packageFullDebugResources\values-zh-rCN\values-zh-rCN.xml:739:4: Multiple substitutions specified in non-positional format of string resource string/scene_wizard_profile_info. Did you mean to add the formatted="false" attribute?
C:\Users\craig\StudioProjects\AndroidAPS\AndroidAPSApril26\core\interfaces\build\intermediates\packaged_res\fullDebug\packageFullDebugResources\values-es-rES\values-es-rES.xml:30:4: Multiple substitutions specified in non-positional format of string resource string/half_basal_exercise_target_summary. Did you mean to add the formatted="false" attribute?
C:\Users\craig\StudioProjects\AndroidAPS\AndroidAPSApril26\core\ui\build\intermediates\packaged_res\fullDebug\packageFullDebugResources\values-es-rES\values-es-rES.xml:727:4: Multiple substitutions specified in non-positional format of string resource string/scene_wizard_info_luteal_phase. Did you mean to add the formatted="false" attribute?
C:\Users\craig\StudioProjects\AndroidAPS\AndroidAPSApril26\core\ui\build\intermediates\packaged_res\fullDebug\packageFullDebugResources\values-es-rES\values-es-rES.xml:731:4: Multiple substitutions specified in non-positional format of string resource string/scene_wizard_info_sick_day. Did you mean to add the formatted="false" attribute?
C:\Users\craig\StudioProjects\AndroidAPS\AndroidAPSApril26\core\ui\build\intermediates\packaged_res\fullDebug\packageFullDebugResources\values-es-rES\values-es-rES.xml:740:4: Multiple substitutions specified in non-positional format of string resource string/scene_wizard_profile_info. Did you mean to add the formatted="false" attribute?
C:\Users\craig\StudioProjects\AndroidAPS\AndroidAPSApril26\core\ui\build\intermediates\packaged_res\fullDebug\packageFullDebugResources\values-ro-rRO\values-ro-rRO.xml:730:4: Multiple substitutions specified in non-positional format of string resource string/scene_wizard_info_luteal_phase. Did you mean to add the formatted="false" attribute?
C:\Users\craig\StudioProjects\AndroidAPS\AndroidAPSApril26\core\ui\build\intermediates\packaged_res\fullDebug\packageFullDebugResources\values-ro-rRO\values-ro-rRO.xml:734:4: Multiple substitutions specified in non-positional format of string resource string/scene_wizard_info_sick_day. Did you mean to add the formatted="false" attribute?
C:\Users\craig\StudioProjects\AndroidAPS\AndroidAPSApril26\core\ui\build\intermediates\packaged_res\fullDebug\packageFullDebugResources\values-ro-rRO\values-ro-rRO.xml:743:4: Multiple substitutions specified in non-positional format of string resource string/scene_wizard_profile_info. Did you mean to add the formatted="false" attribute?
C:\Users\craig\StudioProjects\AndroidAPS\AndroidAPSApril26\core\ui\build\intermediates\packaged_res\fullDebug\packageFullDebugResources\values-zh-rTW\values-zh-rTW.xml:724:4: Multiple substitutions specified in non-positional format of string resource string/scene_wizard_info_luteal_phase. Did you mean to add the formatted="false" attribute?
C:\Users\craig\StudioProjects\AndroidAPS\AndroidAPSApril26\core\ui\build\intermediates\packaged_res\fullDebug\packageFullDebugResources\values-zh-rTW\values-zh-rTW.xml:728:4: Multiple substitutions specified in non-positional format of string resource string/scene_wizard_info_sick_day. Did you mean to add the formatted="false" attribute?
C:\Users\craig\StudioProjects\AndroidAPS\AndroidAPSApril26\core\ui\build\intermediates\packaged_res\fullDebug\packageFullDebugResources\values-zh-rTW\values-zh-rTW.xml:737:4: Multiple substitutions specified in non-positional format of string resource string/scene_wizard_profile_info. Did you mean to add the formatted="false" attribute?
C:\Users\craig\StudioProjects\AndroidAPS\AndroidAPSApril26\core\ui\build\intermediates\packaged_res\fullDebug\packageFullDebugResources\values-it-rIT\values-it-rIT.xml:727:4: Multiple substitutions specified in non-positional format of string resource string/scene_wizard_info_luteal_phase. Did you mean to add the formatted="false" attribute?
C:\Users\craig\StudioProjects\AndroidAPS\AndroidAPSApril26\core\ui\build\intermediates\packaged_res\fullDebug\packageFullDebugResources\values-it-rIT\values-it-rIT.xml:731:4: Multiple substitutions specified in non-positional format of string resource string/scene_wizard_info_sick_day. Did you mean to add the formatted="false" attribute?
C:\Users\craig\StudioProjects\AndroidAPS\AndroidAPSApril26\core\ui\build\intermediates\packaged_res\fullDebug\packageFullDebugResources\values-it-rIT\values-it-rIT.xml:740:4: Multiple substitutions specified in non-positional format of string resource string/scene_wizard_profile_info. Did you mean to add the formatted="false" attribute?
C:\Users\craig\StudioProjects\AndroidAPS\AndroidAPSApril26\core\ui\build\intermediates\packaged_res\fullDebug\packageFullDebugResources\values-fr-rFR\values-fr-rFR.xml:727:4: Multiple substitutions specified in non-positional format of string resource string/scene_wizard_info_luteal_phase. Did you mean to add the formatted="false" attribute?
C:\Users\craig\StudioProjects\AndroidAPS\AndroidAPSApril26\core\ui\build\intermediates\packaged_res\fullDebug\packageFullDebugResources\values-fr-rFR\values-fr-rFR.xml:731:4: Multiple substitutions specified in non-positional format of string resource string/scene_wizard_info_sick_day. Did you mean to add the formatted="false" attribute?
C:\Users\craig\StudioProjects\AndroidAPS\AndroidAPSApril26\core\ui\build\intermediates\packaged_res\fullDebug\packageFullDebugResources\values-fr-rFR\values-fr-rFR.xml:740:4: Multiple substitutions specified in non-positional format of string resource string/scene_wizard_profile_info. Did you mean to add the formatted="false" attribute?
C:\Users\craig\StudioProjects\AndroidAPS\AndroidAPSApril26\core\ui\build\intermediates\packaged_res\fullDebug\packageFullDebugResources\values-vi-rVN\values-vi-rVN.xml:724:4: Multiple substitutions specified in non-positional format of string resource string/scene_wizard_info_luteal_phase. Did you mean to add the formatted="false" attribute?
C:\Users\craig\StudioProjects\AndroidAPS\AndroidAPSApril26\core\ui\build\intermediates\packaged_res\fullDebug\packageFullDebugResources\values-vi-rVN\values-vi-rVN.xml:728:4: Multiple substitutions specified in non-positional format of string resource string/scene_wizard_info_sick_day. Did you mean to add the formatted="false" attribute?
C:\Users\craig\StudioProjects\AndroidAPS\AndroidAPSApril26\core\ui\build\intermediates\packaged_res\fullDebug\packageFullDebugResources\values-vi-rVN\values-vi-rVN.xml:737:4: Multiple substitutions specified in non-positional format of string resource string/scene_wizard_profile_info. Did you mean to add the formatted="false" attribute?

> Task :pump:omnipod:eros:checkFullDebugUnitTestAarMetadata

> Task :plugins:sync:testFullDebugUnitTest

LoadProfileStoreWorkerTest > updates lastLoadedSrvModified from record when not in response() STARTED

StoreDataForDbImplTest > updateNsIds calls persistenceLayer for carbs() STARTED

LoadProfileStoreWorkerTest > updates lastLoadedSrvModified from record when not in response() STANDARD_OUT
    DEBUG: : NSCLIENT lastLoadedSrvModified: null
    DEBUG: : NSCLIENT PROFILE: {"srvModified":1656358821500,"defaultProfile":"Default","store":{}}

LoadProfileStoreWorkerTest > no load when server has no newer data() STARTED

StoreDataForDbImplTest > updateNsIds calls persistenceLayer for foods() STARTED

StoreDataForDbImplTest > updateDeletedTreatmentsInDb does NOT invalidate extended bolus when preference is disabled() STARTED

StoreDataForDbImplTest > updateDeletedGlucoseValuesInDb invalidates glucose value when found() STARTED

NSClientV3ServiceTest > LocalBinder returns service instance() STARTED

StoreDataForDbImplTest > scheduleNsIdUpdate schedule runnable() STARTED

StoreDataForDbImplTest > updateDeletedTreatmentsInDb invalidates extended bolus when preference is enabled() STARTED

StoreDataForDbImplTest > store methods do not call persistenceLayer when lists are empty() STARTED

StoreDataForDbImplTest > updateDeletedTreatmentsInDb invalidates temp target when preference is enabled() STARTED

StoreDataForDbImplTest > updateDeletedTreatmentsInDb invalidates running mode when preference is enabled() STARTED

StoreDataForDbImplTest > updateNsIds calls persistenceLayer for extended boluses() STARTED

StoreDataForDbImplTest > updateDeletedGlucoseValuesInDb does nothing if glucose value is not found() STARTED

StoreDataForDbImplTest > updateDeletedTreatmentsInDb does NOT invalidate effective profile switch when preference is disabled() STARTED

StoreDataForDbImplTest > updateDeletedTreatmentsInDb invalidates effective profile switch when preference is enabled() STARTED

StoreDataForDbImplTest > concurrent storeGlucoseValuesToDb calls do not lose items and serialize() STARTED

LoadProfileStoreWorkerTest > passes doingFullSync flag to processProfile() STARTED

StoreDataForDbImplTest > updateDeletedTreatmentsInDb does NOT invalidate therapy event when preference is disabled() STARTED

StoreDataForDbImplTest > bg pipeline runs in parallel with treatments pipeline() STARTED

LoadProfileStoreWorkerTest > passes doingFullSync flag to processProfile() STANDARD_OUT
    DEBUG: : NSCLIENT lastLoadedSrvModified: 1656358821000
    DEBUG: : NSCLIENT PROFILE: {"defaultProfile":"Default","store":{}}

LoadProfileStoreWorkerTest > updates lastLoadedSrvModified from response() STARTED

StoreDataForDbImplTest > updateNsIds calls persistenceLayer for therapy events() STARTED

StoreDataForDbImplTest > updateDeletedTreatmentsInDb does NOT invalidate profile switch when preference is disabled() STARTED

StoreDataForDbImplTest > requestStoreGlucoseValues coalesces a burst into a single DB call() STARTED

LoadProfileStoreWorkerTest > updates lastLoadedSrvModified from response() STANDARD_OUT
    DEBUG: : NSCLIENT lastLoadedSrvModified: 1656358821000
    DEBUG: : NSCLIENT PROFILE: {"defaultProfile":"Default","store":{}}

AuthRequestTest > doTests() STARTED

StoreDataForDbImplTest > updateDeletedTreatmentsInDb invalidates temp basal when preference is enabled() STARTED

StoreDataForDbImplTest > updateNsIds calls persistenceLayer for running modes() STARTED

StoreDataForDbImplTest > updateNsIds calls persistenceLayer for profile switches() STARTED

NSClientV3ServiceTest > initializeWebSockets skips when storage socket already initialized() STARTED

NSClientV3ServiceTest > initializeWebSockets skips when storage socket already initialized() STANDARD_OUT
    DEBUG: : NSCLIENT Γû║ WS do connect storage First
    DEBUG: : NSCLIENT ΓùÅ WS already initialized, skip Second

NSClientV3ServiceTest > initializeWebSockets creates alarm socket when alarms enabled() STARTED

StoreDataForDbImplTest > updateNsIds calls persistenceLayer for glucose values() STARTED

StoreDataForDbImplTest > updateDeletedTreatmentsInDb invalidates therapy event when preference is enabled() STARTED

NSClientV3ServiceTest > initializeWebSockets creates alarm socket when alarms enabled() STANDARD_OUT
    DEBUG: : NSCLIENT Γû║ WS do connect storage Test
    DEBUG: : NSCLIENT Γû║ WS do connect alarm Test

NSClientV3ServiceTest > initializeWebSockets called with serviceConnected reason skips when socket already up() STARTED

StoreDataForDbImplTest > updateDeletedTreatmentsInDb does NOT invalidate temp target when preference is disabled() STARTED

NSClientV3ServiceTest > initializeWebSockets called with serviceConnected reason skips when socket already up() STANDARD_OUT
    DEBUG: : NSCLIENT Γû║ WS do connect storage onCreate
    DEBUG: : NSCLIENT ΓùÅ WS already initialized, skip serviceConnected

NSClientV3ServiceTest > initializeWebSockets creates both sockets when notifications enabled() STARTED

NSClientV3ServiceTest > initializeWebSockets creates both sockets when notifications enabled() STANDARD_OUT
    DEBUG: : NSCLIENT Γû║ WS do connect storage Test
    DEBUG: : NSCLIENT Γû║ WS do connect alarm Test

NSClientV3ServiceTest > shutdownWebsockets is idempotent when called twice after init() STARTED

StoreDataForDbImplTest > updateDeletedTreatmentsInDb does NOT invalidate bolus when preference is disabled() STARTED

NSClientV3ServiceTest > shutdownWebsockets is idempotent when called twice after init() STANDARD_OUT
    DEBUG: : NSCLIENT Γû║ WS do connect storage Test
    DEBUG: : NSCLIENT Γû║ WS do connect alarm Test

NSClientV3ServiceTest > initializeWebSockets sends connect events() STARTED

StoreDataForDbImplTest > updateDeletedTreatmentsInDb invalidates multiple different treatments in one go() STARTED

NSClientV3ServiceTest > initializeWebSockets sends connect events() STANDARD_OUT
    DEBUG: : NSCLIENT Γû║ WS do connect storage TestReason
    DEBUG: : NSCLIENT Γû║ WS do connect alarm TestReason

NSClientV3ServiceTest > shutdownWebsockets handles null sockets gracefully() STARTED

NSClientV3ServiceTest > wsConnected is initially false() STARTED

StoreDataForDbImplTest > storeTreatmentsToDb calls all relevant persistenceLayer methods() STARTED

NSClientV3ServiceTest > initializeWebSockets sends blocking reason when not allowed() STARTED

NSClientV3ServiceTest > initializeWebSockets sends blocking reason when not allowed() STANDARD_OUT
    DEBUG: : NSCLIENT ΓùÅ WS No network connection

NSClientV3ServiceTest > initializeWebSockets after shutdown creates fresh socket with new URL() STARTED

AuthRequestTest > doTests() STANDARD_OUT
    DEBUG: : SMS Wrong code

NSClientV3ServiceTest > initializeWebSockets after shutdown creates fresh socket with new URL() STANDARD_OUT
    DEBUG: : NSCLIENT Γû║ WS do connect storage First
    DEBUG: : NSCLIENT Γû║ WS do connect storage Restart

NSClientV3ServiceTest > initializeWebSockets normalizes URL by removing trailing slash() STARTED

NSClientV3ServiceTest > initializeWebSockets normalizes URL by removing trailing slash() STANDARD_OUT
    DEBUG: : NSCLIENT Γû║ WS do connect storage Test

NSClientV3ServiceTest > onBind returns LocalBinder() STARTED

AuthRequestTest > doTests() STANDARD_OUT
    DEBUG: : SMS Processing confirmed SMS: aText
    DEBUG: : SMS Already processed
    DEBUG: : SMS Timed out SMS: aText

SessionTest > datasetReply() STARTED

SessionTest > authReply() STARTED

SessionTest > datasetReply_asList() STARTED

SessionTest > emptySession() STARTED

NSClientV3ServiceTest > initializeWebSockets does not create sockets when URL is empty() STARTED

NSClientV3ServiceTest > initializeWebSockets sends paused event when paused() STARTED

NSClientV3ServiceTest > initializeWebSockets sends paused event when paused() STANDARD_OUT
    DEBUG: : NSCLIENT ΓùÅ WS paused

NSClientV3ServiceTest > shutdownWebsockets clears sockets and sets wsConnected to false() STARTED

NSClientV3ServiceTest > shutdownWebsockets clears sockets and sets wsConnected to false() STANDARD_OUT
    DEBUG: : NSCLIENT Γû║ WS do connect storage Test
    DEBUG: : NSCLIENT Γû║ WS do connect alarm Test

NSClientV3ServiceTest > initializeWebSockets does nothing when WS is disabled() STARTED

NSClientV3ServiceTest > initializeWebSockets creates storage socket when URL is valid and allowed() STARTED

NSClientV3ServiceTest > initializeWebSockets creates storage socket when URL is valid and allowed() STANDARD_OUT
    DEBUG: : NSCLIENT Γû║ WS do connect storage Test

LoadLastModificationWorkerTest > successful load clears lastOperationError() STARTED

StoreDataForDbImplTest > storeGlucoseValuesToDb calls persistenceLayer and clears list() STARTED

DeviceStatusExtensionKtTest > dotest() STARTED

DeviceStatusExtensionKtTest > dotest() STANDARD_OUT
    DEBUG: : EVENTS Sending EventNsClientStatusUpdated[]

RunningModeExtensionKtTest > toOfflineEvent() STARTED

DataSyncWorkerTest > doWorkAndLog uploads when has write permission() STARTED

LoadLastModificationWorkerTest > successful load clears lastOperationError() STANDARD_OUT
    DEBUG: : NSCLIENT LAST MODIFIED: LastModified(collections=Collections(devicestatus=0, entries=0, profile=0, treatments=0, foods=0, settings=0))

LoadLastModificationWorkerTest > error handling returns failure and sets lastOperationError() STARTED

LoadLastModificationWorkerTest > error handling returns failure and sets lastOperationError() STANDARD_OUT
    ERROR: NSCLIENT Error:  java.lang.RuntimeException: Network error

LoadLastModificationWorkerTest > notInitializedAndroidClient returns failure() STARTED

LoadLastModificationWorkerTest > handles empty LastModified collections() STARTED

DataSyncWorkerTest > doWorkAndLog uploads when has write permission() STANDARD_OUT
    DEBUG: : NSCLIENT Γû║ UPL Start
    DEBUG: : NSCLIENT Γû║ UPL End

DataSyncWorkerTest > doWorkAndLog sends upload start and end events when uploading() STARTED

DataSyncWorkerTest > doWorkAndLog sends upload start and end events when uploading() STANDARD_OUT
    DEBUG: : NSCLIENT Γû║ UPL Start
    DEBUG: : NSCLIENT Γû║ UPL End

DataSyncWorkerTest > doWorkAndLog does not end full sync when doingFullSync is false() STARTED

DataSyncWorkerTest > doWorkAndLog does not end full sync when doingFullSync is false() STANDARD_OUT
    DEBUG: : NSCLIENT Γû║ UPL Start
    DEBUG: : NSCLIENT Γû║ UPL End

DataSyncWorkerTest > doWorkAndLog uploads when websocket is connected() STARTED

DataSyncWorkerTest > doWorkAndLog uploads when websocket is connected() STANDARD_OUT
    DEBUG: : NSCLIENT Γû║ UPL Start
    DEBUG: : NSCLIENT Γû║ UPL End

DataSyncWorkerTest > doWorkAndLog ends full sync when doingFullSync is true() STARTED

DataSyncWorkerTest > doWorkAndLog ends full sync when doingFullSync is true() STANDARD_OUT
    DEBUG: : NSCLIENT ΓùÅ RUN Full sync finished
    DEBUG: : NSCLIENT Γû║ UPL Start
    DEBUG: : NSCLIENT Γû║ UPL End

DataSyncWorkerTest > doWorkAndLog does not upload when no write permission and not connected() STARTED

LoadLastModificationWorkerTest > handles empty LastModified collections() STANDARD_OUT
    DEBUG: : NSCLIENT LAST MODIFIED: LastModified(collections=Collections(devicestatus=0, entries=0, profile=0, treatments=0, foods=0, settings=0))

LoadLastModificationWorkerTest > successful load updates newestDataOnServer() STARTED

DataSyncWorkerTest > doWorkAndLog handles null nsClientV3Service() STARTED

> Task :plugins:constraints:kspFullDebugUnitTestKotlin

> Task :pump:rileylink:testFullDebugUnitTest

RFSpyTest > testGetFirmwareVersion() STANDARD_OUT
    DEBUG: : PUMPBTCOMM Firmware Version string: subg_rfspy 1.0, resolved to Version_1_0.
    DEBUG: : PUMPBTCOMM Firmware Version string: subg_rfspy 1.1, resolved to Version_1_x.
    DEBUG: : PUMPBTCOMM Firmware Version string: subg_rfspy 1.1.13, resolved to Version_1_x.
    DEBUG: : PUMPBTCOMM Firmware Version string: subg_rfspy 2.0, resolved to Version_2_0.
    DEBUG: : PUMPBTCOMM Firmware Version string: subg_rfspy 2.0.1, resolved to Version_2_0.
    DEBUG: : PUMPBTCOMM Firmware Version string: subg_rfspy 2.2, resolved to Version_2_2.
    DEBUG: : PUMPBTCOMM Firmware Version string: subg_rfspy 2.2.16, resolved to Version_2_2.
    DEBUG: : PUMPBTCOMM Firmware Version string: subg_rfspy 2.2.17, resolved to Version_2_2.
    DEBUG: : PUMPBTCOMM Firmware Version string: subg_rfspy 2.3, resolved to Version_2_x.
    DEBUG: : PUMPBTCOMM Firmware Version string: subg_rfspy 2.3.0, resolved to Version_2_x.
    DEBUG: : PUMPBTCOMM Firmware Version string: subg_rfspy 2.3.17, resolved to Version_2_x.
    DEBUG: : PUMPBTCOMM Firmware Version string: subg_rfspy 3.0, resolved to Version_3_x.
    DEBUG: : PUMPBTCOMM Firmware Version string: subg_rfspy 3.0.1, resolved to Version_3_x.
    DEBUG: : PUMPBTCOMM Firmware Version string: subg_rfspy 3.1, resolved to Version_3_x.
    DEBUG: : PUMPBTCOMM Firmware Version string: subg_rfspy 3.1.13, resolved to Version_3_x.
    DEBUG: : PUMPBTCOMM Firmware Version string: subg_rfspy 4.0, resolved to Version_4_x.
    DEBUG: : PUMPBTCOMM Firmware Version string: subg_rfspy 4.0.4, resolved to Version_4_x.
    DEBUG: : PUMPBTCOMM Firmware Version string: subg_rfspy 4.3, resolved to Version_4_x.
    DEBUG: : PUMPBTCOMM Firmware Version string: subg_rfspy 4.5.7, resolved to Version_4_x.
    DEBUG: : PUMPBTCOMM Firmware Version string: subg_rfspy 5.0, resolved to UnknownVersion.
    ERROR: PUMPBTCOMM Firmware Version can't be determined. Checking with BLE Version [].
    DEBUG: : PUMPBTCOMM Firmware Version string: subg_rfspy 5.0.0, resolved to UnknownVersion.
    ERROR: PUMPBTCOMM Firmware Version can't be determined. Checking with BLE Version [].
    DEBUG: : PUMPBTCOMM Firmware Version string: subg_rfspy 5.5.5, resolved to UnknownVersion.
    ERROR: PUMPBTCOMM Firmware Version can't be determined. Checking with BLE Version [].

UpdateRegisterTest > getCommandType returns UpdateRegister() STARTED

UpdateRegisterTest > getRaw with sync0 register() STARTED

UpdateRegisterTest > getRaw with pktctrl1 register() STARTED

UpdateRegisterTest > getRaw with maximum byte value() STARTED

UpdateRegisterTest > getRaw with pktctrl0 register() STARTED

UpdateRegisterTest > realistic scenario - update frequency register for 916 MHz() STARTED

UpdateRegisterTest > getRaw with zero value() STARTED

UpdateRegisterTest > getRaw with deviatn register() STARTED

UpdateRegisterTest > realistic scenario - update sync word() STARTED

UpdateRegisterTest > realistic scenario - update packet length() STARTED

UpdateRegisterTest > getRaw with paTable0 register() STARTED

UpdateRegisterTest > getRaw with test1 register() STARTED

UpdateRegisterTest > getRaw with test0 register() STARTED

UpdateRegisterTest > getRaw returns correct format with freq2 register() STARTED

UpdateRegisterTest > getRaw with mdmcfg4 register() STARTED

UpdateRegisterTest > getRaw returns correct format with freq1 register() STARTED

UpdateRegisterTest > realistic scenario - update power amplifier() STARTED

UpdateRegisterTest > getRaw with mdmcfg3 register() STARTED

UpdateRegisterTest > getRaw returns 3 bytes total() STARTED

UpdateRegisterTest > getRaw returns correct format with freq0 register() STARTED

UpdateRegisterTest > getRaw with mdmcfg2 register() STARTED

UpdateRegisterTest > command format is consistent() STARTED

UpdateRegisterTest > register property is accessible() STARTED

UpdateRegisterTest > getRaw with mdmcfg1 register() STARTED

UpdateRegisterTest > registerValue property is accessible() STARTED

UpdateRegisterTest > getRaw with agcctrl2 register() STARTED

UpdateRegisterTest > all registers can be updated() STARTED

UpdateRegisterTest > getRaw with sync1 register() STARTED

Encoding4b6bGeoffTest > encode two zero bytes() STARTED

Encoding4b6bGeoffTest > encode three bytes() STARTED

Encoding4b6bGeoffTest > encode zero bytes() STARTED

Encoding4b6bGeoffTest > encode empty array() STARTED

Encoding4b6bGeoffTest > parametrized decode test(String, String) > [1] "5555", "00" STARTED

Encoding4b6bGeoffTest > parametrized decode test(String, String) > [2] "555555", "0000" STARTED

Encoding4b6bGeoffTest > parametrized decode test(String, String) > [3] "A96C726996A694D5552CE5", "A71289865D00BE" STARTED

Encoding4b6bGeoffTest > parametrized decode test(String, String) > [4] "A96C726996A6566555C655", "A7128986060015" STARTED

Encoding4b6bGeoffTest > parametrized decode test(String, String) > [5] "A96C726996A6C655599665", "A7128986150956" STARTED

Encoding4b6bGeoffTest > parametrized decode test(String, String) > [6] "A96C726996A668D5552D55", "A71289868D00B0" STARTED

Encoding4b6bGeoffTest > decode too short data may throw exception() STARTED

Encoding4b6bGeoffTest > decode single byte() STARTED

Encoding4b6bGeoffTest > parametrized encode test(String, String) > [1] "A7", "A965" STARTED

Encoding4b6bGeoffTest > parametrized encode test(String, String) > [2] "A712", "A96C72" STARTED

Encoding4b6bGeoffTest > parametrized encode test(String, String) > [3] "A712A7", "A96C72A965" STARTED

Encoding4b6bGeoffTest > parametrized encode test(String, String) > [4] "00", "5555" STARTED

Encoding4b6bGeoffTest > parametrized encode test(String, String) > [5] "0000", "555555" STARTED

Encoding4b6bGeoffTest > parametrized encode test(String, String) > [6] "A71289865D00BE", "A96C726996A694D5552CE5" STARTED

Encoding4b6bGeoffTest > parametrized encode test(String, String) > [7] "A7128986060015", "A96C726996A6566555C655" STARTED

Encoding4b6bGeoffTest > parametrized encode test(String, String) > [8] "A7128986150956", "A96C726996A6C655599665" STARTED

Encoding4b6bGeoffTest > parametrized encode test(String, String) > [9] "A71289868D00B0", "A96C726996A668D5552D55" STARTED

Encoding4b6bGeoffTest > encode max size pump packet() STARTED

Encoding4b6bGeoffTest > decode three bytes() STARTED

Encoding4b6bGeoffTest > decode empty array returns empty array() STARTED

Encoding4b6bGeoffTest > encode all possible byte values() STARTED

SetHardwareEncodingTest > command type is always first byte() STARTED

SetHardwareEncodingTest > FourByteSixByteLocal encoding has value 0x00() STARTED

SetHardwareEncodingTest > None and FourByteSixByteLocal have same value but different semantics() STARTED

SetHardwareEncodingTest > realistic scenario - set encoding for Medtronic with local encoding() STARTED

SetHardwareEncodingTest > getRaw returns 2 bytes for Manchester() STARTED

SetHardwareEncodingTest > command format is consistent across encoding types() STARTED

SetHardwareEncodingTest > getRaw returns 2 bytes for FourByteSixByteLocal() STARTED

SetHardwareEncodingTest > realistic scenario - disable encoding() STARTED

SetHardwareEncodingTest > getCommandType returns SetHardwareEncoding() STARTED

SetHardwareEncodingTest > FourByteSixByteRileyLink encoding has value 0x02() STARTED

SetHardwareEncodingTest > all encoding types can be set() STARTED

SetHardwareEncodingTest > getRaw returns 2 bytes for None() STARTED

SetHardwareEncodingTest > realistic scenario - set encoding for Medtronic with RileyLink encoding() STARTED

SetHardwareEncodingTest > switching between encodings creates different commands() STARTED

SetHardwareEncodingTest > getRaw returns 2 bytes for FourByteSixByteRileyLink() STARTED

SetHardwareEncodingTest > Manchester encoding has value 0x01() STARTED

SetHardwareEncodingTest > getRaw with None encoding() STARTED

SetHardwareEncodingTest > getRaw with Manchester encoding() STARTED

SetHardwareEncodingTest > getRaw with FourByteSixByteLocal encoding() STARTED

SetHardwareEncodingTest > getRaw with FourByteSixByteRileyLink encoding() STARTED

SetHardwareEncodingTest > None encoding has value 0x00() STARTED

SetHardwareEncodingTest > realistic scenario - set encoding for Omnipod() STARTED

SetHardwareEncodingTest > Manchester and FourByteSixByteRileyLink have different values() STARTED

SetHardwareEncodingTest > encoding property is accessible() STARTED

SetHardwareEncodingTest > encoding value is always second byte() STARTED

RadioPacketTest > getEncoded with FourByteSixByteRileyLink returns packet with CRC() STARTED

Encoding4b6bGeoffTest > encode large packet() STARTED

Encoding4b6bGeoffTest > encode then decode returns original() STARTED

Encoding4b6bGeoffTest > encode then decode complex data() STARTED

Encoding4b6bGeoffTest > decode two bytes() STARTED

Encoding4b6bGeoffTest > encode single byte() STARTED

Encoding4b6bGeoffTest > encode two bytes() STARTED

Encoding4b6bGeoffTest > decode with invalid coding should throw exception() STARTED

> Task :pump:virtual:testFullDebugUnitTest

VirtualPumpPluginTest > refreshConfigurationTwice() STARTED

> Task :shared:tests:processFullDebugUnitTestResources
> Task :shared:tests:compileFullDebugUnitTestKotlin NO-SOURCE
> Task :shared:tests:compileFullDebugUnitTestJavaWithJavac NO-SOURCE

> Task :plugins:sync:testFullDebugUnitTest

DataSyncWorkerTest > doWorkAndLog always returns success() STARTED

DataSyncWorkerTest > doWorkAndLog always returns success() STANDARD_OUT
    DEBUG: : NSCLIENT Γû║ UPL Start
    DEBUG: : NSCLIENT Γû║ UPL End
    DEBUG: : NSCLIENT ΓùÅ RUN Full sync finished
    DEBUG: : NSCLIENT Γû║ UPL Start
    DEBUG: : NSCLIENT Γû║ UPL End

DataSyncWorkerTest > doWorkAndLog uploads when both write permission and websocket connected() STARTED

DataSyncWorkerTest > doWorkAndLog uploads when both write permission and websocket connected() STANDARD_OUT
    DEBUG: : NSCLIENT Γû║ UPL Start
    DEBUG: : NSCLIENT Γû║ UPL End

DataSyncWorkerTest > doWorkAndLog schedules token refresh when no write permission and not connected() STARTED

LoadStatusWorkerTest > successful load returns success() STARTED

LoadStatusWorkerTest > successful load returns success() STANDARD_OUT
    DEBUG: : CORE Firing updateNsIds

LoadLastModificationWorkerTest > successful load updates newestDataOnServer() STANDARD_OUT
    DEBUG: : NSCLIENT LAST MODIFIED: LastModified(collections=Collections(devicestatus=1656358819000, entries=1656358821000, profile=1656358818000, treatments=1656358820000, foods=5, settings=0))

LoadLastModificationWorkerTest > updates newestDataOnServer when previously null() STARTED

LoadStatusWorkerTest > successful load returns success() STANDARD_OUT
    DEBUG: : NSCLIENT STATUS: Status(version=15.0.0, apiVersion=1.0, srvDate=1656358822000, storage=Storage(storage=storage, version=1.0), apiPermissions=ApiPermissions(deviceStatus=ApiPermission(create=true, read=true, update=true, delete=true), entries=ApiPermission(create=true, read=true, update=true, delete=true), food=ApiPermission(create=true, read=true, update=true, delete=true), profile=ApiPermission(create=true, read=true, update=true, delete=true), settings=ApiPermission(create=true, read=true, update=true, delete=true), treatments=ApiPermission(create=true, read=true, update=true, delete=true)))
    DEBUG: : EVENTS Sending EventSWSyncStatus[status=Status not available]

LoadStatusWorkerTest > successful load clears lastOperationError() STARTED

LoadStatusWorkerTest > successful load clears lastOperationError() STANDARD_OUT
    DEBUG: : NSCLIENT STATUS: Status(version=15.0.0, apiVersion=1.0, srvDate=1656358822000, storage=Storage(storage=storage, version=1.0), apiPermissions=ApiPermissions(deviceStatus=ApiPermission(create=true, read=true, update=true, delete=true), entries=ApiPermission(create=true, read=true, update=true, delete=true), food=ApiPermission(create=true, read=true, update=true, delete=true), profile=ApiPermission(create=true, read=true, update=true, delete=true), settings=ApiPermission(create=true, read=true, update=true, delete=true), treatments=ApiPermission(create=true, read=true, update=true, delete=true)))
    DEBUG: : EVENTS Sending EventSWSyncStatus[status=Status not available]

LoadStatusWorkerTest > handles different status responses() STARTED

LoadStatusWorkerTest > handles different status responses() STANDARD_OUT
    DEBUG: : NSCLIENT STATUS: Status(version=14.2.6, apiVersion=1.0, srvDate=1656358822000, storage=Storage(storage=storage, version=1.0), apiPermissions=ApiPermissions(deviceStatus=ApiPermission(create=true, read=true, update=true, delete=true), entries=ApiPermission(create=true, read=true, update=true, delete=true), food=ApiPermission(create=true, read=true, update=true, delete=true), profile=ApiPermission(create=true, read=true, update=true, delete=true), settings=ApiPermission(create=true, read=true, update=true, delete=true), treatments=ApiPermission(create=true, read=true, update=true, delete=true)))
    DEBUG: : EVENTS Sending EventSWSyncStatus[status=Status not available]

LoadStatusWorkerTest > error handling returns failure and sets lastOperationError() STARTED

LoadLastModificationWorkerTest > updates newestDataOnServer when previously null() STANDARD_OUT
    DEBUG: : NSCLIENT LAST MODIFIED: LastModified(collections=Collections(devicestatus=0, entries=1656358822000, profile=0, treatments=0, foods=0, settings=0))

LoadLastModificationWorkerTest > overwrites existing newestDataOnServer() STARTED

LoadStatusWorkerTest > error handling returns failure and sets lastOperationError() STANDARD_OUT
    ERROR: Error:  java.lang.RuntimeException: Network error
    DEBUG: : NSCLIENT Γùä ERROR Network error
    DEBUG: : EVENTS Sending EventSWSyncStatus[status=Status not available]

LoadStatusWorkerTest > notInitializedAndroidClient returns failure() STARTED

LoadStatusWorkerTest > sends error log event on failure() STARTED

LoadStatusWorkerTest > sends error log event on failure() STANDARD_OUT
    ERROR: Error:  java.lang.RuntimeException: Connection timeout
    DEBUG: : NSCLIENT Γùä ERROR Connection timeout
    DEBUG: : EVENTS Sending EventSWSyncStatus[status=Status not available]

UploadChunkTest > SMBs should be marked as 'automated' when uploading to Tidepool() STARTED

LoadLastModificationWorkerTest > overwrites existing newestDataOnServer() STANDARD_OUT
    DEBUG: : NSCLIENT LAST MODIFIED: LastModified(collections=Collections(devicestatus=0, entries=1656358822000, profile=0, treatments=0, foods=0, settings=0))

OHLoginViewModelTest > initial state is WELCOME() STARTED

> Task :shared:tests:packageFullDebugUnitTestForUnitTest
> Task :shared:tests:processFullDebugUnitTestJavaRes NO-SOURCE

> Task :pump:omnipod:dash:mergeFullDebugUnitTestResources
C:\Users\craig\StudioProjects\AndroidAPS\AndroidAPSApril26\core\ui\build\intermediates\packaged_res\fullDebug\packageFullDebugResources\values-ro-rRO\values-ro-rRO.xml:730:4: Multiple substitutions specified in non-positional format of string resource string/scene_wizard_info_luteal_phase. Did you mean to add the formatted="false" attribute?
C:\Users\craig\StudioProjects\AndroidAPS\AndroidAPSApril26\core\ui\build\intermediates\packaged_res\fullDebug\packageFullDebugResources\values-ro-rRO\values-ro-rRO.xml:734:4: Multiple substitutions specified in non-positional format of string resource string/scene_wizard_info_sick_day. Did you mean to add the formatted="false" attribute?
C:\Users\craig\StudioProjects\AndroidAPS\AndroidAPSApril26\core\ui\build\intermediates\packaged_res\fullDebug\packageFullDebugResources\values-ro-rRO\values-ro-rRO.xml:743:4: Multiple substitutions specified in non-positional format of string resource string/scene_wizard_profile_info. Did you mean to add the formatted="false" attribute?
C:\Users\craig\StudioProjects\AndroidAPS\AndroidAPSApril26\core\interfaces\build\intermediates\packaged_res\fullDebug\packageFullDebugResources\values-es-rES\values-es-rES.xml:30:4: Multiple substitutions specified in non-positional format of string resource string/half_basal_exercise_target_summary. Did you mean to add the formatted="false" attribute?
C:\Users\craig\StudioProjects\AndroidAPS\AndroidAPSApril26\core\ui\build\intermediates\packaged_res\fullDebug\packageFullDebugResources\values-es-rES\values-es-rES.xml:727:4: Multiple substitutions specified in non-positional format of string resource string/scene_wizard_info_luteal_phase. Did you mean to add the formatted="false" attribute?
C:\Users\craig\StudioProjects\AndroidAPS\AndroidAPSApril26\core\ui\build\intermediates\packaged_res\fullDebug\packageFullDebugResources\values-es-rES\values-es-rES.xml:731:4: Multiple substitutions specified in non-positional format of string resource string/scene_wizard_info_sick_day. Did you mean to add the formatted="false" attribute?
C:\Users\craig\StudioProjects\AndroidAPS\AndroidAPSApril26\core\ui\build\intermediates\packaged_res\fullDebug\packageFullDebugResources\values-es-rES\values-es-rES.xml:740:4: Multiple substitutions specified in non-positional format of string resource string/scene_wizard_profile_info. Did you mean to add the formatted="false" attribute?
C:\Users\craig\StudioProjects\AndroidAPS\AndroidAPSApril26\core\ui\build\intermediates\packaged_res\fullDebug\packageFullDebugResources\values-zh-rTW\values-zh-rTW.xml:724:4: Multiple substitutions specified in non-positional format of string resource string/scene_wizard_info_luteal_phase. Did you mean to add the formatted="false" attribute?
C:\Users\craig\StudioProjects\AndroidAPS\AndroidAPSApril26\core\ui\build\intermediates\packaged_res\fullDebug\packageFullDebugResources\values-zh-rTW\values-zh-rTW.xml:728:4: Multiple substitutions specified in non-positional format of string resource string/scene_wizard_info_sick_day. Did you mean to add the formatted="false" attribute?
C:\Users\craig\StudioProjects\AndroidAPS\AndroidAPSApril26\core\ui\build\intermediates\packaged_res\fullDebug\packageFullDebugResources\values-zh-rTW\values-zh-rTW.xml:737:4: Multiple substitutions specified in non-positional format of string resource string/scene_wizard_profile_info. Did you mean to add the formatted="false" attribute?
C:\Users\craig\StudioProjects\AndroidAPS\AndroidAPSApril26\core\ui\build\intermediates\packaged_res\fullDebug\packageFullDebugResources\values-fr-rFR\values-fr-rFR.xml:727:4: Multiple substitutions specified in non-positional format of string resource string/scene_wizard_info_luteal_phase. Did you mean to add the formatted="false" attribute?
C:\Users\craig\StudioProjects\AndroidAPS\AndroidAPSApril26\core\ui\build\intermediates\packaged_res\fullDebug\packageFullDebugResources\values-fr-rFR\values-fr-rFR.xml:731:4: Multiple substitutions specified in non-positional format of string resource string/scene_wizard_info_sick_day. Did you mean to add the formatted="false" attribute?
C:\Users\craig\StudioProjects\AndroidAPS\AndroidAPSApril26\core\ui\build\intermediates\packaged_res\fullDebug\packageFullDebugResources\values-fr-rFR\values-fr-rFR.xml:740:4: Multiple substitutions specified in non-positional format of string resource string/scene_wizard_profile_info. Did you mean to add the formatted="false" attribute?
C:\Users\craig\StudioProjects\AndroidAPS\AndroidAPSApril26\core\ui\build\intermediates\packaged_res\fullDebug\packageFullDebugResources\values-vi-rVN\values-vi-rVN.xml:724:4: Multiple substitutions specified in non-positional format of string resource string/scene_wizard_info_luteal_phase. Did you mean to add the formatted="false" attribute?
C:\Users\craig\StudioProjects\AndroidAPS\AndroidAPSApril26\core\ui\build\intermediates\packaged_res\fullDebug\packageFullDebugResources\values-vi-rVN\values-vi-rVN.xml:728:4: Multiple substitutions specified in non-positional format of string resource string/scene_wizard_info_sick_day. Did you mean to add the formatted="false" attribute?
C:\Users\craig\StudioProjects\AndroidAPS\AndroidAPSApril26\core\ui\build\intermediates\packaged_res\fullDebug\packageFullDebugResources\values-vi-rVN\values-vi-rVN.xml:737:4: Multiple substitutions specified in non-positional format of string resource string/scene_wizard_profile_info. Did you mean to add the formatted="false" attribute?
C:\Users\craig\StudioProjects\AndroidAPS\AndroidAPSApril26\core\ui\build\intermediates\packaged_res\fullDebug\packageFullDebugResources\values-it-rIT\values-it-rIT.xml:727:4: Multiple substitutions specified in non-positional format of string resource string/scene_wizard_info_luteal_phase. Did you mean to add the formatted="false" attribute?
C:\Users\craig\StudioProjects\AndroidAPS\AndroidAPSApril26\core\ui\build\intermediates\packaged_res\fullDebug\packageFullDebugResources\values-it-rIT\values-it-rIT.xml:731:4: Multiple substitutions specified in non-positional format of string resource string/scene_wizard_info_sick_day. Did you mean to add the formatted="false" attribute?
C:\Users\craig\StudioProjects\AndroidAPS\AndroidAPSApril26\core\ui\build\intermediates\packaged_res\fullDebug\packageFullDebugResources\values-it-rIT\values-it-rIT.xml:740:4: Multiple substitutions specified in non-positional format of string resource string/scene_wizard_profile_info. Did you mean to add the formatted="false" attribute?
C:\Users\craig\StudioProjects\AndroidAPS\AndroidAPSApril26\core\ui\build\intermediates\packaged_res\fullDebug\packageFullDebugResources\values\values.xml:755:4: Multiple substitutions specified in non-positional format of string resource string/scene_wizard_info_luteal_phase. Did you mean to add the formatted="false" attribute?
C:\Users\craig\StudioProjects\AndroidAPS\AndroidAPSApril26\core\ui\build\intermediates\packaged_res\fullDebug\packageFullDebugResources\values\values.xml:759:4: Multiple substitutions specified in non-positional format of string resource string/scene_wizard_info_sick_day. Did you mean to add the formatted="false" attribute?
C:\Users\craig\StudioProjects\AndroidAPS\AndroidAPSApril26\core\ui\build\intermediates\packaged_res\fullDebug\packageFullDebugResources\values\values.xml:768:4: Multiple substitutions specified in non-positional format of string resource string/scene_wizard_profile_info. Did you mean to add the formatted="false" attribute?
C:\Users\craig\StudioProjects\AndroidAPS\AndroidAPSApril26\core\ui\build\intermediates\packaged_res\fullDebug\packageFullDebugResources\values-ru-rRU\values-ru-rRU.xml:406:4: Multiple substitutions specified in non-positional format of string resource string/temp_basal_percent_rate. Did you mean to add the formatted="false" attribute?
C:\Users\craig\StudioProjects\AndroidAPS\AndroidAPSApril26\core\ui\build\intermediates\packaged_res\fullDebug\packageFullDebugResources\values-zh-rCN\values-zh-rCN.xml:726:4: Multiple substitutions specified in non-positional format of string resource string/scene_wizard_info_luteal_phase. Did you mean to add the formatted="false" attribute?
C:\Users\craig\StudioProjects\AndroidAPS\AndroidAPSApril26\core\ui\build\intermediates\packaged_res\fullDebug\packageFullDebugResources\values-zh-rCN\values-zh-rCN.xml:730:4: Multiple substitutions specified in non-positional format of string resource string/scene_wizard_info_sick_day. Did you mean to add the formatted="false" attribute?
C:\Users\craig\StudioProjects\AndroidAPS\AndroidAPSApril26\core\ui\build\intermediates\packaged_res\fullDebug\packageFullDebugResources\values-zh-rCN\values-zh-rCN.xml:739:4: Multiple substitutions specified in non-positional format of string resource string/scene_wizard_profile_info. Did you mean to add the formatted="false" attribute?

> Task :shared:tests:generateFullDebugUnitTestConfig

> Task :plugins:sync:testFullDebugUnitTest

XdripViewModelTest > initial uiState logList is empty() STARTED

OHLoginViewModelTest > goToConsent transitions from WELCOME to CONSENT() STARTED

OHLoginViewModelTest > submitBearerToken from WELCOME transitions to CONFIRM() STARTED

OHLoginViewModelTest > goBack from WELCOME returns false() STARTED

OHLoginViewModelTest > goBack from FINISHING returns false() STARTED

OHLoginViewModelTest > finish success transitions to DONE() STARTED

XdripViewModelTest > logList flow updates uiState() STARTED

XdripViewModelTest > positive queue size is formatted as number() STARTED

XdripViewModelTest > negative queue size shows UNAVAILABLE() STARTED

XdripViewModelTest > loadInitialData reads queue size from dataSyncSelector() STARTED

OHLoginViewModelTest > submitBearerToken from CONSENT transitions to CONFIRM() STARTED

OHLoginViewModelTest > goBack from DONE returns false() STARTED

OHLoginViewModelTest > cancel returns to CONSENT() STARTED

OHLoginViewModelTest > finish failure transitions back to CONSENT() STARTED

OHLoginViewModelTest > full happy path WELCOME to DONE() STARTED

OHLoginViewModelTest > goBack from CONSENT returns to WELCOME() STARTED

OHLoginViewModelTest > goBack from CONFIRM returns to CONSENT() STARTED

OHLoginViewModelTest > submitBearerToken from CONFIRM is ignored() STARTED

TidepoolPluginTest > uploadSkippedWhenConnectivityNotAllowed() STARTED

> Task :shared:tests:testFullDebugUnitTest NO-SOURCE

> Task :shared:impl:mergeFullDebugUnitTestResources
C:\Users\craig\StudioProjects\AndroidAPS\AndroidAPSApril26\core\interfaces\build\intermediates\packaged_res\fullDebug\packageFullDebugResources\values-es-rES\values-es-rES.xml:30:4: Multiple substitutions specified in non-positional format of string resource string/half_basal_exercise_target_summary. Did you mean to add the formatted="false" attribute?

> Task :plugins:source:kspFullDebugUnitTestKotlin

> Task :pump:virtual:testFullDebugUnitTest

VirtualPumpPluginTest > refreshConfigurationTwice() STANDARD_OUT
    DEBUG: : PUMP Pump in configuration: Accu-Chek Combo, PumpType object: ACCU_CHEK_COMBO
    DEBUG: : PUMP New pump configuration found (ACCU_CHEK_COMBO), changing from previous (null)
    DEBUG: : PUMP Pump in configuration: Accu-Chek Combo, PumpType object: ACCU_CHEK_COMBO

VirtualPumpPluginTest > refreshConfiguration() STARTED

VirtualPumpPluginTest > refreshConfiguration() STANDARD_OUT
    DEBUG: : PUMP Pump in configuration: Accu-Chek Combo, PumpType object: ACCU_CHEK_COMBO
    DEBUG: : PUMP New pump configuration found (ACCU_CHEK_COMBO), changing from previous (null)

VirtualPumpPluginTest > requiredPermissions should return empty list() STARTED

> Task :pump:omnipod:dash:processFullDebugUnitTestManifest
> Task :pump:omnipod:eros:mapFullDebugUnitTestSourceSetPaths
> Task :pump:omnipod:eros:generateFullDebugUnitTestResources

> Task :plugins:sync:testFullDebugUnitTest

GarminMessengerTest STANDARD_OUT
    INFO: GARMIN init CIQ debug=false

TidepoolPluginTest > uploadSkippedWhenConnectivityNotAllowed() STANDARD_OUT
    DEBUG: : EVENTS Sending EventTidepoolStatus[date=1778342507522,status=ΓùÅ CONNECTIVITY Blocked,timeFormat=java.text.SimpleDateFormat@8140d380]
    DEBUG: : EVENTS Sending EventSWSyncStatus[status=ΓùÅ CONNECTIVITY Blocked]
    DEBUG: : TIDEPOOL Instance reset

TidepoolPluginTest > notLoggedInStateTriggersLoginWhenConnectivityRestored() STARTED

TidepoolPluginTest > notLoggedInStateTriggersLoginWhenConnectivityRestored() STANDARD_OUT
    DEBUG: : EVENTS Sending EventTidepoolStatus[date=1778342508320,status=ΓùÅ CONNECTIVITY Connected,timeFormat=java.text.SimpleDateFormat@8140d380]
    DEBUG: : EVENTS Sending EventSWSyncStatus[status=ΓùÅ CONNECTIVITY Connected]
    DEBUG: : TIDEPOOL Instance reset
    DEBUG: : TIDEPOOL doUpload from=CONNECTIVITY isAllowed=true status=NOT_LOGGED_IN
    DEBUG: : TIDEPOOL doLogin from=doUpload CONNECTIVITY NOT_LOGGED_IN doUpload=true currentStatus=NOT_LOGGED_IN

GarminMessengerTest > onReceiveMessage() STARTED

WearViewModelTest > null connected device shows no watch connected text() STARTED

WearViewModelTest > showCwfInfos and hideCwfInfos toggle showInfos() STARTED

WearViewModelTest > savedCustomWatchface emits watchface metadata() STARTED

WearViewModelTest > resendData sends ActionResendData event() STARTED

WearViewModelTest > requestCustomWatchface does nothing when watchface exists() STARTED

WearViewModelTest > device disconnection updates state() STARTED

WearViewModelTest > initial state shows no device connected() STARTED

WearViewModelTest > non-null connected device shows device name() STARTED

WearViewModelTest > null savedCustomWatchface clears watchface state() STARTED

WearViewModelTest > requestCustomWatchface sends event when no saved watchface() STARTED

WearViewModelTest > openSettingsOnWear sends OpenSettings event() STARTED

GarminMessengerTest > onReceiveMessage() STANDARD_OUT
    INFO: GARMIN onConnect client1
    INFO: GARMIN onConnect client2
    INFO: GARMIN receive 27 bytes

GarminMessengerTest STANDARD_OUT
    INFO: GARMIN init CIQ debug=false

GarminMessengerTest > sendMessageDevice() STARTED

GarminMessengerTest > sendMessageDevice() STANDARD_OUT
    INFO: GARMIN onConnect client1
    INFO: GARMIN onConnect client2
    INFO: GARMIN sendMessage A[D[dev1-name/11]:appId1:appId1-name] 27 bytes foo
    INFO: GARMIN sendMessage A[D[dev1-name/11]:appId2:appId2-name] 27 bytes foo
    INFO: GARMIN onSendMessage A[D[dev1-name/11]:appId1:appId1-name] OK

GarminMessengerTest STANDARD_OUT
    INFO: GARMIN init CIQ debug=false

GarminMessengerTest > onDisconnect() STARTED

GarminMessengerTest > onDisconnect() STANDARD_OUT
    INFO: GARMIN onConnect client1
    INFO: GARMIN onConnect client2
    INFO: GARMIN onDisconnect Mock1
    WARN: GARMIN onDisconnect unknown client client1
    INFO: GARMIN sendMessage A[D[dev2-name/12]:appId1:appId1-name] 27 bytes foo
    INFO: GARMIN sendMessage A[D[dev2-name/12]:appId2:appId2-name] 27 bytes foo

GarminMessengerTest STANDARD_OUT
    INFO: GARMIN init CIQ debug=false

GarminMessengerTest > onSendMessageAll() STARTED

GarminMessengerTest > onSendMessageAll() STANDARD_OUT
    INFO: GARMIN onConnect client1
    INFO: GARMIN onConnect client2
    INFO: GARMIN sendMessage A[D[dev1-name/11]:appId1:appId1-name] 32 bytes (foo)
    INFO: GARMIN sendMessage A[D[dev1-name/11]:appId2:appId2-name] 32 bytes (foo)
    INFO: GARMIN sendMessage A[D[dev2-name/12]:appId1:appId1-name] 32 bytes (foo)
    INFO: GARMIN sendMessage A[D[dev2-name/12]:appId2:appId2-name] 32 bytes (foo)
    INFO: GARMIN onSendMessage A[D[dev1-name/11]:appId1:appId1-name] OK

NSAlarmImplTest > parses low alarm correctly() STARTED

NSAlarmImplTest > handles completely empty JSON object() STARTED

NSAlarmImplTest > returns default values for missing or malformed fields() STARTED

NSAlarmImplTest > parses timeago alarm correctly() STARTED

NSAlarmImplTest > parses high alarm correctly() STARTED

NSClientPluginTest > specialEnableConditionTest() STARTED

> Task :plugins:constraints:compileFullDebugUnitTestKotlin

> Task :pump:rileylink:testFullDebugUnitTest

RadioPacketTest > radioPacket with single byte() STARTED

RadioPacketTest > getEncoded with unsupported encoding throws NotImplementedException() STARTED

RadioPacketTest > getEncoded with Manchester encoding returns original packet() STARTED

RadioPacketTest > radioPacket with empty data() STARTED

RadioPacketTest > radioPacket with maximum size data() STARTED

RadioPacketTest > getEncoded with FourByteSixByteLocal encodes and adds terminator() STARTED

RileyLinkCommunicationExceptionTest > errorCode property is accessible() STARTED

RadioPacketTest > pkt property returns original data() STARTED

BLECommOperationTest > multiple operations have independent semaphores() STARTED

RileyLinkCommunicationExceptionTest > realistic Timeout scenario() STARTED

RileyLinkCommunicationExceptionTest > exception with Interrupted has correct message() STARTED

RileyLinkCommunicationExceptionTest > exception with Timeout has correct message() STARTED

RileyLinkCommunicationExceptionTest > stack trace is preserved() STARTED

RileyLinkCommunicationExceptionTest > realistic TooShortOrNullResponse scenario() STARTED

RileyLinkCommunicationExceptionTest > exception with CodingErrors has correct message() STARTED

RileyLinkCommunicationExceptionTest > realistic CodingErrors scenario with extended text() STARTED

RileyLinkCommunicationExceptionTest > exception with NoResponse has correct message() STARTED

RileyLinkCommunicationExceptionTest > exception with extended text still has correct error message() STARTED

RileyLinkCommunicationExceptionTest > different error codes create different exceptions() STARTED

RileyLinkCommunicationExceptionTest > exception with empty extended text() STARTED

RileyLinkCommunicationExceptionTest > exception with TooShortOrNullResponse has correct message() STARTED

RileyLinkCommunicationExceptionTest > exception can be re-thrown() STARTED

RileyLinkCommunicationExceptionTest > exception without extended text has null extendedErrorText() STARTED

RileyLinkCommunicationExceptionTest > exception with extended text stores it correctly() STARTED

RileyLinkCommunicationExceptionTest > exception can be thrown and caught() STARTED

RileyLinkCommunicationExceptionTest > exception with long extended text() STARTED

RileyLinkCommunicationExceptionTest > exception can be created with all error types() STARTED

BLECommOperationTest > value can be null() STARTED

BLECommOperationTest > operation can be reused after completion() STARTED

BLECommOperationTest > gattOperationCompletionCallback can be called() STARTED

BLECommOperationTest > semaphore is fair() STARTED

BLECommOperationTest > operation can store value() STARTED

BLECommOperationTest > gatt operation timeout is 22 seconds() STARTED

BLECommOperationTest > operation can be marked as interrupted() STARTED

> Task :plugins:constraints:compileFullDebugUnitTestJavaWithJavac NO-SOURCE
> Task :plugins:constraints:processFullDebugUnitTestJavaRes

> Task :pump:rileylink:testFullDebugUnitTest

BLECommOperationTest > operationComplete semaphore blocks when not released() STARTED

FrequencyTrialTest > calculateAverage handles positive RSSI values() STARTED

FrequencyTrialTest > complete trial workflow() STARTED

FrequencyTrialTest > averageRSSI2 property exists and can be set() STARTED

FrequencyTrialTest > can set frequency() STARTED

FrequencyTrialTest > can manually set average RSSI() STARTED

FrequencyTrialTest > initial state has zero successes() STARTED

BLECommOperationTest > value can be empty array() STARTED

BLECommOperationTest > operationComplete semaphore can be acquired() STARTED

BLECommOperationTest > operation can be marked as timed out() STARTED

BLECommOperationTest > operationComplete semaphore can be released() STARTED

BLECommOperationTest > execute must be implemented by subclass() STARTED

BLECommOperationTest > operation starts with default values() STARTED

BLECommOperationTest > value can be large array() STARTED

FrequencyTrialTest > calculateAverage with multiple RSSI values() STARTED

FrequencyTrialTest > initial state has empty RSSI list() STARTED

FrequencyTrialTest > success rate calculation() STARTED

FrequencyTrialTest > calculateAverage does not modify rssiList() STARTED

FrequencyTrialTest > can set successes() STARTED

FrequencyTrialTest > initial state has zero tries() STARTED

FrequencyTrialTest > calculateAverage with very strong signals() STARTED

FrequencyTrialTest > rssi list is mutable() STARTED

FrequencyTrialTest > calculateAverage handles mixed positive and negative RSSI() STARTED

FrequencyTrialTest > zero tries avoids division by zero() STARTED

FrequencyTrialTest > realistic pump frequency trial scenario() STARTED

FrequencyTrialTest > calculateAverage with single RSSI value() STARTED

FrequencyTrialTest > calculateAverage with empty list returns -99() STARTED

FrequencyTrialTest > initial state has zero average RSSI() STARTED

FrequencyTrialTest > calculateAverage uses absolute values correctly() STARTED

FrequencyTrialTest > initial state has zero frequency() STARTED

FrequencyTrialTest > can set tries() STARTED

FrequencyTrialTest > calculateAverage with very weak signals() STARTED

BLECommOperationResultTest > initial state has RESULT_NONE code() STARTED

BLECommOperationResultTest > can overwrite existing value() STARTED

BLECommOperationResultTest > initial state has null value() STARTED

BLECommOperationResultTest > realistic interrupted scenario() STARTED

BLECommOperationResultTest > can create successful result with value() STARTED

BLECommOperationResultTest > realistic timeout scenario() STARTED

BLECommOperationResultTest > can set result code to SUCCESS() STARTED

BLECommOperationResultTest > RESULT_BUSY constant has value 3() STARTED

BLECommOperationResultTest > realistic busy scenario() STARTED

BLECommOperationResultTest > can set result code to BUSY() STARTED

BLECommOperationResultTest > can set result code to TIMEOUT() STARTED

BLECommOperationResultTest > realistic success scenario() STARTED

BLECommOperationResultTest > RESULT_SUCCESS constant has value 1() STARTED

BLECommOperationResultTest > value can be empty array() STARTED

BLECommOperationResultTest > can set result code to INTERRUPTED() STARTED

BLECommOperationResultTest > RESULT_NOT_CONFIGURED constant has value 5() STARTED

BLECommOperationResultTest > RESULT_NONE constant has value 0() STARTED

BLECommOperationResultTest > can overwrite existing result code() STARTED

BLECommOperationResultTest > can create timeout result without value() STARTED

BLECommOperationResultTest > can set result code to NOT_CONFIGURED() STARTED

BLECommOperationResultTest > realistic not configured scenario() STARTED

BLECommOperationResultTest > multiple instances are independent() STARTED

BLECommOperationResultTest > RESULT_INTERRUPTED constant has value 4() STARTED

BLECommOperationResultTest > RESULT_TIMEOUT constant has value 2() STARTED

BLECommOperationResultTest > value can be large array() STARTED

BLECommOperationResultTest > can set value() STARTED

> Task :pump:omnipod:dash:kspFullDebugUnitTestKotlin
> Task :pump:omnipod:dash:javaPreCompileFullDebugUnitTest

> Task :plugins:sync:testFullDebugUnitTest

NSClientPluginTest > specialShowInListConditionTest() STARTED

BolusCalculatorResultExtensionKtTest > toBolusCalculatorResult() STARTED

FoodExtensionKtTest > toFood() STARTED

TherapyEventExtensionKtTest > toTherapyEvent() STARTED

LoadFoodsWorkerTest > successful load clears lastOperationError() STARTED

> Task :app:kspFullDebugKotlin
> Task :pump:omnipod:common:processFullDebugUnitTestResources

> Task :plugins:sync:testFullDebugUnitTest

LoadFoodsWorkerTest > loads on every 5th attempt - counter 0() STARTED

LoadFoodsWorkerTest > loads on every 5th attempt - counter 0() STANDARD_OUT
    DEBUG: : NSCLIENT FOODS: []

LoadFoodsWorkerTest > loads on every 5th attempt - counter 9() STARTED

LoadFoodsWorkerTest > error handling returns failure and sets lastOperationError() STARTED

LoadFoodsWorkerTest > error handling returns failure and sets lastOperationError() STANDARD_OUT
    ERROR: Error:  java.lang.RuntimeException: Network error

LoadFoodsWorkerTest > notInitializedAndroidClient returns failure() STARTED

LoadFoodsWorkerTest > loads empty food list() STARTED

LoadFoodsWorkerTest > loads empty food list() STANDARD_OUT
    DEBUG: : NSCLIENT FOODS: []

LoadFoodsWorkerTest > requests 1000 foods maximum() STARTED

LoadFoodsWorkerTest > requests 1000 foods maximum() STANDARD_OUT
    DEBUG: : NSCLIENT FOODS: []

LoadFoodsWorkerTest > loads foods on 5th attempt() STARTED

LoadFoodsWorkerTest > loads foods on 5th attempt() STANDARD_OUT
    DEBUG: : NSCLIENT FOODS: [NSFood(date=1656358822000, device=null, identifier=some, units=null, srvModified=null, srvCreated=null, subject=null, isReadOnly=false, isValid=true, app=null, name=Apple, category=Fruit, subCategory=Fresh, portion=100.0, carbs=13, fat=0, protein=0, energy=52, unit=g, gi=null)]

LoadFoodsWorkerTest > loads multiple foods() STARTED

LoadFoodsWorkerTest > loads multiple foods() STANDARD_OUT
    DEBUG: : NSCLIENT FOODS: [NSFood(date=1656358822000, device=null, identifier=some, units=null, srvModified=null, srvCreated=null, subject=null, isReadOnly=false, isValid=true, app=null, name=Apple, category=Fruit, subCategory=Fresh, portion=100.0, carbs=13, fat=0, protein=0, energy=52, unit=g, gi=null), NSFood(date=1656358822000, device=null, identifier=some, units=null, srvModified=null, srvCreated=null, subject=null, isReadOnly=false, isValid=true, app=null, name=Banana, category=Fruit, subCategory=Fresh, portion=100.0, carbs=23, fat=0, protein=1, energy=89, unit=g, gi=null)]

OHViewModelTest > non-null state means logged in with projectMemberId() STARTED

OHViewModelTest > null state means logged out() STARTED

OHViewModelTest > transition from logged in back to null resets state() STARTED

SmsTest > doTests() STARTED

> Task :shared:impl:processFullDebugUnitTestResources

> Task :pump:omnipod:eros:mergeFullDebugUnitTestResources
C:\Users\craig\StudioProjects\AndroidAPS\AndroidAPSApril26\core\ui\build\intermediates\packaged_res\fullDebug\packageFullDebugResources\values-ro-rRO\values-ro-rRO.xml:730:4: Multiple substitutions specified in non-positional format of string resource string/scene_wizard_info_luteal_phase. Did you mean to add the formatted="false" attribute?
C:\Users\craig\StudioProjects\AndroidAPS\AndroidAPSApril26\core\ui\build\intermediates\packaged_res\fullDebug\packageFullDebugResources\values-ro-rRO\values-ro-rRO.xml:734:4: Multiple substitutions specified in non-positional format of string resource string/scene_wizard_info_sick_day. Did you mean to add the formatted="false" attribute?
C:\Users\craig\StudioProjects\AndroidAPS\AndroidAPSApril26\core\ui\build\intermediates\packaged_res\fullDebug\packageFullDebugResources\values-ro-rRO\values-ro-rRO.xml:743:4: Multiple substitutions specified in non-positional format of string resource string/scene_wizard_profile_info. Did you mean to add the formatted="false" attribute?
C:\Users\craig\StudioProjects\AndroidAPS\AndroidAPSApril26\core\interfaces\build\intermediates\packaged_res\fullDebug\packageFullDebugResources\values-es-rES\values-es-rES.xml:30:4: Multiple substitutions specified in non-positional format of string resource string/half_basal_exercise_target_summary. Did you mean to add the formatted="false" attribute?
C:\Users\craig\StudioProjects\AndroidAPS\AndroidAPSApril26\core\ui\build\intermediates\packaged_res\fullDebug\packageFullDebugResources\values-es-rES\values-es-rES.xml:727:4: Multiple substitutions specified in non-positional format of string resource string/scene_wizard_info_luteal_phase. Did you mean to add the formatted="false" attribute?
C:\Users\craig\StudioProjects\AndroidAPS\AndroidAPSApril26\core\ui\build\intermediates\packaged_res\fullDebug\packageFullDebugResources\values-es-rES\values-es-rES.xml:731:4: Multiple substitutions specified in non-positional format of string resource string/scene_wizard_info_sick_day. Did you mean to add the formatted="false" attribute?
C:\Users\craig\StudioProjects\AndroidAPS\AndroidAPSApril26\core\ui\build\intermediates\packaged_res\fullDebug\packageFullDebugResources\values-es-rES\values-es-rES.xml:740:4: Multiple substitutions specified in non-positional format of string resource string/scene_wizard_profile_info. Did you mean to add the formatted="false" attribute?
C:\Users\craig\StudioProjects\AndroidAPS\AndroidAPSApril26\core\ui\build\intermediates\packaged_res\fullDebug\packageFullDebugResources\values-zh-rTW\values-zh-rTW.xml:724:4: Multiple substitutions specified in non-positional format of string resource string/scene_wizard_info_luteal_phase. Did you mean to add the formatted="false" attribute?
C:\Users\craig\StudioProjects\AndroidAPS\AndroidAPSApril26\core\ui\build\intermediates\packaged_res\fullDebug\packageFullDebugResources\values-zh-rTW\values-zh-rTW.xml:728:4: Multiple substitutions specified in non-positional format of string resource string/scene_wizard_info_sick_day. Did you mean to add the formatted="false" attribute?
C:\Users\craig\StudioProjects\AndroidAPS\AndroidAPSApril26\core\ui\build\intermediates\packaged_res\fullDebug\packageFullDebugResources\values-zh-rTW\values-zh-rTW.xml:737:4: Multiple substitutions specified in non-positional format of string resource string/scene_wizard_profile_info. Did you mean to add the formatted="false" attribute?
C:\Users\craig\StudioProjects\AndroidAPS\AndroidAPSApril26\core\ui\build\intermediates\packaged_res\fullDebug\packageFullDebugResources\values-fr-rFR\values-fr-rFR.xml:727:4: Multiple substitutions specified in non-positional format of string resource string/scene_wizard_info_luteal_phase. Did you mean to add the formatted="false" attribute?
C:\Users\craig\StudioProjects\AndroidAPS\AndroidAPSApril26\core\ui\build\intermediates\packaged_res\fullDebug\packageFullDebugResources\values-fr-rFR\values-fr-rFR.xml:731:4: Multiple substitutions specified in non-positional format of string resource string/scene_wizard_info_sick_day. Did you mean to add the formatted="false" attribute?
C:\Users\craig\StudioProjects\AndroidAPS\AndroidAPSApril26\core\ui\build\intermediates\packaged_res\fullDebug\packageFullDebugResources\values-fr-rFR\values-fr-rFR.xml:740:4: Multiple substitutions specified in non-positional format of string resource string/scene_wizard_profile_info. Did you mean to add the formatted="false" attribute?
C:\Users\craig\StudioProjects\AndroidAPS\AndroidAPSApril26\core\ui\build\intermediates\packaged_res\fullDebug\packageFullDebugResources\values-vi-rVN\values-vi-rVN.xml:724:4: Multiple substitutions specified in non-positional format of string resource string/scene_wizard_info_luteal_phase. Did you mean to add the formatted="false" attribute?
C:\Users\craig\StudioProjects\AndroidAPS\AndroidAPSApril26\core\ui\build\intermediates\packaged_res\fullDebug\packageFullDebugResources\values-vi-rVN\values-vi-rVN.xml:728:4: Multiple substitutions specified in non-positional format of string resource string/scene_wizard_info_sick_day. Did you mean to add the formatted="false" attribute?
C:\Users\craig\StudioProjects\AndroidAPS\AndroidAPSApril26\core\ui\build\intermediates\packaged_res\fullDebug\packageFullDebugResources\values-vi-rVN\values-vi-rVN.xml:737:4: Multiple substitutions specified in non-positional format of string resource string/scene_wizard_profile_info. Did you mean to add the formatted="false" attribute?

> Task :pump:combov2:comboctl:processFullDebugUnitTestResources

> Task :pump:medtrum:testFullDebugUnitTest

CancelTempBasalPacketTest > getRequestGivenPacketWhenCalledThenReturnOpCode() STARTED

ActivatePacketTest > handleResponseGivenPacketWhenValuesSetThenReturnCorrectValues() STARTED

MedtrumPumpTest > handleBasalStatusUpdateWhenBasalTypeIsStandardAndNoTempBasalExpectedThenExpectNoSyncStop() STARTED

> Task :plugins:source:compileFullDebugUnitTestKotlin
> Task :plugins:source:processFullDebugUnitTestJavaRes
> Task :plugins:source:compileFullDebugUnitTestJavaWithJavac NO-SOURCE
> Task :plugins:source:hiltSyncFullDebugUnitTest

> Task :plugins:constraints:testFullDebugUnitTest

DstHelperPluginTest > runTest() STARTED

> Task :pump:omnipod:dash:processFullDebugUnitTestResources
> Task :shared:impl:packageFullDebugUnitTestForUnitTest
> Task :plugins:source:hiltAggregateDepsFullDebugUnitTest
> Task :plugins:source:hiltJavaCompileFullDebugUnitTest NO-SOURCE
> Task :shared:impl:generateFullDebugUnitTestConfig
> Task :pump:omnipod:common:packageFullDebugUnitTestForUnitTest
> Task :pump:omnipod:dash:packageFullDebugUnitTestForUnitTest
e: file:///C:/Users/craig/StudioProjects/AndroidAPS/AndroidAPSApril26/pump/omnipod/common/src/test/kotlin/app/aaps/pump/omnipod/common/bledriver/pod/state/CalculateBolusPulseIncreaseTest.kt:29:78 Too many arguments for 'constructor(logger: AAPSLogger, rxBus: RxBus, preferences: Preferences): OmnipodDashPodStateManagerImpl'.
e: file:///C:/Users/craig/StudioProjects/AndroidAPS/AndroidAPSApril26/pump/omnipod/common/src/test/kotlin/app/aaps/pump/omnipod/common/bledriver/pod/state/IntegrateExpectedDeliveryTest.kt:48:78 Too many arguments for 'constructor(logger: AAPSLogger, rxBus: RxBus, preferences: Preferences): OmnipodDashPodStateManagerImpl'.
e: file:///C:/Users/craig/StudioProjects/AndroidAPS/AndroidAPSApril26/pump/omnipod/common/src/test/kotlin/app/aaps/pump/omnipod/common/bledriver/pod/state/NeedsBasalCorrectionTest.kt:40:78 Too many arguments for 'constructor(logger: AAPSLogger, rxBus: RxBus, preferences: Preferences): OmnipodDashPodStateManagerImpl'.
e: file:///C:/Users/craig/StudioProjects/AndroidAPS/AndroidAPSApril26/pump/omnipod/common/src/test/kotlin/app/aaps/pump/omnipod/common/bledriver/pod/state/UpdatePodStateBolusTrackingTest.kt:40:78 Too many arguments for 'constructor(logger: AAPSLogger, rxBus: RxBus, preferences: Preferences): OmnipodDashPodStateManagerImpl'.
> Task :pump:omnipod:dash:generateFullDebugUnitTestConfig

> Task :pump:omnipod:common:compileFullDebugUnitTestKotlin

> Task :pump:omnipod:common:compileFullDebugUnitTestKotlin FAILED

> Task :pump:omnipod:eros:mergeFullDebugUnitTestResources
C:\Users\craig\StudioProjects\AndroidAPS\AndroidAPSApril26\core\ui\build\intermediates\packaged_res\fullDebug\packageFullDebugResources\values\values.xml:755:4: Multiple substitutions specified in non-positional format of string resource string/scene_wizard_info_luteal_phase. Did you mean to add the formatted="false" attribute?
C:\Users\craig\StudioProjects\AndroidAPS\AndroidAPSApril26\core\ui\build\intermediates\packaged_res\fullDebug\packageFullDebugResources\values\values.xml:759:4: Multiple substitutions specified in non-positional format of string resource string/scene_wizard_info_sick_day. Did you mean to add the formatted="false" attribute?
C:\Users\craig\StudioProjects\AndroidAPS\AndroidAPSApril26\core\ui\build\intermediates\packaged_res\fullDebug\packageFullDebugResources\values\values.xml:768:4: Multiple substitutions specified in non-positional format of string resource string/scene_wizard_profile_info. Did you mean to add the formatted="false" attribute?

> Task :pump:omnipod:eros:processFullDebugUnitTestManifest

> Task :pump:medtrum:testFullDebugUnitTest

MedtrumPumpTest > handleBasalStatusUpdateWhenBasalTypeIsStandardAndNoTempBasalExpectedThenExpectNoSyncStop() STANDARD_OUT
    DEBUG: : PUMP handleBasalStatusUpdate: basalType: STANDARD basalValue: 0.0 basalSequence: 123 basalPatchId: 1 basalStartTime: 1000 receivedTime: 1500
    ERROR: PUMP handleBasalStatusUpdate: WTF? PatchId in status update does not match current patchId!

MedtrumPumpTest > handleBasalStatusUpdateWhenBasalTypeIsAbsoluteTempAndSameExpectedTemporaryBasalInfoThenExpectNoPumpSync() STARTED

MedtrumPumpTest > handleBasalStatusUpdateWhenBasalTypeIsAbsoluteTempAndSameExpectedTemporaryBasalInfoThenExpectNoPumpSync() STANDARD_OUT
    DEBUG: : PUMP handleBasalStatusUpdate: basalType: ABSOLUTE_TEMP basalValue: 0.5 basalSequence: 123 basalPatchId: 1 basalStartTime: 1000 receivedTime: 1500
    ERROR: PUMP handleBasalStatusUpdate: WTF? PatchId in status update does not match current patchId!

MedtrumPumpTest > buildMedtrumProfileArrayGivenProfileWhenValuesSetThenReturnCorrectByteArray() STARTED

MedtrumPumpTest > buildMedtrumProfileArrayGivenProfileWhenValuesSetThenReturnCorrectByteArray() STANDARD_OUT
    DEBUG: : PUMP buildMedtrumProfileArray: value: 2.1 time: 0, converted: 42, 0
    DEBUG: : PUMP buildMedtrumProfileArray: value: 1.9 time: 14400, converted: 38, 240
    DEBUG: : PUMP buildMedtrumProfileArray: value: 1.7 time: 21600, converted: 34, 360
    DEBUG: : PUMP buildMedtrumProfileArray: value: 1.5 time: 28800, converted: 30, 480
    DEBUG: : PUMP buildMedtrumProfileArray: value: 1.6 time: 57600, converted: 32, 960
    DEBUG: : PUMP buildMedtrumProfileArray: value: 1.7 time: 75600, converted: 34, 1260
    DEBUG: : PUMP buildMedtrumProfileArray: value: 2.0 time: 82800, converted: 40, 1380

MedtrumPumpTest > handleBasalStatusUpdateWhenBasalTypeIsAbsoluteTempAndTemporaryBasalInfoThenExpectNewData() STARTED

MedtrumPumpTest > handleBasalStatusUpdateWhenBasalTypeIsAbsoluteTempAndTemporaryBasalInfoThenExpectNewData() STANDARD_OUT
    DEBUG: : PUMP handleBasalStatusUpdate: basalType: ABSOLUTE_TEMP basalValue: 0.5 basalSequence: 123 basalPatchId: 1 basalStartTime: 1000 receivedTime: 1500
    DEBUG: : PUMPCOMM handleBasalStatusUpdate: **NEW** EVENT TEMP_START (ABSOLUTE_TEMP) 12/31/69 08:00 PM (1000) Rate: 0.5 Duration: 300000 temporaryBasalInfo: Mock for TemporaryBasal, hashCode: 1626571070, expectedTemporaryBasal: Mock for TemporaryBasal, hashCode: 1674513830
    ERROR: PUMP handleBasalStatusUpdate: WTF? PatchId in status update does not match current patchId!

MedtrumPumpTest > handleBolusStatusUpdateWhenCalledExpectNewData() STARTED

MedtrumPumpTest > handleBolusStatusUpdateWhenCalledExpectNewData() STANDARD_OUT
    DEBUG: : PUMP handleBolusStatusUpdate: bolusType: 0 bolusCompleted: false amountDelivered: 1.4

MedtrumPumpTest > handleBasalStatusUpdateWhenBasalTypeIsSuspendedAndNewerFakeTBRThenExpectInvalidateAndNewData() STARTED

MedtrumPumpTest > handleBasalStatusUpdateWhenBasalTypeIsSuspendedAndNewerFakeTBRThenExpectInvalidateAndNewData() STANDARD_OUT
    DEBUG: : PUMP handleBasalStatusUpdate: basalType: SUSPEND_MORE_THAN_MAX_PER_DAY basalValue: 0.0 basalSequence: 123 basalPatchId: 1 basalStartTime: 1000 receivedTime: 1500
    DEBUG: : PUMPCOMM handleBasalStatusUpdate: invalidateTemporaryBasal: 601000
    DEBUG: : PUMPCOMM handleBasalStatusUpdate: **NEW** EVENT TEMP_START (SUSPEND_MORE_THAN_MAX_PER_DAY) 12/31/69 08:00 PM (1000) expectedTemporaryBasMock for TemporaryBasal, hashCode: 524014602
    ERROR: PUMP handleBasalStatusUpdate: WTF? PatchId in status update does not match current patchId!

MedtrumPumpTest > handleStopStatusUpdateWhenSequenceThenExpectUpdate() STARTED

MedtrumPumpTest > handleStopStatusUpdateWhenSequenceThenExpectUpdate() STANDARD_OUT
    DEBUG: : PUMP handleStopStatusUpdate: stopSequence: 101 stopPatchId: 3
    ERROR: PUMP handleStopStatusUpdate: WTF? PatchId in status update does not match current patchId!

MedtrumPumpTest > handleBasalStatusUpdateWhenBasalTypeIsRelativeTempAndTemporaryBasalInfoThenExpectNewData() STARTED

MedtrumPumpTest > handleBasalStatusUpdateWhenBasalTypeIsRelativeTempAndTemporaryBasalInfoThenExpectNewData() STANDARD_OUT
    DEBUG: : PUMP buildMedtrumProfileArray: value: 1.0 time: 0, converted: 20, 0
    DEBUG: : PUMP handleBasalStatusUpdate: basalType: RELATIVE_TEMP basalValue: 0.5 basalSequence: 123 basalPatchId: 1 basalStartTime: 1000 receivedTime: 1500
    DEBUG: : PUMP getHourlyBasalFromMedtrumProfileArray: basal: 1.0
    DEBUG: : PUMPCOMM handleBasalStatusUpdate: **NEW** EVENT TEMP_START (RELATIVE_TEMP) 12/31/69 08:00 PM (1000) Rate: 0.5 Duration: 300000 temporaryBasalInfo: Mock for TemporaryBasal, hashCode: 1915418195, expectedTemporaryBasal: Mock for TemporaryBasal, hashCode: 113722330
    ERROR: PUMP handleBasalStatusUpdate: WTF? PatchId in status update does not match current patchId!
    DEBUG: : PUMP getHourlyBasalFromMedtrumProfileArray: basal: 1.0

MedtrumPumpTest > getCurrentHourlyBasalFromMedtrumProfileArrayGivenProfileWhenValuesSetThenReturnCorrectValue() STARTED

MedtrumPumpTest > getCurrentHourlyBasalFromMedtrumProfileArrayGivenProfileWhenValuesSetThenReturnCorrectValue() STANDARD_OUT
    DEBUG: : PUMP buildMedtrumProfileArray: value: 2.1 time: 0, converted: 42, 0
    DEBUG: : PUMP buildMedtrumProfileArray: value: 1.9 time: 14400, converted: 38, 240
    DEBUG: : PUMP buildMedtrumProfileArray: value: 1.7 time: 21600, converted: 34, 360
    DEBUG: : PUMP buildMedtrumProfileArray: value: 1.5 time: 28800, converted: 30, 480
    DEBUG: : PUMP buildMedtrumProfileArray: value: 1.6 time: 57600, converted: 32, 960
    DEBUG: : PUMP buildMedtrumProfileArray: value: 1.7 time: 75600, converted: 34, 1260
    DEBUG: : PUMP buildMedtrumProfileArray: value: 2.0 time: 82800, converted: 40, 1380
    DEBUG: : PUMP getHourlyBasalFromMedtrumProfileArray: basal: 2.1
    DEBUG: : PUMP getHourlyBasalFromMedtrumProfileArray: basal: 1.7000000000000002
    DEBUG: : PUMP getHourlyBasalFromMedtrumProfileArray: basal: 2.0
    DEBUG: : PUMP getHourlyBasalFromMedtrumProfileArray: basal: 2.1

MedtrumPumpTest > handleBasalStatusUpdateWhenBasalTypeIsSuspendedThenExpectNewData() STARTED

CancelTempBasalPacketTest > handleResponseGivenPacketWhenValuesSetThenReturnCorrectValues() STARTED

MedtrumPumpTest > handleBasalStatusUpdateWhenBasalTypeIsSuspendedThenExpectNewData() STANDARD_OUT
    DEBUG: : PUMP handleBasalStatusUpdate: basalType: SUSPEND_MORE_THAN_MAX_PER_DAY basalValue: 0.0 basalSequence: 123 basalPatchId: 1 basalStartTime: 1000 receivedTime: 1500
    DEBUG: : PUMPCOMM handleBasalStatusUpdate: **NEW** EVENT TEMP_START (SUSPEND_MORE_THAN_MAX_PER_DAY) 12/31/69 08:00 PM (1000) expectedTemporaryBasMock for TemporaryBasal, hashCode: 1690263751
    ERROR: PUMP handleBasalStatusUpdate: WTF? PatchId in status update does not match current patchId!

MedtrumPumpTest > handleNewPatchCalledWhenCalledExpectNewDataPresent() STARTED

MedtrumPumpTest > handleBasalStatusUpdateWhenBasalTypeIsStandardAndTempBasalExpectedThenExpectSyncStop() STARTED

MedtrumPumpTest > handleBasalStatusUpdateWhenBasalTypeIsStandardAndTempBasalExpectedThenExpectSyncStop() STANDARD_OUT
    DEBUG: : PUMP handleBasalStatusUpdate: basalType: STANDARD basalValue: 0.0 basalSequence: 123 basalPatchId: 1 basalStartTime: 1000 receivedTime: 1500

CancelTempBasalPacketTest > handleResponseGivenPacketWhenValuesSetThenReturnCorrectValues() STANDARD_OUT
    DEBUG: : PUMPCOMM handleResponse: Happy command: 25 response: 0
    DEBUG: : PUMP handleBasalStatusUpdate: basalType: STANDARD basalValue: 1.1 basalSequence: 3 basalPatchId: 146 basalStartTime: 1679575392000 receivedTime: 1656358822000
    ERROR: PUMP handleBasalStatusUpdate: WTF? PatchId in status update does not match current patchId!

CancelTempBasalPacketTest > handleResponseGivenResponseWhenMessageTooShortThenResultFalse() STARTED

MedtrumPumpTest > handleBasalStatusUpdateWhenBasalTypeIsStandardAndTempBasalExpectedThenExpectSyncStop() STANDARD_OUT
    DEBUG: : PUMPCOMM handleBasalStatusUpdate: EVENT TEMP_END 12/31/69 08:00 PM (1000) success: true
    ERROR: PUMP handleBasalStatusUpdate: WTF? PatchId in status update does not match current patchId!

MedtrumPumpTest > buildMedtrumProfileArrayGiveProfileWhenValuesTooHighThenReturnNull() STARTED

MedtrumPumpTest > buildMedtrumProfileArrayGiveProfileWhenValuesTooHighThenReturnNull() STANDARD_OUT
    ERROR: PUMP buildMedtrumProfileArray: rate or time too large: 12000, 0

MedtrumPumpTest > handleBasalStatusUpdateWhenBasalTypeIsAbsoluteTempAndNoTemporaryBasalInfoThenExpectNewData() STARTED

MedtrumPumpTest > handleBasalStatusUpdateWhenBasalTypeIsAbsoluteTempAndNoTemporaryBasalInfoThenExpectNewData() STANDARD_OUT
    DEBUG: : PUMP handleBasalStatusUpdate: basalType: ABSOLUTE_TEMP basalValue: 0.5 basalSequence: 123 basalPatchId: 1 basalStartTime: 1000 receivedTime: 1500
    DEBUG: : PUMPCOMM handleBasalStatusUpdate: **NEW** EVENT TEMP_START (ABSOLUTE_TEMP) 12/31/69 08:00 PM (1000) Rate: 0.5 Duration: 288000000 temporaryBasalInfo: null, expectedTemporaryBasal: Mock for TemporaryBasal, hashCode: 2068690053
    ERROR: PUMP handleBasalStatusUpdate: WTF? PatchId in status update does not match current patchId!

CancelTempBasalPacketTest > handleResponseGivenResponseWhenMessageTooShortThenResultFalse() STANDARD_OUT
    DEBUG: : PUMPCOMM handleResponse: Unexpected response length, expected: 17 got: 16

NotificationPacketTest > handleNotificationGivenWrongPatchIDThenNothingSaved() STARTED

NotificationPacketTest > handleNotificationGivenWrongPatchIDThenNothingSaved() STANDARD_OUT
    DEBUG: : PUMPCOMM Notification state: ACTIVE, current state: NONE
    DEBUG: : PUMPCOMM State changed from NONE to ACTIVE
    ERROR: PUMPCOMM Mismatched patch ID: 15 vs stored patchID: 14
    ERROR: PUMPCOMM Invalid data in message

NotificationPacketTest > handleNotificationGivenBolusInProgressThenDataSaved() STARTED

NotificationPacketTest > handleNotificationGivenBolusInProgressThenDataSaved() STANDARD_OUT
    DEBUG: : PUMPCOMM Notification state: ACTIVE, current state: NONE
    DEBUG: : PUMPCOMM State changed from NONE to ACTIVE
    DEBUG: : PUMPCOMM Message field mask: 4130
    DEBUG: : PUMPCOMM Normal bolus notification received
    DEBUG: : PUMPCOMM Bolus type: 0, bolusData: 0 bolus completed: false, bolus delivered: 0.15000000000000002
    DEBUG: : PUMP handleBolusStatusUpdate: bolusType: 0 bolusCompleted: false amountDelivered: 0.15000000000000002
    DEBUG: : PUMPCOMM Reservoir notification received
    DEBUG: : PUMPCOMM Reservoir: 163.5
    DEBUG: : PUMPCOMM Unused CGM notification received, not handled!
    DEBUG: : PUMPCOMM Unused CGM data: 0

NotificationPacketTest > handleNotificationGivenSequenceAndOtherDataThenDataSaved() STARTED

MedtrumPumpTest > handleNewPatchCalledWhenSequenceNumberThenExpectPumpSyncCalled() STARTED

MedtrumPumpTest > handleBasalStatusUpdateWhenBasalTypeIsATypeIsSuspendedAndSameExpectedTemporaryBasalInfoThenExpectNoPumpSync() STARTED

NotificationPacketTest > handleNotificationGivenSequenceAndOtherDataThenDataSaved() STANDARD_OUT
    DEBUG: : PUMPCOMM Notification state: ACTIVE, current state: NONE
    DEBUG: : PUMPCOMM State changed from NONE to ACTIVE
    DEBUG: : PUMPCOMM Message field mask: 4352
    DEBUG: : PUMPCOMM Storage notification received
    WARN: PUMPCOMM handleMaskedMessage: We got wrong patch id!
    DEBUG: : PUMPCOMM Last known sequence number: 167, patch id: 14
    DEBUG: : PUMPCOMM Unused CGM notification received, not handled!
    DEBUG: : PUMPCOMM Unused CGM data: 0

NotificationPacketTest > handleNotificationGivenBolusOutOfRangeThenNothingSaved() STARTED

NotificationPacketTest > handleNotificationGivenBolusOutOfRangeThenNothingSaved() STANDARD_OUT
    DEBUG: : PUMPCOMM Notification state: ACTIVE, current state: NONE
    DEBUG: : PUMPCOMM State changed from NONE to ACTIVE
    ERROR: PUMPCOMM Invalid bolus delivered: 1644.8000000000002
    ERROR: PUMPCOMM Invalid data in message

NotificationPacketTest > handleNotificationGiveBasalOutOfRangeInBasalDataThenNothingSaved() STARTED

NotificationPacketTest > handleNotificationGiveBasalOutOfRangeInBasalDataThenNothingSaved() STANDARD_OUT
    DEBUG: : PUMPCOMM Notification state: ACTIVE, current state: NONE
    DEBUG: : PUMPCOMM State changed from NONE to ACTIVE
    ERROR: PUMPCOMM Invalid basal rate: 198.35000000000002
    ERROR: PUMPCOMM Invalid data in message

NotificationPacketTest > handleNotificationGivenFieldMaskButMessageTooShortThenNothingSaved() STARTED

NotificationPacketTest > handleNotificationGivenFieldMaskButMessageTooShortThenNothingSaved() STANDARD_OUT
    DEBUG: : PUMPCOMM Notification state: HOURLY_MAX_SUSPENDED, current state: NONE
    DEBUG: : PUMPCOMM State changed from NONE to HOURLY_MAX_SUSPENDED
    ERROR: PUMPCOMM Incorrect message length. Expected at least 30 bytes.

NotificationPacketTest > handleNotificationGivenReservoirOutOfRangeThenNothingSaved() STARTED

NotificationPacketTest > handleNotificationGivenReservoirOutOfRangeThenNothingSaved() STANDARD_OUT
    DEBUG: : PUMPCOMM Notification state: ACTIVE, current state: NONE
    DEBUG: : PUMPCOMM State changed from NONE to ACTIVE
    ERROR: PUMPCOMM Invalid reservoir value: 1644.8000000000002
    ERROR: PUMPCOMM Invalid data in message

NotificationPacketTest > handleNotificationGivenErroneousMessageThenNothingSaved() STARTED

NotificationPacketTest > handleNotificationGivenErroneousMessageThenNothingSaved() STANDARD_OUT
    DEBUG: : PUMPCOMM Notification state: ACTIVE, current state: NONE
    DEBUG: : PUMPCOMM State changed from NONE to ACTIVE
    ERROR: PUMPCOMM Invalid bolus delivered: 3251.4
    ERROR: PUMPCOMM Invalid data in message

NotificationPacketTest > handleNotificationGivenBasalDataThenDataSaved() STARTED

NotificationPacketTest > handleNotificationGivenBasalDataThenDataSaved() STANDARD_OUT
    DEBUG: : PUMPCOMM Notification state: ACTIVE, current state: NONE
    DEBUG: : PUMPCOMM State changed from NONE to ACTIVE
    DEBUG: : PUMPCOMM Message field mask: 16424
    DEBUG: : PUMPCOMM Basal notification received
    DEBUG: : PUMPCOMM Basal type: ABSOLUTE_TEMP, basal sequence: 25, basal patch id: 14, basal time: 1685126612000, basal rate: 0.8500000000000001, basal delivery: 0.2
    DEBUG: : PUMP handleBasalStatusUpdate: basalType: ABSOLUTE_TEMP basalValue: 0.8500000000000001 basalSequence: 25 basalPatchId: 14 basalStartTime: 1685126612000 receivedTime: 1656358822000
    DEBUG: : PUMPCOMM handleBasalStatusUpdate: **NEW** EVENT TEMP_START (ABSOLUTE_TEMP) 5/26/23 02:43 PM (1685126612000) Rate: 0.8500000000000001 Duration: 288000000 temporaryBasalInfo: null, expectedTemporaryBasal: null
    ERROR: PUMP handleBasalStatusUpdate: WTF? PatchId in status update does not match current patchId!
    DEBUG: : PUMPCOMM Reservoir notification received
    DEBUG: : PUMPCOMM Reservoir: 186.8
    DEBUG: : PUMPCOMM Unused auto status notification received, not handled!
    DEBUG: : PUMPCOMM Unused auto status data: 4096

NotificationPacketTest > handleNotificationGivenBolusFinishedThenDataSaved() STARTED

NotificationPacketTest > handleNotificationGivenBolusFinishedThenDataSaved() STANDARD_OUT
    DEBUG: : PUMPCOMM Notification state: ACTIVE, current state: NONE
    DEBUG: : PUMPCOMM State changed from NONE to ACTIVE
    DEBUG: : PUMPCOMM Message field mask: 4386
    DEBUG: : PUMPCOMM Normal bolus notification received
    DEBUG: : PUMPCOMM Bolus type: 0, bolusData: 128 bolus completed: true, bolus delivered: 1.6500000000000001
    DEBUG: : PUMP handleBolusStatusUpdate: bolusType: 0 bolusCompleted: true amountDelivered: 1.6500000000000001
    DEBUG: : PUMPCOMM Reservoir notification received
    DEBUG: : PUMPCOMM Reservoir: 161.95000000000002
    DEBUG: : PUMPCOMM Storage notification received
    WARN: PUMPCOMM handleMaskedMessage: We got wrong patch id!
    DEBUG: : PUMPCOMM Last known sequence number: 176, patch id: 14
    DEBUG: : PUMPCOMM Unused CGM notification received, not handled!
    DEBUG: : PUMPCOMM Unused CGM data: 0

NotificationPacketTest > handleNotificationGiveWrongPatchIDInBasalDataThenNothingSaved() STARTED

NotificationPacketTest > handleNotificationGiveWrongPatchIDInBasalDataThenNothingSaved() STANDARD_OUT
    DEBUG: : PUMPCOMM Notification state: ACTIVE, current state: NONE
    DEBUG: : PUMPCOMM State changed from NONE to ACTIVE
    ERROR: PUMPCOMM Mismatched patch ID: 14 vs stored patchID: 15
    ERROR: PUMPCOMM Invalid data in message

NotificationPacketTest > handleNotificationGivenStatusAndDataThenStateSaved() STARTED

NotificationPacketTest > handleNotificationGivenStatusAndDataThenStateSaved() STANDARD_OUT
    DEBUG: : PUMPCOMM Notification state: IDLE, current state: NONE
    DEBUG: : PUMPCOMM State changed from NONE to IDLE

SetBolusMotorPacketTest > getRequestGivenPacketWhenCalledThenReturnOpCode() STARTED

ActivatePacketTest > handleResponseGivenPacketWhenValuesSetThenReturnCorrectValues() STANDARD_OUT
    DEBUG: : PUMPCOMM handleResponse: Happy command: 18 response: 0
    DEBUG: : PUMP handleBasalStatusUpdate: basalType: STANDARD basalValue: 1.5 basalSequence: 1 basalPatchId: 41 basalStartTime: 1675605528000 receivedTime: 1675605528000

StopPatchPacketTest > getRequestGivenPacketWhenCalledThenReturnOpCode() STARTED

StopPatchPacketTest > handleResponseGivenPacketWhenValuesSetThenReturnCorrectValues() STARTED

StopPatchPacketTest > handleResponseGivenPacketWhenValuesSetThenReturnCorrectValues() STANDARD_OUT
    DEBUG: : PUMPCOMM handleResponse: Happy command: 31 response: 0
    DEBUG: : PUMP handleStopStatusUpdate: stopSequence: 23 stopPatchId: 146
    ERROR: PUMP handleStopStatusUpdate: WTF? PatchId in status update does not match current patchId!

StopPatchPacketTest > handleResponseGivenResponseWhenMessageTooShortThenResultFalse() STARTED

StopPatchPacketTest > handleResponseGivenResponseWhenMessageTooShortThenResultFalse() STANDARD_OUT
    DEBUG: : PUMPCOMM handleResponse: Unexpected response length, expected: 10 got: 9

ActivatePacketTest > getRequestGivenPacketWhenValuesSetThenReturnCorrectByteArray() STARTED

ActivatePacketTest > handleResponseGivenResponseWhenMessageTooShortThenResultFalse() STARTED

MedtrumPumpTest > handleBasalStatusUpdateWhenBasalTypeIsATypeIsSuspendedAndSameExpectedTemporaryBasalInfoThenExpectNoPumpSync() STANDARD_OUT
    DEBUG: : PUMP handleBasalStatusUpdate: basalType: SUSPEND_MORE_THAN_MAX_PER_DAY basalValue: 0.0 basalSequence: 123 basalPatchId: 1 basalStartTime: 1000 receivedTime: 1500
    ERROR: PUMP handleBasalStatusUpdate: WTF? PatchId in status update does not match current patchId!

ActivatePacketTest > handleResponseGivenResponseWhenMessageTooShortThenResultFalse() STANDARD_OUT
    DEBUG: : PUMPCOMM handleResponse: Unexpected response length, expected: 25 got: 24

MedtrumPumpTest > handleBasalStatusUpdateWhenBasalTypeIsNoneAndThenExpectFakeTBR() STARTED

MedtrumPumpTest > handleBasalStatusUpdateWhenBasalTypeIsNoneAndThenExpectFakeTBR() STANDARD_OUT
    DEBUG: : PUMP handleBasalStatusUpdate: basalType: NONE basalValue: 0.0 basalSequence: 123 basalPatchId: 1 basalStartTime: 1000 receivedTime: 1500

GetRecordPacketTest > handleResponseGivenBasalRecordWhenTempAndSuspendEndReasonThenExpectPumpSync() STARTED

MedtrumPumpTest > handleBasalStatusUpdateWhenBasalTypeIsNoneAndThenExpectFakeTBR() STANDARD_OUT
    DEBUG: : PUMPCOMM handleBasalStatusUpdate: **NEW** EVENT TEMP_START (FAKE)
    ERROR: PUMP handleBasalStatusUpdate: WTF? PatchId in status update does not match current patchId!

MedtrumPumpTest > setFakeTBRIfNotSetWhenNoFakeTBRAlreadyRunningExpectPumpSync() STARTED

MedtrumPumpTest > setFakeTBRIfNotSetWhenNoFakeTBRAlreadyRunningExpectPumpSync() STANDARD_OUT
    DEBUG: : PUMPCOMM handleBasalStatusUpdate: **NEW** EVENT TEMP_START (FAKE)

GetRecordPacketTest > handleResponseGivenBasalRecordWhenTempAndSuspendEndReasonThenExpectPumpSync() STANDARD_OUT
    DEBUG: : PUMPCOMM handleResponse: Happy command: 99 response: 0
    DEBUG: : PUMPCOMM GetRecordPacket HandleResponse: Record header: 170, unknown: 28, type: 2, serial: 2859923929, patchId: 430, sequence: 5

MedtrumPumpTest > setFakeTBRIfNotSetWhenFakeTBRAlreadyRunningExpectNoPumpSync() STARTED

GetRecordPacketTest > handleResponseGivenBasalRecordWhenTempAndSuspendEndReasonThenExpectPumpSync() STANDARD_OUT
    DEBUG: : PUMPCOMM GetRecordPacket HandleResponse: BASAL_RECORD: Start: 1689613003000, End: 1689613740000, Type: ABSOLUTE_TEMP, EndReason: SUSPEND_MORE_THAN_MAX_PER_HOUR, Rate: 0.8, Delivered: 0.15000000000000002, Percent: 16
    DEBUG: : PUMPCOMM GetRecordPacket HandleResponse: BASAL_RECORD: temp basal

CancelBolusPacketTest > getRequestGivenPacketWhenCalledThenReturnOpCode() STARTED

MedtrumPacketTest > handleResponseGivenResponseWhenOpcodeIsCorrectThenResultTrue() STARTED

MedtrumPacketTest > handleResponseGivenResponseWhenOpcodeIsCorrectThenResultTrue() STANDARD_OUT
    DEBUG: : PUMPCOMM handleResponse: Happy command: 1 response: 0

MedtrumPacketTest > getRequestGivenPacketWhenCalledThenReturnOpCode() STARTED

GetRecordPacketTest > handleResponseGivenBasalRecordWhenTempAndSuspendEndReasonThenExpectPumpSync() STANDARD_OUT
    DEBUG: : PUMPCOMM handleBasalStatusUpdate from record: **NEW** EVENT TEMP_SYNC: (ABSOLUTE_TEMP) 7/17/23 12:56 PM (1689613003000) Rate: 0.8 Duration: 737000
    WARN: PUMPCOMM GetRecordPacket HandleResponse: Got suspended end reason, syncing suspend
    DEBUG: : PUMP handleBasalStatusUpdate: basalType: SUSPEND_MORE_THAN_MAX_PER_HOUR basalValue: 0.0 basalSequence: 5 basalPatchId: 430 basalStartTime: 1689613740000 receivedTime: 1656358822000
    DEBUG: : PUMPCOMM handleBasalStatusUpdate: **NEW** EVENT TEMP_START (SUSPEND_MORE_THAN_MAX_PER_HOUR) 7/17/23 01:09 PM (1689613740000) expectedTemporaryBasnull
    ERROR: PUMP handleBasalStatusUpdate: WTF? PatchId in status update does not match current patchId!

MedtrumPacketTest > handleResponseGivenResponseWhenResponseCodeIsWaitingThenResultFalse() STARTED

MedtrumPacketTest > handleResponseGivenResponseWhenResponseCodeIsWaitingThenResultFalse() STANDARD_OUT
    DEBUG: : PUMPCOMM handleResponse: Waiting command: 1 response: 16384

GetRecordPacketTest > handleResponseGivenBasalRecordWhenSuspendThenExpectPumpSync() STARTED

MedtrumPacketTest > handleResponseGivenResponseWhenResponseCodeIsErrorThenResultFalse() STARTED

MedtrumPacketTest > handleResponseGivenResponseWhenResponseCodeIsErrorThenResultFalse() STANDARD_OUT
    WARN: PUMPCOMM handleResponse: Error in command: 1 response: 1

MedtrumPacketTest > handleResponseGivenResponseWhenOpcodeIsIncorrectThenResultFalse() STARTED

GetRecordPacketTest > handleResponseGivenBasalRecordWhenSuspendThenExpectPumpSync() STANDARD_OUT
    DEBUG: : PUMPCOMM handleResponse: Happy command: 99 response: 0
    DEBUG: : PUMPCOMM GetRecordPacket HandleResponse: Record header: 170, unknown: 28, type: 2, serial: 2859923929, patchId: 427, sequence: 8
    DEBUG: : PUMPCOMM GetRecordPacket HandleResponse: BASAL_RECORD: Start: 1689505660000, End: 1689507733000, Type: SUSPEND_MANUAL, EndReason: SUCCESS, Rate: 0.0, Delivered: 0.0, Percent: 0
    DEBUG: : PUMPCOMM GetRecordPacket HandleResponse: BASAL_RECORD: Suspend basal
    DEBUG: : PUMPCOMM handleBasalStatusUpdate from record: **NEW** EVENT SUSPEND: (SUSPEND_MANUAL) 7/16/23 07:07 AM (1689505660000) Rate: 0.0 Duration: 2073000

MedtrumPacketTest > handleResponseGivenResponseWhenOpcodeIsIncorrectThenResultFalse() STANDARD_OUT
    ERROR: PUMPCOMM handleResponse: Unexpected command, expected: 1 got: 2

MedtrumPacketTest > handleResponseGivenResponseWhenMessageTooShortThenResultFalse() STARTED

MedtrumPacketTest > handleResponseGivenResponseWhenMessageTooShortThenResultFalse() STANDARD_OUT
    DEBUG: : PUMPCOMM handleResponse: Unexpected response length, expected: 6 got: 4

GetRecordPacketTest > handleResponseGivenTDDRecordThenExpectPumpSync() STARTED

SetBasalProfilePacketTest > getRequestGivenPacketWhenCalledThenReturnOpCode() STARTED

SetBasalProfilePacketTest > handleResponseGivenPacketWhenValuesSetThenReturnCorrectValues() STARTED

SetBasalProfilePacketTest > handleResponseGivenPacketWhenValuesSetThenReturnCorrectValues() STANDARD_OUT
    DEBUG: : PUMPCOMM handleResponse: Happy command: 21 response: 0

GetRecordPacketTest > handleResponseGivenTDDRecordThenExpectPumpSync() STANDARD_OUT
    DEBUG: : PUMPCOMM handleResponse: Happy command: 99 response: 0
    DEBUG: : PUMPCOMM GetRecordPacket HandleResponse: Record header: 170, unknown: 80, type: 9, serial: 968059174, patchId: 56, sequence: 82
    DEBUG: : PUMPCOMM GetRecordPacket HandleResponse: TDD_RECORD

SetBasalProfilePacketTest > handleResponseGivenPacketWhenValuesSetThenReturnCorrectValues() STANDARD_OUT
    DEBUG: : PUMP handleBasalStatusUpdate: basalType: STANDARD basalValue: 1.1 basalSequence: 3 basalPatchId: 146 basalStartTime: 1679575392000 receivedTime: 1656358822000
    ERROR: PUMP handleBasalStatusUpdate: WTF? PatchId in status update does not match current patchId!

SetBasalProfilePacketTest > handleResponseGivenResponseWhenMessageTooShortThenResultFalse() STARTED

GetRecordPacketTest > handleResponseGivenTDDRecordThenExpectPumpSync() STANDARD_OUT
    DEBUG: : PUMPCOMM TDD_RECORD: timestamp: 1694556000000, timeZoneOffset: 120, tddMinutes: 1416, glucoseRecordTime: 0, tdd: 53.15, basalTdd: 17.0, glucose: 0.0, unknown: 0.0, meanSomething: 0.0, usedTdd: 64.45, usedIBasal: 1.420295, usedSgBasal: 120.0, usedUMax: 1.906, newTdd: 62.399998, newIBasal: 1.3492802, newSgBasal: 120.0, newUMax: 1.906

SetBasalProfilePacketTest > handleResponseGivenResponseWhenMessageTooShortThenResultFalse() STANDARD_OUT
    DEBUG: : PUMPCOMM handleResponse: Unexpected response length, expected: 17 got: 16

GetRecordPacketTest > handleResponseGivenTDDRecordThenExpectPumpSync() STANDARD_OUT
    DEBUG: : PUMPCOMM handleBasalStatusUpdate from record: **NEW** EVENT TDD: 9/12/23 06:00 PM (1694556000000) TDD: 53.15, BasalTDD: 17.0, BolusTDD: 36.15

SetTimeZonePacketTest > getRequestGivenPacketWhenCalledThenReturnOpCode() STARTED

GetRecordPacketTest > handleResponseGivenComboBolusRecordWhenAndNoDetailedBolusInfoPresentThenExpectPumpSyncWithPumpId() STARTED

GetRecordPacketTest > handleResponseGivenComboBolusRecordWhenAndNoDetailedBolusInfoPresentThenExpectPumpSyncWithPumpId() STANDARD_OUT
    DEBUG: : PUMPCOMM handleResponse: Happy command: 99 response: 0
    DEBUG: : PUMPCOMM GetRecordPacket HandleResponse: Record header: 170, unknown: 40, type: 1, serial: 968059174, patchId: 63, sequence: 8
    DEBUG: : PUMPCOMM GetRecordPacket HandleResponse: BOLUS_RECORD
    DEBUG: : PUMPCOMM GetRecordPacket HandleResponse: BOLUS_RECORD: typeAndWizard: 3, bolusCause: 0, unknown: 0, bolusStartTime: 1694952687000, bolusNormalAmount: 2.0, bolusNormalDelivered: 2.0, bolusExtendedAmount: 1.0, bolusExtendedDuration: 1800000, bolusExtendedDelivered: 1.0, bolusCarb: 0, bolusGlucose: 0, bolusIOB: 0, unknown1: 0, unknown2: 0, bolusType: COMBI, bolusWizard: false

SetTimeZonePacketTest > getRequestGivenPacketWhenCalledThenReturnOpCode() STANDARD_OUT
    DEBUG: : PUMPCOMM Requested offset: -240 minutes

SetTimeZonePacketTest > handleResponseGivenPacketWhenValuesSetThenReturnCorrectValues() STARTED

SetTimeZonePacketTest > handleResponseGivenPacketWhenValuesSetThenReturnCorrectValues() STANDARD_OUT
    DEBUG: : PUMPCOMM handleResponse: Happy command: 12 response: 0

GetRecordPacketTest > handleResponseGivenComboBolusRecordWhenAndNoDetailedBolusInfoPresentThenExpectPumpSyncWithPumpId() STANDARD_OUT
    ERROR: PUMPCOMM from record: **NEW** EVENT COMBO BOLUS 9/17/23 08:11 AM (1694952687000) Bolus: 2.0U Extended: 1.0 THIS SHOULD NOT HAPPEN!!!

GetRecordPacketTest > handleResponseGivenBolusRecordWhenAndDetailedBolusInfoPresentThenExpectPumpSyncWithTempId() STARTED

GetRecordPacketTest > handleResponseGivenBolusRecordWhenAndDetailedBolusInfoPresentThenExpectPumpSyncWithTempId() STANDARD_OUT
    DEBUG: : PUMPCOMM handleResponse: Happy command: 99 response: 0
    DEBUG: : PUMPCOMM GetRecordPacket HandleResponse: Record header: 170, unknown: 40, type: 1, serial: 968059174, patchId: 56, sequence: 29
    DEBUG: : PUMPCOMM GetRecordPacket HandleResponse: BOLUS_RECORD
    DEBUG: : PUMPCOMM GetRecordPacket HandleResponse: BOLUS_RECORD: typeAndWizard: 1, bolusCause: 0, unknown: 0, bolusStartTime: 1694631470000, bolusNormalAmount: 1.1, bolusNormalDelivered: 1.1, bolusExtendedAmount: 0.0, bolusExtendedDuration: 0, bolusExtendedDelivered: 0.0, bolusCarb: 0, bolusGlucose: 0, bolusIOB: 0, unknown1: 0, unknown2: 0, bolusType: NORMAL, bolusWizard: false
    DEBUG: : PUMPCOMM from record: EVENT BOLUS 9/13/23 02:57 PM (1694631470000) Bolus: 1.1U 

GetRecordPacketTest > handleResponseGivenExtendedBolusRecordThenExpectPumpSyncWithPumpId() STARTED

GetRecordPacketTest > handleResponseGivenExtendedBolusRecordThenExpectPumpSyncWithPumpId() STANDARD_OUT
    DEBUG: : PUMPCOMM handleResponse: Happy command: 99 response: 0
    DEBUG: : PUMPCOMM GetRecordPacket HandleResponse: Record header: 170, unknown: 40, type: 1, serial: 968059174, patchId: 63, sequence: 6
    DEBUG: : PUMPCOMM GetRecordPacket HandleResponse: BOLUS_RECORD
    DEBUG: : PUMPCOMM GetRecordPacket HandleResponse: BOLUS_RECORD: typeAndWizard: 2, bolusCause: 0, unknown: 0, bolusStartTime: 1694949482000, bolusNormalAmount: 0.0, bolusNormalDelivered: 0.0, bolusExtendedAmount: 1.25, bolusExtendedDuration: 1800000, bolusExtendedDelivered: 1.25, bolusCarb: 0, bolusGlucose: 0, bolusIOB: 0, unknown1: 0, unknown2: 0, bolusType: EXTENDED, bolusWizard: false
    DEBUG: : PUMPCOMM from record: **NEW** EVENT EXTENDED BOLUS 9/17/23 07:18 AM (1694949482000) Bolus: 0.0U 

GetRecordPacketTest > getRequestGivenPacketWhenCalledThenReturnOpCode() STARTED

GetRecordPacketTest > handleResponseGivenPacketWhenValuesSetThenReturnCorrectValues() STARTED

GetRecordPacketTest > handleResponseGivenPacketWhenValuesSetThenReturnCorrectValues() STANDARD_OUT
    DEBUG: : PUMPCOMM handleResponse: Happy command: 99 response: 0
    DEBUG: : PUMPCOMM GetRecordPacket HandleResponse: Record header: 170, unknown: 28, type: 2, serial: 4008040699, patchId: 14, sequence: 448
    DEBUG: : PUMPCOMM GetRecordPacket HandleResponse: BASAL_RECORD: Start: 1685210917000, End: 1685210917000, Type: STANDARD, EndReason: SUCCESS, Rate: 1.3, Delivered: 0.0, Percent: 154
    DEBUG: : PUMPCOMM GetRecordPacket HandleResponse: BASAL_RECORD: Standard basal

GetRecordPacketTest > handleResponseGivenBasalRecordWhenStandardAndSuspendEndReasonAndNewerExistingTBRThenExpectNoPumpSync() STARTED

GetRecordPacketTest > handleResponseGivenBasalRecordWhenStandardAndSuspendEndReasonAndNewerExistingTBRThenExpectNoPumpSync() STANDARD_OUT
    DEBUG: : PUMPCOMM handleResponse: Happy command: 99 response: 0
    DEBUG: : PUMPCOMM GetRecordPacket HandleResponse: Record header: 170, unknown: 28, type: 2, serial: 2859923929, patchId: 427, sequence: 4
    DEBUG: : PUMPCOMM GetRecordPacket HandleResponse: BASAL_RECORD: Start: 1689504779000, End: 1689505417000, Type: STANDARD, EndReason: SUSPEND_MORE_THAN_MAX_PER_HOUR, Rate: 0.5, Delivered: 0.1, Percent: 0
    DEBUG: : PUMPCOMM GetRecordPacket HandleResponse: BASAL_RECORD: Standard basal

GetRecordPacketTest > handleResponseGivenBasalRecordWhenRelativeTempThenExpectPumpSync() STARTED

GetRecordPacketTest > handleResponseGivenBasalRecordWhenRelativeTempThenExpectPumpSync() STANDARD_OUT
    DEBUG: : PUMPCOMM handleResponse: Happy command: 99 response: 0
    DEBUG: : PUMPCOMM GetRecordPacket HandleResponse: Record header: 170, unknown: 28, type: 2, serial: 968059174, patchId: 63, sequence: 4
    DEBUG: : PUMPCOMM GetRecordPacket HandleResponse: BASAL_RECORD: Start: 1694949388000, End: 1694950353000, Type: RELATIVE_TEMP, EndReason: SUCCESS, Rate: 0.2, Delivered: 0.05, Percent: 200
    DEBUG: : PUMPCOMM GetRecordPacket HandleResponse: BASAL_RECORD: temp basal
    DEBUG: : PUMPCOMM handleBasalStatusUpdate from record: **NEW** EVENT TEMP_SYNC: (RELATIVE_TEMP) 9/17/23 07:16 AM (1694949388000) Rate: 0.2 Duration: 965000

GetRecordPacketTest > handleResponseGivenBasalRecordWhenStandardAndSuspendEndReasonThenExpectPumpSync() STARTED

GetRecordPacketTest > handleResponseGivenBasalRecordWhenStandardAndSuspendEndReasonThenExpectPumpSync() STANDARD_OUT
    DEBUG: : PUMPCOMM handleResponse: Happy command: 99 response: 0
    DEBUG: : PUMPCOMM GetRecordPacket HandleResponse: Record header: 170, unknown: 28, type: 2, serial: 2859923929, patchId: 427, sequence: 4
    DEBUG: : PUMPCOMM GetRecordPacket HandleResponse: BASAL_RECORD: Start: 1689504779000, End: 1689505417000, Type: STANDARD, EndReason: SUSPEND_MORE_THAN_MAX_PER_HOUR, Rate: 0.5, Delivered: 0.1, Percent: 0
    DEBUG: : PUMPCOMM GetRecordPacket HandleResponse: BASAL_RECORD: Standard basal
    WARN: PUMPCOMM GetRecordPacket HandleResponse: Got suspended end reason, syncing suspend
    DEBUG: : PUMP handleBasalStatusUpdate: basalType: SUSPEND_MORE_THAN_MAX_PER_HOUR basalValue: 0.0 basalSequence: 4 basalPatchId: 427 basalStartTime: 1689505417000 receivedTime: 1656358822000
    DEBUG: : PUMPCOMM handleBasalStatusUpdate: **NEW** EVENT TEMP_START (SUSPEND_MORE_THAN_MAX_PER_HOUR) 7/16/23 07:03 AM (1689505417000) expectedTemporaryBasnull
    ERROR: PUMP handleBasalStatusUpdate: WTF? PatchId in status update does not match current patchId!

GetRecordPacketTest > handleResponseGivenBolusRecordWhenAndNoDetailedBolusInfoPresentThenExpectPumpSyncWithPumpId() STARTED

GetRecordPacketTest > handleResponseGivenBolusRecordWhenAndNoDetailedBolusInfoPresentThenExpectPumpSyncWithPumpId() STANDARD_OUT
    DEBUG: : PUMPCOMM handleResponse: Happy command: 99 response: 0
    DEBUG: : PUMPCOMM GetRecordPacket HandleResponse: Record header: 170, unknown: 40, type: 1, serial: 968059174, patchId: 56, sequence: 29
    DEBUG: : PUMPCOMM GetRecordPacket HandleResponse: BOLUS_RECORD
    DEBUG: : PUMPCOMM GetRecordPacket HandleResponse: BOLUS_RECORD: typeAndWizard: 1, bolusCause: 0, unknown: 0, bolusStartTime: 1694631470000, bolusNormalAmount: 1.1, bolusNormalDelivered: 1.1, bolusExtendedAmount: 0.0, bolusExtendedDuration: 0, bolusExtendedDelivered: 0.0, bolusCarb: 0, bolusGlucose: 0, bolusIOB: 0, unknown1: 0, unknown2: 0, bolusType: NORMAL, bolusWizard: false
    DEBUG: : PUMPCOMM from record: **NEW** EVENT BOLUS 9/13/23 02:57 PM (1694631470000) Bolus: 1.1U 

GetRecordPacketTest > handleResponseGivenResponseWhenMessageTooShortThenResultFalse() STARTED

GetRecordPacketTest > handleResponseGivenResponseWhenMessageTooShortThenResultFalse() STANDARD_OUT
    DEBUG: : PUMPCOMM handleResponse: Unexpected response length, expected: 18 got: 17

GetRecordPacketTest > handleResponseGivenBasalRecordWhenAbsoluteTempThenExpectPumpSync() STARTED

GetRecordPacketTest > handleResponseGivenBasalRecordWhenAbsoluteTempThenExpectPumpSync() STANDARD_OUT
    DEBUG: : PUMPCOMM handleResponse: Happy command: 99 response: 0
    DEBUG: : PUMPCOMM GetRecordPacket HandleResponse: Record header: 170, unknown: 28, type: 2, serial: 968059174, patchId: 56, sequence: 30
    DEBUG: : PUMPCOMM GetRecordPacket HandleResponse: BASAL_RECORD: Start: 1694631467000, End: 1694631774000, Type: ABSOLUTE_TEMP, EndReason: SUCCESS, Rate: 3.45, Delivered: 0.30000000000000004, Percent: 69
    DEBUG: : PUMPCOMM GetRecordPacket HandleResponse: BASAL_RECORD: temp basal
    DEBUG: : PUMPCOMM handleBasalStatusUpdate from record: **NEW** EVENT TEMP_SYNC: (ABSOLUTE_TEMP) 9/13/23 02:57 PM (1694631467000) Rate: 3.45 Duration: 307000

ReadBolusStatePacketTest > handleResponseGivenPacketWhenValuesSetThenReturnCorrectValues() STARTED

ReadBolusStatePacketTest > handleResponseGivenPacketWhenValuesSetThenReturnCorrectValues() STANDARD_OUT
    DEBUG: : PUMPCOMM handleResponse: Happy command: 34 response: 0

ReadBolusStatePacketTest > handleResponseGivenResponseWhenMessageTooShortThenResultFalse() STARTED

ReadBolusStatePacketTest > handleResponseGivenResponseWhenMessageTooShortThenResultFalse() STANDARD_OUT
    DEBUG: : PUMPCOMM handleResponse: Unexpected response length, expected: 7 got: 6

SetTempBasalPacketTest > getRequestGivenPacketWhenCalledThenReturnOpCode() STARTED

SetTempBasalPacketTest > handleResponseGivenPacketWhenValuesSetThenReturnCorrectValues() STARTED

SetTempBasalPacketTest > handleResponseGivenPacketWhenValuesSetThenReturnCorrectValues() STANDARD_OUT
    DEBUG: : PUMPCOMM handleResponse: Happy command: 24 response: 0
    DEBUG: : PUMPCOMM Basal status update: type=ABSOLUTE_TEMP, rate=1.25, sequence=2, patchId=146, startTime=1679575112000, rawTime=291040712
    DEBUG: : PUMP handleBasalStatusUpdate: basalType: ABSOLUTE_TEMP basalValue: 1.25 basalSequence: 2 basalPatchId: 146 basalStartTime: 1679575112000 receivedTime: 1656358822000
    DEBUG: : PUMPCOMM handleBasalStatusUpdate: **NEW** EVENT TEMP_START (ABSOLUTE_TEMP) 3/23/23 08:38 AM (1679575112000) Rate: 1.25 Duration: 288000000 temporaryBasalInfo: null, expectedTemporaryBasal: null
    ERROR: PUMP handleBasalStatusUpdate: WTF? PatchId in status update does not match current patchId!

SetTempBasalPacketTest > handleResponseGivenResponseWhenMessageTooShortThenResultFalse() STARTED

SetTempBasalPacketTest > handleResponseGivenResponseWhenMessageTooShortThenResultFalse() STANDARD_OUT
    DEBUG: : PUMPCOMM handleResponse: Unexpected response length, expected: 17 got: 16

CryptTest > givenSNExpectReal() STARTED

CryptTest > givenSNExpectKey() STARTED

> Task :shared:impl:compileFullDebugUnitTestKotlin

> Task :pump:omnipod:eros:mergeFullDebugUnitTestResources
C:\Users\craig\StudioProjects\AndroidAPS\AndroidAPSApril26\core\ui\build\intermediates\packaged_res\fullDebug\packageFullDebugResources\values-ru-rRU\values-ru-rRU.xml:406:4: Multiple substitutions specified in non-positional format of string resource string/temp_basal_percent_rate. Did you mean to add the formatted="false" attribute?
C:\Users\craig\StudioProjects\AndroidAPS\AndroidAPSApril26\core\ui\build\intermediates\packaged_res\fullDebug\packageFullDebugResources\values-zh-rCN\values-zh-rCN.xml:726:4: Multiple substitutions specified in non-positional format of string resource string/scene_wizard_info_luteal_phase. Did you mean to add the formatted="false" attribute?
C:\Users\craig\StudioProjects\AndroidAPS\AndroidAPSApril26\core\ui\build\intermediates\packaged_res\fullDebug\packageFullDebugResources\values-zh-rCN\values-zh-rCN.xml:730:4: Multiple substitutions specified in non-positional format of string resource string/scene_wizard_info_sick_day. Did you mean to add the formatted="false" attribute?
C:\Users\craig\StudioProjects\AndroidAPS\AndroidAPSApril26\core\ui\build\intermediates\packaged_res\fullDebug\packageFullDebugResources\values-zh-rCN\values-zh-rCN.xml:739:4: Multiple substitutions specified in non-positional format of string resource string/scene_wizard_profile_info. Did you mean to add the formatted="false" attribute?
C:\Users\craig\StudioProjects\AndroidAPS\AndroidAPSApril26\core\ui\build\intermediates\packaged_res\fullDebug\packageFullDebugResources\values-it-rIT\values-it-rIT.xml:727:4: Multiple substitutions specified in non-positional format of string resource string/scene_wizard_info_luteal_phase. Did you mean to add the formatted="false" attribute?
C:\Users\craig\StudioProjects\AndroidAPS\AndroidAPSApril26\core\ui\build\intermediates\packaged_res\fullDebug\packageFullDebugResources\values-it-rIT\values-it-rIT.xml:731:4: Multiple substitutions specified in non-positional format of string resource string/scene_wizard_info_sick_day. Did you mean to add the formatted="false" attribute?
C:\Users\craig\StudioProjects\AndroidAPS\AndroidAPSApril26\core\ui\build\intermediates\packaged_res\fullDebug\packageFullDebugResources\values-it-rIT\values-it-rIT.xml:740:4: Multiple substitutions specified in non-positional format of string resource string/scene_wizard_profile_info. Did you mean to add the formatted="false" attribute?

> Task :plugins:source:transformFullDebugUnitTestClassesWithAsm

> Task :plugins:constraints:testFullDebugUnitTest

VersionCheckerUtilsKtTest > should handle invalid version() STARTED

VersionCheckerUtilsKtTest > should strip 2 digit version dev old format 1() STARTED

VersionCheckerUtilsKtTest > should strip 2 digit version dev old format 2() STARTED

VersionCheckerUtilsKtTest > should strip 2 digit version RC without digit() STARTED

VersionCheckerUtilsKtTest > should not find update on extra version digit beyond third() STARTED

VersionCheckerUtilsKtTest > should not find update on extra version digit beyond third() STANDARD_OUT
    DEBUG: : CORE Compare versions: 2.5.0.1 [2, 5, 0, 1], 2.5.0 [2, 5, 0]

VersionCheckerUtilsKtTest > find higher version after RC 3 - typo() STARTED

VersionCheckerUtilsKtTest > find higher version after RC 3 - typo() STANDARD_OUT
    DEBUG: : CORE Compare versions: 3.RC04 null, 3.0.0 [3, 0, 0]

VersionCheckerUtilsKtTest > should handle empty version() STARTED

VersionCheckerUtilsKtTest > should parse 4 digit version but only 3 digits are taken() STARTED

VersionCheckerUtilsKtTest > find same version() STARTED

VersionCheckerUtilsKtTest > find same version() STANDARD_OUT
    DEBUG: : CORE Compare versions: 2.2.2 [2, 2, 2], 2.2.2 [2, 2, 2]

VersionCheckerUtilsKtTest > should parse 3 digit version() STARTED

VersionCheckerUtilsKtTest > should strip 3 digit version RC() STARTED

VersionCheckerUtilsKtTest > should keep 2 digit version() STARTED

VersionCheckerUtilsKtTest > should strip 2 digit version RC old format() STARTED

> Task :pump:omnipod:dash:compileFullDebugUnitTestKotlin

> Task :pump:medtrum:testFullDebugUnitTest

WriteCommandPacketsTest > given14LongCommandExpectOnePacket() STARTED

AuthorizePacketTest > getRequestGivenPacketAndSNWhenCalledThenReturnAuthorizePacket() STARTED

> Task :pump:omnipod:eros:javaPreCompileFullDebugUnitTest
> Task :pump:combov2:comboctl:packageFullDebugUnitTestForUnitTest
> Task :pump:combov2:comboctl:generateFullDebugUnitTestConfig
> Task :pump:omnipod:dash:processFullDebugUnitTestJavaRes
> Task :pump:omnipod:dash:compileFullDebugUnitTestJavaWithJavac NO-SOURCE
> Task :pump:omnipod:dash:hiltSyncFullDebugUnitTest

> Task :plugins:constraints:testFullDebugUnitTest

VersionCheckerUtilsKtTest > don't find higher version on higher but shorter version() STARTED

VersionCheckerUtilsKtTest > don't find higher version on higher but shorter version() STANDARD_OUT
    DEBUG: : CORE Compare versions: 2.3 [2, 3], 2.2.2 [2, 2, 2]

VersionCheckerUtilsKtTest > should strip 3 digit version RC long() STARTED

VersionCheckerUtilsKtTest > don't find higher version if on next RC() STARTED

VersionCheckerUtilsKtTest > don't find higher version if on next RC() STANDARD_OUT
    DEBUG: : CORE Compare versions: 2.3-RC [2, 3], 2.2.2 [2, 2, 2]

VersionCheckerUtilsKtTest > warn on rc() STARTED

VersionCheckerUtilsKtTest > warn on rc() STANDARD_OUT
    DEBUG: : CORE Compare versions: 2.2-rc1 [2, 2], 2.2.0 [2, 2, 0]

VersionCheckerUtilsKtTest > find higher version after RC 4 - typo() STARTED

VersionCheckerUtilsKtTest > find higher version after RC 4 - typo() STANDARD_OUT
    DEBUG: : CORE Compare versions: 3.0.RC04 [3, 0], 3.0.0 [3, 0, 0]

VersionCheckerUtilsKtTest > should parse version but only 3 digits are taken() STARTED

VersionCheckerUtilsKtTest > should strip 2 digit version dev() STARTED

VersionCheckerUtilsKtTest > should strip 2 digit version RC() STARTED

VersionCheckerUtilsKtTest > should parse 3 digit version with extra() STARTED

VersionCheckerUtilsKtTest > warn on beta() STARTED

VersionCheckerUtilsKtTest > warn on beta() STANDARD_OUT
    DEBUG: : CORE Compare versions: 2.2-beta1 [2, 2], 2.2.2 [2, 2, 2]

VersionCheckerUtilsKtTest > find higher version with longer number() STARTED

VersionCheckerUtilsKtTest > find higher version with longer number() STANDARD_OUT
    DEBUG: : CORE Compare versions: 2.2.2 [2, 2, 2], 3.0 [3, 0]

VersionCheckerUtilsKtTest > find higher version after RC 2 - typo() STARTED

VersionCheckerUtilsKtTest > find higher version after RC 2 - typo() STANDARD_OUT
    DEBUG: : CORE Compare versions: 3.0RC04 [3, 0], 3.0.0 [3, 0, 0]

VersionCheckerUtilsKtTest > should find update1() STARTED

VersionCheckerUtilsKtTest > should find update1() STANDARD_OUT
    DEBUG: : CORE Compare versions: 2.2.1 [2, 2, 1], 2.2.3 [2, 2, 3]

VersionCheckerUtilsKtTest > should find update2() STARTED

VersionCheckerUtilsKtTest > should find update2() STANDARD_OUT
    DEBUG: : CORE Compare versions: 2.2.1-dev [2, 2, 1], 2.2.3 [2, 2, 3]

VersionCheckerUtilsKtTest > should find update3() STARTED

VersionCheckerUtilsKtTest > should find update3() STANDARD_OUT
    DEBUG: : CORE Compare versions: 2.1 [2, 1], 2.2.3 [2, 2, 3]

VersionCheckerUtilsKtTest > should find update4() STARTED

VersionCheckerUtilsKtTest > should find update4() STANDARD_OUT
    DEBUG: : CORE Compare versions: 2.1.1 [2, 1, 1], 2.2 [2, 2]

VersionCheckerUtilsKtTest > should find update5() STARTED

VersionCheckerUtilsKtTest > should find update5() STANDARD_OUT
    DEBUG: : CORE Compare versions: 2.2-dev [2, 2], 2.2.1 [2, 2, 1]

VersionCheckerUtilsKtTest > should find update6() STARTED

VersionCheckerUtilsKtTest > should find update6() STANDARD_OUT
    DEBUG: : CORE Compare versions: 2.2dev [2, 2], 2.2.1 [2, 2, 1]

VersionCheckerUtilsKtTest > find higher version() STARTED

VersionCheckerUtilsKtTest > find higher version() STANDARD_OUT
    DEBUG: : CORE Compare versions: 2.2.2 [2, 2, 2], 3.0.0 [3, 0, 0]

VersionCheckerUtilsKtTest > should keep 3 digit version() STARTED

VersionCheckerUtilsKtTest > find higher version after RC() STARTED

VersionCheckerUtilsKtTest > find higher version after RC() STANDARD_OUT
    DEBUG: : CORE Compare versions: 3.0-RC04 [3, 0], 3.0.0 [3, 0, 0]

VersionCheckerUtilsKtTest > find higher version on multi digit numbers() STARTED

VersionCheckerUtilsKtTest > find higher version on multi digit numbers() STANDARD_OUT
    DEBUG: : CORE Compare versions: 3.7.9 [3, 7, 9], 3.7.12 [3, 7, 12]

VersionCheckerUtilsKtTest > should parse 2 digit version() STARTED

VersionCheckerUtilsKtTest > should strip even with dot() STARTED

VersionCheckerUtilsKtTest > should not find update on personal version with same number() STARTED

VersionCheckerUtilsKtTest > should not find update on personal version with same number() STANDARD_OUT
    DEBUG: : CORE Compare versions: 2.5.0-myversion [2, 5, 0], 2.5.0 [2, 5, 0]

> Task :pump:omnipod:dash:hiltAggregateDepsFullDebugUnitTest
> Task :pump:omnipod:dash:hiltJavaCompileFullDebugUnitTest NO-SOURCE

> Task :pump:medtrum:testFullDebugUnitTest

WriteCommandPacketsTest > given41LongCommandExpectThreePackets() STARTED

GetDeviceTypePacketTest > getRequestGivenPacketWhenCalledThenReturnOpCode() STARTED

> Task :pump:omnipod:dash:transformFullDebugUnitTestClassesWithAsm

> Task :plugins:constraints:testFullDebugUnitTest

ObjectivesPluginTest > notStartedObjective6ShouldLimitClosedLoop() STARTED

> Task :app:compileFullDebugKotlin
> Task :pump:combov2:comboctl:compileFullDebugUnitTestKotlin
> Task :pump:omnipod:common:generateFullDebugUnitTestConfig
> Task :pump:omnipod:eros:kspFullDebugUnitTestKotlin
> Task :pump:combov2:comboctl:compileFullDebugUnitTestJavaWithJavac NO-SOURCE

> Task :pump:medtrum:testFullDebugUnitTest

ReadDataPacketTest > givenIncorrectSequenceExpectPacketFailed() STARTED

ReadDataPacketTest > givenIncorrectCRCInThirdChunkExpectPacketFailed() STARTED

ReadDataPacketTest > givenCorrectBytesExpectPacketNotFailed() STARTED

ReadDataPacketTest > givenIncorrectCRCInSecondChunkExpectPacketFailed() STARTED

ReadDataPacketTest > givenIncorrectCRCInFirstChunkExpectPacketFailed() STARTED

ReadDataPacketTest > givenIncorrectBytesOneChunkExpectPacketFailed() STARTED

ReadDataPacketTest > givenIncorrectCRCInLastChunkExpectPacketFailed() STARTED

ReadDataPacketTest > givenCorrectBytesOneChunkExpectPacketNotFailed() STARTED

ClearPumpAlarmPacketTest > getRequestGivenPacketWhenCalledThenReturnOpCode() STARTED

> Task :pump:combov2:comboctl:processFullDebugUnitTestJavaRes

> Task :plugins:constraints:testFullDebugUnitTest

SntpClientTest > ntpTimeTest() STARTED

BgQualityCheckPluginTest > applyMaxIOBConstraintsTest() STARTED

BgQualityCheckPluginTest > applyMaxIOBConstraintsTest() STANDARD_OUT
    DEBUG: : CONSTRAINTS Setting value 10.0 -> 0.0 (Limiting max IOB to 0 U due to doubled values in BG Source)[BgQualityCheck]

BgQualityCheckPluginTest > runTest() STARTED

BgQualityCheckPluginTest > runTest() STANDARD_OUT
    DEBUG: : CORE BG similar. Turning on red state.
    GV(id=0, version=0, dateCreated=-1, isValid=true, referenceId=null, ids=IDs(nightscoutSystemId=null, nightscoutId=null, pumpType=null, pumpSerial=null, temporaryId=null, pumpId=null, startId=null, endId=null), timestamp=1200000, utcOffset=-14400000, raw=0.0, value=100.0, trendArrow=FLAT, noise=0.0, sourceSensor=LIBRE_1_OTHER)
    GV(id=0, version=0, dateCreated=-1, isValid=true, referenceId=null, ids=IDs(nightscoutSystemId=null, nightscoutId=null, pumpType=null, pumpSerial=null, temporaryId=null, pumpId=null, startId=null, endId=null), timestamp=1200001, utcOffset=-14400000, raw=0.0, value=100.0, trendArrow=FLAT, noise=0.0, sourceSensor=LIBRE_1_OTHER)
    DEBUG: : CORE BG similar. Turning on red state.
    GV(id=0, version=0, dateCreated=-1, isValid=true, referenceId=null, ids=IDs(nightscoutSystemId=null, nightscoutId=null, pumpType=null, pumpSerial=null, temporaryId=null, pumpId=null, startId=null, endId=null), timestamp=1200000, utcOffset=-14400000, raw=0.0, value=100.0, trendArrow=FLAT, noise=0.0, sourceSensor=LIBRE_1_OTHER)
    GV(id=0, version=0, dateCreated=-1, isValid=true, referenceId=null, ids=IDs(nightscoutSystemId=null, nightscoutId=null, pumpType=null, pumpSerial=null, temporaryId=null, pumpId=null, startId=null, endId=null), timestamp=1200000, utcOffset=-14400000, raw=0.0, value=100.0, trendArrow=FLAT, noise=0.0, sourceSensor=LIBRE_1_OTHER)

SignatureVerifierPluginTest > singleCharUnMapTest() STARTED

SntpClientTest > ntpTimeTest() STANDARD_OUT
    DEBUG: Time detection started
    DEBUG: Time detection ended: true null
    DEBUG: Time detection started
    DEBUG: Time detection ended: false null

AllowedVersionsTest > endDateToMilliseconds() STARTED

AllowedVersionsTest > findByVersionTest() STARTED

AllowedVersionsTest > generateSupportedVersionsTest() STARTED

> Task :shared:impl:compileFullDebugUnitTestJavaWithJavac
> Task :pump:omnipod:eros:processFullDebugUnitTestResources

> Task :pump:medtrum:testFullDebugUnitTest

PollPatchPacketTest > getRequestGivenPacketWhenCalledThenReturnOpCode() STARTED

SetBolusPacketTest > getRequestGivenPacketWhenCalledThenReturnOpCode() STARTED

SubscribePacketTest > getRequestGivenPacketWhenCalledThenReturnOpCode() STARTED

> Task :plugins:source:testFullDebugUnitTest

DexcomWorkerTest > When plugin enabled then insert G6 data() STARTED

NSClientSourcePluginTest > plugin is created() STARTED

PoctechPluginTest > plugin is created() STARTED

TomatoWorkerTest > When plugin enabled then insert data() STARTED

> Task :pump:omnipod:eros:packageFullDebugUnitTestForUnitTest
> Task :pump:omnipod:eros:generateFullDebugUnitTestConfig
> Task :pump:omnipod:dash:testFullDebugUnitTest

PayloadSplitJoinTest > testSplitAndJoinBack() STARTED

DeactivateCommandTest > testEncoding() STARTED

ProgramBolusCommandTest > testProgramBolusCommand() STARTED

AlarmStatusResponseTest > testValidResponse() STARTED

> Task :shared:impl:processFullDebugUnitTestJavaRes

> Task :pump:medtrum:testFullDebugUnitTest

AuthorizePacketTest > handleResponseGivenResponseWhenMessageIsCorrectLengthThenResultTrue() STARTED

AuthorizePacketTest > handleResponseGivenResponseWhenMessageIsCorrectLengthThenResultTrue() STANDARD_OUT
    DEBUG: : PUMPCOMM handleResponse: Happy command: 5 response: 0
    WARN: PUMPCOMM GetDeviceTypeState: deviceType changed from 0 to 80
    DEBUG: : PUMPCOMM GetDeviceTypeState: deviceType: 80, swVersion: 12.1.3

AuthorizePacketTest > handleResponseGivenResponseWhenMessageTooShortThenResultFalse() STARTED

AuthorizePacketTest > handleResponseGivenResponseWhenMessageTooShortThenResultFalse() STANDARD_OUT
    DEBUG: : PUMPCOMM handleResponse: Unexpected response length, expected: 11 got: 6

GetDeviceTypePacketTest > handleResponseGivenResponseWhenMessageIsCorrectLengthThenResultTrue() STARTED

GetTimePacketTest > getRequestGivenPacketWhenCalledThenReturnOpCode() STARTED

GetTimePacketTest > handleResponseGivenResponseWhenMessageIsCorrectLengthThenResultTrue() STARTED

GetDeviceTypePacketTest > handleResponseGivenResponseWhenMessageIsCorrectLengthThenResultTrue() STANDARD_OUT
    DEBUG: : PUMPCOMM handleResponse: Happy command: 6 response: 0

GetDeviceTypePacketTest > handleResponseGivenResponseWhenMessageTooShortThenResultFalse() STARTED

GetTimePacketTest > handleResponseGivenResponseWhenMessageIsCorrectLengthThenResultTrue() STANDARD_OUT
    DEBUG: : PUMPCOMM handleResponse: Happy command: 11 response: 0

GetTimePacketTest > handleResponseGivenResponseWhenMessageTooShortThenResultFalse() STARTED

GetTimePacketTest > handleResponseGivenResponseWhenMessageTooShortThenResultFalse() STANDARD_OUT
    DEBUG: : PUMPCOMM handleResponse: Unexpected response length, expected: 10 got: 9

ResumePumpPacketTest > getRequestGivenPacketWhenCalledThenReturnOpCode() STARTED

GetDeviceTypePacketTest > handleResponseGivenResponseWhenMessageTooShortThenResultFalse() STANDARD_OUT
    DEBUG: : PUMPCOMM handleResponse: Unexpected response length, expected: 11 got: 10

PrimePacketTest > getRequestGivenPacketWhenCalledThenReturnOpCode() STARTED

SetTimePacketTest > getRequestGivenPacketWhenCalledThenReturnOpCode() STARTED

SetPatchPacketTest > getRequestGivenValuesWhenCalledThenReturnValidArray() STARTED

SynchronizePacketTest > getRequestGivenPacketWhenCalledThenReturnOpCode() STARTED

SynchronizePacketTest > handleResponseGivenResponseWhenMessageIsCorrectLengthThenResultTrue() STARTED

SynchronizePacketTest > handleResponseGivenResponseWhenMessageIsCorrectLengthThenResultTrue() STANDARD_OUT
    DEBUG: : PUMPCOMM handleResponse: Happy command: 3 response: 0
    DEBUG: : PUMPCOMM SynchronizePacket: state: IDLE
    DEBUG: : PUMPCOMM State changed from NONE to IDLE
    DEBUG: : PUMPCOMM SynchronizePacket: fieldMask: 4046
    DEBUG: : PUMPCOMM SynchronizePacket: Extended bolus present removing from fieldMask
    DEBUG: : PUMPCOMM Message field mask: 4042
    DEBUG: : PUMPCOMM Normal bolus notification received
    DEBUG: : PUMPCOMM Bolus type: 0, bolusData: 0 bolus completed: false, bolus delivered: 25.650000000000002
    DEBUG: : PUMP handleBolusStatusUpdate: bolusType: 0 bolusCompleted: false amountDelivered: 25.650000000000002
    DEBUG: : PUMPCOMM Basal notification received
    DEBUG: : PUMPCOMM Basal type: ABSOLUTE_TEMP, basal sequence: 2055, basal patch id: 2569, basal time: 1624270475000, basal rate: 0.75, basal delivery: 13.65
    DEBUG: : PUMP handleBasalStatusUpdate: basalType: ABSOLUTE_TEMP basalValue: 0.75 basalSequence: 2055 basalPatchId: 2569 basalStartTime: 1624270475000 receivedTime: 1656358822000
    DEBUG: : PUMPCOMM handleBasalStatusUpdate: **NEW** EVENT TEMP_START (ABSOLUTE_TEMP) 6/21/21 06:14 AM (1624270475000) Rate: 0.75 Duration: 288000000 temporaryBasalInfo: null, expectedTemporaryBasal: null
    ERROR: PUMP handleBasalStatusUpdate: WTF? PatchId in status update does not match current patchId!
    DEBUG: : PUMPCOMM Start time notification received
    DEBUG: : PUMPCOMM Patch start time changed from 0 to 1742171538000
    DEBUG: : PUMPCOMM Patch start time: 1742171538000
    DEBUG: : PUMPCOMM Battery notification received
    DEBUG: : PUMPCOMM Battery voltage A: 3.54296875, battery voltage B: 0.751953125
    DEBUG: : PUMPCOMM Storage notification received
    WARN: PUMPCOMM handleMaskedMessage: We got wrong patch id!
    ERROR: PUMPCOMM handleMaskedMessage: Also Received start time in this packet, registering new patch id: 7452
    DEBUG: : PUMPCOMM Last known sequence number: 6938, patch id: 7452
    DEBUG: : PUMPCOMM Alarm notification received, Alarm flags: 7966, alarm parameter: 8480
    DEBUG: : PUMPCOMM Adding alarm PUMP_LOW_BATTERY to active alarms
    DEBUG: : PUMPCOMM Adding alarm PUMP_LOW_RESERVOIR to active alarms
    DEBUG: : PUMPCOMM Adding alarm PUMP_EXPIRES_SOON to active alarms
    DEBUG: : PUMPCOMM Age notification received
    DEBUG: : PUMPCOMM Patch age: 623125282
    DEBUG: : PUMPCOMM Magneto placement notification received!
    DEBUG: : PUMPCOMM Magneto placement: 10022

SynchronizePacketTest > handleResponseContainingSyncDataThenDataSaved() STARTED

SynchronizePacketTest > handleResponseContainingSyncDataThenDataSaved() STANDARD_OUT
    DEBUG: : PUMPCOMM handleResponse: Happy command: 3 response: 0
    DEBUG: : PUMPCOMM SynchronizePacket: state: ACTIVE
    DEBUG: : PUMPCOMM State changed from NONE to ACTIVE
    DEBUG: : PUMPCOMM SynchronizePacket: fieldMask: 3566
    DEBUG: : PUMPCOMM SynchronizePacket: Extended bolus present removing from fieldMask
    DEBUG: : PUMPCOMM Message field mask: 3562
    DEBUG: : PUMPCOMM Normal bolus notification received
    DEBUG: : PUMPCOMM Bolus type: 0, bolusData: 128 bolus completed: true, bolus delivered: 0.25
    DEBUG: : PUMP handleBolusStatusUpdate: bolusType: 0 bolusCompleted: true amountDelivered: 0.25
    DEBUG: : PUMPCOMM Basal notification received
    DEBUG: : PUMPCOMM Basal type: ABSOLUTE_TEMP, basal sequence: 25, basal patch id: 14, basal time: 1685126612000, basal rate: 0.8500000000000001, basal delivery: 0.2
    DEBUG: : PUMP handleBasalStatusUpdate: basalType: ABSOLUTE_TEMP basalValue: 0.8500000000000001 basalSequence: 25 basalPatchId: 14 basalStartTime: 1685126612000 receivedTime: 1656358822000
    DEBUG: : PUMPCOMM handleBasalStatusUpdate: **NEW** EVENT TEMP_START (ABSOLUTE_TEMP) 5/26/23 02:43 PM (1685126612000) Rate: 0.8500000000000001 Duration: 288000000 temporaryBasalInfo: null, expectedTemporaryBasal: null
    ERROR: PUMP handleBasalStatusUpdate: WTF? PatchId in status update does not match current patchId!
    DEBUG: : PUMPCOMM Reservoir notification received
    DEBUG: : PUMPCOMM Reservoir: 186.8
    DEBUG: : PUMPCOMM Start time notification received
    DEBUG: : PUMPCOMM Patch start time changed from 0 to 1685120120000
    DEBUG: : PUMPCOMM Patch start time: 1685120120000
    DEBUG: : PUMPCOMM Battery notification received
    DEBUG: : PUMPCOMM Battery voltage A: 5.96875, battery voltage B: 2.8125
    DEBUG: : PUMPCOMM Storage notification received
    WARN: PUMPCOMM handleMaskedMessage: We got wrong patch id!
    ERROR: PUMPCOMM handleMaskedMessage: Also Received start time in this packet, registering new patch id: 14
    DEBUG: : PUMPCOMM Last known sequence number: 26, patch id: 14
    DEBUG: : PUMPCOMM Age notification received
    DEBUG: : PUMPCOMM Patch age: 8123
    DEBUG: : PUMPCOMM Magneto placement notification received!
    DEBUG: : PUMPCOMM Magneto placement: 3724

SynchronizePacketTest > handleResponseGivenResponseWhenMessageTooShortThenResultFalse() STARTED

SynchronizePacketTest > handleResponseGivenResponseWhenMessageTooShortThenResultFalse() STANDARD_OUT
    DEBUG: : PUMPCOMM handleResponse: Unexpected response length, expected: 10 got: 9

> Task :pump:combov2:comboctl:testFullDebugUnitTest

PairingSessionTest > verifyPairingProcess() STARTED

CipherTest > checkEncryptDecrypt() STARTED

CipherTest > checkWeakKeyGeneration() STARTED

NonceTest > checkExplicitNonceIncrement() STARTED

NonceTest > checkNonceWraparound() STARTED

NonceTest > checkDefaultNonceIncrement() STARTED

ParsedDisplayFrameStreamTest > checkSingleDisplayFrame() STARTED

ParsedDisplayFrameStreamTest > checkDuplicateParsedScreenFiltering() STARTED

PairingSessionTest > verifyPairingProcess() STANDARD_OUT
    [1778342600.129] [DEBUG] [PumpIO] [PumpIO$performPairing$4.invokeSuspend():2092]  Sending pairing connection request
    [1778342600.316] [DEBUG] [TransportLayer] [TransportLayer$IO.produceOutgoingPacket():1347]  Computed CRC16 payload 0x11b2
    Next sequence entry: direction: SEND  tp layer packet: version: 0x10  command: REQUEST_PAIRING_CONNECTION  sequence bit: false  reliability bit: false  address: 0xf0  nonce: 00 00 00 00 00 00 00 00 00 00 00 00 00  MAC: 00 00 00 00 00 00 00 00  payload: 2 byte(s): [b2 11]

ParsedDisplayFrameStreamTest > checkDisabledDuplicateDetection() STARTED

ParsedDisplayFrameStreamTest > checkAlertScreenDetection() STARTED

> Task :plugins:constraints:testFullDebugUnitTest

ObjectivesPluginTest > notStartedObjective6ShouldLimitClosedLoop() STANDARD_OUT
    DEBUG: : CONSTRAINTS Setting value true -> false (Objective 7 not started)[Objectives]
    DEBUG: : CONSTRAINTS Limiting original value: true to false. Reason: Objectives: Objective 7 not started

ObjectivesPluginTest > notStartedObjective10ShouldLimitSMBMode() STARTED

ObjectivesPluginTest > notStartedObjective10ShouldLimitSMBMode() STANDARD_OUT
    DEBUG: : CONSTRAINTS Setting value true -> false (Objective 9 not started)[Objectives]
    DEBUG: : CONSTRAINTS Limiting original value: true to false. Reason: Objectives: Objective 9 not started

ObjectivesPluginTest > notStartedObjectivesShouldLimitLoopInvocation() STARTED

ObjectivesPluginTest > notStartedObjectivesShouldLimitLoopInvocation() STANDARD_OUT
    DEBUG: : CONSTRAINTS Setting value true -> false (Objective 1 not started)[Objectives]
    DEBUG: : CONSTRAINTS Limiting original value: true to false. Reason: Objectives: Objective 1 not started

ObjectivesPluginTest > notStartedObjective8ShouldLimitAutosensMode() STARTED

ObjectivesPluginTest > notStartedObjective8ShouldLimitAutosensMode() STANDARD_OUT
    DEBUG: : CONSTRAINTS Setting value true -> false (Objective 8 not started)[Objectives]
    DEBUG: : CONSTRAINTS Limiting original value: true to false. Reason: Objectives: Objective 8 not started

ObjectivesPluginTest > notStartedObjective5ShouldForceLgs() STARTED

ObjectivesPluginTest > notStartedObjective5ShouldForceLgs() STANDARD_OUT
    DEBUG: : CONSTRAINTS Setting value false -> true (Objective 6 not finished)[Objectives]
    DEBUG: : CONSTRAINTS Limiting original value: false to true. Reason: Objectives: Objective 6 not finished

> Task :plugins:source:testFullDebugUnitTest

TomatoWorkerTest > When plugin enabled then insert data() STANDARD_OUT
    DEBUG: : WORKER Worker result SUCCESS for class app.aaps.plugins.source.TomatoPlugin$TomatoWorker Data {}

TomatoWorkerTest > When plugin disabled then do nothing() STARTED

TomatoWorkerTest > When plugin disabled then do nothing() STANDARD_OUT
    DEBUG: : WORKER Worker result SUCCESS for class app.aaps.plugins.source.TomatoPlugin$TomatoWorker Data {Result : Plugin not enabled}

DexcomWorkerTest > When plugin enabled then insert G6 data() STANDARD_OUT
    DEBUG: : WORKER Worker result SUCCESS for class app.aaps.plugins.source.DexcomPlugin$DexcomWorker Data {}

DexcomWorkerTest > When plugin enabled then insert G7 data with too old calibrations and insertions() STARTED

DexcomWorkerTest > When plugin enabled then insert G7 data with too old calibrations and insertions() STANDARD_OUT
    DEBUG: : WORKER Worker result SUCCESS for class app.aaps.plugins.source.DexcomPlugin$DexcomWorker Data {}

DexcomWorkerTest > When glucoseValues are missing then return failure() STARTED

DexcomWorkerTest > When glucoseValues are missing then return failure() STANDARD_OUT
    DEBUG: : WORKER Worker result FAILURE for class app.aaps.plugins.source.DexcomPlugin$DexcomWorker Data {Error : missing glucoseValues}

DexcomWorkerTest > When bundle is missing then return failure() STARTED

DexcomWorkerTest > When bundle is missing then return failure() STANDARD_OUT
    DEBUG: : WORKER Worker result FAILURE for class app.aaps.plugins.source.DexcomPlugin$DexcomWorker Data {Error : missing input data}

DexcomWorkerTest > When plugin disabled then return success() STARTED

DexcomWorkerTest > When plugin disabled then return success() STANDARD_OUT
    DEBUG: : WORKER Worker result SUCCESS for class app.aaps.plugins.source.DexcomPlugin$DexcomWorker Data {Result : Plugin not enabled}

DexcomWorkerTest > When plugin enabled then insert unknown Dexcom data() STARTED

DexcomWorkerTest > When plugin enabled then insert unknown Dexcom data() STANDARD_OUT
    DEBUG: : WORKER Worker result SUCCESS for class app.aaps.plugins.source.DexcomPlugin$DexcomWorker Data {}

MM640gWorkerTest > When plugin enabled then insert data() STARTED

MM640gWorkerTest > When plugin enabled then insert data() STANDARD_OUT
    DEBUG: : BGSOURCE Received MM640g Data: [{"date":1656358762000,"sgv":150,"type":"sgv","direction":"FortyFiveDown"},{"type":"something"}]
    DEBUG: : BGSOURCE Unknown entries type: something
    DEBUG: : WORKER Worker result SUCCESS for class app.aaps.plugins.source.MM640gPlugin$MM640gWorker Data {}

MM640gWorkerTest > When collection is missing then return failure() STARTED

MM640gWorkerTest > When collection is missing then return failure() STANDARD_OUT
    DEBUG: : WORKER Worker result FAILURE for class app.aaps.plugins.source.MM640gPlugin$MM640gWorker Data {Error : missing collection}

MM640gWorkerTest > When no entries return failure() STARTED

MM640gWorkerTest > When no entries return failure() STANDARD_OUT
    DEBUG: : WORKER Worker result FAILURE for class app.aaps.plugins.source.MM640gPlugin$MM640gWorker Data {Error : missing input data}

MM640gWorkerTest > When plugin disabled then return success() STARTED

MM640gWorkerTest > When plugin disabled then return success() STANDARD_OUT
    DEBUG: : WORKER Worker result SUCCESS for class app.aaps.plugins.source.MM640gPlugin$MM640gWorker Data {Result : Plugin not enabled}

PatchedSinoAppWorkerTest > When plugin enabled then insert data() STARTED

PatchedSinoAppWorkerTest > When plugin enabled then insert data() STANDARD_OUT
    DEBUG: : BGSOURCE Received Sino App Data [{"date":1656358762000,"sgv":150,"type":"sgv","direction":"FortyFiveDown"},{"type":"something"}]
    DEBUG: : BGSOURCE Unknown entries type: something
    DEBUG: : WORKER Worker result SUCCESS for class app.aaps.plugins.source.PatchedSinoAppPlugin$PatchedSinoAppWorker Data {}

PatchedSinoAppWorkerTest > When collection is missing then return failure() STARTED

PatchedSinoAppWorkerTest > When collection is missing then return failure() STANDARD_OUT
    DEBUG: : WORKER Worker result FAILURE for class app.aaps.plugins.source.PatchedSinoAppPlugin$PatchedSinoAppWorker Data {Error : missing collection}

PatchedSinoAppWorkerTest > When no entries return failure() STARTED

PatchedSinoAppWorkerTest > When no entries return failure() STANDARD_OUT
    DEBUG: : WORKER Worker result FAILURE for class app.aaps.plugins.source.PatchedSinoAppPlugin$PatchedSinoAppWorker Data {Error : missing input data}

PatchedSinoAppWorkerTest > When plugin disabled then return success() STARTED

PatchedSinoAppWorkerTest > When plugin disabled then return success() STANDARD_OUT
    DEBUG: : WORKER Worker result SUCCESS for class app.aaps.plugins.source.PatchedSinoAppPlugin$PatchedSinoAppWorker Data {Result : Plugin not enabled}

TomatoPluginTest > plugin is created() STARTED

PackageConfigTest > intervalMinutes valid values are parsed to milliseconds() STARTED

PackageConfigTest > unregistered package returns UNKNOWN() STARTED

PackageConfigTest > intervalMinutes unknown value snaps to nearest known() STARTED

PackageConfigTest > empty packages array() STARTED

PackageConfigTest > old client schema parsing still works for new schema() STARTED

PackageConfigTest > isSupportedPackage returns true for known() STARTED

PackageConfigTest > unknown sensor text maps to UNKNOWN() STARTED

PackageConfigTest > intervalMinutes wrong type does not crash and falls back() STARTED

PackageConfigTest > isSupportedPackage returns false for unknown() STARTED

PackageConfigTest > parse JSON creates correct supported packages() STARTED

PackageConfigTest > intervalMinutes zero or negative falls back to default() STARTED

PackageConfigTest > intervalMinutes missing falls back to default() STARTED

PackageConfigTest > parse JSON maps known sensors correctly() STARTED

GlunovoPluginTest > When glucose value is out of bounds (low) then skip it() STARTED

> Task :pump:omnipod:eros:compileFullDebugUnitTestKotlin

> Task :pump:omnipod:dash:testFullDebugUnitTest

PayloadSplitterTest > testSplitter() STARTED

GetStatusCommandTest > testGetDefaultStatusResponse() STARTED

ProgramTempBasalCommandTest > testZeroTempBasalVeryLong() STARTED

ProgramTempBasalCommandTest > testZeroTempBasalShort() STARTED

ProgramTempBasalCommandTest > testZeroTempBasal() STARTED

ProgramTempBasalCommandTest > testExtraAlternateSegmentPulseTempBasal() STARTED

DefaultStatusResponseTest > testValidResponseReservoirPulsesRemaining() STARTED

DefaultStatusResponseTest > testValidResponseActiveAlert1() STARTED

DefaultStatusResponseTest > testValidResponseBelowMin() STARTED

DefaultStatusResponseTest > testValidResponse() STARTED

DefaultStatusResponseTest > testValidResponseBolusPulsesRemaining3() STARTED

DefaultStatusResponseTest > testValidResponseBolusPulsesRemaining4() STARTED

DefaultStatusResponseTest > testValidResponseBolusPulsesRemaining() STARTED

PayloadJoinerTest > testJoiner() STARTED

StringLengthPrefixEncodingTest > testFormatKeysP0() STARTED

StringLengthPrefixEncodingTest > testParseKeysP0() STARTED

MilenageTest > testMilenageIncrementedSQN() STARTED

GetVersionCommandTest > testEncoding() STARTED

SetUniqueIdCommandTest > testEncoding() STARTED

NakResponseTest > testValidResponse() STARTED

MilenageTest > testMilenage() STARTED

MilenageTest > testMilenage2() STARTED

MilenageTest > testMileageSynchronization() STARTED

ProgramBeepsCommandTest > testPlayTestBeep() STARTED

SuspendDeliveryCommandTest > testSuspendDelivery() STARTED

FunctionsTest > validProfile() STARTED

FunctionsTest > invalidProfileNonZeroOffset() STARTED

FunctionsTest > roundsToSupportedPrecision() STARTED

FunctionsTest > invalidProfileMoreThan24Hours() STARTED

FunctionsTest > invalidProfileNegativeOffset() STARTED

FunctionsTest > invalidProfileZeroEntries() STARTED

> Task :shared:impl:testFullDebugUnitTest

DateUtilImplOldTest > dateAndTimeRangeStringTest() STARTED

DateUtilImplOldTest > dateAndTimeRangeStringTest() FAILED
    value of           : dateAndTimeRangeString(...)
    expected to contain: 22
    but was            : 12/21/17 08:32 PM - 08:32 PM
        at app//app.aaps.shared.impl.utils.DateUtilImplOldTest.dateAndTimeRangeStringTest(DateUtilImplOldTest.kt:80)

DateUtilImplOldTest > fromISODateStringTest() STARTED

DateUtilImplOldTest > timeFrameStringTest() STARTED

DateUtilImplOldTest > toSecondsTest() STARTED

DateUtilImplOldTest > dateStringTest() STARTED

DateUtilImplOldTest > dateStringTest() FAILED
    value of           : dateString(...)
    expected to contain: 22
    but was            : 12/21/17
        at app//app.aaps.shared.impl.utils.DateUtilImplOldTest.dateStringTest(DateUtilImplOldTest.kt:67)

DateUtilImplOldTest > secondsOfTheDayToMillisecondsTest() STARTED

DateUtilImplOldTest > dateAndTimeStringTest() STARTED

DateUtilImplOldTest > dateAndTimeStringTest() FAILED
    value of           : dateAndTimeString(...)
    expected to contain: 22
    but was            : 12/21/17 08:32 PM
        at app//app.aaps.shared.impl.utils.DateUtilImplOldTest.dateAndTimeStringTest(DateUtilImplOldTest.kt:75)

DateUtilImplOldTest > toISOStringTest() STARTED

DateUtilImplOldTest > timeStringTest() STARTED

SPImplTest > getInt() STARTED

LImplTest > findByName() STARTED

> Task :pump:combov2:comboctl:testFullDebugUnitTest

ParsedDisplayFrameStreamTest > checkDuplicateDetectionReset() STARTED

ParsedDisplayFrameStreamTest > checkDuplicateDisplayFrameFiltering() STARTED

DisplayFrameTest > checkChangingRTDisplayPayloadIndex() STARTED

ParsedDisplayFrameStreamTest > checkNullDisplayFrame() STARTED

CRCTest > verifyChecksum() STARTED

ParsedDisplayFrameStreamTest > checkSkippingBlinkedOutScreens() STARTED

ParsedDisplayFrameStreamTest > checkSkippingBlinkedOutScreens() STANDARD_OUT
    [1778342606.774] [DEBUG] [ParsedDisplayFrameStream] [ParsedDisplayFrameStream.getParsedDisplayFrame():233]  Screen is blinked out (contents: TemporaryBasalRatePercentageScreen(percentage=null, remainingDurationInMinutes=0)); skipping

Gradle Test Executor 143 STANDARD_OUT
    ~~~ Project Configuration ~~~
    -> Parallelism: 1 thread
    -> Test order: LexicographicSpecExecutionOrder
    -> Soft assertations: False
    -> Write spec failure file: False
    -> Fail on ignored tests: False
    -> Extensions
      - io.kotlintest.extensions.SystemPropertyTagExtension
      - io.kotlintest.extensions.RuntimeTagExtension

PairingSessionTest > verifyPairingProcess() STANDARD_OUT
    Next sequence entry: direction: RECEIVE  tp layer packet: version: 0x10  command: PAIRING_CONNECTION_REQUEST_ACCEPTED  sequence bit: false  reliability bit: false  address: 0x0f  nonce: 00 00 00 00 00 00 00 00 00 00 00 00 00  MAC: 00 00 00 00 00 00 00 00  payload: 3 byte(s): [00 f0 6d]
    [1778342607.421] [DEBUG] [PumpIO] [PumpIO$performPairing$4.invokeSuspend():2095]  Requesting the pump to generate and show the pairing PIN
    [1778342607.431] [DEBUG] [TransportLayer] [TransportLayer$IO.produceOutgoingPacket():1347]  Computed CRC16 payload 0x4181
    Next sequence entry: direction: SEND  tp layer packet: version: 0x10  command: REQUEST_KEYS  sequence bit: false  reliability bit: false  address: 0xf0  nonce: 00 00 00 00 00 00 00 00 00 00 00 00 00  MAC: 00 00 00 00 00 00 00 00  payload: 2 byte(s): [81 41]
    [1778342607.508] [DEBUG] [PumpIO] [PumpIO$performPairing$4.invokeSuspend():2098]  Requesting the keys from the pump
    [1778342607.685] [DEBUG] [TransportLayer] [TransportLayer$IO.produceOutgoingPacket():1347]  Computed CRC16 payload 0x7190
    Next sequence entry: direction: SEND  tp layer packet: version: 0x10  command: GET_AVAILABLE_KEYS  sequence bit: false  reliability bit: false  address: 0xf0  nonce: 00 00 00 00 00 00 00 00 00 00 00 00 00  MAC: 00 00 00 00 00 00 00 00  payload: 2 byte(s): [90 71]
    Next sequence entry: direction: RECEIVE  tp layer packet: version: 0x10  command: KEY_RESPONSE  sequence bit: false  reliability bit: false  address: 0x01  nonce: 01 00 00 00 00 00 00 00 00 00 00 00 00  MAC: 25 a0 26 47 29 37 ff 66  payload: 32 byte(s): [54 9e f7 7d 8d 27 48 0c 1d 11 43 b8 f7 08 92 7b f0 a3 75 f3 b4 5f e2 f3 46 63 cd dd c4 96 37 ac]
    [1778342607.722] [DEBUG] [PumpIO] [PumpIO$performPairing$4.invokeSuspend():2101]  Will ask for pairing PIN
    [1778342607.723] [DEBUG] [PumpIO] [PumpIO$performPairing$4.invokeSuspend():2104]  Waiting for the PIN to be provided
    [1778342607.740] [DEBUG] [PumpIO] [PumpIO$performPairing$4.invokeSuspend():2107]  Provided PIN: 260-681-9273
    [1778342607.747] [DEBUG] [PumpIO] [PumpIO$performPairing$4.invokeSuspend():2110]  Generated weak cipher key 32 36 30 36 38 31 39 32 37 33 cd c9 cf c9 c7 ce out of pairing PIN
    [1778342607.753] [DEBUG] [PumpIO] [PumpIO$performPairing$4.invokeSuspend():2113]  KEY_RESPONSE packet verified
    [1778342607.763] [DEBUG] [PumpIO] [PumpIO$performPairing$4.invokeSuspend():2119]  Requesting the pump ID from the pump
    Next sequence entry: direction: SEND  tp layer packet: version: 0x10  command: REQUEST_ID  sequence bit: false  reliability bit: false  address: 0x10  nonce: 01 00 00 00 00 00 00 00 00 00 00 00 00  MAC: 99 ed 58 29 54 6a bb 35  payload: 17 byte(s): [08 29 00 00 53 48 49 45 4c 44 20 54 61 62 6c 65 74]
    Next sequence entry: direction: RECEIVE  tp layer packet: version: 0x10  command: ID_RESPONSE  sequence bit: false  reliability bit: false  address: 0x01  nonce: 02 00 00 00 00 00 00 00 00 00 00 00 00  MAC: 6e f4 4d fe 35 6e fe b4  payload: 17 byte(s): [59 99 d4 01 50 55 4d 50 5f 31 30 32 33 30 39 34 37]
    [1778342607.921] [DEBUG] [PumpIO] [PumpIO.processIDResponsePacket():2222]  Received IDs: server ID: 30710105 pump ID: PUMP_10230947
    [1778342607.982] [DEBUG] [PumpIO] [PumpIO$performPairing$4.invokeSuspend():2122]  Sending regular connection request
    Next sequence entry: direction: SEND  tp layer packet: version: 0x10  command: REQUEST_REGULAR_CONNECTION  sequence bit: false  reliability bit: false  address: 0x10  nonce: 02 00 00 00 00 00 00 00 00 00 00 00 00  MAC: cf ee 61 f2 83 d3 dc 39  payload: 0 byte(s): []
    Next sequence entry: direction: RECEIVE  tp layer packet: version: 0x10  command: REGULAR_CONNECTION_REQUEST_ACCEPTED  sequence bit: false  reliability bit: false  address: 0x01  nonce: 03 00 00 00 00 00 00 00 00 00 00 00 00  MAC: 40 00 b3 41 84 55 5f 12  payload: 0 byte(s): []
    [1778342608.334] [DEBUG] [PumpIO] [PumpIO$performPairing$4.invokeSuspend():2125]  Initiating application layer connection
    Next sequence entry: direction: SEND  app layer packet: version: 0x10  service ID: CONTROL  command: CTRL_CONNECT  payload: 4 byte(s): 39 30 00 00
    Next sequence entry: direction: RECEIVE  app layer packet: version: 0x10  service ID: CONTROL  command: CTRL_CONNECT_RESPONSE  payload: 2 byte(s): 00 00
    Next sequence entry: direction: SEND  tp layer packet: version: 0x10  command: ACK_RESPONSE  sequence bit: false  reliability bit: false  address: 0x10  nonce: 04 00 00 00 00 00 00 00 00 00 00 00 00  MAC: 76 01 b6 ab 48 db 4e 87  payload: 0 byte(s): []
    [1778342609.205] [DEBUG] [PumpIO] [PumpIO$performPairing$4.invokeSuspend():2128]  Requesting command mode service version
    Next sequence entry: direction: SEND  app layer packet: version: 0x10  service ID: CONTROL  command: CTRL_GET_SERVICE_VERSION  payload: 1 byte(s): b7
    Next sequence entry: direction: RECEIVE  app layer packet: version: 0x10  service ID: CONTROL  command: CTRL_GET_SERVICE_VERSION_RESPONSE  payload: 4 byte(s): 00 00 01 00
    Next sequence entry: direction: SEND  tp layer packet: version: 0x10  command: ACK_RESPONSE  sequence bit: true  reliability bit: false  address: 0x10  nonce: 06 00 00 00 00 00 00 00 00 00 00 00 00  MAC: 15 a9 9a 64 9c 57 d2 72  payload: 0 byte(s): []
    [1778342609.679] [DEBUG] [PumpIO] [PumpIO$performPairing$4.invokeSuspend():2131]  Sending BIND command
    Next sequence entry: direction: SEND  app layer packet: version: 0x10  service ID: CONTROL  command: CTRL_BIND  payload: 1 byte(s): 48
    Next sequence entry: direction: RECEIVE  app layer packet: version: 0x10  service ID: CONTROL  command: CTRL_BIND_RESPONSE  payload: 3 byte(s): 00 00 48
    Next sequence entry: direction: SEND  tp layer packet: version: 0x10  command: ACK_RESPONSE  sequence bit: false  reliability bit: false  address: 0x10  nonce: 08 00 00 00 00 00 00 00 00 00 00 00 00  MAC: 38 3d 52 56 73 bf 59 d8  payload: 0 byte(s): []
    [1778342609.911] [DEBUG] [PumpIO] [PumpIO$performPairing$4.invokeSuspend():2134]  Reconnecting regular connection
    Next sequence entry: direction: SEND  tp layer packet: version: 0x10  command: REQUEST_REGULAR_CONNECTION  sequence bit: false  reliability bit: false  address: 0x10  nonce: 09 00 00 00 00 00 00 00 00 00 00 00 00  MAC: 1d d4 d5 c6 03 3e 0a be  payload: 0 byte(s): []
    Next sequence entry: direction: RECEIVE  tp layer packet: version: 0x10  command: REGULAR_CONNECTION_REQUEST_ACCEPTED  sequence bit: false  reliability bit: false  address: 0x01  nonce: 0a 00 00 00 00 00 00 00 00 00 00 00 00  MAC: 34 d2 8b 40 27 44 82 89  payload: 0 byte(s): []
    [1778342609.965] [DEBUG] [PumpIO] [PumpIO$performPairing$4.invokeSuspend():2137]  Pairing finished successfully - sending CTRL_DISCONNECT to Combo
    Next sequence entry: direction: SEND  app layer packet: version: 0x10  service ID: CONTROL  command: CTRL_DISCONNECT  payload: 2 byte(s): 03 00
    [1778342609.976] [DEBUG] [TransportLayer] [TransportLayer$IO.stop():1269]  Disconnecting device

PairingSessionTest > verifyPairingProcess() FAILED
    org.opentest4j.AssertionFailedError: Test run timeout reached
        at app//org.junit.jupiter.api.AssertionUtils.fail(AssertionUtils.java:42)
        at app//org.junit.jupiter.api.Assertions.fail(Assertions.java:143)
        at app//kotlin.test.junit5.JUnit5Asserter.fail(JUnitSupport.kt:56)
        at app//kotlin.test.AssertionsKt__AssertionsKt.fail(Assertions.kt:564)
        at app//kotlin.test.AssertionsKt.fail(Unknown Source)
        at app//info.nightscout.comboctl.base.testUtils.UtilityFunctionsKt$runBlockingWithWatchdog$1$watchdogJob$1.invokeSuspend(UtilityFunctions.kt:34)
        at app//kotlin.coroutines.jvm.internal.BaseContinuationImpl.resumeWith(ContinuationImpl.kt:34)
        at app//kotlinx.coroutines.DispatchedTaskKt.resume(DispatchedTask.kt:233)
        at app//kotlinx.coroutines.DispatchedTaskKt.dispatch(DispatchedTask.kt:152)
        at app//kotlinx.coroutines.CancellableContinuationImpl.dispatchResume(CancellableContinuationImpl.kt:470)
        at app//kotlinx.coroutines.CancellableContinuationImpl.resumeImpl$kotlinx_coroutines_core(CancellableContinuationImpl.kt:504)
        at app//kotlinx.coroutines.CancellableContinuationImpl.resumeImpl$kotlinx_coroutines_core$default(CancellableContinuationImpl.kt:493)
        at app//kotlinx.coroutines.CancellableContinuationImpl.resumeUndispatched(CancellableContinuationImpl.kt:596)
        at app//kotlinx.coroutines.EventLoopImplBase$DelayedResumeTask.run(EventLoop.common.kt:497)
        at app//kotlinx.coroutines.EventLoopImplBase.processNextEvent(EventLoop.common.kt:263)
        at app//kotlinx.coroutines.BlockingCoroutine.joinBlocking(Builders.kt:94)
        at app//kotlinx.coroutines.BuildersKt__BuildersKt.runBlocking(Builders.kt:70)
        at app//kotlinx.coroutines.BuildersKt.runBlocking(Unknown Source)
        at app//info.nightscout.comboctl.base.testUtils.UtilityFunctionsKt.runBlockingWithWatchdog(UtilityFunctions.kt:31)
        at app//info.nightscout.comboctl.base.testUtils.UtilityFunctionsKt.runBlockingWithWatchdog$default(UtilityFunctions.kt:26)
        at app//info.nightscout.comboctl.base.PairingSessionTest.verifyPairingProcess(PairingSessionTest.kt:468)

TwofishTest > checkPermutationTablesAndMDSMatrixMultiplyTables() STARTED

TwofishTest > checkProcessedSubkeys() STARTED

TokenizationTest > checkBasicPatternMatch() STARTED

TokenizationTest > checkStandardBolusTokenization() STARTED

DisplayFrameTest > checkDisplayFrameOutOfOrderAssembly() STARTED

DisplayFrameTest > checkDisplayFrameAssembly() STARTED

DisplayFrameTest > checkPixelAddressing() STARTED

TokenizationTest > checkMainScreenTokenization() STARTED

RTNavigationTest > checkRTNavigationWhenAlreadyAtTarget() STARTED

Gradle Test Executor 142 STANDARD_OUT
    ~~~ Project Configuration ~~~
    -> Parallelism: 1 thread
    -> Test order: LexicographicSpecExecutionOrder
    -> Soft assertations: False
    -> Write spec failure file: False
    -> Fail on ignored tests: False
    -> Extensions
      - io.kotlintest.extensions.SystemPropertyTagExtension
      - io.kotlintest.extensions.RuntimeTagExtension

RTNavigationTest > checkRTNavigationWhenAlreadyAtTarget() STANDARD_OUT
    Emitting test screen MainScreen(content=Normal(currentTime=2020-10-04T00:00, activeBasalProfileNumber=1, currentBasalRateFactor=300, batteryState=FULL_BATTERY))
    [1778342614.658] [DEBUG] [RTNavigation] [RTNavigationKt.navigateToRTScreen():1225]  About to navigate to RT screen of type class info.nightscout.comboctl.parser.ParsedScreen$MainScreen

TransportLayerTest > checkCustomIncomingPacketFiltering() STARTED

RTNavigationTest > checkRTNavigationWhenAlreadyAtTarget() STANDARD_OUT
    [1778342615.623] [DEBUG] [RTNavigation] [RTNavigationKt.navigateToRTScreen():1228]  Already at target; exiting
    Emitting test screen MainScreen(content=Normal(currentTime=2020-10-04T00:00, activeBasalProfileNumber=1, currentBasalRateFactor=300, batteryState=FULL_BATTERY))

RTNavigationTest > checkAdjustQuantityOnScreen() STARTED

RTNavigationTest > checkAdjustQuantityOnScreen() STANDARD_OUT
    Emitting test screen TemporaryBasalRatePercentageScreen(percentage=100, remainingDurationInMinutes=30)
    [1778342616.991] [DEBUG] [RTNavigation] [RTNavigationKt.adjustQuantityOnScreen():1195]  Adjusting quantity on RT screen; targetQuantity = 160; increment / decrement buttons = UP / DOWN; cyclicQuantityRange = null
    [1778342616.998] [DEBUG] [RTNavigation] [RTNavigationKt.adjustQuantityOnScreen():1198]  Initial observed quantity: 100
    [1778342616.999] [DEBUG] [RTNavigation] [RTNavigationKt.adjustQuantityOnScreen():1204]  First phase; long-pressing RT button to increment quantity
    [1778342617.005] [DEBUG] [RTNavigation] [RTNavigationKt.longPressRTButtonUntil():1164]  Long-pressing RT button UP

GraphTest > checkShortestPath() STARTED

GraphTest > checkNonExistentShortestPath() STARTED

GraphTest > checkShortestPathSearchEdgePredicate() STARTED

GraphTest > checkGraphConstruction() STARTED

ProgressReporterTest > testAbort() STARTED

RTNavigationTest > checkAdjustQuantityOnScreen() STANDARD_OUT
    Emitting test screen TemporaryBasalRatePercentageScreen(percentage=100, remainingDurationInMinutes=30)

ProgressReporterTest > testBasicProgress() STARTED

RTNavigationTest > checkAdjustQuantityOnScreen() STANDARD_OUT
    [1778342617.142] [VERBOSE] [RTNavigation] [RTNavigationKt$longPressRTButtonUntil$3.invokeSuspend():1164]  Waiting 21 milliseconds before continuing button long-press

ProgressReporterTest > testBackwardsProgress() STARTED

ProgressReporterTest > testSkippedSteps() STARTED

RTNavigationTest > checkAdjustQuantityOnScreen() STANDARD_OUT
    [1778342617.189] [VERBOSE] [RTNavigation] [RTNavigationKt.adjustQuantityOnScreen$lambda$7():1261]  Current quantity in first phase: 100; need to increment: true
    [1778342617.194] [VERBOSE] [RTNavigation] [RTNavigationKt$longPressRTButtonUntil$3.invokeSuspend():1167]  Observed parsed screen TemporaryBasalRatePercentageScreen(percentage=100, remainingDurationInMinutes=30) while long-pressing RT button; predicate result = info.nightscout.comboctl.main.LongPressRTButtonsCommand$ContinuePressingButton@34306e61

Gradle Test Executor 146 STANDARD_OUT
    ~~~ Project Configuration ~~~
    -> Parallelism: 1 thread
    -> Test order: LexicographicSpecExecutionOrder

RTNavigationTest > checkAdjustQuantityOnScreen() STANDARD_OUT
    Emitting test screen TemporaryBasalRatePercentageScreen(percentage=110, remainingDurationInMinutes=30)
    [1778342617.268] [VERBOSE] [RTNavigation] [RTNavigationKt$longPressRTButtonUntil$3.invokeSuspend():1164]  Waiting 38 milliseconds before continuing button long-press
    [1778342617.320] [VERBOSE] [RTNavigation] [RTNavigationKt.adjustQuantityOnScreen$lambda$7():1261]  Current quantity in first phase: 110; need to increment: true
    [1778342617.321] [VERBOSE] [RTNavigation] [RTNavigationKt$longPressRTButtonUntil$3.invokeSuspend():1167]  Observed parsed screen TemporaryBasalRatePercentageScreen(percentage=110, remainingDurationInMinutes=30) while long-pressing RT button; predicate result = info.nightscout.comboctl.main.LongPressRTButtonsCommand$ContinuePressingButton@34306e61

Gradle Test Executor 146 STANDARD_OUT
    -> Soft assertations: False
    -> Write spec failure file: False
    -> Fail on ignored tests: False
    -> Extensions
      - io.kotlintest.extensions.SystemPropertyTagExtension
      - io.kotlintest.extensions.RuntimeTagExtension

RTNavigationTest > checkAdjustQuantityOnScreen() STANDARD_OUT
    Emitting test screen TemporaryBasalRatePercentageScreen(percentage=120, remainingDurationInMinutes=30)
    [1778342617.379] [VERBOSE] [RTNavigation] [RTNavigationKt$longPressRTButtonUntil$3.invokeSuspend():1164]  Waiting 53 milliseconds before continuing button long-press
    [1778342617.456] [VERBOSE] [RTNavigation] [RTNavigationKt.adjustQuantityOnScreen$lambda$7():1261]  Current quantity in first phase: 120; need to increment: true
    [1778342617.457] [VERBOSE] [RTNavigation] [RTNavigationKt$longPressRTButtonUntil$3.invokeSuspend():1167]  Observed parsed screen TemporaryBasalRatePercentageScreen(percentage=120, remainingDurationInMinutes=30) while long-pressing RT button; predicate result = info.nightscout.comboctl.main.LongPressRTButtonsCommand$ContinuePressingButton@34306e61
    Emitting test screen TemporaryBasalRatePercentageScreen(percentage=130, remainingDurationInMinutes=30)
    [1778342617.570] [VERBOSE] [RTNavigation] [RTNavigationKt.adjustQuantityOnScreen$lambda$7():1261]  Current quantity in first phase: 130; need to increment: true
    [1778342617.571] [VERBOSE] [RTNavigation] [RTNavigationKt$longPressRTButtonUntil$3.invokeSuspend():1167]  Observed parsed screen TemporaryBasalRatePercentageScreen(percentage=130, remainingDurationInMinutes=30) while long-pressing RT button; predicate result = info.nightscout.comboctl.main.LongPressRTButtonsCommand$ContinuePressingButton@34306e61
    Emitting test screen TemporaryBasalRatePercentageScreen(percentage=140, remainingDurationInMinutes=30)
    [1778342617.683] [VERBOSE] [RTNavigation] [RTNavigationKt.adjustQuantityOnScreen$lambda$7():1261]  Current quantity in first phase: 140; need to increment: true
    [1778342617.683] [VERBOSE] [RTNavigation] [RTNavigationKt$longPressRTButtonUntil$3.invokeSuspend():1167]  Observed parsed screen TemporaryBasalRatePercentageScreen(percentage=140, remainingDurationInMinutes=30) while long-pressing RT button; predicate result = info.nightscout.comboctl.main.LongPressRTButtonsCommand$ContinuePressingButton@34306e61
    Emitting test screen TemporaryBasalRatePercentageScreen(percentage=150, remainingDurationInMinutes=30)
    [1778342617.799] [VERBOSE] [RTNavigation] [RTNavigationKt.adjustQuantityOnScreen$lambda$7():1261]  Current quantity in first phase: 150; need to increment: true
    [1778342617.800] [VERBOSE] [RTNavigation] [RTNavigationKt$longPressRTButtonUntil$3.invokeSuspend():1167]  Observed parsed screen TemporaryBasalRatePercentageScreen(percentage=150, remainingDurationInMinutes=30) while long-pressing RT button; predicate result = info.nightscout.comboctl.main.LongPressRTButtonsCommand$ContinuePressingButton@34306e61
    Emitting test screen TemporaryBasalRatePercentageScreen(percentage=170, remainingDurationInMinutes=30)
    [1778342617.914] [VERBOSE] [RTNavigation] [RTNavigationKt.adjustQuantityOnScreen$lambda$7():1261]  Current quantity in first phase: 170; need to increment: true
    [1778342617.915] [VERBOSE] [RTNavigation] [RTNavigationKt$longPressRTButtonUntil$3.invokeSuspend():1167]  Observed parsed screen TemporaryBasalRatePercentageScreen(percentage=170, remainingDurationInMinutes=30) while long-pressing RT button; predicate result = info.nightscout.comboctl.main.LongPressRTButtonsCommand$ReleaseButton@773fe0fd
    [1778342617.928] [DEBUG] [RTNavigation] [RTNavigationKt.longPressRTButtonUntil():1170]  Long-pressing RT button UP stopped
    Emitting test screen TemporaryBasalRatePercentageScreen(percentage=170, remainingDurationInMinutes=30)
    [1778342618.098] [DEBUG] [RTNavigation] [RTNavigationKt.adjustQuantityOnScreen():1207]  Observed quantity after long-pressing RT button: last / current quantity: null / 170
    Emitting test screen TemporaryBasalRatePercentageScreen(percentage=170, remainingDurationInMinutes=30)
    [1778342618.223] [DEBUG] [RTNavigation] [RTNavigationKt.adjustQuantityOnScreen():1207]  Observed quantity after long-pressing RT button: last / current quantity: 170 / 170
    Emitting test screen TemporaryBasalRatePercentageScreen(percentage=170, remainingDurationInMinutes=30)
    [1778342618.347] [DEBUG] [RTNavigation] [RTNavigationKt.adjustQuantityOnScreen():1207]  Observed quantity after long-pressing RT button: last / current quantity: 170 / 170
    Emitting test screen TemporaryBasalRatePercentageScreen(percentage=170, remainingDurationInMinutes=30)
    [1778342618.455] [DEBUG] [RTNavigation] [RTNavigationKt.adjustQuantityOnScreen():1207]  Observed quantity after long-pressing RT button: last / current quantity: 170 / 170
    [1778342618.456] [DEBUG] [RTNavigation] [RTNavigationKt.adjustQuantityOnScreen():1213]  Second phase: last seen quantity 170 is not the target quantity; short-pressing RT button(s) to finetune it
    [1778342618.458] [DEBUG] [RTNavigation] [RTNavigationKt.adjustQuantityOnScreen():1216]  Need to short-press the DOWN RT button 1 time(s)
    Emitting test screen TemporaryBasalRatePercentageScreen(percentage=170, remainingDurationInMinutes=30)
    Emitting test screen TemporaryBasalRatePercentageScreen(percentage=170, remainingDurationInMinutes=30)
    Emitting test screen TemporaryBasalRatePercentageScreen(percentage=170, remainingDurationInMinutes=30)
    Emitting test screen TemporaryBasalRatePercentageScreen(percentage=170, remainingDurationInMinutes=30)
    Emitting test screen TemporaryBasalRatePercentageScreen(percentage=160, remainingDurationInMinutes=30)
    Emitting test screen TemporaryBasalRatePercentageScreen(percentage=160, remainingDurationInMinutes=30)

RTNavigationTest > checkAdjustQuantityOnScreen() FAILED
    java.util.NoSuchElementException: java.lang.ArrayIndexOutOfBoundsException: Index 11 out of bounds for length 11
        at java.base/java.util.AbstractList$Itr.next(Unknown Source)
        at info.nightscout.comboctl.main.RTNavigationTest$TestRTNavigationContext.shortPressButton(RTNavigationTest.kt:149)
        at info.nightscout.comboctl.main.RTNavigationKt.adjustQuantityOnScreen(RTNavigation.kt:877)
        at info.nightscout.comboctl.main.RTNavigationKt$adjustQuantityOnScreen$1.invokeSuspend(RTNavigation.kt)
        at kotlin.coroutines.jvm.internal.BaseContinuationImpl.resumeWith(ContinuationImpl.kt:34)
        at kotlinx.coroutines.DispatchedTask.run(DispatchedTask.kt:100)
        at kotlinx.coroutines.EventLoopImplBase.processNextEvent(EventLoop.common.kt:263)
        at kotlinx.coroutines.BlockingCoroutine.joinBlocking(Builders.kt:94)
        at kotlinx.coroutines.BuildersKt__BuildersKt.runBlocking(Builders.kt:70)
        at kotlinx.coroutines.BuildersKt.runBlocking(Unknown Source)
        at info.nightscout.comboctl.base.testUtils.UtilityFunctionsKt.runBlockingWithWatchdog(UtilityFunctions.kt:31)
        at info.nightscout.comboctl.base.testUtils.UtilityFunctionsKt.runBlockingWithWatchdog$default(UtilityFunctions.kt:26)
        at info.nightscout.comboctl.main.RTNavigationTest.checkAdjustQuantityOnScreen(RTNavigationTest.kt:901)

        Caused by:
        java.lang.ArrayIndexOutOfBoundsException: Index 11 out of bounds for length 11
            at java.base/java.util.Arrays$ArrayList.get(Unknown Source)
            ... 13 more

RTNavigationTest > checkLongPressRTButtonInnerAbort() STARTED

RTNavigationTest > checkLongPressRTButtonInnerAbort() STANDARD_OUT
    Emitting test screen MainScreen(content=Normal(currentTime=2020-10-04T00:00, activeBasalProfileNumber=1, currentBasalRateFactor=300, batteryState=FULL_BATTERY))
    [1778342623.008] [DEBUG] [RTNavigation] [RTNavigationKt.longPressRTButtonUntil():1164]  Long-pressing RT button MENU
    [1778342623.100] [VERBOSE] [RTNavigation] [RTNavigationKt$longPressRTButtonUntil$3.invokeSuspend():1164]  Waiting 106 milliseconds before continuing button long-press
    Emitting test screen MainScreen(content=Normal(currentTime=2020-10-04T00:00, activeBasalProfileNumber=1, currentBasalRateFactor=300, batteryState=FULL_BATTERY))
    [1778342623.243] [VERBOSE] [RTNavigation] [RTNavigationKt$longPressRTButtonUntil$3.invokeSuspend():1167]  Observed parsed screen MainScreen(content=Normal(currentTime=2020-10-04T00:00, activeBasalProfileNumber=1, currentBasalRateFactor=300, batteryState=FULL_BATTERY)) while long-pressing RT button; predicate result = info.nightscout.comboctl.main.LongPressRTButtonsCommand$ContinuePressingButton@34306e61
    Emitting test screen info.nightscout.comboctl.parser.ParsedScreen$BasalRate2ProgrammingMenuScreen@30992a
    [1778342623.638] [VERBOSE] [RTNavigation] [RTNavigationKt$longPressRTButtonUntil$3.invokeSuspend():1167]  Observed parsed screen info.nightscout.comboctl.parser.ParsedScreen$BasalRate2ProgrammingMenuScreen@30992a while long-pressing RT button; predicate result = info.nightscout.comboctl.main.LongPressRTButtonsCommand$ContinuePressingButton@34306e61
    Emitting test screen AlertScreen(content=Warning(code=6, state=TO_SNOOZE))
    Emitting test screen AlertScreen(content=Warning(code=6, state=TO_SNOOZE))
    [1778342623.982] [INFO] [RTNavigation] [RTNavigationKt.longPressRTButtonUntil():1167]  Rethrowing Throwable caught during long RT button press: info.nightscout.comboctl.parser.AlertScreenException: RT alert screen appeared with content: Warning(code=6, state=TO_SNOOZE)

TransportLayerTest > checkCustomIncomingPacketFiltering() STANDARD_OUT
    [1778342626.873] [DEBUG] [TransportLayer] [TransportLayer$IO.stop():1269]  Disconnecting device
    [1778342626.939] [DEBUG] [TransportLayer] [TransportLayer$IO.stop():1275]  Stopping packet receiver
    [1778342627.840] [DEBUG] [TransportLayer] [TransportLayer$IO.stop():1281]  Transport layer IO stopped

TransportLayerTest > parsePacketData() STARTED

TransportLayerTest > verifyPacketDataIntegrityWithCRC() STARTED

TransportLayerTest > verifyPacketDataIntegrityWithMAC() STARTED

TransportLayerTest > checkPacketReceiverExceptionHandling() STARTED

TransportLayerTest > checkPacketReceiverExceptionHandling() STANDARD_OUT
    Exception thrown by in packet receiver (this exception was expected by the test): info.nightscout.comboctl.base.TransportLayer$PacketReceiverException: Error response by the Combo; error ID = 0xf
    [1778342628.472] [DEBUG] [TransportLayer] [TransportLayer$IO$startInternal$1.invokeSuspend():1259]  Caught Combo exception in receive loop: info.nightscout.comboctl.base.TransportLayer$ErrorResponseException: Error response by the Combo; error ID = 0xf
    [1778342629.012] [DEBUG] [TransportLayer] [TransportLayer$IO$startInternal$1.invokeSuspend():1262]  Combo exception stacktrace: info.nightscout.comboctl.base.TransportLayer$ErrorResponseException: Error response by the Combo; error ID = 0xf
    	at info.nightscout.comboctl.base.TransportLayer$IO.processErrorResponsePacket(TransportLayer.kt:1230)
    	at info.nightscout.comboctl.base.TransportLayer$IO.receiveAndPreprocessPacket(TransportLayer.kt:1087)
    	at info.nightscout.comboctl.base.TransportLayer$IO.access$receiveAndPreprocessPacket(TransportLayer.kt:611)
    	at info.nightscout.comboctl.base.TransportLayer$IO$startInternal$1.invokeSuspend(TransportLayer.kt:907)
    	at kotlin.coroutines.jvm.internal.BaseContinuationImpl.resumeWith(ContinuationImpl.kt:34)
    	at kotlinx.coroutines.DispatchedTask.run(DispatchedTask.kt:100)
    	at kotlinx.coroutines.internal.LimitedDispatcher$Worker.run(LimitedDispatcher.kt:124)
    	at kotlinx.coroutines.scheduling.TaskImpl.run(Tasks.kt:89)
    	at kotlinx.coroutines.scheduling.CoroutineScheduler.runSafely(CoroutineScheduler.kt:586)
    	at kotlinx.coroutines.scheduling.CoroutineScheduler$Worker.executeTask(CoroutineScheduler.kt:829)
    	at kotlinx.coroutines.scheduling.CoroutineScheduler$Worker.runWorker(CoroutineScheduler.kt:717)
    	at kotlinx.coroutines.scheduling.CoroutineScheduler$Worker.run(CoroutineScheduler.kt:704)

    Exception thrown by send() call (this exception was expected by the test): info.nightscout.comboctl.base.TransportLayer$PacketReceiverException: Error response by the Combo; error ID = 0xf
    Exception thrown by receive() call (this exception was expected by the test): info.nightscout.comboctl.base.TransportLayer$PacketReceiverException: Error response by the Combo; error ID = 0xf
    [1778342630.556] [DEBUG] [TransportLayer] [TransportLayer$IO.stop():1269]  Disconnecting device
    [1778342630.557] [DEBUG] [TransportLayer] [TransportLayer$IO.stop():1275]  Stopping packet receiver
    [1778342630.563] [DEBUG] [TransportLayer] [TransportLayer$IO.stop():1281]  Transport layer IO stopped

TransportLayerTest > checkBasicTransportLayerSequence() STARTED

TransportLayerTest > checkBasicTransportLayerSequence() STANDARD_OUT
    [1778342630.976] [DEBUG] [TransportLayer] [TransportLayer$IO.produceOutgoingPacket():1347]  Computed CRC16 payload 0x11b2
    [1778342631.013] [DEBUG] [TransportLayer] [TransportLayer$IO.stop():1269]  Disconnecting device
    [1778342631.013] [DEBUG] [TransportLayer] [TransportLayer$IO.stop():1275]  Stopping packet receiver
    [1778342631.073] [DEBUG] [TransportLayer] [TransportLayer$IO.stop():1281]  Transport layer IO stopped

TransportLayerTest > createPacketData() STARTED

Gradle Test Executor 149 STANDARD_OUT
    ~~~ Project Configuration ~~~
    -> Parallelism: 1 thread
    -> Test order: LexicographicSpecExecutionOrder
    -> Soft assertations: False
    -> Write spec failure file: False
    -> Fail on ignored tests: False
    -> Extensions
      - io.kotlintest.extensions.SystemPropertyTagExtension
      - io.kotlintest.extensions.RuntimeTagExtension

ComboFrameTest > parsePartialFrameDataWithSpecialBytes() STARTED

RTNavigationTest > checkLongPressRTButtonInnerAbort() STANDARD_OUT
    Moved to next screen info.nightscout.comboctl.parser.ParsedScreen$BasalRate3ProgrammingMenuScreen@2cb4e4b1 after short button press

RTNavigationTest > checkRTNavigationFromMainScreenToBasalRateFactorSettingScreen() STARTED

RTNavigationTest > checkRTNavigationFromMainScreenToBasalRateFactorSettingScreen() STANDARD_OUT
    Emitting test screen MainScreen(content=Normal(currentTime=0000-01-01T23:11, activeBasalProfileNumber=1, currentBasalRateFactor=800, batteryState=FULL_BATTERY))
    [1778342633.560] [DEBUG] [RTNavigation] [RTNavigationKt.navigateToRTScreen():1225]  About to navigate to RT screen of type class info.nightscout.comboctl.parser.ParsedScreen$BasalRateFactorSettingScreen
    [1778342633.561] [DEBUG] [RTNavigation] [RTNavigationKt.navigateToRTScreen():1231]  Navigation starts at screen of type class info.nightscout.comboctl.parser.ParsedScreen$MainScreen and ends at screen of type class info.nightscout.comboctl.parser.ParsedScreen$BasalRateFactorSettingScreen
    Emitting test screen MainScreen(content=Normal(currentTime=0000-01-01T23:11, activeBasalProfileNumber=1, currentBasalRateFactor=800, batteryState=FULL_BATTERY))
    [1778342633.692] [DEBUG] [RTNavigation] [RTNavigationKt.navigateToRTScreen():1243]  We are currently at screen MainScreen(content=Normal(currentTime=0000-01-01T23:11, activeBasalProfileNumber=1, currentBasalRateFactor=800, batteryState=FULL_BATTERY)); next target screen type: class info.nightscout.comboctl.parser.ParsedScreen$TemporaryBasalRateMenuScreen
    [1778342633.693] [DEBUG] [RTNavigation] [RTNavigationKt.navigateToRTScreen():1252]  Pressing button MENU to navigate further
    Moved to next screen info.nightscout.comboctl.parser.ParsedScreen$StopPumpMenuScreen@3bb186b after short button press
    Emitting test screen info.nightscout.comboctl.parser.ParsedScreen$StopPumpMenuScreen@3bb186b
    [1778342633.796] [DEBUG] [RTNavigation] [RTNavigationKt.navigateToRTScreen():1243]  We are currently at screen info.nightscout.comboctl.parser.ParsedScreen$StopPumpMenuScreen@3bb186b; next target screen type: class info.nightscout.comboctl.parser.ParsedScreen$TemporaryBasalRateMenuScreen
    [1778342633.796] [DEBUG] [RTNavigation] [RTNavigationKt.navigateToRTScreen():1252]  Pressing button MENU to navigate further
    Moved to next screen info.nightscout.comboctl.parser.ParsedScreen$StandardBolusMenuScreen@8fd3eee after short button press
    Emitting test screen info.nightscout.comboctl.parser.ParsedScreen$StandardBolusMenuScreen@8fd3eee
    [1778342633.915] [DEBUG] [RTNavigation] [RTNavigationKt.navigateToRTScreen():1243]  We are currently at screen info.nightscout.comboctl.parser.ParsedScreen$StandardBolusMenuScreen@8fd3eee; next target screen type: class info.nightscout.comboctl.parser.ParsedScreen$TemporaryBasalRateMenuScreen
    [1778342633.917] [DEBUG] [RTNavigation] [RTNavigationKt.navigateToRTScreen():1252]  Pressing button MENU to navigate further
    Moved to next screen info.nightscout.comboctl.parser.ParsedScreen$ExtendedBolusMenuScreen@d9ff1cd after short button press
    Emitting test screen info.nightscout.comboctl.parser.ParsedScreen$ExtendedBolusMenuScreen@d9ff1cd
    [1778342634.040] [DEBUG] [RTNavigation] [RTNavigationKt.navigateToRTScreen():1243]  We are currently at screen info.nightscout.comboctl.parser.ParsedScreen$ExtendedBolusMenuScreen@d9ff1cd; next target screen type: class info.nightscout.comboctl.parser.ParsedScreen$TemporaryBasalRateMenuScreen
    [1778342634.040] [DEBUG] [RTNavigation] [RTNavigationKt.navigateToRTScreen():1252]  Pressing button MENU to navigate further
    Moved to next screen info.nightscout.comboctl.parser.ParsedScreen$MultiwaveBolusMenuScreen@2c64ee53 after short button press
    Emitting test screen info.nightscout.comboctl.parser.ParsedScreen$MultiwaveBolusMenuScreen@2c64ee53
    [1778342634.149] [DEBUG] [RTNavigation] [RTNavigationKt.navigateToRTScreen():1243]  We are currently at screen info.nightscout.comboctl.parser.ParsedScreen$MultiwaveBolusMenuScreen@2c64ee53; next target screen type: class info.nightscout.comboctl.parser.ParsedScreen$TemporaryBasalRateMenuScreen
    [1778342634.149] [DEBUG] [RTNavigation] [RTNavigationKt.navigateToRTScreen():1252]  Pressing button MENU to navigate further
    Moved to next screen info.nightscout.comboctl.parser.ParsedScreen$TemporaryBasalRateMenuScreen@77c7d3f4 after short button press
    Emitting test screen info.nightscout.comboctl.parser.ParsedScreen$TemporaryBasalRateMenuScreen@77c7d3f4
    [1778342634.380] [DEBUG] [RTNavigation] [RTNavigationKt.navigateToRTScreen():1243]  We are currently at screen info.nightscout.comboctl.parser.ParsedScreen$TemporaryBasalRateMenuScreen@77c7d3f4; next target screen type: class info.nightscout.comboctl.parser.ParsedScreen$TemporaryBasalRateMenuScreen
    [1778342634.449] [DEBUG] [RTNavigation] [RTNavigationKt.navigateToRTScreen():1246]  Reached screen type class info.nightscout.comboctl.parser.ParsedScreen$TemporaryBasalRateMenuScreen in path; continuing to class info.nightscout.comboctl.parser.ParsedScreen$MyDataMenuScreen
    [1778342634.450] [DEBUG] [RTNavigation] [RTNavigationKt.navigateToRTScreen():1252]  Pressing button MENU to navigate further
    Moved to next screen info.nightscout.comboctl.parser.ParsedScreen$MyDataMenuScreen@162c89ac after short button press
    Emitting test screen info.nightscout.comboctl.parser.ParsedScreen$MyDataMenuScreen@162c89ac
    [1778342634.525] [DEBUG] [RTNavigation] [RTNavigationKt.navigateToRTScreen():1243]  We are currently at screen info.nightscout.comboctl.parser.ParsedScreen$MyDataMenuScreen@162c89ac; next target screen type: class info.nightscout.comboctl.parser.ParsedScreen$MyDataMenuScreen
    [1778342634.526] [DEBUG] [RTNavigation] [RTNavigationKt.navigateToRTScreen():1246]  Reached screen type class info.nightscout.comboctl.parser.ParsedScreen$MyDataMenuScreen in path; continuing to class info.nightscout.comboctl.parser.ParsedScreen$BasalRate1ProgrammingMenuScreen
    [1778342634.526] [DEBUG] [RTNavigation] [RTNavigationKt.navigateToRTScreen():1252]  Pressing button MENU to navigate further
    Moved to next screen info.nightscout.comboctl.parser.ParsedScreen$BasalRateProfileSelectionMenuScreen@644f033d after short button press
    Emitting test screen info.nightscout.comboctl.parser.ParsedScreen$BasalRateProfileSelectionMenuScreen@644f033d
    [1778342634.633] [DEBUG] [RTNavigation] [RTNavigationKt.navigateToRTScreen():1243]  We are currently at screen info.nightscout.comboctl.parser.ParsedScreen$BasalRateProfileSelectionMenuScreen@644f033d; next target screen type: class info.nightscout.comboctl.parser.ParsedScreen$BasalRate1ProgrammingMenuScreen
    [1778342634.634] [DEBUG] [RTNavigation] [RTNavigationKt.navigateToRTScreen():1252]  Pressing button MENU to navigate further
    Moved to next screen info.nightscout.comboctl.parser.ParsedScreen$BasalRate1ProgrammingMenuScreen@6f526f91 after short button press
    Emitting test screen info.nightscout.comboctl.parser.ParsedScreen$BasalRate1ProgrammingMenuScreen@6f526f91
    [1778342634.750] [DEBUG] [RTNavigation] [RTNavigationKt.navigateToRTScreen():1243]  We are currently at screen info.nightscout.comboctl.parser.ParsedScreen$BasalRate1ProgrammingMenuScreen@6f526f91; next target screen type: class info.nightscout.comboctl.parser.ParsedScreen$BasalRate1ProgrammingMenuScreen
    [1778342634.750] [DEBUG] [RTNavigation] [RTNavigationKt.navigateToRTScreen():1246]  Reached screen type class info.nightscout.comboctl.parser.ParsedScreen$BasalRate1ProgrammingMenuScreen in path; continuing to class info.nightscout.comboctl.parser.ParsedScreen$BasalRateTotalScreen
    [1778342634.751] [DEBUG] [RTNavigation] [RTNavigationKt.navigateToRTScreen():1252]  Pressing button CHECK to navigate further
    Moved to next screen BasalRateTotalScreen(totalNumUnits=1840, basalRateNumber=1) after short button press
    Emitting test screen BasalRateTotalScreen(totalNumUnits=1840, basalRateNumber=1)
    Emitting test screen BasalRateTotalScreen(totalNumUnits=1840, basalRateNumber=1)
    [1778342635.341] [DEBUG] [RTNavigation] [RTNavigationKt.navigateToRTScreen():1243]  We are currently at screen BasalRateTotalScreen(totalNumUnits=1840, basalRateNumber=1); next target screen type: class info.nightscout.comboctl.parser.ParsedScreen$BasalRateTotalScreen
    [1778342635.379] [DEBUG] [RTNavigation] [RTNavigationKt.navigateToRTScreen():1246]  Reached screen type class info.nightscout.comboctl.parser.ParsedScreen$BasalRateTotalScreen in path; continuing to class info.nightscout.comboctl.parser.ParsedScreen$BasalRateFactorSettingScreen
    [1778342635.379] [DEBUG] [RTNavigation] [RTNavigationKt.navigateToRTScreen():1252]  Pressing button MENU to navigate further
    Moved to next screen BasalRateFactorSettingScreen(beginTime=0000-01-01T00:00, endTime=0000-01-01T01:00, numUnits=1000, basalRateNumber=1) after short button press
    Emitting test screen BasalRateFactorSettingScreen(beginTime=0000-01-01T00:00, endTime=0000-01-01T01:00, numUnits=1000, basalRateNumber=1)

RTNavigationTest > checkRTNavigationFromMainScreenToBasalRateFactorSettingScreen() FAILED
    java.util.NoSuchElementException: java.lang.ArrayIndexOutOfBoundsException
        at java.base/java.util.AbstractList$Itr.next(Unknown Source)
        at info.nightscout.comboctl.main.RTNavigationTest$TestRTNavigationContext.getParsedDisplayFrame(RTNavigationTest.kt:99)
        at info.nightscout.comboctl.main.RTNavigationContext.getParsedDisplayFrame$default(RTNavigation.kt:297)
        at info.nightscout.comboctl.main.RTNavigationKt.navigateToRTScreen(RTNavigation.kt:1002)
        at info.nightscout.comboctl.main.RTNavigationKt$navigateToRTScreen$1.invokeSuspend(RTNavigation.kt)
        at kotlin.coroutines.jvm.internal.BaseContinuationImpl.resumeWith(ContinuationImpl.kt:34)
        at kotlinx.coroutines.DispatchedTask.run(DispatchedTask.kt:100)
        at kotlinx.coroutines.EventLoopImplBase.processNextEvent(EventLoop.common.kt:263)
        at kotlinx.coroutines.BlockingCoroutine.joinBlocking(Builders.kt:94)
        at kotlinx.coroutines.BuildersKt__BuildersKt.runBlocking(Builders.kt:70)
        at kotlinx.coroutines.BuildersKt.runBlocking(Unknown Source)
        at info.nightscout.comboctl.base.testUtils.UtilityFunctionsKt.runBlockingWithWatchdog(UtilityFunctions.kt:31)
        at info.nightscout.comboctl.base.testUtils.UtilityFunctionsKt.runBlockingWithWatchdog$default(UtilityFunctions.kt:26)
        at info.nightscout.comboctl.main.RTNavigationTest.checkRTNavigationFromMainScreenToBasalRateFactorSettingScreen(RTNavigationTest.kt:614)

        Caused by:
        java.lang.ArrayIndexOutOfBoundsException

RTNavigationTest > checkComputeShortRTButtonPressWithThreeStepSizes() STARTED

RTNavigationTest > checkComputeShortRTButtonPressWithTwoStepSizes() STARTED

RTNavigationTest > checkComputeShortRTButtonPressWithOneStepSize() STARTED

RTNavigationTest > checkRTNavigationGraphConnectivity() STARTED

RTNavigationTest > checkWaitUntilScreenAppears() STARTED

RTNavigationTest > checkWaitUntilScreenAppears() STANDARD_OUT
    Emitting test screen info.nightscout.comboctl.parser.ParsedScreen$BasalRate1ProgrammingMenuScreen@6f526f91
    [1778342635.995] [DEBUG] [RTNavigation] [RTNavigationKt.waitUntilScreenAppears():1185]  Observing incoming parsed screens and waiting for screen of type class info.nightscout.comboctl.parser.ParsedScreen$BasalRate3ProgrammingMenuScreen to appear
    [1778342635.997] [VERBOSE] [RTNavigation] [RTNavigationKt.waitUntilScreenAppears():1191]  Target screen type did not appear yet; cycleCount increased to 0
    Emitting test screen info.nightscout.comboctl.parser.ParsedScreen$BasalRate2ProgrammingMenuScreen@30992a
    [1778342636.112] [VERBOSE] [RTNavigation] [RTNavigationKt.waitUntilScreenAppears():1191]  Target screen type did not appear yet; cycleCount increased to 1
    Emitting test screen info.nightscout.comboctl.parser.ParsedScreen$BasalRate3ProgrammingMenuScreen@2cb4e4b1
    [1778342636.232] [DEBUG] [RTNavigation] [RTNavigationKt.waitUntilScreenAppears():1188]  Target screen of type class info.nightscout.comboctl.parser.ParsedScreen$BasalRate3ProgrammingMenuScreen appeared; cycleCount = 2

RTNavigationTest > checkRTNavigationFromMainToQuickinfo() STARTED

RTNavigationTest > checkRTNavigationFromMainToQuickinfo() STANDARD_OUT
    Emitting test screen MainScreen(content=Normal(currentTime=2020-10-04T00:00, activeBasalProfileNumber=1, currentBasalRateFactor=300, batteryState=FULL_BATTERY))
    [1778342636.290] [DEBUG] [RTNavigation] [RTNavigationKt.navigateToRTScreen():1225]  About to navigate to RT screen of type class info.nightscout.comboctl.parser.ParsedScreen$QuickinfoMainScreen
    [1778342636.291] [DEBUG] [RTNavigation] [RTNavigationKt.navigateToRTScreen():1231]  Navigation starts at screen of type class info.nightscout.comboctl.parser.ParsedScreen$MainScreen and ends at screen of type class info.nightscout.comboctl.parser.ParsedScreen$QuickinfoMainScreen
    Emitting test screen info.nightscout.comboctl.parser.ParsedScreen$BasalRate4ProgrammingMenuScreen@695c8d93
    Emitting test screen MainScreen(content=Normal(currentTime=2020-10-04T00:00, activeBasalProfileNumber=1, currentBasalRateFactor=300, batteryState=FULL_BATTERY))
    [1778342636.399] [DEBUG] [RTNavigation] [RTNavigationKt.navigateToRTScreen():1243]  We are currently at screen MainScreen(content=Normal(currentTime=2020-10-04T00:00, activeBasalProfileNumber=1, currentBasalRateFactor=300, batteryState=FULL_BATTERY)); next target screen type: class info.nightscout.comboctl.parser.ParsedScreen$QuickinfoMainScreen
    [1778342636.400] [DEBUG] [RTNavigation] [RTNavigationKt.navigateToRTScreen():1252]  Pressing button CHECK to navigate further
    Moved to next screen QuickinfoMainScreen(quickinfo=Quickinfo(availableUnits=105, reservoirState=FULL)) after short button press
    Emitting test screen QuickinfoMainScreen(quickinfo=Quickinfo(availableUnits=105, reservoirState=FULL))
    [1778342636.577] [DEBUG] [RTNavigation] [RTNavigationKt.navigateToRTScreen():1243]  We are currently at screen QuickinfoMainScreen(quickinfo=Quickinfo(availableUnits=105, reservoirState=FULL)); next target screen type: class info.nightscout.comboctl.parser.ParsedScreen$QuickinfoMainScreen
    [1778342636.578] [DEBUG] [RTNavigation] [RTNavigationKt.navigateToRTScreen():1249]  Target screen type class info.nightscout.comboctl.parser.ParsedScreen$QuickinfoMainScreen reached

RTNavigationTest > checkRTNavigationGraphPathFromMainScreenToBasalRateFactorSettingScreen() STARTED

RTNavigationTest > checkShortPressRTButtonUntil() STARTED

RTNavigationTest > checkShortPressRTButtonUntil() STANDARD_OUT
    Emitting test screen MainScreen(content=Normal(currentTime=2020-10-04T00:00, activeBasalProfileNumber=1, currentBasalRateFactor=300, batteryState=FULL_BATTERY))
    [1778342636.619] [DEBUG] [RTNavigation] [RTNavigationKt.shortPressRTButtonsUntil():1173]  Repeatedly short-pressing RT button according to callback commands
    [1778342636.622] [VERBOSE] [RTNavigation] [RTNavigationKt.shortPressRTButtonsUntil():1176]  Got new screen MainScreen(content=Normal(currentTime=2020-10-04T00:00, activeBasalProfileNumber=1, currentBasalRateFactor=300, batteryState=FULL_BATTERY))
    [1778342636.626] [VERBOSE] [RTNavigation] [RTNavigationKt.shortPressRTButtonsUntil():1179]  Short-press RT button callback returned PressButton(button=MENU)
    Moved to next screen info.nightscout.comboctl.parser.ParsedScreen$BasalRate1ProgrammingMenuScreen@6f526f91 after short button press
    Emitting test screen QuickinfoMainScreen(quickinfo=Quickinfo(availableUnits=105, reservoirState=FULL))
    Emitting test screen info.nightscout.comboctl.parser.ParsedScreen$BasalRate1ProgrammingMenuScreen@6f526f91
    [1778342636.731] [VERBOSE] [RTNavigation] [RTNavigationKt.shortPressRTButtonsUntil():1176]  Got new screen info.nightscout.comboctl.parser.ParsedScreen$BasalRate1ProgrammingMenuScreen@6f526f91
    [1778342636.732] [VERBOSE] [RTNavigation] [RTNavigationKt.shortPressRTButtonsUntil():1179]  Short-press RT button callback returned PressButton(button=MENU)
    Moved to next screen info.nightscout.comboctl.parser.ParsedScreen$BasalRate2ProgrammingMenuScreen@30992a after short button press
    Emitting test screen info.nightscout.comboctl.parser.ParsedScreen$BasalRate2ProgrammingMenuScreen@30992a
    [1778342636.852] [VERBOSE] [RTNavigation] [RTNavigationKt.shortPressRTButtonsUntil():1176]  Got new screen info.nightscout.comboctl.parser.ParsedScreen$BasalRate2ProgrammingMenuScreen@30992a
    [1778342636.854] [VERBOSE] [RTNavigation] [RTNavigationKt.shortPressRTButtonsUntil():1179]  Short-press RT button callback returned PressButton(button=MENU)
    Moved to next screen info.nightscout.comboctl.parser.ParsedScreen$BasalRate3ProgrammingMenuScreen@2cb4e4b1 after short button press
    Emitting test screen info.nightscout.comboctl.parser.ParsedScreen$BasalRate3ProgrammingMenuScreen@2cb4e4b1
    [1778342637.008] [VERBOSE] [RTNavigation] [RTNavigationKt.shortPressRTButtonsUntil():1176]  Got new screen info.nightscout.comboctl.parser.ParsedScreen$BasalRate3ProgrammingMenuScreen@2cb4e4b1
    [1778342637.009] [VERBOSE] [RTNavigation] [RTNavigationKt.shortPressRTButtonsUntil():1179]  Short-press RT button callback returned PressButton(button=MENU)
    Moved to next screen info.nightscout.comboctl.parser.ParsedScreen$BasalRate4ProgrammingMenuScreen@695c8d93 after short button press
    Emitting test screen info.nightscout.comboctl.parser.ParsedScreen$BasalRate4ProgrammingMenuScreen@695c8d93
    [1778342637.116] [VERBOSE] [RTNavigation] [RTNavigationKt.shortPressRTButtonsUntil():1176]  Got new screen info.nightscout.comboctl.parser.ParsedScreen$BasalRate4ProgrammingMenuScreen@695c8d93
    [1778342637.116] [VERBOSE] [RTNavigation] [RTNavigationKt.shortPressRTButtonsUntil():1179]  Short-press RT button callback returned info.nightscout.comboctl.main.ShortPressRTButtonsCommand$Stop@470c2a7a
    Emitting test screen info.nightscout.comboctl.parser.ParsedScreen$BasalRate4ProgrammingMenuScreen@695c8d93

RTNavigationTest > checkRTNavigationFromMainToQuickinfoWithChangingRemainingTbrDuration() STARTED

RTNavigationTest > checkRTNavigationFromMainToQuickinfoWithChangingRemainingTbrDuration() STANDARD_OUT
    [1778342637.610] [DEBUG] [RTNavigation] [RTNavigationKt.navigateToRTScreen():1225]  About to navigate to RT screen of type class info.nightscout.comboctl.parser.ParsedScreen$QuickinfoMainScreen
    Emitting test screen MainScreen(content=Tbr(currentTime=2020-10-04T00:00, remainingTbrDurationInMinutes=28, tbrPercentage=110, activeBasalProfileNumber=1, currentBasalRateFactor=300, batteryState=FULL_BATTERY))
    [1778342637.616] [DEBUG] [RTNavigation] [RTNavigationKt.navigateToRTScreen():1231]  Navigation starts at screen of type class info.nightscout.comboctl.parser.ParsedScreen$MainScreen and ends at screen of type class info.nightscout.comboctl.parser.ParsedScreen$QuickinfoMainScreen
    Emitting test screen MainScreen(content=Tbr(currentTime=2020-10-04T00:00, remainingTbrDurationInMinutes=28, tbrPercentage=110, activeBasalProfileNumber=1, currentBasalRateFactor=300, batteryState=FULL_BATTERY))
    [1778342637.770] [DEBUG] [RTNavigation] [RTNavigationKt.navigateToRTScreen():1243]  We are currently at screen MainScreen(content=Tbr(currentTime=2020-10-04T00:00, remainingTbrDurationInMinutes=28, tbrPercentage=110, activeBasalProfileNumber=1, currentBasalRateFactor=300, batteryState=FULL_BATTERY)); next target screen type: class info.nightscout.comboctl.parser.ParsedScreen$QuickinfoMainScreen
    [1778342637.771] [DEBUG] [RTNavigation] [RTNavigationKt.navigateToRTScreen():1252]  Pressing button CHECK to navigate further
    Moved to next screen MainScreen(content=Tbr(currentTime=2020-10-04T00:00, remainingTbrDurationInMinutes=27, tbrPercentage=110, activeBasalProfileNumber=1, currentBasalRateFactor=300, batteryState=FULL_BATTERY)) after short button press
    Emitting test screen MainScreen(content=Tbr(currentTime=2020-10-04T00:00, remainingTbrDurationInMinutes=27, tbrPercentage=110, activeBasalProfileNumber=1, currentBasalRateFactor=300, batteryState=FULL_BATTERY))
    [1778342637.942] [DEBUG] [RTNavigation] [RTNavigationKt.navigateToRTScreen():1240]  Got a screen of the same type class info.nightscout.comboctl.parser.ParsedScreen$MainScreen; skipping
    Emitting test screen MainScreen(content=Tbr(currentTime=2020-10-04T00:00, remainingTbrDurationInMinutes=27, tbrPercentage=110, activeBasalProfileNumber=1, currentBasalRateFactor=300, batteryState=FULL_BATTERY))
    Emitting test screen QuickinfoMainScreen(quickinfo=Quickinfo(availableUnits=105, reservoirState=FULL))
    [1778342638.221] [DEBUG] [RTNavigation] [RTNavigationKt.navigateToRTScreen():1243]  We are currently at screen QuickinfoMainScreen(quickinfo=Quickinfo(availableUnits=105, reservoirState=FULL)); next target screen type: class info.nightscout.comboctl.parser.ParsedScreen$QuickinfoMainScreen
    [1778342638.221] [DEBUG] [RTNavigation] [RTNavigationKt.navigateToRTScreen():1249]  Target screen type class info.nightscout.comboctl.parser.ParsedScreen$QuickinfoMainScreen reached

RTNavigationTest > checkAdjustQuantityOnScreenWithW6WarningDuringShortButtonPresses() STARTED

RTNavigationTest > checkAdjustQuantityOnScreenWithW6WarningDuringShortButtonPresses() STANDARD_OUT
    Emitting test screen TemporaryBasalRatePercentageScreen(percentage=100, remainingDurationInMinutes=30)
    [1778342638.249] [DEBUG] [RTNavigation] [RTNavigationKt.adjustQuantityOnScreen():1195]  Adjusting quantity on RT screen; targetQuantity = 160; increment / decrement buttons = UP / DOWN; cyclicQuantityRange = null
    [1778342638.250] [DEBUG] [RTNavigation] [RTNavigationKt.adjustQuantityOnScreen():1198]  Initial observed quantity: 100
    [1778342638.250] [DEBUG] [RTNavigation] [RTNavigationKt.adjustQuantityOnScreen():1204]  First phase; long-pressing RT button to increment quantity
    [1778342638.272] [DEBUG] [RTNavigation] [RTNavigationKt.longPressRTButtonUntil():1164]  Long-pressing RT button UP
    Emitting test screen QuickinfoMainScreen(quickinfo=Quickinfo(availableUnits=105, reservoirState=FULL))
    Emitting test screen TemporaryBasalRatePercentageScreen(percentage=100, remainingDurationInMinutes=30)
    [1778342638.361] [VERBOSE] [RTNavigation] [RTNavigationKt$longPressRTButtonUntil$3.invokeSuspend():1164]  Waiting 24 milliseconds before continuing button long-press
    [1778342638.399] [VERBOSE] [RTNavigation] [RTNavigationKt.adjustQuantityOnScreen$lambda$7():1261]  Current quantity in first phase: 100; need to increment: true
    [1778342638.400] [VERBOSE] [RTNavigation] [RTNavigationKt$longPressRTButtonUntil$3.invokeSuspend():1167]  Observed parsed screen TemporaryBasalRatePercentageScreen(percentage=100, remainingDurationInMinutes=30) while long-pressing RT button; predicate result = info.nightscout.comboctl.main.LongPressRTButtonsCommand$ContinuePressingButton@34306e61
    Emitting test screen TemporaryBasalRatePercentageScreen(percentage=110, remainingDurationInMinutes=30)
    [1778342638.523] [VERBOSE] [RTNavigation] [RTNavigationKt.adjustQuantityOnScreen$lambda$7():1261]  Current quantity in first phase: 110; need to increment: true
    [1778342638.523] [VERBOSE] [RTNavigation] [RTNavigationKt$longPressRTButtonUntil$3.invokeSuspend():1167]  Observed parsed screen TemporaryBasalRatePercentageScreen(percentage=110, remainingDurationInMinutes=30) while long-pressing RT button; predicate result = info.nightscout.comboctl.main.LongPressRTButtonsCommand$ContinuePressingButton@34306e61
    Emitting test screen TemporaryBasalRatePercentageScreen(percentage=120, remainingDurationInMinutes=30)
    [1778342638.691] [VERBOSE] [RTNavigation] [RTNavigationKt.adjustQuantityOnScreen$lambda$7():1261]  Current quantity in first phase: 120; need to increment: true
    [1778342638.692] [VERBOSE] [RTNavigation] [RTNavigationKt$longPressRTButtonUntil$3.invokeSuspend():1167]  Observed parsed screen TemporaryBasalRatePercentageScreen(percentage=120, remainingDurationInMinutes=30) while long-pressing RT button; predicate result = info.nightscout.comboctl.main.LongPressRTButtonsCommand$ContinuePressingButton@34306e61
    Emitting test screen TemporaryBasalRatePercentageScreen(percentage=130, remainingDurationInMinutes=30)
    [1778342639.191] [VERBOSE] [RTNavigation] [RTNavigationKt.adjustQuantityOnScreen$lambda$7():1261]  Current quantity in first phase: 130; need to increment: true
    [1778342639.191] [VERBOSE] [RTNavigation] [RTNavigationKt$longPressRTButtonUntil$3.invokeSuspend():1167]  Observed parsed screen TemporaryBasalRatePercentageScreen(percentage=130, remainingDurationInMinutes=30) while long-pressing RT button; predicate result = info.nightscout.comboctl.main.LongPressRTButtonsCommand$ContinuePressingButton@34306e61
    Emitting test screen TemporaryBasalRatePercentageScreen(percentage=140, remainingDurationInMinutes=30)
    [1778342639.394] [VERBOSE] [RTNavigation] [RTNavigationKt.adjustQuantityOnScreen$lambda$7():1261]  Current quantity in first phase: 140; need to increment: true
    [1778342639.394] [VERBOSE] [RTNavigation] [RTNavigationKt$longPressRTButtonUntil$3.invokeSuspend():1167]  Observed parsed screen TemporaryBasalRatePercentageScreen(percentage=140, remainingDurationInMinutes=30) while long-pressing RT button; predicate result = info.nightscout.comboctl.main.LongPressRTButtonsCommand$ContinuePressingButton@34306e61
    Emitting test screen TemporaryBasalRatePercentageScreen(percentage=150, remainingDurationInMinutes=30)
    [1778342639.516] [VERBOSE] [RTNavigation] [RTNavigationKt.adjustQuantityOnScreen$lambda$7():1261]  Current quantity in first phase: 150; need to increment: true
    [1778342639.517] [VERBOSE] [RTNavigation] [RTNavigationKt$longPressRTButtonUntil$3.invokeSuspend():1167]  Observed parsed screen TemporaryBasalRatePercentageScreen(percentage=150, remainingDurationInMinutes=30) while long-pressing RT button; predicate result = info.nightscout.comboctl.main.LongPressRTButtonsCommand$ContinuePressingButton@34306e61
    Emitting test screen TemporaryBasalRatePercentageScreen(percentage=170, remainingDurationInMinutes=30)
    [1778342639.637] [VERBOSE] [RTNavigation] [RTNavigationKt.adjustQuantityOnScreen$lambda$7():1261]  Current quantity in first phase: 170; need to increment: true
    [1778342639.647] [VERBOSE] [RTNavigation] [RTNavigationKt$longPressRTButtonUntil$3.invokeSuspend():1167]  Observed parsed screen TemporaryBasalRatePercentageScreen(percentage=170, remainingDurationInMinutes=30) while long-pressing RT button; predicate result = info.nightscout.comboctl.main.LongPressRTButtonsCommand$ReleaseButton@773fe0fd
    [1778342639.648] [DEBUG] [RTNavigation] [RTNavigationKt.longPressRTButtonUntil():1170]  Long-pressing RT button UP stopped
    Emitting test screen TemporaryBasalRatePercentageScreen(percentage=170, remainingDurationInMinutes=30)
    [1778342639.745] [DEBUG] [RTNavigation] [RTNavigationKt.adjustQuantityOnScreen():1207]  Observed quantity after long-pressing RT button: last / current quantity: null / 170
    Emitting test screen TemporaryBasalRatePercentageScreen(percentage=170, remainingDurationInMinutes=30)
    [1778342639.873] [DEBUG] [RTNavigation] [RTNavigationKt.adjustQuantityOnScreen():1207]  Observed quantity after long-pressing RT button: last / current quantity: 170 / 170
    Emitting test screen TemporaryBasalRatePercentageScreen(percentage=170, remainingDurationInMinutes=30)
    [1778342639.979] [DEBUG] [RTNavigation] [RTNavigationKt.adjustQuantityOnScreen():1207]  Observed quantity after long-pressing RT button: last / current quantity: 170 / 170
    Emitting test screen TemporaryBasalRatePercentageScreen(percentage=170, remainingDurationInMinutes=30)
    [1778342640.095] [DEBUG] [RTNavigation] [RTNavigationKt.adjustQuantityOnScreen():1207]  Observed quantity after long-pressing RT button: last / current quantity: 170 / 170
    [1778342640.096] [DEBUG] [RTNavigation] [RTNavigationKt.adjustQuantityOnScreen():1213]  Second phase: last seen quantity 170 is not the target quantity; short-pressing RT button(s) to finetune it
    [1778342640.096] [DEBUG] [RTNavigation] [RTNavigationKt.adjustQuantityOnScreen():1216]  Need to short-press the DOWN RT button 1 time(s)
    Emitting test screen TemporaryBasalRatePercentageScreen(percentage=170, remainingDurationInMinutes=30)
    Emitting test screen TemporaryBasalRatePercentageScreen(percentage=170, remainingDurationInMinutes=30)
    Emitting test screen TemporaryBasalRatePercentageScreen(percentage=170, remainingDurationInMinutes=30)
    Emitting test screen AlertScreen(content=Warning(code=6, state=TO_SNOOZE))

RTNavigationTest > checkLongPressRTButtonUntil() STARTED

RTNavigationTest > checkLongPressRTButtonUntil() STANDARD_OUT
    Emitting test screen MainScreen(content=Normal(currentTime=2020-10-04T00:00, activeBasalProfileNumber=1, currentBasalRateFactor=300, batteryState=FULL_BATTERY))
    Emitting test screen AlertScreen(content=Warning(code=6, state=TO_SNOOZE))
    [1778342640.805] [DEBUG] [RTNavigation] [RTNavigationKt.longPressRTButtonUntil():1164]  Long-pressing RT button MENU
    [1778342640.806] [VERBOSE] [RTNavigation] [RTNavigationKt$longPressRTButtonUntil$3.invokeSuspend():1164]  Waiting 110 milliseconds before continuing button long-press
    Emitting test screen MainScreen(content=Normal(currentTime=2020-10-04T00:00, activeBasalProfileNumber=1, currentBasalRateFactor=300, batteryState=FULL_BATTERY))
    [1778342640.925] [VERBOSE] [RTNavigation] [RTNavigationKt$longPressRTButtonUntil$3.invokeSuspend():1167]  Observed parsed screen MainScreen(content=Normal(currentTime=2020-10-04T00:00, activeBasalProfileNumber=1, currentBasalRateFactor=300, batteryState=FULL_BATTERY)) while long-pressing RT button; predicate result = info.nightscout.comboctl.main.LongPressRTButtonsCommand$ContinuePressingButton@34306e61
    Emitting test screen info.nightscout.comboctl.parser.ParsedScreen$BasalRate2ProgrammingMenuScreen@30992a
    [1778342641.048] [VERBOSE] [RTNavigation] [RTNavigationKt$longPressRTButtonUntil$3.invokeSuspend():1167]  Observed parsed screen info.nightscout.comboctl.parser.ParsedScreen$BasalRate2ProgrammingMenuScreen@30992a while long-pressing RT button; predicate result = info.nightscout.comboctl.main.LongPressRTButtonsCommand$ContinuePressingButton@34306e61
    Emitting test screen info.nightscout.comboctl.parser.ParsedScreen$BasalRate3ProgrammingMenuScreen@2cb4e4b1
    [1778342641.161] [VERBOSE] [RTNavigation] [RTNavigationKt$longPressRTButtonUntil$3.invokeSuspend():1167]  Observed parsed screen info.nightscout.comboctl.parser.ParsedScreen$BasalRate3ProgrammingMenuScreen@2cb4e4b1 while long-pressing RT button; predicate result = info.nightscout.comboctl.main.LongPressRTButtonsCommand$ContinuePressingButton@34306e61
    Emitting test screen info.nightscout.comboctl.parser.ParsedScreen$BasalRate4ProgrammingMenuScreen@695c8d93
    [1778342641.277] [VERBOSE] [RTNavigation] [RTNavigationKt$longPressRTButtonUntil$3.invokeSuspend():1167]  Observed parsed screen info.nightscout.comboctl.parser.ParsedScreen$BasalRate4ProgrammingMenuScreen@695c8d93 while long-pressing RT button; predicate result = info.nightscout.comboctl.main.LongPressRTButtonsCommand$ReleaseButton@773fe0fd
    [1778342641.279] [DEBUG] [RTNavigation] [RTNavigationKt.longPressRTButtonUntil():1170]  Long-pressing RT button MENU stopped

RTNavigationTest > checkCycleToRTScreen() STARTED

RTNavigationTest > checkCycleToRTScreen() STANDARD_OUT
    Emitting test screen MainScreen(content=Normal(currentTime=2020-10-04T00:00, activeBasalProfileNumber=1, currentBasalRateFactor=300, batteryState=FULL_BATTERY))

> Task :plugins:source:testFullDebugUnitTest

GlimpWorkerTest > When plugin enabled then insert data() STARTED

GlunovoPluginTest > When glucose value is out of bounds (low) then skip it() STANDARD_OUT
    DEBUG: : CORE Starting: null
    ERROR: BGSOURCE Error in received data value (value out of bounds) 1.0

GlunovoPluginTest > When new glucose and calibration data then insert it() STARTED

GlunovoPluginTest > When new glucose and calibration data then insert it() STANDARD_OUT
    DEBUG: : CORE Starting: null

GlunovoPluginTest > When data is in future then skip it() STARTED

GlunovoPluginTest > When data is in future then skip it() STANDARD_OUT
    DEBUG: : CORE Starting: null
    ERROR: BGSOURCE Error in received data date/time 1678886401000

GlunovoPluginTest > When content resolver throws SecurityException then log error() STARTED

GlunovoPluginTest > When content resolver throws SecurityException then log error() STANDARD_OUT
    DEBUG: : CORE Starting: null

GlunovoPluginTest > When content resolver query returns null then do nothing() STARTED

GlunovoPluginTest > When content resolver query returns null then do nothing() STANDARD_OUT
    DEBUG: : CORE Starting: null

GlunovoPluginTest > When plugin disabled then do nothing() STARTED

GlunovoPluginTest > When glucose value is out of bounds (high) then skip it() STARTED

GlunovoPluginTest > When glucose value is out of bounds (high) then skip it() STANDARD_OUT
    DEBUG: : CORE Starting: null
    ERROR: BGSOURCE Error in received data value (value out of bounds) 26.0

GlunovoPluginTest > When data is old then skip it() STARTED

GlunovoPluginTest > When data is old then skip it() STANDARD_OUT
    DEBUG: : CORE Starting: null

GlunovoPluginTest > startStopTest() STARTED

PatchedSiAppPluginTest > plugin is created() STARTED

RandomBgPluginTest > When plugin enabled then insert data() STARTED

DexcomPluginTest > requiredPermissions should be empty when no dexcom app is installed() STARTED

RandomBgPluginTest > When plugin enabled then insert data() STANDARD_OUT
    DEBUG: : CORE Starting: null

RandomBgPluginTest > startStopTest() STARTED

XdripSourceWorkerTest > When plugin enabled then insert G6 data() STARTED

XdripSourceWorkerTest > When plugin enabled then insert G6 data() FAILED
    kotlinx.coroutines.test.UncaughtExceptionsBeforeTest: There were uncaught exceptions before the test started. Please avoid this, as such exceptions are also reported in a platform-dependent manner so that they are not lost.
        at app//kotlinx.coroutines.test.TestScopeImpl.enter(TestScope.kt:238)
        at app//kotlinx.coroutines.test.TestBuildersKt__TestBuildersKt.runTest-8Mi8wO0(TestBuilders.kt:308)
        at app//kotlinx.coroutines.test.TestBuildersKt.runTest-8Mi8wO0(Unknown Source)
        at app//kotlinx.coroutines.test.TestBuildersKt__TestBuildersKt.runTest-8Mi8wO0(TestBuilders.kt:167)
        at app//kotlinx.coroutines.test.TestBuildersKt.runTest-8Mi8wO0(Unknown Source)
        at app//kotlinx.coroutines.test.TestBuildersKt__TestBuildersKt.runTest-8Mi8wO0$default(TestBuilders.kt:159)
        at app//kotlinx.coroutines.test.TestBuildersKt.runTest-8Mi8wO0$default(Unknown Source)
        at app//app.aaps.plugins.source.XdripSourceWorkerTest.When plugin enabled then insert G6 data(XdripSourceWorkerTest.kt:69)

XdripSourceWorkerTest > When glucoseValues are missing then return failure() STARTED

XdripSourceWorkerTest > When glucoseValues are missing then return failure() STANDARD_OUT
    DEBUG: : BGSOURCE Received xDrip data: BundleMock{map={sensorType=G6}}
    DEBUG: : WORKER Worker result FAILURE for class app.aaps.plugins.source.XdripSourcePlugin$XdripSourceWorker Data {Error : missing glucoseValue}

XdripSourceWorkerTest > When bundle is missing then return failure() STARTED

XdripSourceWorkerTest > When bundle is missing then return failure() STANDARD_OUT
    DEBUG: : WORKER Worker result FAILURE for class app.aaps.plugins.source.XdripSourcePlugin$XdripSourceWorker Data {Error : missing input data}

XdripSourceWorkerTest > When plugin disabled then return success() STARTED

XdripSourceWorkerTest > When plugin disabled then return success() STANDARD_OUT
    DEBUG: : WORKER Worker result SUCCESS for class app.aaps.plugins.source.XdripSourcePlugin$XdripSourceWorker Data {Result : Plugin not enabled}

> Task :pump:omnipod:eros:processFullDebugUnitTestJavaRes

> Task :pump:combov2:comboctl:testFullDebugUnitTest
    [1778342641.331] [DEBUG] [RTNavigation] [RTNavigationKt.cycleToRTScreen():1182]  Running shortPressRTButtonsUntil() until screen of type class info.nightscout.comboctl.parser.ParsedScreen$BasalRate4ProgrammingMenuScreen is observed
    [1778342641.333] [DEBUG] [RTNavigation] [RTNavigationKt.shortPressRTButtonsUntil():1173]  Repeatedly short-pressing RT button according to callback commands
    [1778342641.333] [VERBOSE] [RTNavigation] [RTNavigationKt.shortPressRTButtonsUntil():1176]  Got new screen MainScreen(content=Normal(currentTime=2020-10-04T00:00, activeBasalProfileNumber=1, currentBasalRateFactor=300, batteryState=FULL_BATTERY))
    [1778342641.348] [VERBOSE] [RTNavigation] [RTNavigationKt.cycleToRTScreen$lambda$1():1258]  Did not yet reach target screen type; cycleCount increased to 1
    [1778342641.348] [VERBOSE] [RTNavigation] [RTNavigationKt.shortPressRTButtonsUntil():1179]  Short-press RT button callback returned PressButton(button=MENU)
    Moved to next screen info.nightscout.comboctl.parser.ParsedScreen$BasalRate1ProgrammingMenuScreen@6f526f91 after short button press
    Emitting test screen info.nightscout.comboctl.parser.ParsedScreen$BasalRate4ProgrammingMenuScreen@695c8d93
    Emitting test screen info.nightscout.comboctl.parser.ParsedScreen$BasalRate1ProgrammingMenuScreen@6f526f91
    [1778342641.441] [VERBOSE] [RTNavigation] [RTNavigationKt.shortPressRTButtonsUntil():1176]  Got new screen info.nightscout.comboctl.parser.ParsedScreen$BasalRate1ProgrammingMenuScreen@6f526f91
    [1778342641.441] [VERBOSE] [RTNavigation] [RTNavigationKt.cycleToRTScreen$lambda$1():1258]  Did not yet reach target screen type; cycleCount increased to 2
    [1778342641.441] [VERBOSE] [RTNavigation] [RTNavigationKt.shortPressRTButtonsUntil():1179]  Short-press RT button callback returned PressButton(button=MENU)
    Moved to next screen info.nightscout.comboctl.parser.ParsedScreen$BasalRate2ProgrammingMenuScreen@30992a after short button press
    Emitting test screen info.nightscout.comboctl.parser.ParsedScreen$BasalRate2ProgrammingMenuScreen@30992a
    [1778342641.560] [VERBOSE] [RTNavigation] [RTNavigationKt.shortPressRTButtonsUntil():1176]  Got new screen info.nightscout.comboctl.parser.ParsedScreen$BasalRate2ProgrammingMenuScreen@30992a
    [1778342641.560] [VERBOSE] [RTNavigation] [RTNavigationKt.cycleToRTScreen$lambda$1():1258]  Did not yet reach target screen type; cycleCount increased to 3
    [1778342641.561] [VERBOSE] [RTNavigation] [RTNavigationKt.shortPressRTButtonsUntil():1179]  Short-press RT button callback returned PressButton(button=MENU)
    Moved to next screen info.nightscout.comboctl.parser.ParsedScreen$BasalRate3ProgrammingMenuScreen@2cb4e4b1 after short button press
    Emitting test screen info.nightscout.comboctl.parser.ParsedScreen$BasalRate3ProgrammingMenuScreen@2cb4e4b1
    [1778342641.666] [VERBOSE] [RTNavigation] [RTNavigationKt.shortPressRTButtonsUntil():1176]  Got new screen info.nightscout.comboctl.parser.ParsedScreen$BasalRate3ProgrammingMenuScreen@2cb4e4b1
    [1778342641.666] [VERBOSE] [RTNavigation] [RTNavigationKt.cycleToRTScreen$lambda$1():1258]  Did not yet reach target screen type; cycleCount increased to 4
    [1778342641.666] [VERBOSE] [RTNavigation] [RTNavigationKt.shortPressRTButtonsUntil():1179]  Short-press RT button callback returned PressButton(button=MENU)
    Moved to next screen info.nightscout.comboctl.parser.ParsedScreen$BasalRate4ProgrammingMenuScreen@695c8d93 after short button press

ComboFrameTest > parseNonDelimiterOutsideOfFrame() STARTED

RTNavigationTest > checkCycleToRTScreen() STANDARD_OUT
    Emitting test screen info.nightscout.comboctl.parser.ParsedScreen$BasalRate4ProgrammingMenuScreen@695c8d93
    [1778342641.847] [VERBOSE] [RTNavigation] [RTNavigationKt.shortPressRTButtonsUntil():1176]  Got new screen info.nightscout.comboctl.parser.ParsedScreen$BasalRate4ProgrammingMenuScreen@695c8d93
    [1778342641.850] [DEBUG] [RTNavigation] [RTNavigationKt.cycleToRTScreen$lambda$1():1255]  Target screen of type class info.nightscout.comboctl.parser.ParsedScreen$BasalRate4ProgrammingMenuScreen reached; cycleCount = 4
    [1778342641.851] [VERBOSE] [RTNavigation] [RTNavigationKt.shortPressRTButtonsUntil():1179]  Short-press RT button callback returned info.nightscout.comboctl.main.ShortPressRTButtonsCommand$Stop@470c2a7a

RTNavigationTest > checkRTNavigationGraphPathFromMainScreenToBasalRateFactorSettingScreenWhenStopped() STARTED

RTNavigationTest > checkRTNavigationWithBlinkedOutScreens() STARTED

RTNavigationTest > checkRTNavigationWithBlinkedOutScreens() STANDARD_OUT
    Emitting test screen MainScreen(content=Normal(currentTime=2020-10-04T00:00, activeBasalProfileNumber=1, currentBasalRateFactor=300, batteryState=FULL_BATTERY))
    [1778342641.876] [DEBUG] [RTNavigation] [RTNavigationKt.navigateToRTScreen():1225]  About to navigate to RT screen of type class info.nightscout.comboctl.parser.ParsedScreen$TemporaryBasalRateDurationScreen
    [1778342641.877] [DEBUG] [RTNavigation] [RTNavigationKt.navigateToRTScreen():1231]  Navigation starts at screen of type class info.nightscout.comboctl.parser.ParsedScreen$MainScreen and ends at screen of type class info.nightscout.comboctl.parser.ParsedScreen$TemporaryBasalRateDurationScreen
    Emitting test screen info.nightscout.comboctl.parser.ParsedScreen$BasalRate4ProgrammingMenuScreen@695c8d93
    Emitting test screen MainScreen(content=Normal(currentTime=2020-10-04T00:00, activeBasalProfileNumber=1, currentBasalRateFactor=300, batteryState=FULL_BATTERY))

ComboFrameTest > parseEscapedFrameData() STARTED

RTNavigationTest > checkRTNavigationWithBlinkedOutScreens() STANDARD_OUT
    [1778342642.019] [DEBUG] [RTNavigation] [RTNavigationKt.navigateToRTScreen():1243]  We are currently at screen MainScreen(content=Normal(currentTime=2020-10-04T00:00, activeBasalProfileNumber=1, currentBasalRateFactor=300, batteryState=FULL_BATTERY)); next target screen type: class info.nightscout.comboctl.parser.ParsedScreen$TemporaryBasalRateMenuScreen
    [1778342642.019] [DEBUG] [RTNavigation] [RTNavigationKt.navigateToRTScreen():1252]  Pressing button MENU to navigate further
    Moved to next screen info.nightscout.comboctl.parser.ParsedScreen$TemporaryBasalRateMenuScreen@77c7d3f4 after short button press

ComboFrameTest > parseInvalidEscapeByteCombination() STARTED

ComboFrameTest > produceEscapedFrameData() STARTED

ComboFrameTest > parsePartialFrameData() STARTED

RTNavigationTest > checkRTNavigationWithBlinkedOutScreens() STANDARD_OUT
    Emitting test screen info.nightscout.comboctl.parser.ParsedScreen$TemporaryBasalRateMenuScreen@77c7d3f4
    [1778342642.112] [DEBUG] [RTNavigation] [RTNavigationKt.navigateToRTScreen():1243]  We are currently at screen info.nightscout.comboctl.parser.ParsedScreen$TemporaryBasalRateMenuScreen@77c7d3f4; next target screen type: class info.nightscout.comboctl.parser.ParsedScreen$TemporaryBasalRateMenuScreen
    [1778342642.113] [DEBUG] [RTNavigation] [RTNavigationKt.navigateToRTScreen():1246]  Reached screen type class info.nightscout.comboctl.parser.ParsedScreen$TemporaryBasalRateMenuScreen in path; continuing to class info.nightscout.comboctl.parser.ParsedScreen$TemporaryBasalRatePercentageScreen
    [1778342642.113] [DEBUG] [RTNavigation] [RTNavigationKt.navigateToRTScreen():1252]  Pressing button CHECK to navigate further
    Moved to next screen TemporaryBasalRatePercentageScreen(percentage=110, remainingDurationInMinutes=30) after short button press

PumpIOTest > checkRTSequenceNumberAssignment() STARTED

RTNavigationTest > checkRTNavigationWithBlinkedOutScreens() STANDARD_OUT
    Emitting test screen TemporaryBasalRatePercentageScreen(percentage=110, remainingDurationInMinutes=30)
    [1778342642.228] [DEBUG] [RTNavigation] [RTNavigationKt.navigateToRTScreen():1243]  We are currently at screen TemporaryBasalRatePercentageScreen(percentage=110, remainingDurationInMinutes=30); next target screen type: class info.nightscout.comboctl.parser.ParsedScreen$TemporaryBasalRatePercentageScreen
    [1778342642.229] [DEBUG] [RTNavigation] [RTNavigationKt.navigateToRTScreen():1246]  Reached screen type class info.nightscout.comboctl.parser.ParsedScreen$TemporaryBasalRatePercentageScreen in path; continuing to class info.nightscout.comboctl.parser.ParsedScreen$TemporaryBasalRateDurationScreen
    [1778342642.231] [DEBUG] [RTNavigation] [RTNavigationKt.navigateToRTScreen():1252]  Pressing button MENU to navigate further
    Moved to next screen TemporaryBasalRatePercentageScreen(percentage=null, remainingDurationInMinutes=null) after short button press
    Emitting test screen TemporaryBasalRatePercentageScreen(percentage=null, remainingDurationInMinutes=null)
    Emitting test screen TemporaryBasalRatePercentageScreen(percentage=null, remainingDurationInMinutes=null)
    Emitting test screen TemporaryBasalRateDurationScreen(durationInMinutes=45)
    [1778342642.580] [DEBUG] [RTNavigation] [RTNavigationKt.navigateToRTScreen():1243]  We are currently at screen TemporaryBasalRateDurationScreen(durationInMinutes=45); next target screen type: class info.nightscout.comboctl.parser.ParsedScreen$TemporaryBasalRateDurationScreen
    [1778342642.581] [DEBUG] [RTNavigation] [RTNavigationKt.navigateToRTScreen():1249]  Target screen type class info.nightscout.comboctl.parser.ParsedScreen$TemporaryBasalRateDurationScreen reached

RTNavigationTest > checkCyclicAdjustQuantityOnScreen() STARTED

RTNavigationTest > checkCyclicAdjustQuantityOnScreen() STANDARD_OUT
    Emitting test screen TimeAndDateSettingsMinuteScreen(minute=58)
    [1778342642.600] [DEBUG] [RTNavigation] [RTNavigationKt.adjustQuantityOnScreen():1195]  Adjusting quantity on RT screen; targetQuantity = 2; increment / decrement buttons = UP / DOWN; cyclicQuantityRange = 60
    [1778342642.602] [DEBUG] [RTNavigation] [RTNavigationKt.adjustQuantityOnScreen():1198]  Initial observed quantity: 58
    [1778342642.602] [DEBUG] [RTNavigation] [RTNavigationKt.adjustQuantityOnScreen():1204]  First phase; long-pressing RT button to increment quantity
    [1778342642.602] [DEBUG] [RTNavigation] [RTNavigationKt.longPressRTButtonUntil():1164]  Long-pressing RT button UP
    Emitting test screen TemporaryBasalRateDurationScreen(durationInMinutes=45)
    Emitting test screen TimeAndDateSettingsMinuteScreen(minute=58)
    [1778342642.710] [VERBOSE] [RTNavigation] [RTNavigationKt$longPressRTButtonUntil$3.invokeSuspend():1164]  Waiting 3 milliseconds before continuing button long-press
    [1778342642.724] [VERBOSE] [RTNavigation] [RTNavigationKt.adjustQuantityOnScreen$lambda$7():1261]  Current quantity in first phase: 58; need to increment: true
    [1778342642.725] [VERBOSE] [RTNavigation] [RTNavigationKt$longPressRTButtonUntil$3.invokeSuspend():1167]  Observed parsed screen TimeAndDateSettingsMinuteScreen(minute=58) while long-pressing RT button; predicate result = info.nightscout.comboctl.main.LongPressRTButtonsCommand$ContinuePressingButton@34306e61
    Emitting test screen TimeAndDateSettingsMinuteScreen(minute=59)
    [1778342642.832] [VERBOSE] [RTNavigation] [RTNavigationKt$longPressRTButtonUntil$3.invokeSuspend():1164]  Waiting 3 milliseconds before continuing button long-press
    [1778342642.839] [VERBOSE] [RTNavigation] [RTNavigationKt.adjustQuantityOnScreen$lambda$7():1261]  Current quantity in first phase: 59; need to increment: true
    [1778342642.839] [VERBOSE] [RTNavigation] [RTNavigationKt$longPressRTButtonUntil$3.invokeSuspend():1167]  Observed parsed screen TimeAndDateSettingsMinuteScreen(minute=59) while long-pressing RT button; predicate result = info.nightscout.comboctl.main.LongPressRTButtonsCommand$ContinuePressingButton@34306e61
    Emitting test screen TimeAndDateSettingsMinuteScreen(minute=0)
    [1778342642.951] [VERBOSE] [RTNavigation] [RTNavigationKt.adjustQuantityOnScreen$lambda$7():1261]  Current quantity in first phase: 0; need to increment: true
    [1778342642.951] [VERBOSE] [RTNavigation] [RTNavigationKt$longPressRTButtonUntil$3.invokeSuspend():1167]  Observed parsed screen TimeAndDateSettingsMinuteScreen(minute=0) while long-pressing RT button; predicate result = info.nightscout.comboctl.main.LongPressRTButtonsCommand$ContinuePressingButton@34306e61
    Emitting test screen TimeAndDateSettingsMinuteScreen(minute=1)
    [1778342643.066] [VERBOSE] [RTNavigation] [RTNavigationKt.adjustQuantityOnScreen$lambda$7():1261]  Current quantity in first phase: 1; need to increment: true
    [1778342643.066] [VERBOSE] [RTNavigation] [RTNavigationKt$longPressRTButtonUntil$3.invokeSuspend():1167]  Observed parsed screen TimeAndDateSettingsMinuteScreen(minute=1) while long-pressing RT button; predicate result = info.nightscout.comboctl.main.LongPressRTButtonsCommand$ContinuePressingButton@34306e61
    Emitting test screen TimeAndDateSettingsMinuteScreen(minute=3)
    [1778342643.174] [VERBOSE] [RTNavigation] [RTNavigationKt$longPressRTButtonUntil$3.invokeSuspend():1164]  Waiting 2 milliseconds before continuing button long-press
    [1778342643.186] [VERBOSE] [RTNavigation] [RTNavigationKt.adjustQuantityOnScreen$lambda$7():1261]  Current quantity in first phase: 3; need to increment: true
    [1778342643.186] [VERBOSE] [RTNavigation] [RTNavigationKt$longPressRTButtonUntil$3.invokeSuspend():1167]  Observed parsed screen TimeAndDateSettingsMinuteScreen(minute=3) while long-pressing RT button; predicate result = info.nightscout.comboctl.main.LongPressRTButtonsCommand$ReleaseButton@773fe0fd
    [1778342643.187] [DEBUG] [RTNavigation] [RTNavigationKt.longPressRTButtonUntil():1170]  Long-pressing RT button UP stopped
    Emitting test screen TimeAndDateSettingsMinuteScreen(minute=3)
    [1778342643.310] [DEBUG] [RTNavigation] [RTNavigationKt.adjustQuantityOnScreen():1207]  Observed quantity after long-pressing RT button: last / current quantity: null / 3
    Emitting test screen TimeAndDateSettingsMinuteScreen(minute=3)
    [1778342643.427] [DEBUG] [RTNavigation] [RTNavigationKt.adjustQuantityOnScreen():1207]  Observed quantity after long-pressing RT button: last / current quantity: 3 / 3
    Emitting test screen TimeAndDateSettingsMinuteScreen(minute=3)
    [1778342643.542] [DEBUG] [RTNavigation] [RTNavigationKt.adjustQuantityOnScreen():1207]  Observed quantity after long-pressing RT button: last / current quantity: 3 / 3
    Emitting test screen TimeAndDateSettingsMinuteScreen(minute=3)
    [1778342643.654] [DEBUG] [RTNavigation] [RTNavigationKt.adjustQuantityOnScreen():1207]  Observed quantity after long-pressing RT button: last / current quantity: 3 / 3
    [1778342643.654] [DEBUG] [RTNavigation] [RTNavigationKt.adjustQuantityOnScreen():1213]  Second phase: last seen quantity 3 is not the target quantity; short-pressing RT button(s) to finetune it
    [1778342643.656] [DEBUG] [RTNavigation] [RTNavigationKt.adjustQuantityOnScreen():1216]  Need to short-press the DOWN RT button 1 time(s)
    Emitting test screen TimeAndDateSettingsMinuteScreen(minute=3)
    Emitting test screen TimeAndDateSettingsMinuteScreen(minute=2)
    Moved to next screen TimeAndDateSettingsMinuteScreen(minute=0) after short button press

Gradle Test Executor 141 STANDARD_OUT
    ~~~ Project Configuration ~~~
    -> Parallelism: 1 thread
    -> Test order: LexicographicSpecExecutionOrder
    -> Soft assertations: False
    -> Write spec failure file: False
    -> Fail on ignored tests: False
    -> Extensions
      - io.kotlintest.extensions.SystemPropertyTagExtension
      - io.kotlintest.extensions.RuntimeTagExtension
    Emitting test screen TimeAndDateSettingsMinuteScreen(minute=0)

PumpIOTest > checkRTSequenceNumberAssignment() STANDARD_OUT
    [1778342644.774] [DEBUG] [PumpIO] [PumpIO.connect():2092]  Pump IO connecting asynchronously
    [1778342644.895] [DEBUG] [PumpIO] [PumpIO.connect():2095]  Sending regular connection request
    [1778342644.922] [VERBOSE] [TransportLayer] [TransportLayer$IO.receiveAndPreprocessPacket():1326]  Incoming transport layer packet: version: 0x10  command: REGULAR_CONNECTION_REQUEST_ACCEPTED  sequence bit: false  reliability bit: false  address: 0x01  nonce: 00 00 00 00 00 00 00 00 00 00 00 00 00  MAC: 13 3d 8a 01 09 66 8d 5f  payload: 0 byte(s): []
    [1778342644.925] [VERBOSE] [TransportLayer] [TransportLayer$IO.receiveAndPreprocessPacket():1329]  Verifying incoming packet with pump-client cipher
    [1778342644.935] [VERBOSE] [TransportLayer] [TransportLayer$IO.produceOutgoingPacket():1344]  About to produce outgoing packet from info: command: REQUEST_REGULAR_CONNECTION  reliable: false  sequenceBitOverride: <not set>  payload: 0 byte(s): []
    [1778342644.936] [VERBOSE] [TransportLayer] [TransportLayer$IO.produceOutgoingPacket():1350]  Authenticating outgoing packet
    [1778342644.938] [VERBOSE] [TransportLayer] [TransportLayer$IO$sendInternal$2$2.invokeSuspend():1259]  Sending transport layer packet: version: 0x10  command: REQUEST_REGULAR_CONNECTION  sequence bit: false  reliability bit: false  address: 0x10  nonce: 01 00 00 00 00 00 00 00 00 00 00 00 00  MAC: 03 ed 16 8d fe 97 17 c4  payload: 0 byte(s): []
    [1778342644.952] [VERBOSE] [TransportLayer] [TransportLayer$IO.receiveAndPreprocessPacket():1326]  Incoming transport layer packet: version: 0x10  command: DATA  sequence bit: false  reliability bit: false  address: 0x01  nonce: 00 00 00 00 00 00 00 00 00 00 00 00 00  MAC: 94 ac c5 04 61 eb b9 72  payload: 4 byte(s): [10 00 55 a0]
    [1778342644.952] [VERBOSE] [TransportLayer] [TransportLayer$IO.receiveAndPreprocessPacket():1329]  Verifying incoming packet with pump-client cipher
    [1778342644.966] [VERBOSE] [TransportLayer] [TransportLayer$IO$sendInternal$2$2.invokeSuspend():1262]  Packet sent
    [1778342644.968] [VERBOSE] [TransportLayer] [TransportLayer$IO.receiveAndPreprocessPacket():1326]  Incoming transport layer packet: version: 0x10  command: DATA  sequence bit: false  reliability bit: false  address: 0x01  nonce: 00 00 00 00 00 00 00 00 00 00 00 00 00  MAC: 7b 5d 48 a6 99 c5 4c 49  payload: 9 byte(s): [10 00 66 a0 01 02 03 04 05]
    [1778342644.969] [VERBOSE] [TransportLayer] [TransportLayer$IO.receiveAndPreprocessPacket():1329]  Verifying incoming packet with pump-client cipher
    [1778342644.969] [VERBOSE] [TransportLayer] [TransportLayer$IO.receive():1317]  Waiting for transport layer REGULAR_CONNECTION_REQUEST_ACCEPTED packet
    [1778342644.970] [DEBUG] [PumpIO] [PumpIO.processReceivedPacket():2177]  New service was activated; resetting RT sequence number
    [1778342644.970] [VERBOSE] [TransportLayer] [TransportLayer$IO.receive():1320]  Received packet: version: 0x10  command: REGULAR_CONNECTION_REQUEST_ACCEPTED  sequence bit: false  reliability bit: false  address: 0x01  nonce: 00 00 00 00 00 00 00 00 00 00 00 00 00  MAC: 13 3d 8a 01 09 66 8d 5f  payload: 0 byte(s): []
    [1778342644.976] [DEBUG] [PumpIO] [PumpIO.connect():2107]  Initiating application layer connection
    [1778342644.992] [VERBOSE] [PumpIO] [PumpIO.sendAppLayerPacket():2171]  Sending application layer packet via transport layer:  version: 0x10  service ID: CONTROL  command: CTRL_CONNECT  payload: 4 byte(s): 39 30 00 00
    [1778342644.997] [VERBOSE] [TransportLayer] [TransportLayer$IO$sendInternal$2.invokeSuspend():1259]  Waiting for 134 ms until a packet can be sent
    [1778342645.144] [VERBOSE] [TransportLayer] [TransportLayer$IO.produceOutgoingPacket():1344]  About to produce outgoing packet from info: command: DATA  reliable: true  sequenceBitOverride: <not set>  payload: 8 byte(s): [10 00 55 90 39 30 00 00]
    [1778342645.144] [VERBOSE] [TransportLayer] [TransportLayer$IO.produceOutgoingPacket():1350]  Authenticating outgoing packet
    [1778342645.145] [VERBOSE] [TransportLayer] [TransportLayer$IO$sendInternal$2$2.invokeSuspend():1259]  Sending transport layer packet: version: 0x10  command: DATA  sequence bit: false  reliability bit: true  address: 0x10  nonce: 02 00 00 00 00 00 00 00 00 00 00 00 00  MAC: 93 4c f7 6f 07 a0 e6 db  payload: 8 byte(s): [10 00 55 90 39 30 00 00]
    [1778342645.153] [VERBOSE] [TransportLayer] [TransportLayer$IO$sendInternal$2$2.invokeSuspend():1262]  Packet sent
    [1778342645.154] [VERBOSE] [PumpIO] [PumpIO$sendPacketWithResponse$4$1.invokeSuspend():2092]  Waiting for application layer CTRL_CONNECT_RESPONSE packet (will arrive in a transport layer DATA packet)
    [1778342645.154] [VERBOSE] [TransportLayer] [TransportLayer$IO.receive():1317]  Waiting for transport layer DATA packet
    [1778342645.155] [VERBOSE] [TransportLayer] [TransportLayer$IO.receive():1320]  Received packet: version: 0x10  command: DATA  sequence bit: false  reliability bit: false  address: 0x01  nonce: 00 00 00 00 00 00 00 00 00 00 00 00 00  MAC: 94 ac c5 04 61 eb b9 72  payload: 4 byte(s): [10 00 55 a0]
    [1778342645.163] [VERBOSE] [ApplicationLayer] [ApplicationLayer.checkAndParseTransportLayerDataPacket():1951]  Parsing DATA packet as application layer packet
    [1778342645.170] [VERBOSE] [ApplicationLayer] [ApplicationLayer.checkAndParseTransportLayerDataPacket():1954]  This is an application layer packet with command CTRL_CONNECT_RESPONSE and payload 
    [1778342645.177] [DEBUG] [PumpIO] [PumpIO$switchMode$2.invokeSuspend():2093]  Switching mode from null to REMOTE_TERMINAL
    [1778342645.184] [DEBUG] [PumpIO] [PumpIO$switchMode$2$3$1.invokeSuspend():2098]  Activating new service
    [1778342645.188] [VERBOSE] [PumpIO] [PumpIO.sendAppLayerPacket():2171]  Sending application layer packet via transport layer:  version: 0x10  service ID: CONTROL  command: CTRL_ACTIVATE_SERVICE  payload: 3 byte(s): 48 01 00
    [1778342645.203] [VERBOSE] [TransportLayer] [TransportLayer$IO.produceOutgoingPacket():1344]  About to produce outgoing packet from info: command: DATA  reliable: true  sequenceBitOverride: <not set>  payload: 7 byte(s): [10 00 66 90 48 01 00]
    [1778342645.203] [VERBOSE] [TransportLayer] [TransportLayer$IO.produceOutgoingPacket():1350]  Authenticating outgoing packet
    [1778342645.204] [VERBOSE] [TransportLayer] [TransportLayer$IO$sendInternal$2$2.invokeSuspend():1259]  Sending transport layer packet: version: 0x10  command: DATA  sequence bit: true  reliability bit: true  address: 0x10  nonce: 03 00 00 00 00 00 00 00 00 00 00 00 00  MAC: c8 a1 99 43 4c 57 34 5f  payload: 7 byte(s): [10 00 66 90 48 01 00]
    [1778342645.207] [VERBOSE] [TransportLayer] [TransportLayer$IO$sendInternal$2$2.invokeSuspend():1262]  Packet sent
    [1778342645.209] [DEBUG] [PumpIO] [PumpIO$switchMode$2$3$1.invokeSuspend():2101]  Sent CTRL_ACTIVATE packet; waiting for CTRL_ACTIVATE_SERVICE_RESPONSE packet
    [1778342645.209] [VERBOSE] [TransportLayer] [TransportLayer$IO.receive():1317]  Waiting for transport layer DATA packet
    [1778342645.210] [VERBOSE] [TransportLayer] [TransportLayer$IO.receive():1320]  Received packet: version: 0x10  command: DATA  sequence bit: false  reliability bit: false  address: 0x01  nonce: 00 00 00 00 00 00 00 00 00 00 00 00 00  MAC: 7b 5d 48 a6 99 c5 4c 49  payload: 9 byte(s): [10 00 66 a0 01 02 03 04 05]
    [1778342645.210] [VERBOSE] [ApplicationLayer] [ApplicationLayer.checkAndParseTransportLayerDataPacket():1951]  Parsing DATA packet as application layer packet
    [1778342645.210] [VERBOSE] [ApplicationLayer] [ApplicationLayer.checkAndParseTransportLayerDataPacket():1954]  This is an application layer packet with command CTRL_ACTIVATE_SERVICE_RESPONSE and payload 01 02 03 04 05
    [1778342645.217] [INFO] [PumpIO] [PumpIO.connect():2110]  Pump IO connected
    [1778342645.245] [VERBOSE] [PumpIO] [PumpIO.sendAppLayerPacket():2171]  Sending application layer packet via transport layer:  version: 0x10  service ID: RT_MODE  command: RT_BUTTON_STATUS  payload: 4 byte(s): 00 00 30 b7
    [1778342645.251] [VERBOSE] [PumpIO] [PumpIO.sendAppLayerPacket():2174]  Writing current RT sequence number 0 into packet
    [1778342645.252] [VERBOSE] [TransportLayer] [TransportLayer$IO$sendInternal$2.invokeSuspend():1259]  Waiting for 151 ms until a packet can be sent
    [1778342645.531] [VERBOSE] [TransportLayer] [TransportLayer$IO.produceOutgoingPacket():1344]  About to produce outgoing packet from info: command: DATA  reliable: false  sequenceBitOverride: <not set>  payload: 8 byte(s): [10 48 65 05 00 00 30 b7]
    [1778342645.531] [VERBOSE] [TransportLayer] [TransportLayer$IO.produceOutgoingPacket():1350]  Authenticating outgoing packet
    [1778342645.532] [VERBOSE] [TransportLayer] [TransportLayer$IO$sendInternal$2$2.invokeSuspend():1259]  Sending transport layer packet: version: 0x10  command: DATA  sequence bit: false  reliability bit: false  address: 0x10  nonce: 04 00 00 00 00 00 00 00 00 00 00 00 00  MAC: 97 57 73 9d 5c e2 f2 6f  payload: 8 byte(s): [10 48 65 05 00 00 30 b7]
    [1778342646.055] [VERBOSE] [TransportLayer] [TransportLayer$IO$sendInternal$2$2.invokeSuspend():1262]  Packet sent
    [1778342646.145] [VERBOSE] [TransportLayer] [TransportLayer$IO.receiveAndPreprocessPacket():1326]  Incoming transport layer packet: version: 0x10  command: DATA  sequence bit: false  reliability bit: false  address: 0x01  nonce: 00 00 00 00 00 00 00 00 00 00 00 00 00  MAC: 75 91 15 7b 84 4f 87 e9  payload: 6 byte(s): [10 48 56 05 00 00]
    [1778342646.145] [VERBOSE] [TransportLayer] [TransportLayer$IO.receiveAndPreprocessPacket():1329]  Verifying incoming packet with pump-client cipher
    [1778342646.146] [VERBOSE] [PumpIO] [PumpIO.processReceivedPacket():2180]  Got RT_BUTTON_CONFIRMATION packet from the Combo
    [1778342646.821] [VERBOSE] [PumpIO] [PumpIO.sendAppLayerPacket():2171]  Sending application layer packet via transport layer:  version: 0x10  service ID: RT_MODE  command: RT_BUTTON_STATUS  payload: 4 byte(s): 00 00 00 b7
    [1778342646.822] [VERBOSE] [PumpIO] [PumpIO.sendAppLayerPacket():2174]  Writing current RT sequence number 1 into packet
    [1778342646.823] [VERBOSE] [TransportLayer] [TransportLayer$IO.produceOutgoingPacket():1344]  About to produce outgoing packet from info: command: DATA  reliable: false  sequenceBitOverride: <not set>  payload: 8 byte(s): [10 48 65 05 01 00 00 b7]
    [1778342646.896] [VERBOSE] [TransportLayer] [TransportLayer$IO.produceOutgoingPacket():1350]  Authenticating outgoing packet
    [1778342647.357] [VERBOSE] [TransportLayer] [TransportLayer$IO$sendInternal$2$2.invokeSuspend():1259]  Sending transport layer packet: version: 0x10  command: DATA  sequence bit: false  reliability bit: false  address: 0x10  nonce: 05 00 00 00 00 00 00 00 00 00 00 00 00  MAC: fc aa 2d 03 43 ec 01 9f  payload: 8 byte(s): [10 48 65 05 01 00 00 b7]
    [1778342647.488] [VERBOSE] [TransportLayer] [TransportLayer$IO$sendInternal$2$2.invokeSuspend():1262]  Packet sent
    [1778342647.502] [VERBOSE] [TransportLayer] [TransportLayer$IO.receiveAndPreprocessPacket():1326]  Incoming transport layer packet: version: 0x10  command: DATA  sequence bit: false  reliability bit: false  address: 0x01  nonce: 00 00 00 00 00 00 00 00 00 00 00 00 00  MAC: 75 91 15 7b 84 4f 87 e9  payload: 6 byte(s): [10 48 56 05 00 00]
    [1778342647.502] [VERBOSE] [TransportLayer] [TransportLayer$IO.receiveAndPreprocessPacket():1329]  Verifying incoming packet with pump-client cipher
    [1778342647.502] [VERBOSE] [PumpIO] [PumpIO.processReceivedPacket():2180]  Got RT_BUTTON_CONFIRMATION packet from the Combo
    [1778342647.694] [VERBOSE] [PumpIO] [PumpIO.sendAppLayerPacket():2171]  Sending application layer packet via transport layer:  version: 0x10  service ID: RT_MODE  command: RT_BUTTON_STATUS  payload: 4 byte(s): 00 00 30 b7
    [1778342647.695] [VERBOSE] [PumpIO] [PumpIO.sendAppLayerPacket():2174]  Writing current RT sequence number 2 into packet
    [1778342647.695] [VERBOSE] [TransportLayer] [TransportLayer$IO.produceOutgoingPacket():1344]  About to produce outgoing packet from info: command: DATA  reliable: false  sequenceBitOverride: <not set>  payload: 8 byte(s): [10 48 65 05 02 00 30 b7]
    [1778342647.696] [VERBOSE] [TransportLayer] [TransportLayer$IO.produceOutgoingPacket():1350]  Authenticating outgoing packet
    [1778342648.149] [VERBOSE] [TransportLayer] [TransportLayer$IO$sendInternal$2$2.invokeSuspend():1259]  Sending transport layer packet: version: 0x10  command: DATA  sequence bit: false  reliability bit: false  address: 0x10  nonce: 06 00 00 00 00 00 00 00 00 00 00 00 00  MAC: 06 e5 bf 3a 25 3c d4 23  payload: 8 byte(s): [10 48 65 05 02 00 30 b7]
    [1778342648.150] [VERBOSE] [TransportLayer] [TransportLayer$IO$sendInternal$2$2.invokeSuspend():1262]  Packet sent
    [1778342648.151] [VERBOSE] [PumpIO] [PumpIO.sendAppLayerPacket():2171]  Sending application layer packet via transport layer:  version: 0x10  service ID: RT_MODE  command: RT_BUTTON_STATUS  payload: 4 byte(s): 00 00 00 b7
    [1778342648.151] [VERBOSE] [PumpIO] [PumpIO.sendAppLayerPacket():2174]  Writing current RT sequence number 3 into packet
    [1778342648.152] [VERBOSE] [TransportLayer] [TransportLayer$IO.produceOutgoingPacket():1344]  About to produce outgoing packet from info: command: DATA  reliable: false  sequenceBitOverride: <not set>  payload: 8 byte(s): [10 48 65 05 03 00 00 b7]
    [1778342648.152] [VERBOSE] [TransportLayer] [TransportLayer$IO.produceOutgoingPacket():1350]  Authenticating outgoing packet
    [1778342648.153] [VERBOSE] [TransportLayer] [TransportLayer$IO$sendInternal$2$2.invokeSuspend():1259]  Sending transport layer packet: version: 0x10  command: DATA  sequence bit: false  reliability bit: false  address: 0x10  nonce: 07 00 00 00 00 00 00 00 00 00 00 00 00  MAC: 66 9f 7f 02 ad 2d e9 25  payload: 8 byte(s): [10 48 65 05 03 00 00 b7]
    [1778342648.160] [VERBOSE] [TransportLayer] [TransportLayer$IO.receiveAndPreprocessPacket():1326]  Incoming transport layer packet: version: 0x10  command: DATA  sequence bit: false  reliability bit: false  address: 0x01  nonce: 00 00 00 00 00 00 00 00 00 00 00 00 00  MAC: 75 91 15 7b 84 4f 87 e9  payload: 6 byte(s): [10 48 56 05 00 00]
    [1778342648.160] [VERBOSE] [TransportLayer] [TransportLayer$IO.receiveAndPreprocessPacket():1329]  Verifying incoming packet with pump-client cipher
    [1778342648.160] [VERBOSE] [PumpIO] [PumpIO.processReceivedPacket():2180]  Got RT_BUTTON_CONFIRMATION packet from the Combo
    [1778342648.200] [VERBOSE] [TransportLayer] [TransportLayer$IO.receiveAndPreprocessPacket():1326]  Incoming transport layer packet: version: 0x10  command: DATA  sequence bit: false  reliability bit: false  address: 0x01  nonce: 00 00 00 00 00 00 00 00 00 00 00 00 00  MAC: 75 91 15 7b 84 4f 87 e9  payload: 6 byte(s): [10 48 56 05 00 00]
    [1778342648.201] [VERBOSE] [TransportLayer] [TransportLayer$IO.receiveAndPreprocessPacket():1329]  Verifying incoming packet with pump-client cipher
    [1778342648.201] [VERBOSE] [PumpIO] [PumpIO.processReceivedPacket():2180]  Got RT_BUTTON_CONFIRMATION packet from the Combo
    [1778342649.083] [VERBOSE] [TransportLayer] [TransportLayer$IO$sendInternal$2$2.invokeSuspend():1262]  Packet sent
    [1778342649.360] [VERBOSE] [PumpIO] [PumpIO.sendAppLayerPacket():2171]  Sending application layer packet via transport layer:  version: 0x10  service ID: RT_MODE  command: RT_BUTTON_STATUS  payload: 4 byte(s): 00 00 30 b7
    [1778342649.360] [VERBOSE] [PumpIO] [PumpIO.sendAppLayerPacket():2174]  Writing current RT sequence number 4 into packet
    [1778342649.361] [VERBOSE] [TransportLayer] [TransportLayer$IO.produceOutgoingPacket():1344]  About to produce outgoing packet from info: command: DATA  reliable: false  sequenceBitOverride: <not set>  payload: 8 byte(s): [10 48 65 05 04 00 30 b7]
    [1778342649.588] [VERBOSE] [TransportLayer] [TransportLayer$IO.produceOutgoingPacket():1350]  Authenticating outgoing packet
    [1778342649.588] [VERBOSE] [TransportLayer] [TransportLayer$IO$sendInternal$2$2.invokeSuspend():1259]  Sending transport layer packet: version: 0x10  command: DATA  sequence bit: false  reliability bit: false  address: 0x10  nonce: 08 00 00 00 00 00 00 00 00 00 00 00 00  MAC: f3 58 90 e1 3d 53 d3 74  payload: 8 byte(s): [10 48 65 05 04 00 30 b7]
    [1778342649.591] [VERBOSE] [TransportLayer] [TransportLayer$IO$sendInternal$2$2.invokeSuspend():1262]  Packet sent
    [1778342649.592] [VERBOSE] [PumpIO] [PumpIO.sendAppLayerPacket():2171]  Sending application layer packet via transport layer:  version: 0x10  service ID: RT_MODE  command: RT_BUTTON_STATUS  payload: 4 byte(s): 00 00 00 b7
    [1778342649.592] [VERBOSE] [PumpIO] [PumpIO.sendAppLayerPacket():2174]  Writing current RT sequence number 5 into packet
    [1778342649.605] [VERBOSE] [TransportLayer] [TransportLayer$IO.produceOutgoingPacket():1344]  About to produce outgoing packet from info: command: DATA  reliable: false  sequenceBitOverride: <not set>  payload: 8 byte(s): [10 48 65 05 05 00 00 b7]
    [1778342649.605] [VERBOSE] [TransportLayer] [TransportLayer$IO.produceOutgoingPacket():1350]  Authenticating outgoing packet
    [1778342649.606] [VERBOSE] [TransportLayer] [TransportLayer$IO$sendInternal$2$2.invokeSuspend():1259]  Sending transport layer packet: version: 0x10  command: DATA  sequence bit: false  reliability bit: false  address: 0x10  nonce: 09 00 00 00 00 00 00 00 00 00 00 00 00  MAC: 94 b0 89 fa 4a 67 83 9c  payload: 8 byte(s): [10 48 65 05 05 00 00 b7]
    [1778342649.610] [VERBOSE] [TransportLayer] [TransportLayer$IO$sendInternal$2$2.invokeSuspend():1262]  Packet sent
    [1778342649.827] [VERBOSE] [PumpIO] [PumpIO.disconnect():2113]  Will send application layer disconnect packet:  version: 0x10  service ID: CONTROL  command: CTRL_DISCONNECT  payload: 2 byte(s): 03 00
    [1778342649.844] [VERBOSE] [TransportLayer] [TransportLayer$IO.produceOutgoingPacket():1344]  About to produce outgoing packet from info: command: DATA  reliable: true  sequenceBitOverride: <not set>  payload: 6 byte(s): [10 00 5a 00 03 00]
    [1778342649.845] [VERBOSE] [TransportLayer] [TransportLayer$IO.produceOutgoingPacket():1350]  Authenticating outgoing packet
    [1778342649.850] [VERBOSE] [TransportLayer] [TransportLayer$IO.stop():1263]  Sending transport layer packet: version: 0x10  command: DATA  sequence bit: false  reliability bit: true  address: 0x10  nonce: 0a 00 00 00 00 00 00 00 00 00 00 00 00  MAC: 9d f4 0f 24 44 e3 52 03  payload: 6 byte(s): [10 00 5a 00 03 00]
    [1778342649.858] [VERBOSE] [TransportLayer] [TransportLayer$IO.receiveAndPreprocessPacket():1326]  Incoming transport layer packet: version: 0x10  command: DATA  sequence bit: false  reliability bit: false  address: 0x01  nonce: 00 00 00 00 00 00 00 00 00 00 00 00 00  MAC: 75 91 15 7b 84 4f 87 e9  payload: 6 byte(s): [10 48 56 05 00 00]
    [1778342649.868] [VERBOSE] [TransportLayer] [TransportLayer$IO.receiveAndPreprocessPacket():1329]  Verifying incoming packet with pump-client cipher
    [1778342649.873] [VERBOSE] [TransportLayer] [TransportLayer$IO.stop():1266]  Packet sent
    [1778342649.895] [DEBUG] [TransportLayer] [TransportLayer$IO.stop():1269]  Disconnecting device
    [1778342649.926] [VERBOSE] [PumpIO] [PumpIO.processReceivedPacket():2180]  Got RT_BUTTON_CONFIRMATION packet from the Combo
    [1778342649.954] [VERBOSE] [TransportLayer] [TransportLayer$IO.receiveAndPreprocessPacket():1326]  Incoming transport layer packet: version: 0x10  command: DATA  sequence bit: false  reliability bit: false  address: 0x01  nonce: 00 00 00 00 00 00 00 00 00 00 00 00 00  MAC: 75 91 15 7b 84 4f 87 e9  payload: 6 byte(s): [10 48 56 05 00 00]
    [1778342649.954] [VERBOSE] [TransportLayer] [TransportLayer$IO.receiveAndPreprocessPacket():1329]  Verifying incoming packet with pump-client cipher
    [1778342649.954] [VERBOSE] [PumpIO] [PumpIO.processReceivedPacket():2180]  Got RT_BUTTON_CONFIRMATION packet from the Combo
    [1778342650.767] [DEBUG] [TransportLayer] [TransportLayer$IO.stop():1275]  Stopping packet receiver
    [1778342650.769] [DEBUG] [TransportLayer] [TransportLayer$IO.stop():1281]  Transport layer IO stopped
    [1778342650.770] [DEBUG] [PumpIO] [PumpIO.disconnect():2116]  Pump IO disconnected

PumpIOTest > checkCMDHistoryDeltaRetrieval() STARTED

PumpIOTest > checkCMDHistoryDeltaRetrieval() STANDARD_OUT
    [1778342650.874] [DEBUG] [PumpIO] [PumpIO.connect():2092]  Pump IO connecting asynchronously

> Task :pump:omnipod:dash:testFullDebugUnitTest

MessagePacketTest > testSerializeMessagePacket() STARTED

MessagePacketTest > testParseMessagePacket() STARTED

EapMessageTest > testParseAndBack() STARTED

EapMessageTest > testParseAndBack() STANDARD_OUT
    DEBUG: : PUMPBTCOMM parsing EAP payload: 01bd0038170100000205000000c55c78e8d3b9b9e935860a7259f6c001050000c2cd1248451103bd77a6c7ef88c441ba7e0200006cff5d18

ProgramBasalCommandTest > testProgramBasalCommandHighRates() STARTED

ProgramBasalCommandTest > testProgramBasalCommandDifferentInterval() STARTED

ProgramBasalCommandTest > testProgramBasalCommand() STARTED

ProgramBasalCommandTest > testProgramBasalCommandAllSegments() STARTED

ProgramBasalCommandTest > testProgramBasalCommandWithExtraAlternateSegmentPulse() STARTED

StopDeliveryCommandTest > testSuspendDelivery() STARTED

StopDeliveryCommandTest > testStopTempBasal() STARTED

VersionResponseTest > testValidResponse() STARTED

EnDecryptTest > encrypt() STARTED

EnDecryptTest > encrypt() STANDARD_OUT
    DEBUG: : PUMPBTCOMM Encrypt header 54571101070003400242000002420001 payload: 53302e303d000effffffff00060704ffffffff82b22c47302e30
    DEBUG: : PUMPBTCOMM Encrypt NONCE dda23c090a0a0a0a0000000001

EnDecryptTest > decrypt() STARTED

EnDecryptTest > decrypt() STANDARD_OUT
    DEBUG: : PUMPBTCOMM Decrypt header 545711a10c16030008202ea908202ea8 payload: 347cb97b385d45a3c40e404c55715ef3c3865017367e623c7d0b469e81cdfd9a
    DEBUG: : PUMPBTCOMM Decrypt NONCE 6cff5d18b7616cae8000000017
    DEBUG: : PUMPBTCOMM Decrypted payload 302e303d001208202ea91c0a1d050016b00000000bff01fe

> Task :pump:omnipod:eros:compileFullDebugUnitTestJavaWithJavac
> Task :pump:omnipod:eros:hiltSyncFullDebugUnitTest

> Task :plugins:source:testFullDebugUnitTest

DexcomPluginTest > requiredPermissions should include dexcom permission when app is installed() STARTED

PatchedSinoAppPluginTest > plugin is created() STARTED

SyaiWorkerTest > When plugin enabled then insert data() STARTED

> Task :pump:omnipod:eros:hiltAggregateDepsFullDebugUnitTest
> Task :pump:omnipod:eros:hiltJavaCompileFullDebugUnitTest NO-SOURCE

> Task :pump:combov2:comboctl:testFullDebugUnitTest
    [1778342650.885] [DEBUG] [PumpIO] [PumpIO.connect():2095]  Sending regular connection request
    [1778342650.921] [VERBOSE] [TransportLayer] [TransportLayer$IO.produceOutgoingPacket():1344]  About to produce outgoing packet from info: command: REQUEST_REGULAR_CONNECTION  reliable: false  sequenceBitOverride: <not set>  payload: 0 byte(s): []
    [1778342650.924] [VERBOSE] [TransportLayer] [TransportLayer$IO.produceOutgoingPacket():1350]  Authenticating outgoing packet
    [1778342650.924] [VERBOSE] [TransportLayer] [TransportLayer$IO$sendInternal$2$2.invokeSuspend():1259]  Sending transport layer packet: version: 0x10  command: REQUEST_REGULAR_CONNECTION  sequence bit: false  reliability bit: false  address: 0x10  nonce: 01 00 00 00 00 00 00 00 00 00 00 00 00  MAC: c4 4f 7b 4f ed 3b fc 54  payload: 0 byte(s): []
    [1778342650.930] [VERBOSE] [TransportLayer] [TransportLayer$IO$sendInternal$2$2.invokeSuspend():1262]  Packet sent
    [1778342650.980] [VERBOSE] [TransportLayer] [TransportLayer$IO.receiveAndPreprocessPacket():1326]  Incoming transport layer packet: version: 0x10  command: REGULAR_CONNECTION_REQUEST_ACCEPTED  sequence bit: false  reliability bit: false  address: 0x01  nonce: 00 00 00 00 00 00 00 00 00 00 00 00 00  MAC: eb 7f b6 96 6e df 14 07  payload: 0 byte(s): []
    [1778342650.980] [VERBOSE] [TransportLayer] [TransportLayer$IO.receive():1317]  Waiting for transport layer REGULAR_CONNECTION_REQUEST_ACCEPTED packet
    [1778342650.981] [VERBOSE] [TransportLayer] [TransportLayer$IO.receiveAndPreprocessPacket():1329]  Verifying incoming packet with pump-client cipher
    [1778342650.982] [VERBOSE] [TransportLayer] [TransportLayer$IO.receive():1320]  Received packet: version: 0x10  command: REGULAR_CONNECTION_REQUEST_ACCEPTED  sequence bit: false  reliability bit: false  address: 0x01  nonce: 00 00 00 00 00 00 00 00 00 00 00 00 00  MAC: eb 7f b6 96 6e df 14 07  payload: 0 byte(s): []
    [1778342650.982] [DEBUG] [PumpIO] [PumpIO.connect():2107]  Initiating application layer connection
    [1778342650.983] [VERBOSE] [PumpIO] [PumpIO.sendAppLayerPacket():2171]  Sending application layer packet via transport layer:  version: 0x10  service ID: CONTROL  command: CTRL_CONNECT  payload: 4 byte(s): 39 30 00 00
    [1778342650.984] [VERBOSE] [TransportLayer] [TransportLayer$IO$sendInternal$2.invokeSuspend():1259]  Waiting for 137 ms until a packet can be sent
    [1778342650.991] [VERBOSE] [TransportLayer] [TransportLayer$IO.receiveAndPreprocessPacket():1326]  Incoming transport layer packet: version: 0x10  command: DATA  sequence bit: false  reliability bit: false  address: 0x01  nonce: 00 00 00 00 00 00 00 00 00 00 00 00 00  MAC: 36 ee 9d e7 b1 8e 89 71  payload: 4 byte(s): [10 00 55 a0]
    [1778342650.991] [VERBOSE] [TransportLayer] [TransportLayer$IO.receiveAndPreprocessPacket():1329]  Verifying incoming packet with pump-client cipher
    [1778342650.993] [VERBOSE] [TransportLayer] [TransportLayer$IO.receiveAndPreprocessPacket():1326]  Incoming transport layer packet: version: 0x10  command: DATA  sequence bit: false  reliability bit: false  address: 0x01  nonce: 00 00 00 00 00 00 00 00 00 00 00 00 00  MAC: ec ff 0b 17 e9 3a 3b f8  payload: 9 byte(s): [10 00 66 a0 01 02 03 04 05]
    [1778342650.994] [VERBOSE] [TransportLayer] [TransportLayer$IO.receiveAndPreprocessPacket():1329]  Verifying incoming packet with pump-client cipher
    [1778342650.994] [DEBUG] [PumpIO] [PumpIO.processReceivedPacket():2177]  New service was activated; resetting RT sequence number
    [1778342651.206] [VERBOSE] [TransportLayer] [TransportLayer$IO.produceOutgoingPacket():1344]  About to produce outgoing packet from info: command: DATA  reliable: true  sequenceBitOverride: <not set>  payload: 8 byte(s): [10 00 55 90 39 30 00 00]
    [1778342651.207] [VERBOSE] [TransportLayer] [TransportLayer$IO.produceOutgoingPacket():1350]  Authenticating outgoing packet
    [1778342651.207] [VERBOSE] [TransportLayer] [TransportLayer$IO$sendInternal$2$2.invokeSuspend():1259]  Sending transport layer packet: version: 0x10  command: DATA  sequence bit: false  reliability bit: true  address: 0x10  nonce: 02 00 00 00 00 00 00 00 00 00 00 00 00  MAC: 15 40 96 53 a5 65 e7 a6  payload: 8 byte(s): [10 00 55 90 39 30 00 00]
    [1778342651.337] [VERBOSE] [TransportLayer] [TransportLayer$IO$sendInternal$2$2.invokeSuspend():1262]  Packet sent
    [1778342651.338] [VERBOSE] [PumpIO] [PumpIO$sendPacketWithResponse$4$1.invokeSuspend():2092]  Waiting for application layer CTRL_CONNECT_RESPONSE packet (will arrive in a transport layer DATA packet)
    [1778342651.339] [VERBOSE] [TransportLayer] [TransportLayer$IO.receive():1317]  Waiting for transport layer DATA packet
    [1778342651.340] [VERBOSE] [TransportLayer] [TransportLayer$IO.receive():1320]  Received packet: version: 0x10  command: DATA  sequence bit: false  reliability bit: false  address: 0x01  nonce: 00 00 00 00 00 00 00 00 00 00 00 00 00  MAC: 36 ee 9d e7 b1 8e 89 71  payload: 4 byte(s): [10 00 55 a0]
    [1778342651.340] [VERBOSE] [ApplicationLayer] [ApplicationLayer.checkAndParseTransportLayerDataPacket():1951]  Parsing DATA packet as application layer packet
    [1778342651.341] [VERBOSE] [ApplicationLayer] [ApplicationLayer.checkAndParseTransportLayerDataPacket():1954]  This is an application layer packet with command CTRL_CONNECT_RESPONSE and payload 
    [1778342651.341] [DEBUG] [PumpIO] [PumpIO$switchMode$2.invokeSuspend():2093]  Switching mode from null to COMMAND
    [1778342651.342] [DEBUG] [PumpIO] [PumpIO$switchMode$2$3$1.invokeSuspend():2098]  Activating new service
    [1778342651.343] [VERBOSE] [PumpIO] [PumpIO.sendAppLayerPacket():2171]  Sending application layer packet via transport layer:  version: 0x10  service ID: CONTROL  command: CTRL_ACTIVATE_SERVICE  payload: 3 byte(s): b7 01 00
    [1778342651.345] [VERBOSE] [TransportLayer] [TransportLayer$IO.produceOutgoingPacket():1344]  About to produce outgoing packet from info: command: DATA  reliable: true  sequenceBitOverride: <not set>  payload: 7 byte(s): [10 00 66 90 b7 01 00]
    [1778342651.345] [VERBOSE] [TransportLayer] [TransportLayer$IO.produceOutgoingPacket():1350]  Authenticating outgoing packet
    [1778342651.358] [VERBOSE] [TransportLayer] [TransportLayer$IO$sendInternal$2$2.invokeSuspend():1259]  Sending transport layer packet: version: 0x10  command: DATA  sequence bit: true  reliability bit: true  address: 0x10  nonce: 03 00 00 00 00 00 00 00 00 00 00 00 00  MAC: 10 56 10 94 a2 03 e5 e4  payload: 7 byte(s): [10 00 66 90 b7 01 00]
    [1778342651.398] [VERBOSE] [TransportLayer] [TransportLayer$IO$sendInternal$2$2.invokeSuspend():1262]  Packet sent
    [1778342651.399] [DEBUG] [PumpIO] [PumpIO$switchMode$2$3$1.invokeSuspend():2101]  Sent CTRL_ACTIVATE packet; waiting for CTRL_ACTIVATE_SERVICE_RESPONSE packet
    [1778342651.399] [VERBOSE] [TransportLayer] [TransportLayer$IO.receive():1317]  Waiting for transport layer DATA packet
    [1778342651.400] [VERBOSE] [TransportLayer] [TransportLayer$IO.receive():1320]  Received packet: version: 0x10  command: DATA  sequence bit: false  reliability bit: false  address: 0x01  nonce: 00 00 00 00 00 00 00 00 00 00 00 00 00  MAC: ec ff 0b 17 e9 3a 3b f8  payload: 9 byte(s): [10 00 66 a0 01 02 03 04 05]
    [1778342651.400] [VERBOSE] [ApplicationLayer] [ApplicationLayer.checkAndParseTransportLayerDataPacket():1951]  Parsing DATA packet as application layer packet
    [1778342651.401] [VERBOSE] [ApplicationLayer] [ApplicationLayer.checkAndParseTransportLayerDataPacket():1954]  This is an application layer packet with command CTRL_ACTIVATE_SERVICE_RESPONSE and payload 01 02 03 04 05
    [1778342651.401] [INFO] [PumpIO] [PumpIO.connect():2110]  Pump IO connected
    [1778342651.404] [VERBOSE] [TransportLayer] [TransportLayer$IO.receiveAndPreprocessPacket():1326]  Incoming transport layer packet: version: 0x10  command: DATA  sequence bit: true  reliability bit: true  address: 0x01  nonce: 08 05 00 00 00 00 00 00 00 00 00 00 00  MAC: 81 f5 6c 43 f0 88 15 3b  payload: 101 byte(s): [10 b7 96 a9 00 00 10 00 48 b7 05 aa 0d 93 54 0f 00 00 00 04 00 6b f3 09 3b 01 00 92 4c b1 0d 93 54 0f 00 00 00 05 00 a1 25 0b 3b 01 00 e4 75 46 0e 93 54 1d 00 00 00 06 00 b7 da 0d 3b 01 00 7e 3e 54 0e 93 54 1d 00 00 00 07 00 73 49 0f 3b 01 00 08 07 77 0e 93 54 05 00 00 00 04 00 2f d8 11 3b 01 00 eb 6a]
    [1778342651.404] [VERBOSE] [TransportLayer] [TransportLayer$IO.receiveAndPreprocessPacket():1329]  Verifying incoming packet with pump-client cipher
    [1778342651.410] [VERBOSE] [PumpIO] [PumpIO.sendAppLayerPacket():2171]  Sending application layer packet via transport layer:  version: 0x10  service ID: COMMAND_MODE  command: CMD_READ_HISTORY_BLOCK  payload: 0 byte(s): 
    [1778342651.414] [VERBOSE] [TransportLayer] [TransportLayer$IO.receiveAndPreprocessPacket():1332]  Got a transport layer DATA packet with its reliability bit set; responding with ACK_RESPONSE packet; sequence bit: true
    [1778342651.416] [VERBOSE] [TransportLayer] [TransportLayer$IO$sendInternal$2.invokeSuspend():1259]  Waiting for 128 ms until a packet can be sent
    [1778342651.419] [VERBOSE] [TransportLayer] [TransportLayer$IO$sendInternal$2.invokeSuspend():1259]  Waiting for 125 ms until a packet can be sent
    [1778342651.569] [VERBOSE] [TransportLayer] [TransportLayer$IO.produceOutgoingPacket():1344]  About to produce outgoing packet from info: command: DATA  reliable: true  sequenceBitOverride: <not set>  payload: 4 byte(s): [10 b7 96 99]
    [1778342651.570] [VERBOSE] [TransportLayer] [TransportLayer$IO.produceOutgoingPacket():1350]  Authenticating outgoing packet
    [1778342651.570] [VERBOSE] [TransportLayer] [TransportLayer$IO$sendInternal$2$2.invokeSuspend():1259]  Sending transport layer packet: version: 0x10  command: DATA  sequence bit: false  reliability bit: true  address: 0x10  nonce: 04 00 00 00 00 00 00 00 00 00 00 00 00  MAC: a0 71 98 9a 92 56 4b b7  payload: 4 byte(s): [10 b7 96 99]
    [1778342651.571] [VERBOSE] [TransportLayer] [TransportLayer$IO.produceOutgoingPacket():1344]  About to produce outgoing packet from info: command: ACK_RESPONSE  reliable: false  sequenceBitOverride: true  payload: 0 byte(s): []
    [1778342651.578] [VERBOSE] [TransportLayer] [TransportLayer$IO.produceOutgoingPacket():1350]  Authenticating outgoing packet
    [1778342651.580] [VERBOSE] [TransportLayer] [TransportLayer$IO$sendInternal$2$2.invokeSuspend():1259]  Sending transport layer packet: version: 0x10  command: ACK_RESPONSE  sequence bit: true  reliability bit: false  address: 0x10  nonce: 05 00 00 00 00 00 00 00 00 00 00 00 00  MAC: 0c bc 25 13 b1 b9 ed 81  payload: 0 byte(s): []
    [1778342651.583] [VERBOSE] [TransportLayer] [TransportLayer$IO$sendInternal$2$2.invokeSuspend():1262]  Packet sent
    [1778342651.591] [VERBOSE] [PumpIO] [PumpIO$sendPacketWithResponse$4$1.invokeSuspend():2092]  Waiting for application layer CMD_READ_HISTORY_BLOCK_RESPONSE packet (will arrive in a transport layer DATA packet)
    [1778342651.591] [VERBOSE] [TransportLayer] [TransportLayer$IO.receive():1317]  Waiting for transport layer DATA packet
    [1778342651.591] [VERBOSE] [TransportLayer] [TransportLayer$IO$sendInternal$2$2.invokeSuspend():1262]  Packet sent
    [1778342651.659] [VERBOSE] [TransportLayer] [TransportLayer$IO.receive():1320]  Received packet: version: 0x10  command: DATA  sequence bit: true  reliability bit: true  address: 0x01  nonce: 08 05 00 00 00 00 00 00 00 00 00 00 00  MAC: 81 f5 6c 43 f0 88 15 3b  payload: 101 byte(s): [10 b7 96 a9 00 00 10 00 48 b7 05 aa 0d 93 54 0f 00 00 00 04 00 6b f3 09 3b 01 00 92 4c b1 0d 93 54 0f 00 00 00 05 00 a1 25 0b 3b 01 00 e4 75 46 0e 93 54 1d 00 00 00 06 00 b7 da 0d 3b 01 00 7e 3e 54 0e 93 54 1d 00 00 00 07 00 73 49 0f 3b 01 00 08 07 77 0e 93 54 05 00 00 00 04 00 2f d8 11 3b 01 00 eb 6a]
    [1778342651.660] [VERBOSE] [ApplicationLayer] [ApplicationLayer.checkAndParseTransportLayerDataPacket():1951]  Parsing DATA packet as application layer packet
    [1778342651.660] [VERBOSE] [ApplicationLayer] [ApplicationLayer.checkAndParseTransportLayerDataPacket():1954]  This is an application layer packet with command CMD_READ_HISTORY_BLOCK_RESPONSE and payload 00 00 10 00 48 b7 05 aa 0d 93 54 0f 00 00 00 04 00 6b f3 09 3b 01 00 92 4c b1 0d 93 54 0f 00 00 00 05 00 a1 25 0b 3b 01 00 e4 75 46 0e 93 54 1d 00 00 00 06 00 b7 da 0d 3b 01 00 7e 3e 54 0e 93 54 1d 00 00 00 07 00 73 49 0f 3b 01 00 08 07 77 0e 93 54 05 00 00 00 04 00 2f d8 11 3b 01 00 eb 6a
    [1778342651.660] [VERBOSE] [ApplicationLayer] [ApplicationLayer.checkAndParseTransportLayerDataPacket():1957]  This packet was delivered inside a reliable transport layer packet; checking the error code
    [1778342651.677] [VERBOSE] [TransportLayer] [TransportLayer$IO.receiveAndPreprocessPacket():1326]  Incoming transport layer packet: version: 0x10  command: DATA  sequence bit: false  reliability bit: true  address: 0x01  nonce: 0a 05 00 00 00 00 00 00 00 00 00 00 00  MAC: 8f ec fa a7 f5 0d 01 6c  payload: 6 byte(s): [10 b7 99 a9 00 00]
    [1778342651.677] [VERBOSE] [TransportLayer] [TransportLayer$IO.receiveAndPreprocessPacket():1329]  Verifying incoming packet with pump-client cipher
    [1778342651.677] [VERBOSE] [TransportLayer] [TransportLayer$IO.receiveAndPreprocessPacket():1332]  Got a transport layer DATA packet with its reliability bit set; responding with ACK_RESPONSE packet; sequence bit: false
    [1778342651.678] [VERBOSE] [TransportLayer] [TransportLayer$IO.produceOutgoingPacket():1344]  About to produce outgoing packet from info: command: ACK_RESPONSE  reliable: false  sequenceBitOverride: false  payload: 0 byte(s): []
    [1778342651.678] [DEBUG] [ApplicationLayer] [ApplicationLayer.parseCMDReadHistoryBlockResponsePacket():1903]  Parsing CMD_READ_HISTORY_BLOCK_RESPONSE packet
    [1778342651.678] [VERBOSE] [TransportLayer] [TransportLayer$IO.produceOutgoingPacket():1350]  Authenticating outgoing packet
    [1778342651.678] [DEBUG] [ApplicationLayer] [ApplicationLayer.parseCMDReadHistoryBlockResponsePacket():1906]  Packet contains 5 history event(s)
    [1778342651.691] [VERBOSE] [TransportLayer] [TransportLayer$IO$sendInternal$2$2.invokeSuspend():1259]  Sending transport layer packet: version: 0x10  command: ACK_RESPONSE  sequence bit: false  reliability bit: false  address: 0x10  nonce: 06 00 00 00 00 00 00 00 00 00 00 00 00  MAC: 57 8e 73 98 92 84 7e 36  payload: 0 byte(s): []
    [1778342651.688] [DEBUG] [ApplicationLayer] [ApplicationLayer.parseCMDReadHistoryBlockResponsePacket():1909]  History block information:  num remaining events: 16  more events available: true  historyGap: false  number of events: 5
    [1778342651.891] [VERBOSE] [TransportLayer] [TransportLayer$IO$sendInternal$2$2.invokeSuspend():1262]  Packet sent
    [1778342651.892] [DEBUG] [ApplicationLayer] [ApplicationLayer.parseCMDReadHistoryBlockResponsePacket():1912]  Event #0:  timestamp 2021-02-09T16:54:42  event type ID 4  detail bytes CRC16 checksum 0xf36b  event counter 80649  counter CRC16 checksum 0x4c92  raw detail data bytes 0f 00 00 00
    [1778342651.894] [VERBOSE] [TransportLayer] [TransportLayer$IO.receiveAndPreprocessPacket():1326]  Incoming transport layer packet: version: 0x10  command: DATA  sequence bit: true  reliability bit: true  address: 0x01  nonce: 0c 05 00 00 00 00 00 00 00 00 00 00 00  MAC: 2c c8 37 b3 e5 b7 7c c4  payload: 101 byte(s): [10 b7 96 a9 00 00 0b 00 48 b7 05 79 0e 93 54 05 00 00 00 05 00 0c 40 13 3b 01 00 9d 53 ad 0e 93 54 12 00 00 00 06 00 46 a5 15 3b 01 00 07 18 b6 0e 93 54 12 00 00 00 07 00 8c 73 17 3b 01 00 71 21 13 10 93 54 b1 00 0f 00 08 00 bb 78 1a 3b 01 00 fe aa d2 13 93 54 b1 00 0f 00 09 00 ce 68 1c 3b 01 00 64 e1]
    [1778342651.895] [VERBOSE] [TransportLayer] [TransportLayer$IO.receiveAndPreprocessPacket():1329]  Verifying incoming packet with pump-client cipher
    [1778342651.896] [VERBOSE] [TransportLayer] [TransportLayer$IO.receiveAndPreprocessPacket():1332]  Got a transport layer DATA packet with its reliability bit set; responding with ACK_RESPONSE packet; sequence bit: true
    [1778342651.903] [DEBUG] [ApplicationLayer] [ApplicationLayer.parseCMDReadHistoryBlockResponsePacket():1915]  Detail info: got history event "quick bolus requested" with amount of 1.5 IU
    [1778342651.903] [DEBUG] [ApplicationLayer] [ApplicationLayer.parseCMDReadHistoryBlockResponsePacket():1912]  Event #1:  timestamp 2021-02-09T16:54:49  event type ID 5  detail bytes CRC16 checksum 0x25a1  event counter 80651  counter CRC16 checksum 0x75e4  raw detail data bytes 0f 00 00 00
    [1778342651.907] [DEBUG] [ApplicationLayer] [ApplicationLayer.parseCMDReadHistoryBlockResponsePacket():1915]  Detail info: got history event "quick bolus infused" with amount of 1.5 IU
    [1778342651.908] [DEBUG] [ApplicationLayer] [ApplicationLayer.parseCMDReadHistoryBlockResponsePacket():1912]  Event #2:  timestamp 2021-02-09T16:57:06  event type ID 6  detail bytes CRC16 checksum 0xdab7  event counter 80653  counter CRC16 checksum 0x3e7e  raw detail data bytes 1d 00 00 00
    [1778342651.914] [DEBUG] [ApplicationLayer] [ApplicationLayer.parseCMDReadHistoryBlockResponsePacket():1924]  Detail info: got history event "manual standard bolus requested" with amount of 2.9 IU
    [1778342651.914] [DEBUG] [ApplicationLayer] [ApplicationLayer.parseCMDReadHistoryBlockResponsePacket():1912]  Event #3:  timestamp 2021-02-09T16:57:20  event type ID 7  detail bytes CRC16 checksum 0x4973  event counter 80655  counter CRC16 checksum 0x0708  raw detail data bytes 1d 00 00 00
    [1778342651.919] [DEBUG] [ApplicationLayer] [ApplicationLayer.parseCMDReadHistoryBlockResponsePacket():1924]  Detail info: got history event "manual standard bolus infused" with amount of 2.9 IU
    [1778342651.919] [DEBUG] [ApplicationLayer] [ApplicationLayer.parseCMDReadHistoryBlockResponsePacket():1912]  Event #4:  timestamp 2021-02-09T16:57:55  event type ID 4  detail bytes CRC16 checksum 0xd82f  event counter 80657  counter CRC16 checksum 0x6aeb  raw detail data bytes 05 00 00 00
    [1778342651.920] [DEBUG] [ApplicationLayer] [ApplicationLayer.parseCMDReadHistoryBlockResponsePacket():1915]  Detail info: got history event "quick bolus requested" with amount of 0.5 IU
    [1778342651.924] [VERBOSE] [PumpIO] [PumpIO.sendAppLayerPacket():2171]  Sending application layer packet via transport layer:  version: 0x10  service ID: COMMAND_MODE  command: CMD_CONFIRM_HISTORY_BLOCK  payload: 0 byte(s): 
    [1778342651.925] [VERBOSE] [TransportLayer] [TransportLayer$IO.produceOutgoingPacket():1344]  About to produce outgoing packet from info: command: ACK_RESPONSE  reliable: false  sequenceBitOverride: true  payload: 0 byte(s): []
    [1778342651.925] [VERBOSE] [TransportLayer] [TransportLayer$IO.produceOutgoingPacket():1350]  Authenticating outgoing packet
    [1778342651.960] [VERBOSE] [TransportLayer] [TransportLayer$IO$sendInternal$2$2.invokeSuspend():1259]  Sending transport layer packet: version: 0x10  command: ACK_RESPONSE  sequence bit: true  reliability bit: false  address: 0x10  nonce: 07 00 00 00 00 00 00 00 00 00 00 00 00  MAC: 7c 39 d3 17 e1 a8 cc 42  payload: 0 byte(s): []
    [1778342651.960] [VERBOSE] [TransportLayer] [TransportLayer$IO$sendInternal$2.invokeSuspend():1259]  Waiting for 136 ms until a packet can be sent
    [1778342651.963] [VERBOSE] [TransportLayer] [TransportLayer$IO$sendInternal$2$2.invokeSuspend():1262]  Packet sent
    [1778342651.966] [VERBOSE] [TransportLayer] [TransportLayer$IO.receiveAndPreprocessPacket():1326]  Incoming transport layer packet: version: 0x10  command: DATA  sequence bit: false  reliability bit: true  address: 0x01  nonce: 0e 05 00 00 00 00 00 00 00 00 00 00 00  MAC: e5 ab 11 6d fc 60 fb ee  payload: 6 byte(s): [10 b7 99 a9 00 00]
    [1778342651.969] [VERBOSE] [TransportLayer] [TransportLayer$IO.receiveAndPreprocessPacket():1329]  Verifying incoming packet with pump-client cipher
    [1778342651.969] [VERBOSE] [TransportLayer] [TransportLayer$IO.receiveAndPreprocessPacket():1332]  Got a transport layer DATA packet with its reliability bit set; responding with ACK_RESPONSE packet; sequence bit: false
    [1778342651.969] [VERBOSE] [TransportLayer] [TransportLayer$IO$sendInternal$2.invokeSuspend():1259]  Waiting for 127 ms until a packet can be sent
    [1778342652.123] [VERBOSE] [TransportLayer] [TransportLayer$IO.produceOutgoingPacket():1344]  About to produce outgoing packet from info: command: ACK_RESPONSE  reliable: false  sequenceBitOverride: false  payload: 0 byte(s): []
    [1778342652.123] [VERBOSE] [TransportLayer] [TransportLayer$IO.produceOutgoingPacket():1350]  Authenticating outgoing packet
    [1778342652.123] [VERBOSE] [TransportLayer] [TransportLayer$IO$sendInternal$2$2.invokeSuspend():1259]  Sending transport layer packet: version: 0x10  command: ACK_RESPONSE  sequence bit: false  reliability bit: false  address: 0x10  nonce: 08 00 00 00 00 00 00 00 00 00 00 00 00  MAC: a1 63 a6 77 ab c2 e4 ae  payload: 0 byte(s): []
    [1778342652.124] [VERBOSE] [TransportLayer] [TransportLayer$IO.produceOutgoingPacket():1344]  About to produce outgoing packet from info: command: DATA  reliable: true  sequenceBitOverride: <not set>  payload: 4 byte(s): [10 b7 99 99]
    [1778342652.124] [VERBOSE] [TransportLayer] [TransportLayer$IO.produceOutgoingPacket():1350]  Authenticating outgoing packet
    [1778342652.128] [VERBOSE] [TransportLayer] [TransportLayer$IO$sendInternal$2$2.invokeSuspend():1259]  Sending transport layer packet: version: 0x10  command: DATA  sequence bit: true  reliability bit: true  address: 0x10  nonce: 09 00 00 00 00 00 00 00 00 00 00 00 00  MAC: 84 f6 b9 0e f8 6b 73 7d  payload: 4 byte(s): [10 b7 99 99]
    [1778342652.131] [VERBOSE] [TransportLayer] [TransportLayer$IO$sendInternal$2$2.invokeSuspend():1262]  Packet sent
    [1778342652.135] [VERBOSE] [TransportLayer] [TransportLayer$IO.receiveAndPreprocessPacket():1326]  Incoming transport layer packet: version: 0x10  command: DATA  sequence bit: true  reliability bit: true  address: 0x01  nonce: 10 05 00 00 00 00 00 00 00 00 00 00 00  MAC: 0e 32 37 19 b6 59 5a b1  payload: 101 byte(s): [10 b7 96 a9 00 00 06 00 48 b7 05 5f 15 93 54 c1 94 e0 01 0a 00 76 3b 1e 3b 01 00 12 d8 c8 1c 93 54 c1 94 e0 01 0b 00 c8 a4 20 3b 01 00 a2 3a 59 20 93 54 40 30 93 54 18 00 bb 0c 23 3b 01 00 6f 1f 40 30 93 54 00 00 00 00 19 00 2b 80 24 3b 01 00 4e 48 85 30 93 54 14 00 00 00 04 00 e8 98 2b 3b 01 00 b7 fa]
    [1778342652.135] [VERBOSE] [TransportLayer] [TransportLayer$IO.receiveAndPreprocessPacket():1329]  Verifying incoming packet with pump-client cipher
    [1778342652.136] [VERBOSE] [TransportLayer] [TransportLayer$IO.receiveAndPreprocessPacket():1332]  Got a transport layer DATA packet with its reliability bit set; responding with ACK_RESPONSE packet; sequence bit: true
    [1778342652.136] [VERBOSE] [TransportLayer] [TransportLayer$IO$sendInternal$2.invokeSuspend():1259]  Waiting for 24 ms until a packet can be sent
    [1778342652.137] [VERBOSE] [TransportLayer] [TransportLayer$IO$sendInternal$2$2.invokeSuspend():1262]  Packet sent
    [1778342652.137] [VERBOSE] [PumpIO] [PumpIO$sendPacketWithResponse$4$1.invokeSuspend():2092]  Waiting for application layer CMD_CONFIRM_HISTORY_BLOCK_RESPONSE packet (will arrive in a transport layer DATA packet)
    [1778342652.138] [VERBOSE] [TransportLayer] [TransportLayer$IO.receive():1317]  Waiting for transport layer DATA packet
    [1778342652.140] [VERBOSE] [TransportLayer] [TransportLayer$IO.receive():1320]  Received packet: version: 0x10  command: DATA  sequence bit: false  reliability bit: true  address: 0x01  nonce: 0a 05 00 00 00 00 00 00 00 00 00 00 00  MAC: 8f ec fa a7 f5 0d 01 6c  payload: 6 byte(s): [10 b7 99 a9 00 00]
    [1778342652.140] [VERBOSE] [ApplicationLayer] [ApplicationLayer.checkAndParseTransportLayerDataPacket():1951]  Parsing DATA packet as application layer packet
    [1778342652.140] [VERBOSE] [ApplicationLayer] [ApplicationLayer.checkAndParseTransportLayerDataPacket():1954]  This is an application layer packet with command CMD_CONFIRM_HISTORY_BLOCK_RESPONSE and payload 00 00
    [1778342652.140] [VERBOSE] [ApplicationLayer] [ApplicationLayer.checkAndParseTransportLayerDataPacket():1957]  This packet was delivered inside a reliable transport layer packet; checking the error code
    [1778342652.151] [VERBOSE] [PumpIO] [PumpIO.sendAppLayerPacket():2171]  Sending application layer packet via transport layer:  version: 0x10  service ID: COMMAND_MODE  command: CMD_READ_HISTORY_BLOCK  payload: 0 byte(s): 
    [1778342652.152] [VERBOSE] [TransportLayer] [TransportLayer$IO$sendInternal$2.invokeSuspend():1259]  Waiting for 8 ms until a packet can be sent
    [1778342652.173] [VERBOSE] [TransportLayer] [TransportLayer$IO.produceOutgoingPacket():1344]  About to produce outgoing packet from info: command: DATA  reliable: true  sequenceBitOverride: <not set>  payload: 4 byte(s): [10 b7 96 99]
    [1778342652.173] [VERBOSE] [TransportLayer] [TransportLayer$IO.produceOutgoingPacket():1350]  Authenticating outgoing packet
    [1778342652.173] [VERBOSE] [TransportLayer] [TransportLayer$IO$sendInternal$2$2.invokeSuspend():1259]  Sending transport layer packet: version: 0x10  command: DATA  sequence bit: false  reliability bit: true  address: 0x10  nonce: 0a 00 00 00 00 00 00 00 00 00 00 00 00  MAC: c4 f4 20 7f 5a e1 14 01  payload: 4 byte(s): [10 b7 96 99]
    [1778342652.174] [VERBOSE] [TransportLayer] [TransportLayer$IO.produceOutgoingPacket():1344]  About to produce outgoing packet from info: command: ACK_RESPONSE  reliable: false  sequenceBitOverride: true  payload: 0 byte(s): []
    [1778342652.174] [VERBOSE] [TransportLayer] [TransportLayer$IO.produceOutgoingPacket():1350]  Authenticating outgoing packet
    [1778342652.174] [VERBOSE] [TransportLayer] [TransportLayer$IO$sendInternal$2$2.invokeSuspend():1259]  Sending transport layer packet: version: 0x10  command: ACK_RESPONSE  sequence bit: true  reliability bit: false  address: 0x10  nonce: 0b 00 00 00 00 00 00 00 00 00 00 00 00  MAC: 98 8f 7c 0c 78 3c 02 7c  payload: 0 byte(s): []
    [1778342652.182] [VERBOSE] [TransportLayer] [TransportLayer$IO$sendInternal$2$2.invokeSuspend():1262]  Packet sent
    [1778342652.182] [VERBOSE] [PumpIO] [PumpIO$sendPacketWithResponse$4$1.invokeSuspend():2092]  Waiting for application layer CMD_READ_HISTORY_BLOCK_RESPONSE packet (will arrive in a transport layer DATA packet)
    [1778342652.183] [VERBOSE] [TransportLayer] [TransportLayer$IO.receive():1317]  Waiting for transport layer DATA packet
    [1778342652.183] [VERBOSE] [TransportLayer] [TransportLayer$IO.receive():1320]  Received packet: version: 0x10  command: DATA  sequence bit: true  reliability bit: true  address: 0x01  nonce: 0c 05 00 00 00 00 00 00 00 00 00 00 00  MAC: 2c c8 37 b3 e5 b7 7c c4  payload: 101 byte(s): [10 b7 96 a9 00 00 0b 00 48 b7 05 79 0e 93 54 05 00 00 00 05 00 0c 40 13 3b 01 00 9d 53 ad 0e 93 54 12 00 00 00 06 00 46 a5 15 3b 01 00 07 18 b6 0e 93 54 12 00 00 00 07 00 8c 73 17 3b 01 00 71 21 13 10 93 54 b1 00 0f 00 08 00 bb 78 1a 3b 01 00 fe aa d2 13 93 54 b1 00 0f 00 09 00 ce 68 1c 3b 01 00 64 e1]
    [1778342652.183] [VERBOSE] [ApplicationLayer] [ApplicationLayer.checkAndParseTransportLayerDataPacket():1951]  Parsing DATA packet as application layer packet
    [1778342652.184] [VERBOSE] [TransportLayer] [TransportLayer$IO$sendInternal$2$2.invokeSuspend():1262]  Packet sent
    [1778342652.184] [VERBOSE] [ApplicationLayer] [ApplicationLayer.checkAndParseTransportLayerDataPacket():1954]  This is an application layer packet with command CMD_READ_HISTORY_BLOCK_RESPONSE and payload 00 00 0b 00 48 b7 05 79 0e 93 54 05 00 00 00 05 00 0c 40 13 3b 01 00 9d 53 ad 0e 93 54 12 00 00 00 06 00 46 a5 15 3b 01 00 07 18 b6 0e 93 54 12 00 00 00 07 00 8c 73 17 3b 01 00 71 21 13 10 93 54 b1 00 0f 00 08 00 bb 78 1a 3b 01 00 fe aa d2 13 93 54 b1 00 0f 00 09 00 ce 68 1c 3b 01 00 64 e1
    [1778342652.184] [VERBOSE] [ApplicationLayer] [ApplicationLayer.checkAndParseTransportLayerDataPacket():1957]  This packet was delivered inside a reliable transport layer packet; checking the error code
    [1778342652.184] [DEBUG] [ApplicationLayer] [ApplicationLayer.parseCMDReadHistoryBlockResponsePacket():1903]  Parsing CMD_READ_HISTORY_BLOCK_RESPONSE packet
    [1778342652.184] [DEBUG] [ApplicationLayer] [ApplicationLayer.parseCMDReadHistoryBlockResponsePacket():1906]  Packet contains 5 history event(s)
    [1778342652.185] [DEBUG] [ApplicationLayer] [ApplicationLayer.parseCMDReadHistoryBlockResponsePacket():1909]  History block information:  num remaining events: 11  more events available: true  historyGap: false  number of events: 5
    [1778342652.185] [VERBOSE] [TransportLayer] [TransportLayer$IO.receiveAndPreprocessPacket():1326]  Incoming transport layer packet: version: 0x10  command: DATA  sequence bit: false  reliability bit: true  address: 0x01  nonce: 12 05 00 00 00 00 00 00 00 00 00 00 00  MAC: ae aa a7 3a bc 82 8c 15  payload: 6 byte(s): [10 b7 99 a9 00 00]
    [1778342652.185] [DEBUG] [ApplicationLayer] [ApplicationLayer.parseCMDReadHistoryBlockResponsePacket():1912]  Event #0:  timestamp 2021-02-09T16:57:57  event type ID 5  detail bytes CRC16 checksum 0x400c  event counter 80659  counter CRC16 checksum 0x539d  raw detail data bytes 05 00 00 00
    [1778342652.185] [DEBUG] [ApplicationLayer] [ApplicationLayer.parseCMDReadHistoryBlockResponsePacket():1915]  Detail info: got history event "quick bolus infused" with amount of 0.5 IU
    [1778342652.187] [DEBUG] [ApplicationLayer] [ApplicationLayer.parseCMDReadHistoryBlockResponsePacket():1912]  Event #1:  timestamp 2021-02-09T16:58:45  event type ID 6  detail bytes CRC16 checksum 0xa546  event counter 80661  counter CRC16 checksum 0x1807  raw detail data bytes 12 00 00 00
    [1778342652.191] [DEBUG] [ApplicationLayer] [ApplicationLayer.parseCMDReadHistoryBlockResponsePacket():1924]  Detail info: got history event "manual standard bolus requested" with amount of 1.8 IU
    [1778342652.191] [DEBUG] [ApplicationLayer] [ApplicationLayer.parseCMDReadHistoryBlockResponsePacket():1912]  Event #2:  timestamp 2021-02-09T16:58:54  event type ID 7  detail bytes CRC16 checksum 0x738c  event counter 80663  counter CRC16 checksum 0x2171  raw detail data bytes 12 00 00 00
    [1778342652.191] [DEBUG] [ApplicationLayer] [ApplicationLayer.parseCMDReadHistoryBlockResponsePacket():1924]  Detail info: got history event "manual standard bolus infused" with amount of 1.8 IU
    [1778342652.185] [VERBOSE] [TransportLayer] [TransportLayer$IO.receiveAndPreprocessPacket():1329]  Verifying incoming packet with pump-client cipher
    [1778342652.191] [DEBUG] [ApplicationLayer] [ApplicationLayer.parseCMDReadHistoryBlockResponsePacket():1912]  Event #3:  timestamp 2021-02-09T17:00:19  event type ID 8  detail bytes CRC16 checksum 0x78bb  event counter 80666  counter CRC16 checksum 0xaafe  raw detail data bytes b1 00 0f 00
    [1778342652.193] [VERBOSE] [TransportLayer] [TransportLayer$IO.receiveAndPreprocessPacket():1332]  Got a transport layer DATA packet with its reliability bit set; responding with ACK_RESPONSE packet; sequence bit: false
    [1778342652.193] [VERBOSE] [TransportLayer] [TransportLayer$IO$sendInternal$2.invokeSuspend():1259]  Waiting for 143 ms until a packet can be sent
    [1778342652.196] [DEBUG] [ApplicationLayer] [ApplicationLayer.parseCMDReadHistoryBlockResponsePacket():1918]  Detail info: got history event "manual extended bolus started" with total amount of 17.7 IU and total duration of 15 minutes
    [1778342652.197] [DEBUG] [ApplicationLayer] [ApplicationLayer.parseCMDReadHistoryBlockResponsePacket():1912]  Event #4:  timestamp 2021-02-09T17:15:18  event type ID 9  detail bytes CRC16 checksum 0x68ce  event counter 80668  counter CRC16 checksum 0xe164  raw detail data bytes b1 00 0f 00
    [1778342652.197] [DEBUG] [ApplicationLayer] [ApplicationLayer.parseCMDReadHistoryBlockResponsePacket():1918]  Detail info: got history event "manual extended bolus ended" with total amount of 17.7 IU and total duration of 15 minutes
    [1778342652.198] [VERBOSE] [PumpIO] [PumpIO.sendAppLayerPacket():2171]  Sending application layer packet via transport layer:  version: 0x10  service ID: COMMAND_MODE  command: CMD_CONFIRM_HISTORY_BLOCK  payload: 0 byte(s): 
    [1778342652.199] [VERBOSE] [TransportLayer] [TransportLayer$IO$sendInternal$2.invokeSuspend():1259]  Waiting for 137 ms until a packet can be sent
    [1778342652.341] [VERBOSE] [TransportLayer] [TransportLayer$IO.produceOutgoingPacket():1344]  About to produce outgoing packet from info: command: DATA  reliable: true  sequenceBitOverride: <not set>  payload: 4 byte(s): [10 b7 99 99]
    [1778342652.342] [VERBOSE] [TransportLayer] [TransportLayer$IO.produceOutgoingPacket():1350]  Authenticating outgoing packet
    [1778342652.342] [VERBOSE] [TransportLayer] [TransportLayer$IO$sendInternal$2$2.invokeSuspend():1259]  Sending transport layer packet: version: 0x10  command: DATA  sequence bit: true  reliability bit: true  address: 0x10  nonce: 0c 00 00 00 00 00 00 00 00 00 00 00 00  MAC: c0 58 1f 2d 1d 6b 1d d9  payload: 4 byte(s): [10 b7 99 99]
    [1778342652.343] [VERBOSE] [TransportLayer] [TransportLayer$IO.produceOutgoingPacket():1344]  About to produce outgoing packet from info: command: ACK_RESPONSE  reliable: false  sequenceBitOverride: false  payload: 0 byte(s): []
    [1778342652.343] [VERBOSE] [TransportLayer] [TransportLayer$IO.produceOutgoingPacket():1350]  Authenticating outgoing packet
    [1778342652.344] [VERBOSE] [TransportLayer] [TransportLayer$IO$sendInternal$2$2.invokeSuspend():1259]  Sending transport layer packet: version: 0x10  command: ACK_RESPONSE  sequence bit: false  reliability bit: false  address: 0x10  nonce: 0d 00 00 00 00 00 00 00 00 00 00 00 00  MAC: de d2 eb 1c 6f 74 b7 1a  payload: 0 byte(s): []
    [1778342652.345] [VERBOSE] [TransportLayer] [TransportLayer$IO$sendInternal$2$2.invokeSuspend():1262]  Packet sent
    [1778342652.345] [VERBOSE] [TransportLayer] [TransportLayer$IO$sendInternal$2$2.invokeSuspend():1262]  Packet sent
    [1778342652.345] [VERBOSE] [PumpIO] [PumpIO$sendPacketWithResponse$4$1.invokeSuspend():2092]  Waiting for application layer CMD_CONFIRM_HISTORY_BLOCK_RESPONSE packet (will arrive in a transport layer DATA packet)
    [1778342652.345] [VERBOSE] [TransportLayer] [TransportLayer$IO.receive():1317]  Waiting for transport layer DATA packet
    [1778342652.346] [VERBOSE] [TransportLayer] [TransportLayer$IO.receive():1320]  Received packet: version: 0x10  command: DATA  sequence bit: false  reliability bit: true  address: 0x01  nonce: 0e 05 00 00 00 00 00 00 00 00 00 00 00  MAC: e5 ab 11 6d fc 60 fb ee  payload: 6 byte(s): [10 b7 99 a9 00 00]
    [1778342652.346] [VERBOSE] [ApplicationLayer] [ApplicationLayer.checkAndParseTransportLayerDataPacket():1951]  Parsing DATA packet as application layer packet
    [1778342652.346] [VERBOSE] [TransportLayer] [TransportLayer$IO.receiveAndPreprocessPacket():1326]  Incoming transport layer packet: version: 0x10  command: DATA  sequence bit: true  reliability bit: true  address: 0x01  nonce: 14 05 00 00 00 00 00 00 00 00 00 00 00  MAC: 29 32 de 3c a0 80 33 d3  payload: 29 byte(s): [10 b7 96 a9 00 00 01 00 b7 b7 01 8f 30 93 54 14 00 00 00 05 00 57 b0 2d 3b 01 00 2d b1]
    [1778342652.346] [VERBOSE] [TransportLayer] [TransportLayer$IO.receiveAndPreprocessPacket():1329]  Verifying incoming packet with pump-client cipher
    [1778342652.346] [VERBOSE] [ApplicationLayer] [ApplicationLayer.checkAndParseTransportLayerDataPacket():1954]  This is an application layer packet with command CMD_CONFIRM_HISTORY_BLOCK_RESPONSE and payload 00 00
    [1778342652.347] [VERBOSE] [TransportLayer] [TransportLayer$IO.receiveAndPreprocessPacket():1332]  Got a transport layer DATA packet with its reliability bit set; responding with ACK_RESPONSE packet; sequence bit: true
    [1778342652.347] [VERBOSE] [ApplicationLayer] [ApplicationLayer.checkAndParseTransportLayerDataPacket():1957]  This packet was delivered inside a reliable transport layer packet; checking the error code
    [1778342652.347] [VERBOSE] [TransportLayer] [TransportLayer$IO$sendInternal$2.invokeSuspend():1259]  Waiting for 46 ms until a packet can be sent
    [1778342652.347] [VERBOSE] [PumpIO] [PumpIO.sendAppLayerPacket():2171]  Sending application layer packet via transport layer:  version: 0x10  service ID: COMMAND_MODE  command: CMD_READ_HISTORY_BLOCK  payload: 0 byte(s): 
    [1778342652.348] [VERBOSE] [TransportLayer] [TransportLayer$IO$sendInternal$2.invokeSuspend():1259]  Waiting for 45 ms until a packet can be sent
    [1778342652.408] [VERBOSE] [TransportLayer] [TransportLayer$IO.produceOutgoingPacket():1344]  About to produce outgoing packet from info: command: DATA  reliable: true  sequenceBitOverride: <not set>  payload: 4 byte(s): [10 b7 96 99]
    [1778342652.409] [VERBOSE] [TransportLayer] [TransportLayer$IO.produceOutgoingPacket():1350]  Authenticating outgoing packet
    [1778342652.409] [VERBOSE] [TransportLayer] [TransportLayer$IO$sendInternal$2$2.invokeSuspend():1259]  Sending transport layer packet: version: 0x10  command: DATA  sequence bit: false  reliability bit: true  address: 0x10  nonce: 0e 00 00 00 00 00 00 00 00 00 00 00 00  MAC: df 60 ab de 42 b4 9b 04  payload: 4 byte(s): [10 b7 96 99]
    [1778342652.410] [VERBOSE] [TransportLayer] [TransportLayer$IO.produceOutgoingPacket():1344]  About to produce outgoing packet from info: command: ACK_RESPONSE  reliable: false  sequenceBitOverride: true  payload: 0 byte(s): []
    [1778342652.410] [VERBOSE] [TransportLayer] [TransportLayer$IO.produceOutgoingPacket():1350]  Authenticating outgoing packet
    [1778342652.411] [VERBOSE] [TransportLayer] [TransportLayer$IO$sendInternal$2$2.invokeSuspend():1259]  Sending transport layer packet: version: 0x10  command: ACK_RESPONSE  sequence bit: true  reliability bit: false  address: 0x10  nonce: 0f 00 00 00 00 00 00 00 00 00 00 00 00  MAC: 2f e4 4b 89 06 ee 1e 5c  payload: 0 byte(s): []
    [1778342652.423] [VERBOSE] [TransportLayer] [TransportLayer$IO$sendInternal$2$2.invokeSuspend():1262]  Packet sent
    [1778342652.428] [VERBOSE] [TransportLayer] [TransportLayer$IO$sendInternal$2$2.invokeSuspend():1262]  Packet sent
    [1778342652.429] [VERBOSE] [PumpIO] [PumpIO$sendPacketWithResponse$4$1.invokeSuspend():2092]  Waiting for application layer CMD_READ_HISTORY_BLOCK_RESPONSE packet (will arrive in a transport layer DATA packet)
    [1778342652.429] [VERBOSE] [TransportLayer] [TransportLayer$IO.receive():1317]  Waiting for transport layer DATA packet
    [1778342652.430] [VERBOSE] [TransportLayer] [TransportLayer$IO.receive():1320]  Received packet: version: 0x10  command: DATA  sequence bit: true  reliability bit: true  address: 0x01  nonce: 10 05 00 00 00 00 00 00 00 00 00 00 00  MAC: 0e 32 37 19 b6 59 5a b1  payload: 101 byte(s): [10 b7 96 a9 00 00 06 00 48 b7 05 5f 15 93 54 c1 94 e0 01 0a 00 76 3b 1e 3b 01 00 12 d8 c8 1c 93 54 c1 94 e0 01 0b 00 c8 a4 20 3b 01 00 a2 3a 59 20 93 54 40 30 93 54 18 00 bb 0c 23 3b 01 00 6f 1f 40 30 93 54 00 00 00 00 19 00 2b 80 24 3b 01 00 4e 48 85 30 93 54 14 00 00 00 04 00 e8 98 2b 3b 01 00 b7 fa]
    [1778342652.430] [VERBOSE] [TransportLayer] [TransportLayer$IO.receiveAndPreprocessPacket():1326]  Incoming transport layer packet: version: 0x10  command: DATA  sequence bit: false  reliability bit: true  address: 0x01  nonce: 16 05 00 00 00 00 00 00 00 00 00 00 00  MAC: 15 63 a5 60 3d 75 ff fc  payload: 6 byte(s): [10 b7 99 a9 00 00]
    [1778342652.430] [VERBOSE] [TransportLayer] [TransportLayer$IO.receiveAndPreprocessPacket():1329]  Verifying incoming packet with pump-client cipher
    [1778342652.430] [VERBOSE] [TransportLayer] [TransportLayer$IO.receiveAndPreprocessPacket():1332]  Got a transport layer DATA packet with its reliability bit set; responding with ACK_RESPONSE packet; sequence bit: false
    [1778342652.431] [VERBOSE] [TransportLayer] [TransportLayer$IO$sendInternal$2.invokeSuspend():1259]  Waiting for 116 ms until a packet can be sent
    [1778342652.430] [VERBOSE] [ApplicationLayer] [ApplicationLayer.checkAndParseTransportLayerDataPacket():1951]  Parsing DATA packet as application layer packet
    [1778342652.432] [VERBOSE] [ApplicationLayer] [ApplicationLayer.checkAndParseTransportLayerDataPacket():1954]  This is an application layer packet with command CMD_READ_HISTORY_BLOCK_RESPONSE and payload 00 00 06 00 48 b7 05 5f 15 93 54 c1 94 e0 01 0a 00 76 3b 1e 3b 01 00 12 d8 c8 1c 93 54 c1 94 e0 01 0b 00 c8 a4 20 3b 01 00 a2 3a 59 20 93 54 40 30 93 54 18 00 bb 0c 23 3b 01 00 6f 1f 40 30 93 54 00 00 00 00 19 00 2b 80 24 3b 01 00 4e 48 85 30 93 54 14 00 00 00 04 00 e8 98 2b 3b 01 00 b7 fa
    [1778342652.432] [VERBOSE] [ApplicationLayer] [ApplicationLayer.checkAndParseTransportLayerDataPacket():1957]  This packet was delivered inside a reliable transport layer packet; checking the error code
    [1778342652.433] [DEBUG] [ApplicationLayer] [ApplicationLayer.parseCMDReadHistoryBlockResponsePacket():1903]  Parsing CMD_READ_HISTORY_BLOCK_RESPONSE packet
    [1778342652.436] [DEBUG] [ApplicationLayer] [ApplicationLayer.parseCMDReadHistoryBlockResponsePacket():1906]  Packet contains 5 history event(s)
    [1778342652.436] [DEBUG] [ApplicationLayer] [ApplicationLayer.parseCMDReadHistoryBlockResponsePacket():1909]  History block information:  num remaining events: 6  more events available: true  historyGap: false  number of events: 5
    [1778342652.436] [DEBUG] [ApplicationLayer] [ApplicationLayer.parseCMDReadHistoryBlockResponsePacket():1912]  Event #0:  timestamp 2021-02-09T17:21:31  event type ID 10  detail bytes CRC16 checksum 0x3b76  event counter 80670  counter CRC16 checksum 0xd812  raw detail data bytes c1 94 e0 01
    [1778342652.445] [DEBUG] [ApplicationLayer] [ApplicationLayer.parseCMDReadHistoryBlockResponsePacket():1921]  Detail info: got history event "manual multiwave bolus started" with total amount of 19.3 IU, immediate amount of 3.7 IU, and total duration of 30 minutes
    [1778342652.445] [DEBUG] [ApplicationLayer] [ApplicationLayer.parseCMDReadHistoryBlockResponsePacket():1912]  Event #1:  timestamp 2021-02-09T17:51:08  event type ID 11  detail bytes CRC16 checksum 0xa4c8  event counter 80672  counter CRC16 checksum 0x3aa2  raw detail data bytes c1 94 e0 01
    [1778342652.446] [DEBUG] [ApplicationLayer] [ApplicationLayer.parseCMDReadHistoryBlockResponsePacket():1921]  Detail info: got history event "manual multiwave bolus ended" with total amount of 19.3 IU, immediate amount of 3.7 IU, and total duration of 30 minutes
    [1778342652.450] [DEBUG] [ApplicationLayer] [ApplicationLayer.parseCMDReadHistoryBlockResponsePacket():1912]  Event #2:  timestamp 2021-02-09T18:01:25  event type ID 24  detail bytes CRC16 checksum 0x0cbb  event counter 80675  counter CRC16 checksum 0x1f6f  raw detail data bytes 40 30 93 54
    [1778342652.451] [DEBUG] [ApplicationLayer] [ApplicationLayer.parseCMDReadHistoryBlockResponsePacket():1927]  Detail info: got history event "new datetime set" with new datetime 2021-02-09T19:01
    [1778342652.452] [DEBUG] [ApplicationLayer] [ApplicationLayer.parseCMDReadHistoryBlockResponsePacket():1912]  Event #3:  timestamp 2021-02-09T19:01  event type ID 25  detail bytes CRC16 checksum 0x802b  event counter 80676  counter CRC16 checksum 0x484e  raw detail data bytes 00 00 00 00
    [1778342652.460] [DEBUG] [ApplicationLayer] [ApplicationLayer.parseCMDReadHistoryBlockResponsePacket():1930]  No detail info available: event type ID unrecognized; skipping this event
    [1778342652.460] [DEBUG] [ApplicationLayer] [ApplicationLayer.parseCMDReadHistoryBlockResponsePacket():1912]  Event #4:  timestamp 2021-02-09T19:02:05  event type ID 4  detail bytes CRC16 checksum 0x98e8  event counter 80683  counter CRC16 checksum 0xfab7  raw detail data bytes 14 00 00 00
    [1778342652.461] [DEBUG] [ApplicationLayer] [ApplicationLayer.parseCMDReadHistoryBlockResponsePacket():1915]  Detail info: got history event "quick bolus requested" with amount of 2.0 IU
    [1778342652.463] [VERBOSE] [PumpIO] [PumpIO.sendAppLayerPacket():2171]  Sending application layer packet via transport layer:  version: 0x10  service ID: COMMAND_MODE  command: CMD_CONFIRM_HISTORY_BLOCK  payload: 0 byte(s): 
    [1778342652.467] [VERBOSE] [TransportLayer] [TransportLayer$IO$sendInternal$2.invokeSuspend():1259]  Waiting for 81 ms until a packet can be sent
    [1778342652.562] [VERBOSE] [TransportLayer] [TransportLayer$IO.produceOutgoingPacket():1344]  About to produce outgoing packet from info: command: ACK_RESPONSE  reliable: false  sequenceBitOverride: false  payload: 0 byte(s): []
    [1778342652.563] [VERBOSE] [TransportLayer] [TransportLayer$IO.produceOutgoingPacket():1350]  Authenticating outgoing packet
    [1778342652.563] [VERBOSE] [TransportLayer] [TransportLayer$IO$sendInternal$2$2.invokeSuspend():1259]  Sending transport layer packet: version: 0x10  command: ACK_RESPONSE  sequence bit: false  reliability bit: false  address: 0x10  nonce: 10 00 00 00 00 00 00 00 00 00 00 00 00  MAC: ca b4 f2 35 28 92 a4 1d  payload: 0 byte(s): []
    [1778342652.563] [VERBOSE] [TransportLayer] [TransportLayer$IO.produceOutgoingPacket():1344]  About to produce outgoing packet from info: command: DATA  reliable: true  sequenceBitOverride: <not set>  payload: 4 byte(s): [10 b7 99 99]
    [1778342652.564] [VERBOSE] [TransportLayer] [TransportLayer$IO.produceOutgoingPacket():1350]  Authenticating outgoing packet
    [1778342652.564] [VERBOSE] [TransportLayer] [TransportLayer$IO$sendInternal$2$2.invokeSuspend():1259]  Sending transport layer packet: version: 0x10  command: DATA  sequence bit: true  reliability bit: true  address: 0x10  nonce: 11 00 00 00 00 00 00 00 00 00 00 00 00  MAC: da c2 bf 07 2c 75 92 94  payload: 4 byte(s): [10 b7 99 99]
    [1778342652.565] [VERBOSE] [TransportLayer] [TransportLayer$IO$sendInternal$2$2.invokeSuspend():1262]  Packet sent
    [1778342652.571] [VERBOSE] [TransportLayer] [TransportLayer$IO$sendInternal$2$2.invokeSuspend():1262]  Packet sent
    [1778342652.572] [VERBOSE] [PumpIO] [PumpIO$sendPacketWithResponse$4$1.invokeSuspend():2092]  Waiting for application layer CMD_CONFIRM_HISTORY_BLOCK_RESPONSE packet (will arrive in a transport layer DATA packet)
    [1778342652.572] [VERBOSE] [TransportLayer] [TransportLayer$IO.receive():1317]  Waiting for transport layer DATA packet
    [1778342652.573] [VERBOSE] [TransportLayer] [TransportLayer$IO.receive():1320]  Received packet: version: 0x10  command: DATA  sequence bit: false  reliability bit: true  address: 0x01  nonce: 12 05 00 00 00 00 00 00 00 00 00 00 00  MAC: ae aa a7 3a bc 82 8c 15  payload: 6 byte(s): [10 b7 99 a9 00 00]
    [1778342652.573] [VERBOSE] [ApplicationLayer] [ApplicationLayer.checkAndParseTransportLayerDataPacket():1951]  Parsing DATA packet as application layer packet
    [1778342652.573] [VERBOSE] [ApplicationLayer] [ApplicationLayer.checkAndParseTransportLayerDataPacket():1954]  This is an application layer packet with command CMD_CONFIRM_HISTORY_BLOCK_RESPONSE and payload 00 00
    [1778342652.573] [VERBOSE] [ApplicationLayer] [ApplicationLayer.checkAndParseTransportLayerDataPacket():1957]  This packet was delivered inside a reliable transport layer packet; checking the error code
    [1778342652.587] [VERBOSE] [PumpIO] [PumpIO.sendAppLayerPacket():2171]  Sending application layer packet via transport layer:  version: 0x10  service ID: COMMAND_MODE  command: CMD_READ_HISTORY_BLOCK  payload: 0 byte(s): 
    [1778342652.590] [VERBOSE] [TransportLayer] [TransportLayer$IO$sendInternal$2.invokeSuspend():1259]  Waiting for 76 ms until a packet can be sent
    [1778342652.683] [VERBOSE] [TransportLayer] [TransportLayer$IO.produceOutgoingPacket():1344]  About to produce outgoing packet from info: command: DATA  reliable: true  sequenceBitOverride: <not set>  payload: 4 byte(s): [10 b7 96 99]
    [1778342652.683] [VERBOSE] [TransportLayer] [TransportLayer$IO.produceOutgoingPacket():1350]  Authenticating outgoing packet
    [1778342652.683] [VERBOSE] [TransportLayer] [TransportLayer$IO$sendInternal$2$2.invokeSuspend():1259]  Sending transport layer packet: version: 0x10  command: DATA  sequence bit: false  reliability bit: true  address: 0x10  nonce: 12 00 00 00 00 00 00 00 00 00 00 00 00  MAC: 2c 90 31 dc f6 2a 3a 35  payload: 4 byte(s): [10 b7 96 99]
    [1778342652.685] [VERBOSE] [TransportLayer] [TransportLayer$IO$sendInternal$2$2.invokeSuspend():1262]  Packet sent
    [1778342652.685] [VERBOSE] [PumpIO] [PumpIO$sendPacketWithResponse$4$1.invokeSuspend():2092]  Waiting for application layer CMD_READ_HISTORY_BLOCK_RESPONSE packet (will arrive in a transport layer DATA packet)
    [1778342652.686] [VERBOSE] [TransportLayer] [TransportLayer$IO.receive():1317]  Waiting for transport layer DATA packet
    [1778342652.686] [VERBOSE] [TransportLayer] [TransportLayer$IO.receive():1320]  Received packet: version: 0x10  command: DATA  sequence bit: true  reliability bit: true  address: 0x01  nonce: 14 05 00 00 00 00 00 00 00 00 00 00 00  MAC: 29 32 de 3c a0 80 33 d3  payload: 29 byte(s): [10 b7 96 a9 00 00 01 00 b7 b7 01 8f 30 93 54 14 00 00 00 05 00 57 b0 2d 3b 01 00 2d b1]
    [1778342652.686] [VERBOSE] [ApplicationLayer] [ApplicationLayer.checkAndParseTransportLayerDataPacket():1951]  Parsing DATA packet as application layer packet
    [1778342652.686] [VERBOSE] [ApplicationLayer] [ApplicationLayer.checkAndParseTransportLayerDataPacket():1954]  This is an application layer packet with command CMD_READ_HISTORY_BLOCK_RESPONSE and payload 00 00 01 00 b7 b7 01 8f 30 93 54 14 00 00 00 05 00 57 b0 2d 3b 01 00 2d b1
    [1778342652.687] [VERBOSE] [ApplicationLayer] [ApplicationLayer.checkAndParseTransportLayerDataPacket():1957]  This packet was delivered inside a reliable transport layer packet; checking the error code
    [1778342652.687] [DEBUG] [ApplicationLayer] [ApplicationLayer.parseCMDReadHistoryBlockResponsePacket():1903]  Parsing CMD_READ_HISTORY_BLOCK_RESPONSE packet
    [1778342652.687] [DEBUG] [ApplicationLayer] [ApplicationLayer.parseCMDReadHistoryBlockResponsePacket():1906]  Packet contains 1 history event(s)
    [1778342652.687] [DEBUG] [ApplicationLayer] [ApplicationLayer.parseCMDReadHistoryBlockResponsePacket():1909]  History block information:  num remaining events: 1  more events available: false  historyGap: false  number of events: 1
    [1778342652.688] [DEBUG] [ApplicationLayer] [ApplicationLayer.parseCMDReadHistoryBlockResponsePacket():1912]  Event #0:  timestamp 2021-02-09T19:02:15  event type ID 5  detail bytes CRC16 checksum 0xb057  event counter 80685  counter CRC16 checksum 0xb12d  raw detail data bytes 14 00 00 00
    [1778342652.688] [DEBUG] [ApplicationLayer] [ApplicationLayer.parseCMDReadHistoryBlockResponsePacket():1915]  Detail info: got history event "quick bolus infused" with amount of 2.0 IU
    [1778342652.696] [VERBOSE] [PumpIO] [PumpIO.sendAppLayerPacket():2171]  Sending application layer packet via transport layer:  version: 0x10  service ID: COMMAND_MODE  command: CMD_CONFIRM_HISTORY_BLOCK  payload: 0 byte(s): 
    [1778342652.697] [VERBOSE] [TransportLayer] [TransportLayer$IO$sendInternal$2.invokeSuspend():1259]  Waiting for 93 ms until a packet can be sent
    [1778342652.813] [VERBOSE] [TransportLayer] [TransportLayer$IO.produceOutgoingPacket():1344]  About to produce outgoing packet from info: command: DATA  reliable: true  sequenceBitOverride: <not set>  payload: 4 byte(s): [10 b7 99 99]
    [1778342652.813] [VERBOSE] [TransportLayer] [TransportLayer$IO.produceOutgoingPacket():1350]  Authenticating outgoing packet
    [1778342652.813] [VERBOSE] [TransportLayer] [TransportLayer$IO$sendInternal$2$2.invokeSuspend():1259]  Sending transport layer packet: version: 0x10  command: DATA  sequence bit: true  reliability bit: true  address: 0x10  nonce: 13 00 00 00 00 00 00 00 00 00 00 00 00  MAC: 22 59 be 28 a9 c6 30 21  payload: 4 byte(s): [10 b7 99 99]
    [1778342652.870] [VERBOSE] [TransportLayer] [TransportLayer$IO$sendInternal$2$2.invokeSuspend():1262]  Packet sent
    [1778342652.871] [VERBOSE] [PumpIO] [PumpIO$sendPacketWithResponse$4$1.invokeSuspend():2092]  Waiting for application layer CMD_CONFIRM_HISTORY_BLOCK_RESPONSE packet (will arrive in a transport layer DATA packet)
    [1778342652.871] [VERBOSE] [TransportLayer] [TransportLayer$IO.receive():1317]  Waiting for transport layer DATA packet
    [1778342652.872] [VERBOSE] [TransportLayer] [TransportLayer$IO.receive():1320]  Received packet: version: 0x10  command: DATA  sequence bit: false  reliability bit: true  address: 0x01  nonce: 16 05 00 00 00 00 00 00 00 00 00 00 00  MAC: 15 63 a5 60 3d 75 ff fc  payload: 6 byte(s): [10 b7 99 a9 00 00]
    [1778342652.873] [VERBOSE] [ApplicationLayer] [ApplicationLayer.checkAndParseTransportLayerDataPacket():1951]  Parsing DATA packet as application layer packet
    [1778342652.873] [VERBOSE] [ApplicationLayer] [ApplicationLayer.checkAndParseTransportLayerDataPacket():1954]  This is an application layer packet with command CMD_CONFIRM_HISTORY_BLOCK_RESPONSE and payload 00 00
    [1778342652.873] [VERBOSE] [ApplicationLayer] [ApplicationLayer.checkAndParseTransportLayerDataPacket():1957]  This packet was delivered inside a reliable transport layer packet; checking the error code
    [1778342652.877] [VERBOSE] [PumpIO] [PumpIO.disconnect():2113]  Will send application layer disconnect packet:  version: 0x10  service ID: CONTROL  command: CTRL_DISCONNECT  payload: 2 byte(s): 03 00
    [1778342652.877] [VERBOSE] [TransportLayer] [TransportLayer$IO.produceOutgoingPacket():1344]  About to produce outgoing packet from info: command: DATA  reliable: true  sequenceBitOverride: <not set>  payload: 6 byte(s): [10 00 5a 00 03 00]
    [1778342652.878] [VERBOSE] [TransportLayer] [TransportLayer$IO.produceOutgoingPacket():1350]  Authenticating outgoing packet
    [1778342652.879] [VERBOSE] [TransportLayer] [TransportLayer$IO.stop():1263]  Sending transport layer packet: version: 0x10  command: DATA  sequence bit: false  reliability bit: true  address: 0x10  nonce: 14 00 00 00 00 00 00 00 00 00 00 00 00  MAC: da 40 68 0d b9 ec 0f 86  payload: 6 byte(s): [10 00 5a 00 03 00]
    [1778342652.881] [VERBOSE] [TransportLayer] [TransportLayer$IO.stop():1266]  Packet sent
    [1778342652.881] [DEBUG] [TransportLayer] [TransportLayer$IO.stop():1269]  Disconnecting device
    [1778342652.890] [DEBUG] [TransportLayer] [TransportLayer$IO.stop():1275]  Stopping packet receiver
    [1778342652.890] [DEBUG] [TransportLayer] [TransportLayer$IO.stop():1281]  Transport layer IO stopped
    [1778342652.891] [DEBUG] [PumpIO] [PumpIO.disconnect():2116]  Pump IO disconnected

PumpIOTest > cmdCMDReadErrorWarningStatus() STARTED

PumpIOTest > cmdCMDReadErrorWarningStatus() STANDARD_OUT
    [1778342652.921] [DEBUG] [PumpIO] [PumpIO.connect():2092]  Pump IO connecting asynchronously
    [1778342652.923] [DEBUG] [PumpIO] [PumpIO.connect():2095]  Sending regular connection request
    [1778342652.923] [VERBOSE] [TransportLayer] [TransportLayer$IO.receiveAndPreprocessPacket():1326]  Incoming transport layer packet: version: 0x10  command: REGULAR_CONNECTION_REQUEST_ACCEPTED  sequence bit: false  reliability bit: false  address: 0x01  nonce: 00 00 00 00 00 00 00 00 00 00 00 00 00  MAC: bb e6 32 2e c2 4c 97 3d  payload: 0 byte(s): []
    [1778342652.924] [VERBOSE] [TransportLayer] [TransportLayer$IO.receiveAndPreprocessPacket():1329]  Verifying incoming packet with pump-client cipher
    [1778342652.925] [VERBOSE] [TransportLayer] [TransportLayer$IO.produceOutgoingPacket():1344]  About to produce outgoing packet from info: command: REQUEST_REGULAR_CONNECTION  reliable: false  sequenceBitOverride: <not set>  payload: 0 byte(s): []
    [1778342652.925] [VERBOSE] [TransportLayer] [TransportLayer$IO.produceOutgoingPacket():1350]  Authenticating outgoing packet
    [1778342652.926] [VERBOSE] [TransportLayer] [TransportLayer$IO$sendInternal$2$2.invokeSuspend():1259]  Sending transport layer packet: version: 0x10  command: REQUEST_REGULAR_CONNECTION  sequence bit: false  reliability bit: false  address: 0x10  nonce: 01 00 00 00 00 00 00 00 00 00 00 00 00  MAC: cb fc de 15 77 0a 20 ad  payload: 0 byte(s): []
    [1778342652.928] [VERBOSE] [TransportLayer] [TransportLayer$IO$sendInternal$2$2.invokeSuspend():1262]  Packet sent
    [1778342652.929] [VERBOSE] [TransportLayer] [TransportLayer$IO.receiveAndPreprocessPacket():1326]  Incoming transport layer packet: version: 0x10  command: DATA  sequence bit: false  reliability bit: false  address: 0x01  nonce: 00 00 00 00 00 00 00 00 00 00 00 00 00  MAC: a8 c4 a6 00 e0 53 bd 93  payload: 4 byte(s): [10 00 55 a0]
    [1778342652.928] [VERBOSE] [TransportLayer] [TransportLayer$IO.receive():1317]  Waiting for transport layer REGULAR_CONNECTION_REQUEST_ACCEPTED packet
    [1778342652.929] [VERBOSE] [TransportLayer] [TransportLayer$IO.receiveAndPreprocessPacket():1329]  Verifying incoming packet with pump-client cipher
    [1778342652.929] [VERBOSE] [TransportLayer] [TransportLayer$IO.receive():1320]  Received packet: version: 0x10  command: REGULAR_CONNECTION_REQUEST_ACCEPTED  sequence bit: false  reliability bit: false  address: 0x01  nonce: 00 00 00 00 00 00 00 00 00 00 00 00 00  MAC: bb e6 32 2e c2 4c 97 3d  payload: 0 byte(s): []
    [1778342652.929] [DEBUG] [PumpIO] [PumpIO.connect():2107]  Initiating application layer connection
    [1778342652.930] [VERBOSE] [PumpIO] [PumpIO.sendAppLayerPacket():2171]  Sending application layer packet via transport layer:  version: 0x10  service ID: CONTROL  command: CTRL_CONNECT  payload: 4 byte(s): 39 30 00 00
    [1778342652.930] [VERBOSE] [TransportLayer] [TransportLayer$IO$sendInternal$2.invokeSuspend():1259]  Waiting for 195 ms until a packet can be sent
    [1778342652.938] [VERBOSE] [TransportLayer] [TransportLayer$IO.receiveAndPreprocessPacket():1326]  Incoming transport layer packet: version: 0x10  command: DATA  sequence bit: false  reliability bit: false  address: 0x01  nonce: 00 00 00 00 00 00 00 00 00 00 00 00 00  MAC: 40 2a 64 a9 46 e6 b0 04  payload: 9 byte(s): [10 00 66 a0 01 02 03 04 05]
    [1778342652.946] [VERBOSE] [TransportLayer] [TransportLayer$IO.receiveAndPreprocessPacket():1329]  Verifying incoming packet with pump-client cipher
    [1778342652.950] [DEBUG] [PumpIO] [PumpIO.processReceivedPacket():2177]  New service was activated; resetting RT sequence number
    [1778342653.148] [VERBOSE] [TransportLayer] [TransportLayer$IO.produceOutgoingPacket():1344]  About to produce outgoing packet from info: command: DATA  reliable: true  sequenceBitOverride: <not set>  payload: 8 byte(s): [10 00 55 90 39 30 00 00]
    [1778342653.148] [VERBOSE] [TransportLayer] [TransportLayer$IO.produceOutgoingPacket():1350]  Authenticating outgoing packet
    [1778342653.158] [VERBOSE] [TransportLayer] [TransportLayer$IO$sendInternal$2$2.invokeSuspend():1259]  Sending transport layer packet: version: 0x10  command: DATA  sequence bit: false  reliability bit: true  address: 0x10  nonce: 02 00 00 00 00 00 00 00 00 00 00 00 00  MAC: 4d 96 88 e0 14 98 98 50  payload: 8 byte(s): [10 00 55 90 39 30 00 00]
    [1778342653.191] [VERBOSE] [TransportLayer] [TransportLayer$IO$sendInternal$2$2.invokeSuspend():1262]  Packet sent
    [1778342653.195] [VERBOSE] [PumpIO] [PumpIO$sendPacketWithResponse$4$1.invokeSuspend():2092]  Waiting for application layer CTRL_CONNECT_RESPONSE packet (will arrive in a transport layer DATA packet)
    [1778342653.195] [VERBOSE] [TransportLayer] [TransportLayer$IO.receive():1317]  Waiting for transport layer DATA packet
    [1778342653.196] [VERBOSE] [TransportLayer] [TransportLayer$IO.receive():1320]  Received packet: version: 0x10  command: DATA  sequence bit: false  reliability bit: false  address: 0x01  nonce: 00 00 00 00 00 00 00 00 00 00 00 00 00  MAC: a8 c4 a6 00 e0 53 bd 93  payload: 4 byte(s): [10 00 55 a0]
    [1778342653.196] [VERBOSE] [ApplicationLayer] [ApplicationLayer.checkAndParseTransportLayerDataPacket():1951]  Parsing DATA packet as application layer packet
    [1778342653.196] [VERBOSE] [ApplicationLayer] [ApplicationLayer.checkAndParseTransportLayerDataPacket():1954]  This is an application layer packet with command CTRL_CONNECT_RESPONSE and payload 
    [1778342653.197] [DEBUG] [PumpIO] [PumpIO$switchMode$2.invokeSuspend():2093]  Switching mode from null to COMMAND
    [1778342653.197] [DEBUG] [PumpIO] [PumpIO$switchMode$2$3$1.invokeSuspend():2098]  Activating new service
    [1778342653.197] [VERBOSE] [PumpIO] [PumpIO.sendAppLayerPacket():2171]  Sending application layer packet via transport layer:  version: 0x10  service ID: CONTROL  command: CTRL_ACTIVATE_SERVICE  payload: 3 byte(s): b7 01 00
    [1778342653.198] [VERBOSE] [TransportLayer] [TransportLayer$IO.produceOutgoingPacket():1344]  About to produce outgoing packet from info: command: DATA  reliable: true  sequenceBitOverride: <not set>  payload: 7 byte(s): [10 00 66 90 b7 01 00]
    [1778342653.198] [VERBOSE] [TransportLayer] [TransportLayer$IO.produceOutgoingPacket():1350]  Authenticating outgoing packet
    [1778342653.198] [VERBOSE] [TransportLayer] [TransportLayer$IO$sendInternal$2$2.invokeSuspend():1259]  Sending transport layer packet: version: 0x10  command: DATA  sequence bit: true  reliability bit: true  address: 0x10  nonce: 03 00 00 00 00 00 00 00 00 00 00 00 00  MAC: 31 93 b3 d2 63 3a c8 60  payload: 7 byte(s): [10 00 66 90 b7 01 00]
    [1778342653.227] [VERBOSE] [TransportLayer] [TransportLayer$IO$sendInternal$2$2.invokeSuspend():1262]  Packet sent
    [1778342653.229] [DEBUG] [PumpIO] [PumpIO$switchMode$2$3$1.invokeSuspend():2101]  Sent CTRL_ACTIVATE packet; waiting for CTRL_ACTIVATE_SERVICE_RESPONSE packet
    [1778342653.235] [VERBOSE] [TransportLayer] [TransportLayer$IO.receive():1317]  Waiting for transport layer DATA packet
    [1778342653.235] [VERBOSE] [TransportLayer] [TransportLayer$IO.receive():1320]  Received packet: version: 0x10  command: DATA  sequence bit: false  reliability bit: false  address: 0x01  nonce: 00 00 00 00 00 00 00 00 00 00 00 00 00  MAC: 40 2a 64 a9 46 e6 b0 04  payload: 9 byte(s): [10 00 66 a0 01 02 03 04 05]
    [1778342653.235] [VERBOSE] [ApplicationLayer] [ApplicationLayer.checkAndParseTransportLayerDataPacket():1951]  Parsing DATA packet as application layer packet
    [1778342653.235] [VERBOSE] [ApplicationLayer] [ApplicationLayer.checkAndParseTransportLayerDataPacket():1954]  This is an application layer packet with command CTRL_ACTIVATE_SERVICE_RESPONSE and payload 01 02 03 04 05
    [1778342653.236] [INFO] [PumpIO] [PumpIO.connect():2110]  Pump IO connected
    [1778342653.237] [VERBOSE] [TransportLayer] [TransportLayer$IO.receiveAndPreprocessPacket():1326]  Incoming transport layer packet: version: 0x10  command: DATA  sequence bit: false  reliability bit: true  address: 0x01  nonce: 39 01 00 00 00 00 00 00 00 00 00 00 00  MAC: a0 ea 70 c3 d4 42 61 d7  payload: 8 byte(s): [10 b7 a5 aa 00 00 48 b7]
    [1778342653.237] [VERBOSE] [TransportLayer] [TransportLayer$IO.receiveAndPreprocessPacket():1329]  Verifying incoming packet with pump-client cipher
    [1778342653.237] [VERBOSE] [TransportLayer] [TransportLayer$IO.receiveAndPreprocessPacket():1332]  Got a transport layer DATA packet with its reliability bit set; responding with ACK_RESPONSE packet; sequence bit: false
    [1778342653.237] [VERBOSE] [TransportLayer] [TransportLayer$IO$sendInternal$2.invokeSuspend():1259]  Waiting for 161 ms until a packet can be sent
    [1778342653.245] [VERBOSE] [PumpIO] [PumpIO.sendAppLayerPacket():2171]  Sending application layer packet via transport layer:  version: 0x10  service ID: COMMAND_MODE  command: CMD_READ_ERROR_WARNING_STATUS  payload: 0 byte(s): 
    [1778342653.246] [VERBOSE] [TransportLayer] [TransportLayer$IO$sendInternal$2.invokeSuspend():1259]  Waiting for 152 ms until a packet can be sent
    [1778342653.410] [VERBOSE] [TransportLayer] [TransportLayer$IO.produceOutgoingPacket():1344]  About to produce outgoing packet from info: command: DATA  reliable: true  sequenceBitOverride: <not set>  payload: 4 byte(s): [10 b7 a5 9a]
    [1778342653.411] [VERBOSE] [TransportLayer] [TransportLayer$IO.produceOutgoingPacket():1350]  Authenticating outgoing packet
    [1778342653.411] [VERBOSE] [TransportLayer] [TransportLayer$IO$sendInternal$2$2.invokeSuspend():1259]  Sending transport layer packet: version: 0x10  command: DATA  sequence bit: false  reliability bit: true  address: 0x10  nonce: 04 00 00 00 00 00 00 00 00 00 00 00 00  MAC: e5 40 13 09 23 cb 43 8e  payload: 4 byte(s): [10 b7 a5 9a]
    [1778342653.411] [VERBOSE] [TransportLayer] [TransportLayer$IO.produceOutgoingPacket():1344]  About to produce outgoing packet from info: command: ACK_RESPONSE  reliable: false  sequenceBitOverride: false  payload: 0 byte(s): []
    [1778342653.411] [VERBOSE] [TransportLayer] [TransportLayer$IO.produceOutgoingPacket():1350]  Authenticating outgoing packet
    [1778342653.411] [VERBOSE] [TransportLayer] [TransportLayer$IO$sendInternal$2$2.invokeSuspend():1259]  Sending transport layer packet: version: 0x10  command: ACK_RESPONSE  sequence bit: false  reliability bit: false  address: 0x10  nonce: 05 00 00 00 00 00 00 00 00 00 00 00 00  MAC: 74 1b d4 46 21 f0 01 01  payload: 0 byte(s): []
    [1778342653.413] [VERBOSE] [TransportLayer] [TransportLayer$IO$sendInternal$2$2.invokeSuspend():1262]  Packet sent
    [1778342653.413] [VERBOSE] [PumpIO] [PumpIO$sendPacketWithResponse$4$1.invokeSuspend():2092]  Waiting for application layer CMD_READ_ERROR_WARNING_STATUS_RESPONSE packet (will arrive in a transport layer DATA packet)
    [1778342653.414] [VERBOSE] [TransportLayer] [TransportLayer$IO.receive():1317]  Waiting for transport layer DATA packet
    [1778342653.415] [VERBOSE] [TransportLayer] [TransportLayer$IO$sendInternal$2$2.invokeSuspend():1262]  Packet sent
    [1778342653.415] [VERBOSE] [TransportLayer] [TransportLayer$IO.receive():1320]  Received packet: version: 0x10  command: DATA  sequence bit: false  reliability bit: true  address: 0x01  nonce: 39 01 00 00 00 00 00 00 00 00 00 00 00  MAC: a0 ea 70 c3 d4 42 61 d7  payload: 8 byte(s): [10 b7 a5 aa 00 00 48 b7]
    [1778342653.416] [VERBOSE] [ApplicationLayer] [ApplicationLayer.checkAndParseTransportLayerDataPacket():1951]  Parsing DATA packet as application layer packet
    [1778342653.416] [VERBOSE] [ApplicationLayer] [ApplicationLayer.checkAndParseTransportLayerDataPacket():1954]  This is an application layer packet with command CMD_READ_ERROR_WARNING_STATUS_RESPONSE and payload 00 00 48 b7
    [1778342653.416] [VERBOSE] [ApplicationLayer] [ApplicationLayer.checkAndParseTransportLayerDataPacket():1957]  This packet was delivered inside a reliable transport layer packet; checking the error code
    [1778342653.416] [DEBUG] [ApplicationLayer] [ApplicationLayer.parseCMDReadErrorWarningStatusResponsePacket():1897]  Parsing CMD_READ_ERROR_WARNING_STATUS_RESPONSE packet
    [1778342653.425] [DEBUG] [ApplicationLayer] [ApplicationLayer.parseCMDReadErrorWarningStatusResponsePacket():1900]  Error/warning status: CMDErrorWarningStatus(errorOccurred=false, warningOccurred=true)
    [1778342653.425] [VERBOSE] [PumpIO] [PumpIO.disconnect():2113]  Will send application layer disconnect packet:  version: 0x10  service ID: CONTROL  command: CTRL_DISCONNECT  payload: 2 byte(s): 03 00
    [1778342653.425] [VERBOSE] [TransportLayer] [TransportLayer$IO.produceOutgoingPacket():1344]  About to produce outgoing packet from info: command: DATA  reliable: true  sequenceBitOverride: <not set>  payload: 6 byte(s): [10 00 5a 00 03 00]
    [1778342653.426] [VERBOSE] [TransportLayer] [TransportLayer$IO.produceOutgoingPacket():1350]  Authenticating outgoing packet
    [1778342653.426] [VERBOSE] [TransportLayer] [TransportLayer$IO.stop():1263]  Sending transport layer packet: version: 0x10  command: DATA  sequence bit: true  reliability bit: true  address: 0x10  nonce: 06 00 00 00 00 00 00 00 00 00 00 00 00  MAC: 22 ef 62 9d 3f a4 66 33  payload: 6 byte(s): [10 00 5a 00 03 00]
    [1778342653.428] [VERBOSE] [TransportLayer] [TransportLayer$IO.stop():1266]  Packet sent
    [1778342653.428] [DEBUG] [TransportLayer] [TransportLayer$IO.stop():1269]  Disconnecting device
    [1778342653.430] [DEBUG] [TransportLayer] [TransportLayer$IO.stop():1275]  Stopping packet receiver
    [1778342653.431] [DEBUG] [TransportLayer] [TransportLayer$IO.stop():1281]  Transport layer IO stopped
    [1778342653.431] [DEBUG] [PumpIO] [PumpIO.disconnect():2116]  Pump IO disconnected

PumpIOTest > checkDoubleLongButtonPress() STARTED

PumpIOTest > checkDoubleLongButtonPress() STANDARD_OUT
    [1778342653.449] [DEBUG] [PumpIO] [PumpIO.connect():2092]  Pump IO connecting asynchronously
    [1778342653.450] [DEBUG] [PumpIO] [PumpIO.connect():2095]  Sending regular connection request
    [1778342653.450] [VERBOSE] [TransportLayer] [TransportLayer$IO.produceOutgoingPacket():1344]  About to produce outgoing packet from info: command: REQUEST_REGULAR_CONNECTION  reliable: false  sequenceBitOverride: <not set>  payload: 0 byte(s): []
    [1778342653.451] [VERBOSE] [TransportLayer] [TransportLayer$IO.produceOutgoingPacket():1350]  Authenticating outgoing packet
    [1778342653.451] [VERBOSE] [TransportLayer] [TransportLayer$IO$sendInternal$2$2.invokeSuspend():1259]  Sending transport layer packet: version: 0x10  command: REQUEST_REGULAR_CONNECTION  sequence bit: false  reliability bit: false  address: 0x10  nonce: 01 00 00 00 00 00 00 00 00 00 00 00 00  MAC: 03 ed 16 8d fe 97 17 c4  payload: 0 byte(s): []
    [1778342653.452] [VERBOSE] [TransportLayer] [TransportLayer$IO.receiveAndPreprocessPacket():1326]  Incoming transport layer packet: version: 0x10  command: REGULAR_CONNECTION_REQUEST_ACCEPTED  sequence bit: false  reliability bit: false  address: 0x01  nonce: 00 00 00 00 00 00 00 00 00 00 00 00 00  MAC: 13 3d 8a 01 09 66 8d 5f  payload: 0 byte(s): []
    [1778342653.452] [VERBOSE] [TransportLayer] [TransportLayer$IO.receiveAndPreprocessPacket():1329]  Verifying incoming packet with pump-client cipher
    [1778342653.453] [VERBOSE] [TransportLayer] [TransportLayer$IO$sendInternal$2$2.invokeSuspend():1262]  Packet sent
    [1778342653.453] [VERBOSE] [TransportLayer] [TransportLayer$IO.receiveAndPreprocessPacket():1326]  Incoming transport layer packet: version: 0x10  command: DATA  sequence bit: false  reliability bit: false  address: 0x01  nonce: 00 00 00 00 00 00 00 00 00 00 00 00 00  MAC: 94 ac c5 04 61 eb b9 72  payload: 4 byte(s): [10 00 55 a0]
    [1778342653.453] [VERBOSE] [TransportLayer] [TransportLayer$IO.receiveAndPreprocessPacket():1329]  Verifying incoming packet with pump-client cipher
    [1778342653.454] [VERBOSE] [TransportLayer] [TransportLayer$IO.receive():1317]  Waiting for transport layer REGULAR_CONNECTION_REQUEST_ACCEPTED packet
    [1778342653.454] [VERBOSE] [TransportLayer] [TransportLayer$IO.receive():1320]  Received packet: version: 0x10  command: REGULAR_CONNECTION_REQUEST_ACCEPTED  sequence bit: false  reliability bit: false  address: 0x01  nonce: 00 00 00 00 00 00 00 00 00 00 00 00 00  MAC: 13 3d 8a 01 09 66 8d 5f  payload: 0 byte(s): []
    [1778342653.454] [DEBUG] [PumpIO] [PumpIO.connect():2107]  Initiating application layer connection
    [1778342653.455] [VERBOSE] [TransportLayer] [TransportLayer$IO.receiveAndPreprocessPacket():1326]  Incoming transport layer packet: version: 0x10  command: DATA  sequence bit: false  reliability bit: false  address: 0x01  nonce: 00 00 00 00 00 00 00 00 00 00 00 00 00  MAC: 7b 5d 48 a6 99 c5 4c 49  payload: 9 byte(s): [10 00 66 a0 01 02 03 04 05]
    [1778342653.455] [VERBOSE] [TransportLayer] [TransportLayer$IO.receiveAndPreprocessPacket():1329]  Verifying incoming packet with pump-client cipher
    [1778342653.455] [DEBUG] [PumpIO] [PumpIO.processReceivedPacket():2177]  New service was activated; resetting RT sequence number
    [1778342653.455] [VERBOSE] [PumpIO] [PumpIO.sendAppLayerPacket():2171]  Sending application layer packet via transport layer:  version: 0x10  service ID: CONTROL  command: CTRL_CONNECT  payload: 4 byte(s): 39 30 00 00
    [1778342653.455] [VERBOSE] [TransportLayer] [TransportLayer$IO$sendInternal$2.invokeSuspend():1259]  Waiting for 195 ms until a packet can be sent
    [1778342653.660] [VERBOSE] [TransportLayer] [TransportLayer$IO.produceOutgoingPacket():1344]  About to produce outgoing packet from info: command: DATA  reliable: true  sequenceBitOverride: <not set>  payload: 8 byte(s): [10 00 55 90 39 30 00 00]
    [1778342653.661] [VERBOSE] [TransportLayer] [TransportLayer$IO.produceOutgoingPacket():1350]  Authenticating outgoing packet
    [1778342653.661] [VERBOSE] [TransportLayer] [TransportLayer$IO$sendInternal$2$2.invokeSuspend():1259]  Sending transport layer packet: version: 0x10  command: DATA  sequence bit: false  reliability bit: true  address: 0x10  nonce: 02 00 00 00 00 00 00 00 00 00 00 00 00  MAC: 93 4c f7 6f 07 a0 e6 db  payload: 8 byte(s): [10 00 55 90 39 30 00 00]
    [1778342653.662] [VERBOSE] [TransportLayer] [TransportLayer$IO$sendInternal$2$2.invokeSuspend():1262]  Packet sent
    [1778342653.662] [VERBOSE] [PumpIO] [PumpIO$sendPacketWithResponse$4$1.invokeSuspend():2092]  Waiting for application layer CTRL_CONNECT_RESPONSE packet (will arrive in a transport layer DATA packet)
    [1778342653.662] [VERBOSE] [TransportLayer] [TransportLayer$IO.receive():1317]  Waiting for transport layer DATA packet
    [1778342653.663] [VERBOSE] [TransportLayer] [TransportLayer$IO.receive():1320]  Received packet: version: 0x10  command: DATA  sequence bit: false  reliability bit: false  address: 0x01  nonce: 00 00 00 00 00 00 00 00 00 00 00 00 00  MAC: 94 ac c5 04 61 eb b9 72  payload: 4 byte(s): [10 00 55 a0]
    [1778342653.663] [VERBOSE] [ApplicationLayer] [ApplicationLayer.checkAndParseTransportLayerDataPacket():1951]  Parsing DATA packet as application layer packet
    [1778342653.663] [VERBOSE] [ApplicationLayer] [ApplicationLayer.checkAndParseTransportLayerDataPacket():1954]  This is an application layer packet with command CTRL_CONNECT_RESPONSE and payload 
    [1778342653.663] [DEBUG] [PumpIO] [PumpIO$switchMode$2.invokeSuspend():2093]  Switching mode from null to REMOTE_TERMINAL
    [1778342653.664] [DEBUG] [PumpIO] [PumpIO$switchMode$2$3$1.invokeSuspend():2098]  Activating new service
    [1778342653.664] [VERBOSE] [PumpIO] [PumpIO.sendAppLayerPacket():2171]  Sending application layer packet via transport layer:  version: 0x10  service ID: CONTROL  command: CTRL_ACTIVATE_SERVICE  payload: 3 byte(s): 48 01 00
    [1778342653.664] [VERBOSE] [TransportLayer] [TransportLayer$IO.produceOutgoingPacket():1344]  About to produce outgoing packet from info: command: DATA  reliable: true  sequenceBitOverride: <not set>  payload: 7 byte(s): [10 00 66 90 48 01 00]
    [1778342653.664] [VERBOSE] [TransportLayer] [TransportLayer$IO.produceOutgoingPacket():1350]  Authenticating outgoing packet
    [1778342653.665] [VERBOSE] [TransportLayer] [TransportLayer$IO$sendInternal$2$2.invokeSuspend():1259]  Sending transport layer packet: version: 0x10  command: DATA  sequence bit: true  reliability bit: true  address: 0x10  nonce: 03 00 00 00 00 00 00 00 00 00 00 00 00  MAC: c8 a1 99 43 4c 57 34 5f  payload: 7 byte(s): [10 00 66 90 48 01 00]
    [1778342653.673] [VERBOSE] [TransportLayer] [TransportLayer$IO$sendInternal$2$2.invokeSuspend():1262]  Packet sent
    [1778342653.680] [DEBUG] [PumpIO] [PumpIO$switchMode$2$3$1.invokeSuspend():2101]  Sent CTRL_ACTIVATE packet; waiting for CTRL_ACTIVATE_SERVICE_RESPONSE packet
    [1778342653.680] [VERBOSE] [TransportLayer] [TransportLayer$IO.receive():1317]  Waiting for transport layer DATA packet
    [1778342653.680] [VERBOSE] [TransportLayer] [TransportLayer$IO.receive():1320]  Received packet: version: 0x10  command: DATA  sequence bit: false  reliability bit: false  address: 0x01  nonce: 00 00 00 00 00 00 00 00 00 00 00 00 00  MAC: 7b 5d 48 a6 99 c5 4c 49  payload: 9 byte(s): [10 00 66 a0 01 02 03 04 05]
    [1778342653.681] [VERBOSE] [ApplicationLayer] [ApplicationLayer.checkAndParseTransportLayerDataPacket():1951]  Parsing DATA packet as application layer packet
    [1778342653.681] [VERBOSE] [ApplicationLayer] [ApplicationLayer.checkAndParseTransportLayerDataPacket():1954]  This is an application layer packet with command CTRL_ACTIVATE_SERVICE_RESPONSE and payload 01 02 03 04 05
    [1778342653.681] [INFO] [PumpIO] [PumpIO.connect():2110]  Pump IO connected
    [1778342653.700] [DEBUG] [PumpIO] [PumpIO.startLongRTButtonPress():2120]  Long RT button press job already running; ignoring redundant call
    [1778342653.889] [DEBUG] [PumpIO] [PumpIO$issueLongRTButtonPressUpdate$3.invokeSuspend():2098]  Sending long RT button press; button(s) = UP status changed = true
    [1778342653.890] [VERBOSE] [PumpIO] [PumpIO.sendAppLayerPacket():2171]  Sending application layer packet via transport layer:  version: 0x10  service ID: RT_MODE  command: RT_BUTTON_STATUS  payload: 4 byte(s): 00 00 30 b7
    [1778342653.890] [VERBOSE] [PumpIO] [PumpIO.sendAppLayerPacket():2174]  Writing current RT sequence number 0 into packet
    [1778342653.890] [VERBOSE] [TransportLayer] [TransportLayer$IO.produceOutgoingPacket():1344]  About to produce outgoing packet from info: command: DATA  reliable: false  sequenceBitOverride: <not set>  payload: 8 byte(s): [10 48 65 05 00 00 30 b7]
    [1778342653.890] [VERBOSE] [TransportLayer] [TransportLayer$IO.produceOutgoingPacket():1350]  Authenticating outgoing packet
    [1778342653.928] [VERBOSE] [TransportLayer] [TransportLayer$IO$sendInternal$2$2.invokeSuspend():1259]  Sending transport layer packet: version: 0x10  command: DATA  sequence bit: false  reliability bit: false  address: 0x10  nonce: 04 00 00 00 00 00 00 00 00 00 00 00 00  MAC: 97 57 73 9d 5c e2 f2 6f  payload: 8 byte(s): [10 48 65 05 00 00 30 b7]
    [1778342653.929] [VERBOSE] [TransportLayer] [TransportLayer$IO$sendInternal$2$2.invokeSuspend():1262]  Packet sent
    [1778342653.934] [DEBUG] [PumpIO] [PumpIO$issueLongRTButtonPressUpdate$3.invokeSuspend():2101]  Waiting for button confirmation
    [1778342653.984] [VERBOSE] [TransportLayer] [TransportLayer$IO.receiveAndPreprocessPacket():1326]  Incoming transport layer packet: version: 0x10  command: DATA  sequence bit: false  reliability bit: false  address: 0x01  nonce: 00 00 00 00 00 00 00 00 00 00 00 00 00  MAC: 75 91 15 7b 84 4f 87 e9  payload: 6 byte(s): [10 48 56 05 00 00]
    [1778342653.984] [VERBOSE] [TransportLayer] [TransportLayer$IO.receiveAndPreprocessPacket():1329]  Verifying incoming packet with pump-client cipher
    [1778342653.984] [VERBOSE] [PumpIO] [PumpIO.processReceivedPacket():2180]  Got RT_BUTTON_CONFIRMATION packet from the Combo
    [1778342653.985] [DEBUG] [PumpIO] [PumpIO$issueLongRTButtonPressUpdate$3.invokeSuspend():2104]  Got button confirmation; canContinue = true
    [1778342653.985] [DEBUG] [PumpIO] [PumpIO$issueLongRTButtonPressUpdate$3.invokeSuspend():2092]  Aborting long RT button press flow
    [1778342653.985] [DEBUG] [PumpIO] [PumpIO$issueLongRTButtonPressUpdate$3.invokeSuspend():2107]  Ending long RT button press by sending NO_BUTTON
    [1778342653.987] [VERBOSE] [PumpIO] [PumpIO.sendAppLayerPacket():2171]  Sending application layer packet via transport layer:  version: 0x10  service ID: RT_MODE  command: RT_BUTTON_STATUS  payload: 4 byte(s): 00 00 00 b7
    [1778342653.988] [VERBOSE] [PumpIO] [PumpIO.sendAppLayerPacket():2174]  Writing current RT sequence number 1 into packet
    [1778342653.988] [VERBOSE] [TransportLayer] [TransportLayer$IO$sendInternal$2.invokeSuspend():1259]  Waiting for 102 ms until a packet can be sent
    [1778342654.114] [VERBOSE] [TransportLayer] [TransportLayer$IO.produceOutgoingPacket():1344]  About to produce outgoing packet from info: command: DATA  reliable: false  sequenceBitOverride: <not set>  payload: 8 byte(s): [10 48 65 05 01 00 00 b7]
    [1778342654.115] [VERBOSE] [TransportLayer] [TransportLayer$IO.produceOutgoingPacket():1350]  Authenticating outgoing packet
    [1778342654.115] [VERBOSE] [TransportLayer] [TransportLayer$IO$sendInternal$2$2.invokeSuspend():1259]  Sending transport layer packet: version: 0x10  command: DATA  sequence bit: false  reliability bit: false  address: 0x10  nonce: 05 00 00 00 00 00 00 00 00 00 00 00 00  MAC: fc aa 2d 03 43 ec 01 9f  payload: 8 byte(s): [10 48 65 05 01 00 00 b7]
    [1778342654.116] [VERBOSE] [TransportLayer] [TransportLayer$IO.receiveAndPreprocessPacket():1326]  Incoming transport layer packet: version: 0x10  command: DATA  sequence bit: false  reliability bit: false  address: 0x01  nonce: 00 00 00 00 00 00 00 00 00 00 00 00 00  MAC: 75 91 15 7b 84 4f 87 e9  payload: 6 byte(s): [10 48 56 05 00 00]
    [1778342654.117] [VERBOSE] [TransportLayer] [TransportLayer$IO.receiveAndPreprocessPacket():1329]  Verifying incoming packet with pump-client cipher
    [1778342654.117] [VERBOSE] [PumpIO] [PumpIO.processReceivedPacket():2180]  Got RT_BUTTON_CONFIRMATION packet from the Combo
    [1778342654.122] [VERBOSE] [TransportLayer] [TransportLayer$IO$sendInternal$2$2.invokeSuspend():1262]  Packet sent
    [1778342654.126] [VERBOSE] [PumpIO] [PumpIO.disconnect():2113]  Will send application layer disconnect packet:  version: 0x10  service ID: CONTROL  command: CTRL_DISCONNECT  payload: 2 byte(s): 03 00
    [1778342654.126] [VERBOSE] [TransportLayer] [TransportLayer$IO.produceOutgoingPacket():1344]  About to produce outgoing packet from info: command: DATA  reliable: true  sequenceBitOverride: <not set>  payload: 6 byte(s): [10 00 5a 00 03 00]
    [1778342654.127] [VERBOSE] [TransportLayer] [TransportLayer$IO.produceOutgoingPacket():1350]  Authenticating outgoing packet
    [1778342654.127] [VERBOSE] [TransportLayer] [TransportLayer$IO.stop():1263]  Sending transport layer packet: version: 0x10  command: DATA  sequence bit: false  reliability bit: true  address: 0x10  nonce: 06 00 00 00 00 00 00 00 00 00 00 00 00  MAC: c9 cb 46 c0 ad 20 b7 22  payload: 6 byte(s): [10 00 5a 00 03 00]
    [1778342654.153] [VERBOSE] [TransportLayer] [TransportLayer$IO.stop():1266]  Packet sent
    [1778342654.154] [DEBUG] [TransportLayer] [TransportLayer$IO.stop():1269]  Disconnecting device
    [1778342654.170] [DEBUG] [TransportLayer] [TransportLayer$IO.stop():1275]  Stopping packet receiver
    [1778342654.170] [DEBUG] [TransportLayer] [TransportLayer$IO.stop():1281]  Transport layer IO stopped
    [1778342654.170] [DEBUG] [PumpIO] [PumpIO.disconnect():2116]  Pump IO disconnected

PumpIOTest > checkUpDownLongRTButtonPress() STARTED

PumpIOTest > checkUpDownLongRTButtonPress() STANDARD_OUT
    [1778342654.187] [DEBUG] [PumpIO] [PumpIO.connect():2092]  Pump IO connecting asynchronously
    [1778342654.189] [DEBUG] [PumpIO] [PumpIO.connect():2095]  Sending regular connection request
    [1778342654.191] [VERBOSE] [TransportLayer] [TransportLayer$IO.produceOutgoingPacket():1344]  About to produce outgoing packet from info: command: REQUEST_REGULAR_CONNECTION  reliable: false  sequenceBitOverride: <not set>  payload: 0 byte(s): []
    [1778342654.192] [VERBOSE] [TransportLayer] [TransportLayer$IO.produceOutgoingPacket():1350]  Authenticating outgoing packet
    [1778342654.193] [VERBOSE] [TransportLayer] [TransportLayer$IO$sendInternal$2$2.invokeSuspend():1259]  Sending transport layer packet: version: 0x10  command: REQUEST_REGULAR_CONNECTION  sequence bit: false  reliability bit: false  address: 0x10  nonce: 01 00 00 00 00 00 00 00 00 00 00 00 00  MAC: 03 ed 16 8d fe 97 17 c4  payload: 0 byte(s): []
    [1778342654.196] [VERBOSE] [TransportLayer] [TransportLayer$IO.receiveAndPreprocessPacket():1326]  Incoming transport layer packet: version: 0x10  command: REGULAR_CONNECTION_REQUEST_ACCEPTED  sequence bit: false  reliability bit: false  address: 0x01  nonce: 00 00 00 00 00 00 00 00 00 00 00 00 00  MAC: 13 3d 8a 01 09 66 8d 5f  payload: 0 byte(s): []
    [1778342654.196] [VERBOSE] [TransportLayer] [TransportLayer$IO.receiveAndPreprocessPacket():1329]  Verifying incoming packet with pump-client cipher
    [1778342654.200] [VERBOSE] [TransportLayer] [TransportLayer$IO$sendInternal$2$2.invokeSuspend():1262]  Packet sent
    [1778342654.203] [VERBOSE] [TransportLayer] [TransportLayer$IO.receive():1317]  Waiting for transport layer REGULAR_CONNECTION_REQUEST_ACCEPTED packet
    [1778342654.204] [VERBOSE] [TransportLayer] [TransportLayer$IO.receive():1320]  Received packet: version: 0x10  command: REGULAR_CONNECTION_REQUEST_ACCEPTED  sequence bit: false  reliability bit: false  address: 0x01  nonce: 00 00 00 00 00 00 00 00 00 00 00 00 00  MAC: 13 3d 8a 01 09 66 8d 5f  payload: 0 byte(s): []
    [1778342654.204] [DEBUG] [PumpIO] [PumpIO.connect():2107]  Initiating application layer connection
    [1778342654.205] [VERBOSE] [PumpIO] [PumpIO.sendAppLayerPacket():2171]  Sending application layer packet via transport layer:  version: 0x10  service ID: CONTROL  command: CTRL_CONNECT  payload: 4 byte(s): 39 30 00 00
    [1778342654.207] [VERBOSE] [TransportLayer] [TransportLayer$IO.receiveAndPreprocessPacket():1326]  Incoming transport layer packet: version: 0x10  command: DATA  sequence bit: false  reliability bit: false  address: 0x01  nonce: 00 00 00 00 00 00 00 00 00 00 00 00 00  MAC: 94 ac c5 04 61 eb b9 72  payload: 4 byte(s): [10 00 55 a0]
    [1778342654.207] [VERBOSE] [TransportLayer] [TransportLayer$IO.receiveAndPreprocessPacket():1329]  Verifying incoming packet with pump-client cipher
    [1778342654.208] [VERBOSE] [TransportLayer] [TransportLayer$IO$sendInternal$2.invokeSuspend():1259]  Waiting for 183 ms until a packet can be sent
    [1778342654.255] [VERBOSE] [TransportLayer] [TransportLayer$IO.receiveAndPreprocessPacket():1326]  Incoming transport layer packet: version: 0x10  command: DATA  sequence bit: false  reliability bit: false  address: 0x01  nonce: 00 00 00 00 00 00 00 00 00 00 00 00 00  MAC: 7b 5d 48 a6 99 c5 4c 49  payload: 9 byte(s): [10 00 66 a0 01 02 03 04 05]
    [1778342654.256] [VERBOSE] [TransportLayer] [TransportLayer$IO.receiveAndPreprocessPacket():1329]  Verifying incoming packet with pump-client cipher
    [1778342654.258] [DEBUG] [PumpIO] [PumpIO.processReceivedPacket():2177]  New service was activated; resetting RT sequence number
    [1778342654.403] [VERBOSE] [TransportLayer] [TransportLayer$IO.produceOutgoingPacket():1344]  About to produce outgoing packet from info: command: DATA  reliable: true  sequenceBitOverride: <not set>  payload: 8 byte(s): [10 00 55 90 39 30 00 00]
    [1778342654.404] [VERBOSE] [TransportLayer] [TransportLayer$IO.produceOutgoingPacket():1350]  Authenticating outgoing packet
    [1778342654.404] [VERBOSE] [TransportLayer] [TransportLayer$IO$sendInternal$2$2.invokeSuspend():1259]  Sending transport layer packet: version: 0x10  command: DATA  sequence bit: false  reliability bit: true  address: 0x10  nonce: 02 00 00 00 00 00 00 00 00 00 00 00 00  MAC: 93 4c f7 6f 07 a0 e6 db  payload: 8 byte(s): [10 00 55 90 39 30 00 00]
    [1778342654.406] [VERBOSE] [TransportLayer] [TransportLayer$IO$sendInternal$2$2.invokeSuspend():1262]  Packet sent
    [1778342654.406] [VERBOSE] [PumpIO] [PumpIO$sendPacketWithResponse$4$1.invokeSuspend():2092]  Waiting for application layer CTRL_CONNECT_RESPONSE packet (will arrive in a transport layer DATA packet)
    [1778342654.406] [VERBOSE] [TransportLayer] [TransportLayer$IO.receive():1317]  Waiting for transport layer DATA packet
    [1778342654.406] [VERBOSE] [TransportLayer] [TransportLayer$IO.receive():1320]  Received packet: version: 0x10  command: DATA  sequence bit: false  reliability bit: false  address: 0x01  nonce: 00 00 00 00 00 00 00 00 00 00 00 00 00  MAC: 94 ac c5 04 61 eb b9 72  payload: 4 byte(s): [10 00 55 a0]
    [1778342654.406] [VERBOSE] [ApplicationLayer] [ApplicationLayer.checkAndParseTransportLayerDataPacket():1951]  Parsing DATA packet as application layer packet
    [1778342654.406] [VERBOSE] [ApplicationLayer] [ApplicationLayer.checkAndParseTransportLayerDataPacket():1954]  This is an application layer packet with command CTRL_CONNECT_RESPONSE and payload 
    [1778342654.407] [DEBUG] [PumpIO] [PumpIO$switchMode$2.invokeSuspend():2093]  Switching mode from null to REMOTE_TERMINAL
    [1778342654.407] [DEBUG] [PumpIO] [PumpIO$switchMode$2$3$1.invokeSuspend():2098]  Activating new service
    [1778342654.407] [VERBOSE] [PumpIO] [PumpIO.sendAppLayerPacket():2171]  Sending application layer packet via transport layer:  version: 0x10  service ID: CONTROL  command: CTRL_ACTIVATE_SERVICE  payload: 3 byte(s): 48 01 00
    [1778342654.408] [VERBOSE] [TransportLayer] [TransportLayer$IO.produceOutgoingPacket():1344]  About to produce outgoing packet from info: command: DATA  reliable: true  sequenceBitOverride: <not set>  payload: 7 byte(s): [10 00 66 90 48 01 00]
    [1778342654.408] [VERBOSE] [TransportLayer] [TransportLayer$IO.produceOutgoingPacket():1350]  Authenticating outgoing packet
    [1778342654.409] [VERBOSE] [TransportLayer] [TransportLayer$IO$sendInternal$2$2.invokeSuspend():1259]  Sending transport layer packet: version: 0x10  command: DATA  sequence bit: true  reliability bit: true  address: 0x10  nonce: 03 00 00 00 00 00 00 00 00 00 00 00 00  MAC: c8 a1 99 43 4c 57 34 5f  payload: 7 byte(s): [10 00 66 90 48 01 00]
    [1778342654.424] [VERBOSE] [TransportLayer] [TransportLayer$IO$sendInternal$2$2.invokeSuspend():1262]  Packet sent
    [1778342654.430] [DEBUG] [PumpIO] [PumpIO$switchMode$2$3$1.invokeSuspend():2101]  Sent CTRL_ACTIVATE packet; waiting for CTRL_ACTIVATE_SERVICE_RESPONSE packet
    [1778342654.431] [VERBOSE] [TransportLayer] [TransportLayer$IO.receive():1317]  Waiting for transport layer DATA packet
    [1778342654.431] [VERBOSE] [TransportLayer] [TransportLayer$IO.receive():1320]  Received packet: version: 0x10  command: DATA  sequence bit: false  reliability bit: false  address: 0x01  nonce: 00 00 00 00 00 00 00 00 00 00 00 00 00  MAC: 7b 5d 48 a6 99 c5 4c 49  payload: 9 byte(s): [10 00 66 a0 01 02 03 04 05]
    [1778342654.431] [VERBOSE] [ApplicationLayer] [ApplicationLayer.checkAndParseTransportLayerDataPacket():1951]  Parsing DATA packet as application layer packet
    [1778342654.432] [VERBOSE] [ApplicationLayer] [ApplicationLayer.checkAndParseTransportLayerDataPacket():1954]  This is an application layer packet with command CTRL_ACTIVATE_SERVICE_RESPONSE and payload 01 02 03 04 05
    [1778342654.432] [INFO] [PumpIO] [PumpIO.connect():2110]  Pump IO connected
    [1778342654.467] [DEBUG] [PumpIO] [PumpIO$issueLongRTButtonPressUpdate$3.invokeSuspend():2098]  Sending long RT button press; button(s) = UP status changed = true
    [1778342654.471] [VERBOSE] [PumpIO] [PumpIO.sendAppLayerPacket():2171]  Sending application layer packet via transport layer:  version: 0x10  service ID: RT_MODE  command: RT_BUTTON_STATUS  payload: 4 byte(s): 00 00 30 b7
    [1778342654.471] [VERBOSE] [PumpIO] [PumpIO.sendAppLayerPacket():2174]  Writing current RT sequence number 0 into packet
    [1778342654.471] [VERBOSE] [TransportLayer] [TransportLayer$IO$sendInternal$2.invokeSuspend():1259]  Waiting for 137 ms until a packet can be sent
    [1778342654.625] [VERBOSE] [TransportLayer] [TransportLayer$IO.produceOutgoingPacket():1344]  About to produce outgoing packet from info: command: DATA  reliable: false  sequenceBitOverride: <not set>  payload: 8 byte(s): [10 48 65 05 00 00 30 b7]
    [1778342654.626] [VERBOSE] [TransportLayer] [TransportLayer$IO.produceOutgoingPacket():1350]  Authenticating outgoing packet
    [1778342654.626] [VERBOSE] [TransportLayer] [TransportLayer$IO$sendInternal$2$2.invokeSuspend():1259]  Sending transport layer packet: version: 0x10  command: DATA  sequence bit: false  reliability bit: false  address: 0x10  nonce: 04 00 00 00 00 00 00 00 00 00 00 00 00  MAC: 97 57 73 9d 5c e2 f2 6f  payload: 8 byte(s): [10 48 65 05 00 00 30 b7]
    [1778342654.634] [VERBOSE] [TransportLayer] [TransportLayer$IO$sendInternal$2$2.invokeSuspend():1262]  Packet sent
    [1778342654.634] [VERBOSE] [TransportLayer] [TransportLayer$IO.receiveAndPreprocessPacket():1326]  Incoming transport layer packet: version: 0x10  command: DATA  sequence bit: false  reliability bit: false  address: 0x01  nonce: 00 00 00 00 00 00 00 00 00 00 00 00 00  MAC: 75 91 15 7b 84 4f 87 e9  payload: 6 byte(s): [10 48 56 05 00 00]
    [1778342654.634] [VERBOSE] [TransportLayer] [TransportLayer$IO.receiveAndPreprocessPacket():1329]  Verifying incoming packet with pump-client cipher
    [1778342654.635] [VERBOSE] [PumpIO] [PumpIO.processReceivedPacket():2180]  Got RT_BUTTON_CONFIRMATION packet from the Combo
    [1778342654.635] [DEBUG] [PumpIO] [PumpIO$issueLongRTButtonPressUpdate$3.invokeSuspend():2101]  Waiting for button confirmation
    [1778342654.635] [DEBUG] [PumpIO] [PumpIO$issueLongRTButtonPressUpdate$3.invokeSuspend():2104]  Got button confirmation; canContinue = true
    [1778342654.635] [DEBUG] [PumpIO] [PumpIO$issueLongRTButtonPressUpdate$3.invokeSuspend():2092]  Aborting long RT button press flow
    [1778342654.635] [DEBUG] [PumpIO] [PumpIO$issueLongRTButtonPressUpdate$3.invokeSuspend():2107]  Ending long RT button press by sending NO_BUTTON
    [1778342654.635] [VERBOSE] [PumpIO] [PumpIO.sendAppLayerPacket():2171]  Sending application layer packet via transport layer:  version: 0x10  service ID: RT_MODE  command: RT_BUTTON_STATUS  payload: 4 byte(s): 00 00 00 b7
    [1778342654.636] [VERBOSE] [PumpIO] [PumpIO.sendAppLayerPacket():2174]  Writing current RT sequence number 1 into packet
    [1778342654.636] [VERBOSE] [TransportLayer] [TransportLayer$IO$sendInternal$2.invokeSuspend():1259]  Waiting for 35 ms until a packet can be sent
    [1778342654.675] [VERBOSE] [TransportLayer] [TransportLayer$IO.produceOutgoingPacket():1344]  About to produce outgoing packet from info: command: DATA  reliable: false  sequenceBitOverride: <not set>  payload: 8 byte(s): [10 48 65 05 01 00 00 b7]
    [1778342654.676] [VERBOSE] [TransportLayer] [TransportLayer$IO.produceOutgoingPacket():1350]  Authenticating outgoing packet
    [1778342654.676] [VERBOSE] [TransportLayer] [TransportLayer$IO$sendInternal$2$2.invokeSuspend():1259]  Sending transport layer packet: version: 0x10  command: DATA  sequence bit: false  reliability bit: false  address: 0x10  nonce: 05 00 00 00 00 00 00 00 00 00 00 00 00  MAC: fc aa 2d 03 43 ec 01 9f  payload: 8 byte(s): [10 48 65 05 01 00 00 b7]
    [1778342654.677] [VERBOSE] [TransportLayer] [TransportLayer$IO$sendInternal$2$2.invokeSuspend():1262]  Packet sent
    [1778342654.678] [VERBOSE] [TransportLayer] [TransportLayer$IO.receiveAndPreprocessPacket():1326]  Incoming transport layer packet: version: 0x10  command: DATA  sequence bit: false  reliability bit: false  address: 0x01  nonce: 00 00 00 00 00 00 00 00 00 00 00 00 00  MAC: 75 91 15 7b 84 4f 87 e9  payload: 6 byte(s): [10 48 56 05 00 00]
    [1778342654.678] [VERBOSE] [TransportLayer] [TransportLayer$IO.receiveAndPreprocessPacket():1329]  Verifying incoming packet with pump-client cipher
    [1778342654.678] [VERBOSE] [PumpIO] [PumpIO.processReceivedPacket():2180]  Got RT_BUTTON_CONFIRMATION packet from the Combo
    [1778342654.678] [VERBOSE] [PumpIO] [PumpIO.disconnect():2113]  Will send application layer disconnect packet:  version: 0x10  service ID: CONTROL  command: CTRL_DISCONNECT  payload: 2 byte(s): 03 00
    [1778342654.678] [VERBOSE] [TransportLayer] [TransportLayer$IO.produceOutgoingPacket():1344]  About to produce outgoing packet from info: command: DATA  reliable: true  sequenceBitOverride: <not set>  payload: 6 byte(s): [10 00 5a 00 03 00]
    [1778342654.678] [VERBOSE] [TransportLayer] [TransportLayer$IO.produceOutgoingPacket():1350]  Authenticating outgoing packet
    [1778342654.679] [VERBOSE] [TransportLayer] [TransportLayer$IO.stop():1263]  Sending transport layer packet: version: 0x10  command: DATA  sequence bit: false  reliability bit: true  address: 0x10  nonce: 06 00 00 00 00 00 00 00 00 00 00 00 00  MAC: c9 cb 46 c0 ad 20 b7 22  payload: 6 byte(s): [10 00 5a 00 03 00]
    [1778342654.679] [VERBOSE] [TransportLayer] [TransportLayer$IO.stop():1266]  Packet sent
    [1778342654.680] [DEBUG] [TransportLayer] [TransportLayer$IO.stop():1269]  Disconnecting device
    [1778342654.682] [DEBUG] [TransportLayer] [TransportLayer$IO.stop():1275]  Stopping packet receiver
    [1778342654.683] [DEBUG] [TransportLayer] [TransportLayer$IO.stop():1281]  Transport layer IO stopped
    [1778342654.683] [DEBUG] [PumpIO] [PumpIO.disconnect():2116]  Pump IO disconnected
    [1778342654.687] [DEBUG] [PumpIO] [PumpIO.connect():2092]  Pump IO connecting asynchronously
    [1778342654.688] [DEBUG] [PumpIO] [PumpIO.connect():2095]  Sending regular connection request
    [1778342654.689] [VERBOSE] [TransportLayer] [TransportLayer$IO.produceOutgoingPacket():1344]  About to produce outgoing packet from info: command: REQUEST_REGULAR_CONNECTION  reliable: false  sequenceBitOverride: <not set>  payload: 0 byte(s): []
    [1778342654.692] [VERBOSE] [TransportLayer] [TransportLayer$IO.produceOutgoingPacket():1350]  Authenticating outgoing packet
    [1778342654.692] [VERBOSE] [TransportLayer] [TransportLayer$IO$sendInternal$2$2.invokeSuspend():1259]  Sending transport layer packet: version: 0x10  command: REQUEST_REGULAR_CONNECTION  sequence bit: false  reliability bit: false  address: 0x10  nonce: 07 00 00 00 00 00 00 00 00 00 00 00 00  MAC: e0 4d 5e ac c8 b8 c3 00  payload: 0 byte(s): []
    [1778342654.693] [VERBOSE] [TransportLayer] [TransportLayer$IO.receiveAndPreprocessPacket():1326]  Incoming transport layer packet: version: 0x10  command: REGULAR_CONNECTION_REQUEST_ACCEPTED  sequence bit: false  reliability bit: false  address: 0x01  nonce: 00 00 00 00 00 00 00 00 00 00 00 00 00  MAC: 13 3d 8a 01 09 66 8d 5f  payload: 0 byte(s): []
    [1778342654.693] [VERBOSE] [TransportLayer] [TransportLayer$IO.receiveAndPreprocessPacket():1329]  Verifying incoming packet with pump-client cipher
    [1778342654.694] [VERBOSE] [TransportLayer] [TransportLayer$IO.receiveAndPreprocessPacket():1326]  Incoming transport layer packet: version: 0x10  command: DATA  sequence bit: false  reliability bit: false  address: 0x01  nonce: 00 00 00 00 00 00 00 00 00 00 00 00 00  MAC: 94 ac c5 04 61 eb b9 72  payload: 4 byte(s): [10 00 55 a0]
    [1778342654.699] [VERBOSE] [TransportLayer] [TransportLayer$IO.receiveAndPreprocessPacket():1329]  Verifying incoming packet with pump-client cipher
    [1778342654.700] [VERBOSE] [TransportLayer] [TransportLayer$IO$sendInternal$2$2.invokeSuspend():1262]  Packet sent
    [1778342654.700] [VERBOSE] [TransportLayer] [TransportLayer$IO.receive():1317]  Waiting for transport layer REGULAR_CONNECTION_REQUEST_ACCEPTED packet
    [1778342654.700] [VERBOSE] [TransportLayer] [TransportLayer$IO.receive():1320]  Received packet: version: 0x10  command: REGULAR_CONNECTION_REQUEST_ACCEPTED  sequence bit: false  reliability bit: false  address: 0x01  nonce: 00 00 00 00 00 00 00 00 00 00 00 00 00  MAC: 13 3d 8a 01 09 66 8d 5f  payload: 0 byte(s): []
    [1778342654.701] [DEBUG] [PumpIO] [PumpIO.connect():2107]  Initiating application layer connection
    [1778342654.701] [VERBOSE] [PumpIO] [PumpIO.sendAppLayerPacket():2171]  Sending application layer packet via transport layer:  version: 0x10  service ID: CONTROL  command: CTRL_CONNECT  payload: 4 byte(s): 39 30 00 00
    [1778342654.701] [VERBOSE] [TransportLayer] [TransportLayer$IO.receiveAndPreprocessPacket():1326]  Incoming transport layer packet: version: 0x10  command: DATA  sequence bit: false  reliability bit: false  address: 0x01  nonce: 00 00 00 00 00 00 00 00 00 00 00 00 00  MAC: 7b 5d 48 a6 99 c5 4c 49  payload: 9 byte(s): [10 00 66 a0 01 02 03 04 05]
    [1778342654.702] [VERBOSE] [TransportLayer] [TransportLayer$IO.receiveAndPreprocessPacket():1329]  Verifying incoming packet with pump-client cipher
    [1778342654.702] [DEBUG] [PumpIO] [PumpIO.processReceivedPacket():2177]  New service was activated; resetting RT sequence number
    [1778342654.706] [VERBOSE] [TransportLayer] [TransportLayer$IO$sendInternal$2.invokeSuspend():1259]  Waiting for 183 ms until a packet can be sent
    [1778342654.891] [VERBOSE] [TransportLayer] [TransportLayer$IO.produceOutgoingPacket():1344]  About to produce outgoing packet from info: command: DATA  reliable: true  sequenceBitOverride: <not set>  payload: 8 byte(s): [10 00 55 90 39 30 00 00]
    [1778342654.892] [VERBOSE] [TransportLayer] [TransportLayer$IO.produceOutgoingPacket():1350]  Authenticating outgoing packet
    [1778342654.893] [VERBOSE] [TransportLayer] [TransportLayer$IO$sendInternal$2$2.invokeSuspend():1259]  Sending transport layer packet: version: 0x10  command: DATA  sequence bit: false  reliability bit: true  address: 0x10  nonce: 08 00 00 00 00 00 00 00 00 00 00 00 00  MAC: f1 de 5e 7a dc cf 1b 8c  payload: 8 byte(s): [10 00 55 90 39 30 00 00]
    [1778342654.906] [VERBOSE] [TransportLayer] [TransportLayer$IO$sendInternal$2$2.invokeSuspend():1262]  Packet sent
    [1778342654.906] [VERBOSE] [PumpIO] [PumpIO$sendPacketWithResponse$4$1.invokeSuspend():2092]  Waiting for application layer CTRL_CONNECT_RESPONSE packet (will arrive in a transport layer DATA packet)
    [1778342654.906] [VERBOSE] [TransportLayer] [TransportLayer$IO.receive():1317]  Waiting for transport layer DATA packet
    [1778342654.906] [VERBOSE] [TransportLayer] [TransportLayer$IO.receive():1320]  Received packet: version: 0x10  command: DATA  sequence bit: false  reliability bit: false  address: 0x01  nonce: 00 00 00 00 00 00 00 00 00 00 00 00 00  MAC: 94 ac c5 04 61 eb b9 72  payload: 4 byte(s): [10 00 55 a0]
    [1778342654.906] [VERBOSE] [ApplicationLayer] [ApplicationLayer.checkAndParseTransportLayerDataPacket():1951]  Parsing DATA packet as application layer packet
    [1778342654.907] [VERBOSE] [ApplicationLayer] [ApplicationLayer.checkAndParseTransportLayerDataPacket():1954]  This is an application layer packet with command CTRL_CONNECT_RESPONSE and payload 
    [1778342654.907] [DEBUG] [PumpIO] [PumpIO$switchMode$2.invokeSuspend():2093]  Switching mode from null to REMOTE_TERMINAL
    [1778342654.907] [DEBUG] [PumpIO] [PumpIO$switchMode$2$3$1.invokeSuspend():2098]  Activating new service
    [1778342654.908] [VERBOSE] [PumpIO] [PumpIO.sendAppLayerPacket():2171]  Sending application layer packet via transport layer:  version: 0x10  service ID: CONTROL  command: CTRL_ACTIVATE_SERVICE  payload: 3 byte(s): 48 01 00
    [1778342654.909] [VERBOSE] [TransportLayer] [TransportLayer$IO.produceOutgoingPacket():1344]  About to produce outgoing packet from info: command: DATA  reliable: true  sequenceBitOverride: <not set>  payload: 7 byte(s): [10 00 66 90 48 01 00]
    [1778342654.910] [VERBOSE] [TransportLayer] [TransportLayer$IO.produceOutgoingPacket():1350]  Authenticating outgoing packet
    [1778342654.910] [VERBOSE] [TransportLayer] [TransportLayer$IO$sendInternal$2$2.invokeSuspend():1259]  Sending transport layer packet: version: 0x10  command: DATA  sequence bit: true  reliability bit: true  address: 0x10  nonce: 09 00 00 00 00 00 00 00 00 00 00 00 00  MAC: 18 1e ef 87 c6 82 91 fd  payload: 7 byte(s): [10 00 66 90 48 01 00]
    [1778342654.913] [VERBOSE] [TransportLayer] [TransportLayer$IO$sendInternal$2$2.invokeSuspend():1262]  Packet sent
    [1778342654.913] [DEBUG] [PumpIO] [PumpIO$switchMode$2$3$1.invokeSuspend():2101]  Sent CTRL_ACTIVATE packet; waiting for CTRL_ACTIVATE_SERVICE_RESPONSE packet
    [1778342654.913] [VERBOSE] [TransportLayer] [TransportLayer$IO.receive():1317]  Waiting for transport layer DATA packet
    [1778342654.914] [VERBOSE] [TransportLayer] [TransportLayer$IO.receive():1320]  Received packet: version: 0x10  command: DATA  sequence bit: false  reliability bit: false  address: 0x01  nonce: 00 00 00 00 00 00 00 00 00 00 00 00 00  MAC: 7b 5d 48 a6 99 c5 4c 49  payload: 9 byte(s): [10 00 66 a0 01 02 03 04 05]
    [1778342654.914] [VERBOSE] [ApplicationLayer] [ApplicationLayer.checkAndParseTransportLayerDataPacket():1951]  Parsing DATA packet as application layer packet
    [1778342654.914] [VERBOSE] [ApplicationLayer] [ApplicationLayer.checkAndParseTransportLayerDataPacket():1954]  This is an application layer packet with command CTRL_ACTIVATE_SERVICE_RESPONSE and payload 01 02 03 04 05
    [1778342654.914] [INFO] [PumpIO] [PumpIO.connect():2110]  Pump IO connected
    [1778342654.915] [DEBUG] [PumpIO] [PumpIO$issueLongRTButtonPressUpdate$3.invokeSuspend():2098]  Sending long RT button press; button(s) = DOWN status changed = true
    [1778342654.916] [VERBOSE] [PumpIO] [PumpIO.sendAppLayerPacket():2171]  Sending application layer packet via transport layer:  version: 0x10  service ID: RT_MODE  command: RT_BUTTON_STATUS  payload: 4 byte(s): 00 00 c0 b7
    [1778342654.916] [VERBOSE] [PumpIO] [PumpIO.sendAppLayerPacket():2174]  Writing current RT sequence number 0 into packet
    [1778342654.916] [VERBOSE] [TransportLayer] [TransportLayer$IO$sendInternal$2.invokeSuspend():1259]  Waiting for 193 ms until a packet can be sent
    [1778342655.127] [VERBOSE] [TransportLayer] [TransportLayer$IO.produceOutgoingPacket():1344]  About to produce outgoing packet from info: command: DATA  reliable: false  sequenceBitOverride: <not set>  payload: 8 byte(s): [10 48 65 05 00 00 c0 b7]
    [1778342655.128] [VERBOSE] [TransportLayer] [TransportLayer$IO.produceOutgoingPacket():1350]  Authenticating outgoing packet
    [1778342655.128] [VERBOSE] [TransportLayer] [TransportLayer$IO$sendInternal$2$2.invokeSuspend():1259]  Sending transport layer packet: version: 0x10  command: DATA  sequence bit: false  reliability bit: false  address: 0x10  nonce: 0a 00 00 00 00 00 00 00 00 00 00 00 00  MAC: 2f c2 9f 76 59 15 58 b3  payload: 8 byte(s): [10 48 65 05 00 00 c0 b7]
    [1778342655.131] [VERBOSE] [TransportLayer] [TransportLayer$IO$sendInternal$2$2.invokeSuspend():1262]  Packet sent
    [1778342655.131] [DEBUG] [PumpIO] [PumpIO$issueLongRTButtonPressUpdate$3.invokeSuspend():2101]  Waiting for button confirmation
    [1778342655.132] [VERBOSE] [TransportLayer] [TransportLayer$IO.receiveAndPreprocessPacket():1326]  Incoming transport layer packet: version: 0x10  command: DATA  sequence bit: false  reliability bit: false  address: 0x01  nonce: 00 00 00 00 00 00 00 00 00 00 00 00 00  MAC: 75 91 15 7b 84 4f 87 e9  payload: 6 byte(s): [10 48 56 05 00 00]
    [1778342655.132] [VERBOSE] [TransportLayer] [TransportLayer$IO.receiveAndPreprocessPacket():1329]  Verifying incoming packet with pump-client cipher
    [1778342655.132] [VERBOSE] [PumpIO] [PumpIO.processReceivedPacket():2180]  Got RT_BUTTON_CONFIRMATION packet from the Combo
    [1778342655.133] [DEBUG] [PumpIO] [PumpIO$issueLongRTButtonPressUpdate$3.invokeSuspend():2104]  Got button confirmation; canContinue = true
    [1778342655.133] [DEBUG] [PumpIO] [PumpIO$issueLongRTButtonPressUpdate$3.invokeSuspend():2098]  Sending long RT button press; button(s) = DOWN status changed = false
    [1778342655.133] [VERBOSE] [PumpIO] [PumpIO.sendAppLayerPacket():2171]  Sending application layer packet via transport layer:  version: 0x10  service ID: RT_MODE  command: RT_BUTTON_STATUS  payload: 4 byte(s): 00 00 c0 48
    [1778342655.133] [VERBOSE] [PumpIO] [PumpIO.sendAppLayerPacket():2174]  Writing current RT sequence number 1 into packet
    [1778342655.133] [VERBOSE] [TransportLayer] [TransportLayer$IO.produceOutgoingPacket():1344]  About to produce outgoing packet from info: command: DATA  reliable: false  sequenceBitOverride: <not set>  payload: 8 byte(s): [10 48 65 05 01 00 c0 48]
    [1778342655.134] [VERBOSE] [TransportLayer] [TransportLayer$IO.produceOutgoingPacket():1350]  Authenticating outgoing packet
    [1778342655.134] [VERBOSE] [TransportLayer] [TransportLayer$IO$sendInternal$2$2.invokeSuspend():1259]  Sending transport layer packet: version: 0x10  command: DATA  sequence bit: false  reliability bit: false  address: 0x10  nonce: 0b 00 00 00 00 00 00 00 00 00 00 00 00  MAC: 77 1d ff df 3c 6c 01 3b  payload: 8 byte(s): [10 48 65 05 01 00 c0 48]
    [1778342655.136] [VERBOSE] [TransportLayer] [TransportLayer$IO$sendInternal$2$2.invokeSuspend():1262]  Packet sent
    [1778342655.136] [DEBUG] [PumpIO] [PumpIO$issueLongRTButtonPressUpdate$3.invokeSuspend():2101]  Waiting for button confirmation
    [1778342655.136] [VERBOSE] [TransportLayer] [TransportLayer$IO.receiveAndPreprocessPacket():1326]  Incoming transport layer packet: version: 0x10  command: DATA  sequence bit: false  reliability bit: false  address: 0x01  nonce: 00 00 00 00 00 00 00 00 00 00 00 00 00  MAC: 75 91 15 7b 84 4f 87 e9  payload: 6 byte(s): [10 48 56 05 00 00]
    [1778342655.137] [VERBOSE] [TransportLayer] [TransportLayer$IO.receiveAndPreprocessPacket():1329]  Verifying incoming packet with pump-client cipher
    [1778342655.137] [VERBOSE] [PumpIO] [PumpIO.processReceivedPacket():2180]  Got RT_BUTTON_CONFIRMATION packet from the Combo
    [1778342655.137] [DEBUG] [PumpIO] [PumpIO$issueLongRTButtonPressUpdate$3.invokeSuspend():2104]  Got button confirmation; canContinue = true
    [1778342655.137] [DEBUG] [PumpIO] [PumpIO$issueLongRTButtonPressUpdate$3.invokeSuspend():2098]  Sending long RT button press; button(s) = DOWN status changed = false
    [1778342655.138] [VERBOSE] [PumpIO] [PumpIO.sendAppLayerPacket():2171]  Sending application layer packet via transport layer:  version: 0x10  service ID: RT_MODE  command: RT_BUTTON_STATUS  payload: 4 byte(s): 00 00 c0 48
    [1778342655.138] [VERBOSE] [PumpIO] [PumpIO.sendAppLayerPacket():2174]  Writing current RT sequence number 2 into packet
    [1778342655.138] [VERBOSE] [TransportLayer] [TransportLayer$IO$sendInternal$2.invokeSuspend():1259]  Waiting for 195 ms until a packet can be sent
    [1778342655.335] [VERBOSE] [TransportLayer] [TransportLayer$IO.produceOutgoingPacket():1344]  About to produce outgoing packet from info: command: DATA  reliable: false  sequenceBitOverride: <not set>  payload: 8 byte(s): [10 48 65 05 02 00 c0 48]
    [1778342655.336] [VERBOSE] [TransportLayer] [TransportLayer$IO.produceOutgoingPacket():1350]  Authenticating outgoing packet
    [1778342655.336] [VERBOSE] [TransportLayer] [TransportLayer$IO$sendInternal$2$2.invokeSuspend():1259]  Sending transport layer packet: version: 0x10  command: DATA  sequence bit: false  reliability bit: false  address: 0x10  nonce: 0c 00 00 00 00 00 00 00 00 00 00 00 00  MAC: 42 12 5e 54 db f1 cc 81  payload: 8 byte(s): [10 48 65 05 02 00 c0 48]
    [1778342655.338] [VERBOSE] [TransportLayer] [TransportLayer$IO$sendInternal$2$2.invokeSuspend():1262]  Packet sent
    [1778342655.339] [VERBOSE] [TransportLayer] [TransportLayer$IO.receiveAndPreprocessPacket():1326]  Incoming transport layer packet: version: 0x10  command: DATA  sequence bit: false  reliability bit: false  address: 0x01  nonce: 00 00 00 00 00 00 00 00 00 00 00 00 00  MAC: 75 91 15 7b 84 4f 87 e9  payload: 6 byte(s): [10 48 56 05 00 00]
    [1778342655.339] [VERBOSE] [TransportLayer] [TransportLayer$IO.receiveAndPreprocessPacket():1329]  Verifying incoming packet with pump-client cipher
    [1778342655.339] [VERBOSE] [PumpIO] [PumpIO.processReceivedPacket():2180]  Got RT_BUTTON_CONFIRMATION packet from the Combo
    [1778342655.341] [DEBUG] [PumpIO] [PumpIO$issueLongRTButtonPressUpdate$3.invokeSuspend():2101]  Waiting for button confirmation
    [1778342655.341] [DEBUG] [PumpIO] [PumpIO$issueLongRTButtonPressUpdate$3.invokeSuspend():2104]  Got button confirmation; canContinue = true
    [1778342655.341] [DEBUG] [PumpIO] [PumpIO$issueLongRTButtonPressUpdate$3.invokeSuspend():2098]  Sending long RT button press; button(s) = DOWN status changed = false
    [1778342655.341] [VERBOSE] [PumpIO] [PumpIO.sendAppLayerPacket():2171]  Sending application layer packet via transport layer:  version: 0x10  service ID: RT_MODE  command: RT_BUTTON_STATUS  payload: 4 byte(s): 00 00 c0 48
    [1778342655.341] [VERBOSE] [PumpIO] [PumpIO.sendAppLayerPacket():2174]  Writing current RT sequence number 3 into packet
    [1778342655.342] [VERBOSE] [TransportLayer] [TransportLayer$IO.produceOutgoingPacket():1344]  About to produce outgoing packet from info: command: DATA  reliable: false  sequenceBitOverride: <not set>  payload: 8 byte(s): [10 48 65 05 03 00 c0 48]
    [1778342655.342] [VERBOSE] [TransportLayer] [TransportLayer$IO.produceOutgoingPacket():1350]  Authenticating outgoing packet
    [1778342655.346] [VERBOSE] [TransportLayer] [TransportLayer$IO$sendInternal$2$2.invokeSuspend():1259]  Sending transport layer packet: version: 0x10  command: DATA  sequence bit: false  reliability bit: false  address: 0x10  nonce: 0d 00 00 00 00 00 00 00 00 00 00 00 00  MAC: d8 7d 85 e7 0a d9 d1 bc  payload: 8 byte(s): [10 48 65 05 03 00 c0 48]
    [1778342655.351] [VERBOSE] [TransportLayer] [TransportLayer$IO$sendInternal$2$2.invokeSuspend():1262]  Packet sent
    [1778342655.351] [DEBUG] [PumpIO] [PumpIO$issueLongRTButtonPressUpdate$3.invokeSuspend():2101]  Waiting for button confirmation
    [1778342655.352] [VERBOSE] [TransportLayer] [TransportLayer$IO.receiveAndPreprocessPacket():1326]  Incoming transport layer packet: version: 0x10  command: DATA  sequence bit: false  reliability bit: false  address: 0x01  nonce: 00 00 00 00 00 00 00 00 00 00 00 00 00  MAC: 75 91 15 7b 84 4f 87 e9  payload: 6 byte(s): [10 48 56 05 00 00]
    [1778342655.352] [VERBOSE] [TransportLayer] [TransportLayer$IO.receiveAndPreprocessPacket():1329]  Verifying incoming packet with pump-client cipher
    [1778342655.356] [VERBOSE] [PumpIO] [PumpIO.processReceivedPacket():2180]  Got RT_BUTTON_CONFIRMATION packet from the Combo
    [1778342655.361] [DEBUG] [PumpIO] [PumpIO$issueLongRTButtonPressUpdate$3.invokeSuspend():2104]  Got button confirmation; canContinue = true
    [1778342655.361] [DEBUG] [PumpIO] [PumpIO$issueLongRTButtonPressUpdate$3.invokeSuspend():2098]  Sending long RT button press; button(s) = DOWN status changed = false
    [1778342655.361] [VERBOSE] [PumpIO] [PumpIO.sendAppLayerPacket():2171]  Sending application layer packet via transport layer:  version: 0x10  service ID: RT_MODE  command: RT_BUTTON_STATUS  payload: 4 byte(s): 00 00 c0 48
    [1778342655.362] [VERBOSE] [PumpIO] [PumpIO.sendAppLayerPacket():2174]  Writing current RT sequence number 4 into packet
    [1778342655.362] [VERBOSE] [TransportLayer] [TransportLayer$IO$sendInternal$2.invokeSuspend():1259]  Waiting for 180 ms until a packet can be sent
    [1778342655.425] [DEBUG] [PumpIO] [PumpIO.issueLongRTButtonPressUpdate():2219]  Releasing RTs button(s) DOWN
    [1778342655.552] [VERBOSE] [TransportLayer] [TransportLayer$IO.produceOutgoingPacket():1344]  About to produce outgoing packet from info: command: DATA  reliable: false  sequenceBitOverride: <not set>  payload: 8 byte(s): [10 48 65 05 04 00 c0 48]
    [1778342655.552] [VERBOSE] [TransportLayer] [TransportLayer$IO.produceOutgoingPacket():1350]  Authenticating outgoing packet
    [1778342655.553] [VERBOSE] [TransportLayer] [TransportLayer$IO$sendInternal$2$2.invokeSuspend():1259]  Sending transport layer packet: version: 0x10  command: DATA  sequence bit: false  reliability bit: false  address: 0x10  nonce: 0e 00 00 00 00 00 00 00 00 00 00 00 00  MAC: 9e 68 ae 17 15 fb 2c cf  payload: 8 byte(s): [10 48 65 05 04 00 c0 48]
    [1778342655.554] [VERBOSE] [TransportLayer] [TransportLayer$IO$sendInternal$2$2.invokeSuspend():1262]  Packet sent
    [1778342655.554] [DEBUG] [PumpIO] [PumpIO$issueLongRTButtonPressUpdate$3.invokeSuspend():2101]  Waiting for button confirmation
    [1778342655.559] [VERBOSE] [TransportLayer] [TransportLayer$IO.receiveAndPreprocessPacket():1326]  Incoming transport layer packet: version: 0x10  command: DATA  sequence bit: false  reliability bit: false  address: 0x01  nonce: 00 00 00 00 00 00 00 00 00 00 00 00 00  MAC: 75 91 15 7b 84 4f 87 e9  payload: 6 byte(s): [10 48 56 05 00 00]
    [1778342655.559] [VERBOSE] [TransportLayer] [TransportLayer$IO.receiveAndPreprocessPacket():1329]  Verifying incoming packet with pump-client cipher
    [1778342655.560] [VERBOSE] [PumpIO] [PumpIO.processReceivedPacket():2180]  Got RT_BUTTON_CONFIRMATION packet from the Combo
    [1778342655.560] [DEBUG] [PumpIO] [PumpIO$issueLongRTButtonPressUpdate$3.invokeSuspend():2104]  Got button confirmation; canContinue = true
    [1778342655.560] [DEBUG] [PumpIO] [PumpIO$issueLongRTButtonPressUpdate$3.invokeSuspend():2107]  Ending long RT button press by sending NO_BUTTON
    [1778342655.561] [VERBOSE] [PumpIO] [PumpIO.sendAppLayerPacket():2171]  Sending application layer packet via transport layer:  version: 0x10  service ID: RT_MODE  command: RT_BUTTON_STATUS  payload: 4 byte(s): 00 00 00 b7
    [1778342655.561] [VERBOSE] [PumpIO] [PumpIO.sendAppLayerPacket():2174]  Writing current RT sequence number 5 into packet
    [1778342655.561] [VERBOSE] [TransportLayer] [TransportLayer$IO$sendInternal$2.invokeSuspend():1259]  Waiting for 1 ms until a packet can be sent
    [1778342655.571] [VERBOSE] [TransportLayer] [TransportLayer$IO.produceOutgoingPacket():1344]  About to produce outgoing packet from info: command: DATA  reliable: false  sequenceBitOverride: <not set>  payload: 8 byte(s): [10 48 65 05 05 00 00 b7]
    [1778342655.571] [VERBOSE] [TransportLayer] [TransportLayer$IO.produceOutgoingPacket():1350]  Authenticating outgoing packet
    [1778342655.571] [VERBOSE] [TransportLayer] [TransportLayer$IO$sendInternal$2$2.invokeSuspend():1259]  Sending transport layer packet: version: 0x10  command: DATA  sequence bit: false  reliability bit: false  address: 0x10  nonce: 0f 00 00 00 00 00 00 00 00 00 00 00 00  MAC: 0b 2c e9 c4 96 06 93 2a  payload: 8 byte(s): [10 48 65 05 05 00 00 b7]
    [1778342655.573] [VERBOSE] [TransportLayer] [TransportLayer$IO$sendInternal$2$2.invokeSuspend():1262]  Packet sent
    [1778342655.579] [VERBOSE] [TransportLayer] [TransportLayer$IO.receiveAndPreprocessPacket():1326]  Incoming transport layer packet: version: 0x10  command: DATA  sequence bit: false  reliability bit: false  address: 0x01  nonce: 00 00 00 00 00 00 00 00 00 00 00 00 00  MAC: 75 91 15 7b 84 4f 87 e9  payload: 6 byte(s): [10 48 56 05 00 00]
    [1778342655.580] [VERBOSE] [TransportLayer] [TransportLayer$IO.receiveAndPreprocessPacket():1329]  Verifying incoming packet with pump-client cipher
    [1778342655.580] [VERBOSE] [PumpIO] [PumpIO.processReceivedPacket():2180]  Got RT_BUTTON_CONFIRMATION packet from the Combo
    [1778342656.077] [VERBOSE] [PumpIO] [PumpIO.disconnect():2113]  Will send application layer disconnect packet:  version: 0x10  service ID: CONTROL  command: CTRL_DISCONNECT  payload: 2 byte(s): 03 00
    [1778342656.077] [VERBOSE] [TransportLayer] [TransportLayer$IO.produceOutgoingPacket():1344]  About to produce outgoing packet from info: command: DATA  reliable: true  sequenceBitOverride: <not set>  payload: 6 byte(s): [10 00 5a 00 03 00]
    [1778342656.077] [VERBOSE] [TransportLayer] [TransportLayer$IO.produceOutgoingPacket():1350]  Authenticating outgoing packet
    [1778342656.078] [VERBOSE] [TransportLayer] [TransportLayer$IO.stop():1263]  Sending transport layer packet: version: 0x10  command: DATA  sequence bit: false  reliability bit: true  address: 0x10  nonce: 10 00 00 00 00 00 00 00 00 00 00 00 00  MAC: 12 ac c6 59 e2 d0 dd fe  payload: 6 byte(s): [10 00 5a 00 03 00]
    [1778342656.079] [VERBOSE] [TransportLayer] [TransportLayer$IO.stop():1266]  Packet sent
    [1778342656.079] [DEBUG] [TransportLayer] [TransportLayer$IO.stop():1269]  Disconnecting device
    [1778342656.084] [DEBUG] [TransportLayer] [TransportLayer$IO.stop():1275]  Stopping packet receiver
    [1778342656.084] [DEBUG] [TransportLayer] [TransportLayer$IO.stop():1281]  Transport layer IO stopped
    [1778342656.085] [DEBUG] [PumpIO] [PumpIO.disconnect():2116]  Pump IO disconnected

PumpIOTest > checkShortButtonPress() STARTED

PumpIOTest > checkShortButtonPress() STANDARD_OUT
    [1778342656.115] [DEBUG] [PumpIO] [PumpIO.connect():2092]  Pump IO connecting asynchronously
    [1778342656.116] [DEBUG] [PumpIO] [PumpIO.connect():2095]  Sending regular connection request
    [1778342656.117] [VERBOSE] [TransportLayer] [TransportLayer$IO.produceOutgoingPacket():1344]  About to produce outgoing packet from info: command: REQUEST_REGULAR_CONNECTION  reliable: false  sequenceBitOverride: <not set>  payload: 0 byte(s): []
    [1778342656.117] [VERBOSE] [TransportLayer] [TransportLayer$IO.produceOutgoingPacket():1350]  Authenticating outgoing packet
    [1778342656.117] [VERBOSE] [TransportLayer] [TransportLayer$IO$sendInternal$2$2.invokeSuspend():1259]  Sending transport layer packet: version: 0x10  command: REQUEST_REGULAR_CONNECTION  sequence bit: false  reliability bit: false  address: 0x10  nonce: 01 00 00 00 00 00 00 00 00 00 00 00 00  MAC: 03 ed 16 8d fe 97 17 c4  payload: 0 byte(s): []
    [1778342656.118] [VERBOSE] [TransportLayer] [TransportLayer$IO.receiveAndPreprocessPacket():1326]  Incoming transport layer packet: version: 0x10  command: REGULAR_CONNECTION_REQUEST_ACCEPTED  sequence bit: false  reliability bit: false  address: 0x01  nonce: 00 00 00 00 00 00 00 00 00 00 00 00 00  MAC: 13 3d 8a 01 09 66 8d 5f  payload: 0 byte(s): []
    [1778342656.118] [VERBOSE] [TransportLayer] [TransportLayer$IO.receiveAndPreprocessPacket():1329]  Verifying incoming packet with pump-client cipher
    [1778342656.118] [VERBOSE] [TransportLayer] [TransportLayer$IO.receiveAndPreprocessPacket():1326]  Incoming transport layer packet: version: 0x10  command: DATA  sequence bit: false  reliability bit: false  address: 0x01  nonce: 00 00 00 00 00 00 00 00 00 00 00 00 00  MAC: 94 ac c5 04 61 eb b9 72  payload: 4 byte(s): [10 00 55 a0]
    [1778342656.119] [VERBOSE] [TransportLayer] [TransportLayer$IO.receiveAndPreprocessPacket():1329]  Verifying incoming packet with pump-client cipher
    [1778342656.119] [VERBOSE] [TransportLayer] [TransportLayer$IO$sendInternal$2$2.invokeSuspend():1262]  Packet sent
    [1778342656.121] [VERBOSE] [TransportLayer] [TransportLayer$IO.receiveAndPreprocessPacket():1326]  Incoming transport layer packet: version: 0x10  command: DATA  sequence bit: false  reliability bit: false  address: 0x01  nonce: 00 00 00 00 00 00 00 00 00 00 00 00 00  MAC: 7b 5d 48 a6 99 c5 4c 49  payload: 9 byte(s): [10 00 66 a0 01 02 03 04 05]
    [1778342656.121] [VERBOSE] [TransportLayer] [TransportLayer$IO.receiveAndPreprocessPacket():1329]  Verifying incoming packet with pump-client cipher
    [1778342656.121] [DEBUG] [PumpIO] [PumpIO.processReceivedPacket():2177]  New service was activated; resetting RT sequence number
    [1778342656.132] [VERBOSE] [TransportLayer] [TransportLayer$IO.receive():1317]  Waiting for transport layer REGULAR_CONNECTION_REQUEST_ACCEPTED packet
    [1778342656.132] [VERBOSE] [TransportLayer] [TransportLayer$IO.receive():1320]  Received packet: version: 0x10  command: REGULAR_CONNECTION_REQUEST_ACCEPTED  sequence bit: false  reliability bit: false  address: 0x01  nonce: 00 00 00 00 00 00 00 00 00 00 00 00 00  MAC: 13 3d 8a 01 09 66 8d 5f  payload: 0 byte(s): []
    [1778342656.133] [DEBUG] [PumpIO] [PumpIO.connect():2107]  Initiating application layer connection
    [1778342656.133] [VERBOSE] [PumpIO] [PumpIO.sendAppLayerPacket():2171]  Sending application layer packet via transport layer:  version: 0x10  service ID: CONTROL  command: CTRL_CONNECT  payload: 4 byte(s): 39 30 00 00
    [1778342656.147] [VERBOSE] [TransportLayer] [TransportLayer$IO$sendInternal$2.invokeSuspend():1259]  Waiting for 169 ms until a packet can be sent
    [1778342656.321] [VERBOSE] [TransportLayer] [TransportLayer$IO.produceOutgoingPacket():1344]  About to produce outgoing packet from info: command: DATA  reliable: true  sequenceBitOverride: <not set>  payload: 8 byte(s): [10 00 55 90 39 30 00 00]
    [1778342656.321] [VERBOSE] [TransportLayer] [TransportLayer$IO.produceOutgoingPacket():1350]  Authenticating outgoing packet
    [1778342656.321] [VERBOSE] [TransportLayer] [TransportLayer$IO$sendInternal$2$2.invokeSuspend():1259]  Sending transport layer packet: version: 0x10  command: DATA  sequence bit: false  reliability bit: true  address: 0x10  nonce: 02 00 00 00 00 00 00 00 00 00 00 00 00  MAC: 93 4c f7 6f 07 a0 e6 db  payload: 8 byte(s): [10 00 55 90 39 30 00 00]
    [1778342656.322] [VERBOSE] [TransportLayer] [TransportLayer$IO$sendInternal$2$2.invokeSuspend():1262]  Packet sent
    [1778342656.323] [VERBOSE] [PumpIO] [PumpIO$sendPacketWithResponse$4$1.invokeSuspend():2092]  Waiting for application layer CTRL_CONNECT_RESPONSE packet (will arrive in a transport layer DATA packet)
    [1778342656.323] [VERBOSE] [TransportLayer] [TransportLayer$IO.receive():1317]  Waiting for transport layer DATA packet
    [1778342656.323] [VERBOSE] [TransportLayer] [TransportLayer$IO.receive():1320]  Received packet: version: 0x10  command: DATA  sequence bit: false  reliability bit: false  address: 0x01  nonce: 00 00 00 00 00 00 00 00 00 00 00 00 00  MAC: 94 ac c5 04 61 eb b9 72  payload: 4 byte(s): [10 00 55 a0]
    [1778342656.323] [VERBOSE] [ApplicationLayer] [ApplicationLayer.checkAndParseTransportLayerDataPacket():1951]  Parsing DATA packet as application layer packet
    [1778342656.323] [VERBOSE] [ApplicationLayer] [ApplicationLayer.checkAndParseTransportLayerDataPacket():1954]  This is an application layer packet with command CTRL_CONNECT_RESPONSE and payload 
    [1778342656.324] [DEBUG] [PumpIO] [PumpIO$switchMode$2.invokeSuspend():2093]  Switching mode from null to REMOTE_TERMINAL
    [1778342656.324] [DEBUG] [PumpIO] [PumpIO$switchMode$2$3$1.invokeSuspend():2098]  Activating new service
    [1778342656.324] [VERBOSE] [PumpIO] [PumpIO.sendAppLayerPacket():2171]  Sending application layer packet via transport layer:  version: 0x10  service ID: CONTROL  command: CTRL_ACTIVATE_SERVICE  payload: 3 byte(s): 48 01 00
    [1778342656.325] [VERBOSE] [TransportLayer] [TransportLayer$IO$sendInternal$2.invokeSuspend():1259]  Waiting for 22 ms until a packet can be sent
    [1778342656.354] [VERBOSE] [TransportLayer] [TransportLayer$IO.produceOutgoingPacket():1344]  About to produce outgoing packet from info: command: DATA  reliable: true  sequenceBitOverride: <not set>  payload: 7 byte(s): [10 00 66 90 48 01 00]
    [1778342656.354] [VERBOSE] [TransportLayer] [TransportLayer$IO.produceOutgoingPacket():1350]  Authenticating outgoing packet
    [1778342656.354] [VERBOSE] [TransportLayer] [TransportLayer$IO$sendInternal$2$2.invokeSuspend():1259]  Sending transport layer packet: version: 0x10  command: DATA  sequence bit: true  reliability bit: true  address: 0x10  nonce: 03 00 00 00 00 00 00 00 00 00 00 00 00  MAC: c8 a1 99 43 4c 57 34 5f  payload: 7 byte(s): [10 00 66 90 48 01 00]
    [1778342656.356] [VERBOSE] [TransportLayer] [TransportLayer$IO$sendInternal$2$2.invokeSuspend():1262]  Packet sent
    [1778342656.356] [DEBUG] [PumpIO] [PumpIO$switchMode$2$3$1.invokeSuspend():2101]  Sent CTRL_ACTIVATE packet; waiting for CTRL_ACTIVATE_SERVICE_RESPONSE packet
    [1778342656.357] [VERBOSE] [TransportLayer] [TransportLayer$IO.receive():1317]  Waiting for transport layer DATA packet
    [1778342656.357] [VERBOSE] [TransportLayer] [TransportLayer$IO.receive():1320]  Received packet: version: 0x10  command: DATA  sequence bit: false  reliability bit: false  address: 0x01  nonce: 00 00 00 00 00 00 00 00 00 00 00 00 00  MAC: 7b 5d 48 a6 99 c5 4c 49  payload: 9 byte(s): [10 00 66 a0 01 02 03 04 05]
    [1778342656.357] [VERBOSE] [ApplicationLayer] [ApplicationLayer.checkAndParseTransportLayerDataPacket():1951]  Parsing DATA packet as application layer packet
    [1778342656.358] [VERBOSE] [ApplicationLayer] [ApplicationLayer.checkAndParseTransportLayerDataPacket():1954]  This is an application layer packet with command CTRL_ACTIVATE_SERVICE_RESPONSE and payload 01 02 03 04 05
    [1778342656.358] [INFO] [PumpIO] [PumpIO.connect():2110]  Pump IO connected
    [1778342656.359] [VERBOSE] [PumpIO] [PumpIO.sendAppLayerPacket():2171]  Sending application layer packet via transport layer:  version: 0x10  service ID: RT_MODE  command: RT_BUTTON_STATUS  payload: 4 byte(s): 00 00 30 b7
    [1778342656.359] [VERBOSE] [PumpIO] [PumpIO.sendAppLayerPacket():2174]  Writing current RT sequence number 0 into packet
    [1778342656.359] [VERBOSE] [TransportLayer] [TransportLayer$IO$sendInternal$2.invokeSuspend():1259]  Waiting for 166 ms until a packet can be sent
    [1778342656.563] [VERBOSE] [TransportLayer] [TransportLayer$IO.produceOutgoingPacket():1344]  About to produce outgoing packet from info: command: DATA  reliable: false  sequenceBitOverride: <not set>  payload: 8 byte(s): [10 48 65 05 00 00 30 b7]
    [1778342656.563] [VERBOSE] [TransportLayer] [TransportLayer$IO.produceOutgoingPacket():1350]  Authenticating outgoing packet
    [1778342656.564] [VERBOSE] [TransportLayer] [TransportLayer$IO$sendInternal$2$2.invokeSuspend():1259]  Sending transport layer packet: version: 0x10  command: DATA  sequence bit: false  reliability bit: false  address: 0x10  nonce: 04 00 00 00 00 00 00 00 00 00 00 00 00  MAC: 97 57 73 9d 5c e2 f2 6f  payload: 8 byte(s): [10 48 65 05 00 00 30 b7]
    [1778342656.565] [VERBOSE] [TransportLayer] [TransportLayer$IO$sendInternal$2$2.invokeSuspend():1262]  Packet sent
    [1778342656.565] [VERBOSE] [TransportLayer] [TransportLayer$IO.receiveAndPreprocessPacket():1326]  Incoming transport layer packet: version: 0x10  command: DATA  sequence bit: false  reliability bit: false  address: 0x01  nonce: 00 00 00 00 00 00 00 00 00 00 00 00 00  MAC: 75 91 15 7b 84 4f 87 e9  payload: 6 byte(s): [10 48 56 05 00 00]
    [1778342656.565] [VERBOSE] [TransportLayer] [TransportLayer$IO.receiveAndPreprocessPacket():1329]  Verifying incoming packet with pump-client cipher
    [1778342656.565] [VERBOSE] [PumpIO] [PumpIO.processReceivedPacket():2180]  Got RT_BUTTON_CONFIRMATION packet from the Combo
    [1778342656.566] [VERBOSE] [PumpIO] [PumpIO.sendAppLayerPacket():2171]  Sending application layer packet via transport layer:  version: 0x10  service ID: RT_MODE  command: RT_BUTTON_STATUS  payload: 4 byte(s): 00 00 00 b7
    [1778342656.566] [VERBOSE] [PumpIO] [PumpIO.sendAppLayerPacket():2174]  Writing current RT sequence number 1 into packet
    [1778342656.567] [VERBOSE] [TransportLayer] [TransportLayer$IO.produceOutgoingPacket():1344]  About to produce outgoing packet from info: command: DATA  reliable: false  sequenceBitOverride: <not set>  payload: 8 byte(s): [10 48 65 05 01 00 00 b7]
    [1778342656.567] [VERBOSE] [TransportLayer] [TransportLayer$IO.produceOutgoingPacket():1350]  Authenticating outgoing packet
    [1778342656.568] [VERBOSE] [TransportLayer] [TransportLayer$IO$sendInternal$2$2.invokeSuspend():1259]  Sending transport layer packet: version: 0x10  command: DATA  sequence bit: false  reliability bit: false  address: 0x10  nonce: 05 00 00 00 00 00 00 00 00 00 00 00 00  MAC: fc aa 2d 03 43 ec 01 9f  payload: 8 byte(s): [10 48 65 05 01 00 00 b7]
    [1778342656.569] [VERBOSE] [TransportLayer] [TransportLayer$IO.receiveAndPreprocessPacket():1326]  Incoming transport layer packet: version: 0x10  command: DATA  sequence bit: false  reliability bit: false  address: 0x01  nonce: 00 00 00 00 00 00 00 00 00 00 00 00 00  MAC: 75 91 15 7b 84 4f 87 e9  payload: 6 byte(s): [10 48 56 05 00 00]
    [1778342656.569] [VERBOSE] [TransportLayer] [TransportLayer$IO.receiveAndPreprocessPacket():1329]  Verifying incoming packet with pump-client cipher
    [1778342656.569] [VERBOSE] [PumpIO] [PumpIO.processReceivedPacket():2180]  Got RT_BUTTON_CONFIRMATION packet from the Combo
    [1778342656.570] [VERBOSE] [TransportLayer] [TransportLayer$IO$sendInternal$2$2.invokeSuspend():1262]  Packet sent
    [1778342656.776] [VERBOSE] [PumpIO] [PumpIO.sendAppLayerPacket():2171]  Sending application layer packet via transport layer:  version: 0x10  service ID: RT_MODE  command: RT_BUTTON_STATUS  payload: 4 byte(s): 00 00 30 b7
    [1778342656.776] [VERBOSE] [PumpIO] [PumpIO.sendAppLayerPacket():2174]  Writing current RT sequence number 2 into packet
    [1778342656.776] [VERBOSE] [TransportLayer] [TransportLayer$IO.produceOutgoingPacket():1344]  About to produce outgoing packet from info: command: DATA  reliable: false  sequenceBitOverride: <not set>  payload: 8 byte(s): [10 48 65 05 02 00 30 b7]
    [1778342656.784] [VERBOSE] [TransportLayer] [TransportLayer$IO.produceOutgoingPacket():1350]  Authenticating outgoing packet
    [1778342656.785] [VERBOSE] [TransportLayer] [TransportLayer$IO$sendInternal$2$2.invokeSuspend():1259]  Sending transport layer packet: version: 0x10  command: DATA  sequence bit: false  reliability bit: false  address: 0x10  nonce: 06 00 00 00 00 00 00 00 00 00 00 00 00  MAC: 06 e5 bf 3a 25 3c d4 23  payload: 8 byte(s): [10 48 65 05 02 00 30 b7]
    [1778342656.808] [VERBOSE] [TransportLayer] [TransportLayer$IO$sendInternal$2$2.invokeSuspend():1262]  Packet sent
    [1778342656.809] [VERBOSE] [PumpIO] [PumpIO.sendAppLayerPacket():2171]  Sending application layer packet via transport layer:  version: 0x10  service ID: RT_MODE  command: RT_BUTTON_STATUS  payload: 4 byte(s): 00 00 00 b7
    [1778342656.809] [VERBOSE] [PumpIO] [PumpIO.sendAppLayerPacket():2174]  Writing current RT sequence number 3 into packet
    [1778342656.810] [VERBOSE] [TransportLayer] [TransportLayer$IO.receiveAndPreprocessPacket():1326]  Incoming transport layer packet: version: 0x10  command: DATA  sequence bit: false  reliability bit: false  address: 0x01  nonce: 00 00 00 00 00 00 00 00 00 00 00 00 00  MAC: 75 91 15 7b 84 4f 87 e9  payload: 6 byte(s): [10 48 56 05 00 00]
    [1778342656.810] [VERBOSE] [TransportLayer] [TransportLayer$IO.receiveAndPreprocessPacket():1329]  Verifying incoming packet with pump-client cipher
    [1778342656.810] [VERBOSE] [PumpIO] [PumpIO.processReceivedPacket():2180]  Got RT_BUTTON_CONFIRMATION packet from the Combo
    [1778342656.811] [VERBOSE] [TransportLayer] [TransportLayer$IO$sendInternal$2.invokeSuspend():1259]  Waiting for 165 ms until a packet can be sent
    [1778342657.050] [VERBOSE] [TransportLayer] [TransportLayer$IO.produceOutgoingPacket():1344]  About to produce outgoing packet from info: command: DATA  reliable: false  sequenceBitOverride: <not set>  payload: 8 byte(s): [10 48 65 05 03 00 00 b7]
    [1778342657.051] [VERBOSE] [TransportLayer] [TransportLayer$IO.produceOutgoingPacket():1350]  Authenticating outgoing packet
    [1778342657.051] [VERBOSE] [TransportLayer] [TransportLayer$IO$sendInternal$2$2.invokeSuspend():1259]  Sending transport layer packet: version: 0x10  command: DATA  sequence bit: false  reliability bit: false  address: 0x10  nonce: 07 00 00 00 00 00 00 00 00 00 00 00 00  MAC: 66 9f 7f 02 ad 2d e9 25  payload: 8 byte(s): [10 48 65 05 03 00 00 b7]

> Task :pump:omnipod:eros:transformFullDebugUnitTestClassesWithAsm

> Task :plugins:source:testFullDebugUnitTest

GlimpWorkerTest > When plugin enabled then insert data() STANDARD_OUT
    DEBUG: : BGSOURCE Received Glimp Data: Data {mySGV : 150.0, myTimestamp : 1678886400000, myTrend : FortyFiveDown}}
    DEBUG: : WORKER Worker result SUCCESS for class app.aaps.plugins.source.GlimpPlugin$GlimpWorker Data {}

GlimpWorkerTest > When plugin disabled then do nothing() STARTED

GlimpWorkerTest > When plugin disabled then do nothing() STANDARD_OUT
    DEBUG: : WORKER Worker result SUCCESS for class app.aaps.plugins.source.GlimpPlugin$GlimpWorker Data {Result : Plugin not enabled}

PoctechWorkerTest > When plugin enabled then insert mgdl data() STARTED

PoctechWorkerTest > When plugin enabled then insert mgdl data() STANDARD_OUT
    DEBUG: : BGSOURCE Received Poctech Data Data {data : [{"date":1656358762000,"current":180,"raw":180,"units":"mgdl","direction":"FortyFiveDown"}], collection : entries}
    DEBUG: : BGSOURCE Received Poctech Data size:1
    DEBUG: : WORKER Worker result SUCCESS for class app.aaps.plugins.source.PoctechPlugin$PoctechWorker Data {}

PoctechWorkerTest > When collection is missing then return failure() STARTED

PoctechWorkerTest > When collection is missing then return failure() STANDARD_OUT
    DEBUG: : BGSOURCE Received Poctech Data Data {wrong : data}
    DEBUG: : WORKER Worker result FAILURE for class app.aaps.plugins.source.PoctechPlugin$PoctechWorker Data {Error : missing data}

PoctechWorkerTest > When plugin disabled then return success() STARTED

PoctechWorkerTest > When plugin disabled then return success() STANDARD_OUT
    DEBUG: : WORKER Worker result SUCCESS for class app.aaps.plugins.source.PoctechPlugin$PoctechWorker Data {Result : Plugin not enabled}

PoctechWorkerTest > When plugin enabled then insert mmol data() STARTED

PoctechWorkerTest > When plugin enabled then insert mmol data() STANDARD_OUT
    DEBUG: : BGSOURCE Received Poctech Data Data {data : [{"date":1656358762000,"current":10,"raw":10,"units":"mmol\/L","direction":"FortyFiveDown"}], collection : entries}
    DEBUG: : BGSOURCE Received Poctech Data size:1
    DEBUG: : WORKER Worker result SUCCESS for class app.aaps.plugins.source.PoctechPlugin$PoctechWorker Data {}

XdripSourcePluginTest > plugin is created() STARTED

SyaiWorkerTest > When plugin enabled then insert data() STANDARD_OUT
    DEBUG: : BGSOURCE Received Syai Data [{"date":1656358762000,"sgv":150,"type":"sgv","direction":"FortyFiveDown"},{"type":"something"}]
    DEBUG: : BGSOURCE Unknown entries type: something
    DEBUG: : WORKER Worker result SUCCESS for class app.aaps.plugins.source.SyaiPlugin$SyaiWorker Data {}

SyaiWorkerTest > When collection is missing then return failure() STARTED

SyaiWorkerTest > When collection is missing then return failure() STANDARD_OUT
    DEBUG: : WORKER Worker result FAILURE for class app.aaps.plugins.source.SyaiPlugin$SyaiWorker Data {Error : missing collection}

SyaiWorkerTest > When no entries return failure() STARTED

SyaiWorkerTest > When no entries return failure() STANDARD_OUT
    DEBUG: : WORKER Worker result FAILURE for class app.aaps.plugins.source.SyaiPlugin$SyaiWorker Data {Error : missing input data}

SyaiWorkerTest > When plugin disabled then return success() STARTED

SyaiWorkerTest > When plugin disabled then return success() STANDARD_OUT
    DEBUG: : WORKER Worker result SUCCESS for class app.aaps.plugins.source.SyaiPlugin$SyaiWorker Data {Result : Plugin not enabled}

GlucoseDeduplicatorTest > snap function boundaries() STARTED

GlucoseDeduplicatorTest > reading within window is rejected() STARTED

GlucoseDeduplicatorTest > seed is a hard floor - interval never drops below configured cadence() STARTED

GlucoseDeduplicatorTest > short-gap reading is rejected - Dexcom transition glitch does not drop interval() STARTED

GlucoseDeduplicatorTest > single missed reading does not change interval() STARTED

GlucoseDeduplicatorTest > seed from package metadata() STARTED

GlucoseDeduplicatorTest > state survives recreate via store() STARTED

GlucoseDeduplicatorTest > notification spam with wrong-high seed is still rejected() STARTED

GlucoseDeduplicatorTest > seed default when package has no metadata() STARTED

GlucoseDeduplicatorTest > two packages have independent state() STARTED

GlucoseDeduplicatorTest > reading at or after window is accepted() STARTED

GlucoseDeduplicatorTest > snap up to 15min after three consecutive 15min gaps() STARTED

GlucoseDeduplicatorTest > reading well after window accepted (stable BG)() STARTED

GlucoseDeduplicatorTest > wrong-low seed converges upward after three consistent long gaps() STARTED

GlucoseDeduplicatorTest > snap up counter reset by matching-interval gap() STARTED

GlucoseDeduplicatorTest > first reading is always accepted() STARTED

GlucoseDeduplicatorTest > snap up requires three consecutive long gaps() STARTED

GlucoseDeduplicatorTest > dexcom-like stream accepts exactly one reading per five-minute cycle() STARTED

GlucoseDeduplicatorTest > unknown package uses default seed() STARTED

GlucoseDeduplicatorTest > snap up counter reset by different long interval() STARTED

NotificationParserTest > ParseGlucoseMgdlTest > reject non-numeric text() STARTED

NotificationParserTest > ParseGlucoseMgdlTest > parse mmol-L with unit label() STARTED

NotificationParserTest > ParseGlucoseMgdlTest > parse mg-dL with arrow() STARTED

NotificationParserTest > ParseGlucoseMgdlTest > parse mg-dL with unit label() STARTED

NotificationParserTest > ParseGlucoseMgdlTest > parse mg-dL integer() STARTED

NotificationParserTest > ParseGlucoseMgdlTest > reject integer in mmol mode() STARTED

NotificationParserTest > ParseGlucoseMgdlTest > parse mmol-L with dot() STARTED

NotificationParserTest > ParseGlucoseMgdlTest > reject empty text() STARTED

NotificationParserTest > ParseGlucoseMgdlTest > parse mmol-L with comma() STARTED

NotificationParserTest > ParseGlucoseMgdlTest > reject blank text() STARTED

NotificationParserTest > CleanTextTest > remove mg-dL label case insensitive() STARTED

NotificationParserTest > CleanTextTest > remove word joiner() STARTED

NotificationParserTest > CleanTextTest > plain number unchanged() STARTED

NotificationParserTest > CleanTextTest > remove unicode arrows() STARTED

NotificationParserTest > CleanTextTest > mmol value with comma unchanged() STARTED

NotificationParserTest > CleanTextTest > remove mg-dL label() STARTED

NotificationParserTest > CleanTextTest > dingbats removed() STARTED

NotificationParserTest > CleanTextTest > remove mmol-L label() STARTED

NotificationParserTest > CleanTextTest > remove inequality signs() STARTED

NotificationParserTest > CleanTextTest > remove multiple arrow types() STARTED

NotificationParserTest > CleanTextTest > remove mmol-L label case insensitive() STARTED

NotificationParserTest > CleanTextTest > remove non-breaking space() STARTED

NotificationParserTest > ParseMmolAsMgdlTest > valid mmol with comma() STARTED

NotificationParserTest > ParseMmolAsMgdlTest > integer rejected() STARTED

NotificationParserTest > ParseMmolAsMgdlTest > valid mmol with dot() STARTED

NotificationParserTest > ParseMmolAsMgdlTest > text rejected() STARTED

NotificationParserTest > ParseMmolAsMgdlTest > high precision() STARTED

NotificationParserTest > ExtractGlucoseTest > mmol-L from medtronic() STARTED

NotificationParserTest > ExtractGlucoseTest > value below range rejected() STARTED

NotificationParserTest > ExtractGlucoseTest > single valid text returns result() STARTED

NotificationParserTest > ExtractGlucoseTest > value at upper boundary accepted() STARTED

NotificationParserTest > ExtractGlucoseTest > value at lower boundary accepted() STARTED

NotificationParserTest > ExtractGlucoseTest > value above range rejected() STARTED

NotificationParserTest > ExtractGlucoseTest > two valid numbers returns null (ambiguous)() STARTED

NotificationParserTest > ExtractGlucoseTest > unknown package returns UNKNOWN sensor() STARTED

NotificationParserTest > ExtractGlucoseTest > no valid text returns null() STARTED

NotificationParserTest > ExtractGlucoseTest > empty list returns null() STARTED

NotificationParserTest > ExtractGlucoseTest > one valid among non-numeric texts() STARTED

> Task :plugins:constraints:testFullDebugUnitTest

ConstraintsCheckerImplTest > isLoopInvocationAllowedTest() STARTED

> Task :shared:impl:testFullDebugUnitTest

SPImplTest > remove() STARTED

SPImplTest > contains() STARTED

SPImplTest > getLong() STARTED

SPImplTest > edit() STARTED

SPImplTest > clear() STARTED

SPImplTest > getDouble() STARTED

SPImplTest > getString() STARTED

SPImplTest > getBoolean() STARTED

SPImplTest > getStringOrNull() STARTED

LImplTest > getLogElements() STARTED

LImplTest > resetToDefaults() STARTED

DateUtilImplTest > minAgo formats minutes ago and matches old behavior() STARTED

DateUtilImplTest > mergeHourMinuteToTimestamp works and matches old behavior() STARTED

DateUtilImplTest > timeRangeString works and matches old behavior() STARTED

DateUtilImplTest > age works for duration over a day and matches old behavior() STARTED

DateUtilImplTest > isOlderThan is deterministic with fixed clock() STARTED

DateUtilImplTest > fromISODateString works for full UTC timestamp and matches old behavior() STARTED

DateUtilImplTest > minutesOfTheDayToMilliseconds correctly truncates to the minute() STARTED

DateUtilImplTest > toSeconds works and matches old behavior() STARTED

DateUtilImplTest > getTimestampWithCurrentTimeOfDay combines date and time correctly (new implementation)() STARTED

DateUtilImplTest > minAgoLong is deterministic with fixed clock() STARTED

DateUtilImplTest > dateAndTimeAndSecondsString works and matches old behavior() STARTED

DateUtilImplTest > dateStringRelative is deterministic with fixed clock() STARTED

DateUtilImplTest > dayNameString works and matches old behavior() STARTED

DateUtilImplTest > timeStampToUtcDateMillis works correctly now() STARTED

DateUtilImplTest > minuteString works and matches old behavior() STARTED

DateUtilImplTest > toISOString works and matches old behavior() STARTED

DateUtilImplTest > sinceString produces correct timeFrameString and matches old behavior() STARTED

DateUtilImplTest > hourAgo works and matches old behavior() STARTED

DateUtilImplTest > dateString works and matches old behavior() STARTED

DateUtilImplTest > isOlderThan works and matches old behavior() STARTED

DateUtilImplTest > qs formats numbers correctly and matches old behavior() STARTED

DateUtilImplTest > age works for duration less than a day and matches old behavior() STARTED

DateUtilImplTest > toISONoZone works and matches old behavior() STARTED

DateUtilImplTest > secondString works and matches old behavior() STARTED

DateUtilImplTest > age calculation is correct across DST spring forward and matches old behavior() STARTED

DateUtilImplTest > isSameDay works correctly across the DST fall back transition and matches old behavior() STARTED

DateUtilImplTest > beginOfDay works correctly on DST fall back day and matches old behavior() STARTED

DateUtilImplTest > timeString works for 24-hour format and matches old behavior() STARTED

DateUtilImplTest > amPm works and matches old behavior() STARTED

DateUtilImplTest > getTimeZoneOffsetMinutes reports correct offset for standard and daylight time and matches old behavior() STARTED

DateUtilImplTest > nowWithoutMilliseconds works and matches old behavior() STARTED

DateUtilImplTest > minAgoShort is deterministic with fixed clock() STARTED

DateUtilImplTest > toISOAsUTC works and matches old behavior() STARTED

DateUtilImplTest > dateStringRelative identifies today and yesterday and matches old behavior() STARTED

DateUtilImplTest > timeStringFromSeconds produces a minute-precision string and matches old behavior() STARTED

DateUtilImplTest > weekString works and matches old behavior() STARTED

DateUtilImplTest > secondsOfTheDayToMilliseconds works correctly now (without truncating seconds)() STARTED

DateUtilImplTest > timeString correctly formats ambiguous time during DST fall back and matches old behavior() STARTED

DateUtilImplTest > timeString correctly formats time during non-existent DST spring forward gap and matches old behavior() STARTED

DateUtilImplTest > timeZoneByOffset finds a timezone with the correct offset including non-hourly offsets() STARTED

DateUtilImplTest > dayAgo works and matches old behavior() STARTED

DateUtilImplTest > sinceString is deterministic with fixed clock() STARTED

DateUtilImplTest > nowWithoutMilliseconds is deterministic with fixed clock() STARTED

DateUtilImplTest > isSameDayGroup works and matches old behavior() STARTED

DateUtilImplTest > beginOfDay works and matches old behavior() STARTED

DateUtilImplTest > dateStringShort works and matches old behavior() STARTED

DateUtilImplTest > mergeUtcDateToTimestamp works and matches old behavior() STARTED

DateUtilImplTest > minOrSecAgo formats seconds and minutes correctly and matches old behavior() STARTED

DateUtilImplTest > getTimeZoneOffsetMs variants behave as expected() STARTED

DateUtilImplTest > dateAndTimeString works and matches old behavior() STARTED

DateUtilImplTest > age calculation is correct across DST fall back and matches old behavior() STARTED

DateUtilImplTest > hourAgo is deterministic with fixed clock() STARTED

DateUtilImplTest > minAgoShort works and matches old behavior() STARTED

DateUtilImplTest > timeString works for 12-hour format and matches old behavior() STARTED

DateUtilImplTest > getTimeZoneOffsetMs works and matches old non-DST-aware behavior() STARTED

DateUtilImplTest > isAfterNoon is deterministic with fixed clock() STARTED

DateUtilImplTest > dayAgo is deterministic with fixed clock() STARTED

DateUtilImplTest > dateAndTimeStringNullable works and matches old behavior() STARTED

DateUtilImplTest > formatHHMM works and matches old behavior() STARTED

DateUtilImplTest > getTimeZoneOffsetMinutes works for European DST and matches old behavior() STARTED

DateUtilImplTest > untilString produces correct timeFrameString and matches old behavior() STARTED

DateUtilImplTest > timeFrameString formats durations correctly and matches old behavior() STARTED

DateUtilImplTest > beginOfDay works correctly on DST spring forward day and matches old behavior() STARTED

DateUtilImplTest > hourString works and matches old behavior() STARTED

DateUtilImplTest > minAgoLong works and matches old behavior() STARTED

DateUtilImplTest > computeDiff works and matches old behavior() STARTED

DateUtilImplTest > isSameDay is false for times just under 24 hours apart across DST and matches old behavior() STARTED

DateUtilImplTest > minAgo is deterministic with fixed clock() STARTED

DateUtilImplTest > niceTimeScalar works works correctly now() STARTED

DateUtilImplTest > timeStringWithSeconds works and matches old behavior() STARTED

DateUtilImplTest > dateAndTimeRangeString works and matches old behavior() STARTED

DateUtilImplTest > isAfterNoon works and matches old behavior() STARTED

DateUtilImplTest > untilString is deterministic with fixed clock() STARTED

DateUtilImplTest > monthString works and matches old behavior() STARTED

DateUtilImplTest > minOrSecAgo is deterministic with fixed clock() STARTED

DateUtilImplTest > dayString works and matches old behavior() STARTED

98 tests completed, 3 failed

> Task :shared:impl:testFullDebugUnitTest FAILED

> Task :pump:omnipod:dash:testFullDebugUnitTest

KeyExchangeTest > testLTK() STARTED

KeyExchangeTest > testLTK() STANDARD_OUT
    DEBUG: : PUMPBTCOMM First key for LTK: 58cb3b74fc93975e00000000ca3c5706

ProgramAlertsCommandTest > testLumpOfCoalAlert() STARTED

ProgramAlertsCommandTest > testExpirationAlerts() STARTED

ProgramAlertsCommandTest > testUserExpirationAlert() STARTED

ProgramAlertsCommandTest > testLowReservoirAlert() STARTED

SilenceAlertsCommandTest > testSilenceLowReservoirAlert() STARTED

SetUniqueIdResponseTest > testValidResponse() STARTED

> Task :pump:combov2:comboctl:testFullDebugUnitTest FAILED
    [1778342657.053] [VERBOSE] [TransportLayer] [TransportLayer$IO.receiveAndPreprocessPacket():1326]  Incoming transport layer packet: version: 0x10  command: DATA  sequence bit: false  reliability bit: false  address: 0x01  nonce: 00 00 00 00 00 00 00 00 00 00 00 00 00  MAC: 75 91 15 7b 84 4f 87 e9  payload: 6 byte(s): [10 48 56 05 00 00]
    [1778342657.053] [VERBOSE] [TransportLayer] [TransportLayer$IO.receiveAndPreprocessPacket():1329]  Verifying incoming packet with pump-client cipher
    [1778342657.053] [VERBOSE] [PumpIO] [PumpIO.processReceivedPacket():2180]  Got RT_BUTTON_CONFIRMATION packet from the Combo
    [1778342657.078] [VERBOSE] [TransportLayer] [TransportLayer$IO$sendInternal$2$2.invokeSuspend():1262]  Packet sent
    [1778342657.291] [VERBOSE] [PumpIO] [PumpIO.disconnect():2113]  Will send application layer disconnect packet:  version: 0x10  service ID: CONTROL  command: CTRL_DISCONNECT  payload: 2 byte(s): 03 00
    [1778342657.291] [VERBOSE] [TransportLayer] [TransportLayer$IO.produceOutgoingPacket():1344]  About to produce outgoing packet from info: command: DATA  reliable: true  sequenceBitOverride: <not set>  payload: 6 byte(s): [10 00 5a 00 03 00]
    [1778342657.291] [VERBOSE] [TransportLayer] [TransportLayer$IO.produceOutgoingPacket():1350]  Authenticating outgoing packet
    [1778342657.292] [VERBOSE] [TransportLayer] [TransportLayer$IO.stop():1263]  Sending transport layer packet: version: 0x10  command: DATA  sequence bit: false  reliability bit: true  address: 0x10  nonce: 08 00 00 00 00 00 00 00 00 00 00 00 00  MAC: 1c d2 4f 11 6d 9f d3 f2  payload: 6 byte(s): [10 00 5a 00 03 00]
    [1778342657.293] [VERBOSE] [TransportLayer] [TransportLayer$IO.stop():1266]  Packet sent
    [1778342657.293] [DEBUG] [TransportLayer] [TransportLayer$IO.stop():1269]  Disconnecting device
    [1778342657.295] [DEBUG] [TransportLayer] [TransportLayer$IO.stop():1275]  Stopping packet receiver
    [1778342657.296] [DEBUG] [TransportLayer] [TransportLayer$IO.stop():1281]  Transport layer IO stopped
    [1778342657.296] [DEBUG] [PumpIO] [PumpIO.disconnect():2116]  Pump IO disconnected

PumpIOTest > checkDoubleLongButtonRelease() STARTED

PumpIOTest > checkDoubleLongButtonRelease() STANDARD_OUT
    [1778342657.305] [DEBUG] [PumpIO] [PumpIO.connect():2092]  Pump IO connecting asynchronously
    [1778342657.307] [DEBUG] [PumpIO] [PumpIO.connect():2095]  Sending regular connection request
    [1778342657.307] [VERBOSE] [TransportLayer] [TransportLayer$IO.produceOutgoingPacket():1344]  About to produce outgoing packet from info: command: REQUEST_REGULAR_CONNECTION  reliable: false  sequenceBitOverride: <not set>  payload: 0 byte(s): []
    [1778342657.307] [VERBOSE] [TransportLayer] [TransportLayer$IO.produceOutgoingPacket():1350]  Authenticating outgoing packet
    [1778342657.307] [VERBOSE] [TransportLayer] [TransportLayer$IO$sendInternal$2$2.invokeSuspend():1259]  Sending transport layer packet: version: 0x10  command: REQUEST_REGULAR_CONNECTION  sequence bit: false  reliability bit: false  address: 0x10  nonce: 01 00 00 00 00 00 00 00 00 00 00 00 00  MAC: 03 ed 16 8d fe 97 17 c4  payload: 0 byte(s): []
    [1778342657.311] [VERBOSE] [TransportLayer] [TransportLayer$IO$sendInternal$2$2.invokeSuspend():1262]  Packet sent
    [1778342657.311] [VERBOSE] [TransportLayer] [TransportLayer$IO.receiveAndPreprocessPacket():1326]  Incoming transport layer packet: version: 0x10  command: REGULAR_CONNECTION_REQUEST_ACCEPTED  sequence bit: false  reliability bit: false  address: 0x01  nonce: 00 00 00 00 00 00 00 00 00 00 00 00 00  MAC: 13 3d 8a 01 09 66 8d 5f  payload: 0 byte(s): []
    [1778342657.311] [VERBOSE] [TransportLayer] [TransportLayer$IO.receiveAndPreprocessPacket():1329]  Verifying incoming packet with pump-client cipher
    [1778342657.311] [VERBOSE] [TransportLayer] [TransportLayer$IO.receive():1317]  Waiting for transport layer REGULAR_CONNECTION_REQUEST_ACCEPTED packet
    [1778342657.312] [VERBOSE] [TransportLayer] [TransportLayer$IO.receive():1320]  Received packet: version: 0x10  command: REGULAR_CONNECTION_REQUEST_ACCEPTED  sequence bit: false  reliability bit: false  address: 0x01  nonce: 00 00 00 00 00 00 00 00 00 00 00 00 00  MAC: 13 3d 8a 01 09 66 8d 5f  payload: 0 byte(s): []
    [1778342657.312] [DEBUG] [PumpIO] [PumpIO.connect():2107]  Initiating application layer connection
    [1778342657.312] [VERBOSE] [TransportLayer] [TransportLayer$IO.receiveAndPreprocessPacket():1326]  Incoming transport layer packet: version: 0x10  command: DATA  sequence bit: false  reliability bit: false  address: 0x01  nonce: 00 00 00 00 00 00 00 00 00 00 00 00 00  MAC: 94 ac c5 04 61 eb b9 72  payload: 4 byte(s): [10 00 55 a0]
    [1778342657.312] [VERBOSE] [TransportLayer] [TransportLayer$IO.receiveAndPreprocessPacket():1329]  Verifying incoming packet with pump-client cipher
    [1778342657.312] [VERBOSE] [PumpIO] [PumpIO.sendAppLayerPacket():2171]  Sending application layer packet via transport layer:  version: 0x10  service ID: CONTROL  command: CTRL_CONNECT  payload: 4 byte(s): 39 30 00 00
    [1778342657.313] [VERBOSE] [TransportLayer] [TransportLayer$IO$sendInternal$2.invokeSuspend():1259]  Waiting for 194 ms until a packet can be sent
    [1778342657.313] [VERBOSE] [TransportLayer] [TransportLayer$IO.receiveAndPreprocessPacket():1326]  Incoming transport layer packet: version: 0x10  command: DATA  sequence bit: false  reliability bit: false  address: 0x01  nonce: 00 00 00 00 00 00 00 00 00 00 00 00 00  MAC: 7b 5d 48 a6 99 c5 4c 49  payload: 9 byte(s): [10 00 66 a0 01 02 03 04 05]
    [1778342657.313] [VERBOSE] [TransportLayer] [TransportLayer$IO.receiveAndPreprocessPacket():1329]  Verifying incoming packet with pump-client cipher
    [1778342657.313] [DEBUG] [PumpIO] [PumpIO.processReceivedPacket():2177]  New service was activated; resetting RT sequence number
    [1778342657.523] [VERBOSE] [TransportLayer] [TransportLayer$IO.produceOutgoingPacket():1344]  About to produce outgoing packet from info: command: DATA  reliable: true  sequenceBitOverride: <not set>  payload: 8 byte(s): [10 00 55 90 39 30 00 00]
    [1778342657.524] [VERBOSE] [TransportLayer] [TransportLayer$IO.produceOutgoingPacket():1350]  Authenticating outgoing packet
    [1778342657.526] [VERBOSE] [TransportLayer] [TransportLayer$IO$sendInternal$2$2.invokeSuspend():1259]  Sending transport layer packet: version: 0x10  command: DATA  sequence bit: false  reliability bit: true  address: 0x10  nonce: 02 00 00 00 00 00 00 00 00 00 00 00 00  MAC: 93 4c f7 6f 07 a0 e6 db  payload: 8 byte(s): [10 00 55 90 39 30 00 00]
    [1778342657.544] [VERBOSE] [TransportLayer] [TransportLayer$IO$sendInternal$2$2.invokeSuspend():1262]  Packet sent
    [1778342657.544] [VERBOSE] [PumpIO] [PumpIO$sendPacketWithResponse$4$1.invokeSuspend():2092]  Waiting for application layer CTRL_CONNECT_RESPONSE packet (will arrive in a transport layer DATA packet)
    [1778342657.545] [VERBOSE] [TransportLayer] [TransportLayer$IO.receive():1317]  Waiting for transport layer DATA packet
    [1778342657.545] [VERBOSE] [TransportLayer] [TransportLayer$IO.receive():1320]  Received packet: version: 0x10  command: DATA  sequence bit: false  reliability bit: false  address: 0x01  nonce: 00 00 00 00 00 00 00 00 00 00 00 00 00  MAC: 94 ac c5 04 61 eb b9 72  payload: 4 byte(s): [10 00 55 a0]
    [1778342657.545] [VERBOSE] [ApplicationLayer] [ApplicationLayer.checkAndParseTransportLayerDataPacket():1951]  Parsing DATA packet as application layer packet
    [1778342657.545] [VERBOSE] [ApplicationLayer] [ApplicationLayer.checkAndParseTransportLayerDataPacket():1954]  This is an application layer packet with command CTRL_CONNECT_RESPONSE and payload 
    [1778342657.545] [DEBUG] [PumpIO] [PumpIO$switchMode$2.invokeSuspend():2093]  Switching mode from null to REMOTE_TERMINAL
    [1778342657.546] [DEBUG] [PumpIO] [PumpIO$switchMode$2$3$1.invokeSuspend():2098]  Activating new service
    [1778342657.546] [VERBOSE] [PumpIO] [PumpIO.sendAppLayerPacket():2171]  Sending application layer packet via transport layer:  version: 0x10  service ID: CONTROL  command: CTRL_ACTIVATE_SERVICE  payload: 3 byte(s): 48 01 00
    [1778342657.551] [VERBOSE] [TransportLayer] [TransportLayer$IO.produceOutgoingPacket():1344]  About to produce outgoing packet from info: command: DATA  reliable: true  sequenceBitOverride: <not set>  payload: 7 byte(s): [10 00 66 90 48 01 00]
    [1778342657.551] [VERBOSE] [TransportLayer] [TransportLayer$IO.produceOutgoingPacket():1350]  Authenticating outgoing packet
    [1778342657.551] [VERBOSE] [TransportLayer] [TransportLayer$IO$sendInternal$2$2.invokeSuspend():1259]  Sending transport layer packet: version: 0x10  command: DATA  sequence bit: true  reliability bit: true  address: 0x10  nonce: 03 00 00 00 00 00 00 00 00 00 00 00 00  MAC: c8 a1 99 43 4c 57 34 5f  payload: 7 byte(s): [10 00 66 90 48 01 00]
    [1778342657.553] [VERBOSE] [TransportLayer] [TransportLayer$IO$sendInternal$2$2.invokeSuspend():1262]  Packet sent
    [1778342657.558] [DEBUG] [PumpIO] [PumpIO$switchMode$2$3$1.invokeSuspend():2101]  Sent CTRL_ACTIVATE packet; waiting for CTRL_ACTIVATE_SERVICE_RESPONSE packet
    [1778342657.558] [VERBOSE] [TransportLayer] [TransportLayer$IO.receive():1317]  Waiting for transport layer DATA packet
    [1778342657.559] [VERBOSE] [TransportLayer] [TransportLayer$IO.receive():1320]  Received packet: version: 0x10  command: DATA  sequence bit: false  reliability bit: false  address: 0x01  nonce: 00 00 00 00 00 00 00 00 00 00 00 00 00  MAC: 7b 5d 48 a6 99 c5 4c 49  payload: 9 byte(s): [10 00 66 a0 01 02 03 04 05]
    [1778342657.559] [VERBOSE] [ApplicationLayer] [ApplicationLayer.checkAndParseTransportLayerDataPacket():1951]  Parsing DATA packet as application layer packet
    [1778342657.559] [VERBOSE] [ApplicationLayer] [ApplicationLayer.checkAndParseTransportLayerDataPacket():1954]  This is an application layer packet with command CTRL_ACTIVATE_SERVICE_RESPONSE and payload 01 02 03 04 05
    [1778342657.559] [INFO] [PumpIO] [PumpIO.connect():2110]  Pump IO connected
    [1778342657.599] [DEBUG] [PumpIO] [PumpIO$issueLongRTButtonPressUpdate$3.invokeSuspend():2098]  Sending long RT button press; button(s) = UP status changed = true
    [1778342657.599] [VERBOSE] [PumpIO] [PumpIO.sendAppLayerPacket():2171]  Sending application layer packet via transport layer:  version: 0x10  service ID: RT_MODE  command: RT_BUTTON_STATUS  payload: 4 byte(s): 00 00 30 b7
    [1778342657.599] [VERBOSE] [PumpIO] [PumpIO.sendAppLayerPacket():2174]  Writing current RT sequence number 0 into packet
    [1778342657.599] [VERBOSE] [TransportLayer] [TransportLayer$IO$sendInternal$2.invokeSuspend():1259]  Waiting for 149 ms until a packet can be sent
    [1778342657.766] [VERBOSE] [TransportLayer] [TransportLayer$IO.produceOutgoingPacket():1344]  About to produce outgoing packet from info: command: DATA  reliable: false  sequenceBitOverride: <not set>  payload: 8 byte(s): [10 48 65 05 00 00 30 b7]
    [1778342657.767] [VERBOSE] [TransportLayer] [TransportLayer$IO.produceOutgoingPacket():1350]  Authenticating outgoing packet
    [1778342657.767] [VERBOSE] [TransportLayer] [TransportLayer$IO$sendInternal$2$2.invokeSuspend():1259]  Sending transport layer packet: version: 0x10  command: DATA  sequence bit: false  reliability bit: false  address: 0x10  nonce: 04 00 00 00 00 00 00 00 00 00 00 00 00  MAC: 97 57 73 9d 5c e2 f2 6f  payload: 8 byte(s): [10 48 65 05 00 00 30 b7]
    [1778342657.778] [VERBOSE] [TransportLayer] [TransportLayer$IO$sendInternal$2$2.invokeSuspend():1262]  Packet sent
    [1778342657.779] [VERBOSE] [TransportLayer] [TransportLayer$IO.receiveAndPreprocessPacket():1326]  Incoming transport layer packet: version: 0x10  command: DATA  sequence bit: false  reliability bit: false  address: 0x01  nonce: 00 00 00 00 00 00 00 00 00 00 00 00 00  MAC: 75 91 15 7b 84 4f 87 e9  payload: 6 byte(s): [10 48 56 05 00 00]
    [1778342657.779] [VERBOSE] [TransportLayer] [TransportLayer$IO.receiveAndPreprocessPacket():1329]  Verifying incoming packet with pump-client cipher
    [1778342657.779] [VERBOSE] [PumpIO] [PumpIO.processReceivedPacket():2180]  Got RT_BUTTON_CONFIRMATION packet from the Combo
    [1778342657.779] [DEBUG] [PumpIO] [PumpIO$issueLongRTButtonPressUpdate$3.invokeSuspend():2101]  Waiting for button confirmation
    [1778342657.779] [DEBUG] [PumpIO] [PumpIO$issueLongRTButtonPressUpdate$3.invokeSuspend():2104]  Got button confirmation; canContinue = true
    [1778342657.779] [DEBUG] [PumpIO] [PumpIO$issueLongRTButtonPressUpdate$3.invokeSuspend():2092]  Aborting long RT button press flow
    [1778342657.779] [DEBUG] [PumpIO] [PumpIO$issueLongRTButtonPressUpdate$3.invokeSuspend():2107]  Ending long RT button press by sending NO_BUTTON
    [1778342657.780] [VERBOSE] [PumpIO] [PumpIO.sendAppLayerPacket():2171]  Sending application layer packet via transport layer:  version: 0x10  service ID: RT_MODE  command: RT_BUTTON_STATUS  payload: 4 byte(s): 00 00 00 b7
    [1778342657.780] [VERBOSE] [PumpIO] [PumpIO.sendAppLayerPacket():2174]  Writing current RT sequence number 1 into packet
    [1778342657.780] [VERBOSE] [TransportLayer] [TransportLayer$IO$sendInternal$2.invokeSuspend():1259]  Waiting for 19 ms until a packet can be sent
    [1778342657.807] [VERBOSE] [TransportLayer] [TransportLayer$IO.produceOutgoingPacket():1344]  About to produce outgoing packet from info: command: DATA  reliable: false  sequenceBitOverride: <not set>  payload: 8 byte(s): [10 48 65 05 01 00 00 b7]
    [1778342657.807] [VERBOSE] [TransportLayer] [TransportLayer$IO.produceOutgoingPacket():1350]  Authenticating outgoing packet
    [1778342657.807] [VERBOSE] [TransportLayer] [TransportLayer$IO$sendInternal$2$2.invokeSuspend():1259]  Sending transport layer packet: version: 0x10  command: DATA  sequence bit: false  reliability bit: false  address: 0x10  nonce: 05 00 00 00 00 00 00 00 00 00 00 00 00  MAC: fc aa 2d 03 43 ec 01 9f  payload: 8 byte(s): [10 48 65 05 01 00 00 b7]
    [1778342657.808] [VERBOSE] [TransportLayer] [TransportLayer$IO$sendInternal$2$2.invokeSuspend():1262]  Packet sent
    [1778342657.814] [VERBOSE] [PumpIO] [PumpIO.disconnect():2113]  Will send application layer disconnect packet:  version: 0x10  service ID: CONTROL  command: CTRL_DISCONNECT  payload: 2 byte(s): 03 00
    [1778342657.815] [VERBOSE] [TransportLayer] [TransportLayer$IO.produceOutgoingPacket():1344]  About to produce outgoing packet from info: command: DATA  reliable: true  sequenceBitOverride: <not set>  payload: 6 byte(s): [10 00 5a 00 03 00]
    [1778342657.815] [VERBOSE] [TransportLayer] [TransportLayer$IO.produceOutgoingPacket():1350]  Authenticating outgoing packet
    [1778342657.815] [VERBOSE] [TransportLayer] [TransportLayer$IO.stop():1263]  Sending transport layer packet: version: 0x10  command: DATA  sequence bit: false  reliability bit: true  address: 0x10  nonce: 06 00 00 00 00 00 00 00 00 00 00 00 00  MAC: c9 cb 46 c0 ad 20 b7 22  payload: 6 byte(s): [10 00 5a 00 03 00]
    [1778342657.827] [VERBOSE] [TransportLayer] [TransportLayer$IO.receiveAndPreprocessPacket():1326]  Incoming transport layer packet: version: 0x10  command: DATA  sequence bit: false  reliability bit: false  address: 0x01  nonce: 00 00 00 00 00 00 00 00 00 00 00 00 00  MAC: 75 91 15 7b 84 4f 87 e9  payload: 6 byte(s): [10 48 56 05 00 00]
    [1778342657.827] [VERBOSE] [TransportLayer] [TransportLayer$IO.receiveAndPreprocessPacket():1329]  Verifying incoming packet with pump-client cipher
    [1778342657.827] [VERBOSE] [PumpIO] [PumpIO.processReceivedPacket():2180]  Got RT_BUTTON_CONFIRMATION packet from the Combo
    [1778342657.847] [VERBOSE] [TransportLayer] [TransportLayer$IO.stop():1266]  Packet sent
    [1778342657.847] [DEBUG] [TransportLayer] [TransportLayer$IO.stop():1269]  Disconnecting device
    [1778342657.876] [DEBUG] [TransportLayer] [TransportLayer$IO.stop():1275]  Stopping packet receiver
    [1778342657.887] [DEBUG] [TransportLayer] [TransportLayer$IO.stop():1281]  Transport layer IO stopped
    [1778342657.887] [DEBUG] [PumpIO] [PumpIO.disconnect():2116]  Pump IO disconnected

ParserTest > checkTemporaryBasalRateDurationScreenParsing() STARTED

ParserTest > checkFailedOptionalParser() STARTED

ParserTest > checkNormalMainScreenWithoutTimeSeparatorParsing() STARTED

ParserTest > checkSuccessfulOptionalParser() STARTED

ParserTest > checkBasalRateFactorSettingsScreenParsing() STARTED

ParserTest > checkMultiwaveBolusMainScreenParsing() STARTED

ParserTest > checkSequenceWithOptionalAndNonMatchingParser() STARTED

ParserTest > checkQuickinfoScreenParsing() STARTED

ParserTest > checkMenuScreenParsing() STARTED

ParserTest > checkMyDataScreenParsing() STARTED

ParserTest > checkTemporaryBasalRate24HoursDurationParsing() STARTED

ParserTest > checkIntegerParser() STARTED

ParserTest > checkNormalMainScreenWithLowBatteryParsing() STARTED

ParserTest > checkExtendedBolusMainScreenParsing() STARTED

ParserTest > checkExtendedBolusWithTbrMainScreenParsing() STARTED

ParserTest > checkTimeAndDateSettingsScreenParsing() STARTED

ParserTest > checkSingleGlyphParser() STARTED

ParserTest > checkTbr90MainScreenWithLowBatteryParsing() STARTED

ParserTest > checkAlertScreenTextParsing() STARTED

ParserTest > checkNormalMainScreenWithNoBatteryParsing() STARTED

ParserTest > checkTime12HrParser() STARTED

ParserTest > checkBasalRateTotalScreenParsing() STARTED

ParserTest > checkStoppedMainScreenWithLowBatteryParsing() STARTED

ParserTest > checkDateEUParser() STARTED

ParserTest > checkToplevelScreenParsing() STARTED

ParserTest > checkTime24HrParser() STARTED

ParserTest > checkDateUSParser() STARTED

ParserTest > checkW6CancelTbrWarningScreenParsing() STARTED

ParserTest > checkStoppedMainScreenWithTimeSeparatorParsing() STARTED

ParserTest > checkFirstSuccessParser() STARTED

ParserTest > checkE2BatteryEmptyErrorScreenParsing() STARTED

ParserTest > checkTbr90MainScreenParsing() STARTED

ParserTest > checkE4OcclusionErrorScreenParsing() STARTED

ParserTest > checkStoppedMainScreenWithoutTimeSeparatorParsing() STARTED

ParserTest > checkTbrMainScreenParsing() STARTED

ParserTest > checkTemporaryBasalRatePercentageScreenPercentAndDurationParsing() STARTED

ParserTest > checkW8CancelBolusWarningScreenParsing() STARTED

ParserTest > checkTitleStringParser() STARTED

ParserTest > checkTemporaryBasalRatePercentageScreenParsing() STARTED

ParserTest > checkDecimalParser() STARTED

ParserTest > checkSequenceParser() STARTED

ParserTest > checkNormalMainScreenWithTimeSeparatorParsing() STARTED

ParserTest > checkSequenceWithOptionalAndMatchingParser() STARTED

Gradle Test Executor 151 STANDARD_OUT
    ~~~ Project Configuration ~~~
    -> Parallelism: 1 thread
    -> Test order: LexicographicSpecExecutionOrder
    -> Soft assertations: False
    -> Write spec failure file: False
    -> Fail on ignored tests: False
    -> Extensions
      - io.kotlintest.extensions.SystemPropertyTagExtension
      - io.kotlintest.extensions.RuntimeTagExtension

114 tests completed, 3 failed

> Task :pump:omnipod:eros:testFullDebugUnitTest

BeepConfigCommandTest > testProgramReminders() STARTED

BeepConfigCommandTest > testConfidenceReminders() STARTED

SetInsulinScheduleCommandTest > testBasalScheduleWithTwelveEntries() STARTED

SetInsulinScheduleCommandTest > testBasalScheduleRounding2() STARTED

SetInsulinScheduleCommandTest > testExtremelyLargeTemporaryBasalScheduleMessage() STARTED

SetInsulinScheduleCommandTest > testBasalScheduleSegmentMerging() STARTED

SetInsulinScheduleCommandTest > testBolus() STARTED

SetInsulinScheduleCommandTest > testBolusExtraCommandWithExtraOddPulseCount() STARTED

SetInsulinScheduleCommandTest > testTemporaryBasalScheduleMessage() STARTED

SetInsulinScheduleCommandTest > testBasalScheduleRounding() STARTED

SetInsulinScheduleCommandTest > testBasalScheduleSingleEntry() STARTED

SetInsulinScheduleCommandTest > testBasalScheduleWithThirteenEntries() STARTED

SetInsulinScheduleCommandTest > testTemporaryBasalScheduleAlternatingSegmentFlag() STARTED

SetInsulinScheduleCommandTest > testTemporaryBasalScheduleMessageWithAlternatingPulse() STARTED

SetInsulinScheduleCommandTest > testLargeBolus() STARTED

SetInsulinScheduleCommandTest > testLargerTemporaryBasalScheduleMessage() STARTED

VersionResponseTest > testRawDataSetupPodVersionResponseWithLongerMessage() STARTED

VersionResponseTest > testRawDataAssignAddressVersionResponse() STARTED

VersionResponseTest > testRawDataAssignAddressVersionResponseWithLongerMessage() STARTED

VersionResponseTest > testRawDataSetupPodVersionResponse() STARTED

VersionResponseTest > testAssignAddressVersionResponse() STARTED

VersionResponseTest > testSetupPodVersionResponse() STARTED

PodInfoResponseTest > testRawDataWithLongerMessage() STARTED

AssignAddressCommandTest > testEncoding() STARTED

DeactivatePodCommandTest > testEncoding() STARTED

ErrorResponseTest > testBadNonce() STARTED

ErrorResponseTest > testOtherError() STARTED

ErrorResponseTest > testGetRawDataWithLongerMessage() STARTED

ErrorResponseTest > testGetRawData() STARTED

PodInfoFaultAndInitializationTimeTest > testDecoding() STARTED

PodInfoResponseTest > testInvalidPodInfoTypeMessageDecoding() STARTED

AapsErosPodStateManagerTest > changeSystemTimeZoneAndChangePodTimeZone() STARTED

PodInfoResponseTest > testRawData() STARTED

PodInfoResponseTest > testMessageDecoding() STARTED

AcknowledgeAlertsCommandTest > testEncodingSingleAlert() STARTED

AcknowledgeAlertsCommandTest > testEncodingMultipleAlerts() STARTED

ConfigureAlertsCommandTest > testEncoding() STARTED

ConfigureAlertsCommandTest > testLowReservoirAlert() STARTED

BasalTableEntryTest > testChecksum() STARTED

BasalTableEntryTest > testChecksumWithAlternatePulses() STARTED

PodInfoDetailedStatusTest > testPodInfoFaultEventNoFaultAlerts() STARTED

BasalScheduleExtraCommandTest > testSegmentMerging() STARTED

BasalScheduleExtraCommandTest > testEncodingFromBasalScheduleWithThreeEntries() STARTED

PodInfoDetailedStatusTest > testPodInfoFaultEventInsulinNotDelivered() STARTED

PodInfoDetailedStatusTest > testPodInfoFaultEventErrorShuttingDown() STARTED

PodInfoDetailedStatusTest > testPodInfoFaultEventMaxBolusNotDelivered() STARTED

PodInfoDetailedStatusTest > testPodInfoFaultEventInsulinStateTableCorruptionFoundDuringErrorLogging() STARTED

PodInfoDetailedStatusTest > testPodInfoFaultEventDeliveryErrorDuringPriming() STARTED

TimeUtilTest > testDateTimeToDuration() STARTED

TimeUtilTest > testDateTimeToDurationWithNullDateTime() STARTED

TimeUtilTest > testDateTimeToDurationAtDstReverseChange() STARTED

TimeUtilTest > testDateTimeInOtherZone() STARTED

TimeUtilTest > testDateTimeToDurationAtDstChange() STARTED

BasalScheduleExtraCommandTest > testEncodingFromBasalScheduleWithSingleEntry() STARTED

BasalScheduleExtraCommandTest > testBasalScheduleExtraCommandRoundsToNearestSecond() STARTED

BasalScheduleExtraCommandTest > testEncodingFromBasalScheduleWithThirteenEntries() STARTED

BasalScheduleExtraCommandTest > testEncodingFromRateEntries() STARTED

BasalScheduleExtraCommandTest > testParametersCorrectFromBasalSchedule() STARTED

GetStatusCommandTest > testPodInfoTypeConfiguredAlerts() STARTED

GetStatusCommandTest > testPodInfoTypeFaultEvents() STARTED

GetStatusCommandTest > testPodInfoTypeNormal() STARTED

StatusResponseTest > testLargeValues() STARTED

StatusResponseTest > testWithSampleCapture() STARTED

StatusResponseTest > testRawDataWithLongerMessage() STARTED

StatusResponseTest > testWithReservoirLevel() STARTED

StatusResponseTest > testRawData() STARTED

StatusResponseTest > testWithSampleCaptureWithChangePodSoonAlert() STARTED

PodInfoRecentPulseLogTest > testDecoding() STARTED

AapsErosPodStateManagerTest > changeSystemTimeZoneAndChangePodTimeZone() STANDARD_OUT
    DEBUG: : PUMP storePodState: storing podState: {}
    DEBUG: : PUMP storePodState: storing podState: {}
    DEBUG: : PUMP storePodState: storing podState: {}

AapsErosPodStateManagerTest > changeSystemTimeZoneWithoutChangingPodTimeZone() STARTED

AapsErosPodStateManagerTest > changeSystemTimeZoneWithoutChangingPodTimeZone() STANDARD_OUT
    DEBUG: : PUMP storePodState: storing podState: {}
    DEBUG: : PUMP storePodState: storing podState: {}

AapsErosPodStateManagerTest > times() STARTED

AapsErosPodStateManagerTest > times() STANDARD_OUT
    DEBUG: : PUMP storePodState: storing podState: {}
    DEBUG: : PUMP storePodState: storing podState: {}

OmnipodErosPumpPluginTest > setTempBasalPercent should throw because pump does not support percent basal rate() STARTED

> Task :app:compileFullDebugJavaWithJavac
> Task :app:hiltSyncFullDebug

> Task :plugins:constraints:testFullDebugUnitTest

StorageConstraintPluginTest > isLoopInvocationAllowedTest() STARTED

> Task :app:processFullDebugJavaRes

> Task :plugins:source:testFullDebugUnitTest

IntelligoPluginTest > When glucose value is out of bounds (low) then skip it() STARTED

> Task :app:hiltAggregateDepsFullDebug

> Task :pump:omnipod:eros:testFullDebugUnitTest

AapsOmnipodErosManagerTest > validProfile() STARTED

AapsOmnipodErosManagerTest > invalidProfileNonZeroOffset() STARTED

AapsOmnipodErosManagerTest > roundsToSupportedPrecision() STARTED

AapsOmnipodErosManagerTest > invalidProfileMoreThan24Hours() STARTED

AapsOmnipodErosManagerTest > invalidProfileNegativeOffset() STARTED

AapsOmnipodErosManagerTest > invalidProfileZeroEntries() STARTED

CancelDeliveryCommandTest > testCancelBolusWithBeep() STARTED

CancelDeliveryCommandTest > testCancelTempBasalWithoutBeep() STARTED

CancelDeliveryCommandTest > testCancelBolusAndBasalWithBeep() STARTED

CancelDeliveryCommandTest > testSuspendBasalCommandWithoutBeep() STARTED

TempBasalExtraCommandTest > testTempBasalExtraCommandExtremeValues() STARTED

TempBasalExtraCommandTest > testBasalExtraCommandForOddPulseCountRate() STARTED

TempBasalExtraCommandTest > testBasalExtraCommandPulseCount() STARTED

TempBasalExtraCommandTest > testTempBasalExtraCommand() STARTED

TempBasalExtraCommandTest > testTempBasalExtraCommandZeroBasal() STARTED

PodInfoDataLogTest > testDecoding() STARTED

BasalScheduleTest > testNotEquals2() STARTED

BasalScheduleTest > testEquals() STARTED

BasalScheduleTest > testNotEquals() STARTED

BasalScheduleTest > testRateAt() STARTED

> Task :plugins:source:testFullDebugUnitTest FAILED

IntelligoPluginTest > When glucose value is out of bounds (low) then skip it() STANDARD_OUT
    DEBUG: : CORE Starting: null
    ERROR: BGSOURCE Error in received data value (value out of bounds) 1.9

IntelligoPluginTest > When new glucose and calibration data then insert it() STARTED

IntelligoPluginTest > When new glucose and calibration data then insert it() STANDARD_OUT
    DEBUG: : CORE Starting: null

IntelligoPluginTest > When data is in future then skip it() STARTED

IntelligoPluginTest > When data is in future then skip it() STANDARD_OUT
    DEBUG: : CORE Starting: null
    ERROR: BGSOURCE Error in received data date/time 1678886401000

IntelligoPluginTest > When content resolver throws SecurityException then log error() STARTED

IntelligoPluginTest > When content resolver throws SecurityException then log error() STANDARD_OUT
    DEBUG: : CORE Starting: null

IntelligoPluginTest > When content resolver query returns null then do nothing() STARTED

IntelligoPluginTest > When content resolver query returns null then do nothing() STANDARD_OUT
    DEBUG: : CORE Starting: null

IntelligoPluginTest > When plugin disabled then do nothing() STARTED

IntelligoPluginTest > When glucose value is out of bounds (high) then skip it() STARTED

IntelligoPluginTest > When glucose value is out of bounds (high) then skip it() STANDARD_OUT
    DEBUG: : CORE Starting: null
    ERROR: BGSOURCE Error in received data value (value out of bounds) 25.1

IntelligoPluginTest > When data is old then skip it() STARTED

IntelligoPluginTest > When data is old then skip it() STANDARD_OUT
    DEBUG: : CORE Starting: null

IntelligoPluginTest > startStopTest() STARTED

PatchedSiAppWorkerTest > When plugin enabled then insert data() STARTED

PatchedSiAppWorkerTest > When plugin enabled then insert data() STANDARD_OUT
    DEBUG: : BGSOURCE Received SI App Data [{"date":1656358762000,"sgv":150,"type":"sgv","direction":"FortyFiveDown"},{"type":"something"}]
    DEBUG: : BGSOURCE Unknown entries type: something
    DEBUG: : WORKER Worker result SUCCESS for class app.aaps.plugins.source.PatchedSiAppPlugin$PatchedSiAppWorker Data {}

PatchedSiAppWorkerTest > When collection is missing then return failure() STARTED

PatchedSiAppWorkerTest > When collection is missing then return failure() STANDARD_OUT
    DEBUG: : WORKER Worker result FAILURE for class app.aaps.plugins.source.PatchedSiAppPlugin$PatchedSiAppWorker Data {Error : missing collection}

PatchedSiAppWorkerTest > When no entries return failure() STARTED


PatchedSiAppWorkerTest > When no entries return failure() STANDARD_OUT
    DEBUG: : WORKER Worker result FAILURE for class app.aaps.plugins.source.PatchedSiAppPlugin$PatchedSiAppWorker Data {Error : missing input data}

PatchedSiAppWorkerTest > When plugin disabled then return success() STARTED

PatchedSiAppWorkerTest > When plugin disabled then return success() STANDARD_OUT
    DEBUG: : WORKER Worker result SUCCESS for class app.aaps.plugins.source.PatchedSiAppPlugin$PatchedSiAppWorker Data {Result : Plugin not enabled}

SyaiPluginTest > plugin is created() STARTED

134 tests completed, 1 failed
> Task :plugins:constraints:testFullDebugUnitTest

StorageConstraintPluginTest > isLoopInvocationAllowedTest() STANDARD_OUT
    DEBUG: : CONSTRAINTS Closed loop disabled. Internal storage free (Mb):150
    DEBUG: : CONSTRAINTS Setting value true -> false ()[MockedStorageConstraint]

ConstraintsCheckerImplTest > isLoopInvocationAllowedTest() STANDARD_OUT
    DEBUG: : CONSTRAINTS Setting value true -> false (Objective 1 not started)[Objectives]

ConstraintsCheckerImplTest > isAdvancedFilteringEnabledTest() STARTED

ConstraintsCheckerImplTest > isAdvancedFilteringEnabledTest() STANDARD_OUT
    DEBUG: : CONSTRAINTS Setting value true -> false (SMB always and after carbs disabled because active BG source doesn\'t support advanced filtering)[Safety]

ConstraintsCheckerImplTest > isSMBModeEnabledTest() STARTED

ConstraintsCheckerImplTest > isSMBModeEnabledTest() STANDARD_OUT
    DEBUG: : CORE Starting: null
    DEBUG: : APS Loaded 0 variable sensitivity values from database
    DEBUG: : CONSTRAINTS Setting value true -> false (Running dev version. Closed loop is disabled.)[Safety]
    DEBUG: : CONSTRAINTS Setting value false -> false (Objective 7 not started)[Objectives]
    DEBUG: : CONSTRAINTS Setting value true -> false (SMB not allowed in open loop mode)[Safety]
    DEBUG: : CONSTRAINTS Setting value false -> false (Objective 9 not started)[Objectives]
    DEBUG: : CONSTRAINTS Setting value false -> false (SMB disabled in preferences)[OpenAPSSMB]

ConstraintsCheckerImplTest > percentBasalRateShouldBeLimited() STARTED

ConstraintsCheckerImplTest > percentBasalRateShouldBeLimited() STANDARD_OUT
    DEBUG: : CORE Starting: null
    DEBUG: : CORE Starting: null
    DEBUG: : PUMP DanaRPump reset
    DEBUG: : CONSTRAINTS Setting because of smaller value 2.147483647E7 -> 2.0 (Limiting max basal rate to 2.00 U/h because of hard limit)[Safety]
    DEBUG: : CONSTRAINTS Setting value 2147483647 -> 200 (Limiting max percent rate to 200% because of pump limit)[Safety]
    DEBUG: : CONSTRAINTS Limiting original value: 2147483647 to 200. Reason: Safety: Limiting max percent rate to 200% because of pump limit

ConstraintsCheckerImplTest > isAutosensModeEnabledTest() STARTED

ConstraintsCheckerImplTest > isAutosensModeEnabledTest() STANDARD_OUT
    DEBUG: : CORE Starting: null
    DEBUG: : APS Loaded 0 variable sensitivity values from database
    DEBUG: : CONSTRAINTS Setting value true -> false (Objective 8 not started)[Objectives]
    DEBUG: : CONSTRAINTS Setting value false -> false (Autosens disabled in preferences)[OpenAPSSMB]

ConstraintsCheckerImplTest > bolusAmountShouldBeLimited() STARTED

ConstraintsCheckerImplTest > bolusAmountShouldBeLimited() STANDARD_OUT
    DEBUG: : CORE Starting: null
    DEBUG: : CORE Starting: null
    DEBUG: : PUMP DanaRPump reset
    DEBUG: : CONSTRAINTS Setting because of smaller value 1.7976931348623157E308 -> 3.0 (Limiting bolus to 3.0 U because of max value in preferences)[Safety]
    DEBUG: : CONSTRAINTS Limiting original value: 1.7976931348623157E308 to 3.0. Reason: Safety: Limiting bolus to 3.0 U because of max value in preferences

ConstraintsCheckerImplTest > basalRateShouldBeLimited() STARTED

ConstraintsCheckerImplTest > basalRateShouldBeLimited() STANDARD_OUT
    DEBUG: : CORE Starting: null
    DEBUG: : CORE Starting: null
    DEBUG: : PUMP DanaRPump reset
    DEBUG: : CONSTRAINTS Setting because of smaller value 1.7976931348623157E308 -> 2.0 (Limiting max basal rate to 2.00 U/h because of hard limit)[Safety]
    DEBUG: : CONSTRAINTS Setting because of smaller value 2.0 -> 0.8 (Limiting max basal rate to 0.80 U/h because of pump limit)[DanaR]
    DEBUG: : CONSTRAINTS Limiting original value: 1.7976931348623157E308 to 0.8. Reason: DanaR: Limiting max basal rate to 0.80 U/h because of pump limit

ConstraintsCheckerImplTest > iobSMBShouldBeLimited() STARTED

ConstraintsCheckerImplTest > iobSMBShouldBeLimited() STANDARD_OUT
    DEBUG: : CORE Starting: null
    DEBUG: : APS Loaded 0 variable sensitivity values from database
    DEBUG: : CONSTRAINTS Setting because of smaller value 1.7976931348623157E308 -> 3.0 (Limiting IOB to 3.0 U because of max value in preferences)[OpenAPSSMB]
    DEBUG: : CONSTRAINTS Limiting original value: 1.7976931348623157E308 to 3.0. Reason: OpenAPSSMB: Limiting IOB to 3.0 U because of max value in preferences

ConstraintsCheckerImplTest > isSuperBolusEnabledTest() STARTED

ConstraintsCheckerImplTest > isSuperBolusEnabledTest() STANDARD_OUT
    DEBUG: : CORE Starting: null
    DEBUG: : APS Loaded 0 variable sensitivity values from database
    DEBUG: : CONSTRAINTS Setting value false

ConstraintsCheckerImplTest > carbsAmountShouldBeLimited() STARTED

ConstraintsCheckerImplTest > carbsAmountShouldBeLimited() STANDARD_OUT
    DEBUG: : CONSTRAINTS Setting because of smaller value 400 -> 48 (Limiting carbs to 48 g because of max value in preferences)[Safety]
    DEBUG: : CONSTRAINTS Limiting original value: 400 to 48. Reason: Safety: Limiting carbs to 48 g because of max value in preferences

ConstraintsCheckerImplTest > isClosedLoopAllowedTest() STARTED

ConstraintsCheckerImplTest > isClosedLoopAllowedTest() STANDARD_OUT
    DEBUG: : CONSTRAINTS Setting value true -> false (Objective 7 not started)[Objectives]
    DEBUG: Reason list: [Objectives: Objective 7 not started]

ConstraintsCheckerImplTest > iobAMAShouldBeLimited() STARTED

ConstraintsCheckerImplTest > iobAMAShouldBeLimited() STANDARD_OUT
    DEBUG: : CORE Starting: null
    DEBUG: : CONSTRAINTS Setting because of smaller value 1.7976931348623157E308 -> 1.5 (Limiting IOB to 1.5 U because of max value in preferences)[OpenAPSAMA]
    DEBUG: : CONSTRAINTS Limiting original value: 1.7976931348623157E308 to 1.5. Reason: OpenAPSAMA: Limiting IOB to 1.5 U because of max value in preferences

SafetyPluginTest > bgSourceShouldPreventSMBAlways() STARTED

SafetyPluginTest > bgSourceShouldPreventSMBAlways() STANDARD_OUT
    DEBUG: : CONSTRAINTS Setting value true -> false (SMB always and after carbs disabled because active BG source doesn\'t support advanced filtering)[Safety]
    DEBUG: : CONSTRAINTS Limiting original value: true to false. Reason: Safety: SMB always and after carbs disabled because active BG source doesn\'t support advanced filtering

SafetyPluginTest > openLoopPreventsSMB() STARTED

SafetyPluginTest > openLoopPreventsSMB() STANDARD_OUT
    DEBUG: : CONSTRAINTS Setting value true -> false (SMB not allowed in open loop mode)[Safety]
    DEBUG: : CONSTRAINTS Limiting original value: true to false. Reason: Safety: SMB not allowed in open loop mode

SafetyPluginTest > iobShouldBeLimited() STARTED

SafetyPluginTest > iobShouldBeLimited() STANDARD_OUT
    DEBUG: : CORE Starting: null
    DEBUG: : CORE Starting: null
    DEBUG: : APS Loaded 0 variable sensitivity values from database
    DEBUG: : CONSTRAINTS Setting because of smaller value 1.7976931348623157E308 -> 1.5 (Limiting IOB to 1.5 U because of max value in preferences)[OpenAPSAMA]
    DEBUG: : CONSTRAINTS Limiting original value: 1.7976931348623157E308 to 1.5. Reason: OpenAPSAMA: Limiting IOB to 1.5 U because of max value in preferences
    OpenAPSAMA: Limiting IOB to 5.0 U because of hard limit
    DEBUG: : CONSTRAINTS Limiting original value: 1.7976931348623157E308 to 1.5. Reason: OpenAPSAMA: Limiting IOB to 1.5 U because of max value in preferences
    DEBUG: : CONSTRAINTS Setting because of smaller value 1.7976931348623157E308 -> 3.0 (Limiting IOB to 3.0 U because of max value in preferences)[OpenAPSSMB]
    DEBUG: : CONSTRAINTS Limiting original value: 1.7976931348623157E308 to 3.0. Reason: OpenAPSSMB: Limiting IOB to 3.0 U because of max value in preferences
    OpenAPSSMB: Limiting IOB to 13.0 U because of hard limit
    DEBUG: : CONSTRAINTS Limiting original value: 1.7976931348623157E308 to 3.0. Reason: OpenAPSSMB: Limiting IOB to 3.0 U because of max value in preferences

SafetyPluginTest > doNotAllowNegativeBasalRate() STARTED

SafetyPluginTest > doNotAllowNegativeBasalRate() STANDARD_OUT
    DEBUG: : CONSTRAINTS Setting because of greater value -0.5 -> 0.0 (Limiting max basal rate to 0.00 U/h because of it must be positive value)[Safety]
    DEBUG: : CONSTRAINTS Limiting original value: -0.5 to 0.0. Reason: Safety: Limiting max basal rate to 0.00 U/h because of it must be positive value

SafetyPluginTest > percentBasalRateShouldBeLimited() STARTED

SafetyPluginTest > percentBasalRateShouldBeLimited() STANDARD_OUT
    DEBUG: : CONSTRAINTS Setting because of smaller value 2.147483647E7 -> 2.0 (Limiting max basal rate to 2.00 U/h because of hard limit)[Safety]
    DEBUG: : CONSTRAINTS Setting value 2147483647 -> 200 (Limiting max percent rate to 200% because of pump limit)[Safety]
    DEBUG: : CONSTRAINTS Limiting original value: 2147483647 to 200. Reason: Safety: Percent rate 2147483647% recalculated to 21474836.47 U/h with current basal 1.00 U/h
    Safety: Limiting max basal rate to 2.00 U/h because of hard limit
    Safety: Limiting max percent rate to 200% because of pump limit
    Safety: Limiting max basal rate to 500.00 U/h because of pump limit
    DEBUG: : CONSTRAINTS Limiting original value: 2147483647 to 200. Reason: Safety: Limiting max percent rate to 200% because of pump limit

SafetyPluginTest > notEnabledSMBInPreferencesDisablesSMB() STARTED

SafetyPluginTest > notEnabledSMBInPreferencesDisablesSMB() STANDARD_OUT
    DEBUG: : CONSTRAINTS Setting value true -> false (SMB disabled in preferences)[OpenAPSSMB]
    DEBUG: : CONSTRAINTS Limiting original value: true to false. Reason: OpenAPSSMB: SMB disabled in preferences

SafetyPluginTest > percentBasalShouldBeLimitedBySMB() STARTED

SafetyPluginTest > percentBasalShouldBeLimitedBySMB() STANDARD_OUT
    DEBUG: : CORE Starting: null
    DEBUG: : APS Loaded 0 variable sensitivity values from database
    DEBUG: : CONSTRAINTS Setting because of smaller value 1.7976931348623157E308 -> 1.0 (Limiting max basal rate to 1.00 U/h because of max value in preferences)[OpenAPSSMB]
    DEBUG: : CONSTRAINTS Limiting original value: 1.7976931348623157E308 to 1.0. Reason: OpenAPSSMB: Limiting max basal rate to 1.00 U/h because of max value in preferences
    OpenAPSSMB: Limiting max basal rate to 4.00 U/h because of max basal multiplier
    OpenAPSSMB: Limiting max basal rate to 3.00 U/h because of max daily basal multiplier
    DEBUG: : CONSTRAINTS Limiting original value: 1.7976931348623157E308 to 1.0. Reason: OpenAPSSMB: Limiting max basal rate to 1.00 U/h because of max value in preferences

SafetyPluginTest > doNotAllowNegativeBolusAmount() STARTED

SafetyPluginTest > doNotAllowNegativeBolusAmount() STANDARD_OUT
    DEBUG: : CONSTRAINTS Setting because of greater value -22.0 -> 0.0 (Limiting bolus to 0.0 U because of it must be positive value)[Safety]
    DEBUG: : CONSTRAINTS Limiting original value: -22.0 to 0.0. Reason: Safety: Limiting bolus to 0.0 U because of it must be positive value
    DEBUG: : CONSTRAINTS Limiting original value: -22.0 to 0.0. Reason: Safety: Limiting bolus to 0.0 U because of it must be positive value

SafetyPluginTest > doNotAllowNegativePercentBasalRate() STARTED

SafetyPluginTest > doNotAllowNegativePercentBasalRate() STANDARD_OUT
    DEBUG: : CONSTRAINTS Setting because of greater value -0.22 -> 0.0 (Limiting max basal rate to 0.00 U/h because of it must be positive value)[Safety]
    DEBUG: : CONSTRAINTS Setting value -22 -> 0 (Limiting max percent rate to 0% because of pump limit)[Safety]
    DEBUG: : CONSTRAINTS Limiting original value: -22 to 0. Reason: Safety: Percent rate -22% recalculated to -0.22 U/h with current basal 1.00 U/h
    Safety: Limiting max basal rate to 0.00 U/h because of it must be positive value
    Safety: Limiting max percent rate to 0% because of pump limit
    DEBUG: : CONSTRAINTS Limiting original value: -22 to 0. Reason: Safety: Limiting max percent rate to 0% because of pump limit

SafetyPluginTest > pumpDescriptionShouldLimitLoopInvocation() STARTED

SafetyPluginTest > pumpDescriptionShouldLimitLoopInvocation() STANDARD_OUT
    DEBUG: : CONSTRAINTS Setting value true -> false (Pump is not temp basal capable)[Safety]
    DEBUG: : CONSTRAINTS Limiting original value: true to false. Reason: Safety: Pump is not temp basal capable

SafetyPluginTest > bolusAmountShouldBeLimited() STARTED

SafetyPluginTest > bolusAmountShouldBeLimited() STANDARD_OUT
    DEBUG: : CONSTRAINTS Setting because of smaller value 1.7976931348623157E308 -> 3.0 (Limiting bolus to 3.0 U because of max value in preferences)[Safety]
    DEBUG: : CONSTRAINTS Limiting original value: 1.7976931348623157E308 to 3.0. Reason: Safety: Limiting bolus to 3.0 U because of max value in preferences
    Safety: Limiting bolus to 5.0 U because of hard limit
    DEBUG: : CONSTRAINTS Limiting original value: 1.7976931348623157E308 to 3.0. Reason: Safety: Limiting bolus to 3.0 U because of max value in preferences

SafetyPluginTest > basalRateShouldBeLimited() STARTED

SafetyPluginTest > basalRateShouldBeLimited() STANDARD_OUT
    DEBUG: : CONSTRAINTS Setting because of smaller value 1.7976931348623157E308 -> 2.0 (Limiting max basal rate to 2.00 U/h because of hard limit)[Safety]
    DEBUG: : CONSTRAINTS Limiting original value: 1.7976931348623157E308 to 2.0. Reason: Safety: Limiting max basal rate to 2.00 U/h because of hard limit
    DEBUG: : CONSTRAINTS Limiting original value: 1.7976931348623157E308 to 2.0. Reason: Safety: Limiting max basal rate to 2.00 U/h because of hard limit

SafetyPluginTest > disabledEngineeringModeShouldLimitClosedLoop() STARTED

SafetyPluginTest > disabledEngineeringModeShouldLimitClosedLoop() STANDARD_OUT
    DEBUG: : CONSTRAINTS Setting value true -> false (Running dev version. Closed loop is disabled.)[Safety]
    DEBUG: : CONSTRAINTS Limiting original value: true to false. Reason: Safety: Running dev version. Closed loop is disabled.

SafetyPluginTest > carbsAmountShouldBeLimited() STARTED

SafetyPluginTest > carbsAmountShouldBeLimited() STANDARD_OUT
    DEBUG: : CONSTRAINTS Setting because of smaller value 2147483647 -> 48 (Limiting carbs to 48 g because of max value in preferences)[Safety]
    DEBUG: : CONSTRAINTS Limiting original value: 2147483647 to 48. Reason: Safety: Limiting carbs to 48 g because of max value in preferences

VersionCheckerPluginTest > applyMaxIOBConstraintsTest() STARTED

VersionCheckerPluginTest > applyMaxIOBConstraintsTest() STANDARD_OUT
    DEBUG: : CONSTRAINTS Setting value 1.7976931348623157E308 -> 0.0 ()[VersionChecker]

> Task :pump:omnipod:eros:testFullDebugUnitTest

BolusExtraCommandTest > testBolusExtraCommandWithExtraOddPulseCount() STARTED

BolusExtraCommandTest > testTypicalPrime() STARTED

BolusExtraCommandTest > testBolusExtraCommand() STARTED

BolusExtraCommandTest > testBolusExtraCommandWithExtraOddPulseCount2() STARTED

BolusExtraCommandTest > testLargeBolus() STARTED

BolusExtraCommandTest > testLargeBolus2() STARTED

SetupPodCommandTest > testEncoding() STARTED

PodInfoActiveAlertsTest > testChangePodAfter3Days() STARTED

PodInfoActiveAlertsTest > testNoActiveAlerts() STARTED

AlertSetTest > testEquality() STARTED

> Task :app:hiltJavaCompileFullDebug
> Task :app:bundleFullDebugClassesToCompileJar
> Task :app:kspFullDebugUnitTestKotlin
> Task :app:compileFullDebugUnitTestKotlin
> Task :app:processFullDebugUnitTestJavaRes
> Task :app:compileFullDebugUnitTestJavaWithJavac NO-SOURCE
> Task :app:transformFullDebugClassesWithAsm
> Task :app:hiltSyncFullDebugUnitTest
> Task :app:bundleFullDebugClassesToRuntimeJar
> Task :app:hiltAggregateDepsFullDebugUnitTest
> Task :app:hiltJavaCompileFullDebugUnitTest NO-SOURCE
> Task :app:transformFullDebugUnitTestClassesWithAsm

> Task :app:testFullDebugUnitTest

ChargingStateReceiverTest > grabChargingState calculates battery level correctly with different scale() STARTED

KeepAliveWorkerTest > checkAPS schedules device status upload if BG is missing() STARTED

AutoStartReceiverTest > processIntent calls startService when intent action is ACTION_BOOT_COMPLETED() STARTED

BTReceiverTest > processIntent sends CONNECT event on ACTION_ACL_CONNECTED when permission is granted() STARTED

DataReceiverTest > processIntent enqueues SmsCommunicatorWorker for SMS_RECEIVED_ACTION() STARTED

DataReceiverTest > processIntent enqueues SmsCommunicatorWorker for SMS_RECEIVED_ACTION() STANDARD_OUT
    DEBUG: : CORE onReceive android.provider.Telephony.SMS_RECEIVED Bundle{ }Bundle

DataReceiverTest > processIntent enqueues TomatoWorker for TOMATO_BG() STARTED

DataReceiverTest > processIntent enqueues TomatoWorker for TOMATO_BG() STANDARD_OUT
    DEBUG: : CORE onReceive com.fanqies.tomatofn.BgEstimate Bundle{ }Bundle

DataReceiverTest > processIntent enqueues MM640gWorker for NS_EMULATOR() STARTED

DataReceiverTest > processIntent enqueues MM640gWorker for NS_EMULATOR() STANDARD_OUT
    DEBUG: : CORE onReceive com.eveningoutpost.dexdrip.NS_EMULATOR Bundle{ }Bundle

DataReceiverTest > processIntent enqueues PatchedSiAppWorker for SI_APP() STARTED

DataReceiverTest > processIntent enqueues PatchedSiAppWorker for SI_APP() STANDARD_OUT
    DEBUG: : CORE onReceive cn.diyaps.sharing.SI_APP Bundle{ }Bundle

DataReceiverTest > processIntent enqueues PatchedSinoAppWorker for SINO_APP() STARTED

DataReceiverTest > processIntent enqueues PatchedSinoAppWorker for SINO_APP() STANDARD_OUT
    DEBUG: : CORE onReceive cn.diyaps.sharing.SINO_APP Bundle{ }Bundle

DataReceiverTest > processIntent enqueues SyaiWorker for SYAI_APP() STARTED

DataReceiverTest > processIntent enqueues SyaiWorker for SYAI_APP() STANDARD_OUT
    DEBUG: : CORE onReceive info.nightscout.androidaps.action.SYAI_TAG_APP Bundle{ }Bundle

DataReceiverTest > processIntent enqueues PoctechWorker for POCTECH_BG() STARTED

DataReceiverTest > processIntent enqueues PoctechWorker for POCTECH_BG() STANDARD_OUT
    DEBUG: : CORE onReceive com.china.poctech.data Bundle{ }Bundle

DataReceiverTest > processIntent does nothing for an unknown action() STARTED

DataReceiverTest > processIntent does nothing for an unknown action() STANDARD_OUT
    DEBUG: : CORE onReceive some.unknown.ACTION Bundle{ }Bundle

DataReceiverTest > processIntent enqueues GlimpWorker for GLIMP_BG() STARTED

DataReceiverTest > processIntent enqueues GlimpWorker for GLIMP_BG() STANDARD_OUT
    DEBUG: : CORE onReceive it.ct.glicemia.ACTION_GLUCOSE_MEASURED Bundle{ }Bundle

DataReceiverTest > processIntent enqueues XdripSourceWorker for ACTION_NEW_BG_ESTIMATE() STARTED

DataReceiverTest > processIntent enqueues XdripSourceWorker for ACTION_NEW_BG_ESTIMATE() STANDARD_OUT
    DEBUG: : CORE onReceive com.eveningoutpost.dexdrip.BgEstimate Bundle{ }Bundle

DataReceiverTest > processIntent enqueues DexcomWorker for DEXCOM_BG() STARTED

DataReceiverTest > processIntent enqueues DexcomWorker for DEXCOM_BG() STANDARD_OUT
    DEBUG: : CORE onReceive com.dexcom.cgm.EXTERNAL_BROADCAST Bundle{ }Bundle

DataReceiverTest > processIntent enqueues OttaiWorker for OTTAI_APP() STARTED

DataReceiverTest > processIntent enqueues OttaiWorker for OTTAI_APP() STANDARD_OUT
    DEBUG: : CORE onReceive info.nightscout.androidaps.action.OTTAI_APP Bundle{ }Bundle

DataReceiverTest > processIntent does nothing if intent has no bundle() STARTED

AutoStartReceiverTest > processIntent does NOT call startService for a different intent action() STARTED

AutoStartReceiverTest > processIntent does NOT call startService when intent action is null() STARTED

BTReceiverTest > processIntent does nothing for an irrelevant action() STARTED

BTReceiverTest > processIntent does nothing if device is missing from intent() STARTED

BTReceiverTest > processIntent sends DISCONNECT event on ACTION_ACL_DISCONNECTED when permission is granted() STARTED

BTReceiverTest > processIntent does nothing if permission is NOT granted() STARTED

ChargingStateReceiverTest > grabChargingState handles missing battery state and defaults to 0 percent and not charging() STARTED

ChargingStateReceiverTest > grabChargingState sends correct event when charging via AC() STARTED

ChargingStateReceiverTest > grabChargingState sends correct event when not charging (unplugged)() STARTED

ChargingStateReceiverTest > grabChargingState sends correct event when charging via Wireless() STARTED

ChargingStateReceiverTest > grabChargingState sends correct event when charging via USB() STARTED

KeepAliveWorkerTest > checkAPS schedules device status upload if BG is missing() STANDARD_OUT
    DEBUG: : CORE KeepAlive received from: KA_5 Thread count: 6
    DEBUG: : CORE WorkManager size is 0
    DEBUG: : CORE Cleanup result: null

KeepAliveWorkerTest > checkPump does nothing if mode is DISCONNECTED_PUMP() STARTED

KeepAliveWorkerTest > checkPump does nothing if mode is DISCONNECTED_PUMP() STANDARD_OUT
    DEBUG: : CORE KeepAlive received from: KA_5 Thread count: 6

KeepAliveWorkerTest > checkPump sends profile switch event if profile is mismatched() STARTED

KeepAliveWorkerTest > checkPump sends profile switch event if profile is mismatched() STANDARD_OUT
    DEBUG: : CORE Last connection: 

KeepAliveWorkerTest > databaseCleanup does NOT run if it was run less than a day ago() STARTED

KeepAliveWorkerTest > databaseCleanup does NOT run if it was run less than a day ago() STANDARD_OUT
    DEBUG: : CORE KeepAlive received from: KA_5 Thread count: 6

KeepAliveWorkerTest > checkPump requests status when connection is outdated() STARTED

KeepAliveWorkerTest > checkPump requests status when connection is outdated() STANDARD_OUT
    DEBUG: : CORE Last connection: 6/27/22 03:20 PM

FAILURE: Build completed with 10 failures.

1: Task failed with an exception.
-----------
* What went wrong:
Execution failed for task ':plugins:eversense:testFullDebugUnitTest'.
> There were failing tests. See the report at: file:///C:/Users/craig/StudioProjects/AndroidAPS/AndroidAPSApril26/plugins/eversense/build/reports/tests/testFullDebugUnitTest/index.html

* Try:
> Run with --scan to get full insights from a Build Scan (powered by Develocity).
==============================================================================

2: Task failed with an exception.
-----------
* What went wrong:
Execution failed for task ':plugins:main:testFullDebugUnitTest'.
> There were failing tests. See the report at: file:///C:/Users/craig/StudioProjects/AndroidAPS/AndroidAPSApril26/plugins/main/build/reports/tests/testFullDebugUnitTest/index.html

* Try:
> Run with --scan to get full insights from a Build Scan (powered by Develocity).
==============================================================================

3: Task failed with an exception.
-----------
* What went wrong:
Execution failed for task ':plugins:smoothing:testFullDebugUnitTest'.
> There were failing tests. See the report at: file:///C:/Users/craig/StudioProjects/AndroidAPS/AndroidAPSApril26/plugins/smoothing/build/reports/tests/testFullDebugUnitTest/index.html

* Try:
> Run with --scan to get full insights from a Build Scan (powered by Develocity).
==============================================================================

4: Task failed with an exception.
-----------
* What went wrong:
Execution failed for task ':implementation:testFullDebugUnitTest'.
> There were failing tests. See the report at: file:///C:/Users/craig/StudioProjects/AndroidAPS/AndroidAPSApril26/implementation/build/reports/tests/testFullDebugUnitTest/index.html

* Try:
> Run with --scan to get full insights from a Build Scan (powered by Develocity).
==============================================================================

5: Task failed with an exception.
-----------
* What went wrong:
Execution failed for task ':pump:equil:testFullDebugUnitTest'.
> There were failing tests. See the report at: file:///C:/Users/craig/StudioProjects/AndroidAPS/AndroidAPSApril26/pump/equil/build/reports/tests/testFullDebugUnitTest/index.html

* Try:
> Run with --scan to get full insights from a Build Scan (powered by Develocity).
==============================================================================

6: Task failed with an exception.
-----------
* What went wrong:
Execution failed for task ':pump:eopatch:testFullDebugUnitTest'.
> There were failing tests. See the report at: file:///C:/Users/craig/StudioProjects/AndroidAPS/AndroidAPSApril26/pump/eopatch/build/reports/tests/testFullDebugUnitTest/index.html

* Try:
> Run with --scan to get full insights from a Build Scan (powered by Develocity).
==============================================================================

7: Task failed with an exception.
-----------
* What went wrong:
Execution failed for task ':pump:omnipod:common:compileFullDebugUnitTestKotlin' (registered by plugin 'com.android.internal.library').
> A failure occurred while executing org.jetbrains.kotlin.compilerRunner.btapi.BuildToolsApiCompilationWork
   > Compilation error. See log for more details

* Try:
> Run with --stacktrace option to get the stack trace.
> Run with --info or --debug option to get more log output.
> Run with --scan to get full insights from a Build Scan (powered by Develocity).
> Get more help at https://help.gradle.org.
==============================================================================

8: Task failed with an exception.
-----------
* What went wrong:
Execution failed for task ':shared:impl:testFullDebugUnitTest'.
> There were failing tests. See the report at: file:///C:/Users/craig/StudioProjects/AndroidAPS/AndroidAPSApril26/shared/impl/build/reports/tests/testFullDebugUnitTest/index.html

* Try:
> Run with --scan to get full insights from a Build Scan (powered by Develocity).
==============================================================================

9: Task failed with an exception.
-----------
* What went wrong:
Execution failed for task ':pump:combov2:comboctl:testFullDebugUnitTest'.
> There were failing tests. See the report at: file:///C:/Users/craig/StudioProjects/AndroidAPS/AndroidAPSApril26/pump/combov2/comboctl/build/reports/tests/testFullDebugUnitTest/index.html

* Try:
> Run with --scan to get full insights from a Build Scan (powered by Develocity).
==============================================================================

10: Task failed with an exception.
-----------
* What went wrong:
Execution failed for task ':plugins:source:testFullDebugUnitTest'.
> There were failing tests. See the report at: file:///C:/Users/craig/StudioProjects/AndroidAPS/AndroidAPSApril26/plugins/source/build/reports/tests/testFullDebugUnitTest/index.html

* Try:
> Run with --scan to get full insights from a Build Scan (powered by Develocity).
==============================================================================

BUILD FAILED in 17m 31s
1536 actionable tasks: 1525 executed, 11 up-to-date
